[2026-04-24 06:17:59,004][__main__][INFO] - Found GPU with device_name NVIDIA A100-SXM4-80GB. Will run RFdiffusion on NVIDIA A100-SXM4-80GB
Reading models from /lambda/nfs/manvi/Team_8_CS598GBL/RFdiffusion/rfdiffusion/inference/../../models
[2026-04-24 06:17:59,009][rfdiffusion.inference.model_runners][INFO] - Reading checkpoint from /lambda/nfs/manvi/Team_8_CS598GBL/RFdiffusion/rfdiffusion/inference/../../models/Base_ckpt.pt
This is inf_conf.ckpt_path
/lambda/nfs/manvi/Team_8_CS598GBL/RFdiffusion/rfdiffusion/inference/../../models/Base_ckpt.pt
Assembling -model, -diffuser and -preprocess configs from checkpoint
USING MODEL CONFIG: self._conf[model][n_extra_block] = 4
USING MODEL CONFIG: self._conf[model][n_main_block] = 32
USING MODEL CONFIG: self._conf[model][n_ref_block] = 4
USING MODEL CONFIG: self._conf[model][d_msa] = 256
USING MODEL CONFIG: self._conf[model][d_msa_full] = 64
USING MODEL CONFIG: self._conf[model][d_pair] = 128
USING MODEL CONFIG: self._conf[model][d_templ] = 64
USING MODEL CONFIG: self._conf[model][n_head_msa] = 8
USING MODEL CONFIG: self._conf[model][n_head_pair] = 4
USING MODEL CONFIG: self._conf[model][n_head_templ] = 4
USING MODEL CONFIG: self._conf[model][d_hidden] = 32
USING MODEL CONFIG: self._conf[model][d_hidden_templ] = 32
USING MODEL CONFIG: self._conf[model][p_drop] = 0.15
USING MODEL CONFIG: self._conf[model][SE3_param_full] = {'num_layers': 1, 'num_channels': 32, 'num_degrees': 2, 'n_heads': 4, 'div': 4, 'l0_in_features': 8, 'l0_out_features': 8, 'l1_in_features': 3, 'l1_out_features': 2, 'num_edge_features': 32}
USING MODEL CONFIG: self._conf[model][SE3_param_topk] = {'num_layers': 1, 'num_channels': 32, 'num_degrees': 2, 'n_heads': 4, 'div': 4, 'l0_in_features': 64, 'l0_out_features': 64, 'l1_in_features': 3, 'l1_out_features': 2, 'num_edge_features': 64}
USING MODEL CONFIG: self._conf[model][freeze_track_motif] = False
USING MODEL CONFIG: self._conf[model][use_motif_timestep] = True
USING MODEL CONFIG: self._conf[diffuser][T] = 50
USING MODEL CONFIG: self._conf[diffuser][b_0] = 0.01
USING MODEL CONFIG: self._conf[diffuser][b_T] = 0.07
USING MODEL CONFIG: self._conf[diffuser][schedule_type] = linear
USING MODEL CONFIG: self._conf[diffuser][so3_type] = igso3
USING MODEL CONFIG: self._conf[diffuser][crd_scale] = 0.25
USING MODEL CONFIG: self._conf[diffuser][so3_schedule_type] = linear
USING MODEL CONFIG: self._conf[diffuser][min_b] = 1.5
USING MODEL CONFIG: self._conf[diffuser][max_b] = 2.5
USING MODEL CONFIG: self._conf[diffuser][min_sigma] = 0.02
USING MODEL CONFIG: self._conf[diffuser][max_sigma] = 1.5
USING MODEL CONFIG: self._conf[preprocess][sidechain_input] = False
USING MODEL CONFIG: self._conf[preprocess][motif_sidechain_input] = True
USING MODEL CONFIG: self._conf[preprocess][d_t1d] = 22
USING MODEL CONFIG: self._conf[preprocess][d_t2d] = 44
USING MODEL CONFIG: self._conf[preprocess][prob_self_cond] = 0.5
USING MODEL CONFIG: self._conf[preprocess][str_self_cond] = True
USING MODEL CONFIG: self._conf[preprocess][predict_previous] = False
[2026-04-24 06:18:36,389][rfdiffusion.inference.model_runners][INFO] - Loading checkpoint.
[2026-04-24 06:18:53,271][rfdiffusion.diffusion][INFO] - Using cached IGSO3.
Successful diffuser __init__
[2026-04-24 06:18:53,422][__main__][INFO] - Making design /lambda/nfs/manvi/Team_8_CS598GBL/outputs/custom90_128_motif_scaffolding/default/len_095/mid/scaffold_0
[2026-04-24 06:18:53,479][rfdiffusion.inference.model_runners][INFO] - Using contig: ['19-31/A33-61/19-31']
With this beta schedule (linear schedule, beta_0 = 0.04, beta_T = 0.28), alpha_bar_T = 0.00013696048699785024
[2026-04-24 06:18:54,182][rfdiffusion.inference.model_runners][INFO] - Sequence init: -------------------------------GGGGGGGGGGGGGGGGGGGGGGGGGGGGG-------------------------------
[2026-04-24 06:19:03,276][rfdiffusion.inference.utils][INFO] - Sampled motif RMSD: 0.27
[2026-04-24 06:19:03,521][rfdiffusion.inference.model_runners][INFO] - Timestep 50, input to next step: -------------------------------GGGGGGGGGGGGGGGGGGGGGGGGGGGGG-------------------------------
[2026-04-24 06:19:10,203][rfdiffusion.inference.utils][INFO] - Sampled motif RMSD: 0.25
[2026-04-24 06:19:10,496][rfdiffusion.inference.model_runners][INFO] - Timestep 49, input to next step: -------------------------------GGGGGGGGGGGGGGGGGGGGGGGGGGGGG-------------------------------
[2026-04-24 06:19:14,702][rfdiffusion.inference.utils][INFO] - Sampled motif RMSD: 0.25
[2026-04-24 06:19:15,225][rfdiffusion.inference.model_runners][INFO] - Timestep 48, input to next step: -------------------------------GGGGGGGGGGGGGGGGGGGGGGGGGGGGG-------------------------------
[2026-04-24 06:19:20,873][rfdiffusion.inference.utils][INFO] - Sampled motif RMSD: 0.24
[2026-04-24 06:19:21,216][rfdiffusion.inference.model_runners][INFO] - Timestep 47, input to next step: -------------------------------GGGGGGGGGGGGGGGGGGGGGGGGGGGGG-------------------------------
[2026-04-24 06:19:27,358][rfdiffusion.inference.utils][INFO] - Sampled motif RMSD: 0.24
[2026-04-24 06:19:27,841][rfdiffusion.inference.model_runners][INFO] - Timestep 46, input to next step: -------------------------------GGGGGGGGGGGGGGGGGGGGGGGGGGGGG-------------------------------
[2026-04-24 06:19:33,317][rfdiffusion.inference.utils][INFO] - Sampled motif RMSD: 0.23
[2026-04-24 06:19:33,439][rfdiffusion.inference.model_runners][INFO] - Timestep 45, input to next step: -------------------------------GGGGGGGGGGGGGGGGGGGGGGGGGGGGG-------------------------------
[2026-04-24 06:19:40,671][rfdiffusion.inference.utils][INFO] - Sampled motif RMSD: 0.22
[2026-04-24 06:19:40,938][rfdiffusion.inference.model_runners][INFO] - Timestep 44, input to next step: -------------------------------GGGGGGGGGGGGGGGGGGGGGGGGGGGGG-------------------------------
[2026-04-24 06:19:46,705][rfdiffusion.inference.utils][INFO] - Sampled motif RMSD: 0.23
[2026-04-24 06:19:46,966][rfdiffusion.inference.model_runners][INFO] - Timestep 43, input to next step: -------------------------------GGGGGGGGGGGGGGGGGGGGGGGGGGGGG-------------------------------
[2026-04-24 06:19:51,384][rfdiffusion.inference.utils][INFO] - Sampled motif RMSD: 0.22
[2026-04-24 06:19:51,623][rfdiffusion.inference.model_runners][INFO] - Timestep 42, input to next step: -------------------------------GGGGGGGGGGGGGGGGGGGGGGGGGGGGG-------------------------------
[2026-04-24 06:19:53,894][rfdiffusion.inference.utils][INFO] - Sampled motif RMSD: 0.23
[2026-04-24 06:19:54,392][rfdiffusion.inference.model_runners][INFO] - Timestep 41, input to next step: -------------------------------GGGGGGGGGGGGGGGGGGGGGGGGGGGGG-------------------------------
[2026-04-24 06:19:58,284][rfdiffusion.inference.utils][INFO] - Sampled motif RMSD: 0.22
[2026-04-24 06:19:58,654][rfdiffusion.inference.model_runners][INFO] - Timestep 40, input to next step: -------------------------------GGGGGGGGGGGGGGGGGGGGGGGGGGGGG-------------------------------
[2026-04-24 06:20:04,562][rfdiffusion.inference.utils][INFO] - Sampled motif RMSD: 0.21
[2026-04-24 06:20:04,804][rfdiffusion.inference.model_runners][INFO] - Timestep 39, input to next step: -------------------------------GGGGGGGGGGGGGGGGGGGGGGGGGGGGG-------------------------------
[2026-04-24 06:20:09,395][rfdiffusion.inference.utils][INFO] - Sampled motif RMSD: 0.21
[2026-04-24 06:20:09,643][rfdiffusion.inference.model_runners][INFO] - Timestep 38, input to next step: -------------------------------GGGGGGGGGGGGGGGGGGGGGGGGGGGGG-------------------------------
[2026-04-24 06:20:14,156][rfdiffusion.inference.utils][INFO] - Sampled motif RMSD: 0.21
[2026-04-24 06:20:14,586][rfdiffusion.inference.model_runners][INFO] - Timestep 37, input to next step: -------------------------------GGGGGGGGGGGGGGGGGGGGGGGGGGGGG-------------------------------
[2026-04-24 06:20:18,569][rfdiffusion.inference.utils][INFO] - Sampled motif RMSD: 0.20
[2026-04-24 06:20:19,212][rfdiffusion.inference.model_runners][INFO] - Timestep 36, input to next step: -------------------------------GGGGGGGGGGGGGGGGGGGGGGGGGGGGG-------------------------------
[2026-04-24 06:20:23,536][rfdiffusion.inference.utils][INFO] - Sampled motif RMSD: 0.22
[2026-04-24 06:20:24,034][rfdiffusion.inference.model_runners][INFO] - Timestep 35, input to next step: -------------------------------GGGGGGGGGGGGGGGGGGGGGGGGGGGGG-------------------------------
[2026-04-24 06:20:29,108][rfdiffusion.inference.utils][INFO] - Sampled motif RMSD: 0.20
[2026-04-24 06:20:29,545][rfdiffusion.inference.model_runners][INFO] - Timestep 34, input to next step: -------------------------------GGGGGGGGGGGGGGGGGGGGGGGGGGGGG-------------------------------
[2026-04-24 06:20:34,075][rfdiffusion.inference.utils][INFO] - Sampled motif RMSD: 0.20
[2026-04-24 06:20:34,368][rfdiffusion.inference.model_runners][INFO] - Timestep 33, input to next step: -------------------------------GGGGGGGGGGGGGGGGGGGGGGGGGGGGG-------------------------------
[2026-04-24 06:20:39,188][rfdiffusion.inference.utils][INFO] - Sampled motif RMSD: 0.20
[2026-04-24 06:20:39,563][rfdiffusion.inference.model_runners][INFO] - Timestep 32, input to next step: -------------------------------GGGGGGGGGGGGGGGGGGGGGGGGGGGGG-------------------------------
[2026-04-24 06:20:44,020][rfdiffusion.inference.utils][INFO] - Sampled motif RMSD: 0.19
[2026-04-24 06:20:44,544][rfdiffusion.inference.model_runners][INFO] - Timestep 31, input to next step: -------------------------------GGGGGGGGGGGGGGGGGGGGGGGGGGGGG-------------------------------
[2026-04-24 06:20:49,368][rfdiffusion.inference.utils][INFO] - Sampled motif RMSD: 0.19
[2026-04-24 06:20:49,894][rfdiffusion.inference.model_runners][INFO] - Timestep 30, input to next step: -------------------------------GGGGGGGGGGGGGGGGGGGGGGGGGGGGG-------------------------------
[2026-04-24 06:20:52,839][rfdiffusion.inference.utils][INFO] - Sampled motif RMSD: 0.20
[2026-04-24 06:20:53,233][rfdiffusion.inference.model_runners][INFO] - Timestep 29, input to next step: -------------------------------GGGGGGGGGGGGGGGGGGGGGGGGGGGGG-------------------------------
[2026-04-24 06:20:57,473][rfdiffusion.inference.utils][INFO] - Sampled motif RMSD: 0.20
[2026-04-24 06:20:57,637][rfdiffusion.inference.model_runners][INFO] - Timestep 28, input to next step: -------------------------------GGGGGGGGGGGGGGGGGGGGGGGGGGGGG-------------------------------
[2026-04-24 06:21:00,589][rfdiffusion.inference.utils][INFO] - Sampled motif RMSD: 0.20
[2026-04-24 06:21:01,133][rfdiffusion.inference.model_runners][INFO] - Timestep 27, input to next step: -------------------------------GGGGGGGGGGGGGGGGGGGGGGGGGGGGG-------------------------------
[2026-04-24 06:21:03,688][rfdiffusion.inference.utils][INFO] - Sampled motif RMSD: 0.21
[2026-04-24 06:21:04,355][rfdiffusion.inference.model_runners][INFO] - Timestep 26, input to next step: -------------------------------GGGGGGGGGGGGGGGGGGGGGGGGGGGGG-------------------------------
[2026-04-24 06:21:08,644][rfdiffusion.inference.utils][INFO] - Sampled motif RMSD: 0.23
[2026-04-24 06:21:09,049][rfdiffusion.inference.model_runners][INFO] - Timestep 25, input to next step: -------------------------------GGGGGGGGGGGGGGGGGGGGGGGGGGGGG-------------------------------
[2026-04-24 06:21:12,496][rfdiffusion.inference.utils][INFO] - Sampled motif RMSD: 0.23
[2026-04-24 06:21:12,793][rfdiffusion.inference.model_runners][INFO] - Timestep 24, input to next step: -------------------------------GGGGGGGGGGGGGGGGGGGGGGGGGGGGG-------------------------------
[2026-04-24 06:21:17,649][rfdiffusion.inference.utils][INFO] - Sampled motif RMSD: 0.22
[2026-04-24 06:21:18,161][rfdiffusion.inference.model_runners][INFO] - Timestep 23, input to next step: -------------------------------GGGGGGGGGGGGGGGGGGGGGGGGGGGGG-------------------------------
[2026-04-24 06:21:22,952][rfdiffusion.inference.utils][INFO] - Sampled motif RMSD: 0.22
[2026-04-24 06:21:23,326][rfdiffusion.inference.model_runners][INFO] - Timestep 22, input to next step: -------------------------------GGGGGGGGGGGGGGGGGGGGGGGGGGGGG-------------------------------
[2026-04-24 06:21:27,054][rfdiffusion.inference.utils][INFO] - Sampled motif RMSD: 0.21
[2026-04-24 06:21:27,462][rfdiffusion.inference.model_runners][INFO] - Timestep 21, input to next step: -------------------------------GGGGGGGGGGGGGGGGGGGGGGGGGGGGG-------------------------------
[2026-04-24 06:21:32,470][rfdiffusion.inference.utils][INFO] - Sampled motif RMSD: 0.22
[2026-04-24 06:21:32,652][rfdiffusion.inference.model_runners][INFO] - Timestep 20, input to next step: -------------------------------GGGGGGGGGGGGGGGGGGGGGGGGGGGGG-------------------------------
[2026-04-24 06:21:37,721][rfdiffusion.inference.utils][INFO] - Sampled motif RMSD: 0.22
[2026-04-24 06:21:37,861][rfdiffusion.inference.model_runners][INFO] - Timestep 19, input to next step: -------------------------------GGGGGGGGGGGGGGGGGGGGGGGGGGGGG-------------------------------
[2026-04-24 06:21:43,226][rfdiffusion.inference.utils][INFO] - Sampled motif RMSD: 0.21
[2026-04-24 06:21:43,447][rfdiffusion.inference.model_runners][INFO] - Timestep 18, input to next step: -------------------------------GGGGGGGGGGGGGGGGGGGGGGGGGGGGG-------------------------------
[2026-04-24 06:21:48,621][rfdiffusion.inference.utils][INFO] - Sampled motif RMSD: 0.20
[2026-04-24 06:21:48,938][rfdiffusion.inference.model_runners][INFO] - Timestep 17, input to next step: -------------------------------GGGGGGGGGGGGGGGGGGGGGGGGGGGGG-------------------------------
[2026-04-24 06:21:54,058][rfdiffusion.inference.utils][INFO] - Sampled motif RMSD: 0.22
[2026-04-24 06:21:54,336][rfdiffusion.inference.model_runners][INFO] - Timestep 16, input to next step: -------------------------------GGGGGGGGGGGGGGGGGGGGGGGGGGGGG-------------------------------
[2026-04-24 06:21:58,772][rfdiffusion.inference.utils][INFO] - Sampled motif RMSD: 0.22
[2026-04-24 06:21:59,022][rfdiffusion.inference.model_runners][INFO] - Timestep 15, input to next step: -------------------------------GGGGGGGGGGGGGGGGGGGGGGGGGGGGG-------------------------------
[2026-04-24 06:22:03,053][rfdiffusion.inference.utils][INFO] - Sampled motif RMSD: 0.22
[2026-04-24 06:22:03,245][rfdiffusion.inference.model_runners][INFO] - Timestep 14, input to next step: -------------------------------GGGGGGGGGGGGGGGGGGGGGGGGGGGGG-------------------------------
[2026-04-24 06:22:06,112][rfdiffusion.inference.utils][INFO] - Sampled motif RMSD: 0.22
[2026-04-24 06:22:06,283][rfdiffusion.inference.model_runners][INFO] - Timestep 13, input to next step: -------------------------------GGGGGGGGGGGGGGGGGGGGGGGGGGGGG-------------------------------
[2026-04-24 06:22:11,475][rfdiffusion.inference.utils][INFO] - Sampled motif RMSD: 0.23
[2026-04-24 06:22:11,817][rfdiffusion.inference.model_runners][INFO] - Timestep 12, input to next step: -------------------------------GGGGGGGGGGGGGGGGGGGGGGGGGGGGG-------------------------------
[2026-04-24 06:22:16,658][rfdiffusion.inference.utils][INFO] - Sampled motif RMSD: 0.24
[2026-04-24 06:22:16,942][rfdiffusion.inference.model_runners][INFO] - Timestep 11, input to next step: -------------------------------GGGGGGGGGGGGGGGGGGGGGGGGGGGGG-------------------------------
[2026-04-24 06:22:21,364][rfdiffusion.inference.utils][INFO] - Sampled motif RMSD: 0.25
[2026-04-24 06:22:21,882][rfdiffusion.inference.model_runners][INFO] - Timestep 10, input to next step: -------------------------------GGGGGGGGGGGGGGGGGGGGGGGGGGGGG-------------------------------
[2026-04-24 06:22:27,580][rfdiffusion.inference.utils][INFO] - Sampled motif RMSD: 0.25
[2026-04-24 06:22:27,706][rfdiffusion.inference.model_runners][INFO] - Timestep 9, input to next step: -------------------------------GGGGGGGGGGGGGGGGGGGGGGGGGGGGG-------------------------------
[2026-04-24 06:22:32,242][rfdiffusion.inference.utils][INFO] - Sampled motif RMSD: 0.25
[2026-04-24 06:22:32,425][rfdiffusion.inference.model_runners][INFO] - Timestep 8, input to next step: -------------------------------GGGGGGGGGGGGGGGGGGGGGGGGGGGGG-------------------------------
[2026-04-24 06:22:36,008][rfdiffusion.inference.utils][INFO] - Sampled motif RMSD: 0.24
[2026-04-24 06:22:36,266][rfdiffusion.inference.model_runners][INFO] - Timestep 7, input to next step: -------------------------------GGGGGGGGGGGGGGGGGGGGGGGGGGGGG-------------------------------
[2026-04-24 06:22:41,011][rfdiffusion.inference.utils][INFO] - Sampled motif RMSD: 0.25
[2026-04-24 06:22:41,359][rfdiffusion.inference.model_runners][INFO] - Timestep 6, input to next step: -------------------------------GGGGGGGGGGGGGGGGGGGGGGGGGGGGG-------------------------------
[2026-04-24 06:22:46,494][rfdiffusion.inference.utils][INFO] - Sampled motif RMSD: 0.24
[2026-04-24 06:22:46,703][rfdiffusion.inference.model_runners][INFO] - Timestep 5, input to next step: -------------------------------GGGGGGGGGGGGGGGGGGGGGGGGGGGGG-------------------------------
[2026-04-24 06:22:51,022][rfdiffusion.inference.utils][INFO] - Sampled motif RMSD: 0.23
[2026-04-24 06:22:51,281][rfdiffusion.inference.model_runners][INFO] - Timestep 4, input to next step: -------------------------------GGGGGGGGGGGGGGGGGGGGGGGGGGGGG-------------------------------
[2026-04-24 06:22:55,780][rfdiffusion.inference.utils][INFO] - Sampled motif RMSD: 0.23
[2026-04-24 06:22:56,276][rfdiffusion.inference.model_runners][INFO] - Timestep 3, input to next step: -------------------------------GGGGGGGGGGGGGGGGGGGGGGGGGGGGG-------------------------------
[2026-04-24 06:23:01,315][rfdiffusion.inference.utils][INFO] - Sampled motif RMSD: 0.22
[2026-04-24 06:23:01,454][rfdiffusion.inference.model_runners][INFO] - Timestep 2, input to next step: -------------------------------GGGGGGGGGGGGGGGGGGGGGGGGGGGGG-------------------------------
[2026-04-24 06:23:09,258][__main__][INFO] - Finished design in 4.26 minutes
[2026-04-24 06:23:09,259][__main__][INFO] - Making design /lambda/nfs/manvi/Team_8_CS598GBL/outputs/custom90_128_motif_scaffolding/default/len_095/mid/scaffold_1
[2026-04-24 06:23:09,270][rfdiffusion.inference.model_runners][INFO] - Using contig: ['19-31/A33-61/19-31']
With this beta schedule (linear schedule, beta_0 = 0.04, beta_T = 0.28), alpha_bar_T = 0.00013696048699785024
[2026-04-24 06:23:09,484][rfdiffusion.inference.model_runners][INFO] - Sequence init: ----------------------GGGGGGGGGGGGGGGGGGGGGGGGGGGGG-------------------------
[2026-04-24 06:23:13,662][rfdiffusion.inference.utils][INFO] - Sampled motif RMSD: 0.21
[2026-04-24 06:23:13,953][rfdiffusion.inference.model_runners][INFO] - Timestep 50, input to next step: ----------------------GGGGGGGGGGGGGGGGGGGGGGGGGGGGG-------------------------
[2026-04-24 06:23:19,130][rfdiffusion.inference.utils][INFO] - Sampled motif RMSD: 0.17
[2026-04-24 06:23:19,424][rfdiffusion.inference.model_runners][INFO] - Timestep 49, input to next step: ----------------------GGGGGGGGGGGGGGGGGGGGGGGGGGGGG-------------------------
[2026-04-24 06:23:23,635][rfdiffusion.inference.utils][INFO] - Sampled motif RMSD: 0.17
[2026-04-24 06:23:23,891][rfdiffusion.inference.model_runners][INFO] - Timestep 48, input to next step: ----------------------GGGGGGGGGGGGGGGGGGGGGGGGGGGGG-------------------------
[2026-04-24 06:23:28,193][rfdiffusion.inference.utils][INFO] - Sampled motif RMSD: 0.17
[2026-04-24 06:23:28,442][rfdiffusion.inference.model_runners][INFO] - Timestep 47, input to next step: ----------------------GGGGGGGGGGGGGGGGGGGGGGGGGGGGG-------------------------
[2026-04-24 06:23:32,473][rfdiffusion.inference.utils][INFO] - Sampled motif RMSD: 0.15
[2026-04-24 06:23:32,818][rfdiffusion.inference.model_runners][INFO] - Timestep 46, input to next step: ----------------------GGGGGGGGGGGGGGGGGGGGGGGGGGGGG-------------------------
[2026-04-24 06:23:37,552][rfdiffusion.inference.utils][INFO] - Sampled motif RMSD: 0.17
[2026-04-24 06:23:37,747][rfdiffusion.inference.model_runners][INFO] - Timestep 45, input to next step: ----------------------GGGGGGGGGGGGGGGGGGGGGGGGGGGGG-------------------------
[2026-04-24 06:23:42,412][rfdiffusion.inference.utils][INFO] - Sampled motif RMSD: 0.18
[2026-04-24 06:23:42,753][rfdiffusion.inference.model_runners][INFO] - Timestep 44, input to next step: ----------------------GGGGGGGGGGGGGGGGGGGGGGGGGGGGG-------------------------
[2026-04-24 06:23:47,386][rfdiffusion.inference.utils][INFO] - Sampled motif RMSD: 0.17
[2026-04-24 06:23:47,634][rfdiffusion.inference.model_runners][INFO] - Timestep 43, input to next step: ----------------------GGGGGGGGGGGGGGGGGGGGGGGGGGGGG-------------------------
[2026-04-24 06:23:51,952][rfdiffusion.inference.utils][INFO] - Sampled motif RMSD: 0.17
[2026-04-24 06:23:52,258][rfdiffusion.inference.model_runners][INFO] - Timestep 42, input to next step: ----------------------GGGGGGGGGGGGGGGGGGGGGGGGGGGGG-------------------------
[2026-04-24 06:23:57,112][rfdiffusion.inference.utils][INFO] - Sampled motif RMSD: 0.18
[2026-04-24 06:23:57,569][rfdiffusion.inference.model_runners][INFO] - Timestep 41, input to next step: ----------------------GGGGGGGGGGGGGGGGGGGGGGGGGGGGG-------------------------
[2026-04-24 06:24:02,650][rfdiffusion.inference.utils][INFO] - Sampled motif RMSD: 0.19
[2026-04-24 06:24:02,859][rfdiffusion.inference.model_runners][INFO] - Timestep 40, input to next step: ----------------------GGGGGGGGGGGGGGGGGGGGGGGGGGGGG-------------------------
[2026-04-24 06:24:06,946][rfdiffusion.inference.utils][INFO] - Sampled motif RMSD: 0.18
[2026-04-24 06:24:07,327][rfdiffusion.inference.model_runners][INFO] - Timestep 39, input to next step: ----------------------GGGGGGGGGGGGGGGGGGGGGGGGGGGGG-------------------------
[2026-04-24 06:24:11,898][rfdiffusion.inference.utils][INFO] - Sampled motif RMSD: 0.17
[2026-04-24 06:24:12,558][rfdiffusion.inference.model_runners][INFO] - Timestep 38, input to next step: ----------------------GGGGGGGGGGGGGGGGGGGGGGGGGGGGG-------------------------
[2026-04-24 06:24:19,526][rfdiffusion.inference.utils][INFO] - Sampled motif RMSD: 0.20
[2026-04-24 06:24:20,022][rfdiffusion.inference.model_runners][INFO] - Timestep 37, input to next step: ----------------------GGGGGGGGGGGGGGGGGGGGGGGGGGGGG-------------------------
[2026-04-24 06:24:25,752][rfdiffusion.inference.utils][INFO] - Sampled motif RMSD: 0.18
[2026-04-24 06:24:26,151][rfdiffusion.inference.model_runners][INFO] - Timestep 36, input to next step: ----------------------GGGGGGGGGGGGGGGGGGGGGGGGGGGGG-------------------------
[2026-04-24 06:24:31,198][rfdiffusion.inference.utils][INFO] - Sampled motif RMSD: 0.17
[2026-04-24 06:24:31,741][rfdiffusion.inference.model_runners][INFO] - Timestep 35, input to next step: ----------------------GGGGGGGGGGGGGGGGGGGGGGGGGGGGG-------------------------
[2026-04-24 06:24:36,943][rfdiffusion.inference.utils][INFO] - Sampled motif RMSD: 0.16
[2026-04-24 06:24:37,585][rfdiffusion.inference.model_runners][INFO] - Timestep 34, input to next step: ----------------------GGGGGGGGGGGGGGGGGGGGGGGGGGGGG-------------------------
[2026-04-24 06:24:43,005][rfdiffusion.inference.utils][INFO] - Sampled motif RMSD: 0.16
[2026-04-24 06:24:43,405][rfdiffusion.inference.model_runners][INFO] - Timestep 33, input to next step: ----------------------GGGGGGGGGGGGGGGGGGGGGGGGGGGGG-------------------------
[2026-04-24 06:24:50,034][rfdiffusion.inference.utils][INFO] - Sampled motif RMSD: 0.15
[2026-04-24 06:24:50,534][rfdiffusion.inference.model_runners][INFO] - Timestep 32, input to next step: ----------------------GGGGGGGGGGGGGGGGGGGGGGGGGGGGG-------------------------
[2026-04-24 06:24:56,583][rfdiffusion.inference.utils][INFO] - Sampled motif RMSD: 0.15
[2026-04-24 06:24:57,251][rfdiffusion.inference.model_runners][INFO] - Timestep 31, input to next step: ----------------------GGGGGGGGGGGGGGGGGGGGGGGGGGGGG-------------------------
[2026-04-24 06:25:00,814][rfdiffusion.inference.utils][INFO] - Sampled motif RMSD: 0.16
[2026-04-24 06:25:01,238][rfdiffusion.inference.model_runners][INFO] - Timestep 30, input to next step: ----------------------GGGGGGGGGGGGGGGGGGGGGGGGGGGGG-------------------------
[2026-04-24 06:25:06,619][rfdiffusion.inference.utils][INFO] - Sampled motif RMSD: 0.16
[2026-04-24 06:25:07,017][rfdiffusion.inference.model_runners][INFO] - Timestep 29, input to next step: ----------------------GGGGGGGGGGGGGGGGGGGGGGGGGGGGG-------------------------
[2026-04-24 06:25:13,906][rfdiffusion.inference.utils][INFO] - Sampled motif RMSD: 0.16
[2026-04-24 06:25:14,373][rfdiffusion.inference.model_runners][INFO] - Timestep 28, input to next step: ----------------------GGGGGGGGGGGGGGGGGGGGGGGGGGGGG-------------------------
[2026-04-24 06:25:20,051][rfdiffusion.inference.utils][INFO] - Sampled motif RMSD: 0.15
[2026-04-24 06:25:20,422][rfdiffusion.inference.model_runners][INFO] - Timestep 27, input to next step: ----------------------GGGGGGGGGGGGGGGGGGGGGGGGGGGGG-------------------------
[2026-04-24 06:25:25,968][rfdiffusion.inference.utils][INFO] - Sampled motif RMSD: 0.16
[2026-04-24 06:25:26,378][rfdiffusion.inference.model_runners][INFO] - Timestep 26, input to next step: ----------------------GGGGGGGGGGGGGGGGGGGGGGGGGGGGG-------------------------
[2026-04-24 06:25:32,371][rfdiffusion.inference.utils][INFO] - Sampled motif RMSD: 0.16
[2026-04-24 06:25:32,655][rfdiffusion.inference.model_runners][INFO] - Timestep 25, input to next step: ----------------------GGGGGGGGGGGGGGGGGGGGGGGGGGGGG-------------------------
[2026-04-24 06:25:38,103][rfdiffusion.inference.utils][INFO] - Sampled motif RMSD: 0.16
[2026-04-24 06:25:38,540][rfdiffusion.inference.model_runners][INFO] - Timestep 24, input to next step: ----------------------GGGGGGGGGGGGGGGGGGGGGGGGGGGGG-------------------------
[2026-04-24 06:25:44,473][rfdiffusion.inference.utils][INFO] - Sampled motif RMSD: 0.17
[2026-04-24 06:25:44,807][rfdiffusion.inference.model_runners][INFO] - Timestep 23, input to next step: ----------------------GGGGGGGGGGGGGGGGGGGGGGGGGGGGG-------------------------
[2026-04-24 06:25:49,693][rfdiffusion.inference.utils][INFO] - Sampled motif RMSD: 0.16
[2026-04-24 06:25:49,934][rfdiffusion.inference.model_runners][INFO] - Timestep 22, input to next step: ----------------------GGGGGGGGGGGGGGGGGGGGGGGGGGGGG-------------------------
[2026-04-24 06:25:55,113][rfdiffusion.inference.utils][INFO] - Sampled motif RMSD: 0.16
[2026-04-24 06:25:55,318][rfdiffusion.inference.model_runners][INFO] - Timestep 21, input to next step: ----------------------GGGGGGGGGGGGGGGGGGGGGGGGGGGGG-------------------------
[2026-04-24 06:26:00,961][rfdiffusion.inference.utils][INFO] - Sampled motif RMSD: 0.17
[2026-04-24 06:26:01,213][rfdiffusion.inference.model_runners][INFO] - Timestep 20, input to next step: ----------------------GGGGGGGGGGGGGGGGGGGGGGGGGGGGG-------------------------
[2026-04-24 06:26:06,230][rfdiffusion.inference.utils][INFO] - Sampled motif RMSD: 0.18
[2026-04-24 06:26:06,635][rfdiffusion.inference.model_runners][INFO] - Timestep 19, input to next step: ----------------------GGGGGGGGGGGGGGGGGGGGGGGGGGGGG-------------------------
[2026-04-24 06:26:11,132][rfdiffusion.inference.utils][INFO] - Sampled motif RMSD: 0.18
[2026-04-24 06:26:11,453][rfdiffusion.inference.model_runners][INFO] - Timestep 18, input to next step: ----------------------GGGGGGGGGGGGGGGGGGGGGGGGGGGGG-------------------------
[2026-04-24 06:26:15,597][rfdiffusion.inference.utils][INFO] - Sampled motif RMSD: 0.16
[2026-04-24 06:26:16,090][rfdiffusion.inference.model_runners][INFO] - Timestep 17, input to next step: ----------------------GGGGGGGGGGGGGGGGGGGGGGGGGGGGG-------------------------
[2026-04-24 06:26:20,903][rfdiffusion.inference.utils][INFO] - Sampled motif RMSD: 0.16
[2026-04-24 06:26:21,515][rfdiffusion.inference.model_runners][INFO] - Timestep 16, input to next step: ----------------------GGGGGGGGGGGGGGGGGGGGGGGGGGGGG-------------------------
[2026-04-24 06:26:26,442][rfdiffusion.inference.utils][INFO] - Sampled motif RMSD: 0.15
[2026-04-24 06:26:27,011][rfdiffusion.inference.model_runners][INFO] - Timestep 15, input to next step: ----------------------GGGGGGGGGGGGGGGGGGGGGGGGGGGGG-------------------------
[2026-04-24 06:26:30,589][rfdiffusion.inference.utils][INFO] - Sampled motif RMSD: 0.15
[2026-04-24 06:26:30,849][rfdiffusion.inference.model_runners][INFO] - Timestep 14, input to next step: ----------------------GGGGGGGGGGGGGGGGGGGGGGGGGGGGG-------------------------
[2026-04-24 06:26:34,794][rfdiffusion.inference.utils][INFO] - Sampled motif RMSD: 0.14
[2026-04-24 06:26:35,214][rfdiffusion.inference.model_runners][INFO] - Timestep 13, input to next step: ----------------------GGGGGGGGGGGGGGGGGGGGGGGGGGGGG-------------------------
[2026-04-24 06:26:39,134][rfdiffusion.inference.utils][INFO] - Sampled motif RMSD: 0.14
[2026-04-24 06:26:39,557][rfdiffusion.inference.model_runners][INFO] - Timestep 12, input to next step: ----------------------GGGGGGGGGGGGGGGGGGGGGGGGGGGGG-------------------------
[2026-04-24 06:26:43,064][rfdiffusion.inference.utils][INFO] - Sampled motif RMSD: 0.13
[2026-04-24 06:26:43,391][rfdiffusion.inference.model_runners][INFO] - Timestep 11, input to next step: ----------------------GGGGGGGGGGGGGGGGGGGGGGGGGGGGG-------------------------
[2026-04-24 06:26:46,455][rfdiffusion.inference.utils][INFO] - Sampled motif RMSD: 0.14
[2026-04-24 06:26:46,769][rfdiffusion.inference.model_runners][INFO] - Timestep 10, input to next step: ----------------------GGGGGGGGGGGGGGGGGGGGGGGGGGGGG-------------------------
[2026-04-24 06:26:50,315][rfdiffusion.inference.utils][INFO] - Sampled motif RMSD: 0.13
[2026-04-24 06:26:50,616][rfdiffusion.inference.model_runners][INFO] - Timestep 9, input to next step: ----------------------GGGGGGGGGGGGGGGGGGGGGGGGGGGGG-------------------------
[2026-04-24 06:26:53,927][rfdiffusion.inference.utils][INFO] - Sampled motif RMSD: 0.13
[2026-04-24 06:26:54,349][rfdiffusion.inference.model_runners][INFO] - Timestep 8, input to next step: ----------------------GGGGGGGGGGGGGGGGGGGGGGGGGGGGG-------------------------
[2026-04-24 06:26:57,898][rfdiffusion.inference.utils][INFO] - Sampled motif RMSD: 0.13
[2026-04-24 06:26:58,239][rfdiffusion.inference.model_runners][INFO] - Timestep 7, input to next step: ----------------------GGGGGGGGGGGGGGGGGGGGGGGGGGGGG-------------------------
[2026-04-24 06:27:00,933][rfdiffusion.inference.utils][INFO] - Sampled motif RMSD: 0.14
[2026-04-24 06:27:01,347][rfdiffusion.inference.model_runners][INFO] - Timestep 6, input to next step: ----------------------GGGGGGGGGGGGGGGGGGGGGGGGGGGGG-------------------------
[2026-04-24 06:27:04,004][rfdiffusion.inference.utils][INFO] - Sampled motif RMSD: 0.15
[2026-04-24 06:27:04,246][rfdiffusion.inference.model_runners][INFO] - Timestep 5, input to next step: ----------------------GGGGGGGGGGGGGGGGGGGGGGGGGGGGG-------------------------
[2026-04-24 06:27:08,276][rfdiffusion.inference.utils][INFO] - Sampled motif RMSD: 0.15
[2026-04-24 06:27:08,654][rfdiffusion.inference.model_runners][INFO] - Timestep 4, input to next step: ----------------------GGGGGGGGGGGGGGGGGGGGGGGGGGGGG-------------------------
[2026-04-24 06:27:12,317][rfdiffusion.inference.utils][INFO] - Sampled motif RMSD: 0.14
[2026-04-24 06:27:12,652][rfdiffusion.inference.model_runners][INFO] - Timestep 3, input to next step: ----------------------GGGGGGGGGGGGGGGGGGGGGGGGGGGGG-------------------------
[2026-04-24 06:27:17,010][rfdiffusion.inference.utils][INFO] - Sampled motif RMSD: 0.15
[2026-04-24 06:27:17,413][rfdiffusion.inference.model_runners][INFO] - Timestep 2, input to next step: ----------------------GGGGGGGGGGGGGGGGGGGGGGGGGGGGG-------------------------
[2026-04-24 06:27:26,906][__main__][INFO] - Finished design in 4.29 minutes
