[2026-04-24 09:18:45,425][__main__][INFO] - Found GPU with device_name NVIDIA A100-SXM4-80GB. Will run RFdiffusion on NVIDIA A100-SXM4-80GB
Reading models from /lambda/nfs/manvi/Team_8_CS598GBL/RFdiffusion/rfdiffusion/inference/../../models
[2026-04-24 09:18:45,433][rfdiffusion.inference.model_runners][INFO] - Reading checkpoint from /lambda/nfs/manvi/Team_8_CS598GBL/RFdiffusion/rfdiffusion/inference/../../models/Base_ckpt.pt
This is inf_conf.ckpt_path
/lambda/nfs/manvi/Team_8_CS598GBL/RFdiffusion/rfdiffusion/inference/../../models/Base_ckpt.pt
Assembling -model, -diffuser and -preprocess configs from checkpoint
USING MODEL CONFIG: self._conf[model][n_extra_block] = 4
USING MODEL CONFIG: self._conf[model][n_main_block] = 32
USING MODEL CONFIG: self._conf[model][n_ref_block] = 4
USING MODEL CONFIG: self._conf[model][d_msa] = 256
USING MODEL CONFIG: self._conf[model][d_msa_full] = 64
USING MODEL CONFIG: self._conf[model][d_pair] = 128
USING MODEL CONFIG: self._conf[model][d_templ] = 64
USING MODEL CONFIG: self._conf[model][n_head_msa] = 8
USING MODEL CONFIG: self._conf[model][n_head_pair] = 4
USING MODEL CONFIG: self._conf[model][n_head_templ] = 4
USING MODEL CONFIG: self._conf[model][d_hidden] = 32
USING MODEL CONFIG: self._conf[model][d_hidden_templ] = 32
USING MODEL CONFIG: self._conf[model][p_drop] = 0.15
USING MODEL CONFIG: self._conf[model][SE3_param_full] = {'num_layers': 1, 'num_channels': 32, 'num_degrees': 2, 'n_heads': 4, 'div': 4, 'l0_in_features': 8, 'l0_out_features': 8, 'l1_in_features': 3, 'l1_out_features': 2, 'num_edge_features': 32}
USING MODEL CONFIG: self._conf[model][SE3_param_topk] = {'num_layers': 1, 'num_channels': 32, 'num_degrees': 2, 'n_heads': 4, 'div': 4, 'l0_in_features': 64, 'l0_out_features': 64, 'l1_in_features': 3, 'l1_out_features': 2, 'num_edge_features': 64}
USING MODEL CONFIG: self._conf[model][freeze_track_motif] = False
USING MODEL CONFIG: self._conf[model][use_motif_timestep] = True
USING MODEL CONFIG: self._conf[diffuser][T] = 50
USING MODEL CONFIG: self._conf[diffuser][b_0] = 0.01
USING MODEL CONFIG: self._conf[diffuser][b_T] = 0.07
USING MODEL CONFIG: self._conf[diffuser][schedule_type] = linear
USING MODEL CONFIG: self._conf[diffuser][so3_type] = igso3
USING MODEL CONFIG: self._conf[diffuser][crd_scale] = 0.25
USING MODEL CONFIG: self._conf[diffuser][so3_schedule_type] = linear
USING MODEL CONFIG: self._conf[diffuser][min_b] = 1.5
USING MODEL CONFIG: self._conf[diffuser][max_b] = 2.5
USING MODEL CONFIG: self._conf[diffuser][min_sigma] = 0.02
USING MODEL CONFIG: self._conf[diffuser][max_sigma] = 1.5
USING MODEL CONFIG: self._conf[preprocess][sidechain_input] = False
USING MODEL CONFIG: self._conf[preprocess][motif_sidechain_input] = True
USING MODEL CONFIG: self._conf[preprocess][d_t1d] = 22
USING MODEL CONFIG: self._conf[preprocess][d_t2d] = 44
USING MODEL CONFIG: self._conf[preprocess][prob_self_cond] = 0.5
USING MODEL CONFIG: self._conf[preprocess][str_self_cond] = True
USING MODEL CONFIG: self._conf[preprocess][predict_previous] = False
[2026-04-24 09:19:49,260][rfdiffusion.inference.model_runners][INFO] - Loading checkpoint.
[2026-04-24 09:20:05,659][rfdiffusion.diffusion][INFO] - Using cached IGSO3.
Successful diffuser __init__
[2026-04-24 09:20:05,711][__main__][INFO] - Making design /lambda/nfs/manvi/Team_8_CS598GBL/outputs/custom90_128_motif_scaffolding/fast_T20/len_124/short/scaffold_0
[2026-04-24 09:20:05,722][rfdiffusion.inference.model_runners][INFO] - Using contig: ['24-41/A54-69/24-41']
With this beta schedule (linear schedule, beta_0 = 0.04, beta_T = 0.28), alpha_bar_T = 0.00013696048699785024
[2026-04-24 09:20:06,155][rfdiffusion.inference.model_runners][INFO] - Sequence init: -------------------------------GGGGGGGGGGGGGGGG--------------------------
[2026-04-24 09:20:14,514][rfdiffusion.inference.utils][INFO] - Sampled motif RMSD: 0.18
[2026-04-24 09:20:14,674][rfdiffusion.inference.model_runners][INFO] - Timestep 50, input to next step: -------------------------------GGGGGGGGGGGGGGGG--------------------------
[2026-04-24 09:20:18,771][rfdiffusion.inference.utils][INFO] - Sampled motif RMSD: 0.14
[2026-04-24 09:20:18,993][rfdiffusion.inference.model_runners][INFO] - Timestep 49, input to next step: -------------------------------GGGGGGGGGGGGGGGG--------------------------
[2026-04-24 09:20:23,916][rfdiffusion.inference.utils][INFO] - Sampled motif RMSD: 0.15
[2026-04-24 09:20:24,060][rfdiffusion.inference.model_runners][INFO] - Timestep 48, input to next step: -------------------------------GGGGGGGGGGGGGGGG--------------------------
[2026-04-24 09:20:29,353][rfdiffusion.inference.utils][INFO] - Sampled motif RMSD: 0.15
[2026-04-24 09:20:29,836][rfdiffusion.inference.model_runners][INFO] - Timestep 47, input to next step: -------------------------------GGGGGGGGGGGGGGGG--------------------------
[2026-04-24 09:20:34,731][rfdiffusion.inference.utils][INFO] - Sampled motif RMSD: 0.15
[2026-04-24 09:20:34,878][rfdiffusion.inference.model_runners][INFO] - Timestep 46, input to next step: -------------------------------GGGGGGGGGGGGGGGG--------------------------
[2026-04-24 09:20:39,915][rfdiffusion.inference.utils][INFO] - Sampled motif RMSD: 0.14
[2026-04-24 09:20:40,320][rfdiffusion.inference.model_runners][INFO] - Timestep 45, input to next step: -------------------------------GGGGGGGGGGGGGGGG--------------------------
[2026-04-24 09:20:45,839][rfdiffusion.inference.utils][INFO] - Sampled motif RMSD: 0.15
[2026-04-24 09:20:46,090][rfdiffusion.inference.model_runners][INFO] - Timestep 44, input to next step: -------------------------------GGGGGGGGGGGGGGGG--------------------------
[2026-04-24 09:20:51,293][rfdiffusion.inference.utils][INFO] - Sampled motif RMSD: 0.17
[2026-04-24 09:20:51,496][rfdiffusion.inference.model_runners][INFO] - Timestep 43, input to next step: -------------------------------GGGGGGGGGGGGGGGG--------------------------
[2026-04-24 09:20:56,523][rfdiffusion.inference.utils][INFO] - Sampled motif RMSD: 0.20
[2026-04-24 09:20:56,765][rfdiffusion.inference.model_runners][INFO] - Timestep 42, input to next step: -------------------------------GGGGGGGGGGGGGGGG--------------------------
[2026-04-24 09:21:01,320][rfdiffusion.inference.utils][INFO] - Sampled motif RMSD: 0.20
[2026-04-24 09:21:01,563][rfdiffusion.inference.model_runners][INFO] - Timestep 41, input to next step: -------------------------------GGGGGGGGGGGGGGGG--------------------------
[2026-04-24 09:21:05,314][rfdiffusion.inference.utils][INFO] - Sampled motif RMSD: 0.19
[2026-04-24 09:21:05,486][rfdiffusion.inference.model_runners][INFO] - Timestep 40, input to next step: -------------------------------GGGGGGGGGGGGGGGG--------------------------
[2026-04-24 09:21:10,499][rfdiffusion.inference.utils][INFO] - Sampled motif RMSD: 0.17
[2026-04-24 09:21:10,912][rfdiffusion.inference.model_runners][INFO] - Timestep 39, input to next step: -------------------------------GGGGGGGGGGGGGGGG--------------------------
[2026-04-24 09:21:15,346][rfdiffusion.inference.utils][INFO] - Sampled motif RMSD: 0.19
[2026-04-24 09:21:15,543][rfdiffusion.inference.model_runners][INFO] - Timestep 38, input to next step: -------------------------------GGGGGGGGGGGGGGGG--------------------------
[2026-04-24 09:21:20,253][rfdiffusion.inference.utils][INFO] - Sampled motif RMSD: 0.19
[2026-04-24 09:21:20,732][rfdiffusion.inference.model_runners][INFO] - Timestep 37, input to next step: -------------------------------GGGGGGGGGGGGGGGG--------------------------
[2026-04-24 09:21:23,294][rfdiffusion.inference.utils][INFO] - Sampled motif RMSD: 0.20
[2026-04-24 09:21:23,494][rfdiffusion.inference.model_runners][INFO] - Timestep 36, input to next step: -------------------------------GGGGGGGGGGGGGGGG--------------------------
[2026-04-24 09:21:26,648][rfdiffusion.inference.utils][INFO] - Sampled motif RMSD: 0.17
[2026-04-24 09:21:26,766][rfdiffusion.inference.model_runners][INFO] - Timestep 35, input to next step: -------------------------------GGGGGGGGGGGGGGGG--------------------------
[2026-04-24 09:21:30,606][rfdiffusion.inference.utils][INFO] - Sampled motif RMSD: 0.16
[2026-04-24 09:21:30,973][rfdiffusion.inference.model_runners][INFO] - Timestep 34, input to next step: -------------------------------GGGGGGGGGGGGGGGG--------------------------
[2026-04-24 09:21:34,437][rfdiffusion.inference.utils][INFO] - Sampled motif RMSD: 0.16
[2026-04-24 09:21:34,806][rfdiffusion.inference.model_runners][INFO] - Timestep 33, input to next step: -------------------------------GGGGGGGGGGGGGGGG--------------------------
[2026-04-24 09:21:38,378][rfdiffusion.inference.utils][INFO] - Sampled motif RMSD: 0.16
[2026-04-24 09:21:38,542][rfdiffusion.inference.model_runners][INFO] - Timestep 32, input to next step: -------------------------------GGGGGGGGGGGGGGGG--------------------------
[2026-04-24 09:21:42,160][rfdiffusion.inference.utils][INFO] - Sampled motif RMSD: 0.17
[2026-04-24 09:21:42,392][rfdiffusion.inference.model_runners][INFO] - Timestep 31, input to next step: -------------------------------GGGGGGGGGGGGGGGG--------------------------
[2026-04-24 09:21:46,297][rfdiffusion.inference.utils][INFO] - Sampled motif RMSD: 0.15
[2026-04-24 09:21:46,491][rfdiffusion.inference.model_runners][INFO] - Timestep 30, input to next step: -------------------------------GGGGGGGGGGGGGGGG--------------------------
[2026-04-24 09:21:49,505][rfdiffusion.inference.utils][INFO] - Sampled motif RMSD: 0.13
[2026-04-24 09:21:49,702][rfdiffusion.inference.model_runners][INFO] - Timestep 29, input to next step: -------------------------------GGGGGGGGGGGGGGGG--------------------------
[2026-04-24 09:21:52,821][rfdiffusion.inference.utils][INFO] - Sampled motif RMSD: 0.12
[2026-04-24 09:21:53,063][rfdiffusion.inference.model_runners][INFO] - Timestep 28, input to next step: -------------------------------GGGGGGGGGGGGGGGG--------------------------
[2026-04-24 09:21:55,940][rfdiffusion.inference.utils][INFO] - Sampled motif RMSD: 0.12
[2026-04-24 09:21:56,283][rfdiffusion.inference.model_runners][INFO] - Timestep 27, input to next step: -------------------------------GGGGGGGGGGGGGGGG--------------------------
[2026-04-24 09:21:59,012][rfdiffusion.inference.utils][INFO] - Sampled motif RMSD: 0.11
[2026-04-24 09:21:59,321][rfdiffusion.inference.model_runners][INFO] - Timestep 26, input to next step: -------------------------------GGGGGGGGGGGGGGGG--------------------------
[2026-04-24 09:22:02,206][rfdiffusion.inference.utils][INFO] - Sampled motif RMSD: 0.11
[2026-04-24 09:22:02,583][rfdiffusion.inference.model_runners][INFO] - Timestep 25, input to next step: -------------------------------GGGGGGGGGGGGGGGG--------------------------
[2026-04-24 09:22:05,553][rfdiffusion.inference.utils][INFO] - Sampled motif RMSD: 0.11
[2026-04-24 09:22:05,694][rfdiffusion.inference.model_runners][INFO] - Timestep 24, input to next step: -------------------------------GGGGGGGGGGGGGGGG--------------------------
[2026-04-24 09:22:08,422][rfdiffusion.inference.utils][INFO] - Sampled motif RMSD: 0.10
[2026-04-24 09:22:08,483][rfdiffusion.inference.model_runners][INFO] - Timestep 23, input to next step: -------------------------------GGGGGGGGGGGGGGGG--------------------------
[2026-04-24 09:22:11,336][rfdiffusion.inference.utils][INFO] - Sampled motif RMSD: 0.10
[2026-04-24 09:22:11,603][rfdiffusion.inference.model_runners][INFO] - Timestep 22, input to next step: -------------------------------GGGGGGGGGGGGGGGG--------------------------
[2026-04-24 09:22:13,686][rfdiffusion.inference.utils][INFO] - Sampled motif RMSD: 0.11
[2026-04-24 09:22:13,880][rfdiffusion.inference.model_runners][INFO] - Timestep 21, input to next step: -------------------------------GGGGGGGGGGGGGGGG--------------------------
[2026-04-24 09:22:16,484][rfdiffusion.inference.utils][INFO] - Sampled motif RMSD: 0.12
[2026-04-24 09:22:16,716][rfdiffusion.inference.model_runners][INFO] - Timestep 20, input to next step: -------------------------------GGGGGGGGGGGGGGGG--------------------------
[2026-04-24 09:22:20,236][rfdiffusion.inference.utils][INFO] - Sampled motif RMSD: 0.10
[2026-04-24 09:22:20,550][rfdiffusion.inference.model_runners][INFO] - Timestep 19, input to next step: -------------------------------GGGGGGGGGGGGGGGG--------------------------
[2026-04-24 09:22:23,460][rfdiffusion.inference.utils][INFO] - Sampled motif RMSD: 0.10
[2026-04-24 09:22:23,695][rfdiffusion.inference.model_runners][INFO] - Timestep 18, input to next step: -------------------------------GGGGGGGGGGGGGGGG--------------------------
[2026-04-24 09:22:27,135][rfdiffusion.inference.utils][INFO] - Sampled motif RMSD: 0.10
[2026-04-24 09:22:27,322][rfdiffusion.inference.model_runners][INFO] - Timestep 17, input to next step: -------------------------------GGGGGGGGGGGGGGGG--------------------------
[2026-04-24 09:22:31,045][rfdiffusion.inference.utils][INFO] - Sampled motif RMSD: 0.10
[2026-04-24 09:22:31,294][rfdiffusion.inference.model_runners][INFO] - Timestep 16, input to next step: -------------------------------GGGGGGGGGGGGGGGG--------------------------
[2026-04-24 09:22:34,186][rfdiffusion.inference.utils][INFO] - Sampled motif RMSD: 0.10
[2026-04-24 09:22:34,435][rfdiffusion.inference.model_runners][INFO] - Timestep 15, input to next step: -------------------------------GGGGGGGGGGGGGGGG--------------------------
[2026-04-24 09:22:38,126][rfdiffusion.inference.utils][INFO] - Sampled motif RMSD: 0.11
[2026-04-24 09:22:38,497][rfdiffusion.inference.model_runners][INFO] - Timestep 14, input to next step: -------------------------------GGGGGGGGGGGGGGGG--------------------------
[2026-04-24 09:22:41,723][rfdiffusion.inference.utils][INFO] - Sampled motif RMSD: 0.11
[2026-04-24 09:22:42,047][rfdiffusion.inference.model_runners][INFO] - Timestep 13, input to next step: -------------------------------GGGGGGGGGGGGGGGG--------------------------
[2026-04-24 09:22:46,017][rfdiffusion.inference.utils][INFO] - Sampled motif RMSD: 0.11
[2026-04-24 09:22:46,340][rfdiffusion.inference.model_runners][INFO] - Timestep 12, input to next step: -------------------------------GGGGGGGGGGGGGGGG--------------------------
[2026-04-24 09:22:50,692][rfdiffusion.inference.utils][INFO] - Sampled motif RMSD: 0.11
[2026-04-24 09:22:50,866][rfdiffusion.inference.model_runners][INFO] - Timestep 11, input to next step: -------------------------------GGGGGGGGGGGGGGGG--------------------------
[2026-04-24 09:22:54,570][rfdiffusion.inference.utils][INFO] - Sampled motif RMSD: 0.12
[2026-04-24 09:22:54,895][rfdiffusion.inference.model_runners][INFO] - Timestep 10, input to next step: -------------------------------GGGGGGGGGGGGGGGG--------------------------
[2026-04-24 09:22:59,648][rfdiffusion.inference.utils][INFO] - Sampled motif RMSD: 0.12
[2026-04-24 09:22:59,882][rfdiffusion.inference.model_runners][INFO] - Timestep 9, input to next step: -------------------------------GGGGGGGGGGGGGGGG--------------------------
[2026-04-24 09:23:03,412][rfdiffusion.inference.utils][INFO] - Sampled motif RMSD: 0.13
[2026-04-24 09:23:03,653][rfdiffusion.inference.model_runners][INFO] - Timestep 8, input to next step: -------------------------------GGGGGGGGGGGGGGGG--------------------------
[2026-04-24 09:23:06,599][rfdiffusion.inference.utils][INFO] - Sampled motif RMSD: 0.13
[2026-04-24 09:23:06,871][rfdiffusion.inference.model_runners][INFO] - Timestep 7, input to next step: -------------------------------GGGGGGGGGGGGGGGG--------------------------
[2026-04-24 09:23:10,833][rfdiffusion.inference.utils][INFO] - Sampled motif RMSD: 0.14
[2026-04-24 09:23:11,223][rfdiffusion.inference.model_runners][INFO] - Timestep 6, input to next step: -------------------------------GGGGGGGGGGGGGGGG--------------------------
[2026-04-24 09:23:14,621][rfdiffusion.inference.utils][INFO] - Sampled motif RMSD: 0.13
[2026-04-24 09:23:14,885][rfdiffusion.inference.model_runners][INFO] - Timestep 5, input to next step: -------------------------------GGGGGGGGGGGGGGGG--------------------------
[2026-04-24 09:23:17,538][rfdiffusion.inference.utils][INFO] - Sampled motif RMSD: 0.13
[2026-04-24 09:23:17,906][rfdiffusion.inference.model_runners][INFO] - Timestep 4, input to next step: -------------------------------GGGGGGGGGGGGGGGG--------------------------
[2026-04-24 09:23:22,395][rfdiffusion.inference.utils][INFO] - Sampled motif RMSD: 0.13
[2026-04-24 09:23:22,551][rfdiffusion.inference.model_runners][INFO] - Timestep 3, input to next step: -------------------------------GGGGGGGGGGGGGGGG--------------------------
[2026-04-24 09:23:26,644][rfdiffusion.inference.utils][INFO] - Sampled motif RMSD: 0.15
[2026-04-24 09:23:26,932][rfdiffusion.inference.model_runners][INFO] - Timestep 2, input to next step: -------------------------------GGGGGGGGGGGGGGGG--------------------------
[2026-04-24 09:23:34,424][__main__][INFO] - Finished design in 3.48 minutes
