[2026-04-24 09:07:07,426][__main__][INFO] - Found GPU with device_name NVIDIA A100-SXM4-80GB. Will run RFdiffusion on NVIDIA A100-SXM4-80GB
Reading models from /lambda/nfs/manvi/Team_8_CS598GBL/RFdiffusion/rfdiffusion/inference/../../models
[2026-04-24 09:07:07,428][rfdiffusion.inference.model_runners][INFO] - Reading checkpoint from /lambda/nfs/manvi/Team_8_CS598GBL/RFdiffusion/rfdiffusion/inference/../../models/Base_ckpt.pt
This is inf_conf.ckpt_path
/lambda/nfs/manvi/Team_8_CS598GBL/RFdiffusion/rfdiffusion/inference/../../models/Base_ckpt.pt
Assembling -model, -diffuser and -preprocess configs from checkpoint
USING MODEL CONFIG: self._conf[model][n_extra_block] = 4
USING MODEL CONFIG: self._conf[model][n_main_block] = 32
USING MODEL CONFIG: self._conf[model][n_ref_block] = 4
USING MODEL CONFIG: self._conf[model][d_msa] = 256
USING MODEL CONFIG: self._conf[model][d_msa_full] = 64
USING MODEL CONFIG: self._conf[model][d_pair] = 128
USING MODEL CONFIG: self._conf[model][d_templ] = 64
USING MODEL CONFIG: self._conf[model][n_head_msa] = 8
USING MODEL CONFIG: self._conf[model][n_head_pair] = 4
USING MODEL CONFIG: self._conf[model][n_head_templ] = 4
USING MODEL CONFIG: self._conf[model][d_hidden] = 32
USING MODEL CONFIG: self._conf[model][d_hidden_templ] = 32
USING MODEL CONFIG: self._conf[model][p_drop] = 0.15
USING MODEL CONFIG: self._conf[model][SE3_param_full] = {'num_layers': 1, 'num_channels': 32, 'num_degrees': 2, 'n_heads': 4, 'div': 4, 'l0_in_features': 8, 'l0_out_features': 8, 'l1_in_features': 3, 'l1_out_features': 2, 'num_edge_features': 32}
USING MODEL CONFIG: self._conf[model][SE3_param_topk] = {'num_layers': 1, 'num_channels': 32, 'num_degrees': 2, 'n_heads': 4, 'div': 4, 'l0_in_features': 64, 'l0_out_features': 64, 'l1_in_features': 3, 'l1_out_features': 2, 'num_edge_features': 64}
USING MODEL CONFIG: self._conf[model][freeze_track_motif] = False
USING MODEL CONFIG: self._conf[model][use_motif_timestep] = True
USING MODEL CONFIG: self._conf[diffuser][T] = 50
USING MODEL CONFIG: self._conf[diffuser][b_0] = 0.01
USING MODEL CONFIG: self._conf[diffuser][b_T] = 0.07
USING MODEL CONFIG: self._conf[diffuser][schedule_type] = linear
USING MODEL CONFIG: self._conf[diffuser][so3_type] = igso3
USING MODEL CONFIG: self._conf[diffuser][crd_scale] = 0.25
USING MODEL CONFIG: self._conf[diffuser][so3_schedule_type] = linear
USING MODEL CONFIG: self._conf[diffuser][min_b] = 1.5
USING MODEL CONFIG: self._conf[diffuser][max_b] = 2.5
USING MODEL CONFIG: self._conf[diffuser][min_sigma] = 0.02
USING MODEL CONFIG: self._conf[diffuser][max_sigma] = 1.5
USING MODEL CONFIG: self._conf[preprocess][sidechain_input] = False
USING MODEL CONFIG: self._conf[preprocess][motif_sidechain_input] = True
USING MODEL CONFIG: self._conf[preprocess][d_t1d] = 22
USING MODEL CONFIG: self._conf[preprocess][d_t2d] = 44
USING MODEL CONFIG: self._conf[preprocess][prob_self_cond] = 0.5
USING MODEL CONFIG: self._conf[preprocess][str_self_cond] = True
USING MODEL CONFIG: self._conf[preprocess][predict_previous] = False
[2026-04-24 09:08:11,521][rfdiffusion.inference.model_runners][INFO] - Loading checkpoint.
[2026-04-24 09:08:26,963][rfdiffusion.diffusion][INFO] - Using cached IGSO3.
Successful diffuser __init__
[2026-04-24 09:08:27,051][__main__][INFO] - Making design /lambda/nfs/manvi/Team_8_CS598GBL/outputs/custom90_128_motif_scaffolding/fast_T20/len_118/short/scaffold_0
[2026-04-24 09:08:27,069][rfdiffusion.inference.model_runners][INFO] - Using contig: ['23-39/A51-66/23-39']
With this beta schedule (linear schedule, beta_0 = 0.04, beta_T = 0.28), alpha_bar_T = 0.00013696048699785024
[2026-04-24 09:08:27,461][rfdiffusion.inference.model_runners][INFO] - Sequence init: ---------------------------------GGGGGGGGGGGGGGGG----------------------------
[2026-04-24 09:08:33,601][rfdiffusion.inference.utils][INFO] - Sampled motif RMSD: 0.39
[2026-04-24 09:08:34,009][rfdiffusion.inference.model_runners][INFO] - Timestep 50, input to next step: ---------------------------------GGGGGGGGGGGGGGGG----------------------------
[2026-04-24 09:08:38,573][rfdiffusion.inference.utils][INFO] - Sampled motif RMSD: 0.33
[2026-04-24 09:08:38,818][rfdiffusion.inference.model_runners][INFO] - Timestep 49, input to next step: ---------------------------------GGGGGGGGGGGGGGGG----------------------------
[2026-04-24 09:08:41,857][rfdiffusion.inference.utils][INFO] - Sampled motif RMSD: 0.33
[2026-04-24 09:08:42,198][rfdiffusion.inference.model_runners][INFO] - Timestep 48, input to next step: ---------------------------------GGGGGGGGGGGGGGGG----------------------------
[2026-04-24 09:08:46,715][rfdiffusion.inference.utils][INFO] - Sampled motif RMSD: 0.30
[2026-04-24 09:08:47,034][rfdiffusion.inference.model_runners][INFO] - Timestep 47, input to next step: ---------------------------------GGGGGGGGGGGGGGGG----------------------------
[2026-04-24 09:08:55,700][rfdiffusion.inference.utils][INFO] - Sampled motif RMSD: 0.32
[2026-04-24 09:08:55,969][rfdiffusion.inference.model_runners][INFO] - Timestep 46, input to next step: ---------------------------------GGGGGGGGGGGGGGGG----------------------------
[2026-04-24 09:09:02,470][rfdiffusion.inference.utils][INFO] - Sampled motif RMSD: 0.32
[2026-04-24 09:09:02,774][rfdiffusion.inference.model_runners][INFO] - Timestep 45, input to next step: ---------------------------------GGGGGGGGGGGGGGGG----------------------------
[2026-04-24 09:09:08,061][rfdiffusion.inference.utils][INFO] - Sampled motif RMSD: 0.30
[2026-04-24 09:09:08,466][rfdiffusion.inference.model_runners][INFO] - Timestep 44, input to next step: ---------------------------------GGGGGGGGGGGGGGGG----------------------------
[2026-04-24 09:09:11,978][rfdiffusion.inference.utils][INFO] - Sampled motif RMSD: 0.29
[2026-04-24 09:09:12,374][rfdiffusion.inference.model_runners][INFO] - Timestep 43, input to next step: ---------------------------------GGGGGGGGGGGGGGGG----------------------------
[2026-04-24 09:09:15,291][rfdiffusion.inference.utils][INFO] - Sampled motif RMSD: 0.30
[2026-04-24 09:09:15,776][rfdiffusion.inference.model_runners][INFO] - Timestep 42, input to next step: ---------------------------------GGGGGGGGGGGGGGGG----------------------------
[2026-04-24 09:09:19,071][rfdiffusion.inference.utils][INFO] - Sampled motif RMSD: 0.26
[2026-04-24 09:09:19,363][rfdiffusion.inference.model_runners][INFO] - Timestep 41, input to next step: ---------------------------------GGGGGGGGGGGGGGGG----------------------------
[2026-04-24 09:09:22,202][rfdiffusion.inference.utils][INFO] - Sampled motif RMSD: 0.26
[2026-04-24 09:09:22,553][rfdiffusion.inference.model_runners][INFO] - Timestep 40, input to next step: ---------------------------------GGGGGGGGGGGGGGGG----------------------------
[2026-04-24 09:09:25,932][rfdiffusion.inference.utils][INFO] - Sampled motif RMSD: 0.29
[2026-04-24 09:09:26,395][rfdiffusion.inference.model_runners][INFO] - Timestep 39, input to next step: ---------------------------------GGGGGGGGGGGGGGGG----------------------------
[2026-04-24 09:09:30,035][rfdiffusion.inference.utils][INFO] - Sampled motif RMSD: 0.28
[2026-04-24 09:09:30,259][rfdiffusion.inference.model_runners][INFO] - Timestep 38, input to next step: ---------------------------------GGGGGGGGGGGGGGGG----------------------------
[2026-04-24 09:09:34,551][rfdiffusion.inference.utils][INFO] - Sampled motif RMSD: 0.29
[2026-04-24 09:09:34,787][rfdiffusion.inference.model_runners][INFO] - Timestep 37, input to next step: ---------------------------------GGGGGGGGGGGGGGGG----------------------------
[2026-04-24 09:09:39,057][rfdiffusion.inference.utils][INFO] - Sampled motif RMSD: 0.29
[2026-04-24 09:09:39,128][rfdiffusion.inference.model_runners][INFO] - Timestep 36, input to next step: ---------------------------------GGGGGGGGGGGGGGGG----------------------------
[2026-04-24 09:09:43,191][rfdiffusion.inference.utils][INFO] - Sampled motif RMSD: 0.29
[2026-04-24 09:09:43,351][rfdiffusion.inference.model_runners][INFO] - Timestep 35, input to next step: ---------------------------------GGGGGGGGGGGGGGGG----------------------------
[2026-04-24 09:09:48,051][rfdiffusion.inference.utils][INFO] - Sampled motif RMSD: 0.30
[2026-04-24 09:09:48,525][rfdiffusion.inference.model_runners][INFO] - Timestep 34, input to next step: ---------------------------------GGGGGGGGGGGGGGGG----------------------------
[2026-04-24 09:09:52,424][rfdiffusion.inference.utils][INFO] - Sampled motif RMSD: 0.33
[2026-04-24 09:09:52,813][rfdiffusion.inference.model_runners][INFO] - Timestep 33, input to next step: ---------------------------------GGGGGGGGGGGGGGGG----------------------------
[2026-04-24 09:09:56,654][rfdiffusion.inference.utils][INFO] - Sampled motif RMSD: 0.33
[2026-04-24 09:09:57,179][rfdiffusion.inference.model_runners][INFO] - Timestep 32, input to next step: ---------------------------------GGGGGGGGGGGGGGGG----------------------------
[2026-04-24 09:10:01,328][rfdiffusion.inference.utils][INFO] - Sampled motif RMSD: 0.33
[2026-04-24 09:10:01,468][rfdiffusion.inference.model_runners][INFO] - Timestep 31, input to next step: ---------------------------------GGGGGGGGGGGGGGGG----------------------------
[2026-04-24 09:10:05,943][rfdiffusion.inference.utils][INFO] - Sampled motif RMSD: 0.37
[2026-04-24 09:10:06,298][rfdiffusion.inference.model_runners][INFO] - Timestep 30, input to next step: ---------------------------------GGGGGGGGGGGGGGGG----------------------------
[2026-04-24 09:10:10,592][rfdiffusion.inference.utils][INFO] - Sampled motif RMSD: 0.36
[2026-04-24 09:10:10,842][rfdiffusion.inference.model_runners][INFO] - Timestep 29, input to next step: ---------------------------------GGGGGGGGGGGGGGGG----------------------------
[2026-04-24 09:10:15,268][rfdiffusion.inference.utils][INFO] - Sampled motif RMSD: 0.37
[2026-04-24 09:10:15,473][rfdiffusion.inference.model_runners][INFO] - Timestep 28, input to next step: ---------------------------------GGGGGGGGGGGGGGGG----------------------------
[2026-04-24 09:10:19,682][rfdiffusion.inference.utils][INFO] - Sampled motif RMSD: 0.37
[2026-04-24 09:10:20,013][rfdiffusion.inference.model_runners][INFO] - Timestep 27, input to next step: ---------------------------------GGGGGGGGGGGGGGGG----------------------------
[2026-04-24 09:10:25,035][rfdiffusion.inference.utils][INFO] - Sampled motif RMSD: 0.39
[2026-04-24 09:10:25,309][rfdiffusion.inference.model_runners][INFO] - Timestep 26, input to next step: ---------------------------------GGGGGGGGGGGGGGGG----------------------------
[2026-04-24 09:10:29,667][rfdiffusion.inference.utils][INFO] - Sampled motif RMSD: 0.42
[2026-04-24 09:10:29,855][rfdiffusion.inference.model_runners][INFO] - Timestep 25, input to next step: ---------------------------------GGGGGGGGGGGGGGGG----------------------------
[2026-04-24 09:10:34,462][rfdiffusion.inference.utils][INFO] - Sampled motif RMSD: 0.42
[2026-04-24 09:10:34,756][rfdiffusion.inference.model_runners][INFO] - Timestep 24, input to next step: ---------------------------------GGGGGGGGGGGGGGGG----------------------------
[2026-04-24 09:10:39,026][rfdiffusion.inference.utils][INFO] - Sampled motif RMSD: 0.40
[2026-04-24 09:10:39,313][rfdiffusion.inference.model_runners][INFO] - Timestep 23, input to next step: ---------------------------------GGGGGGGGGGGGGGGG----------------------------
[2026-04-24 09:10:43,733][rfdiffusion.inference.utils][INFO] - Sampled motif RMSD: 0.41
[2026-04-24 09:10:44,098][rfdiffusion.inference.model_runners][INFO] - Timestep 22, input to next step: ---------------------------------GGGGGGGGGGGGGGGG----------------------------
[2026-04-24 09:10:48,388][rfdiffusion.inference.utils][INFO] - Sampled motif RMSD: 0.39
[2026-04-24 09:10:48,667][rfdiffusion.inference.model_runners][INFO] - Timestep 21, input to next step: ---------------------------------GGGGGGGGGGGGGGGG----------------------------
[2026-04-24 09:10:53,355][rfdiffusion.inference.utils][INFO] - Sampled motif RMSD: 0.37
[2026-04-24 09:10:53,785][rfdiffusion.inference.model_runners][INFO] - Timestep 20, input to next step: ---------------------------------GGGGGGGGGGGGGGGG----------------------------
[2026-04-24 09:10:58,930][rfdiffusion.inference.utils][INFO] - Sampled motif RMSD: 0.36
[2026-04-24 09:10:59,320][rfdiffusion.inference.model_runners][INFO] - Timestep 19, input to next step: ---------------------------------GGGGGGGGGGGGGGGG----------------------------
[2026-04-24 09:11:04,108][rfdiffusion.inference.utils][INFO] - Sampled motif RMSD: 0.36
[2026-04-24 09:11:04,238][rfdiffusion.inference.model_runners][INFO] - Timestep 18, input to next step: ---------------------------------GGGGGGGGGGGGGGGG----------------------------
[2026-04-24 09:11:10,397][rfdiffusion.inference.utils][INFO] - Sampled motif RMSD: 0.39
[2026-04-24 09:11:11,027][rfdiffusion.inference.model_runners][INFO] - Timestep 17, input to next step: ---------------------------------GGGGGGGGGGGGGGGG----------------------------
[2026-04-24 09:11:14,747][rfdiffusion.inference.utils][INFO] - Sampled motif RMSD: 0.39
[2026-04-24 09:11:15,088][rfdiffusion.inference.model_runners][INFO] - Timestep 16, input to next step: ---------------------------------GGGGGGGGGGGGGGGG----------------------------
[2026-04-24 09:11:18,653][rfdiffusion.inference.utils][INFO] - Sampled motif RMSD: 0.37
[2026-04-24 09:11:18,837][rfdiffusion.inference.model_runners][INFO] - Timestep 15, input to next step: ---------------------------------GGGGGGGGGGGGGGGG----------------------------
[2026-04-24 09:11:23,528][rfdiffusion.inference.utils][INFO] - Sampled motif RMSD: 0.36
[2026-04-24 09:11:23,848][rfdiffusion.inference.model_runners][INFO] - Timestep 14, input to next step: ---------------------------------GGGGGGGGGGGGGGGG----------------------------
[2026-04-24 09:11:28,646][rfdiffusion.inference.utils][INFO] - Sampled motif RMSD: 0.36
[2026-04-24 09:11:28,876][rfdiffusion.inference.model_runners][INFO] - Timestep 13, input to next step: ---------------------------------GGGGGGGGGGGGGGGG----------------------------
[2026-04-24 09:11:33,563][rfdiffusion.inference.utils][INFO] - Sampled motif RMSD: 0.36
[2026-04-24 09:11:33,969][rfdiffusion.inference.model_runners][INFO] - Timestep 12, input to next step: ---------------------------------GGGGGGGGGGGGGGGG----------------------------
[2026-04-24 09:11:39,230][rfdiffusion.inference.utils][INFO] - Sampled motif RMSD: 0.35
[2026-04-24 09:11:39,447][rfdiffusion.inference.model_runners][INFO] - Timestep 11, input to next step: ---------------------------------GGGGGGGGGGGGGGGG----------------------------
[2026-04-24 09:11:44,073][rfdiffusion.inference.utils][INFO] - Sampled motif RMSD: 0.36
[2026-04-24 09:11:44,266][rfdiffusion.inference.model_runners][INFO] - Timestep 10, input to next step: ---------------------------------GGGGGGGGGGGGGGGG----------------------------
[2026-04-24 09:11:48,226][rfdiffusion.inference.utils][INFO] - Sampled motif RMSD: 0.34
[2026-04-24 09:11:48,424][rfdiffusion.inference.model_runners][INFO] - Timestep 9, input to next step: ---------------------------------GGGGGGGGGGGGGGGG----------------------------
[2026-04-24 09:11:52,933][rfdiffusion.inference.utils][INFO] - Sampled motif RMSD: 0.33
[2026-04-24 09:11:53,247][rfdiffusion.inference.model_runners][INFO] - Timestep 8, input to next step: ---------------------------------GGGGGGGGGGGGGGGG----------------------------
[2026-04-24 09:11:57,148][rfdiffusion.inference.utils][INFO] - Sampled motif RMSD: 0.31
[2026-04-24 09:11:57,443][rfdiffusion.inference.model_runners][INFO] - Timestep 7, input to next step: ---------------------------------GGGGGGGGGGGGGGGG----------------------------
[2026-04-24 09:12:02,006][rfdiffusion.inference.utils][INFO] - Sampled motif RMSD: 0.32
[2026-04-24 09:12:02,246][rfdiffusion.inference.model_runners][INFO] - Timestep 6, input to next step: ---------------------------------GGGGGGGGGGGGGGGG----------------------------
[2026-04-24 09:12:06,752][rfdiffusion.inference.utils][INFO] - Sampled motif RMSD: 0.31
[2026-04-24 09:12:07,002][rfdiffusion.inference.model_runners][INFO] - Timestep 5, input to next step: ---------------------------------GGGGGGGGGGGGGGGG----------------------------
[2026-04-24 09:12:11,156][rfdiffusion.inference.utils][INFO] - Sampled motif RMSD: 0.31
[2026-04-24 09:12:11,317][rfdiffusion.inference.model_runners][INFO] - Timestep 4, input to next step: ---------------------------------GGGGGGGGGGGGGGGG----------------------------
[2026-04-24 09:12:15,280][rfdiffusion.inference.utils][INFO] - Sampled motif RMSD: 0.31
[2026-04-24 09:12:15,487][rfdiffusion.inference.model_runners][INFO] - Timestep 3, input to next step: ---------------------------------GGGGGGGGGGGGGGGG----------------------------
[2026-04-24 09:12:19,305][rfdiffusion.inference.utils][INFO] - Sampled motif RMSD: 0.31
[2026-04-24 09:12:19,556][rfdiffusion.inference.model_runners][INFO] - Timestep 2, input to next step: ---------------------------------GGGGGGGGGGGGGGGG----------------------------
[2026-04-24 09:12:26,303][__main__][INFO] - Finished design in 3.99 minutes
