[2026-04-24 07:48:15,636][__main__][INFO] - Found GPU with device_name NVIDIA A100-SXM4-80GB. Will run RFdiffusion on NVIDIA A100-SXM4-80GB
Reading models from /lambda/nfs/manvi/Team_8_CS598GBL/RFdiffusion/rfdiffusion/inference/../../models
[2026-04-24 07:48:15,637][rfdiffusion.inference.model_runners][INFO] - Reading checkpoint from /lambda/nfs/manvi/Team_8_CS598GBL/RFdiffusion/rfdiffusion/inference/../../models/Base_ckpt.pt
This is inf_conf.ckpt_path
/lambda/nfs/manvi/Team_8_CS598GBL/RFdiffusion/rfdiffusion/inference/../../models/Base_ckpt.pt
Assembling -model, -diffuser and -preprocess configs from checkpoint
USING MODEL CONFIG: self._conf[model][n_extra_block] = 4
USING MODEL CONFIG: self._conf[model][n_main_block] = 32
USING MODEL CONFIG: self._conf[model][n_ref_block] = 4
USING MODEL CONFIG: self._conf[model][d_msa] = 256
USING MODEL CONFIG: self._conf[model][d_msa_full] = 64
USING MODEL CONFIG: self._conf[model][d_pair] = 128
USING MODEL CONFIG: self._conf[model][d_templ] = 64
USING MODEL CONFIG: self._conf[model][n_head_msa] = 8
USING MODEL CONFIG: self._conf[model][n_head_pair] = 4
USING MODEL CONFIG: self._conf[model][n_head_templ] = 4
USING MODEL CONFIG: self._conf[model][d_hidden] = 32
USING MODEL CONFIG: self._conf[model][d_hidden_templ] = 32
USING MODEL CONFIG: self._conf[model][p_drop] = 0.15
USING MODEL CONFIG: self._conf[model][SE3_param_full] = {'num_layers': 1, 'num_channels': 32, 'num_degrees': 2, 'n_heads': 4, 'div': 4, 'l0_in_features': 8, 'l0_out_features': 8, 'l1_in_features': 3, 'l1_out_features': 2, 'num_edge_features': 32}
USING MODEL CONFIG: self._conf[model][SE3_param_topk] = {'num_layers': 1, 'num_channels': 32, 'num_degrees': 2, 'n_heads': 4, 'div': 4, 'l0_in_features': 64, 'l0_out_features': 64, 'l1_in_features': 3, 'l1_out_features': 2, 'num_edge_features': 64}
USING MODEL CONFIG: self._conf[model][freeze_track_motif] = False
USING MODEL CONFIG: self._conf[model][use_motif_timestep] = True
USING MODEL CONFIG: self._conf[diffuser][T] = 50
USING MODEL CONFIG: self._conf[diffuser][b_0] = 0.01
USING MODEL CONFIG: self._conf[diffuser][b_T] = 0.07
USING MODEL CONFIG: self._conf[diffuser][schedule_type] = linear
USING MODEL CONFIG: self._conf[diffuser][so3_type] = igso3
USING MODEL CONFIG: self._conf[diffuser][crd_scale] = 0.25
USING MODEL CONFIG: self._conf[diffuser][so3_schedule_type] = linear
USING MODEL CONFIG: self._conf[diffuser][min_b] = 1.5
USING MODEL CONFIG: self._conf[diffuser][max_b] = 2.5
USING MODEL CONFIG: self._conf[diffuser][min_sigma] = 0.02
USING MODEL CONFIG: self._conf[diffuser][max_sigma] = 1.5
USING MODEL CONFIG: self._conf[preprocess][sidechain_input] = False
USING MODEL CONFIG: self._conf[preprocess][motif_sidechain_input] = True
USING MODEL CONFIG: self._conf[preprocess][d_t1d] = 22
USING MODEL CONFIG: self._conf[preprocess][d_t2d] = 44
USING MODEL CONFIG: self._conf[preprocess][prob_self_cond] = 0.5
USING MODEL CONFIG: self._conf[preprocess][str_self_cond] = True
USING MODEL CONFIG: self._conf[preprocess][predict_previous] = False
[2026-04-24 07:49:14,999][rfdiffusion.inference.model_runners][INFO] - Loading checkpoint.
[2026-04-24 07:49:31,499][rfdiffusion.diffusion][INFO] - Using cached IGSO3.
Successful diffuser __init__
[2026-04-24 07:49:31,646][__main__][INFO] - Making design /lambda/nfs/manvi/Team_8_CS598GBL/outputs/custom90_128_motif_scaffolding/default/len_127/nterm/scaffold_0
[2026-04-24 07:49:31,679][rfdiffusion.inference.model_runners][INFO] - Using contig: ['A1-27/25-42']
With this beta schedule (linear schedule, beta_0 = 0.04, beta_T = 0.28), alpha_bar_T = 0.00013696048699785024
[2026-04-24 07:49:32,132][rfdiffusion.inference.model_runners][INFO] - Sequence init: GGGGGGGGGGGGGGGGGGGGGGGGGGG---------------------------------
[2026-04-24 07:49:39,043][rfdiffusion.inference.utils][INFO] - Sampled motif RMSD: 0.24
[2026-04-24 07:49:39,286][rfdiffusion.inference.model_runners][INFO] - Timestep 50, input to next step: GGGGGGGGGGGGGGGGGGGGGGGGGGG---------------------------------
[2026-04-24 07:49:42,914][rfdiffusion.inference.utils][INFO] - Sampled motif RMSD: 0.20
[2026-04-24 07:49:43,162][rfdiffusion.inference.model_runners][INFO] - Timestep 49, input to next step: GGGGGGGGGGGGGGGGGGGGGGGGGGG---------------------------------
[2026-04-24 07:49:47,508][rfdiffusion.inference.utils][INFO] - Sampled motif RMSD: 0.20
[2026-04-24 07:49:47,734][rfdiffusion.inference.model_runners][INFO] - Timestep 48, input to next step: GGGGGGGGGGGGGGGGGGGGGGGGGGG---------------------------------
[2026-04-24 07:49:51,176][rfdiffusion.inference.utils][INFO] - Sampled motif RMSD: 0.19
[2026-04-24 07:49:51,522][rfdiffusion.inference.model_runners][INFO] - Timestep 47, input to next step: GGGGGGGGGGGGGGGGGGGGGGGGGGG---------------------------------
[2026-04-24 07:49:54,689][rfdiffusion.inference.utils][INFO] - Sampled motif RMSD: 0.18
[2026-04-24 07:49:54,868][rfdiffusion.inference.model_runners][INFO] - Timestep 46, input to next step: GGGGGGGGGGGGGGGGGGGGGGGGGGG---------------------------------
[2026-04-24 07:49:57,942][rfdiffusion.inference.utils][INFO] - Sampled motif RMSD: 0.19
[2026-04-24 07:49:58,128][rfdiffusion.inference.model_runners][INFO] - Timestep 45, input to next step: GGGGGGGGGGGGGGGGGGGGGGGGGGG---------------------------------
[2026-04-24 07:50:00,941][rfdiffusion.inference.utils][INFO] - Sampled motif RMSD: 0.18
[2026-04-24 07:50:01,246][rfdiffusion.inference.model_runners][INFO] - Timestep 44, input to next step: GGGGGGGGGGGGGGGGGGGGGGGGGGG---------------------------------
[2026-04-24 07:50:05,074][rfdiffusion.inference.utils][INFO] - Sampled motif RMSD: 0.18
[2026-04-24 07:50:05,223][rfdiffusion.inference.model_runners][INFO] - Timestep 43, input to next step: GGGGGGGGGGGGGGGGGGGGGGGGGGG---------------------------------
[2026-04-24 07:50:08,891][rfdiffusion.inference.utils][INFO] - Sampled motif RMSD: 0.18
[2026-04-24 07:50:09,057][rfdiffusion.inference.model_runners][INFO] - Timestep 42, input to next step: GGGGGGGGGGGGGGGGGGGGGGGGGGG---------------------------------
[2026-04-24 07:50:11,814][rfdiffusion.inference.utils][INFO] - Sampled motif RMSD: 0.18
[2026-04-24 07:50:12,010][rfdiffusion.inference.model_runners][INFO] - Timestep 41, input to next step: GGGGGGGGGGGGGGGGGGGGGGGGGGG---------------------------------
[2026-04-24 07:50:16,389][rfdiffusion.inference.utils][INFO] - Sampled motif RMSD: 0.19
[2026-04-24 07:50:16,578][rfdiffusion.inference.model_runners][INFO] - Timestep 40, input to next step: GGGGGGGGGGGGGGGGGGGGGGGGGGG---------------------------------
[2026-04-24 07:50:19,907][rfdiffusion.inference.utils][INFO] - Sampled motif RMSD: 0.19
[2026-04-24 07:50:20,197][rfdiffusion.inference.model_runners][INFO] - Timestep 39, input to next step: GGGGGGGGGGGGGGGGGGGGGGGGGGG---------------------------------
[2026-04-24 07:50:23,311][rfdiffusion.inference.utils][INFO] - Sampled motif RMSD: 0.21
[2026-04-24 07:50:23,545][rfdiffusion.inference.model_runners][INFO] - Timestep 38, input to next step: GGGGGGGGGGGGGGGGGGGGGGGGGGG---------------------------------
[2026-04-24 07:50:27,351][rfdiffusion.inference.utils][INFO] - Sampled motif RMSD: 0.21
[2026-04-24 07:50:27,529][rfdiffusion.inference.model_runners][INFO] - Timestep 37, input to next step: GGGGGGGGGGGGGGGGGGGGGGGGGGG---------------------------------
[2026-04-24 07:50:32,005][rfdiffusion.inference.utils][INFO] - Sampled motif RMSD: 0.21
[2026-04-24 07:50:32,274][rfdiffusion.inference.model_runners][INFO] - Timestep 36, input to next step: GGGGGGGGGGGGGGGGGGGGGGGGGGG---------------------------------
[2026-04-24 07:50:36,240][rfdiffusion.inference.utils][INFO] - Sampled motif RMSD: 0.21
[2026-04-24 07:50:36,488][rfdiffusion.inference.model_runners][INFO] - Timestep 35, input to next step: GGGGGGGGGGGGGGGGGGGGGGGGGGG---------------------------------
[2026-04-24 07:50:40,991][rfdiffusion.inference.utils][INFO] - Sampled motif RMSD: 0.22
[2026-04-24 07:50:41,272][rfdiffusion.inference.model_runners][INFO] - Timestep 34, input to next step: GGGGGGGGGGGGGGGGGGGGGGGGGGG---------------------------------
[2026-04-24 07:50:45,326][rfdiffusion.inference.utils][INFO] - Sampled motif RMSD: 0.23
[2026-04-24 07:50:45,657][rfdiffusion.inference.model_runners][INFO] - Timestep 33, input to next step: GGGGGGGGGGGGGGGGGGGGGGGGGGG---------------------------------
[2026-04-24 07:50:50,375][rfdiffusion.inference.utils][INFO] - Sampled motif RMSD: 0.22
[2026-04-24 07:50:50,757][rfdiffusion.inference.model_runners][INFO] - Timestep 32, input to next step: GGGGGGGGGGGGGGGGGGGGGGGGGGG---------------------------------
[2026-04-24 07:50:55,509][rfdiffusion.inference.utils][INFO] - Sampled motif RMSD: 0.23
[2026-04-24 07:50:55,867][rfdiffusion.inference.model_runners][INFO] - Timestep 31, input to next step: GGGGGGGGGGGGGGGGGGGGGGGGGGG---------------------------------
[2026-04-24 07:51:00,139][rfdiffusion.inference.utils][INFO] - Sampled motif RMSD: 0.24
[2026-04-24 07:51:00,558][rfdiffusion.inference.model_runners][INFO] - Timestep 30, input to next step: GGGGGGGGGGGGGGGGGGGGGGGGGGG---------------------------------
[2026-04-24 07:51:02,970][rfdiffusion.inference.utils][INFO] - Sampled motif RMSD: 0.24
[2026-04-24 07:51:03,311][rfdiffusion.inference.model_runners][INFO] - Timestep 29, input to next step: GGGGGGGGGGGGGGGGGGGGGGGGGGG---------------------------------
[2026-04-24 07:51:07,352][rfdiffusion.inference.utils][INFO] - Sampled motif RMSD: 0.24
[2026-04-24 07:51:07,519][rfdiffusion.inference.model_runners][INFO] - Timestep 28, input to next step: GGGGGGGGGGGGGGGGGGGGGGGGGGG---------------------------------
[2026-04-24 07:51:10,731][rfdiffusion.inference.utils][INFO] - Sampled motif RMSD: 0.25
[2026-04-24 07:51:11,006][rfdiffusion.inference.model_runners][INFO] - Timestep 27, input to next step: GGGGGGGGGGGGGGGGGGGGGGGGGGG---------------------------------
[2026-04-24 07:51:13,987][rfdiffusion.inference.utils][INFO] - Sampled motif RMSD: 0.27
[2026-04-24 07:51:14,152][rfdiffusion.inference.model_runners][INFO] - Timestep 26, input to next step: GGGGGGGGGGGGGGGGGGGGGGGGGGG---------------------------------
[2026-04-24 07:51:18,144][rfdiffusion.inference.utils][INFO] - Sampled motif RMSD: 0.27
[2026-04-24 07:51:18,423][rfdiffusion.inference.model_runners][INFO] - Timestep 25, input to next step: GGGGGGGGGGGGGGGGGGGGGGGGGGG---------------------------------
[2026-04-24 07:51:22,285][rfdiffusion.inference.utils][INFO] - Sampled motif RMSD: 0.27
[2026-04-24 07:51:22,533][rfdiffusion.inference.model_runners][INFO] - Timestep 24, input to next step: GGGGGGGGGGGGGGGGGGGGGGGGGGG---------------------------------
[2026-04-24 07:51:26,888][rfdiffusion.inference.utils][INFO] - Sampled motif RMSD: 0.27
[2026-04-24 07:51:27,039][rfdiffusion.inference.model_runners][INFO] - Timestep 23, input to next step: GGGGGGGGGGGGGGGGGGGGGGGGGGG---------------------------------
[2026-04-24 07:51:30,904][rfdiffusion.inference.utils][INFO] - Sampled motif RMSD: 0.27
[2026-04-24 07:51:31,050][rfdiffusion.inference.model_runners][INFO] - Timestep 22, input to next step: GGGGGGGGGGGGGGGGGGGGGGGGGGG---------------------------------
[2026-04-24 07:51:35,588][rfdiffusion.inference.utils][INFO] - Sampled motif RMSD: 0.26
[2026-04-24 07:51:35,754][rfdiffusion.inference.model_runners][INFO] - Timestep 21, input to next step: GGGGGGGGGGGGGGGGGGGGGGGGGGG---------------------------------
[2026-04-24 07:51:39,399][rfdiffusion.inference.utils][INFO] - Sampled motif RMSD: 0.27
[2026-04-24 07:51:39,778][rfdiffusion.inference.model_runners][INFO] - Timestep 20, input to next step: GGGGGGGGGGGGGGGGGGGGGGGGGGG---------------------------------
[2026-04-24 07:51:42,378][rfdiffusion.inference.utils][INFO] - Sampled motif RMSD: 0.29
[2026-04-24 07:51:42,715][rfdiffusion.inference.model_runners][INFO] - Timestep 19, input to next step: GGGGGGGGGGGGGGGGGGGGGGGGGGG---------------------------------
[2026-04-24 07:51:46,310][rfdiffusion.inference.utils][INFO] - Sampled motif RMSD: 0.29
[2026-04-24 07:51:46,420][rfdiffusion.inference.model_runners][INFO] - Timestep 18, input to next step: GGGGGGGGGGGGGGGGGGGGGGGGGGG---------------------------------
[2026-04-24 07:51:49,244][rfdiffusion.inference.utils][INFO] - Sampled motif RMSD: 0.30
[2026-04-24 07:51:49,668][rfdiffusion.inference.model_runners][INFO] - Timestep 17, input to next step: GGGGGGGGGGGGGGGGGGGGGGGGGGG---------------------------------
[2026-04-24 07:51:54,824][rfdiffusion.inference.utils][INFO] - Sampled motif RMSD: 0.31
[2026-04-24 07:51:55,184][rfdiffusion.inference.model_runners][INFO] - Timestep 16, input to next step: GGGGGGGGGGGGGGGGGGGGGGGGGGG---------------------------------
[2026-04-24 07:51:59,258][rfdiffusion.inference.utils][INFO] - Sampled motif RMSD: 0.30
[2026-04-24 07:51:59,582][rfdiffusion.inference.model_runners][INFO] - Timestep 15, input to next step: GGGGGGGGGGGGGGGGGGGGGGGGGGG---------------------------------
[2026-04-24 07:52:03,644][rfdiffusion.inference.utils][INFO] - Sampled motif RMSD: 0.29
[2026-04-24 07:52:03,963][rfdiffusion.inference.model_runners][INFO] - Timestep 14, input to next step: GGGGGGGGGGGGGGGGGGGGGGGGGGG---------------------------------
[2026-04-24 07:52:08,274][rfdiffusion.inference.utils][INFO] - Sampled motif RMSD: 0.27
[2026-04-24 07:52:08,499][rfdiffusion.inference.model_runners][INFO] - Timestep 13, input to next step: GGGGGGGGGGGGGGGGGGGGGGGGGGG---------------------------------
[2026-04-24 07:52:12,023][rfdiffusion.inference.utils][INFO] - Sampled motif RMSD: 0.28
[2026-04-24 07:52:12,325][rfdiffusion.inference.model_runners][INFO] - Timestep 12, input to next step: GGGGGGGGGGGGGGGGGGGGGGGGGGG---------------------------------
[2026-04-24 07:52:15,306][rfdiffusion.inference.utils][INFO] - Sampled motif RMSD: 0.29
[2026-04-24 07:52:15,502][rfdiffusion.inference.model_runners][INFO] - Timestep 11, input to next step: GGGGGGGGGGGGGGGGGGGGGGGGGGG---------------------------------
[2026-04-24 07:52:19,676][rfdiffusion.inference.utils][INFO] - Sampled motif RMSD: 0.29
[2026-04-24 07:52:19,909][rfdiffusion.inference.model_runners][INFO] - Timestep 10, input to next step: GGGGGGGGGGGGGGGGGGGGGGGGGGG---------------------------------
[2026-04-24 07:52:23,752][rfdiffusion.inference.utils][INFO] - Sampled motif RMSD: 0.29
[2026-04-24 07:52:23,973][rfdiffusion.inference.model_runners][INFO] - Timestep 9, input to next step: GGGGGGGGGGGGGGGGGGGGGGGGGGG---------------------------------
[2026-04-24 07:52:27,963][rfdiffusion.inference.utils][INFO] - Sampled motif RMSD: 0.29
[2026-04-24 07:52:28,218][rfdiffusion.inference.model_runners][INFO] - Timestep 8, input to next step: GGGGGGGGGGGGGGGGGGGGGGGGGGG---------------------------------
[2026-04-24 07:52:32,276][rfdiffusion.inference.utils][INFO] - Sampled motif RMSD: 0.30
[2026-04-24 07:52:32,518][rfdiffusion.inference.model_runners][INFO] - Timestep 7, input to next step: GGGGGGGGGGGGGGGGGGGGGGGGGGG---------------------------------
[2026-04-24 07:52:35,833][rfdiffusion.inference.utils][INFO] - Sampled motif RMSD: 0.32
[2026-04-24 07:52:36,216][rfdiffusion.inference.model_runners][INFO] - Timestep 6, input to next step: GGGGGGGGGGGGGGGGGGGGGGGGGGG---------------------------------
[2026-04-24 07:52:40,378][rfdiffusion.inference.utils][INFO] - Sampled motif RMSD: 0.31
[2026-04-24 07:52:40,625][rfdiffusion.inference.model_runners][INFO] - Timestep 5, input to next step: GGGGGGGGGGGGGGGGGGGGGGGGGGG---------------------------------
[2026-04-24 07:52:45,165][rfdiffusion.inference.utils][INFO] - Sampled motif RMSD: 0.28
[2026-04-24 07:52:45,508][rfdiffusion.inference.model_runners][INFO] - Timestep 4, input to next step: GGGGGGGGGGGGGGGGGGGGGGGGGGG---------------------------------
[2026-04-24 07:52:48,975][rfdiffusion.inference.utils][INFO] - Sampled motif RMSD: 0.28
[2026-04-24 07:52:49,474][rfdiffusion.inference.model_runners][INFO] - Timestep 3, input to next step: GGGGGGGGGGGGGGGGGGGGGGGGGGG---------------------------------
[2026-04-24 07:52:53,209][rfdiffusion.inference.utils][INFO] - Sampled motif RMSD: 0.27
[2026-04-24 07:52:53,534][rfdiffusion.inference.model_runners][INFO] - Timestep 2, input to next step: GGGGGGGGGGGGGGGGGGGGGGGGGGG---------------------------------
[2026-04-24 07:53:00,206][__main__][INFO] - Finished design in 3.48 minutes
[2026-04-24 07:53:00,213][__main__][INFO] - Making design /lambda/nfs/manvi/Team_8_CS598GBL/outputs/custom90_128_motif_scaffolding/default/len_127/nterm/scaffold_1
[2026-04-24 07:53:00,244][rfdiffusion.inference.model_runners][INFO] - Using contig: ['A1-27/25-42']
With this beta schedule (linear schedule, beta_0 = 0.04, beta_T = 0.28), alpha_bar_T = 0.00013696048699785024
[2026-04-24 07:53:00,639][rfdiffusion.inference.model_runners][INFO] - Sequence init: GGGGGGGGGGGGGGGGGGGGGGGGGGG----------------------------------------
[2026-04-24 07:53:05,792][rfdiffusion.inference.utils][INFO] - Sampled motif RMSD: 0.23
[2026-04-24 07:53:06,217][rfdiffusion.inference.model_runners][INFO] - Timestep 50, input to next step: GGGGGGGGGGGGGGGGGGGGGGGGGGG----------------------------------------
[2026-04-24 07:53:12,162][rfdiffusion.inference.utils][INFO] - Sampled motif RMSD: 0.21
[2026-04-24 07:53:12,421][rfdiffusion.inference.model_runners][INFO] - Timestep 49, input to next step: GGGGGGGGGGGGGGGGGGGGGGGGGGG----------------------------------------
[2026-04-24 07:53:19,301][rfdiffusion.inference.utils][INFO] - Sampled motif RMSD: 0.20
[2026-04-24 07:53:19,827][rfdiffusion.inference.model_runners][INFO] - Timestep 48, input to next step: GGGGGGGGGGGGGGGGGGGGGGGGGGG----------------------------------------
[2026-04-24 07:53:26,329][rfdiffusion.inference.utils][INFO] - Sampled motif RMSD: 0.19
[2026-04-24 07:53:26,575][rfdiffusion.inference.model_runners][INFO] - Timestep 47, input to next step: GGGGGGGGGGGGGGGGGGGGGGGGGGG----------------------------------------
[2026-04-24 07:53:31,069][rfdiffusion.inference.utils][INFO] - Sampled motif RMSD: 0.18
[2026-04-24 07:53:31,597][rfdiffusion.inference.model_runners][INFO] - Timestep 46, input to next step: GGGGGGGGGGGGGGGGGGGGGGGGGGG----------------------------------------
[2026-04-24 07:53:34,767][rfdiffusion.inference.utils][INFO] - Sampled motif RMSD: 0.17
[2026-04-24 07:53:35,286][rfdiffusion.inference.model_runners][INFO] - Timestep 45, input to next step: GGGGGGGGGGGGGGGGGGGGGGGGGGG----------------------------------------
[2026-04-24 07:53:38,655][rfdiffusion.inference.utils][INFO] - Sampled motif RMSD: 0.20
[2026-04-24 07:53:38,961][rfdiffusion.inference.model_runners][INFO] - Timestep 44, input to next step: GGGGGGGGGGGGGGGGGGGGGGGGGGG----------------------------------------
[2026-04-24 07:53:43,476][rfdiffusion.inference.utils][INFO] - Sampled motif RMSD: 0.22
[2026-04-24 07:53:44,034][rfdiffusion.inference.model_runners][INFO] - Timestep 43, input to next step: GGGGGGGGGGGGGGGGGGGGGGGGGGG----------------------------------------
[2026-04-24 07:53:48,277][rfdiffusion.inference.utils][INFO] - Sampled motif RMSD: 0.20
[2026-04-24 07:53:48,673][rfdiffusion.inference.model_runners][INFO] - Timestep 42, input to next step: GGGGGGGGGGGGGGGGGGGGGGGGGGG----------------------------------------
[2026-04-24 07:53:55,360][rfdiffusion.inference.utils][INFO] - Sampled motif RMSD: 0.20
[2026-04-24 07:53:55,577][rfdiffusion.inference.model_runners][INFO] - Timestep 41, input to next step: GGGGGGGGGGGGGGGGGGGGGGGGGGG----------------------------------------
[2026-04-24 07:53:59,301][rfdiffusion.inference.utils][INFO] - Sampled motif RMSD: 0.21
[2026-04-24 07:53:59,542][rfdiffusion.inference.model_runners][INFO] - Timestep 40, input to next step: GGGGGGGGGGGGGGGGGGGGGGGGGGG----------------------------------------
[2026-04-24 07:54:03,486][rfdiffusion.inference.utils][INFO] - Sampled motif RMSD: 0.20
[2026-04-24 07:54:03,783][rfdiffusion.inference.model_runners][INFO] - Timestep 39, input to next step: GGGGGGGGGGGGGGGGGGGGGGGGGGG----------------------------------------
[2026-04-24 07:54:07,446][rfdiffusion.inference.utils][INFO] - Sampled motif RMSD: 0.20
[2026-04-24 07:54:07,757][rfdiffusion.inference.model_runners][INFO] - Timestep 38, input to next step: GGGGGGGGGGGGGGGGGGGGGGGGGGG----------------------------------------
[2026-04-24 07:54:11,832][rfdiffusion.inference.utils][INFO] - Sampled motif RMSD: 0.19
[2026-04-24 07:54:12,024][rfdiffusion.inference.model_runners][INFO] - Timestep 37, input to next step: GGGGGGGGGGGGGGGGGGGGGGGGGGG----------------------------------------
[2026-04-24 07:54:17,603][rfdiffusion.inference.utils][INFO] - Sampled motif RMSD: 0.22
[2026-04-24 07:54:18,016][rfdiffusion.inference.model_runners][INFO] - Timestep 36, input to next step: GGGGGGGGGGGGGGGGGGGGGGGGGGG----------------------------------------
[2026-04-24 07:54:23,318][rfdiffusion.inference.utils][INFO] - Sampled motif RMSD: 0.21
[2026-04-24 07:54:23,567][rfdiffusion.inference.model_runners][INFO] - Timestep 35, input to next step: GGGGGGGGGGGGGGGGGGGGGGGGGGG----------------------------------------
[2026-04-24 07:54:25,987][rfdiffusion.inference.utils][INFO] - Sampled motif RMSD: 0.24
[2026-04-24 07:54:26,346][rfdiffusion.inference.model_runners][INFO] - Timestep 34, input to next step: GGGGGGGGGGGGGGGGGGGGGGGGGGG----------------------------------------
[2026-04-24 07:54:30,666][rfdiffusion.inference.utils][INFO] - Sampled motif RMSD: 0.25
[2026-04-24 07:54:31,126][rfdiffusion.inference.model_runners][INFO] - Timestep 33, input to next step: GGGGGGGGGGGGGGGGGGGGGGGGGGG----------------------------------------
[2026-04-24 07:54:34,719][rfdiffusion.inference.utils][INFO] - Sampled motif RMSD: 0.23
[2026-04-24 07:54:35,001][rfdiffusion.inference.model_runners][INFO] - Timestep 32, input to next step: GGGGGGGGGGGGGGGGGGGGGGGGGGG----------------------------------------
[2026-04-24 07:54:40,135][rfdiffusion.inference.utils][INFO] - Sampled motif RMSD: 0.22
[2026-04-24 07:54:40,559][rfdiffusion.inference.model_runners][INFO] - Timestep 31, input to next step: GGGGGGGGGGGGGGGGGGGGGGGGGGG----------------------------------------
[2026-04-24 07:54:43,910][rfdiffusion.inference.utils][INFO] - Sampled motif RMSD: 0.22
[2026-04-24 07:54:44,284][rfdiffusion.inference.model_runners][INFO] - Timestep 30, input to next step: GGGGGGGGGGGGGGGGGGGGGGGGGGG----------------------------------------
[2026-04-24 07:54:48,318][rfdiffusion.inference.utils][INFO] - Sampled motif RMSD: 0.21
[2026-04-24 07:54:48,740][rfdiffusion.inference.model_runners][INFO] - Timestep 29, input to next step: GGGGGGGGGGGGGGGGGGGGGGGGGGG----------------------------------------
[2026-04-24 07:54:53,012][rfdiffusion.inference.utils][INFO] - Sampled motif RMSD: 0.21
[2026-04-24 07:54:53,382][rfdiffusion.inference.model_runners][INFO] - Timestep 28, input to next step: GGGGGGGGGGGGGGGGGGGGGGGGGGG----------------------------------------
[2026-04-24 07:54:57,249][rfdiffusion.inference.utils][INFO] - Sampled motif RMSD: 0.22
[2026-04-24 07:54:57,587][rfdiffusion.inference.model_runners][INFO] - Timestep 27, input to next step: GGGGGGGGGGGGGGGGGGGGGGGGGGG----------------------------------------
[2026-04-24 07:54:59,962][rfdiffusion.inference.utils][INFO] - Sampled motif RMSD: 0.22
[2026-04-24 07:55:00,475][rfdiffusion.inference.model_runners][INFO] - Timestep 26, input to next step: GGGGGGGGGGGGGGGGGGGGGGGGGGG----------------------------------------
[2026-04-24 07:55:04,497][rfdiffusion.inference.utils][INFO] - Sampled motif RMSD: 0.21
[2026-04-24 07:55:04,874][rfdiffusion.inference.model_runners][INFO] - Timestep 25, input to next step: GGGGGGGGGGGGGGGGGGGGGGGGGGG----------------------------------------
[2026-04-24 07:55:07,648][rfdiffusion.inference.utils][INFO] - Sampled motif RMSD: 0.23
[2026-04-24 07:55:07,982][rfdiffusion.inference.model_runners][INFO] - Timestep 24, input to next step: GGGGGGGGGGGGGGGGGGGGGGGGGGG----------------------------------------
[2026-04-24 07:55:11,270][rfdiffusion.inference.utils][INFO] - Sampled motif RMSD: 0.23
[2026-04-24 07:55:11,511][rfdiffusion.inference.model_runners][INFO] - Timestep 23, input to next step: GGGGGGGGGGGGGGGGGGGGGGGGGGG----------------------------------------
[2026-04-24 07:55:14,733][rfdiffusion.inference.utils][INFO] - Sampled motif RMSD: 0.23
[2026-04-24 07:55:15,019][rfdiffusion.inference.model_runners][INFO] - Timestep 22, input to next step: GGGGGGGGGGGGGGGGGGGGGGGGGGG----------------------------------------
[2026-04-24 07:55:19,958][rfdiffusion.inference.utils][INFO] - Sampled motif RMSD: 0.23
[2026-04-24 07:55:20,225][rfdiffusion.inference.model_runners][INFO] - Timestep 21, input to next step: GGGGGGGGGGGGGGGGGGGGGGGGGGG----------------------------------------
[2026-04-24 07:55:23,579][rfdiffusion.inference.utils][INFO] - Sampled motif RMSD: 0.24
[2026-04-24 07:55:23,779][rfdiffusion.inference.model_runners][INFO] - Timestep 20, input to next step: GGGGGGGGGGGGGGGGGGGGGGGGGGG----------------------------------------
[2026-04-24 07:55:27,625][rfdiffusion.inference.utils][INFO] - Sampled motif RMSD: 0.24
[2026-04-24 07:55:27,951][rfdiffusion.inference.model_runners][INFO] - Timestep 19, input to next step: GGGGGGGGGGGGGGGGGGGGGGGGGGG----------------------------------------
[2026-04-24 07:55:32,605][rfdiffusion.inference.utils][INFO] - Sampled motif RMSD: 0.25
[2026-04-24 07:55:32,756][rfdiffusion.inference.model_runners][INFO] - Timestep 18, input to next step: GGGGGGGGGGGGGGGGGGGGGGGGGGG----------------------------------------
[2026-04-24 07:55:35,843][rfdiffusion.inference.utils][INFO] - Sampled motif RMSD: 0.27
[2026-04-24 07:55:36,079][rfdiffusion.inference.model_runners][INFO] - Timestep 17, input to next step: GGGGGGGGGGGGGGGGGGGGGGGGGGG----------------------------------------
[2026-04-24 07:55:39,893][rfdiffusion.inference.utils][INFO] - Sampled motif RMSD: 0.27
[2026-04-24 07:55:40,132][rfdiffusion.inference.model_runners][INFO] - Timestep 16, input to next step: GGGGGGGGGGGGGGGGGGGGGGGGGGG----------------------------------------
[2026-04-24 07:55:43,995][rfdiffusion.inference.utils][INFO] - Sampled motif RMSD: 0.25
[2026-04-24 07:55:44,215][rfdiffusion.inference.model_runners][INFO] - Timestep 15, input to next step: GGGGGGGGGGGGGGGGGGGGGGGGGGG----------------------------------------
[2026-04-24 07:55:47,919][rfdiffusion.inference.utils][INFO] - Sampled motif RMSD: 0.26
[2026-04-24 07:55:48,238][rfdiffusion.inference.model_runners][INFO] - Timestep 14, input to next step: GGGGGGGGGGGGGGGGGGGGGGGGGGG----------------------------------------
[2026-04-24 07:55:50,893][rfdiffusion.inference.utils][INFO] - Sampled motif RMSD: 0.27
[2026-04-24 07:55:51,082][rfdiffusion.inference.model_runners][INFO] - Timestep 13, input to next step: GGGGGGGGGGGGGGGGGGGGGGGGGGG----------------------------------------
[2026-04-24 07:55:53,905][rfdiffusion.inference.utils][INFO] - Sampled motif RMSD: 0.27
[2026-04-24 07:55:54,235][rfdiffusion.inference.model_runners][INFO] - Timestep 12, input to next step: GGGGGGGGGGGGGGGGGGGGGGGGGGG----------------------------------------
[2026-04-24 07:55:57,424][rfdiffusion.inference.utils][INFO] - Sampled motif RMSD: 0.28
[2026-04-24 07:55:57,641][rfdiffusion.inference.model_runners][INFO] - Timestep 11, input to next step: GGGGGGGGGGGGGGGGGGGGGGGGGGG----------------------------------------
[2026-04-24 07:56:01,670][rfdiffusion.inference.utils][INFO] - Sampled motif RMSD: 0.29
[2026-04-24 07:56:01,923][rfdiffusion.inference.model_runners][INFO] - Timestep 10, input to next step: GGGGGGGGGGGGGGGGGGGGGGGGGGG----------------------------------------
[2026-04-24 07:56:04,971][rfdiffusion.inference.utils][INFO] - Sampled motif RMSD: 0.28
[2026-04-24 07:56:05,149][rfdiffusion.inference.model_runners][INFO] - Timestep 9, input to next step: GGGGGGGGGGGGGGGGGGGGGGGGGGG----------------------------------------
[2026-04-24 07:56:06,924][rfdiffusion.inference.utils][INFO] - Sampled motif RMSD: 0.27
[2026-04-24 07:56:07,238][rfdiffusion.inference.model_runners][INFO] - Timestep 8, input to next step: GGGGGGGGGGGGGGGGGGGGGGGGGGG----------------------------------------
[2026-04-24 07:56:11,968][rfdiffusion.inference.utils][INFO] - Sampled motif RMSD: 0.27
[2026-04-24 07:56:12,358][rfdiffusion.inference.model_runners][INFO] - Timestep 7, input to next step: GGGGGGGGGGGGGGGGGGGGGGGGGGG----------------------------------------
[2026-04-24 07:56:16,377][rfdiffusion.inference.utils][INFO] - Sampled motif RMSD: 0.27
[2026-04-24 07:56:16,738][rfdiffusion.inference.model_runners][INFO] - Timestep 6, input to next step: GGGGGGGGGGGGGGGGGGGGGGGGGGG----------------------------------------
[2026-04-24 07:56:21,588][rfdiffusion.inference.utils][INFO] - Sampled motif RMSD: 0.26
[2026-04-24 07:56:21,753][rfdiffusion.inference.model_runners][INFO] - Timestep 5, input to next step: GGGGGGGGGGGGGGGGGGGGGGGGGGG----------------------------------------
[2026-04-24 07:56:25,457][rfdiffusion.inference.utils][INFO] - Sampled motif RMSD: 0.26
[2026-04-24 07:56:25,712][rfdiffusion.inference.model_runners][INFO] - Timestep 4, input to next step: GGGGGGGGGGGGGGGGGGGGGGGGGGG----------------------------------------
[2026-04-24 07:56:30,472][rfdiffusion.inference.utils][INFO] - Sampled motif RMSD: 0.27
[2026-04-24 07:56:30,821][rfdiffusion.inference.model_runners][INFO] - Timestep 3, input to next step: GGGGGGGGGGGGGGGGGGGGGGGGGGG----------------------------------------
[2026-04-24 07:56:33,977][rfdiffusion.inference.utils][INFO] - Sampled motif RMSD: 0.27
[2026-04-24 07:56:34,374][rfdiffusion.inference.model_runners][INFO] - Timestep 2, input to next step: GGGGGGGGGGGGGGGGGGGGGGGGGGG----------------------------------------
[2026-04-24 07:56:41,818][__main__][INFO] - Finished design in 3.69 minutes
