[2026-04-24 06:17:30,097][__main__][INFO] - Found GPU with device_name NVIDIA A100-SXM4-80GB. Will run RFdiffusion on NVIDIA A100-SXM4-80GB
Reading models from /lambda/nfs/manvi/Team_8_CS598GBL/RFdiffusion/rfdiffusion/inference/../../models
[2026-04-24 06:17:30,102][rfdiffusion.inference.model_runners][INFO] - Reading checkpoint from /lambda/nfs/manvi/Team_8_CS598GBL/RFdiffusion/rfdiffusion/inference/../../models/Base_ckpt.pt
This is inf_conf.ckpt_path
/lambda/nfs/manvi/Team_8_CS598GBL/RFdiffusion/rfdiffusion/inference/../../models/Base_ckpt.pt
Assembling -model, -diffuser and -preprocess configs from checkpoint
USING MODEL CONFIG: self._conf[model][n_extra_block] = 4
USING MODEL CONFIG: self._conf[model][n_main_block] = 32
USING MODEL CONFIG: self._conf[model][n_ref_block] = 4
USING MODEL CONFIG: self._conf[model][d_msa] = 256
USING MODEL CONFIG: self._conf[model][d_msa_full] = 64
USING MODEL CONFIG: self._conf[model][d_pair] = 128
USING MODEL CONFIG: self._conf[model][d_templ] = 64
USING MODEL CONFIG: self._conf[model][n_head_msa] = 8
USING MODEL CONFIG: self._conf[model][n_head_pair] = 4
USING MODEL CONFIG: self._conf[model][n_head_templ] = 4
USING MODEL CONFIG: self._conf[model][d_hidden] = 32
USING MODEL CONFIG: self._conf[model][d_hidden_templ] = 32
USING MODEL CONFIG: self._conf[model][p_drop] = 0.15
USING MODEL CONFIG: self._conf[model][SE3_param_full] = {'num_layers': 1, 'num_channels': 32, 'num_degrees': 2, 'n_heads': 4, 'div': 4, 'l0_in_features': 8, 'l0_out_features': 8, 'l1_in_features': 3, 'l1_out_features': 2, 'num_edge_features': 32}
USING MODEL CONFIG: self._conf[model][SE3_param_topk] = {'num_layers': 1, 'num_channels': 32, 'num_degrees': 2, 'n_heads': 4, 'div': 4, 'l0_in_features': 64, 'l0_out_features': 64, 'l1_in_features': 3, 'l1_out_features': 2, 'num_edge_features': 64}
USING MODEL CONFIG: self._conf[model][freeze_track_motif] = False
USING MODEL CONFIG: self._conf[model][use_motif_timestep] = True
USING MODEL CONFIG: self._conf[diffuser][T] = 50
USING MODEL CONFIG: self._conf[diffuser][b_0] = 0.01
USING MODEL CONFIG: self._conf[diffuser][b_T] = 0.07
USING MODEL CONFIG: self._conf[diffuser][schedule_type] = linear
USING MODEL CONFIG: self._conf[diffuser][so3_type] = igso3
USING MODEL CONFIG: self._conf[diffuser][crd_scale] = 0.25
USING MODEL CONFIG: self._conf[diffuser][so3_schedule_type] = linear
USING MODEL CONFIG: self._conf[diffuser][min_b] = 1.5
USING MODEL CONFIG: self._conf[diffuser][max_b] = 2.5
USING MODEL CONFIG: self._conf[diffuser][min_sigma] = 0.02
USING MODEL CONFIG: self._conf[diffuser][max_sigma] = 1.5
USING MODEL CONFIG: self._conf[preprocess][sidechain_input] = False
USING MODEL CONFIG: self._conf[preprocess][motif_sidechain_input] = True
USING MODEL CONFIG: self._conf[preprocess][d_t1d] = 22
USING MODEL CONFIG: self._conf[preprocess][d_t2d] = 44
USING MODEL CONFIG: self._conf[preprocess][prob_self_cond] = 0.5
USING MODEL CONFIG: self._conf[preprocess][str_self_cond] = True
USING MODEL CONFIG: self._conf[preprocess][predict_previous] = False
[2026-04-24 06:18:11,784][rfdiffusion.inference.model_runners][INFO] - Loading checkpoint.
[2026-04-24 06:18:20,856][rfdiffusion.diffusion][INFO] - Using cached IGSO3.
Successful diffuser __init__
[2026-04-24 06:18:20,894][__main__][INFO] - Making design /lambda/nfs/manvi/Team_8_CS598GBL/outputs/custom90_128_motif_scaffolding/default/len_094/mid/scaffold_0
[2026-04-24 06:18:20,921][rfdiffusion.inference.model_runners][INFO] - Using contig: ['18-31/A32-61/18-31']
With this beta schedule (linear schedule, beta_0 = 0.04, beta_T = 0.28), alpha_bar_T = 0.00013696048699785024
[2026-04-24 06:18:21,250][rfdiffusion.inference.model_runners][INFO] - Sequence init: --------------------GGGGGGGGGGGGGGGGGGGGGGGGGGGGGG------------------
[2026-04-24 06:18:26,984][rfdiffusion.inference.utils][INFO] - Sampled motif RMSD: 0.14
[2026-04-24 06:18:27,257][rfdiffusion.inference.model_runners][INFO] - Timestep 50, input to next step: --------------------GGGGGGGGGGGGGGGGGGGGGGGGGGGGGG------------------
[2026-04-24 06:18:30,613][rfdiffusion.inference.utils][INFO] - Sampled motif RMSD: 0.11
[2026-04-24 06:18:30,904][rfdiffusion.inference.model_runners][INFO] - Timestep 49, input to next step: --------------------GGGGGGGGGGGGGGGGGGGGGGGGGGGGGG------------------
[2026-04-24 06:18:33,813][rfdiffusion.inference.utils][INFO] - Sampled motif RMSD: 0.10
[2026-04-24 06:18:34,047][rfdiffusion.inference.model_runners][INFO] - Timestep 48, input to next step: --------------------GGGGGGGGGGGGGGGGGGGGGGGGGGGGGG------------------
[2026-04-24 06:18:37,432][rfdiffusion.inference.utils][INFO] - Sampled motif RMSD: 0.11
[2026-04-24 06:18:37,674][rfdiffusion.inference.model_runners][INFO] - Timestep 47, input to next step: --------------------GGGGGGGGGGGGGGGGGGGGGGGGGGGGGG------------------
[2026-04-24 06:18:41,579][rfdiffusion.inference.utils][INFO] - Sampled motif RMSD: 0.10
[2026-04-24 06:18:41,812][rfdiffusion.inference.model_runners][INFO] - Timestep 46, input to next step: --------------------GGGGGGGGGGGGGGGGGGGGGGGGGGGGGG------------------
[2026-04-24 06:18:45,673][rfdiffusion.inference.utils][INFO] - Sampled motif RMSD: 0.10
[2026-04-24 06:18:45,867][rfdiffusion.inference.model_runners][INFO] - Timestep 45, input to next step: --------------------GGGGGGGGGGGGGGGGGGGGGGGGGGGGGG------------------
[2026-04-24 06:18:48,727][rfdiffusion.inference.utils][INFO] - Sampled motif RMSD: 0.10
[2026-04-24 06:18:48,929][rfdiffusion.inference.model_runners][INFO] - Timestep 44, input to next step: --------------------GGGGGGGGGGGGGGGGGGGGGGGGGGGGGG------------------
[2026-04-24 06:18:52,748][rfdiffusion.inference.utils][INFO] - Sampled motif RMSD: 0.11
[2026-04-24 06:18:52,837][rfdiffusion.inference.model_runners][INFO] - Timestep 43, input to next step: --------------------GGGGGGGGGGGGGGGGGGGGGGGGGGGGGG------------------
[2026-04-24 06:18:56,994][rfdiffusion.inference.utils][INFO] - Sampled motif RMSD: 0.10
[2026-04-24 06:18:57,210][rfdiffusion.inference.model_runners][INFO] - Timestep 42, input to next step: --------------------GGGGGGGGGGGGGGGGGGGGGGGGGGGGGG------------------
[2026-04-24 06:19:01,030][rfdiffusion.inference.utils][INFO] - Sampled motif RMSD: 0.10
[2026-04-24 06:19:01,235][rfdiffusion.inference.model_runners][INFO] - Timestep 41, input to next step: --------------------GGGGGGGGGGGGGGGGGGGGGGGGGGGGGG------------------
[2026-04-24 06:19:05,038][rfdiffusion.inference.utils][INFO] - Sampled motif RMSD: 0.10
[2026-04-24 06:19:05,181][rfdiffusion.inference.model_runners][INFO] - Timestep 40, input to next step: --------------------GGGGGGGGGGGGGGGGGGGGGGGGGGGGGG------------------
[2026-04-24 06:19:07,667][rfdiffusion.inference.utils][INFO] - Sampled motif RMSD: 0.10
[2026-04-24 06:19:07,827][rfdiffusion.inference.model_runners][INFO] - Timestep 39, input to next step: --------------------GGGGGGGGGGGGGGGGGGGGGGGGGGGGGG------------------
[2026-04-24 06:19:11,988][rfdiffusion.inference.utils][INFO] - Sampled motif RMSD: 0.09
[2026-04-24 06:19:12,079][rfdiffusion.inference.model_runners][INFO] - Timestep 38, input to next step: --------------------GGGGGGGGGGGGGGGGGGGGGGGGGGGGGG------------------
[2026-04-24 06:19:16,684][rfdiffusion.inference.utils][INFO] - Sampled motif RMSD: 0.09
[2026-04-24 06:19:17,045][rfdiffusion.inference.model_runners][INFO] - Timestep 37, input to next step: --------------------GGGGGGGGGGGGGGGGGGGGGGGGGGGGGG------------------
[2026-04-24 06:19:19,633][rfdiffusion.inference.utils][INFO] - Sampled motif RMSD: 0.10
[2026-04-24 06:19:19,987][rfdiffusion.inference.model_runners][INFO] - Timestep 36, input to next step: --------------------GGGGGGGGGGGGGGGGGGGGGGGGGGGGGG------------------
[2026-04-24 06:19:24,063][rfdiffusion.inference.utils][INFO] - Sampled motif RMSD: 0.10
[2026-04-24 06:19:24,402][rfdiffusion.inference.model_runners][INFO] - Timestep 35, input to next step: --------------------GGGGGGGGGGGGGGGGGGGGGGGGGGGGGG------------------
[2026-04-24 06:19:27,029][rfdiffusion.inference.utils][INFO] - Sampled motif RMSD: 0.11
[2026-04-24 06:19:27,473][rfdiffusion.inference.model_runners][INFO] - Timestep 34, input to next step: --------------------GGGGGGGGGGGGGGGGGGGGGGGGGGGGGG------------------
[2026-04-24 06:19:30,123][rfdiffusion.inference.utils][INFO] - Sampled motif RMSD: 0.10
[2026-04-24 06:19:30,314][rfdiffusion.inference.model_runners][INFO] - Timestep 33, input to next step: --------------------GGGGGGGGGGGGGGGGGGGGGGGGGGGGGG------------------
[2026-04-24 06:19:35,586][rfdiffusion.inference.utils][INFO] - Sampled motif RMSD: 0.09
[2026-04-24 06:19:35,955][rfdiffusion.inference.model_runners][INFO] - Timestep 32, input to next step: --------------------GGGGGGGGGGGGGGGGGGGGGGGGGGGGGG------------------
[2026-04-24 06:19:39,629][rfdiffusion.inference.utils][INFO] - Sampled motif RMSD: 0.10
[2026-04-24 06:19:39,918][rfdiffusion.inference.model_runners][INFO] - Timestep 31, input to next step: --------------------GGGGGGGGGGGGGGGGGGGGGGGGGGGGGG------------------
[2026-04-24 06:19:43,165][rfdiffusion.inference.utils][INFO] - Sampled motif RMSD: 0.10
[2026-04-24 06:19:43,353][rfdiffusion.inference.model_runners][INFO] - Timestep 30, input to next step: --------------------GGGGGGGGGGGGGGGGGGGGGGGGGGGGGG------------------
[2026-04-24 06:19:49,173][rfdiffusion.inference.utils][INFO] - Sampled motif RMSD: 0.09
[2026-04-24 06:19:49,788][rfdiffusion.inference.model_runners][INFO] - Timestep 29, input to next step: --------------------GGGGGGGGGGGGGGGGGGGGGGGGGGGGGG------------------
[2026-04-24 06:19:53,401][rfdiffusion.inference.utils][INFO] - Sampled motif RMSD: 0.09
[2026-04-24 06:19:53,735][rfdiffusion.inference.model_runners][INFO] - Timestep 28, input to next step: --------------------GGGGGGGGGGGGGGGGGGGGGGGGGGGGGG------------------
[2026-04-24 06:19:57,143][rfdiffusion.inference.utils][INFO] - Sampled motif RMSD: 0.09
[2026-04-24 06:19:57,421][rfdiffusion.inference.model_runners][INFO] - Timestep 27, input to next step: --------------------GGGGGGGGGGGGGGGGGGGGGGGGGGGGGG------------------
[2026-04-24 06:20:01,672][rfdiffusion.inference.utils][INFO] - Sampled motif RMSD: 0.09
[2026-04-24 06:20:01,935][rfdiffusion.inference.model_runners][INFO] - Timestep 26, input to next step: --------------------GGGGGGGGGGGGGGGGGGGGGGGGGGGGGG------------------
[2026-04-24 06:20:07,513][rfdiffusion.inference.utils][INFO] - Sampled motif RMSD: 0.09
[2026-04-24 06:20:07,858][rfdiffusion.inference.model_runners][INFO] - Timestep 25, input to next step: --------------------GGGGGGGGGGGGGGGGGGGGGGGGGGGGGG------------------
[2026-04-24 06:20:11,109][rfdiffusion.inference.utils][INFO] - Sampled motif RMSD: 0.09
[2026-04-24 06:20:11,532][rfdiffusion.inference.model_runners][INFO] - Timestep 24, input to next step: --------------------GGGGGGGGGGGGGGGGGGGGGGGGGGGGGG------------------
[2026-04-24 06:20:14,457][rfdiffusion.inference.utils][INFO] - Sampled motif RMSD: 0.08
[2026-04-24 06:20:15,053][rfdiffusion.inference.model_runners][INFO] - Timestep 23, input to next step: --------------------GGGGGGGGGGGGGGGGGGGGGGGGGGGGGG------------------
[2026-04-24 06:20:18,611][rfdiffusion.inference.utils][INFO] - Sampled motif RMSD: 0.08
[2026-04-24 06:20:19,255][rfdiffusion.inference.model_runners][INFO] - Timestep 22, input to next step: --------------------GGGGGGGGGGGGGGGGGGGGGGGGGGGGGG------------------
[2026-04-24 06:20:23,413][rfdiffusion.inference.utils][INFO] - Sampled motif RMSD: 0.08
[2026-04-24 06:20:23,940][rfdiffusion.inference.model_runners][INFO] - Timestep 21, input to next step: --------------------GGGGGGGGGGGGGGGGGGGGGGGGGGGGGG------------------
[2026-04-24 06:20:28,992][rfdiffusion.inference.utils][INFO] - Sampled motif RMSD: 0.09
[2026-04-24 06:20:29,392][rfdiffusion.inference.model_runners][INFO] - Timestep 20, input to next step: --------------------GGGGGGGGGGGGGGGGGGGGGGGGGGGGGG------------------
[2026-04-24 06:20:33,932][rfdiffusion.inference.utils][INFO] - Sampled motif RMSD: 0.08
[2026-04-24 06:20:34,199][rfdiffusion.inference.model_runners][INFO] - Timestep 19, input to next step: --------------------GGGGGGGGGGGGGGGGGGGGGGGGGGGGGG------------------
[2026-04-24 06:20:39,003][rfdiffusion.inference.utils][INFO] - Sampled motif RMSD: 0.08
[2026-04-24 06:20:39,293][rfdiffusion.inference.model_runners][INFO] - Timestep 18, input to next step: --------------------GGGGGGGGGGGGGGGGGGGGGGGGGGGGGG------------------
[2026-04-24 06:20:43,698][rfdiffusion.inference.utils][INFO] - Sampled motif RMSD: 0.08
[2026-04-24 06:20:44,249][rfdiffusion.inference.model_runners][INFO] - Timestep 17, input to next step: --------------------GGGGGGGGGGGGGGGGGGGGGGGGGGGGGG------------------
[2026-04-24 06:20:49,414][rfdiffusion.inference.utils][INFO] - Sampled motif RMSD: 0.08
[2026-04-24 06:20:49,926][rfdiffusion.inference.model_runners][INFO] - Timestep 16, input to next step: --------------------GGGGGGGGGGGGGGGGGGGGGGGGGGGGGG------------------
[2026-04-24 06:20:54,849][rfdiffusion.inference.utils][INFO] - Sampled motif RMSD: 0.08
[2026-04-24 06:20:55,345][rfdiffusion.inference.model_runners][INFO] - Timestep 15, input to next step: --------------------GGGGGGGGGGGGGGGGGGGGGGGGGGGGGG------------------
[2026-04-24 06:20:59,704][rfdiffusion.inference.utils][INFO] - Sampled motif RMSD: 0.08
[2026-04-24 06:21:00,278][rfdiffusion.inference.model_runners][INFO] - Timestep 14, input to next step: --------------------GGGGGGGGGGGGGGGGGGGGGGGGGGGGGG------------------
[2026-04-24 06:21:04,208][rfdiffusion.inference.utils][INFO] - Sampled motif RMSD: 0.09
[2026-04-24 06:21:04,705][rfdiffusion.inference.model_runners][INFO] - Timestep 13, input to next step: --------------------GGGGGGGGGGGGGGGGGGGGGGGGGGGGGG------------------
[2026-04-24 06:21:08,332][rfdiffusion.inference.utils][INFO] - Sampled motif RMSD: 0.08
[2026-04-24 06:21:08,681][rfdiffusion.inference.model_runners][INFO] - Timestep 12, input to next step: --------------------GGGGGGGGGGGGGGGGGGGGGGGGGGGGGG------------------
[2026-04-24 06:21:12,681][rfdiffusion.inference.utils][INFO] - Sampled motif RMSD: 0.08
[2026-04-24 06:21:13,148][rfdiffusion.inference.model_runners][INFO] - Timestep 11, input to next step: --------------------GGGGGGGGGGGGGGGGGGGGGGGGGGGGGG------------------
[2026-04-24 06:21:17,140][rfdiffusion.inference.utils][INFO] - Sampled motif RMSD: 0.08
[2026-04-24 06:21:17,380][rfdiffusion.inference.model_runners][INFO] - Timestep 10, input to next step: --------------------GGGGGGGGGGGGGGGGGGGGGGGGGGGGGG------------------
[2026-04-24 06:21:21,686][rfdiffusion.inference.utils][INFO] - Sampled motif RMSD: 0.08
[2026-04-24 06:21:22,113][rfdiffusion.inference.model_runners][INFO] - Timestep 9, input to next step: --------------------GGGGGGGGGGGGGGGGGGGGGGGGGGGGGG------------------
[2026-04-24 06:21:26,725][rfdiffusion.inference.utils][INFO] - Sampled motif RMSD: 0.09
[2026-04-24 06:21:27,178][rfdiffusion.inference.model_runners][INFO] - Timestep 8, input to next step: --------------------GGGGGGGGGGGGGGGGGGGGGGGGGGGGGG------------------
[2026-04-24 06:21:30,791][rfdiffusion.inference.utils][INFO] - Sampled motif RMSD: 0.09
[2026-04-24 06:21:31,093][rfdiffusion.inference.model_runners][INFO] - Timestep 7, input to next step: --------------------GGGGGGGGGGGGGGGGGGGGGGGGGGGGGG------------------
[2026-04-24 06:21:35,540][rfdiffusion.inference.utils][INFO] - Sampled motif RMSD: 0.09
[2026-04-24 06:21:35,835][rfdiffusion.inference.model_runners][INFO] - Timestep 6, input to next step: --------------------GGGGGGGGGGGGGGGGGGGGGGGGGGGGGG------------------
[2026-04-24 06:21:40,211][rfdiffusion.inference.utils][INFO] - Sampled motif RMSD: 0.09
[2026-04-24 06:21:40,672][rfdiffusion.inference.model_runners][INFO] - Timestep 5, input to next step: --------------------GGGGGGGGGGGGGGGGGGGGGGGGGGGGGG------------------
[2026-04-24 06:21:44,161][rfdiffusion.inference.utils][INFO] - Sampled motif RMSD: 0.09
[2026-04-24 06:21:44,620][rfdiffusion.inference.model_runners][INFO] - Timestep 4, input to next step: --------------------GGGGGGGGGGGGGGGGGGGGGGGGGGGGGG------------------
[2026-04-24 06:21:48,110][rfdiffusion.inference.utils][INFO] - Sampled motif RMSD: 0.09
[2026-04-24 06:21:48,313][rfdiffusion.inference.model_runners][INFO] - Timestep 3, input to next step: --------------------GGGGGGGGGGGGGGGGGGGGGGGGGGGGGG------------------
[2026-04-24 06:21:53,491][rfdiffusion.inference.utils][INFO] - Sampled motif RMSD: 0.09
[2026-04-24 06:21:53,793][rfdiffusion.inference.model_runners][INFO] - Timestep 2, input to next step: --------------------GGGGGGGGGGGGGGGGGGGGGGGGGGGGGG------------------
[2026-04-24 06:22:00,795][__main__][INFO] - Finished design in 3.67 minutes
[2026-04-24 06:22:00,796][__main__][INFO] - Making design /lambda/nfs/manvi/Team_8_CS598GBL/outputs/custom90_128_motif_scaffolding/default/len_094/mid/scaffold_1
[2026-04-24 06:22:00,820][rfdiffusion.inference.model_runners][INFO] - Using contig: ['18-31/A32-61/18-31']
With this beta schedule (linear schedule, beta_0 = 0.04, beta_T = 0.28), alpha_bar_T = 0.00013696048699785024
[2026-04-24 06:22:01,519][rfdiffusion.inference.model_runners][INFO] - Sequence init: ---------------------------GGGGGGGGGGGGGGGGGGGGGGGGGGGGGG-----------------------
[2026-04-24 06:22:07,911][rfdiffusion.inference.utils][INFO] - Sampled motif RMSD: 0.14
[2026-04-24 06:22:08,498][rfdiffusion.inference.model_runners][INFO] - Timestep 50, input to next step: ---------------------------GGGGGGGGGGGGGGGGGGGGGGGGGGGGGG-----------------------
[2026-04-24 06:22:15,471][rfdiffusion.inference.utils][INFO] - Sampled motif RMSD: 0.11
[2026-04-24 06:22:15,685][rfdiffusion.inference.model_runners][INFO] - Timestep 49, input to next step: ---------------------------GGGGGGGGGGGGGGGGGGGGGGGGGGGGGG-----------------------
[2026-04-24 06:22:20,436][rfdiffusion.inference.utils][INFO] - Sampled motif RMSD: 0.09
[2026-04-24 06:22:20,907][rfdiffusion.inference.model_runners][INFO] - Timestep 48, input to next step: ---------------------------GGGGGGGGGGGGGGGGGGGGGGGGGGGGGG-----------------------
[2026-04-24 06:22:27,100][rfdiffusion.inference.utils][INFO] - Sampled motif RMSD: 0.10
[2026-04-24 06:22:27,457][rfdiffusion.inference.model_runners][INFO] - Timestep 47, input to next step: ---------------------------GGGGGGGGGGGGGGGGGGGGGGGGGGGGGG-----------------------
[2026-04-24 06:22:32,783][rfdiffusion.inference.utils][INFO] - Sampled motif RMSD: 0.10
[2026-04-24 06:22:33,002][rfdiffusion.inference.model_runners][INFO] - Timestep 46, input to next step: ---------------------------GGGGGGGGGGGGGGGGGGGGGGGGGGGGGG-----------------------
[2026-04-24 06:22:37,642][rfdiffusion.inference.utils][INFO] - Sampled motif RMSD: 0.10
[2026-04-24 06:22:37,831][rfdiffusion.inference.model_runners][INFO] - Timestep 45, input to next step: ---------------------------GGGGGGGGGGGGGGGGGGGGGGGGGGGGGG-----------------------
[2026-04-24 06:22:43,457][rfdiffusion.inference.utils][INFO] - Sampled motif RMSD: 0.10
[2026-04-24 06:22:43,792][rfdiffusion.inference.model_runners][INFO] - Timestep 44, input to next step: ---------------------------GGGGGGGGGGGGGGGGGGGGGGGGGGGGGG-----------------------
[2026-04-24 06:22:48,625][rfdiffusion.inference.utils][INFO] - Sampled motif RMSD: 0.10
[2026-04-24 06:22:48,807][rfdiffusion.inference.model_runners][INFO] - Timestep 43, input to next step: ---------------------------GGGGGGGGGGGGGGGGGGGGGGGGGGGGGG-----------------------
[2026-04-24 06:22:54,131][rfdiffusion.inference.utils][INFO] - Sampled motif RMSD: 0.11
[2026-04-24 06:22:54,290][rfdiffusion.inference.model_runners][INFO] - Timestep 42, input to next step: ---------------------------GGGGGGGGGGGGGGGGGGGGGGGGGGGGGG-----------------------
[2026-04-24 06:22:58,234][rfdiffusion.inference.utils][INFO] - Sampled motif RMSD: 0.11
[2026-04-24 06:22:58,544][rfdiffusion.inference.model_runners][INFO] - Timestep 41, input to next step: ---------------------------GGGGGGGGGGGGGGGGGGGGGGGGGGGGGG-----------------------
[2026-04-24 06:23:02,599][rfdiffusion.inference.utils][INFO] - Sampled motif RMSD: 0.11
[2026-04-24 06:23:02,906][rfdiffusion.inference.model_runners][INFO] - Timestep 40, input to next step: ---------------------------GGGGGGGGGGGGGGGGGGGGGGGGGGGGGG-----------------------
[2026-04-24 06:23:06,464][rfdiffusion.inference.utils][INFO] - Sampled motif RMSD: 0.11
[2026-04-24 06:23:06,775][rfdiffusion.inference.model_runners][INFO] - Timestep 39, input to next step: ---------------------------GGGGGGGGGGGGGGGGGGGGGGGGGGGGGG-----------------------
[2026-04-24 06:23:11,370][rfdiffusion.inference.utils][INFO] - Sampled motif RMSD: 0.10
[2026-04-24 06:23:11,664][rfdiffusion.inference.model_runners][INFO] - Timestep 38, input to next step: ---------------------------GGGGGGGGGGGGGGGGGGGGGGGGGGGGGG-----------------------
[2026-04-24 06:23:15,936][rfdiffusion.inference.utils][INFO] - Sampled motif RMSD: 0.10
[2026-04-24 06:23:16,206][rfdiffusion.inference.model_runners][INFO] - Timestep 37, input to next step: ---------------------------GGGGGGGGGGGGGGGGGGGGGGGGGGGGGG-----------------------
[2026-04-24 06:23:20,698][rfdiffusion.inference.utils][INFO] - Sampled motif RMSD: 0.10
[2026-04-24 06:23:20,921][rfdiffusion.inference.model_runners][INFO] - Timestep 36, input to next step: ---------------------------GGGGGGGGGGGGGGGGGGGGGGGGGGGGGG-----------------------
[2026-04-24 06:23:24,920][rfdiffusion.inference.utils][INFO] - Sampled motif RMSD: 0.09
[2026-04-24 06:23:25,205][rfdiffusion.inference.model_runners][INFO] - Timestep 35, input to next step: ---------------------------GGGGGGGGGGGGGGGGGGGGGGGGGGGGGG-----------------------
[2026-04-24 06:23:30,102][rfdiffusion.inference.utils][INFO] - Sampled motif RMSD: 0.09
[2026-04-24 06:23:30,490][rfdiffusion.inference.model_runners][INFO] - Timestep 34, input to next step: ---------------------------GGGGGGGGGGGGGGGGGGGGGGGGGGGGGG-----------------------
[2026-04-24 06:23:35,370][rfdiffusion.inference.utils][INFO] - Sampled motif RMSD: 0.10
[2026-04-24 06:23:35,874][rfdiffusion.inference.model_runners][INFO] - Timestep 33, input to next step: ---------------------------GGGGGGGGGGGGGGGGGGGGGGGGGGGGGG-----------------------
[2026-04-24 06:23:41,016][rfdiffusion.inference.utils][INFO] - Sampled motif RMSD: 0.10
[2026-04-24 06:23:41,308][rfdiffusion.inference.model_runners][INFO] - Timestep 32, input to next step: ---------------------------GGGGGGGGGGGGGGGGGGGGGGGGGGGGGG-----------------------
[2026-04-24 06:23:45,942][rfdiffusion.inference.utils][INFO] - Sampled motif RMSD: 0.10
[2026-04-24 06:23:46,285][rfdiffusion.inference.model_runners][INFO] - Timestep 31, input to next step: ---------------------------GGGGGGGGGGGGGGGGGGGGGGGGGGGGGG-----------------------
[2026-04-24 06:23:49,874][rfdiffusion.inference.utils][INFO] - Sampled motif RMSD: 0.09
[2026-04-24 06:23:49,995][rfdiffusion.inference.model_runners][INFO] - Timestep 30, input to next step: ---------------------------GGGGGGGGGGGGGGGGGGGGGGGGGGGGGG-----------------------
[2026-04-24 06:23:54,804][rfdiffusion.inference.utils][INFO] - Sampled motif RMSD: 0.09
[2026-04-24 06:23:54,950][rfdiffusion.inference.model_runners][INFO] - Timestep 29, input to next step: ---------------------------GGGGGGGGGGGGGGGGGGGGGGGGGGGGGG-----------------------
[2026-04-24 06:24:00,151][rfdiffusion.inference.utils][INFO] - Sampled motif RMSD: 0.10
[2026-04-24 06:24:00,605][rfdiffusion.inference.model_runners][INFO] - Timestep 28, input to next step: ---------------------------GGGGGGGGGGGGGGGGGGGGGGGGGGGGGG-----------------------
[2026-04-24 06:24:05,968][rfdiffusion.inference.utils][INFO] - Sampled motif RMSD: 0.10
[2026-04-24 06:24:06,329][rfdiffusion.inference.model_runners][INFO] - Timestep 27, input to next step: ---------------------------GGGGGGGGGGGGGGGGGGGGGGGGGGGGGG-----------------------
[2026-04-24 06:24:11,109][rfdiffusion.inference.utils][INFO] - Sampled motif RMSD: 0.11
[2026-04-24 06:24:11,505][rfdiffusion.inference.model_runners][INFO] - Timestep 26, input to next step: ---------------------------GGGGGGGGGGGGGGGGGGGGGGGGGGGGGG-----------------------
[2026-04-24 06:24:16,373][rfdiffusion.inference.utils][INFO] - Sampled motif RMSD: 0.11
[2026-04-24 06:24:16,835][rfdiffusion.inference.model_runners][INFO] - Timestep 25, input to next step: ---------------------------GGGGGGGGGGGGGGGGGGGGGGGGGGGGGG-----------------------
[2026-04-24 06:24:21,599][rfdiffusion.inference.utils][INFO] - Sampled motif RMSD: 0.11
[2026-04-24 06:24:22,021][rfdiffusion.inference.model_runners][INFO] - Timestep 24, input to next step: ---------------------------GGGGGGGGGGGGGGGGGGGGGGGGGGGGGG-----------------------
[2026-04-24 06:24:28,106][rfdiffusion.inference.utils][INFO] - Sampled motif RMSD: 0.11
[2026-04-24 06:24:28,627][rfdiffusion.inference.model_runners][INFO] - Timestep 23, input to next step: ---------------------------GGGGGGGGGGGGGGGGGGGGGGGGGGGGGG-----------------------
[2026-04-24 06:24:34,703][rfdiffusion.inference.utils][INFO] - Sampled motif RMSD: 0.11
[2026-04-24 06:24:35,141][rfdiffusion.inference.model_runners][INFO] - Timestep 22, input to next step: ---------------------------GGGGGGGGGGGGGGGGGGGGGGGGGGGGGG-----------------------
[2026-04-24 06:24:42,011][rfdiffusion.inference.utils][INFO] - Sampled motif RMSD: 0.10
[2026-04-24 06:24:42,475][rfdiffusion.inference.model_runners][INFO] - Timestep 21, input to next step: ---------------------------GGGGGGGGGGGGGGGGGGGGGGGGGGGGGG-----------------------
[2026-04-24 06:24:47,816][rfdiffusion.inference.utils][INFO] - Sampled motif RMSD: 0.11
[2026-04-24 06:24:48,194][rfdiffusion.inference.model_runners][INFO] - Timestep 20, input to next step: ---------------------------GGGGGGGGGGGGGGGGGGGGGGGGGGGGGG-----------------------
[2026-04-24 06:24:54,348][rfdiffusion.inference.utils][INFO] - Sampled motif RMSD: 0.11
[2026-04-24 06:24:54,770][rfdiffusion.inference.model_runners][INFO] - Timestep 19, input to next step: ---------------------------GGGGGGGGGGGGGGGGGGGGGGGGGGGGGG-----------------------
[2026-04-24 06:25:00,790][rfdiffusion.inference.utils][INFO] - Sampled motif RMSD: 0.09
[2026-04-24 06:25:01,243][rfdiffusion.inference.model_runners][INFO] - Timestep 18, input to next step: ---------------------------GGGGGGGGGGGGGGGGGGGGGGGGGGGGGG-----------------------
[2026-04-24 06:25:07,693][rfdiffusion.inference.utils][INFO] - Sampled motif RMSD: 0.10
[2026-04-24 06:25:08,249][rfdiffusion.inference.model_runners][INFO] - Timestep 17, input to next step: ---------------------------GGGGGGGGGGGGGGGGGGGGGGGGGGGGGG-----------------------
[2026-04-24 06:25:12,387][rfdiffusion.inference.utils][INFO] - Sampled motif RMSD: 0.09
[2026-04-24 06:25:12,658][rfdiffusion.inference.model_runners][INFO] - Timestep 16, input to next step: ---------------------------GGGGGGGGGGGGGGGGGGGGGGGGGGGGGG-----------------------
[2026-04-24 06:25:17,331][rfdiffusion.inference.utils][INFO] - Sampled motif RMSD: 0.10
[2026-04-24 06:25:17,582][rfdiffusion.inference.model_runners][INFO] - Timestep 15, input to next step: ---------------------------GGGGGGGGGGGGGGGGGGGGGGGGGGGGGG-----------------------
[2026-04-24 06:25:21,544][rfdiffusion.inference.utils][INFO] - Sampled motif RMSD: 0.10
[2026-04-24 06:25:21,993][rfdiffusion.inference.model_runners][INFO] - Timestep 14, input to next step: ---------------------------GGGGGGGGGGGGGGGGGGGGGGGGGGGGGG-----------------------
[2026-04-24 06:25:26,794][rfdiffusion.inference.utils][INFO] - Sampled motif RMSD: 0.09
[2026-04-24 06:25:27,120][rfdiffusion.inference.model_runners][INFO] - Timestep 13, input to next step: ---------------------------GGGGGGGGGGGGGGGGGGGGGGGGGGGGGG-----------------------
[2026-04-24 06:25:31,828][rfdiffusion.inference.utils][INFO] - Sampled motif RMSD: 0.10
[2026-04-24 06:25:32,167][rfdiffusion.inference.model_runners][INFO] - Timestep 12, input to next step: ---------------------------GGGGGGGGGGGGGGGGGGGGGGGGGGGGGG-----------------------
[2026-04-24 06:25:37,364][rfdiffusion.inference.utils][INFO] - Sampled motif RMSD: 0.10
[2026-04-24 06:25:37,711][rfdiffusion.inference.model_runners][INFO] - Timestep 11, input to next step: ---------------------------GGGGGGGGGGGGGGGGGGGGGGGGGGGGGG-----------------------
[2026-04-24 06:25:42,672][rfdiffusion.inference.utils][INFO] - Sampled motif RMSD: 0.10
[2026-04-24 06:25:43,138][rfdiffusion.inference.model_runners][INFO] - Timestep 10, input to next step: ---------------------------GGGGGGGGGGGGGGGGGGGGGGGGGGGGGG-----------------------
[2026-04-24 06:25:45,903][rfdiffusion.inference.utils][INFO] - Sampled motif RMSD: 0.09
[2026-04-24 06:25:46,332][rfdiffusion.inference.model_runners][INFO] - Timestep 9, input to next step: ---------------------------GGGGGGGGGGGGGGGGGGGGGGGGGGGGGG-----------------------
[2026-04-24 06:25:50,947][rfdiffusion.inference.utils][INFO] - Sampled motif RMSD: 0.10
[2026-04-24 06:25:51,467][rfdiffusion.inference.model_runners][INFO] - Timestep 8, input to next step: ---------------------------GGGGGGGGGGGGGGGGGGGGGGGGGGGGGG-----------------------
[2026-04-24 06:25:57,823][rfdiffusion.inference.utils][INFO] - Sampled motif RMSD: 0.10
[2026-04-24 06:25:58,259][rfdiffusion.inference.model_runners][INFO] - Timestep 7, input to next step: ---------------------------GGGGGGGGGGGGGGGGGGGGGGGGGGGGGG-----------------------
[2026-04-24 06:26:02,870][rfdiffusion.inference.utils][INFO] - Sampled motif RMSD: 0.10
[2026-04-24 06:26:03,349][rfdiffusion.inference.model_runners][INFO] - Timestep 6, input to next step: ---------------------------GGGGGGGGGGGGGGGGGGGGGGGGGGGGGG-----------------------
[2026-04-24 06:26:08,953][rfdiffusion.inference.utils][INFO] - Sampled motif RMSD: 0.10
[2026-04-24 06:26:09,423][rfdiffusion.inference.model_runners][INFO] - Timestep 5, input to next step: ---------------------------GGGGGGGGGGGGGGGGGGGGGGGGGGGGGG-----------------------
[2026-04-24 06:26:12,403][rfdiffusion.inference.utils][INFO] - Sampled motif RMSD: 0.10
[2026-04-24 06:26:12,839][rfdiffusion.inference.model_runners][INFO] - Timestep 4, input to next step: ---------------------------GGGGGGGGGGGGGGGGGGGGGGGGGGGGGG-----------------------
[2026-04-24 06:26:16,017][rfdiffusion.inference.utils][INFO] - Sampled motif RMSD: 0.09
[2026-04-24 06:26:16,446][rfdiffusion.inference.model_runners][INFO] - Timestep 3, input to next step: ---------------------------GGGGGGGGGGGGGGGGGGGGGGGGGGGGGG-----------------------
[2026-04-24 06:26:20,639][rfdiffusion.inference.utils][INFO] - Sampled motif RMSD: 0.09
[2026-04-24 06:26:21,232][rfdiffusion.inference.model_runners][INFO] - Timestep 2, input to next step: ---------------------------GGGGGGGGGGGGGGGGGGGGGGGGGGGGGG-----------------------
[2026-04-24 06:26:29,695][__main__][INFO] - Finished design in 4.48 minutes
