[2026-04-24 06:54:59,297][__main__][INFO] - Found GPU with device_name NVIDIA A100-SXM4-80GB. Will run RFdiffusion on NVIDIA A100-SXM4-80GB
Reading models from /lambda/nfs/manvi/Team_8_CS598GBL/RFdiffusion/rfdiffusion/inference/../../models
[2026-04-24 06:54:59,315][rfdiffusion.inference.model_runners][INFO] - Reading checkpoint from /lambda/nfs/manvi/Team_8_CS598GBL/RFdiffusion/rfdiffusion/inference/../../models/Base_ckpt.pt
This is inf_conf.ckpt_path
/lambda/nfs/manvi/Team_8_CS598GBL/RFdiffusion/rfdiffusion/inference/../../models/Base_ckpt.pt
Assembling -model, -diffuser and -preprocess configs from checkpoint
USING MODEL CONFIG: self._conf[model][n_extra_block] = 4
USING MODEL CONFIG: self._conf[model][n_main_block] = 32
USING MODEL CONFIG: self._conf[model][n_ref_block] = 4
USING MODEL CONFIG: self._conf[model][d_msa] = 256
USING MODEL CONFIG: self._conf[model][d_msa_full] = 64
USING MODEL CONFIG: self._conf[model][d_pair] = 128
USING MODEL CONFIG: self._conf[model][d_templ] = 64
USING MODEL CONFIG: self._conf[model][n_head_msa] = 8
USING MODEL CONFIG: self._conf[model][n_head_pair] = 4
USING MODEL CONFIG: self._conf[model][n_head_templ] = 4
USING MODEL CONFIG: self._conf[model][d_hidden] = 32
USING MODEL CONFIG: self._conf[model][d_hidden_templ] = 32
USING MODEL CONFIG: self._conf[model][p_drop] = 0.15
USING MODEL CONFIG: self._conf[model][SE3_param_full] = {'num_layers': 1, 'num_channels': 32, 'num_degrees': 2, 'n_heads': 4, 'div': 4, 'l0_in_features': 8, 'l0_out_features': 8, 'l1_in_features': 3, 'l1_out_features': 2, 'num_edge_features': 32}
USING MODEL CONFIG: self._conf[model][SE3_param_topk] = {'num_layers': 1, 'num_channels': 32, 'num_degrees': 2, 'n_heads': 4, 'div': 4, 'l0_in_features': 64, 'l0_out_features': 64, 'l1_in_features': 3, 'l1_out_features': 2, 'num_edge_features': 64}
USING MODEL CONFIG: self._conf[model][freeze_track_motif] = False
USING MODEL CONFIG: self._conf[model][use_motif_timestep] = True
USING MODEL CONFIG: self._conf[diffuser][T] = 50
USING MODEL CONFIG: self._conf[diffuser][b_0] = 0.01
USING MODEL CONFIG: self._conf[diffuser][b_T] = 0.07
USING MODEL CONFIG: self._conf[diffuser][schedule_type] = linear
USING MODEL CONFIG: self._conf[diffuser][so3_type] = igso3
USING MODEL CONFIG: self._conf[diffuser][crd_scale] = 0.25
USING MODEL CONFIG: self._conf[diffuser][so3_schedule_type] = linear
USING MODEL CONFIG: self._conf[diffuser][min_b] = 1.5
USING MODEL CONFIG: self._conf[diffuser][max_b] = 2.5
USING MODEL CONFIG: self._conf[diffuser][min_sigma] = 0.02
USING MODEL CONFIG: self._conf[diffuser][max_sigma] = 1.5
USING MODEL CONFIG: self._conf[preprocess][sidechain_input] = False
USING MODEL CONFIG: self._conf[preprocess][motif_sidechain_input] = True
USING MODEL CONFIG: self._conf[preprocess][d_t1d] = 22
USING MODEL CONFIG: self._conf[preprocess][d_t2d] = 44
USING MODEL CONFIG: self._conf[preprocess][prob_self_cond] = 0.5
USING MODEL CONFIG: self._conf[preprocess][str_self_cond] = True
USING MODEL CONFIG: self._conf[preprocess][predict_previous] = False
[2026-04-24 06:55:47,449][rfdiffusion.inference.model_runners][INFO] - Loading checkpoint.
[2026-04-24 06:56:08,166][rfdiffusion.diffusion][INFO] - Using cached IGSO3.
Successful diffuser __init__
[2026-04-24 06:56:08,331][__main__][INFO] - Making design /lambda/nfs/manvi/Team_8_CS598GBL/outputs/custom90_128_motif_scaffolding/default/len_107/balanced/scaffold_0
[2026-04-24 06:56:08,357][rfdiffusion.inference.model_runners][INFO] - Using contig: ['21-35/A23-48/21-35']
With this beta schedule (linear schedule, beta_0 = 0.04, beta_T = 0.28), alpha_bar_T = 0.00013696048699785024
[2026-04-24 06:56:09,105][rfdiffusion.inference.model_runners][INFO] - Sequence init: --------------------------------GGGGGGGGGGGGGGGGGGGGGGGGGG----------------------------
[2026-04-24 06:56:16,317][rfdiffusion.inference.utils][INFO] - Sampled motif RMSD: 0.30
[2026-04-24 06:56:16,479][rfdiffusion.inference.model_runners][INFO] - Timestep 50, input to next step: --------------------------------GGGGGGGGGGGGGGGGGGGGGGGGGG----------------------------
[2026-04-24 06:56:21,929][rfdiffusion.inference.utils][INFO] - Sampled motif RMSD: 0.25
[2026-04-24 06:56:22,129][rfdiffusion.inference.model_runners][INFO] - Timestep 49, input to next step: --------------------------------GGGGGGGGGGGGGGGGGGGGGGGGGG----------------------------
[2026-04-24 06:56:27,902][rfdiffusion.inference.utils][INFO] - Sampled motif RMSD: 0.26
[2026-04-24 06:56:28,038][rfdiffusion.inference.model_runners][INFO] - Timestep 48, input to next step: --------------------------------GGGGGGGGGGGGGGGGGGGGGGGGGG----------------------------
[2026-04-24 06:56:33,257][rfdiffusion.inference.utils][INFO] - Sampled motif RMSD: 0.30
[2026-04-24 06:56:33,532][rfdiffusion.inference.model_runners][INFO] - Timestep 47, input to next step: --------------------------------GGGGGGGGGGGGGGGGGGGGGGGGGG----------------------------
[2026-04-24 06:56:38,699][rfdiffusion.inference.utils][INFO] - Sampled motif RMSD: 0.32
[2026-04-24 06:56:39,082][rfdiffusion.inference.model_runners][INFO] - Timestep 46, input to next step: --------------------------------GGGGGGGGGGGGGGGGGGGGGGGGGG----------------------------
[2026-04-24 06:56:45,997][rfdiffusion.inference.utils][INFO] - Sampled motif RMSD: 0.32
[2026-04-24 06:56:46,226][rfdiffusion.inference.model_runners][INFO] - Timestep 45, input to next step: --------------------------------GGGGGGGGGGGGGGGGGGGGGGGGGG----------------------------
[2026-04-24 06:56:55,595][rfdiffusion.inference.utils][INFO] - Sampled motif RMSD: 0.29
[2026-04-24 06:56:55,865][rfdiffusion.inference.model_runners][INFO] - Timestep 44, input to next step: --------------------------------GGGGGGGGGGGGGGGGGGGGGGGGGG----------------------------
[2026-04-24 06:57:01,147][rfdiffusion.inference.utils][INFO] - Sampled motif RMSD: 0.29
[2026-04-24 06:57:01,391][rfdiffusion.inference.model_runners][INFO] - Timestep 43, input to next step: --------------------------------GGGGGGGGGGGGGGGGGGGGGGGGGG----------------------------
[2026-04-24 06:57:06,056][rfdiffusion.inference.utils][INFO] - Sampled motif RMSD: 0.30
[2026-04-24 06:57:06,279][rfdiffusion.inference.model_runners][INFO] - Timestep 42, input to next step: --------------------------------GGGGGGGGGGGGGGGGGGGGGGGGGG----------------------------
[2026-04-24 06:57:09,292][rfdiffusion.inference.utils][INFO] - Sampled motif RMSD: 0.30
[2026-04-24 06:57:09,694][rfdiffusion.inference.model_runners][INFO] - Timestep 41, input to next step: --------------------------------GGGGGGGGGGGGGGGGGGGGGGGGGG----------------------------
[2026-04-24 06:57:13,454][rfdiffusion.inference.utils][INFO] - Sampled motif RMSD: 0.30
[2026-04-24 06:57:13,790][rfdiffusion.inference.model_runners][INFO] - Timestep 40, input to next step: --------------------------------GGGGGGGGGGGGGGGGGGGGGGGGGG----------------------------
[2026-04-24 06:57:19,284][rfdiffusion.inference.utils][INFO] - Sampled motif RMSD: 0.29
[2026-04-24 06:57:19,662][rfdiffusion.inference.model_runners][INFO] - Timestep 39, input to next step: --------------------------------GGGGGGGGGGGGGGGGGGGGGGGGGG----------------------------
[2026-04-24 06:57:24,551][rfdiffusion.inference.utils][INFO] - Sampled motif RMSD: 0.28
[2026-04-24 06:57:24,745][rfdiffusion.inference.model_runners][INFO] - Timestep 38, input to next step: --------------------------------GGGGGGGGGGGGGGGGGGGGGGGGGG----------------------------
[2026-04-24 06:57:28,491][rfdiffusion.inference.utils][INFO] - Sampled motif RMSD: 0.27
[2026-04-24 06:57:28,968][rfdiffusion.inference.model_runners][INFO] - Timestep 37, input to next step: --------------------------------GGGGGGGGGGGGGGGGGGGGGGGGGG----------------------------
[2026-04-24 06:57:33,485][rfdiffusion.inference.utils][INFO] - Sampled motif RMSD: 0.27
[2026-04-24 06:57:33,748][rfdiffusion.inference.model_runners][INFO] - Timestep 36, input to next step: --------------------------------GGGGGGGGGGGGGGGGGGGGGGGGGG----------------------------
[2026-04-24 06:57:37,865][rfdiffusion.inference.utils][INFO] - Sampled motif RMSD: 0.27
[2026-04-24 06:57:38,108][rfdiffusion.inference.model_runners][INFO] - Timestep 35, input to next step: --------------------------------GGGGGGGGGGGGGGGGGGGGGGGGGG----------------------------
[2026-04-24 06:57:42,644][rfdiffusion.inference.utils][INFO] - Sampled motif RMSD: 0.27
[2026-04-24 06:57:42,871][rfdiffusion.inference.model_runners][INFO] - Timestep 34, input to next step: --------------------------------GGGGGGGGGGGGGGGGGGGGGGGGGG----------------------------
[2026-04-24 06:57:47,732][rfdiffusion.inference.utils][INFO] - Sampled motif RMSD: 0.28
[2026-04-24 06:57:48,070][rfdiffusion.inference.model_runners][INFO] - Timestep 33, input to next step: --------------------------------GGGGGGGGGGGGGGGGGGGGGGGGGG----------------------------
[2026-04-24 06:57:52,556][rfdiffusion.inference.utils][INFO] - Sampled motif RMSD: 0.28
[2026-04-24 06:57:52,925][rfdiffusion.inference.model_runners][INFO] - Timestep 32, input to next step: --------------------------------GGGGGGGGGGGGGGGGGGGGGGGGGG----------------------------
[2026-04-24 06:57:55,727][rfdiffusion.inference.utils][INFO] - Sampled motif RMSD: 0.28
[2026-04-24 06:57:56,144][rfdiffusion.inference.model_runners][INFO] - Timestep 31, input to next step: --------------------------------GGGGGGGGGGGGGGGGGGGGGGGGGG----------------------------
[2026-04-24 06:58:00,786][rfdiffusion.inference.utils][INFO] - Sampled motif RMSD: 0.29
[2026-04-24 06:58:01,102][rfdiffusion.inference.model_runners][INFO] - Timestep 30, input to next step: --------------------------------GGGGGGGGGGGGGGGGGGGGGGGGGG----------------------------
[2026-04-24 06:58:05,567][rfdiffusion.inference.utils][INFO] - Sampled motif RMSD: 0.30
[2026-04-24 06:58:06,043][rfdiffusion.inference.model_runners][INFO] - Timestep 29, input to next step: --------------------------------GGGGGGGGGGGGGGGGGGGGGGGGGG----------------------------
[2026-04-24 06:58:11,657][rfdiffusion.inference.utils][INFO] - Sampled motif RMSD: 0.31
[2026-04-24 06:58:11,917][rfdiffusion.inference.model_runners][INFO] - Timestep 28, input to next step: --------------------------------GGGGGGGGGGGGGGGGGGGGGGGGGG----------------------------
[2026-04-24 06:58:16,242][rfdiffusion.inference.utils][INFO] - Sampled motif RMSD: 0.31
[2026-04-24 06:58:16,513][rfdiffusion.inference.model_runners][INFO] - Timestep 27, input to next step: --------------------------------GGGGGGGGGGGGGGGGGGGGGGGGGG----------------------------
[2026-04-24 06:58:21,737][rfdiffusion.inference.utils][INFO] - Sampled motif RMSD: 0.31
[2026-04-24 06:58:22,435][rfdiffusion.inference.model_runners][INFO] - Timestep 26, input to next step: --------------------------------GGGGGGGGGGGGGGGGGGGGGGGGGG----------------------------
[2026-04-24 06:58:26,880][rfdiffusion.inference.utils][INFO] - Sampled motif RMSD: 0.32
[2026-04-24 06:58:27,339][rfdiffusion.inference.model_runners][INFO] - Timestep 25, input to next step: --------------------------------GGGGGGGGGGGGGGGGGGGGGGGGGG----------------------------
[2026-04-24 06:58:32,133][rfdiffusion.inference.utils][INFO] - Sampled motif RMSD: 0.32
[2026-04-24 06:58:32,542][rfdiffusion.inference.model_runners][INFO] - Timestep 24, input to next step: --------------------------------GGGGGGGGGGGGGGGGGGGGGGGGGG----------------------------
[2026-04-24 06:58:36,404][rfdiffusion.inference.utils][INFO] - Sampled motif RMSD: 0.32
[2026-04-24 06:58:36,739][rfdiffusion.inference.model_runners][INFO] - Timestep 23, input to next step: --------------------------------GGGGGGGGGGGGGGGGGGGGGGGGGG----------------------------
[2026-04-24 06:58:41,096][rfdiffusion.inference.utils][INFO] - Sampled motif RMSD: 0.32
[2026-04-24 06:58:41,274][rfdiffusion.inference.model_runners][INFO] - Timestep 22, input to next step: --------------------------------GGGGGGGGGGGGGGGGGGGGGGGGGG----------------------------
[2026-04-24 06:58:46,459][rfdiffusion.inference.utils][INFO] - Sampled motif RMSD: 0.32
[2026-04-24 06:58:46,578][rfdiffusion.inference.model_runners][INFO] - Timestep 21, input to next step: --------------------------------GGGGGGGGGGGGGGGGGGGGGGGGGG----------------------------
[2026-04-24 06:58:51,649][rfdiffusion.inference.utils][INFO] - Sampled motif RMSD: 0.32
[2026-04-24 06:58:51,988][rfdiffusion.inference.model_runners][INFO] - Timestep 20, input to next step: --------------------------------GGGGGGGGGGGGGGGGGGGGGGGGGG----------------------------
[2026-04-24 06:58:56,953][rfdiffusion.inference.utils][INFO] - Sampled motif RMSD: 0.32
[2026-04-24 06:58:57,290][rfdiffusion.inference.model_runners][INFO] - Timestep 19, input to next step: --------------------------------GGGGGGGGGGGGGGGGGGGGGGGGGG----------------------------
[2026-04-24 06:59:02,255][rfdiffusion.inference.utils][INFO] - Sampled motif RMSD: 0.32
[2026-04-24 06:59:02,641][rfdiffusion.inference.model_runners][INFO] - Timestep 18, input to next step: --------------------------------GGGGGGGGGGGGGGGGGGGGGGGGGG----------------------------
[2026-04-24 06:59:07,874][rfdiffusion.inference.utils][INFO] - Sampled motif RMSD: 0.32
[2026-04-24 06:59:08,103][rfdiffusion.inference.model_runners][INFO] - Timestep 17, input to next step: --------------------------------GGGGGGGGGGGGGGGGGGGGGGGGGG----------------------------
[2026-04-24 06:59:12,407][rfdiffusion.inference.utils][INFO] - Sampled motif RMSD: 0.31
[2026-04-24 06:59:12,697][rfdiffusion.inference.model_runners][INFO] - Timestep 16, input to next step: --------------------------------GGGGGGGGGGGGGGGGGGGGGGGGGG----------------------------
[2026-04-24 06:59:17,063][rfdiffusion.inference.utils][INFO] - Sampled motif RMSD: 0.32
[2026-04-24 06:59:17,380][rfdiffusion.inference.model_runners][INFO] - Timestep 15, input to next step: --------------------------------GGGGGGGGGGGGGGGGGGGGGGGGGG----------------------------
[2026-04-24 06:59:22,130][rfdiffusion.inference.utils][INFO] - Sampled motif RMSD: 0.32
[2026-04-24 06:59:22,355][rfdiffusion.inference.model_runners][INFO] - Timestep 14, input to next step: --------------------------------GGGGGGGGGGGGGGGGGGGGGGGGGG----------------------------
[2026-04-24 06:59:25,907][rfdiffusion.inference.utils][INFO] - Sampled motif RMSD: 0.33
[2026-04-24 06:59:26,167][rfdiffusion.inference.model_runners][INFO] - Timestep 13, input to next step: --------------------------------GGGGGGGGGGGGGGGGGGGGGGGGGG----------------------------
[2026-04-24 06:59:29,672][rfdiffusion.inference.utils][INFO] - Sampled motif RMSD: 0.32
[2026-04-24 06:59:30,049][rfdiffusion.inference.model_runners][INFO] - Timestep 12, input to next step: --------------------------------GGGGGGGGGGGGGGGGGGGGGGGGGG----------------------------
[2026-04-24 06:59:34,375][rfdiffusion.inference.utils][INFO] - Sampled motif RMSD: 0.32
[2026-04-24 06:59:34,681][rfdiffusion.inference.model_runners][INFO] - Timestep 11, input to next step: --------------------------------GGGGGGGGGGGGGGGGGGGGGGGGGG----------------------------
[2026-04-24 06:59:39,159][rfdiffusion.inference.utils][INFO] - Sampled motif RMSD: 0.32
[2026-04-24 06:59:39,664][rfdiffusion.inference.model_runners][INFO] - Timestep 10, input to next step: --------------------------------GGGGGGGGGGGGGGGGGGGGGGGGGG----------------------------
[2026-04-24 06:59:43,040][rfdiffusion.inference.utils][INFO] - Sampled motif RMSD: 0.33
[2026-04-24 06:59:43,415][rfdiffusion.inference.model_runners][INFO] - Timestep 9, input to next step: --------------------------------GGGGGGGGGGGGGGGGGGGGGGGGGG----------------------------
[2026-04-24 06:59:46,192][rfdiffusion.inference.utils][INFO] - Sampled motif RMSD: 0.33
[2026-04-24 06:59:46,624][rfdiffusion.inference.model_runners][INFO] - Timestep 8, input to next step: --------------------------------GGGGGGGGGGGGGGGGGGGGGGGGGG----------------------------
[2026-04-24 06:59:51,225][rfdiffusion.inference.utils][INFO] - Sampled motif RMSD: 0.32
[2026-04-24 06:59:51,590][rfdiffusion.inference.model_runners][INFO] - Timestep 7, input to next step: --------------------------------GGGGGGGGGGGGGGGGGGGGGGGGGG----------------------------
[2026-04-24 06:59:55,134][rfdiffusion.inference.utils][INFO] - Sampled motif RMSD: 0.32
[2026-04-24 06:59:55,504][rfdiffusion.inference.model_runners][INFO] - Timestep 6, input to next step: --------------------------------GGGGGGGGGGGGGGGGGGGGGGGGGG----------------------------
[2026-04-24 06:59:59,752][rfdiffusion.inference.utils][INFO] - Sampled motif RMSD: 0.31
[2026-04-24 06:59:59,917][rfdiffusion.inference.model_runners][INFO] - Timestep 5, input to next step: --------------------------------GGGGGGGGGGGGGGGGGGGGGGGGGG----------------------------
[2026-04-24 07:00:04,103][rfdiffusion.inference.utils][INFO] - Sampled motif RMSD: 0.31
[2026-04-24 07:00:04,405][rfdiffusion.inference.model_runners][INFO] - Timestep 4, input to next step: --------------------------------GGGGGGGGGGGGGGGGGGGGGGGGGG----------------------------
[2026-04-24 07:00:08,508][rfdiffusion.inference.utils][INFO] - Sampled motif RMSD: 0.29
[2026-04-24 07:00:08,643][rfdiffusion.inference.model_runners][INFO] - Timestep 3, input to next step: --------------------------------GGGGGGGGGGGGGGGGGGGGGGGGGG----------------------------
[2026-04-24 07:00:13,428][rfdiffusion.inference.utils][INFO] - Sampled motif RMSD: 0.28
[2026-04-24 07:00:13,630][rfdiffusion.inference.model_runners][INFO] - Timestep 2, input to next step: --------------------------------GGGGGGGGGGGGGGGGGGGGGGGGGG----------------------------
[2026-04-24 07:00:21,148][__main__][INFO] - Finished design in 4.21 minutes
[2026-04-24 07:00:21,149][__main__][INFO] - Making design /lambda/nfs/manvi/Team_8_CS598GBL/outputs/custom90_128_motif_scaffolding/default/len_107/balanced/scaffold_1
[2026-04-24 07:00:21,170][rfdiffusion.inference.model_runners][INFO] - Using contig: ['21-35/A23-48/21-35']
With this beta schedule (linear schedule, beta_0 = 0.04, beta_T = 0.28), alpha_bar_T = 0.00013696048699785024
[2026-04-24 07:00:21,638][rfdiffusion.inference.model_runners][INFO] - Sequence init: ------------------------GGGGGGGGGGGGGGGGGGGGGGGGGG------------------------------
[2026-04-24 07:00:26,232][rfdiffusion.inference.utils][INFO] - Sampled motif RMSD: 0.30
[2026-04-24 07:00:26,333][rfdiffusion.inference.model_runners][INFO] - Timestep 50, input to next step: ------------------------GGGGGGGGGGGGGGGGGGGGGGGGGG------------------------------
[2026-04-24 07:00:30,343][rfdiffusion.inference.utils][INFO] - Sampled motif RMSD: 0.26
[2026-04-24 07:00:30,613][rfdiffusion.inference.model_runners][INFO] - Timestep 49, input to next step: ------------------------GGGGGGGGGGGGGGGGGGGGGGGGGG------------------------------
[2026-04-24 07:00:35,026][rfdiffusion.inference.utils][INFO] - Sampled motif RMSD: 0.25
[2026-04-24 07:00:35,375][rfdiffusion.inference.model_runners][INFO] - Timestep 48, input to next step: ------------------------GGGGGGGGGGGGGGGGGGGGGGGGGG------------------------------
[2026-04-24 07:00:38,628][rfdiffusion.inference.utils][INFO] - Sampled motif RMSD: 0.25
[2026-04-24 07:00:38,923][rfdiffusion.inference.model_runners][INFO] - Timestep 47, input to next step: ------------------------GGGGGGGGGGGGGGGGGGGGGGGGGG------------------------------
[2026-04-24 07:00:43,979][rfdiffusion.inference.utils][INFO] - Sampled motif RMSD: 0.26
[2026-04-24 07:00:44,427][rfdiffusion.inference.model_runners][INFO] - Timestep 46, input to next step: ------------------------GGGGGGGGGGGGGGGGGGGGGGGGGG------------------------------
[2026-04-24 07:00:48,285][rfdiffusion.inference.utils][INFO] - Sampled motif RMSD: 0.27
[2026-04-24 07:00:48,722][rfdiffusion.inference.model_runners][INFO] - Timestep 45, input to next step: ------------------------GGGGGGGGGGGGGGGGGGGGGGGGGG------------------------------
[2026-04-24 07:00:52,961][rfdiffusion.inference.utils][INFO] - Sampled motif RMSD: 0.28
[2026-04-24 07:00:53,285][rfdiffusion.inference.model_runners][INFO] - Timestep 44, input to next step: ------------------------GGGGGGGGGGGGGGGGGGGGGGGGGG------------------------------
[2026-04-24 07:00:57,855][rfdiffusion.inference.utils][INFO] - Sampled motif RMSD: 0.30
[2026-04-24 07:00:58,147][rfdiffusion.inference.model_runners][INFO] - Timestep 43, input to next step: ------------------------GGGGGGGGGGGGGGGGGGGGGGGGGG------------------------------
[2026-04-24 07:01:02,811][rfdiffusion.inference.utils][INFO] - Sampled motif RMSD: 0.30
[2026-04-24 07:01:02,984][rfdiffusion.inference.model_runners][INFO] - Timestep 42, input to next step: ------------------------GGGGGGGGGGGGGGGGGGGGGGGGGG------------------------------
[2026-04-24 07:01:07,451][rfdiffusion.inference.utils][INFO] - Sampled motif RMSD: 0.31
[2026-04-24 07:01:07,793][rfdiffusion.inference.model_runners][INFO] - Timestep 41, input to next step: ------------------------GGGGGGGGGGGGGGGGGGGGGGGGGG------------------------------
[2026-04-24 07:01:12,826][rfdiffusion.inference.utils][INFO] - Sampled motif RMSD: 0.32
[2026-04-24 07:01:13,054][rfdiffusion.inference.model_runners][INFO] - Timestep 40, input to next step: ------------------------GGGGGGGGGGGGGGGGGGGGGGGGGG------------------------------
[2026-04-24 07:01:16,853][rfdiffusion.inference.utils][INFO] - Sampled motif RMSD: 0.31
[2026-04-24 07:01:17,039][rfdiffusion.inference.model_runners][INFO] - Timestep 39, input to next step: ------------------------GGGGGGGGGGGGGGGGGGGGGGGGGG------------------------------
[2026-04-24 07:01:20,568][rfdiffusion.inference.utils][INFO] - Sampled motif RMSD: 0.32
[2026-04-24 07:01:20,806][rfdiffusion.inference.model_runners][INFO] - Timestep 38, input to next step: ------------------------GGGGGGGGGGGGGGGGGGGGGGGGGG------------------------------
[2026-04-24 07:01:24,953][rfdiffusion.inference.utils][INFO] - Sampled motif RMSD: 0.30
[2026-04-24 07:01:25,168][rfdiffusion.inference.model_runners][INFO] - Timestep 37, input to next step: ------------------------GGGGGGGGGGGGGGGGGGGGGGGGGG------------------------------
[2026-04-24 07:01:29,414][rfdiffusion.inference.utils][INFO] - Sampled motif RMSD: 0.32
[2026-04-24 07:01:29,822][rfdiffusion.inference.model_runners][INFO] - Timestep 36, input to next step: ------------------------GGGGGGGGGGGGGGGGGGGGGGGGGG------------------------------
[2026-04-24 07:01:34,043][rfdiffusion.inference.utils][INFO] - Sampled motif RMSD: 0.34
[2026-04-24 07:01:34,301][rfdiffusion.inference.model_runners][INFO] - Timestep 35, input to next step: ------------------------GGGGGGGGGGGGGGGGGGGGGGGGGG------------------------------
[2026-04-24 07:01:37,940][rfdiffusion.inference.utils][INFO] - Sampled motif RMSD: 0.34
[2026-04-24 07:01:38,274][rfdiffusion.inference.model_runners][INFO] - Timestep 34, input to next step: ------------------------GGGGGGGGGGGGGGGGGGGGGGGGGG------------------------------
[2026-04-24 07:01:42,449][rfdiffusion.inference.utils][INFO] - Sampled motif RMSD: 0.34
[2026-04-24 07:01:42,667][rfdiffusion.inference.model_runners][INFO] - Timestep 33, input to next step: ------------------------GGGGGGGGGGGGGGGGGGGGGGGGGG------------------------------
[2026-04-24 07:01:46,766][rfdiffusion.inference.utils][INFO] - Sampled motif RMSD: 0.32
[2026-04-24 07:01:47,016][rfdiffusion.inference.model_runners][INFO] - Timestep 32, input to next step: ------------------------GGGGGGGGGGGGGGGGGGGGGGGGGG------------------------------
[2026-04-24 07:01:49,999][rfdiffusion.inference.utils][INFO] - Sampled motif RMSD: 0.33
[2026-04-24 07:01:50,275][rfdiffusion.inference.model_runners][INFO] - Timestep 31, input to next step: ------------------------GGGGGGGGGGGGGGGGGGGGGGGGGG------------------------------
[2026-04-24 07:01:53,787][rfdiffusion.inference.utils][INFO] - Sampled motif RMSD: 0.32
[2026-04-24 07:01:54,197][rfdiffusion.inference.model_runners][INFO] - Timestep 30, input to next step: ------------------------GGGGGGGGGGGGGGGGGGGGGGGGGG------------------------------
[2026-04-24 07:01:57,818][rfdiffusion.inference.utils][INFO] - Sampled motif RMSD: 0.34
[2026-04-24 07:01:58,232][rfdiffusion.inference.model_runners][INFO] - Timestep 29, input to next step: ------------------------GGGGGGGGGGGGGGGGGGGGGGGGGG------------------------------
[2026-04-24 07:02:02,168][rfdiffusion.inference.utils][INFO] - Sampled motif RMSD: 0.36
[2026-04-24 07:02:02,400][rfdiffusion.inference.model_runners][INFO] - Timestep 28, input to next step: ------------------------GGGGGGGGGGGGGGGGGGGGGGGGGG------------------------------
[2026-04-24 07:02:06,157][rfdiffusion.inference.utils][INFO] - Sampled motif RMSD: 0.36
[2026-04-24 07:02:06,502][rfdiffusion.inference.model_runners][INFO] - Timestep 27, input to next step: ------------------------GGGGGGGGGGGGGGGGGGGGGGGGGG------------------------------
[2026-04-24 07:02:09,824][rfdiffusion.inference.utils][INFO] - Sampled motif RMSD: 0.35
[2026-04-24 07:02:10,216][rfdiffusion.inference.model_runners][INFO] - Timestep 26, input to next step: ------------------------GGGGGGGGGGGGGGGGGGGGGGGGGG------------------------------
[2026-04-24 07:02:13,619][rfdiffusion.inference.utils][INFO] - Sampled motif RMSD: 0.36
[2026-04-24 07:02:13,954][rfdiffusion.inference.model_runners][INFO] - Timestep 25, input to next step: ------------------------GGGGGGGGGGGGGGGGGGGGGGGGGG------------------------------
[2026-04-24 07:02:18,321][rfdiffusion.inference.utils][INFO] - Sampled motif RMSD: 0.35
[2026-04-24 07:02:18,685][rfdiffusion.inference.model_runners][INFO] - Timestep 24, input to next step: ------------------------GGGGGGGGGGGGGGGGGGGGGGGGGG------------------------------
[2026-04-24 07:02:22,643][rfdiffusion.inference.utils][INFO] - Sampled motif RMSD: 0.35
[2026-04-24 07:02:22,951][rfdiffusion.inference.model_runners][INFO] - Timestep 23, input to next step: ------------------------GGGGGGGGGGGGGGGGGGGGGGGGGG------------------------------
[2026-04-24 07:02:25,850][rfdiffusion.inference.utils][INFO] - Sampled motif RMSD: 0.36
[2026-04-24 07:02:26,134][rfdiffusion.inference.model_runners][INFO] - Timestep 22, input to next step: ------------------------GGGGGGGGGGGGGGGGGGGGGGGGGG------------------------------
[2026-04-24 07:02:30,695][rfdiffusion.inference.utils][INFO] - Sampled motif RMSD: 0.37
[2026-04-24 07:02:31,033][rfdiffusion.inference.model_runners][INFO] - Timestep 21, input to next step: ------------------------GGGGGGGGGGGGGGGGGGGGGGGGGG------------------------------
[2026-04-24 07:02:34,756][rfdiffusion.inference.utils][INFO] - Sampled motif RMSD: 0.37
[2026-04-24 07:02:35,011][rfdiffusion.inference.model_runners][INFO] - Timestep 20, input to next step: ------------------------GGGGGGGGGGGGGGGGGGGGGGGGGG------------------------------
[2026-04-24 07:02:38,663][rfdiffusion.inference.utils][INFO] - Sampled motif RMSD: 0.39
[2026-04-24 07:02:39,010][rfdiffusion.inference.model_runners][INFO] - Timestep 19, input to next step: ------------------------GGGGGGGGGGGGGGGGGGGGGGGGGG------------------------------
[2026-04-24 07:02:42,857][rfdiffusion.inference.utils][INFO] - Sampled motif RMSD: 0.40
[2026-04-24 07:02:43,065][rfdiffusion.inference.model_runners][INFO] - Timestep 18, input to next step: ------------------------GGGGGGGGGGGGGGGGGGGGGGGGGG------------------------------
[2026-04-24 07:02:46,931][rfdiffusion.inference.utils][INFO] - Sampled motif RMSD: 0.38
[2026-04-24 07:02:47,079][rfdiffusion.inference.model_runners][INFO] - Timestep 17, input to next step: ------------------------GGGGGGGGGGGGGGGGGGGGGGGGGG------------------------------
[2026-04-24 07:02:50,662][rfdiffusion.inference.utils][INFO] - Sampled motif RMSD: 0.38
[2026-04-24 07:02:50,883][rfdiffusion.inference.model_runners][INFO] - Timestep 16, input to next step: ------------------------GGGGGGGGGGGGGGGGGGGGGGGGGG------------------------------
[2026-04-24 07:02:55,203][rfdiffusion.inference.utils][INFO] - Sampled motif RMSD: 0.38
[2026-04-24 07:02:55,375][rfdiffusion.inference.model_runners][INFO] - Timestep 15, input to next step: ------------------------GGGGGGGGGGGGGGGGGGGGGGGGGG------------------------------
[2026-04-24 07:02:58,415][rfdiffusion.inference.utils][INFO] - Sampled motif RMSD: 0.40
[2026-04-24 07:02:58,580][rfdiffusion.inference.model_runners][INFO] - Timestep 14, input to next step: ------------------------GGGGGGGGGGGGGGGGGGGGGGGGGG------------------------------
[2026-04-24 07:03:01,693][rfdiffusion.inference.utils][INFO] - Sampled motif RMSD: 0.40
[2026-04-24 07:03:02,247][rfdiffusion.inference.model_runners][INFO] - Timestep 13, input to next step: ------------------------GGGGGGGGGGGGGGGGGGGGGGGGGG------------------------------
[2026-04-24 07:03:05,121][rfdiffusion.inference.utils][INFO] - Sampled motif RMSD: 0.39
[2026-04-24 07:03:05,486][rfdiffusion.inference.model_runners][INFO] - Timestep 12, input to next step: ------------------------GGGGGGGGGGGGGGGGGGGGGGGGGG------------------------------
[2026-04-24 07:03:08,790][rfdiffusion.inference.utils][INFO] - Sampled motif RMSD: 0.38
[2026-04-24 07:03:09,058][rfdiffusion.inference.model_runners][INFO] - Timestep 11, input to next step: ------------------------GGGGGGGGGGGGGGGGGGGGGGGGGG------------------------------
[2026-04-24 07:03:11,405][rfdiffusion.inference.utils][INFO] - Sampled motif RMSD: 0.39
[2026-04-24 07:03:11,677][rfdiffusion.inference.model_runners][INFO] - Timestep 10, input to next step: ------------------------GGGGGGGGGGGGGGGGGGGGGGGGGG------------------------------
[2026-04-24 07:03:15,183][rfdiffusion.inference.utils][INFO] - Sampled motif RMSD: 0.39
[2026-04-24 07:03:15,433][rfdiffusion.inference.model_runners][INFO] - Timestep 9, input to next step: ------------------------GGGGGGGGGGGGGGGGGGGGGGGGGG------------------------------
[2026-04-24 07:03:18,156][rfdiffusion.inference.utils][INFO] - Sampled motif RMSD: 0.40
[2026-04-24 07:03:18,459][rfdiffusion.inference.model_runners][INFO] - Timestep 8, input to next step: ------------------------GGGGGGGGGGGGGGGGGGGGGGGGGG------------------------------
[2026-04-24 07:03:21,734][rfdiffusion.inference.utils][INFO] - Sampled motif RMSD: 0.41
[2026-04-24 07:03:21,953][rfdiffusion.inference.model_runners][INFO] - Timestep 7, input to next step: ------------------------GGGGGGGGGGGGGGGGGGGGGGGGGG------------------------------
[2026-04-24 07:03:24,379][rfdiffusion.inference.utils][INFO] - Sampled motif RMSD: 0.40
[2026-04-24 07:03:24,700][rfdiffusion.inference.model_runners][INFO] - Timestep 6, input to next step: ------------------------GGGGGGGGGGGGGGGGGGGGGGGGGG------------------------------
[2026-04-24 07:03:28,392][rfdiffusion.inference.utils][INFO] - Sampled motif RMSD: 0.40
[2026-04-24 07:03:28,684][rfdiffusion.inference.model_runners][INFO] - Timestep 5, input to next step: ------------------------GGGGGGGGGGGGGGGGGGGGGGGGGG------------------------------
[2026-04-24 07:03:31,813][rfdiffusion.inference.utils][INFO] - Sampled motif RMSD: 0.39
[2026-04-24 07:03:32,045][rfdiffusion.inference.model_runners][INFO] - Timestep 4, input to next step: ------------------------GGGGGGGGGGGGGGGGGGGGGGGGGG------------------------------
[2026-04-24 07:03:34,965][rfdiffusion.inference.utils][INFO] - Sampled motif RMSD: 0.39
[2026-04-24 07:03:35,381][rfdiffusion.inference.model_runners][INFO] - Timestep 3, input to next step: ------------------------GGGGGGGGGGGGGGGGGGGGGGGGGG------------------------------
[2026-04-24 07:03:39,232][rfdiffusion.inference.utils][INFO] - Sampled motif RMSD: 0.39
[2026-04-24 07:03:39,621][rfdiffusion.inference.model_runners][INFO] - Timestep 2, input to next step: ------------------------GGGGGGGGGGGGGGGGGGGGGGGGGG------------------------------
[2026-04-24 07:03:45,679][__main__][INFO] - Finished design in 3.41 minutes
