[2026-04-24 08:47:48,571][__main__][INFO] - Found GPU with device_name NVIDIA A100-SXM4-80GB. Will run RFdiffusion on NVIDIA A100-SXM4-80GB
Reading models from /lambda/nfs/manvi/Team_8_CS598GBL/RFdiffusion/rfdiffusion/inference/../../models
[2026-04-24 08:47:48,573][rfdiffusion.inference.model_runners][INFO] - Reading checkpoint from /lambda/nfs/manvi/Team_8_CS598GBL/RFdiffusion/rfdiffusion/inference/../../models/Base_ckpt.pt
This is inf_conf.ckpt_path
/lambda/nfs/manvi/Team_8_CS598GBL/RFdiffusion/rfdiffusion/inference/../../models/Base_ckpt.pt
Assembling -model, -diffuser and -preprocess configs from checkpoint
USING MODEL CONFIG: self._conf[model][n_extra_block] = 4
USING MODEL CONFIG: self._conf[model][n_main_block] = 32
USING MODEL CONFIG: self._conf[model][n_ref_block] = 4
USING MODEL CONFIG: self._conf[model][d_msa] = 256
USING MODEL CONFIG: self._conf[model][d_msa_full] = 64
USING MODEL CONFIG: self._conf[model][d_pair] = 128
USING MODEL CONFIG: self._conf[model][d_templ] = 64
USING MODEL CONFIG: self._conf[model][n_head_msa] = 8
USING MODEL CONFIG: self._conf[model][n_head_pair] = 4
USING MODEL CONFIG: self._conf[model][n_head_templ] = 4
USING MODEL CONFIG: self._conf[model][d_hidden] = 32
USING MODEL CONFIG: self._conf[model][d_hidden_templ] = 32
USING MODEL CONFIG: self._conf[model][p_drop] = 0.15
USING MODEL CONFIG: self._conf[model][SE3_param_full] = {'num_layers': 1, 'num_channels': 32, 'num_degrees': 2, 'n_heads': 4, 'div': 4, 'l0_in_features': 8, 'l0_out_features': 8, 'l1_in_features': 3, 'l1_out_features': 2, 'num_edge_features': 32}
USING MODEL CONFIG: self._conf[model][SE3_param_topk] = {'num_layers': 1, 'num_channels': 32, 'num_degrees': 2, 'n_heads': 4, 'div': 4, 'l0_in_features': 64, 'l0_out_features': 64, 'l1_in_features': 3, 'l1_out_features': 2, 'num_edge_features': 64}
USING MODEL CONFIG: self._conf[model][freeze_track_motif] = False
USING MODEL CONFIG: self._conf[model][use_motif_timestep] = True
USING MODEL CONFIG: self._conf[diffuser][T] = 50
USING MODEL CONFIG: self._conf[diffuser][b_0] = 0.01
USING MODEL CONFIG: self._conf[diffuser][b_T] = 0.07
USING MODEL CONFIG: self._conf[diffuser][schedule_type] = linear
USING MODEL CONFIG: self._conf[diffuser][so3_type] = igso3
USING MODEL CONFIG: self._conf[diffuser][crd_scale] = 0.25
USING MODEL CONFIG: self._conf[diffuser][so3_schedule_type] = linear
USING MODEL CONFIG: self._conf[diffuser][min_b] = 1.5
USING MODEL CONFIG: self._conf[diffuser][max_b] = 2.5
USING MODEL CONFIG: self._conf[diffuser][min_sigma] = 0.02
USING MODEL CONFIG: self._conf[diffuser][max_sigma] = 1.5
USING MODEL CONFIG: self._conf[preprocess][sidechain_input] = False
USING MODEL CONFIG: self._conf[preprocess][motif_sidechain_input] = True
USING MODEL CONFIG: self._conf[preprocess][d_t1d] = 22
USING MODEL CONFIG: self._conf[preprocess][d_t2d] = 44
USING MODEL CONFIG: self._conf[preprocess][prob_self_cond] = 0.5
USING MODEL CONFIG: self._conf[preprocess][str_self_cond] = True
USING MODEL CONFIG: self._conf[preprocess][predict_previous] = False
[2026-04-24 08:48:38,733][rfdiffusion.inference.model_runners][INFO] - Loading checkpoint.
[2026-04-24 08:48:53,558][rfdiffusion.diffusion][INFO] - Using cached IGSO3.
Successful diffuser __init__
[2026-04-24 08:48:53,605][__main__][INFO] - Making design /lambda/nfs/manvi/Team_8_CS598GBL/outputs/custom90_128_motif_scaffolding/fast_T20/len_108/nterm/scaffold_0
[2026-04-24 08:48:53,620][rfdiffusion.inference.model_runners][INFO] - Using contig: ['A1-23/21-36']
With this beta schedule (linear schedule, beta_0 = 0.04, beta_T = 0.28), alpha_bar_T = 0.00013696048699785024
[2026-04-24 08:48:53,835][rfdiffusion.inference.model_runners][INFO] - Sequence init: GGGGGGGGGGGGGGGGGGGGGGG----------------------------
[2026-04-24 08:49:00,726][rfdiffusion.inference.utils][INFO] - Sampled motif RMSD: 0.18
[2026-04-24 08:49:00,936][rfdiffusion.inference.model_runners][INFO] - Timestep 50, input to next step: GGGGGGGGGGGGGGGGGGGGGGG----------------------------
[2026-04-24 08:49:03,301][rfdiffusion.inference.utils][INFO] - Sampled motif RMSD: 0.14
[2026-04-24 08:49:03,616][rfdiffusion.inference.model_runners][INFO] - Timestep 49, input to next step: GGGGGGGGGGGGGGGGGGGGGGG----------------------------
[2026-04-24 08:49:06,883][rfdiffusion.inference.utils][INFO] - Sampled motif RMSD: 0.13
[2026-04-24 08:49:07,029][rfdiffusion.inference.model_runners][INFO] - Timestep 48, input to next step: GGGGGGGGGGGGGGGGGGGGGGG----------------------------
[2026-04-24 08:49:11,187][rfdiffusion.inference.utils][INFO] - Sampled motif RMSD: 0.12
[2026-04-24 08:49:11,452][rfdiffusion.inference.model_runners][INFO] - Timestep 47, input to next step: GGGGGGGGGGGGGGGGGGGGGGG----------------------------
[2026-04-24 08:49:14,056][rfdiffusion.inference.utils][INFO] - Sampled motif RMSD: 0.12
[2026-04-24 08:49:14,397][rfdiffusion.inference.model_runners][INFO] - Timestep 46, input to next step: GGGGGGGGGGGGGGGGGGGGGGG----------------------------
[2026-04-24 08:49:18,338][rfdiffusion.inference.utils][INFO] - Sampled motif RMSD: 0.12
[2026-04-24 08:49:18,586][rfdiffusion.inference.model_runners][INFO] - Timestep 45, input to next step: GGGGGGGGGGGGGGGGGGGGGGG----------------------------
[2026-04-24 08:49:21,993][rfdiffusion.inference.utils][INFO] - Sampled motif RMSD: 0.12
[2026-04-24 08:49:22,349][rfdiffusion.inference.model_runners][INFO] - Timestep 44, input to next step: GGGGGGGGGGGGGGGGGGGGGGG----------------------------
[2026-04-24 08:49:26,370][rfdiffusion.inference.utils][INFO] - Sampled motif RMSD: 0.13
[2026-04-24 08:49:26,655][rfdiffusion.inference.model_runners][INFO] - Timestep 43, input to next step: GGGGGGGGGGGGGGGGGGGGGGG----------------------------
[2026-04-24 08:49:29,382][rfdiffusion.inference.utils][INFO] - Sampled motif RMSD: 0.12
[2026-04-24 08:49:29,787][rfdiffusion.inference.model_runners][INFO] - Timestep 42, input to next step: GGGGGGGGGGGGGGGGGGGGGGG----------------------------
[2026-04-24 08:49:32,689][rfdiffusion.inference.utils][INFO] - Sampled motif RMSD: 0.12
[2026-04-24 08:49:32,922][rfdiffusion.inference.model_runners][INFO] - Timestep 41, input to next step: GGGGGGGGGGGGGGGGGGGGGGG----------------------------
[2026-04-24 08:49:35,804][rfdiffusion.inference.utils][INFO] - Sampled motif RMSD: 0.13
[2026-04-24 08:49:35,914][rfdiffusion.inference.model_runners][INFO] - Timestep 40, input to next step: GGGGGGGGGGGGGGGGGGGGGGG----------------------------
[2026-04-24 08:49:39,352][rfdiffusion.inference.utils][INFO] - Sampled motif RMSD: 0.12
[2026-04-24 08:49:39,549][rfdiffusion.inference.model_runners][INFO] - Timestep 39, input to next step: GGGGGGGGGGGGGGGGGGGGGGG----------------------------
[2026-04-24 08:49:42,684][rfdiffusion.inference.utils][INFO] - Sampled motif RMSD: 0.11
[2026-04-24 08:49:42,952][rfdiffusion.inference.model_runners][INFO] - Timestep 38, input to next step: GGGGGGGGGGGGGGGGGGGGGGG----------------------------
[2026-04-24 08:49:46,071][rfdiffusion.inference.utils][INFO] - Sampled motif RMSD: 0.11
[2026-04-24 08:49:46,188][rfdiffusion.inference.model_runners][INFO] - Timestep 37, input to next step: GGGGGGGGGGGGGGGGGGGGGGG----------------------------
[2026-04-24 08:49:49,867][rfdiffusion.inference.utils][INFO] - Sampled motif RMSD: 0.12
[2026-04-24 08:49:50,206][rfdiffusion.inference.model_runners][INFO] - Timestep 36, input to next step: GGGGGGGGGGGGGGGGGGGGGGG----------------------------
[2026-04-24 08:49:53,807][rfdiffusion.inference.utils][INFO] - Sampled motif RMSD: 0.12
[2026-04-24 08:49:54,093][rfdiffusion.inference.model_runners][INFO] - Timestep 35, input to next step: GGGGGGGGGGGGGGGGGGGGGGG----------------------------
[2026-04-24 08:49:57,386][rfdiffusion.inference.utils][INFO] - Sampled motif RMSD: 0.12
[2026-04-24 08:49:57,641][rfdiffusion.inference.model_runners][INFO] - Timestep 34, input to next step: GGGGGGGGGGGGGGGGGGGGGGG----------------------------
[2026-04-24 08:50:00,664][rfdiffusion.inference.utils][INFO] - Sampled motif RMSD: 0.13
[2026-04-24 08:50:00,986][rfdiffusion.inference.model_runners][INFO] - Timestep 33, input to next step: GGGGGGGGGGGGGGGGGGGGGGG----------------------------
[2026-04-24 08:50:04,824][rfdiffusion.inference.utils][INFO] - Sampled motif RMSD: 0.13
[2026-04-24 08:50:04,976][rfdiffusion.inference.model_runners][INFO] - Timestep 32, input to next step: GGGGGGGGGGGGGGGGGGGGGGG----------------------------
[2026-04-24 08:50:08,682][rfdiffusion.inference.utils][INFO] - Sampled motif RMSD: 0.12
[2026-04-24 08:50:08,762][rfdiffusion.inference.model_runners][INFO] - Timestep 31, input to next step: GGGGGGGGGGGGGGGGGGGGGGG----------------------------
[2026-04-24 08:50:12,779][rfdiffusion.inference.utils][INFO] - Sampled motif RMSD: 0.12
[2026-04-24 08:50:12,949][rfdiffusion.inference.model_runners][INFO] - Timestep 30, input to next step: GGGGGGGGGGGGGGGGGGGGGGG----------------------------
[2026-04-24 08:50:16,726][rfdiffusion.inference.utils][INFO] - Sampled motif RMSD: 0.11
[2026-04-24 08:50:16,842][rfdiffusion.inference.model_runners][INFO] - Timestep 29, input to next step: GGGGGGGGGGGGGGGGGGGGGGG----------------------------
[2026-04-24 08:50:20,803][rfdiffusion.inference.utils][INFO] - Sampled motif RMSD: 0.11
[2026-04-24 08:50:21,001][rfdiffusion.inference.model_runners][INFO] - Timestep 28, input to next step: GGGGGGGGGGGGGGGGGGGGGGG----------------------------
[2026-04-24 08:50:24,417][rfdiffusion.inference.utils][INFO] - Sampled motif RMSD: 0.12
[2026-04-24 08:50:24,750][rfdiffusion.inference.model_runners][INFO] - Timestep 27, input to next step: GGGGGGGGGGGGGGGGGGGGGGG----------------------------
[2026-04-24 08:50:28,353][rfdiffusion.inference.utils][INFO] - Sampled motif RMSD: 0.13
[2026-04-24 08:50:28,541][rfdiffusion.inference.model_runners][INFO] - Timestep 26, input to next step: GGGGGGGGGGGGGGGGGGGGGGG----------------------------
[2026-04-24 08:50:31,845][rfdiffusion.inference.utils][INFO] - Sampled motif RMSD: 0.14
[2026-04-24 08:50:32,101][rfdiffusion.inference.model_runners][INFO] - Timestep 25, input to next step: GGGGGGGGGGGGGGGGGGGGGGG----------------------------
[2026-04-24 08:50:36,501][rfdiffusion.inference.utils][INFO] - Sampled motif RMSD: 0.13
[2026-04-24 08:50:36,854][rfdiffusion.inference.model_runners][INFO] - Timestep 24, input to next step: GGGGGGGGGGGGGGGGGGGGGGG----------------------------
[2026-04-24 08:50:40,562][rfdiffusion.inference.utils][INFO] - Sampled motif RMSD: 0.13
[2026-04-24 08:50:40,977][rfdiffusion.inference.model_runners][INFO] - Timestep 23, input to next step: GGGGGGGGGGGGGGGGGGGGGGG----------------------------
[2026-04-24 08:50:43,523][rfdiffusion.inference.utils][INFO] - Sampled motif RMSD: 0.13
[2026-04-24 08:50:43,761][rfdiffusion.inference.model_runners][INFO] - Timestep 22, input to next step: GGGGGGGGGGGGGGGGGGGGGGG----------------------------
[2026-04-24 08:50:47,296][rfdiffusion.inference.utils][INFO] - Sampled motif RMSD: 0.14
[2026-04-24 08:50:47,445][rfdiffusion.inference.model_runners][INFO] - Timestep 21, input to next step: GGGGGGGGGGGGGGGGGGGGGGG----------------------------
[2026-04-24 08:50:50,959][rfdiffusion.inference.utils][INFO] - Sampled motif RMSD: 0.13
[2026-04-24 08:50:51,182][rfdiffusion.inference.model_runners][INFO] - Timestep 20, input to next step: GGGGGGGGGGGGGGGGGGGGGGG----------------------------
[2026-04-24 08:50:54,662][rfdiffusion.inference.utils][INFO] - Sampled motif RMSD: 0.12
[2026-04-24 08:50:54,979][rfdiffusion.inference.model_runners][INFO] - Timestep 19, input to next step: GGGGGGGGGGGGGGGGGGGGGGG----------------------------
[2026-04-24 08:50:58,605][rfdiffusion.inference.utils][INFO] - Sampled motif RMSD: 0.12
[2026-04-24 08:50:58,979][rfdiffusion.inference.model_runners][INFO] - Timestep 18, input to next step: GGGGGGGGGGGGGGGGGGGGGGG----------------------------
[2026-04-24 08:51:01,839][rfdiffusion.inference.utils][INFO] - Sampled motif RMSD: 0.12
[2026-04-24 08:51:02,252][rfdiffusion.inference.model_runners][INFO] - Timestep 17, input to next step: GGGGGGGGGGGGGGGGGGGGGGG----------------------------
[2026-04-24 08:51:05,567][rfdiffusion.inference.utils][INFO] - Sampled motif RMSD: 0.12
[2026-04-24 08:51:05,831][rfdiffusion.inference.model_runners][INFO] - Timestep 16, input to next step: GGGGGGGGGGGGGGGGGGGGGGG----------------------------
[2026-04-24 08:51:09,664][rfdiffusion.inference.utils][INFO] - Sampled motif RMSD: 0.13
[2026-04-24 08:51:09,925][rfdiffusion.inference.model_runners][INFO] - Timestep 15, input to next step: GGGGGGGGGGGGGGGGGGGGGGG----------------------------
[2026-04-24 08:51:13,669][rfdiffusion.inference.utils][INFO] - Sampled motif RMSD: 0.13
[2026-04-24 08:51:13,887][rfdiffusion.inference.model_runners][INFO] - Timestep 14, input to next step: GGGGGGGGGGGGGGGGGGGGGGG----------------------------
[2026-04-24 08:51:18,353][rfdiffusion.inference.utils][INFO] - Sampled motif RMSD: 0.13
[2026-04-24 08:51:18,485][rfdiffusion.inference.model_runners][INFO] - Timestep 13, input to next step: GGGGGGGGGGGGGGGGGGGGGGG----------------------------
[2026-04-24 08:51:23,467][rfdiffusion.inference.utils][INFO] - Sampled motif RMSD: 0.14
[2026-04-24 08:51:23,862][rfdiffusion.inference.model_runners][INFO] - Timestep 12, input to next step: GGGGGGGGGGGGGGGGGGGGGGG----------------------------
[2026-04-24 08:51:27,546][rfdiffusion.inference.utils][INFO] - Sampled motif RMSD: 0.13
[2026-04-24 08:51:27,947][rfdiffusion.inference.model_runners][INFO] - Timestep 11, input to next step: GGGGGGGGGGGGGGGGGGGGGGG----------------------------
[2026-04-24 08:51:30,980][rfdiffusion.inference.utils][INFO] - Sampled motif RMSD: 0.13
[2026-04-24 08:51:31,221][rfdiffusion.inference.model_runners][INFO] - Timestep 10, input to next step: GGGGGGGGGGGGGGGGGGGGGGG----------------------------
[2026-04-24 08:51:34,981][rfdiffusion.inference.utils][INFO] - Sampled motif RMSD: 0.13
[2026-04-24 08:51:35,320][rfdiffusion.inference.model_runners][INFO] - Timestep 9, input to next step: GGGGGGGGGGGGGGGGGGGGGGG----------------------------
[2026-04-24 08:51:39,900][rfdiffusion.inference.utils][INFO] - Sampled motif RMSD: 0.12
[2026-04-24 08:51:40,195][rfdiffusion.inference.model_runners][INFO] - Timestep 8, input to next step: GGGGGGGGGGGGGGGGGGGGGGG----------------------------
[2026-04-24 08:51:44,169][rfdiffusion.inference.utils][INFO] - Sampled motif RMSD: 0.13
[2026-04-24 08:51:44,361][rfdiffusion.inference.model_runners][INFO] - Timestep 7, input to next step: GGGGGGGGGGGGGGGGGGGGGGG----------------------------
[2026-04-24 08:51:48,448][rfdiffusion.inference.utils][INFO] - Sampled motif RMSD: 0.12
[2026-04-24 08:51:48,733][rfdiffusion.inference.model_runners][INFO] - Timestep 6, input to next step: GGGGGGGGGGGGGGGGGGGGGGG----------------------------
[2026-04-24 08:51:52,370][rfdiffusion.inference.utils][INFO] - Sampled motif RMSD: 0.12
[2026-04-24 08:51:52,546][rfdiffusion.inference.model_runners][INFO] - Timestep 5, input to next step: GGGGGGGGGGGGGGGGGGGGGGG----------------------------
[2026-04-24 08:51:55,435][rfdiffusion.inference.utils][INFO] - Sampled motif RMSD: 0.11
[2026-04-24 08:51:55,650][rfdiffusion.inference.model_runners][INFO] - Timestep 4, input to next step: GGGGGGGGGGGGGGGGGGGGGGG----------------------------
[2026-04-24 08:51:58,983][rfdiffusion.inference.utils][INFO] - Sampled motif RMSD: 0.11
[2026-04-24 08:51:59,126][rfdiffusion.inference.model_runners][INFO] - Timestep 3, input to next step: GGGGGGGGGGGGGGGGGGGGGGG----------------------------
[2026-04-24 08:52:01,319][rfdiffusion.inference.utils][INFO] - Sampled motif RMSD: 0.10
[2026-04-24 08:52:01,669][rfdiffusion.inference.model_runners][INFO] - Timestep 2, input to next step: GGGGGGGGGGGGGGGGGGGGGGG----------------------------
[2026-04-24 08:52:06,470][__main__][INFO] - Finished design in 3.21 minutes
[2026-04-24 08:52:06,474][__main__][INFO] - Making design /lambda/nfs/manvi/Team_8_CS598GBL/outputs/custom90_128_motif_scaffolding/fast_T20/len_108/nterm/scaffold_1
[2026-04-24 08:52:06,489][rfdiffusion.inference.model_runners][INFO] - Using contig: ['A1-23/21-36']
With this beta schedule (linear schedule, beta_0 = 0.04, beta_T = 0.28), alpha_bar_T = 0.00013696048699785024
[2026-04-24 08:52:06,681][rfdiffusion.inference.model_runners][INFO] - Sequence init: GGGGGGGGGGGGGGGGGGGGGGG-------------------------
[2026-04-24 08:52:11,450][rfdiffusion.inference.utils][INFO] - Sampled motif RMSD: 0.17
[2026-04-24 08:52:11,826][rfdiffusion.inference.model_runners][INFO] - Timestep 50, input to next step: GGGGGGGGGGGGGGGGGGGGGGG-------------------------
[2026-04-24 08:52:15,169][rfdiffusion.inference.utils][INFO] - Sampled motif RMSD: 0.14
[2026-04-24 08:52:15,327][rfdiffusion.inference.model_runners][INFO] - Timestep 49, input to next step: GGGGGGGGGGGGGGGGGGGGGGG-------------------------
[2026-04-24 08:52:18,480][rfdiffusion.inference.utils][INFO] - Sampled motif RMSD: 0.12
[2026-04-24 08:52:18,644][rfdiffusion.inference.model_runners][INFO] - Timestep 48, input to next step: GGGGGGGGGGGGGGGGGGGGGGG-------------------------
[2026-04-24 08:52:21,895][rfdiffusion.inference.utils][INFO] - Sampled motif RMSD: 0.11
[2026-04-24 08:52:22,010][rfdiffusion.inference.model_runners][INFO] - Timestep 47, input to next step: GGGGGGGGGGGGGGGGGGGGGGG-------------------------
[2026-04-24 08:52:24,747][rfdiffusion.inference.utils][INFO] - Sampled motif RMSD: 0.12
[2026-04-24 08:52:24,947][rfdiffusion.inference.model_runners][INFO] - Timestep 46, input to next step: GGGGGGGGGGGGGGGGGGGGGGG-------------------------
[2026-04-24 08:52:27,808][rfdiffusion.inference.utils][INFO] - Sampled motif RMSD: 0.13
[2026-04-24 08:52:28,120][rfdiffusion.inference.model_runners][INFO] - Timestep 45, input to next step: GGGGGGGGGGGGGGGGGGGGGGG-------------------------
[2026-04-24 08:52:30,895][rfdiffusion.inference.utils][INFO] - Sampled motif RMSD: 0.12
[2026-04-24 08:52:31,075][rfdiffusion.inference.model_runners][INFO] - Timestep 44, input to next step: GGGGGGGGGGGGGGGGGGGGGGG-------------------------
[2026-04-24 08:52:33,154][rfdiffusion.inference.utils][INFO] - Sampled motif RMSD: 0.12
[2026-04-24 08:52:33,520][rfdiffusion.inference.model_runners][INFO] - Timestep 43, input to next step: GGGGGGGGGGGGGGGGGGGGGGG-------------------------
[2026-04-24 08:52:35,393][rfdiffusion.inference.utils][INFO] - Sampled motif RMSD: 0.12
[2026-04-24 08:52:35,546][rfdiffusion.inference.model_runners][INFO] - Timestep 42, input to next step: GGGGGGGGGGGGGGGGGGGGGGG-------------------------
[2026-04-24 08:52:38,154][rfdiffusion.inference.utils][INFO] - Sampled motif RMSD: 0.11
[2026-04-24 08:52:38,374][rfdiffusion.inference.model_runners][INFO] - Timestep 41, input to next step: GGGGGGGGGGGGGGGGGGGGGGG-------------------------
[2026-04-24 08:52:41,198][rfdiffusion.inference.utils][INFO] - Sampled motif RMSD: 0.11
[2026-04-24 08:52:41,545][rfdiffusion.inference.model_runners][INFO] - Timestep 40, input to next step: GGGGGGGGGGGGGGGGGGGGGGG-------------------------
[2026-04-24 08:52:44,764][rfdiffusion.inference.utils][INFO] - Sampled motif RMSD: 0.11
[2026-04-24 08:52:45,062][rfdiffusion.inference.model_runners][INFO] - Timestep 39, input to next step: GGGGGGGGGGGGGGGGGGGGGGG-------------------------
[2026-04-24 08:52:48,862][rfdiffusion.inference.utils][INFO] - Sampled motif RMSD: 0.11
[2026-04-24 08:52:49,064][rfdiffusion.inference.model_runners][INFO] - Timestep 38, input to next step: GGGGGGGGGGGGGGGGGGGGGGG-------------------------
[2026-04-24 08:52:51,457][rfdiffusion.inference.utils][INFO] - Sampled motif RMSD: 0.12
[2026-04-24 08:52:51,778][rfdiffusion.inference.model_runners][INFO] - Timestep 37, input to next step: GGGGGGGGGGGGGGGGGGGGGGG-------------------------
[2026-04-24 08:52:55,455][rfdiffusion.inference.utils][INFO] - Sampled motif RMSD: 0.11
[2026-04-24 08:52:55,711][rfdiffusion.inference.model_runners][INFO] - Timestep 36, input to next step: GGGGGGGGGGGGGGGGGGGGGGG-------------------------
[2026-04-24 08:52:58,701][rfdiffusion.inference.utils][INFO] - Sampled motif RMSD: 0.11
[2026-04-24 08:52:59,043][rfdiffusion.inference.model_runners][INFO] - Timestep 35, input to next step: GGGGGGGGGGGGGGGGGGGGGGG-------------------------
[2026-04-24 08:53:03,115][rfdiffusion.inference.utils][INFO] - Sampled motif RMSD: 0.11
[2026-04-24 08:53:03,330][rfdiffusion.inference.model_runners][INFO] - Timestep 34, input to next step: GGGGGGGGGGGGGGGGGGGGGGG-------------------------
[2026-04-24 08:53:06,481][rfdiffusion.inference.utils][INFO] - Sampled motif RMSD: 0.12
[2026-04-24 08:53:06,662][rfdiffusion.inference.model_runners][INFO] - Timestep 33, input to next step: GGGGGGGGGGGGGGGGGGGGGGG-------------------------
[2026-04-24 08:53:09,728][rfdiffusion.inference.utils][INFO] - Sampled motif RMSD: 0.10
[2026-04-24 08:53:09,952][rfdiffusion.inference.model_runners][INFO] - Timestep 32, input to next step: GGGGGGGGGGGGGGGGGGGGGGG-------------------------
[2026-04-24 08:53:11,863][rfdiffusion.inference.utils][INFO] - Sampled motif RMSD: 0.11
[2026-04-24 08:53:12,273][rfdiffusion.inference.model_runners][INFO] - Timestep 31, input to next step: GGGGGGGGGGGGGGGGGGGGGGG-------------------------
[2026-04-24 08:53:14,931][rfdiffusion.inference.utils][INFO] - Sampled motif RMSD: 0.10
[2026-04-24 08:53:15,194][rfdiffusion.inference.model_runners][INFO] - Timestep 30, input to next step: GGGGGGGGGGGGGGGGGGGGGGG-------------------------
[2026-04-24 08:53:18,265][rfdiffusion.inference.utils][INFO] - Sampled motif RMSD: 0.10
[2026-04-24 08:53:18,461][rfdiffusion.inference.model_runners][INFO] - Timestep 29, input to next step: GGGGGGGGGGGGGGGGGGGGGGG-------------------------
[2026-04-24 08:53:22,586][rfdiffusion.inference.utils][INFO] - Sampled motif RMSD: 0.10
[2026-04-24 08:53:22,758][rfdiffusion.inference.model_runners][INFO] - Timestep 28, input to next step: GGGGGGGGGGGGGGGGGGGGGGG-------------------------
[2026-04-24 08:53:26,677][rfdiffusion.inference.utils][INFO] - Sampled motif RMSD: 0.10
[2026-04-24 08:53:26,791][rfdiffusion.inference.model_runners][INFO] - Timestep 27, input to next step: GGGGGGGGGGGGGGGGGGGGGGG-------------------------
[2026-04-24 08:53:30,241][rfdiffusion.inference.utils][INFO] - Sampled motif RMSD: 0.10
[2026-04-24 08:53:30,380][rfdiffusion.inference.model_runners][INFO] - Timestep 26, input to next step: GGGGGGGGGGGGGGGGGGGGGGG-------------------------
[2026-04-24 08:53:33,593][rfdiffusion.inference.utils][INFO] - Sampled motif RMSD: 0.11
[2026-04-24 08:53:33,829][rfdiffusion.inference.model_runners][INFO] - Timestep 25, input to next step: GGGGGGGGGGGGGGGGGGGGGGG-------------------------
[2026-04-24 08:53:37,350][rfdiffusion.inference.utils][INFO] - Sampled motif RMSD: 0.11
[2026-04-24 08:53:37,582][rfdiffusion.inference.model_runners][INFO] - Timestep 24, input to next step: GGGGGGGGGGGGGGGGGGGGGGG-------------------------
[2026-04-24 08:53:41,427][rfdiffusion.inference.utils][INFO] - Sampled motif RMSD: 0.11
[2026-04-24 08:53:41,598][rfdiffusion.inference.model_runners][INFO] - Timestep 23, input to next step: GGGGGGGGGGGGGGGGGGGGGGG-------------------------
[2026-04-24 08:53:45,810][rfdiffusion.inference.utils][INFO] - Sampled motif RMSD: 0.11
[2026-04-24 08:53:46,031][rfdiffusion.inference.model_runners][INFO] - Timestep 22, input to next step: GGGGGGGGGGGGGGGGGGGGGGG-------------------------
[2026-04-24 08:53:48,730][rfdiffusion.inference.utils][INFO] - Sampled motif RMSD: 0.11
[2026-04-24 08:53:48,972][rfdiffusion.inference.model_runners][INFO] - Timestep 21, input to next step: GGGGGGGGGGGGGGGGGGGGGGG-------------------------
[2026-04-24 08:53:52,525][rfdiffusion.inference.utils][INFO] - Sampled motif RMSD: 0.11
[2026-04-24 08:53:52,785][rfdiffusion.inference.model_runners][INFO] - Timestep 20, input to next step: GGGGGGGGGGGGGGGGGGGGGGG-------------------------
[2026-04-24 08:53:56,554][rfdiffusion.inference.utils][INFO] - Sampled motif RMSD: 0.11
[2026-04-24 08:53:56,835][rfdiffusion.inference.model_runners][INFO] - Timestep 19, input to next step: GGGGGGGGGGGGGGGGGGGGGGG-------------------------
[2026-04-24 08:54:01,168][rfdiffusion.inference.utils][INFO] - Sampled motif RMSD: 0.11
[2026-04-24 08:54:01,343][rfdiffusion.inference.model_runners][INFO] - Timestep 18, input to next step: GGGGGGGGGGGGGGGGGGGGGGG-------------------------
[2026-04-24 08:54:03,599][rfdiffusion.inference.utils][INFO] - Sampled motif RMSD: 0.12
[2026-04-24 08:54:04,177][rfdiffusion.inference.model_runners][INFO] - Timestep 17, input to next step: GGGGGGGGGGGGGGGGGGGGGGG-------------------------
[2026-04-24 08:54:07,371][rfdiffusion.inference.utils][INFO] - Sampled motif RMSD: 0.11
[2026-04-24 08:54:07,700][rfdiffusion.inference.model_runners][INFO] - Timestep 16, input to next step: GGGGGGGGGGGGGGGGGGGGGGG-------------------------
[2026-04-24 08:54:10,720][rfdiffusion.inference.utils][INFO] - Sampled motif RMSD: 0.11
[2026-04-24 08:54:10,935][rfdiffusion.inference.model_runners][INFO] - Timestep 15, input to next step: GGGGGGGGGGGGGGGGGGGGGGG-------------------------
[2026-04-24 08:54:14,349][rfdiffusion.inference.utils][INFO] - Sampled motif RMSD: 0.10
[2026-04-24 08:54:14,709][rfdiffusion.inference.model_runners][INFO] - Timestep 14, input to next step: GGGGGGGGGGGGGGGGGGGGGGG-------------------------
[2026-04-24 08:54:18,492][rfdiffusion.inference.utils][INFO] - Sampled motif RMSD: 0.10
[2026-04-24 08:54:18,740][rfdiffusion.inference.model_runners][INFO] - Timestep 13, input to next step: GGGGGGGGGGGGGGGGGGGGGGG-------------------------
[2026-04-24 08:54:21,327][rfdiffusion.inference.utils][INFO] - Sampled motif RMSD: 0.10
[2026-04-24 08:54:21,697][rfdiffusion.inference.model_runners][INFO] - Timestep 12, input to next step: GGGGGGGGGGGGGGGGGGGGGGG-------------------------
[2026-04-24 08:54:24,128][rfdiffusion.inference.utils][INFO] - Sampled motif RMSD: 0.10
[2026-04-24 08:54:24,310][rfdiffusion.inference.model_runners][INFO] - Timestep 11, input to next step: GGGGGGGGGGGGGGGGGGGGGGG-------------------------
[2026-04-24 08:54:27,781][rfdiffusion.inference.utils][INFO] - Sampled motif RMSD: 0.10
[2026-04-24 08:54:28,004][rfdiffusion.inference.model_runners][INFO] - Timestep 10, input to next step: GGGGGGGGGGGGGGGGGGGGGGG-------------------------
[2026-04-24 08:54:32,059][rfdiffusion.inference.utils][INFO] - Sampled motif RMSD: 0.10
[2026-04-24 08:54:32,183][rfdiffusion.inference.model_runners][INFO] - Timestep 9, input to next step: GGGGGGGGGGGGGGGGGGGGGGG-------------------------
[2026-04-24 08:54:35,825][rfdiffusion.inference.utils][INFO] - Sampled motif RMSD: 0.10
[2026-04-24 08:54:36,074][rfdiffusion.inference.model_runners][INFO] - Timestep 8, input to next step: GGGGGGGGGGGGGGGGGGGGGGG-------------------------
[2026-04-24 08:54:39,421][rfdiffusion.inference.utils][INFO] - Sampled motif RMSD: 0.09
[2026-04-24 08:54:39,586][rfdiffusion.inference.model_runners][INFO] - Timestep 7, input to next step: GGGGGGGGGGGGGGGGGGGGGGG-------------------------
[2026-04-24 08:54:43,137][rfdiffusion.inference.utils][INFO] - Sampled motif RMSD: 0.10
[2026-04-24 08:54:43,532][rfdiffusion.inference.model_runners][INFO] - Timestep 6, input to next step: GGGGGGGGGGGGGGGGGGGGGGG-------------------------
[2026-04-24 08:54:45,908][rfdiffusion.inference.utils][INFO] - Sampled motif RMSD: 0.10
[2026-04-24 08:54:46,245][rfdiffusion.inference.model_runners][INFO] - Timestep 5, input to next step: GGGGGGGGGGGGGGGGGGGGGGG-------------------------
[2026-04-24 08:54:48,908][rfdiffusion.inference.utils][INFO] - Sampled motif RMSD: 0.09
[2026-04-24 08:54:49,123][rfdiffusion.inference.model_runners][INFO] - Timestep 4, input to next step: GGGGGGGGGGGGGGGGGGGGGGG-------------------------
[2026-04-24 08:54:52,637][rfdiffusion.inference.utils][INFO] - Sampled motif RMSD: 0.09
[2026-04-24 08:54:52,915][rfdiffusion.inference.model_runners][INFO] - Timestep 3, input to next step: GGGGGGGGGGGGGGGGGGGGGGG-------------------------
[2026-04-24 08:54:55,393][rfdiffusion.inference.utils][INFO] - Sampled motif RMSD: 0.09
[2026-04-24 08:54:55,781][rfdiffusion.inference.model_runners][INFO] - Timestep 2, input to next step: GGGGGGGGGGGGGGGGGGGGGGG-------------------------
[2026-04-24 08:55:00,348][__main__][INFO] - Finished design in 2.90 minutes
