[2026-04-24 09:35:42,643][__main__][INFO] - Found GPU with device_name NVIDIA A100-SXM4-80GB. Will run RFdiffusion on NVIDIA A100-SXM4-80GB
Reading models from /lambda/nfs/manvi/Team_8_CS598GBL/RFdiffusion/rfdiffusion/inference/../../models
[2026-04-24 09:35:42,646][rfdiffusion.inference.model_runners][INFO] - Reading checkpoint from /lambda/nfs/manvi/Team_8_CS598GBL/RFdiffusion/rfdiffusion/inference/../../models/Base_ckpt.pt
This is inf_conf.ckpt_path
/lambda/nfs/manvi/Team_8_CS598GBL/RFdiffusion/rfdiffusion/inference/../../models/Base_ckpt.pt
Assembling -model, -diffuser and -preprocess configs from checkpoint
USING MODEL CONFIG: self._conf[model][n_extra_block] = 4
USING MODEL CONFIG: self._conf[model][n_main_block] = 32
USING MODEL CONFIG: self._conf[model][n_ref_block] = 4
USING MODEL CONFIG: self._conf[model][d_msa] = 256
USING MODEL CONFIG: self._conf[model][d_msa_full] = 64
USING MODEL CONFIG: self._conf[model][d_pair] = 128
USING MODEL CONFIG: self._conf[model][d_templ] = 64
USING MODEL CONFIG: self._conf[model][n_head_msa] = 8
USING MODEL CONFIG: self._conf[model][n_head_pair] = 4
USING MODEL CONFIG: self._conf[model][n_head_templ] = 4
USING MODEL CONFIG: self._conf[model][d_hidden] = 32
USING MODEL CONFIG: self._conf[model][d_hidden_templ] = 32
USING MODEL CONFIG: self._conf[model][p_drop] = 0.15
USING MODEL CONFIG: self._conf[model][SE3_param_full] = {'num_layers': 1, 'num_channels': 32, 'num_degrees': 2, 'n_heads': 4, 'div': 4, 'l0_in_features': 8, 'l0_out_features': 8, 'l1_in_features': 3, 'l1_out_features': 2, 'num_edge_features': 32}
USING MODEL CONFIG: self._conf[model][SE3_param_topk] = {'num_layers': 1, 'num_channels': 32, 'num_degrees': 2, 'n_heads': 4, 'div': 4, 'l0_in_features': 64, 'l0_out_features': 64, 'l1_in_features': 3, 'l1_out_features': 2, 'num_edge_features': 64}
USING MODEL CONFIG: self._conf[model][freeze_track_motif] = False
USING MODEL CONFIG: self._conf[model][use_motif_timestep] = True
USING MODEL CONFIG: self._conf[diffuser][T] = 50
USING MODEL CONFIG: self._conf[diffuser][b_0] = 0.01
USING MODEL CONFIG: self._conf[diffuser][b_T] = 0.07
USING MODEL CONFIG: self._conf[diffuser][schedule_type] = linear
USING MODEL CONFIG: self._conf[diffuser][so3_type] = igso3
USING MODEL CONFIG: self._conf[diffuser][crd_scale] = 0.25
USING MODEL CONFIG: self._conf[diffuser][so3_schedule_type] = linear
USING MODEL CONFIG: self._conf[diffuser][min_b] = 1.5
USING MODEL CONFIG: self._conf[diffuser][max_b] = 2.5
USING MODEL CONFIG: self._conf[diffuser][min_sigma] = 0.02
USING MODEL CONFIG: self._conf[diffuser][max_sigma] = 1.5
USING MODEL CONFIG: self._conf[preprocess][sidechain_input] = False
USING MODEL CONFIG: self._conf[preprocess][motif_sidechain_input] = True
USING MODEL CONFIG: self._conf[preprocess][d_t1d] = 22
USING MODEL CONFIG: self._conf[preprocess][d_t2d] = 44
USING MODEL CONFIG: self._conf[preprocess][prob_self_cond] = 0.5
USING MODEL CONFIG: self._conf[preprocess][str_self_cond] = True
USING MODEL CONFIG: self._conf[preprocess][predict_previous] = False
[2026-04-24 09:36:29,473][rfdiffusion.inference.model_runners][INFO] - Loading checkpoint.
[2026-04-24 09:36:36,936][rfdiffusion.diffusion][INFO] - Using cached IGSO3.
Successful diffuser __init__
[2026-04-24 09:36:37,012][__main__][INFO] - Making design /lambda/nfs/manvi/Team_8_CS598GBL/outputs/custom90_128_motif_scaffolding/fast_T20/len_128/short/scaffold_0
[2026-04-24 09:36:37,028][rfdiffusion.inference.model_runners][INFO] - Using contig: ['25-42/A56-71/25-42']
With this beta schedule (linear schedule, beta_0 = 0.04, beta_T = 0.28), alpha_bar_T = 0.00013696048699785024
[2026-04-24 09:36:37,563][rfdiffusion.inference.model_runners][INFO] - Sequence init: -------------------------------------GGGGGGGGGGGGGGGG------------------------------------------
[2026-04-24 09:36:43,890][rfdiffusion.inference.utils][INFO] - Sampled motif RMSD: 0.27
[2026-04-24 09:36:44,006][rfdiffusion.inference.model_runners][INFO] - Timestep 50, input to next step: -------------------------------------GGGGGGGGGGGGGGGG------------------------------------------
[2026-04-24 09:36:50,367][rfdiffusion.inference.utils][INFO] - Sampled motif RMSD: 0.21
[2026-04-24 09:36:50,632][rfdiffusion.inference.model_runners][INFO] - Timestep 49, input to next step: -------------------------------------GGGGGGGGGGGGGGGG------------------------------------------
[2026-04-24 09:36:55,775][rfdiffusion.inference.utils][INFO] - Sampled motif RMSD: 0.16
[2026-04-24 09:36:56,127][rfdiffusion.inference.model_runners][INFO] - Timestep 48, input to next step: -------------------------------------GGGGGGGGGGGGGGGG------------------------------------------
[2026-04-24 09:37:02,562][rfdiffusion.inference.utils][INFO] - Sampled motif RMSD: 0.16
[2026-04-24 09:37:02,814][rfdiffusion.inference.model_runners][INFO] - Timestep 47, input to next step: -------------------------------------GGGGGGGGGGGGGGGG------------------------------------------
[2026-04-24 09:37:07,836][rfdiffusion.inference.utils][INFO] - Sampled motif RMSD: 0.16
[2026-04-24 09:37:08,184][rfdiffusion.inference.model_runners][INFO] - Timestep 46, input to next step: -------------------------------------GGGGGGGGGGGGGGGG------------------------------------------
[2026-04-24 09:37:13,477][rfdiffusion.inference.utils][INFO] - Sampled motif RMSD: 0.16
[2026-04-24 09:37:13,667][rfdiffusion.inference.model_runners][INFO] - Timestep 45, input to next step: -------------------------------------GGGGGGGGGGGGGGGG------------------------------------------
[2026-04-24 09:37:17,304][rfdiffusion.inference.utils][INFO] - Sampled motif RMSD: 0.15
[2026-04-24 09:37:17,548][rfdiffusion.inference.model_runners][INFO] - Timestep 44, input to next step: -------------------------------------GGGGGGGGGGGGGGGG------------------------------------------
[2026-04-24 09:37:22,660][rfdiffusion.inference.utils][INFO] - Sampled motif RMSD: 0.14
[2026-04-24 09:37:22,973][rfdiffusion.inference.model_runners][INFO] - Timestep 43, input to next step: -------------------------------------GGGGGGGGGGGGGGGG------------------------------------------
[2026-04-24 09:37:26,474][rfdiffusion.inference.utils][INFO] - Sampled motif RMSD: 0.14
[2026-04-24 09:37:26,759][rfdiffusion.inference.model_runners][INFO] - Timestep 42, input to next step: -------------------------------------GGGGGGGGGGGGGGGG------------------------------------------
[2026-04-24 09:37:31,016][rfdiffusion.inference.utils][INFO] - Sampled motif RMSD: 0.15
[2026-04-24 09:37:31,372][rfdiffusion.inference.model_runners][INFO] - Timestep 41, input to next step: -------------------------------------GGGGGGGGGGGGGGGG------------------------------------------
[2026-04-24 09:37:34,924][rfdiffusion.inference.utils][INFO] - Sampled motif RMSD: 0.15
[2026-04-24 09:37:35,289][rfdiffusion.inference.model_runners][INFO] - Timestep 40, input to next step: -------------------------------------GGGGGGGGGGGGGGGG------------------------------------------
[2026-04-24 09:37:38,853][rfdiffusion.inference.utils][INFO] - Sampled motif RMSD: 0.15
[2026-04-24 09:37:39,186][rfdiffusion.inference.model_runners][INFO] - Timestep 39, input to next step: -------------------------------------GGGGGGGGGGGGGGGG------------------------------------------
[2026-04-24 09:37:43,563][rfdiffusion.inference.utils][INFO] - Sampled motif RMSD: 0.15
[2026-04-24 09:37:43,883][rfdiffusion.inference.model_runners][INFO] - Timestep 38, input to next step: -------------------------------------GGGGGGGGGGGGGGGG------------------------------------------
[2026-04-24 09:37:47,416][rfdiffusion.inference.utils][INFO] - Sampled motif RMSD: 0.15
[2026-04-24 09:37:47,711][rfdiffusion.inference.model_runners][INFO] - Timestep 37, input to next step: -------------------------------------GGGGGGGGGGGGGGGG------------------------------------------
[2026-04-24 09:37:50,876][rfdiffusion.inference.utils][INFO] - Sampled motif RMSD: 0.14
[2026-04-24 09:37:51,176][rfdiffusion.inference.model_runners][INFO] - Timestep 36, input to next step: -------------------------------------GGGGGGGGGGGGGGGG------------------------------------------
[2026-04-24 09:37:55,127][rfdiffusion.inference.utils][INFO] - Sampled motif RMSD: 0.14
[2026-04-24 09:37:55,677][rfdiffusion.inference.model_runners][INFO] - Timestep 35, input to next step: -------------------------------------GGGGGGGGGGGGGGGG------------------------------------------
[2026-04-24 09:37:58,751][rfdiffusion.inference.utils][INFO] - Sampled motif RMSD: 0.14
[2026-04-24 09:37:59,164][rfdiffusion.inference.model_runners][INFO] - Timestep 34, input to next step: -------------------------------------GGGGGGGGGGGGGGGG------------------------------------------
[2026-04-24 09:38:02,066][rfdiffusion.inference.utils][INFO] - Sampled motif RMSD: 0.13
[2026-04-24 09:38:02,345][rfdiffusion.inference.model_runners][INFO] - Timestep 33, input to next step: -------------------------------------GGGGGGGGGGGGGGGG------------------------------------------
[2026-04-24 09:38:05,782][rfdiffusion.inference.utils][INFO] - Sampled motif RMSD: 0.14
[2026-04-24 09:38:06,063][rfdiffusion.inference.model_runners][INFO] - Timestep 32, input to next step: -------------------------------------GGGGGGGGGGGGGGGG------------------------------------------
[2026-04-24 09:38:09,426][rfdiffusion.inference.utils][INFO] - Sampled motif RMSD: 0.13
[2026-04-24 09:38:09,801][rfdiffusion.inference.model_runners][INFO] - Timestep 31, input to next step: -------------------------------------GGGGGGGGGGGGGGGG------------------------------------------
[2026-04-24 09:38:14,407][rfdiffusion.inference.utils][INFO] - Sampled motif RMSD: 0.13
[2026-04-24 09:38:14,689][rfdiffusion.inference.model_runners][INFO] - Timestep 30, input to next step: -------------------------------------GGGGGGGGGGGGGGGG------------------------------------------
[2026-04-24 09:38:17,493][rfdiffusion.inference.utils][INFO] - Sampled motif RMSD: 0.13
[2026-04-24 09:38:17,734][rfdiffusion.inference.model_runners][INFO] - Timestep 29, input to next step: -------------------------------------GGGGGGGGGGGGGGGG------------------------------------------
[2026-04-24 09:38:21,528][rfdiffusion.inference.utils][INFO] - Sampled motif RMSD: 0.14
[2026-04-24 09:38:21,659][rfdiffusion.inference.model_runners][INFO] - Timestep 28, input to next step: -------------------------------------GGGGGGGGGGGGGGGG------------------------------------------
[2026-04-24 09:38:24,939][rfdiffusion.inference.utils][INFO] - Sampled motif RMSD: 0.16
[2026-04-24 09:38:25,230][rfdiffusion.inference.model_runners][INFO] - Timestep 27, input to next step: -------------------------------------GGGGGGGGGGGGGGGG------------------------------------------
[2026-04-24 09:38:29,400][rfdiffusion.inference.utils][INFO] - Sampled motif RMSD: 0.17
[2026-04-24 09:38:29,736][rfdiffusion.inference.model_runners][INFO] - Timestep 26, input to next step: -------------------------------------GGGGGGGGGGGGGGGG------------------------------------------
[2026-04-24 09:38:33,185][rfdiffusion.inference.utils][INFO] - Sampled motif RMSD: 0.22
[2026-04-24 09:38:33,431][rfdiffusion.inference.model_runners][INFO] - Timestep 25, input to next step: -------------------------------------GGGGGGGGGGGGGGGG------------------------------------------
[2026-04-24 09:38:37,203][rfdiffusion.inference.utils][INFO] - Sampled motif RMSD: 0.25
[2026-04-24 09:38:37,367][rfdiffusion.inference.model_runners][INFO] - Timestep 24, input to next step: -------------------------------------GGGGGGGGGGGGGGGG------------------------------------------
[2026-04-24 09:38:40,198][rfdiffusion.inference.utils][INFO] - Sampled motif RMSD: 0.27
[2026-04-24 09:38:40,413][rfdiffusion.inference.model_runners][INFO] - Timestep 23, input to next step: -------------------------------------GGGGGGGGGGGGGGGG------------------------------------------
[2026-04-24 09:38:45,280][rfdiffusion.inference.utils][INFO] - Sampled motif RMSD: 0.27
[2026-04-24 09:38:45,524][rfdiffusion.inference.model_runners][INFO] - Timestep 22, input to next step: -------------------------------------GGGGGGGGGGGGGGGG------------------------------------------
[2026-04-24 09:38:49,789][rfdiffusion.inference.utils][INFO] - Sampled motif RMSD: 0.27
[2026-04-24 09:38:49,913][rfdiffusion.inference.model_runners][INFO] - Timestep 21, input to next step: -------------------------------------GGGGGGGGGGGGGGGG------------------------------------------
[2026-04-24 09:38:54,262][rfdiffusion.inference.utils][INFO] - Sampled motif RMSD: 0.29
[2026-04-24 09:38:54,530][rfdiffusion.inference.model_runners][INFO] - Timestep 20, input to next step: -------------------------------------GGGGGGGGGGGGGGGG------------------------------------------
[2026-04-24 09:38:58,196][rfdiffusion.inference.utils][INFO] - Sampled motif RMSD: 0.31
[2026-04-24 09:38:58,421][rfdiffusion.inference.model_runners][INFO] - Timestep 19, input to next step: -------------------------------------GGGGGGGGGGGGGGGG------------------------------------------
[2026-04-24 09:39:01,668][rfdiffusion.inference.utils][INFO] - Sampled motif RMSD: 0.29
[2026-04-24 09:39:01,972][rfdiffusion.inference.model_runners][INFO] - Timestep 18, input to next step: -------------------------------------GGGGGGGGGGGGGGGG------------------------------------------
[2026-04-24 09:39:06,132][rfdiffusion.inference.utils][INFO] - Sampled motif RMSD: 0.29
[2026-04-24 09:39:06,410][rfdiffusion.inference.model_runners][INFO] - Timestep 17, input to next step: -------------------------------------GGGGGGGGGGGGGGGG------------------------------------------
[2026-04-24 09:39:11,222][rfdiffusion.inference.utils][INFO] - Sampled motif RMSD: 0.29
[2026-04-24 09:39:11,389][rfdiffusion.inference.model_runners][INFO] - Timestep 16, input to next step: -------------------------------------GGGGGGGGGGGGGGGG------------------------------------------
[2026-04-24 09:39:14,851][rfdiffusion.inference.utils][INFO] - Sampled motif RMSD: 0.29
[2026-04-24 09:39:15,015][rfdiffusion.inference.model_runners][INFO] - Timestep 15, input to next step: -------------------------------------GGGGGGGGGGGGGGGG------------------------------------------
[2026-04-24 09:39:18,329][rfdiffusion.inference.utils][INFO] - Sampled motif RMSD: 0.30
[2026-04-24 09:39:18,536][rfdiffusion.inference.model_runners][INFO] - Timestep 14, input to next step: -------------------------------------GGGGGGGGGGGGGGGG------------------------------------------
[2026-04-24 09:39:21,841][rfdiffusion.inference.utils][INFO] - Sampled motif RMSD: 0.28
[2026-04-24 09:39:21,948][rfdiffusion.inference.model_runners][INFO] - Timestep 13, input to next step: -------------------------------------GGGGGGGGGGGGGGGG------------------------------------------
[2026-04-24 09:39:25,348][rfdiffusion.inference.utils][INFO] - Sampled motif RMSD: 0.27
[2026-04-24 09:39:25,473][rfdiffusion.inference.model_runners][INFO] - Timestep 12, input to next step: -------------------------------------GGGGGGGGGGGGGGGG------------------------------------------
[2026-04-24 09:39:28,550][rfdiffusion.inference.utils][INFO] - Sampled motif RMSD: 0.26
[2026-04-24 09:39:28,896][rfdiffusion.inference.model_runners][INFO] - Timestep 11, input to next step: -------------------------------------GGGGGGGGGGGGGGGG------------------------------------------
[2026-04-24 09:39:32,000][rfdiffusion.inference.utils][INFO] - Sampled motif RMSD: 0.26
[2026-04-24 09:39:32,326][rfdiffusion.inference.model_runners][INFO] - Timestep 10, input to next step: -------------------------------------GGGGGGGGGGGGGGGG------------------------------------------
[2026-04-24 09:39:35,703][rfdiffusion.inference.utils][INFO] - Sampled motif RMSD: 0.26
[2026-04-24 09:39:35,812][rfdiffusion.inference.model_runners][INFO] - Timestep 9, input to next step: -------------------------------------GGGGGGGGGGGGGGGG------------------------------------------
[2026-04-24 09:39:40,081][rfdiffusion.inference.utils][INFO] - Sampled motif RMSD: 0.26
[2026-04-24 09:39:40,251][rfdiffusion.inference.model_runners][INFO] - Timestep 8, input to next step: -------------------------------------GGGGGGGGGGGGGGGG------------------------------------------
[2026-04-24 09:39:44,193][rfdiffusion.inference.utils][INFO] - Sampled motif RMSD: 0.25
[2026-04-24 09:39:44,635][rfdiffusion.inference.model_runners][INFO] - Timestep 7, input to next step: -------------------------------------GGGGGGGGGGGGGGGG------------------------------------------
[2026-04-24 09:39:48,852][rfdiffusion.inference.utils][INFO] - Sampled motif RMSD: 0.25
[2026-04-24 09:39:49,057][rfdiffusion.inference.model_runners][INFO] - Timestep 6, input to next step: -------------------------------------GGGGGGGGGGGGGGGG------------------------------------------
[2026-04-24 09:39:52,583][rfdiffusion.inference.utils][INFO] - Sampled motif RMSD: 0.25
[2026-04-24 09:39:52,661][rfdiffusion.inference.model_runners][INFO] - Timestep 5, input to next step: -------------------------------------GGGGGGGGGGGGGGGG------------------------------------------
[2026-04-24 09:39:56,855][rfdiffusion.inference.utils][INFO] - Sampled motif RMSD: 0.23
[2026-04-24 09:39:57,046][rfdiffusion.inference.model_runners][INFO] - Timestep 4, input to next step: -------------------------------------GGGGGGGGGGGGGGGG------------------------------------------
[2026-04-24 09:40:01,507][rfdiffusion.inference.utils][INFO] - Sampled motif RMSD: 0.23
[2026-04-24 09:40:01,745][rfdiffusion.inference.model_runners][INFO] - Timestep 3, input to next step: -------------------------------------GGGGGGGGGGGGGGGG------------------------------------------
[2026-04-24 09:40:05,260][rfdiffusion.inference.utils][INFO] - Sampled motif RMSD: 0.23
[2026-04-24 09:40:05,943][rfdiffusion.inference.model_runners][INFO] - Timestep 2, input to next step: -------------------------------------GGGGGGGGGGGGGGGG------------------------------------------
[2026-04-24 09:40:12,101][__main__][INFO] - Finished design in 3.58 minutes
[2026-04-24 09:40:12,103][__main__][INFO] - Making design /lambda/nfs/manvi/Team_8_CS598GBL/outputs/custom90_128_motif_scaffolding/fast_T20/len_128/short/scaffold_1
[2026-04-24 09:40:12,121][rfdiffusion.inference.model_runners][INFO] - Using contig: ['25-42/A56-71/25-42']
With this beta schedule (linear schedule, beta_0 = 0.04, beta_T = 0.28), alpha_bar_T = 0.00013696048699785024
[2026-04-24 09:40:12,697][rfdiffusion.inference.model_runners][INFO] - Sequence init: -------------------------GGGGGGGGGGGGGGGG-----------------------------------
[2026-04-24 09:40:17,453][rfdiffusion.inference.utils][INFO] - Sampled motif RMSD: 0.20
[2026-04-24 09:40:17,781][rfdiffusion.inference.model_runners][INFO] - Timestep 50, input to next step: -------------------------GGGGGGGGGGGGGGGG-----------------------------------
[2026-04-24 09:40:21,954][rfdiffusion.inference.utils][INFO] - Sampled motif RMSD: 0.13
[2026-04-24 09:40:22,322][rfdiffusion.inference.model_runners][INFO] - Timestep 49, input to next step: -------------------------GGGGGGGGGGGGGGGG-----------------------------------
[2026-04-24 09:40:26,561][rfdiffusion.inference.utils][INFO] - Sampled motif RMSD: 0.13
[2026-04-24 09:40:26,801][rfdiffusion.inference.model_runners][INFO] - Timestep 48, input to next step: -------------------------GGGGGGGGGGGGGGGG-----------------------------------
[2026-04-24 09:40:31,512][rfdiffusion.inference.utils][INFO] - Sampled motif RMSD: 0.15
[2026-04-24 09:40:31,794][rfdiffusion.inference.model_runners][INFO] - Timestep 47, input to next step: -------------------------GGGGGGGGGGGGGGGG-----------------------------------
[2026-04-24 09:40:35,737][rfdiffusion.inference.utils][INFO] - Sampled motif RMSD: 0.16
[2026-04-24 09:40:35,930][rfdiffusion.inference.model_runners][INFO] - Timestep 46, input to next step: -------------------------GGGGGGGGGGGGGGGG-----------------------------------
[2026-04-24 09:40:38,919][rfdiffusion.inference.utils][INFO] - Sampled motif RMSD: 0.17
[2026-04-24 09:40:39,341][rfdiffusion.inference.model_runners][INFO] - Timestep 45, input to next step: -------------------------GGGGGGGGGGGGGGGG-----------------------------------
[2026-04-24 09:40:42,572][rfdiffusion.inference.utils][INFO] - Sampled motif RMSD: 0.16
[2026-04-24 09:40:42,942][rfdiffusion.inference.model_runners][INFO] - Timestep 44, input to next step: -------------------------GGGGGGGGGGGGGGGG-----------------------------------
[2026-04-24 09:40:46,434][rfdiffusion.inference.utils][INFO] - Sampled motif RMSD: 0.16
[2026-04-24 09:40:46,634][rfdiffusion.inference.model_runners][INFO] - Timestep 43, input to next step: -------------------------GGGGGGGGGGGGGGGG-----------------------------------
[2026-04-24 09:40:50,633][rfdiffusion.inference.utils][INFO] - Sampled motif RMSD: 0.15
[2026-04-24 09:40:50,738][rfdiffusion.inference.model_runners][INFO] - Timestep 42, input to next step: -------------------------GGGGGGGGGGGGGGGG-----------------------------------
[2026-04-24 09:40:54,387][rfdiffusion.inference.utils][INFO] - Sampled motif RMSD: 0.14
[2026-04-24 09:40:54,799][rfdiffusion.inference.model_runners][INFO] - Timestep 41, input to next step: -------------------------GGGGGGGGGGGGGGGG-----------------------------------
[2026-04-24 09:40:59,178][rfdiffusion.inference.utils][INFO] - Sampled motif RMSD: 0.14
[2026-04-24 09:40:59,601][rfdiffusion.inference.model_runners][INFO] - Timestep 40, input to next step: -------------------------GGGGGGGGGGGGGGGG-----------------------------------
[2026-04-24 09:41:03,785][rfdiffusion.inference.utils][INFO] - Sampled motif RMSD: 0.14
[2026-04-24 09:41:04,462][rfdiffusion.inference.model_runners][INFO] - Timestep 39, input to next step: -------------------------GGGGGGGGGGGGGGGG-----------------------------------
[2026-04-24 09:41:08,529][rfdiffusion.inference.utils][INFO] - Sampled motif RMSD: 0.14
[2026-04-24 09:41:08,788][rfdiffusion.inference.model_runners][INFO] - Timestep 38, input to next step: -------------------------GGGGGGGGGGGGGGGG-----------------------------------
[2026-04-24 09:41:11,712][rfdiffusion.inference.utils][INFO] - Sampled motif RMSD: 0.15
[2026-04-24 09:41:11,916][rfdiffusion.inference.model_runners][INFO] - Timestep 37, input to next step: -------------------------GGGGGGGGGGGGGGGG-----------------------------------
[2026-04-24 09:41:15,553][rfdiffusion.inference.utils][INFO] - Sampled motif RMSD: 0.15
[2026-04-24 09:41:15,735][rfdiffusion.inference.model_runners][INFO] - Timestep 36, input to next step: -------------------------GGGGGGGGGGGGGGGG-----------------------------------
[2026-04-24 09:41:19,729][rfdiffusion.inference.utils][INFO] - Sampled motif RMSD: 0.14
[2026-04-24 09:41:20,018][rfdiffusion.inference.model_runners][INFO] - Timestep 35, input to next step: -------------------------GGGGGGGGGGGGGGGG-----------------------------------
[2026-04-24 09:41:23,301][rfdiffusion.inference.utils][INFO] - Sampled motif RMSD: 0.15
[2026-04-24 09:41:23,477][rfdiffusion.inference.model_runners][INFO] - Timestep 34, input to next step: -------------------------GGGGGGGGGGGGGGGG-----------------------------------
[2026-04-24 09:41:27,237][rfdiffusion.inference.utils][INFO] - Sampled motif RMSD: 0.15
[2026-04-24 09:41:27,419][rfdiffusion.inference.model_runners][INFO] - Timestep 33, input to next step: -------------------------GGGGGGGGGGGGGGGG-----------------------------------
[2026-04-24 09:41:31,274][rfdiffusion.inference.utils][INFO] - Sampled motif RMSD: 0.16
[2026-04-24 09:41:31,508][rfdiffusion.inference.model_runners][INFO] - Timestep 32, input to next step: -------------------------GGGGGGGGGGGGGGGG-----------------------------------
[2026-04-24 09:41:35,090][rfdiffusion.inference.utils][INFO] - Sampled motif RMSD: 0.15
[2026-04-24 09:41:35,343][rfdiffusion.inference.model_runners][INFO] - Timestep 31, input to next step: -------------------------GGGGGGGGGGGGGGGG-----------------------------------
[2026-04-24 09:41:39,410][rfdiffusion.inference.utils][INFO] - Sampled motif RMSD: 0.18
[2026-04-24 09:41:39,609][rfdiffusion.inference.model_runners][INFO] - Timestep 30, input to next step: -------------------------GGGGGGGGGGGGGGGG-----------------------------------
[2026-04-24 09:41:43,665][rfdiffusion.inference.utils][INFO] - Sampled motif RMSD: 0.18
[2026-04-24 09:41:43,803][rfdiffusion.inference.model_runners][INFO] - Timestep 29, input to next step: -------------------------GGGGGGGGGGGGGGGG-----------------------------------
[2026-04-24 09:41:47,639][rfdiffusion.inference.utils][INFO] - Sampled motif RMSD: 0.17
[2026-04-24 09:41:47,934][rfdiffusion.inference.model_runners][INFO] - Timestep 28, input to next step: -------------------------GGGGGGGGGGGGGGGG-----------------------------------
[2026-04-24 09:41:51,702][rfdiffusion.inference.utils][INFO] - Sampled motif RMSD: 0.15
[2026-04-24 09:41:51,873][rfdiffusion.inference.model_runners][INFO] - Timestep 27, input to next step: -------------------------GGGGGGGGGGGGGGGG-----------------------------------
[2026-04-24 09:41:55,687][rfdiffusion.inference.utils][INFO] - Sampled motif RMSD: 0.14
[2026-04-24 09:41:55,880][rfdiffusion.inference.model_runners][INFO] - Timestep 26, input to next step: -------------------------GGGGGGGGGGGGGGGG-----------------------------------
[2026-04-24 09:41:59,370][rfdiffusion.inference.utils][INFO] - Sampled motif RMSD: 0.14
[2026-04-24 09:41:59,542][rfdiffusion.inference.model_runners][INFO] - Timestep 25, input to next step: -------------------------GGGGGGGGGGGGGGGG-----------------------------------
[2026-04-24 09:42:03,114][rfdiffusion.inference.utils][INFO] - Sampled motif RMSD: 0.15
[2026-04-24 09:42:03,294][rfdiffusion.inference.model_runners][INFO] - Timestep 24, input to next step: -------------------------GGGGGGGGGGGGGGGG-----------------------------------
[2026-04-24 09:42:06,826][rfdiffusion.inference.utils][INFO] - Sampled motif RMSD: 0.17
[2026-04-24 09:42:07,113][rfdiffusion.inference.model_runners][INFO] - Timestep 23, input to next step: -------------------------GGGGGGGGGGGGGGGG-----------------------------------
[2026-04-24 09:42:10,404][rfdiffusion.inference.utils][INFO] - Sampled motif RMSD: 0.18
[2026-04-24 09:42:10,626][rfdiffusion.inference.model_runners][INFO] - Timestep 22, input to next step: -------------------------GGGGGGGGGGGGGGGG-----------------------------------
[2026-04-24 09:42:13,884][rfdiffusion.inference.utils][INFO] - Sampled motif RMSD: 0.21
[2026-04-24 09:42:14,153][rfdiffusion.inference.model_runners][INFO] - Timestep 21, input to next step: -------------------------GGGGGGGGGGGGGGGG-----------------------------------
[2026-04-24 09:42:17,611][rfdiffusion.inference.utils][INFO] - Sampled motif RMSD: 0.19
[2026-04-24 09:42:17,813][rfdiffusion.inference.model_runners][INFO] - Timestep 20, input to next step: -------------------------GGGGGGGGGGGGGGGG-----------------------------------
[2026-04-24 09:42:21,040][rfdiffusion.inference.utils][INFO] - Sampled motif RMSD: 0.17
[2026-04-24 09:42:21,398][rfdiffusion.inference.model_runners][INFO] - Timestep 19, input to next step: -------------------------GGGGGGGGGGGGGGGG-----------------------------------
[2026-04-24 09:42:23,679][rfdiffusion.inference.utils][INFO] - Sampled motif RMSD: 0.15
[2026-04-24 09:42:24,068][rfdiffusion.inference.model_runners][INFO] - Timestep 18, input to next step: -------------------------GGGGGGGGGGGGGGGG-----------------------------------
[2026-04-24 09:42:26,765][rfdiffusion.inference.utils][INFO] - Sampled motif RMSD: 0.13
[2026-04-24 09:42:26,976][rfdiffusion.inference.model_runners][INFO] - Timestep 17, input to next step: -------------------------GGGGGGGGGGGGGGGG-----------------------------------
[2026-04-24 09:42:29,594][rfdiffusion.inference.utils][INFO] - Sampled motif RMSD: 0.14
[2026-04-24 09:42:29,729][rfdiffusion.inference.model_runners][INFO] - Timestep 16, input to next step: -------------------------GGGGGGGGGGGGGGGG-----------------------------------
[2026-04-24 09:42:32,340][rfdiffusion.inference.utils][INFO] - Sampled motif RMSD: 0.14
[2026-04-24 09:42:32,589][rfdiffusion.inference.model_runners][INFO] - Timestep 15, input to next step: -------------------------GGGGGGGGGGGGGGGG-----------------------------------
[2026-04-24 09:42:35,180][rfdiffusion.inference.utils][INFO] - Sampled motif RMSD: 0.15
[2026-04-24 09:42:35,325][rfdiffusion.inference.model_runners][INFO] - Timestep 14, input to next step: -------------------------GGGGGGGGGGGGGGGG-----------------------------------
[2026-04-24 09:42:37,880][rfdiffusion.inference.utils][INFO] - Sampled motif RMSD: 0.14
[2026-04-24 09:42:38,019][rfdiffusion.inference.model_runners][INFO] - Timestep 13, input to next step: -------------------------GGGGGGGGGGGGGGGG-----------------------------------
[2026-04-24 09:42:40,874][rfdiffusion.inference.utils][INFO] - Sampled motif RMSD: 0.15
[2026-04-24 09:42:40,990][rfdiffusion.inference.model_runners][INFO] - Timestep 12, input to next step: -------------------------GGGGGGGGGGGGGGGG-----------------------------------
[2026-04-24 09:42:43,702][rfdiffusion.inference.utils][INFO] - Sampled motif RMSD: 0.15
[2026-04-24 09:42:43,820][rfdiffusion.inference.model_runners][INFO] - Timestep 11, input to next step: -------------------------GGGGGGGGGGGGGGGG-----------------------------------
[2026-04-24 09:42:46,213][rfdiffusion.inference.utils][INFO] - Sampled motif RMSD: 0.15
[2026-04-24 09:42:46,378][rfdiffusion.inference.model_runners][INFO] - Timestep 10, input to next step: -------------------------GGGGGGGGGGGGGGGG-----------------------------------
[2026-04-24 09:42:48,619][rfdiffusion.inference.utils][INFO] - Sampled motif RMSD: 0.15
[2026-04-24 09:42:48,681][rfdiffusion.inference.model_runners][INFO] - Timestep 9, input to next step: -------------------------GGGGGGGGGGGGGGGG-----------------------------------
[2026-04-24 09:42:50,916][rfdiffusion.inference.utils][INFO] - Sampled motif RMSD: 0.16
[2026-04-24 09:42:51,036][rfdiffusion.inference.model_runners][INFO] - Timestep 8, input to next step: -------------------------GGGGGGGGGGGGGGGG-----------------------------------
[2026-04-24 09:42:52,976][rfdiffusion.inference.utils][INFO] - Sampled motif RMSD: 0.15
[2026-04-24 09:42:53,015][rfdiffusion.inference.model_runners][INFO] - Timestep 7, input to next step: -------------------------GGGGGGGGGGGGGGGG-----------------------------------
[2026-04-24 09:42:54,524][rfdiffusion.inference.utils][INFO] - Sampled motif RMSD: 0.15
[2026-04-24 09:42:54,707][rfdiffusion.inference.model_runners][INFO] - Timestep 6, input to next step: -------------------------GGGGGGGGGGGGGGGG-----------------------------------
[2026-04-24 09:42:56,163][rfdiffusion.inference.utils][INFO] - Sampled motif RMSD: 0.15
[2026-04-24 09:42:56,295][rfdiffusion.inference.model_runners][INFO] - Timestep 5, input to next step: -------------------------GGGGGGGGGGGGGGGG-----------------------------------
[2026-04-24 09:42:58,064][rfdiffusion.inference.utils][INFO] - Sampled motif RMSD: 0.16
[2026-04-24 09:42:58,284][rfdiffusion.inference.model_runners][INFO] - Timestep 4, input to next step: -------------------------GGGGGGGGGGGGGGGG-----------------------------------
[2026-04-24 09:42:59,950][rfdiffusion.inference.utils][INFO] - Sampled motif RMSD: 0.15
[2026-04-24 09:43:00,104][rfdiffusion.inference.model_runners][INFO] - Timestep 3, input to next step: -------------------------GGGGGGGGGGGGGGGG-----------------------------------
[2026-04-24 09:43:01,290][rfdiffusion.inference.utils][INFO] - Sampled motif RMSD: 0.16
[2026-04-24 09:43:01,361][rfdiffusion.inference.model_runners][INFO] - Timestep 2, input to next step: -------------------------GGGGGGGGGGGGGGGG-----------------------------------
[2026-04-24 09:43:03,798][__main__][INFO] - Finished design in 2.86 minutes
