[2026-04-24 06:45:03,346][__main__][INFO] - Found GPU with device_name NVIDIA A100-SXM4-80GB. Will run RFdiffusion on NVIDIA A100-SXM4-80GB
Reading models from /lambda/nfs/manvi/Team_8_CS598GBL/RFdiffusion/rfdiffusion/inference/../../models
[2026-04-24 06:45:03,351][rfdiffusion.inference.model_runners][INFO] - Reading checkpoint from /lambda/nfs/manvi/Team_8_CS598GBL/RFdiffusion/rfdiffusion/inference/../../models/Base_ckpt.pt
This is inf_conf.ckpt_path
/lambda/nfs/manvi/Team_8_CS598GBL/RFdiffusion/rfdiffusion/inference/../../models/Base_ckpt.pt
Assembling -model, -diffuser and -preprocess configs from checkpoint
USING MODEL CONFIG: self._conf[model][n_extra_block] = 4
USING MODEL CONFIG: self._conf[model][n_main_block] = 32
USING MODEL CONFIG: self._conf[model][n_ref_block] = 4
USING MODEL CONFIG: self._conf[model][d_msa] = 256
USING MODEL CONFIG: self._conf[model][d_msa_full] = 64
USING MODEL CONFIG: self._conf[model][d_pair] = 128
USING MODEL CONFIG: self._conf[model][d_templ] = 64
USING MODEL CONFIG: self._conf[model][n_head_msa] = 8
USING MODEL CONFIG: self._conf[model][n_head_pair] = 4
USING MODEL CONFIG: self._conf[model][n_head_templ] = 4
USING MODEL CONFIG: self._conf[model][d_hidden] = 32
USING MODEL CONFIG: self._conf[model][d_hidden_templ] = 32
USING MODEL CONFIG: self._conf[model][p_drop] = 0.15
USING MODEL CONFIG: self._conf[model][SE3_param_full] = {'num_layers': 1, 'num_channels': 32, 'num_degrees': 2, 'n_heads': 4, 'div': 4, 'l0_in_features': 8, 'l0_out_features': 8, 'l1_in_features': 3, 'l1_out_features': 2, 'num_edge_features': 32}
USING MODEL CONFIG: self._conf[model][SE3_param_topk] = {'num_layers': 1, 'num_channels': 32, 'num_degrees': 2, 'n_heads': 4, 'div': 4, 'l0_in_features': 64, 'l0_out_features': 64, 'l1_in_features': 3, 'l1_out_features': 2, 'num_edge_features': 64}
USING MODEL CONFIG: self._conf[model][freeze_track_motif] = False
USING MODEL CONFIG: self._conf[model][use_motif_timestep] = True
USING MODEL CONFIG: self._conf[diffuser][T] = 50
USING MODEL CONFIG: self._conf[diffuser][b_0] = 0.01
USING MODEL CONFIG: self._conf[diffuser][b_T] = 0.07
USING MODEL CONFIG: self._conf[diffuser][schedule_type] = linear
USING MODEL CONFIG: self._conf[diffuser][so3_type] = igso3
USING MODEL CONFIG: self._conf[diffuser][crd_scale] = 0.25
USING MODEL CONFIG: self._conf[diffuser][so3_schedule_type] = linear
USING MODEL CONFIG: self._conf[diffuser][min_b] = 1.5
USING MODEL CONFIG: self._conf[diffuser][max_b] = 2.5
USING MODEL CONFIG: self._conf[diffuser][min_sigma] = 0.02
USING MODEL CONFIG: self._conf[diffuser][max_sigma] = 1.5
USING MODEL CONFIG: self._conf[preprocess][sidechain_input] = False
USING MODEL CONFIG: self._conf[preprocess][motif_sidechain_input] = True
USING MODEL CONFIG: self._conf[preprocess][d_t1d] = 22
USING MODEL CONFIG: self._conf[preprocess][d_t2d] = 44
USING MODEL CONFIG: self._conf[preprocess][prob_self_cond] = 0.5
USING MODEL CONFIG: self._conf[preprocess][str_self_cond] = True
USING MODEL CONFIG: self._conf[preprocess][predict_previous] = False
[2026-04-24 06:46:15,362][rfdiffusion.inference.model_runners][INFO] - Loading checkpoint.
[2026-04-24 06:46:39,685][rfdiffusion.diffusion][INFO] - Using cached IGSO3.
Successful diffuser __init__
[2026-04-24 06:46:39,717][__main__][INFO] - Making design /lambda/nfs/manvi/Team_8_CS598GBL/outputs/custom90_128_motif_scaffolding/default/len_104/mid/scaffold_0
[2026-04-24 06:46:39,730][rfdiffusion.inference.model_runners][INFO] - Using contig: ['20-34/A36-67/20-34']
With this beta schedule (linear schedule, beta_0 = 0.04, beta_T = 0.28), alpha_bar_T = 0.00013696048699785024
[2026-04-24 06:46:40,105][rfdiffusion.inference.model_runners][INFO] - Sequence init: ---------------------------GGGGGGGGGGGGGGGGGGGGGGGGGGGGGGGG---------------------
[2026-04-24 06:46:48,867][rfdiffusion.inference.utils][INFO] - Sampled motif RMSD: 0.24
[2026-04-24 06:46:49,271][rfdiffusion.inference.model_runners][INFO] - Timestep 50, input to next step: ---------------------------GGGGGGGGGGGGGGGGGGGGGGGGGGGGGGGG---------------------
[2026-04-24 06:46:56,956][rfdiffusion.inference.utils][INFO] - Sampled motif RMSD: 0.23
[2026-04-24 06:46:57,371][rfdiffusion.inference.model_runners][INFO] - Timestep 49, input to next step: ---------------------------GGGGGGGGGGGGGGGGGGGGGGGGGGGGGGGG---------------------
[2026-04-24 06:47:05,703][rfdiffusion.inference.utils][INFO] - Sampled motif RMSD: 0.21
[2026-04-24 06:47:06,204][rfdiffusion.inference.model_runners][INFO] - Timestep 48, input to next step: ---------------------------GGGGGGGGGGGGGGGGGGGGGGGGGGGGGGGG---------------------
[2026-04-24 06:47:10,755][rfdiffusion.inference.utils][INFO] - Sampled motif RMSD: 0.19
[2026-04-24 06:47:11,239][rfdiffusion.inference.model_runners][INFO] - Timestep 47, input to next step: ---------------------------GGGGGGGGGGGGGGGGGGGGGGGGGGGGGGGG---------------------
[2026-04-24 06:47:18,008][rfdiffusion.inference.utils][INFO] - Sampled motif RMSD: 0.20
[2026-04-24 06:47:18,490][rfdiffusion.inference.model_runners][INFO] - Timestep 46, input to next step: ---------------------------GGGGGGGGGGGGGGGGGGGGGGGGGGGGGGGG---------------------
[2026-04-24 06:47:24,291][rfdiffusion.inference.utils][INFO] - Sampled motif RMSD: 0.20
[2026-04-24 06:47:24,662][rfdiffusion.inference.model_runners][INFO] - Timestep 45, input to next step: ---------------------------GGGGGGGGGGGGGGGGGGGGGGGGGGGGGGGG---------------------
[2026-04-24 06:47:31,896][rfdiffusion.inference.utils][INFO] - Sampled motif RMSD: 0.19
[2026-04-24 06:47:32,209][rfdiffusion.inference.model_runners][INFO] - Timestep 44, input to next step: ---------------------------GGGGGGGGGGGGGGGGGGGGGGGGGGGGGGGG---------------------
[2026-04-24 06:47:40,008][rfdiffusion.inference.utils][INFO] - Sampled motif RMSD: 0.20
[2026-04-24 06:47:40,439][rfdiffusion.inference.model_runners][INFO] - Timestep 43, input to next step: ---------------------------GGGGGGGGGGGGGGGGGGGGGGGGGGGGGGGG---------------------
[2026-04-24 06:47:45,423][rfdiffusion.inference.utils][INFO] - Sampled motif RMSD: 0.19
[2026-04-24 06:47:45,790][rfdiffusion.inference.model_runners][INFO] - Timestep 42, input to next step: ---------------------------GGGGGGGGGGGGGGGGGGGGGGGGGGGGGGGG---------------------
[2026-04-24 06:47:50,270][rfdiffusion.inference.utils][INFO] - Sampled motif RMSD: 0.18
[2026-04-24 06:47:50,714][rfdiffusion.inference.model_runners][INFO] - Timestep 41, input to next step: ---------------------------GGGGGGGGGGGGGGGGGGGGGGGGGGGGGGGG---------------------
[2026-04-24 06:47:56,111][rfdiffusion.inference.utils][INFO] - Sampled motif RMSD: 0.17
[2026-04-24 06:47:56,449][rfdiffusion.inference.model_runners][INFO] - Timestep 40, input to next step: ---------------------------GGGGGGGGGGGGGGGGGGGGGGGGGGGGGGGG---------------------
[2026-04-24 06:48:01,167][rfdiffusion.inference.utils][INFO] - Sampled motif RMSD: 0.16
[2026-04-24 06:48:01,588][rfdiffusion.inference.model_runners][INFO] - Timestep 39, input to next step: ---------------------------GGGGGGGGGGGGGGGGGGGGGGGGGGGGGGGG---------------------
[2026-04-24 06:48:06,945][rfdiffusion.inference.utils][INFO] - Sampled motif RMSD: 0.16
[2026-04-24 06:48:07,223][rfdiffusion.inference.model_runners][INFO] - Timestep 38, input to next step: ---------------------------GGGGGGGGGGGGGGGGGGGGGGGGGGGGGGGG---------------------
[2026-04-24 06:48:11,561][rfdiffusion.inference.utils][INFO] - Sampled motif RMSD: 0.18
[2026-04-24 06:48:12,023][rfdiffusion.inference.model_runners][INFO] - Timestep 37, input to next step: ---------------------------GGGGGGGGGGGGGGGGGGGGGGGGGGGGGGGG---------------------
[2026-04-24 06:48:15,912][rfdiffusion.inference.utils][INFO] - Sampled motif RMSD: 0.18
[2026-04-24 06:48:16,275][rfdiffusion.inference.model_runners][INFO] - Timestep 36, input to next step: ---------------------------GGGGGGGGGGGGGGGGGGGGGGGGGGGGGGGG---------------------
[2026-04-24 06:48:21,410][rfdiffusion.inference.utils][INFO] - Sampled motif RMSD: 0.18
[2026-04-24 06:48:21,765][rfdiffusion.inference.model_runners][INFO] - Timestep 35, input to next step: ---------------------------GGGGGGGGGGGGGGGGGGGGGGGGGGGGGGGG---------------------
[2026-04-24 06:48:28,251][rfdiffusion.inference.utils][INFO] - Sampled motif RMSD: 0.16
[2026-04-24 06:48:28,662][rfdiffusion.inference.model_runners][INFO] - Timestep 34, input to next step: ---------------------------GGGGGGGGGGGGGGGGGGGGGGGGGGGGGGGG---------------------
[2026-04-24 06:48:35,882][rfdiffusion.inference.utils][INFO] - Sampled motif RMSD: 0.15
[2026-04-24 06:48:36,436][rfdiffusion.inference.model_runners][INFO] - Timestep 33, input to next step: ---------------------------GGGGGGGGGGGGGGGGGGGGGGGGGGGGGGGG---------------------
[2026-04-24 06:48:42,136][rfdiffusion.inference.utils][INFO] - Sampled motif RMSD: 0.14
[2026-04-24 06:48:42,484][rfdiffusion.inference.model_runners][INFO] - Timestep 32, input to next step: ---------------------------GGGGGGGGGGGGGGGGGGGGGGGGGGGGGGGG---------------------
[2026-04-24 06:48:47,847][rfdiffusion.inference.utils][INFO] - Sampled motif RMSD: 0.15
[2026-04-24 06:48:48,363][rfdiffusion.inference.model_runners][INFO] - Timestep 31, input to next step: ---------------------------GGGGGGGGGGGGGGGGGGGGGGGGGGGGGGGG---------------------
[2026-04-24 06:48:55,441][rfdiffusion.inference.utils][INFO] - Sampled motif RMSD: 0.15
[2026-04-24 06:48:55,792][rfdiffusion.inference.model_runners][INFO] - Timestep 30, input to next step: ---------------------------GGGGGGGGGGGGGGGGGGGGGGGGGGGGGGGG---------------------
[2026-04-24 06:48:59,681][rfdiffusion.inference.utils][INFO] - Sampled motif RMSD: 0.15
[2026-04-24 06:49:00,141][rfdiffusion.inference.model_runners][INFO] - Timestep 29, input to next step: ---------------------------GGGGGGGGGGGGGGGGGGGGGGGGGGGGGGGG---------------------
[2026-04-24 06:49:05,668][rfdiffusion.inference.utils][INFO] - Sampled motif RMSD: 0.14
[2026-04-24 06:49:06,035][rfdiffusion.inference.model_runners][INFO] - Timestep 28, input to next step: ---------------------------GGGGGGGGGGGGGGGGGGGGGGGGGGGGGGGG---------------------
[2026-04-24 06:49:10,955][rfdiffusion.inference.utils][INFO] - Sampled motif RMSD: 0.14
[2026-04-24 06:49:11,542][rfdiffusion.inference.model_runners][INFO] - Timestep 27, input to next step: ---------------------------GGGGGGGGGGGGGGGGGGGGGGGGGGGGGGGG---------------------
[2026-04-24 06:49:15,579][rfdiffusion.inference.utils][INFO] - Sampled motif RMSD: 0.15
[2026-04-24 06:49:16,081][rfdiffusion.inference.model_runners][INFO] - Timestep 26, input to next step: ---------------------------GGGGGGGGGGGGGGGGGGGGGGGGGGGGGGGG---------------------
[2026-04-24 06:49:19,723][rfdiffusion.inference.utils][INFO] - Sampled motif RMSD: 0.15
[2026-04-24 06:49:20,412][rfdiffusion.inference.model_runners][INFO] - Timestep 25, input to next step: ---------------------------GGGGGGGGGGGGGGGGGGGGGGGGGGGGGGGG---------------------
[2026-04-24 06:49:25,306][rfdiffusion.inference.utils][INFO] - Sampled motif RMSD: 0.15
[2026-04-24 06:49:25,653][rfdiffusion.inference.model_runners][INFO] - Timestep 24, input to next step: ---------------------------GGGGGGGGGGGGGGGGGGGGGGGGGGGGGGGG---------------------
[2026-04-24 06:49:30,232][rfdiffusion.inference.utils][INFO] - Sampled motif RMSD: 0.14
[2026-04-24 06:49:30,451][rfdiffusion.inference.model_runners][INFO] - Timestep 23, input to next step: ---------------------------GGGGGGGGGGGGGGGGGGGGGGGGGGGGGGGG---------------------
[2026-04-24 06:49:35,384][rfdiffusion.inference.utils][INFO] - Sampled motif RMSD: 0.13
[2026-04-24 06:49:35,783][rfdiffusion.inference.model_runners][INFO] - Timestep 22, input to next step: ---------------------------GGGGGGGGGGGGGGGGGGGGGGGGGGGGGGGG---------------------
[2026-04-24 06:49:40,872][rfdiffusion.inference.utils][INFO] - Sampled motif RMSD: 0.13
[2026-04-24 06:49:41,174][rfdiffusion.inference.model_runners][INFO] - Timestep 21, input to next step: ---------------------------GGGGGGGGGGGGGGGGGGGGGGGGGGGGGGGG---------------------
[2026-04-24 06:49:43,945][rfdiffusion.inference.utils][INFO] - Sampled motif RMSD: 0.13
[2026-04-24 06:49:44,406][rfdiffusion.inference.model_runners][INFO] - Timestep 20, input to next step: ---------------------------GGGGGGGGGGGGGGGGGGGGGGGGGGGGGGGG---------------------
[2026-04-24 06:49:47,870][rfdiffusion.inference.utils][INFO] - Sampled motif RMSD: 0.12
[2026-04-24 06:49:48,360][rfdiffusion.inference.model_runners][INFO] - Timestep 19, input to next step: ---------------------------GGGGGGGGGGGGGGGGGGGGGGGGGGGGGGGG---------------------
[2026-04-24 06:49:53,873][rfdiffusion.inference.utils][INFO] - Sampled motif RMSD: 0.12
[2026-04-24 06:49:54,133][rfdiffusion.inference.model_runners][INFO] - Timestep 18, input to next step: ---------------------------GGGGGGGGGGGGGGGGGGGGGGGGGGGGGGGG---------------------
[2026-04-24 06:49:56,957][rfdiffusion.inference.utils][INFO] - Sampled motif RMSD: 0.11
[2026-04-24 06:49:57,273][rfdiffusion.inference.model_runners][INFO] - Timestep 17, input to next step: ---------------------------GGGGGGGGGGGGGGGGGGGGGGGGGGGGGGGG---------------------
[2026-04-24 06:50:01,615][rfdiffusion.inference.utils][INFO] - Sampled motif RMSD: 0.11
[2026-04-24 06:50:01,920][rfdiffusion.inference.model_runners][INFO] - Timestep 16, input to next step: ---------------------------GGGGGGGGGGGGGGGGGGGGGGGGGGGGGGGG---------------------
[2026-04-24 06:50:06,618][rfdiffusion.inference.utils][INFO] - Sampled motif RMSD: 0.12
[2026-04-24 06:50:06,830][rfdiffusion.inference.model_runners][INFO] - Timestep 15, input to next step: ---------------------------GGGGGGGGGGGGGGGGGGGGGGGGGGGGGGGG---------------------
[2026-04-24 06:50:11,257][rfdiffusion.inference.utils][INFO] - Sampled motif RMSD: 0.12
[2026-04-24 06:50:11,460][rfdiffusion.inference.model_runners][INFO] - Timestep 14, input to next step: ---------------------------GGGGGGGGGGGGGGGGGGGGGGGGGGGGGGGG---------------------
[2026-04-24 06:50:16,394][rfdiffusion.inference.utils][INFO] - Sampled motif RMSD: 0.12
[2026-04-24 06:50:16,646][rfdiffusion.inference.model_runners][INFO] - Timestep 13, input to next step: ---------------------------GGGGGGGGGGGGGGGGGGGGGGGGGGGGGGGG---------------------
[2026-04-24 06:50:21,848][rfdiffusion.inference.utils][INFO] - Sampled motif RMSD: 0.12
[2026-04-24 06:50:22,217][rfdiffusion.inference.model_runners][INFO] - Timestep 12, input to next step: ---------------------------GGGGGGGGGGGGGGGGGGGGGGGGGGGGGGGG---------------------
[2026-04-24 06:50:25,120][rfdiffusion.inference.utils][INFO] - Sampled motif RMSD: 0.12
[2026-04-24 06:50:25,295][rfdiffusion.inference.model_runners][INFO] - Timestep 11, input to next step: ---------------------------GGGGGGGGGGGGGGGGGGGGGGGGGGGGGGGG---------------------
[2026-04-24 06:50:30,205][rfdiffusion.inference.utils][INFO] - Sampled motif RMSD: 0.12
[2026-04-24 06:50:30,542][rfdiffusion.inference.model_runners][INFO] - Timestep 10, input to next step: ---------------------------GGGGGGGGGGGGGGGGGGGGGGGGGGGGGGGG---------------------
[2026-04-24 06:50:33,789][rfdiffusion.inference.utils][INFO] - Sampled motif RMSD: 0.11
[2026-04-24 06:50:34,256][rfdiffusion.inference.model_runners][INFO] - Timestep 9, input to next step: ---------------------------GGGGGGGGGGGGGGGGGGGGGGGGGGGGGGGG---------------------
[2026-04-24 06:50:37,875][rfdiffusion.inference.utils][INFO] - Sampled motif RMSD: 0.12
[2026-04-24 06:50:38,022][rfdiffusion.inference.model_runners][INFO] - Timestep 8, input to next step: ---------------------------GGGGGGGGGGGGGGGGGGGGGGGGGGGGGGGG---------------------
[2026-04-24 06:50:42,891][rfdiffusion.inference.utils][INFO] - Sampled motif RMSD: 0.12
[2026-04-24 06:50:42,950][rfdiffusion.inference.model_runners][INFO] - Timestep 7, input to next step: ---------------------------GGGGGGGGGGGGGGGGGGGGGGGGGGGGGGGG---------------------
[2026-04-24 06:50:47,764][rfdiffusion.inference.utils][INFO] - Sampled motif RMSD: 0.12
[2026-04-24 06:50:48,182][rfdiffusion.inference.model_runners][INFO] - Timestep 6, input to next step: ---------------------------GGGGGGGGGGGGGGGGGGGGGGGGGGGGGGGG---------------------
[2026-04-24 06:50:53,443][rfdiffusion.inference.utils][INFO] - Sampled motif RMSD: 0.12
[2026-04-24 06:50:53,845][rfdiffusion.inference.model_runners][INFO] - Timestep 5, input to next step: ---------------------------GGGGGGGGGGGGGGGGGGGGGGGGGGGGGGGG---------------------
[2026-04-24 06:50:58,272][rfdiffusion.inference.utils][INFO] - Sampled motif RMSD: 0.13
[2026-04-24 06:50:58,392][rfdiffusion.inference.model_runners][INFO] - Timestep 4, input to next step: ---------------------------GGGGGGGGGGGGGGGGGGGGGGGGGGGGGGGG---------------------
[2026-04-24 06:51:02,747][rfdiffusion.inference.utils][INFO] - Sampled motif RMSD: 0.13
[2026-04-24 06:51:02,963][rfdiffusion.inference.model_runners][INFO] - Timestep 3, input to next step: ---------------------------GGGGGGGGGGGGGGGGGGGGGGGGGGGGGGGG---------------------
[2026-04-24 06:51:05,886][rfdiffusion.inference.utils][INFO] - Sampled motif RMSD: 0.11
[2026-04-24 06:51:06,197][rfdiffusion.inference.model_runners][INFO] - Timestep 2, input to next step: ---------------------------GGGGGGGGGGGGGGGGGGGGGGGGGGGGGGGG---------------------
[2026-04-24 06:51:14,878][__main__][INFO] - Finished design in 4.59 minutes
[2026-04-24 06:51:14,885][__main__][INFO] - Making design /lambda/nfs/manvi/Team_8_CS598GBL/outputs/custom90_128_motif_scaffolding/default/len_104/mid/scaffold_1
[2026-04-24 06:51:14,900][rfdiffusion.inference.model_runners][INFO] - Using contig: ['20-34/A36-67/20-34']
With this beta schedule (linear schedule, beta_0 = 0.04, beta_T = 0.28), alpha_bar_T = 0.00013696048699785024
[2026-04-24 06:51:15,311][rfdiffusion.inference.model_runners][INFO] - Sequence init: ----------------------------GGGGGGGGGGGGGGGGGGGGGGGGGGGGGGGG----------------------------------
[2026-04-24 06:51:19,464][rfdiffusion.inference.utils][INFO] - Sampled motif RMSD: 0.27
[2026-04-24 06:51:19,713][rfdiffusion.inference.model_runners][INFO] - Timestep 50, input to next step: ----------------------------GGGGGGGGGGGGGGGGGGGGGGGGGGGGGGGG----------------------------------
[2026-04-24 06:51:24,339][rfdiffusion.inference.utils][INFO] - Sampled motif RMSD: 0.21
[2026-04-24 06:51:24,880][rfdiffusion.inference.model_runners][INFO] - Timestep 49, input to next step: ----------------------------GGGGGGGGGGGGGGGGGGGGGGGGGGGGGGGG----------------------------------
[2026-04-24 06:51:28,573][rfdiffusion.inference.utils][INFO] - Sampled motif RMSD: 0.23
[2026-04-24 06:51:28,871][rfdiffusion.inference.model_runners][INFO] - Timestep 48, input to next step: ----------------------------GGGGGGGGGGGGGGGGGGGGGGGGGGGGGGGG----------------------------------
[2026-04-24 06:51:32,688][rfdiffusion.inference.utils][INFO] - Sampled motif RMSD: 0.24
[2026-04-24 06:51:33,096][rfdiffusion.inference.model_runners][INFO] - Timestep 47, input to next step: ----------------------------GGGGGGGGGGGGGGGGGGGGGGGGGGGGGGGG----------------------------------
[2026-04-24 06:51:36,845][rfdiffusion.inference.utils][INFO] - Sampled motif RMSD: 0.23
[2026-04-24 06:51:37,194][rfdiffusion.inference.model_runners][INFO] - Timestep 46, input to next step: ----------------------------GGGGGGGGGGGGGGGGGGGGGGGGGGGGGGGG----------------------------------
[2026-04-24 06:51:42,639][rfdiffusion.inference.utils][INFO] - Sampled motif RMSD: 0.21
[2026-04-24 06:51:43,062][rfdiffusion.inference.model_runners][INFO] - Timestep 45, input to next step: ----------------------------GGGGGGGGGGGGGGGGGGGGGGGGGGGGGGGG----------------------------------
[2026-04-24 06:51:46,676][rfdiffusion.inference.utils][INFO] - Sampled motif RMSD: 0.19
[2026-04-24 06:51:47,037][rfdiffusion.inference.model_runners][INFO] - Timestep 44, input to next step: ----------------------------GGGGGGGGGGGGGGGGGGGGGGGGGGGGGGGG----------------------------------
[2026-04-24 06:51:51,752][rfdiffusion.inference.utils][INFO] - Sampled motif RMSD: 0.17
[2026-04-24 06:51:52,059][rfdiffusion.inference.model_runners][INFO] - Timestep 43, input to next step: ----------------------------GGGGGGGGGGGGGGGGGGGGGGGGGGGGGGGG----------------------------------
[2026-04-24 06:51:56,087][rfdiffusion.inference.utils][INFO] - Sampled motif RMSD: 0.17
[2026-04-24 06:51:56,632][rfdiffusion.inference.model_runners][INFO] - Timestep 42, input to next step: ----------------------------GGGGGGGGGGGGGGGGGGGGGGGGGGGGGGGG----------------------------------
[2026-04-24 06:52:01,124][rfdiffusion.inference.utils][INFO] - Sampled motif RMSD: 0.20
[2026-04-24 06:52:01,439][rfdiffusion.inference.model_runners][INFO] - Timestep 41, input to next step: ----------------------------GGGGGGGGGGGGGGGGGGGGGGGGGGGGGGGG----------------------------------
[2026-04-24 06:52:05,308][rfdiffusion.inference.utils][INFO] - Sampled motif RMSD: 0.23
[2026-04-24 06:52:05,580][rfdiffusion.inference.model_runners][INFO] - Timestep 40, input to next step: ----------------------------GGGGGGGGGGGGGGGGGGGGGGGGGGGGGGGG----------------------------------
[2026-04-24 06:52:09,929][rfdiffusion.inference.utils][INFO] - Sampled motif RMSD: 0.23
[2026-04-24 06:52:10,369][rfdiffusion.inference.model_runners][INFO] - Timestep 39, input to next step: ----------------------------GGGGGGGGGGGGGGGGGGGGGGGGGGGGGGGG----------------------------------
[2026-04-24 06:52:14,173][rfdiffusion.inference.utils][INFO] - Sampled motif RMSD: 0.22
[2026-04-24 06:52:14,566][rfdiffusion.inference.model_runners][INFO] - Timestep 38, input to next step: ----------------------------GGGGGGGGGGGGGGGGGGGGGGGGGGGGGGGG----------------------------------
[2026-04-24 06:52:18,426][rfdiffusion.inference.utils][INFO] - Sampled motif RMSD: 0.20
[2026-04-24 06:52:18,893][rfdiffusion.inference.model_runners][INFO] - Timestep 37, input to next step: ----------------------------GGGGGGGGGGGGGGGGGGGGGGGGGGGGGGGG----------------------------------
[2026-04-24 06:52:25,118][rfdiffusion.inference.utils][INFO] - Sampled motif RMSD: 0.19
[2026-04-24 06:52:25,281][rfdiffusion.inference.model_runners][INFO] - Timestep 36, input to next step: ----------------------------GGGGGGGGGGGGGGGGGGGGGGGGGGGGGGGG----------------------------------
[2026-04-24 06:52:29,896][rfdiffusion.inference.utils][INFO] - Sampled motif RMSD: 0.21
[2026-04-24 06:52:30,191][rfdiffusion.inference.model_runners][INFO] - Timestep 35, input to next step: ----------------------------GGGGGGGGGGGGGGGGGGGGGGGGGGGGGGGG----------------------------------
[2026-04-24 06:52:33,719][rfdiffusion.inference.utils][INFO] - Sampled motif RMSD: 0.22
[2026-04-24 06:52:33,922][rfdiffusion.inference.model_runners][INFO] - Timestep 34, input to next step: ----------------------------GGGGGGGGGGGGGGGGGGGGGGGGGGGGGGGG----------------------------------
[2026-04-24 06:52:37,545][rfdiffusion.inference.utils][INFO] - Sampled motif RMSD: 0.22
[2026-04-24 06:52:37,775][rfdiffusion.inference.model_runners][INFO] - Timestep 33, input to next step: ----------------------------GGGGGGGGGGGGGGGGGGGGGGGGGGGGGGGG----------------------------------
[2026-04-24 06:52:42,476][rfdiffusion.inference.utils][INFO] - Sampled motif RMSD: 0.23
[2026-04-24 06:52:42,838][rfdiffusion.inference.model_runners][INFO] - Timestep 32, input to next step: ----------------------------GGGGGGGGGGGGGGGGGGGGGGGGGGGGGGGG----------------------------------
[2026-04-24 06:52:46,019][rfdiffusion.inference.utils][INFO] - Sampled motif RMSD: 0.23
[2026-04-24 06:52:46,426][rfdiffusion.inference.model_runners][INFO] - Timestep 31, input to next step: ----------------------------GGGGGGGGGGGGGGGGGGGGGGGGGGGGGGGG----------------------------------
[2026-04-24 06:52:50,209][rfdiffusion.inference.utils][INFO] - Sampled motif RMSD: 0.25
[2026-04-24 06:52:50,631][rfdiffusion.inference.model_runners][INFO] - Timestep 30, input to next step: ----------------------------GGGGGGGGGGGGGGGGGGGGGGGGGGGGGGGG----------------------------------
[2026-04-24 06:52:55,428][rfdiffusion.inference.utils][INFO] - Sampled motif RMSD: 0.25
[2026-04-24 06:52:55,781][rfdiffusion.inference.model_runners][INFO] - Timestep 29, input to next step: ----------------------------GGGGGGGGGGGGGGGGGGGGGGGGGGGGGGGG----------------------------------
[2026-04-24 06:52:58,755][rfdiffusion.inference.utils][INFO] - Sampled motif RMSD: 0.25
[2026-04-24 06:52:59,117][rfdiffusion.inference.model_runners][INFO] - Timestep 28, input to next step: ----------------------------GGGGGGGGGGGGGGGGGGGGGGGGGGGGGGGG----------------------------------
[2026-04-24 06:53:02,943][rfdiffusion.inference.utils][INFO] - Sampled motif RMSD: 0.25
[2026-04-24 06:53:03,442][rfdiffusion.inference.model_runners][INFO] - Timestep 27, input to next step: ----------------------------GGGGGGGGGGGGGGGGGGGGGGGGGGGGGGGG----------------------------------
[2026-04-24 06:53:07,620][rfdiffusion.inference.utils][INFO] - Sampled motif RMSD: 0.25
[2026-04-24 06:53:08,208][rfdiffusion.inference.model_runners][INFO] - Timestep 26, input to next step: ----------------------------GGGGGGGGGGGGGGGGGGGGGGGGGGGGGGGG----------------------------------
[2026-04-24 06:53:11,942][rfdiffusion.inference.utils][INFO] - Sampled motif RMSD: 0.25
[2026-04-24 06:53:12,203][rfdiffusion.inference.model_runners][INFO] - Timestep 25, input to next step: ----------------------------GGGGGGGGGGGGGGGGGGGGGGGGGGGGGGGG----------------------------------
[2026-04-24 06:53:16,142][rfdiffusion.inference.utils][INFO] - Sampled motif RMSD: 0.25
[2026-04-24 06:53:16,382][rfdiffusion.inference.model_runners][INFO] - Timestep 24, input to next step: ----------------------------GGGGGGGGGGGGGGGGGGGGGGGGGGGGGGGG----------------------------------
[2026-04-24 06:53:19,888][rfdiffusion.inference.utils][INFO] - Sampled motif RMSD: 0.24
[2026-04-24 06:53:20,123][rfdiffusion.inference.model_runners][INFO] - Timestep 23, input to next step: ----------------------------GGGGGGGGGGGGGGGGGGGGGGGGGGGGGGGG----------------------------------
[2026-04-24 06:53:23,622][rfdiffusion.inference.utils][INFO] - Sampled motif RMSD: 0.23
[2026-04-24 06:53:24,158][rfdiffusion.inference.model_runners][INFO] - Timestep 22, input to next step: ----------------------------GGGGGGGGGGGGGGGGGGGGGGGGGGGGGGGG----------------------------------
[2026-04-24 06:53:26,458][rfdiffusion.inference.utils][INFO] - Sampled motif RMSD: 0.22
[2026-04-24 06:53:26,772][rfdiffusion.inference.model_runners][INFO] - Timestep 21, input to next step: ----------------------------GGGGGGGGGGGGGGGGGGGGGGGGGGGGGGGG----------------------------------
[2026-04-24 06:53:29,674][rfdiffusion.inference.utils][INFO] - Sampled motif RMSD: 0.22
[2026-04-24 06:53:29,848][rfdiffusion.inference.model_runners][INFO] - Timestep 20, input to next step: ----------------------------GGGGGGGGGGGGGGGGGGGGGGGGGGGGGGGG----------------------------------
[2026-04-24 06:53:33,589][rfdiffusion.inference.utils][INFO] - Sampled motif RMSD: 0.20
[2026-04-24 06:53:33,705][rfdiffusion.inference.model_runners][INFO] - Timestep 19, input to next step: ----------------------------GGGGGGGGGGGGGGGGGGGGGGGGGGGGGGGG----------------------------------
[2026-04-24 06:53:37,642][rfdiffusion.inference.utils][INFO] - Sampled motif RMSD: 0.21
[2026-04-24 06:53:37,891][rfdiffusion.inference.model_runners][INFO] - Timestep 18, input to next step: ----------------------------GGGGGGGGGGGGGGGGGGGGGGGGGGGGGGGG----------------------------------
[2026-04-24 06:53:40,891][rfdiffusion.inference.utils][INFO] - Sampled motif RMSD: 0.21
[2026-04-24 06:53:41,199][rfdiffusion.inference.model_runners][INFO] - Timestep 17, input to next step: ----------------------------GGGGGGGGGGGGGGGGGGGGGGGGGGGGGGGG----------------------------------
[2026-04-24 06:53:45,884][rfdiffusion.inference.utils][INFO] - Sampled motif RMSD: 0.19
[2026-04-24 06:53:46,031][rfdiffusion.inference.model_runners][INFO] - Timestep 16, input to next step: ----------------------------GGGGGGGGGGGGGGGGGGGGGGGGGGGGGGGG----------------------------------
[2026-04-24 06:53:49,690][rfdiffusion.inference.utils][INFO] - Sampled motif RMSD: 0.17
[2026-04-24 06:53:49,805][rfdiffusion.inference.model_runners][INFO] - Timestep 15, input to next step: ----------------------------GGGGGGGGGGGGGGGGGGGGGGGGGGGGGGGG----------------------------------
[2026-04-24 06:53:53,678][rfdiffusion.inference.utils][INFO] - Sampled motif RMSD: 0.17
[2026-04-24 06:53:53,908][rfdiffusion.inference.model_runners][INFO] - Timestep 14, input to next step: ----------------------------GGGGGGGGGGGGGGGGGGGGGGGGGGGGGGGG----------------------------------
[2026-04-24 06:53:58,264][rfdiffusion.inference.utils][INFO] - Sampled motif RMSD: 0.15
[2026-04-24 06:53:58,606][rfdiffusion.inference.model_runners][INFO] - Timestep 13, input to next step: ----------------------------GGGGGGGGGGGGGGGGGGGGGGGGGGGGGGGG----------------------------------
[2026-04-24 06:54:02,201][rfdiffusion.inference.utils][INFO] - Sampled motif RMSD: 0.15
[2026-04-24 06:54:02,486][rfdiffusion.inference.model_runners][INFO] - Timestep 12, input to next step: ----------------------------GGGGGGGGGGGGGGGGGGGGGGGGGGGGGGGG----------------------------------
[2026-04-24 06:54:06,241][rfdiffusion.inference.utils][INFO] - Sampled motif RMSD: 0.15
[2026-04-24 06:54:06,570][rfdiffusion.inference.model_runners][INFO] - Timestep 11, input to next step: ----------------------------GGGGGGGGGGGGGGGGGGGGGGGGGGGGGGGG----------------------------------
[2026-04-24 06:54:10,717][rfdiffusion.inference.utils][INFO] - Sampled motif RMSD: 0.16
[2026-04-24 06:54:11,178][rfdiffusion.inference.model_runners][INFO] - Timestep 10, input to next step: ----------------------------GGGGGGGGGGGGGGGGGGGGGGGGGGGGGGGG----------------------------------
[2026-04-24 06:54:15,403][rfdiffusion.inference.utils][INFO] - Sampled motif RMSD: 0.16
[2026-04-24 06:54:15,576][rfdiffusion.inference.model_runners][INFO] - Timestep 9, input to next step: ----------------------------GGGGGGGGGGGGGGGGGGGGGGGGGGGGGGGG----------------------------------
[2026-04-24 06:54:18,972][rfdiffusion.inference.utils][INFO] - Sampled motif RMSD: 0.15
[2026-04-24 06:54:19,154][rfdiffusion.inference.model_runners][INFO] - Timestep 8, input to next step: ----------------------------GGGGGGGGGGGGGGGGGGGGGGGGGGGGGGGG----------------------------------
[2026-04-24 06:54:23,438][rfdiffusion.inference.utils][INFO] - Sampled motif RMSD: 0.14
[2026-04-24 06:54:23,688][rfdiffusion.inference.model_runners][INFO] - Timestep 7, input to next step: ----------------------------GGGGGGGGGGGGGGGGGGGGGGGGGGGGGGGG----------------------------------
[2026-04-24 06:54:27,180][rfdiffusion.inference.utils][INFO] - Sampled motif RMSD: 0.12
[2026-04-24 06:54:27,302][rfdiffusion.inference.model_runners][INFO] - Timestep 6, input to next step: ----------------------------GGGGGGGGGGGGGGGGGGGGGGGGGGGGGGGG----------------------------------
[2026-04-24 06:54:30,558][rfdiffusion.inference.utils][INFO] - Sampled motif RMSD: 0.12
[2026-04-24 06:54:30,705][rfdiffusion.inference.model_runners][INFO] - Timestep 5, input to next step: ----------------------------GGGGGGGGGGGGGGGGGGGGGGGGGGGGGGGG----------------------------------
[2026-04-24 06:54:34,513][rfdiffusion.inference.utils][INFO] - Sampled motif RMSD: 0.10
[2026-04-24 06:54:34,774][rfdiffusion.inference.model_runners][INFO] - Timestep 4, input to next step: ----------------------------GGGGGGGGGGGGGGGGGGGGGGGGGGGGGGGG----------------------------------
[2026-04-24 06:54:37,450][rfdiffusion.inference.utils][INFO] - Sampled motif RMSD: 0.10
[2026-04-24 06:54:37,671][rfdiffusion.inference.model_runners][INFO] - Timestep 3, input to next step: ----------------------------GGGGGGGGGGGGGGGGGGGGGGGGGGGGGGGG----------------------------------
[2026-04-24 06:54:40,134][rfdiffusion.inference.utils][INFO] - Sampled motif RMSD: 0.10
[2026-04-24 06:54:40,338][rfdiffusion.inference.model_runners][INFO] - Timestep 2, input to next step: ----------------------------GGGGGGGGGGGGGGGGGGGGGGGGGGGGGGGG----------------------------------
[2026-04-24 06:54:46,264][__main__][INFO] - Finished design in 3.52 minutes
