[2026-04-24 09:08:10,026][__main__][INFO] - Found GPU with device_name NVIDIA A100-SXM4-80GB. Will run RFdiffusion on NVIDIA A100-SXM4-80GB
Reading models from /lambda/nfs/manvi/Team_8_CS598GBL/RFdiffusion/rfdiffusion/inference/../../models
[2026-04-24 09:08:10,027][rfdiffusion.inference.model_runners][INFO] - Reading checkpoint from /lambda/nfs/manvi/Team_8_CS598GBL/RFdiffusion/rfdiffusion/inference/../../models/Base_ckpt.pt
This is inf_conf.ckpt_path
/lambda/nfs/manvi/Team_8_CS598GBL/RFdiffusion/rfdiffusion/inference/../../models/Base_ckpt.pt
Assembling -model, -diffuser and -preprocess configs from checkpoint
USING MODEL CONFIG: self._conf[model][n_extra_block] = 4
USING MODEL CONFIG: self._conf[model][n_main_block] = 32
USING MODEL CONFIG: self._conf[model][n_ref_block] = 4
USING MODEL CONFIG: self._conf[model][d_msa] = 256
USING MODEL CONFIG: self._conf[model][d_msa_full] = 64
USING MODEL CONFIG: self._conf[model][d_pair] = 128
USING MODEL CONFIG: self._conf[model][d_templ] = 64
USING MODEL CONFIG: self._conf[model][n_head_msa] = 8
USING MODEL CONFIG: self._conf[model][n_head_pair] = 4
USING MODEL CONFIG: self._conf[model][n_head_templ] = 4
USING MODEL CONFIG: self._conf[model][d_hidden] = 32
USING MODEL CONFIG: self._conf[model][d_hidden_templ] = 32
USING MODEL CONFIG: self._conf[model][p_drop] = 0.15
USING MODEL CONFIG: self._conf[model][SE3_param_full] = {'num_layers': 1, 'num_channels': 32, 'num_degrees': 2, 'n_heads': 4, 'div': 4, 'l0_in_features': 8, 'l0_out_features': 8, 'l1_in_features': 3, 'l1_out_features': 2, 'num_edge_features': 32}
USING MODEL CONFIG: self._conf[model][SE3_param_topk] = {'num_layers': 1, 'num_channels': 32, 'num_degrees': 2, 'n_heads': 4, 'div': 4, 'l0_in_features': 64, 'l0_out_features': 64, 'l1_in_features': 3, 'l1_out_features': 2, 'num_edge_features': 64}
USING MODEL CONFIG: self._conf[model][freeze_track_motif] = False
USING MODEL CONFIG: self._conf[model][use_motif_timestep] = True
USING MODEL CONFIG: self._conf[diffuser][T] = 50
USING MODEL CONFIG: self._conf[diffuser][b_0] = 0.01
USING MODEL CONFIG: self._conf[diffuser][b_T] = 0.07
USING MODEL CONFIG: self._conf[diffuser][schedule_type] = linear
USING MODEL CONFIG: self._conf[diffuser][so3_type] = igso3
USING MODEL CONFIG: self._conf[diffuser][crd_scale] = 0.25
USING MODEL CONFIG: self._conf[diffuser][so3_schedule_type] = linear
USING MODEL CONFIG: self._conf[diffuser][min_b] = 1.5
USING MODEL CONFIG: self._conf[diffuser][max_b] = 2.5
USING MODEL CONFIG: self._conf[diffuser][min_sigma] = 0.02
USING MODEL CONFIG: self._conf[diffuser][max_sigma] = 1.5
USING MODEL CONFIG: self._conf[preprocess][sidechain_input] = False
USING MODEL CONFIG: self._conf[preprocess][motif_sidechain_input] = True
USING MODEL CONFIG: self._conf[preprocess][d_t1d] = 22
USING MODEL CONFIG: self._conf[preprocess][d_t2d] = 44
USING MODEL CONFIG: self._conf[preprocess][prob_self_cond] = 0.5
USING MODEL CONFIG: self._conf[preprocess][str_self_cond] = True
USING MODEL CONFIG: self._conf[preprocess][predict_previous] = False
[2026-04-24 09:08:58,132][rfdiffusion.inference.model_runners][INFO] - Loading checkpoint.
[2026-04-24 09:09:17,224][rfdiffusion.diffusion][INFO] - Using cached IGSO3.
Successful diffuser __init__
[2026-04-24 09:09:17,311][__main__][INFO] - Making design /lambda/nfs/manvi/Team_8_CS598GBL/outputs/custom90_128_motif_scaffolding/fast_T20/len_118/balanced/scaffold_0
[2026-04-24 09:09:17,338][rfdiffusion.inference.model_runners][INFO] - Using contig: ['23-39/A25-53/23-39']
With this beta schedule (linear schedule, beta_0 = 0.04, beta_T = 0.28), alpha_bar_T = 0.00013696048699785024
[2026-04-24 09:09:17,685][rfdiffusion.inference.model_runners][INFO] - Sequence init: ----------------------------GGGGGGGGGGGGGGGGGGGGGGGGGGGGG-----------------------------------
[2026-04-24 09:09:28,103][rfdiffusion.inference.utils][INFO] - Sampled motif RMSD: 0.46
[2026-04-24 09:09:28,326][rfdiffusion.inference.model_runners][INFO] - Timestep 50, input to next step: ----------------------------GGGGGGGGGGGGGGGGGGGGGGGGGGGGG-----------------------------------
[2026-04-24 09:09:35,200][rfdiffusion.inference.utils][INFO] - Sampled motif RMSD: 0.24
[2026-04-24 09:09:35,597][rfdiffusion.inference.model_runners][INFO] - Timestep 49, input to next step: ----------------------------GGGGGGGGGGGGGGGGGGGGGGGGGGGGG-----------------------------------
[2026-04-24 09:09:42,767][rfdiffusion.inference.utils][INFO] - Sampled motif RMSD: 0.24
[2026-04-24 09:09:42,972][rfdiffusion.inference.model_runners][INFO] - Timestep 48, input to next step: ----------------------------GGGGGGGGGGGGGGGGGGGGGGGGGGGGG-----------------------------------
[2026-04-24 09:09:49,518][rfdiffusion.inference.utils][INFO] - Sampled motif RMSD: 0.23
[2026-04-24 09:09:49,910][rfdiffusion.inference.model_runners][INFO] - Timestep 47, input to next step: ----------------------------GGGGGGGGGGGGGGGGGGGGGGGGGGGGG-----------------------------------
[2026-04-24 09:09:55,256][rfdiffusion.inference.utils][INFO] - Sampled motif RMSD: 0.23
[2026-04-24 09:09:55,334][rfdiffusion.inference.model_runners][INFO] - Timestep 46, input to next step: ----------------------------GGGGGGGGGGGGGGGGGGGGGGGGGGGGG-----------------------------------
[2026-04-24 09:10:03,848][rfdiffusion.inference.utils][INFO] - Sampled motif RMSD: 0.25
[2026-04-24 09:10:04,132][rfdiffusion.inference.model_runners][INFO] - Timestep 45, input to next step: ----------------------------GGGGGGGGGGGGGGGGGGGGGGGGGGGGG-----------------------------------
[2026-04-24 09:10:07,271][rfdiffusion.inference.utils][INFO] - Sampled motif RMSD: 0.26
[2026-04-24 09:10:07,780][rfdiffusion.inference.model_runners][INFO] - Timestep 44, input to next step: ----------------------------GGGGGGGGGGGGGGGGGGGGGGGGGGGGG-----------------------------------
[2026-04-24 09:10:11,458][rfdiffusion.inference.utils][INFO] - Sampled motif RMSD: 0.26
[2026-04-24 09:10:11,869][rfdiffusion.inference.model_runners][INFO] - Timestep 43, input to next step: ----------------------------GGGGGGGGGGGGGGGGGGGGGGGGGGGGG-----------------------------------
[2026-04-24 09:10:15,860][rfdiffusion.inference.utils][INFO] - Sampled motif RMSD: 0.26
[2026-04-24 09:10:16,096][rfdiffusion.inference.model_runners][INFO] - Timestep 42, input to next step: ----------------------------GGGGGGGGGGGGGGGGGGGGGGGGGGGGG-----------------------------------
[2026-04-24 09:10:20,500][rfdiffusion.inference.utils][INFO] - Sampled motif RMSD: 0.27
[2026-04-24 09:10:20,931][rfdiffusion.inference.model_runners][INFO] - Timestep 41, input to next step: ----------------------------GGGGGGGGGGGGGGGGGGGGGGGGGGGGG-----------------------------------
[2026-04-24 09:10:24,926][rfdiffusion.inference.utils][INFO] - Sampled motif RMSD: 0.22
[2026-04-24 09:10:25,188][rfdiffusion.inference.model_runners][INFO] - Timestep 40, input to next step: ----------------------------GGGGGGGGGGGGGGGGGGGGGGGGGGGGG-----------------------------------
[2026-04-24 09:10:29,343][rfdiffusion.inference.utils][INFO] - Sampled motif RMSD: 0.22
[2026-04-24 09:10:29,474][rfdiffusion.inference.model_runners][INFO] - Timestep 39, input to next step: ----------------------------GGGGGGGGGGGGGGGGGGGGGGGGGGGGG-----------------------------------
[2026-04-24 09:10:33,542][rfdiffusion.inference.utils][INFO] - Sampled motif RMSD: 0.22
[2026-04-24 09:10:33,709][rfdiffusion.inference.model_runners][INFO] - Timestep 38, input to next step: ----------------------------GGGGGGGGGGGGGGGGGGGGGGGGGGGGG-----------------------------------
[2026-04-24 09:10:36,146][rfdiffusion.inference.utils][INFO] - Sampled motif RMSD: 0.23
[2026-04-24 09:10:36,737][rfdiffusion.inference.model_runners][INFO] - Timestep 37, input to next step: ----------------------------GGGGGGGGGGGGGGGGGGGGGGGGGGGGG-----------------------------------
[2026-04-24 09:10:41,371][rfdiffusion.inference.utils][INFO] - Sampled motif RMSD: 0.23
[2026-04-24 09:10:41,719][rfdiffusion.inference.model_runners][INFO] - Timestep 36, input to next step: ----------------------------GGGGGGGGGGGGGGGGGGGGGGGGGGGGG-----------------------------------
[2026-04-24 09:10:45,051][rfdiffusion.inference.utils][INFO] - Sampled motif RMSD: 0.23
[2026-04-24 09:10:45,416][rfdiffusion.inference.model_runners][INFO] - Timestep 35, input to next step: ----------------------------GGGGGGGGGGGGGGGGGGGGGGGGGGGGG-----------------------------------
[2026-04-24 09:10:49,405][rfdiffusion.inference.utils][INFO] - Sampled motif RMSD: 0.26
[2026-04-24 09:10:49,770][rfdiffusion.inference.model_runners][INFO] - Timestep 34, input to next step: ----------------------------GGGGGGGGGGGGGGGGGGGGGGGGGGGGG-----------------------------------
[2026-04-24 09:10:55,066][rfdiffusion.inference.utils][INFO] - Sampled motif RMSD: 0.28
[2026-04-24 09:10:55,456][rfdiffusion.inference.model_runners][INFO] - Timestep 33, input to next step: ----------------------------GGGGGGGGGGGGGGGGGGGGGGGGGGGGG-----------------------------------
[2026-04-24 09:11:00,241][rfdiffusion.inference.utils][INFO] - Sampled motif RMSD: 0.30
[2026-04-24 09:11:00,498][rfdiffusion.inference.model_runners][INFO] - Timestep 32, input to next step: ----------------------------GGGGGGGGGGGGGGGGGGGGGGGGGGGGG-----------------------------------
[2026-04-24 09:11:04,506][rfdiffusion.inference.utils][INFO] - Sampled motif RMSD: 0.33
[2026-04-24 09:11:04,677][rfdiffusion.inference.model_runners][INFO] - Timestep 31, input to next step: ----------------------------GGGGGGGGGGGGGGGGGGGGGGGGGGGGG-----------------------------------
[2026-04-24 09:11:08,941][rfdiffusion.inference.utils][INFO] - Sampled motif RMSD: 0.35
[2026-04-24 09:11:09,149][rfdiffusion.inference.model_runners][INFO] - Timestep 30, input to next step: ----------------------------GGGGGGGGGGGGGGGGGGGGGGGGGGGGG-----------------------------------
[2026-04-24 09:11:14,403][rfdiffusion.inference.utils][INFO] - Sampled motif RMSD: 0.42
[2026-04-24 09:11:14,769][rfdiffusion.inference.model_runners][INFO] - Timestep 29, input to next step: ----------------------------GGGGGGGGGGGGGGGGGGGGGGGGGGGGG-----------------------------------
[2026-04-24 09:11:19,052][rfdiffusion.inference.utils][INFO] - Sampled motif RMSD: 0.44
[2026-04-24 09:11:19,599][rfdiffusion.inference.model_runners][INFO] - Timestep 28, input to next step: ----------------------------GGGGGGGGGGGGGGGGGGGGGGGGGGGGG-----------------------------------
[2026-04-24 09:11:24,994][rfdiffusion.inference.utils][INFO] - Sampled motif RMSD: 0.48
[2026-04-24 09:11:25,361][rfdiffusion.inference.model_runners][INFO] - Timestep 27, input to next step: ----------------------------GGGGGGGGGGGGGGGGGGGGGGGGGGGGG-----------------------------------
[2026-04-24 09:11:29,917][rfdiffusion.inference.utils][INFO] - Sampled motif RMSD: 0.50
[2026-04-24 09:11:30,325][rfdiffusion.inference.model_runners][INFO] - Timestep 26, input to next step: ----------------------------GGGGGGGGGGGGGGGGGGGGGGGGGGGGG-----------------------------------
[2026-04-24 09:11:34,609][rfdiffusion.inference.utils][INFO] - Sampled motif RMSD: 0.53
[2026-04-24 09:11:34,875][rfdiffusion.inference.model_runners][INFO] - Timestep 25, input to next step: ----------------------------GGGGGGGGGGGGGGGGGGGGGGGGGGGGG-----------------------------------
[2026-04-24 09:11:38,844][rfdiffusion.inference.utils][INFO] - Sampled motif RMSD: 0.54
[2026-04-24 09:11:39,047][rfdiffusion.inference.model_runners][INFO] - Timestep 24, input to next step: ----------------------------GGGGGGGGGGGGGGGGGGGGGGGGGGGGG-----------------------------------
[2026-04-24 09:11:42,895][rfdiffusion.inference.utils][INFO] - Sampled motif RMSD: 0.54
[2026-04-24 09:11:43,174][rfdiffusion.inference.model_runners][INFO] - Timestep 23, input to next step: ----------------------------GGGGGGGGGGGGGGGGGGGGGGGGGGGGG-----------------------------------
[2026-04-24 09:11:48,069][rfdiffusion.inference.utils][INFO] - Sampled motif RMSD: 0.54
[2026-04-24 09:11:48,488][rfdiffusion.inference.model_runners][INFO] - Timestep 22, input to next step: ----------------------------GGGGGGGGGGGGGGGGGGGGGGGGGGGGG-----------------------------------
[2026-04-24 09:11:54,293][rfdiffusion.inference.utils][INFO] - Sampled motif RMSD: 0.56
[2026-04-24 09:11:54,538][rfdiffusion.inference.model_runners][INFO] - Timestep 21, input to next step: ----------------------------GGGGGGGGGGGGGGGGGGGGGGGGGGGGG-----------------------------------
[2026-04-24 09:11:58,378][rfdiffusion.inference.utils][INFO] - Sampled motif RMSD: 0.58
[2026-04-24 09:11:58,670][rfdiffusion.inference.model_runners][INFO] - Timestep 20, input to next step: ----------------------------GGGGGGGGGGGGGGGGGGGGGGGGGGGGG-----------------------------------
[2026-04-24 09:12:03,682][rfdiffusion.inference.utils][INFO] - Sampled motif RMSD: 0.61
[2026-04-24 09:12:03,930][rfdiffusion.inference.model_runners][INFO] - Timestep 19, input to next step: ----------------------------GGGGGGGGGGGGGGGGGGGGGGGGGGGGG-----------------------------------
[2026-04-24 09:12:07,336][rfdiffusion.inference.utils][INFO] - Sampled motif RMSD: 0.64
[2026-04-24 09:12:07,659][rfdiffusion.inference.model_runners][INFO] - Timestep 18, input to next step: ----------------------------GGGGGGGGGGGGGGGGGGGGGGGGGGGGG-----------------------------------
[2026-04-24 09:12:11,557][rfdiffusion.inference.utils][INFO] - Sampled motif RMSD: 0.66
[2026-04-24 09:12:11,789][rfdiffusion.inference.model_runners][INFO] - Timestep 17, input to next step: ----------------------------GGGGGGGGGGGGGGGGGGGGGGGGGGGGG-----------------------------------
[2026-04-24 09:12:15,949][rfdiffusion.inference.utils][INFO] - Sampled motif RMSD: 0.70
[2026-04-24 09:12:16,411][rfdiffusion.inference.model_runners][INFO] - Timestep 16, input to next step: ----------------------------GGGGGGGGGGGGGGGGGGGGGGGGGGGGG-----------------------------------
[2026-04-24 09:12:19,525][rfdiffusion.inference.utils][INFO] - Sampled motif RMSD: 0.72
[2026-04-24 09:12:19,818][rfdiffusion.inference.model_runners][INFO] - Timestep 15, input to next step: ----------------------------GGGGGGGGGGGGGGGGGGGGGGGGGGGGG-----------------------------------
[2026-04-24 09:12:24,111][rfdiffusion.inference.utils][INFO] - Sampled motif RMSD: 0.75
[2026-04-24 09:12:24,283][rfdiffusion.inference.model_runners][INFO] - Timestep 14, input to next step: ----------------------------GGGGGGGGGGGGGGGGGGGGGGGGGGGGG-----------------------------------
[2026-04-24 09:12:27,157][rfdiffusion.inference.utils][INFO] - Sampled motif RMSD: 0.72
[2026-04-24 09:12:27,487][rfdiffusion.inference.model_runners][INFO] - Timestep 13, input to next step: ----------------------------GGGGGGGGGGGGGGGGGGGGGGGGGGGGG-----------------------------------
[2026-04-24 09:12:31,245][rfdiffusion.inference.utils][INFO] - Sampled motif RMSD: 0.69
[2026-04-24 09:12:31,599][rfdiffusion.inference.model_runners][INFO] - Timestep 12, input to next step: ----------------------------GGGGGGGGGGGGGGGGGGGGGGGGGGGGG-----------------------------------
[2026-04-24 09:12:34,694][rfdiffusion.inference.utils][INFO] - Sampled motif RMSD: 0.69
[2026-04-24 09:12:35,095][rfdiffusion.inference.model_runners][INFO] - Timestep 11, input to next step: ----------------------------GGGGGGGGGGGGGGGGGGGGGGGGGGGGG-----------------------------------
[2026-04-24 09:12:38,043][rfdiffusion.inference.utils][INFO] - Sampled motif RMSD: 0.67
[2026-04-24 09:12:38,412][rfdiffusion.inference.model_runners][INFO] - Timestep 10, input to next step: ----------------------------GGGGGGGGGGGGGGGGGGGGGGGGGGGGG-----------------------------------
[2026-04-24 09:12:42,880][rfdiffusion.inference.utils][INFO] - Sampled motif RMSD: 0.64
[2026-04-24 09:12:43,160][rfdiffusion.inference.model_runners][INFO] - Timestep 9, input to next step: ----------------------------GGGGGGGGGGGGGGGGGGGGGGGGGGGGG-----------------------------------
[2026-04-24 09:12:46,361][rfdiffusion.inference.utils][INFO] - Sampled motif RMSD: 0.66
[2026-04-24 09:12:46,730][rfdiffusion.inference.model_runners][INFO] - Timestep 8, input to next step: ----------------------------GGGGGGGGGGGGGGGGGGGGGGGGGGGGG-----------------------------------
[2026-04-24 09:12:50,072][rfdiffusion.inference.utils][INFO] - Sampled motif RMSD: 0.65
[2026-04-24 09:12:50,338][rfdiffusion.inference.model_runners][INFO] - Timestep 7, input to next step: ----------------------------GGGGGGGGGGGGGGGGGGGGGGGGGGGGG-----------------------------------
[2026-04-24 09:12:53,610][rfdiffusion.inference.utils][INFO] - Sampled motif RMSD: 0.64
[2026-04-24 09:12:53,688][rfdiffusion.inference.model_runners][INFO] - Timestep 6, input to next step: ----------------------------GGGGGGGGGGGGGGGGGGGGGGGGGGGGG-----------------------------------
[2026-04-24 09:12:56,661][rfdiffusion.inference.utils][INFO] - Sampled motif RMSD: 0.62
[2026-04-24 09:12:56,780][rfdiffusion.inference.model_runners][INFO] - Timestep 5, input to next step: ----------------------------GGGGGGGGGGGGGGGGGGGGGGGGGGGGG-----------------------------------
[2026-04-24 09:12:59,913][rfdiffusion.inference.utils][INFO] - Sampled motif RMSD: 0.64
[2026-04-24 09:13:00,129][rfdiffusion.inference.model_runners][INFO] - Timestep 4, input to next step: ----------------------------GGGGGGGGGGGGGGGGGGGGGGGGGGGGG-----------------------------------
[2026-04-24 09:13:03,857][rfdiffusion.inference.utils][INFO] - Sampled motif RMSD: 0.61
[2026-04-24 09:13:04,226][rfdiffusion.inference.model_runners][INFO] - Timestep 3, input to next step: ----------------------------GGGGGGGGGGGGGGGGGGGGGGGGGGGGG-----------------------------------
[2026-04-24 09:13:07,735][rfdiffusion.inference.utils][INFO] - Sampled motif RMSD: 0.59
[2026-04-24 09:13:07,998][rfdiffusion.inference.model_runners][INFO] - Timestep 2, input to next step: ----------------------------GGGGGGGGGGGGGGGGGGGGGGGGGGGGG-----------------------------------
[2026-04-24 09:13:12,725][__main__][INFO] - Finished design in 3.92 minutes
