[2026-04-24 09:22:08,220][__main__][INFO] - Found GPU with device_name NVIDIA A100-SXM4-80GB. Will run RFdiffusion on NVIDIA A100-SXM4-80GB
Reading models from /lambda/nfs/manvi/Team_8_CS598GBL/RFdiffusion/rfdiffusion/inference/../../models
[2026-04-24 09:22:08,222][rfdiffusion.inference.model_runners][INFO] - Reading checkpoint from /lambda/nfs/manvi/Team_8_CS598GBL/RFdiffusion/rfdiffusion/inference/../../models/Base_ckpt.pt
This is inf_conf.ckpt_path
/lambda/nfs/manvi/Team_8_CS598GBL/RFdiffusion/rfdiffusion/inference/../../models/Base_ckpt.pt
Assembling -model, -diffuser and -preprocess configs from checkpoint
USING MODEL CONFIG: self._conf[model][n_extra_block] = 4
USING MODEL CONFIG: self._conf[model][n_main_block] = 32
USING MODEL CONFIG: self._conf[model][n_ref_block] = 4
USING MODEL CONFIG: self._conf[model][d_msa] = 256
USING MODEL CONFIG: self._conf[model][d_msa_full] = 64
USING MODEL CONFIG: self._conf[model][d_pair] = 128
USING MODEL CONFIG: self._conf[model][d_templ] = 64
USING MODEL CONFIG: self._conf[model][n_head_msa] = 8
USING MODEL CONFIG: self._conf[model][n_head_pair] = 4
USING MODEL CONFIG: self._conf[model][n_head_templ] = 4
USING MODEL CONFIG: self._conf[model][d_hidden] = 32
USING MODEL CONFIG: self._conf[model][d_hidden_templ] = 32
USING MODEL CONFIG: self._conf[model][p_drop] = 0.15
USING MODEL CONFIG: self._conf[model][SE3_param_full] = {'num_layers': 1, 'num_channels': 32, 'num_degrees': 2, 'n_heads': 4, 'div': 4, 'l0_in_features': 8, 'l0_out_features': 8, 'l1_in_features': 3, 'l1_out_features': 2, 'num_edge_features': 32}
USING MODEL CONFIG: self._conf[model][SE3_param_topk] = {'num_layers': 1, 'num_channels': 32, 'num_degrees': 2, 'n_heads': 4, 'div': 4, 'l0_in_features': 64, 'l0_out_features': 64, 'l1_in_features': 3, 'l1_out_features': 2, 'num_edge_features': 64}
USING MODEL CONFIG: self._conf[model][freeze_track_motif] = False
USING MODEL CONFIG: self._conf[model][use_motif_timestep] = True
USING MODEL CONFIG: self._conf[diffuser][T] = 50
USING MODEL CONFIG: self._conf[diffuser][b_0] = 0.01
USING MODEL CONFIG: self._conf[diffuser][b_T] = 0.07
USING MODEL CONFIG: self._conf[diffuser][schedule_type] = linear
USING MODEL CONFIG: self._conf[diffuser][so3_type] = igso3
USING MODEL CONFIG: self._conf[diffuser][crd_scale] = 0.25
USING MODEL CONFIG: self._conf[diffuser][so3_schedule_type] = linear
USING MODEL CONFIG: self._conf[diffuser][min_b] = 1.5
USING MODEL CONFIG: self._conf[diffuser][max_b] = 2.5
USING MODEL CONFIG: self._conf[diffuser][min_sigma] = 0.02
USING MODEL CONFIG: self._conf[diffuser][max_sigma] = 1.5
USING MODEL CONFIG: self._conf[preprocess][sidechain_input] = False
USING MODEL CONFIG: self._conf[preprocess][motif_sidechain_input] = True
USING MODEL CONFIG: self._conf[preprocess][d_t1d] = 22
USING MODEL CONFIG: self._conf[preprocess][d_t2d] = 44
USING MODEL CONFIG: self._conf[preprocess][prob_self_cond] = 0.5
USING MODEL CONFIG: self._conf[preprocess][str_self_cond] = True
USING MODEL CONFIG: self._conf[preprocess][predict_previous] = False
[2026-04-24 09:23:04,331][rfdiffusion.inference.model_runners][INFO] - Loading checkpoint.
[2026-04-24 09:23:24,897][rfdiffusion.diffusion][INFO] - Using cached IGSO3.
Successful diffuser __init__
[2026-04-24 09:23:24,937][__main__][INFO] - Making design /lambda/nfs/manvi/Team_8_CS598GBL/outputs/custom90_128_motif_scaffolding/fast_T20/len_125/balanced/scaffold_0
[2026-04-24 09:23:24,951][rfdiffusion.inference.model_runners][INFO] - Using contig: ['25-41/A27-56/25-41']
With this beta schedule (linear schedule, beta_0 = 0.04, beta_T = 0.28), alpha_bar_T = 0.00013696048699785024
[2026-04-24 09:23:25,439][rfdiffusion.inference.model_runners][INFO] - Sequence init: -------------------------GGGGGGGGGGGGGGGGGGGGGGGGGGGGGG--------------------------------------
[2026-04-24 09:23:32,357][rfdiffusion.inference.utils][INFO] - Sampled motif RMSD: 0.31
[2026-04-24 09:23:32,652][rfdiffusion.inference.model_runners][INFO] - Timestep 50, input to next step: -------------------------GGGGGGGGGGGGGGGGGGGGGGGGGGGGGG--------------------------------------
[2026-04-24 09:23:38,528][rfdiffusion.inference.utils][INFO] - Sampled motif RMSD: 0.28
[2026-04-24 09:23:38,628][rfdiffusion.inference.model_runners][INFO] - Timestep 49, input to next step: -------------------------GGGGGGGGGGGGGGGGGGGGGGGGGGGGGG--------------------------------------
[2026-04-24 09:23:44,205][rfdiffusion.inference.utils][INFO] - Sampled motif RMSD: 0.28
[2026-04-24 09:23:44,406][rfdiffusion.inference.model_runners][INFO] - Timestep 48, input to next step: -------------------------GGGGGGGGGGGGGGGGGGGGGGGGGGGGGG--------------------------------------
[2026-04-24 09:23:48,644][rfdiffusion.inference.utils][INFO] - Sampled motif RMSD: 0.28
[2026-04-24 09:23:48,819][rfdiffusion.inference.model_runners][INFO] - Timestep 47, input to next step: -------------------------GGGGGGGGGGGGGGGGGGGGGGGGGGGGGG--------------------------------------
[2026-04-24 09:23:54,503][rfdiffusion.inference.utils][INFO] - Sampled motif RMSD: 0.30
[2026-04-24 09:23:54,684][rfdiffusion.inference.model_runners][INFO] - Timestep 46, input to next step: -------------------------GGGGGGGGGGGGGGGGGGGGGGGGGGGGGG--------------------------------------
[2026-04-24 09:23:59,758][rfdiffusion.inference.utils][INFO] - Sampled motif RMSD: 0.29
[2026-04-24 09:24:00,034][rfdiffusion.inference.model_runners][INFO] - Timestep 45, input to next step: -------------------------GGGGGGGGGGGGGGGGGGGGGGGGGGGGGG--------------------------------------
[2026-04-24 09:24:04,543][rfdiffusion.inference.utils][INFO] - Sampled motif RMSD: 0.30
[2026-04-24 09:24:04,764][rfdiffusion.inference.model_runners][INFO] - Timestep 44, input to next step: -------------------------GGGGGGGGGGGGGGGGGGGGGGGGGGGGGG--------------------------------------
[2026-04-24 09:24:10,934][rfdiffusion.inference.utils][INFO] - Sampled motif RMSD: 0.31
[2026-04-24 09:24:11,208][rfdiffusion.inference.model_runners][INFO] - Timestep 43, input to next step: -------------------------GGGGGGGGGGGGGGGGGGGGGGGGGGGGGG--------------------------------------
[2026-04-24 09:24:14,667][rfdiffusion.inference.utils][INFO] - Sampled motif RMSD: 0.30
[2026-04-24 09:24:14,952][rfdiffusion.inference.model_runners][INFO] - Timestep 42, input to next step: -------------------------GGGGGGGGGGGGGGGGGGGGGGGGGGGGGG--------------------------------------
[2026-04-24 09:24:18,741][rfdiffusion.inference.utils][INFO] - Sampled motif RMSD: 0.29
[2026-04-24 09:24:19,225][rfdiffusion.inference.model_runners][INFO] - Timestep 41, input to next step: -------------------------GGGGGGGGGGGGGGGGGGGGGGGGGGGGGG--------------------------------------
[2026-04-24 09:24:23,616][rfdiffusion.inference.utils][INFO] - Sampled motif RMSD: 0.29
[2026-04-24 09:24:23,938][rfdiffusion.inference.model_runners][INFO] - Timestep 40, input to next step: -------------------------GGGGGGGGGGGGGGGGGGGGGGGGGGGGGG--------------------------------------
[2026-04-24 09:24:29,061][rfdiffusion.inference.utils][INFO] - Sampled motif RMSD: 0.29
[2026-04-24 09:24:29,547][rfdiffusion.inference.model_runners][INFO] - Timestep 39, input to next step: -------------------------GGGGGGGGGGGGGGGGGGGGGGGGGGGGGG--------------------------------------
[2026-04-24 09:24:34,106][rfdiffusion.inference.utils][INFO] - Sampled motif RMSD: 0.32
[2026-04-24 09:24:34,463][rfdiffusion.inference.model_runners][INFO] - Timestep 38, input to next step: -------------------------GGGGGGGGGGGGGGGGGGGGGGGGGGGGGG--------------------------------------
[2026-04-24 09:24:39,221][rfdiffusion.inference.utils][INFO] - Sampled motif RMSD: 0.32
[2026-04-24 09:24:39,571][rfdiffusion.inference.model_runners][INFO] - Timestep 37, input to next step: -------------------------GGGGGGGGGGGGGGGGGGGGGGGGGGGGGG--------------------------------------
[2026-04-24 09:24:45,100][rfdiffusion.inference.utils][INFO] - Sampled motif RMSD: 0.35
[2026-04-24 09:24:45,441][rfdiffusion.inference.model_runners][INFO] - Timestep 36, input to next step: -------------------------GGGGGGGGGGGGGGGGGGGGGGGGGGGGGG--------------------------------------
[2026-04-24 09:24:49,819][rfdiffusion.inference.utils][INFO] - Sampled motif RMSD: 0.36
[2026-04-24 09:24:50,222][rfdiffusion.inference.model_runners][INFO] - Timestep 35, input to next step: -------------------------GGGGGGGGGGGGGGGGGGGGGGGGGGGGGG--------------------------------------
[2026-04-24 09:24:54,829][rfdiffusion.inference.utils][INFO] - Sampled motif RMSD: 0.38
[2026-04-24 09:24:55,080][rfdiffusion.inference.model_runners][INFO] - Timestep 34, input to next step: -------------------------GGGGGGGGGGGGGGGGGGGGGGGGGGGGGG--------------------------------------
[2026-04-24 09:24:59,340][rfdiffusion.inference.utils][INFO] - Sampled motif RMSD: 0.38
[2026-04-24 09:24:59,654][rfdiffusion.inference.model_runners][INFO] - Timestep 33, input to next step: -------------------------GGGGGGGGGGGGGGGGGGGGGGGGGGGGGG--------------------------------------
[2026-04-24 09:25:04,006][rfdiffusion.inference.utils][INFO] - Sampled motif RMSD: 0.38
[2026-04-24 09:25:04,286][rfdiffusion.inference.model_runners][INFO] - Timestep 32, input to next step: -------------------------GGGGGGGGGGGGGGGGGGGGGGGGGGGGGG--------------------------------------
[2026-04-24 09:25:06,452][rfdiffusion.inference.utils][INFO] - Sampled motif RMSD: 0.37
[2026-04-24 09:25:06,735][rfdiffusion.inference.model_runners][INFO] - Timestep 31, input to next step: -------------------------GGGGGGGGGGGGGGGGGGGGGGGGGGGGGG--------------------------------------
[2026-04-24 09:25:10,362][rfdiffusion.inference.utils][INFO] - Sampled motif RMSD: 0.40
[2026-04-24 09:25:10,915][rfdiffusion.inference.model_runners][INFO] - Timestep 30, input to next step: -------------------------GGGGGGGGGGGGGGGGGGGGGGGGGGGGGG--------------------------------------
[2026-04-24 09:25:14,879][rfdiffusion.inference.utils][INFO] - Sampled motif RMSD: 0.43
[2026-04-24 09:25:15,162][rfdiffusion.inference.model_runners][INFO] - Timestep 29, input to next step: -------------------------GGGGGGGGGGGGGGGGGGGGGGGGGGGGGG--------------------------------------
[2026-04-24 09:25:20,342][rfdiffusion.inference.utils][INFO] - Sampled motif RMSD: 0.46
[2026-04-24 09:25:20,646][rfdiffusion.inference.model_runners][INFO] - Timestep 28, input to next step: -------------------------GGGGGGGGGGGGGGGGGGGGGGGGGGGGGG--------------------------------------
[2026-04-24 09:25:24,396][rfdiffusion.inference.utils][INFO] - Sampled motif RMSD: 0.44
[2026-04-24 09:25:24,684][rfdiffusion.inference.model_runners][INFO] - Timestep 27, input to next step: -------------------------GGGGGGGGGGGGGGGGGGGGGGGGGGGGGG--------------------------------------
[2026-04-24 09:25:29,000][rfdiffusion.inference.utils][INFO] - Sampled motif RMSD: 0.41
[2026-04-24 09:25:29,161][rfdiffusion.inference.model_runners][INFO] - Timestep 26, input to next step: -------------------------GGGGGGGGGGGGGGGGGGGGGGGGGGGGGG--------------------------------------
[2026-04-24 09:25:33,143][rfdiffusion.inference.utils][INFO] - Sampled motif RMSD: 0.40
[2026-04-24 09:25:33,477][rfdiffusion.inference.model_runners][INFO] - Timestep 25, input to next step: -------------------------GGGGGGGGGGGGGGGGGGGGGGGGGGGGGG--------------------------------------
[2026-04-24 09:25:37,502][rfdiffusion.inference.utils][INFO] - Sampled motif RMSD: 0.42
[2026-04-24 09:25:37,677][rfdiffusion.inference.model_runners][INFO] - Timestep 24, input to next step: -------------------------GGGGGGGGGGGGGGGGGGGGGGGGGGGGGG--------------------------------------
[2026-04-24 09:25:40,960][rfdiffusion.inference.utils][INFO] - Sampled motif RMSD: 0.44
[2026-04-24 09:25:41,347][rfdiffusion.inference.model_runners][INFO] - Timestep 23, input to next step: -------------------------GGGGGGGGGGGGGGGGGGGGGGGGGGGGGG--------------------------------------
[2026-04-24 09:25:45,476][rfdiffusion.inference.utils][INFO] - Sampled motif RMSD: 0.44
[2026-04-24 09:25:45,756][rfdiffusion.inference.model_runners][INFO] - Timestep 22, input to next step: -------------------------GGGGGGGGGGGGGGGGGGGGGGGGGGGGGG--------------------------------------
[2026-04-24 09:25:49,670][rfdiffusion.inference.utils][INFO] - Sampled motif RMSD: 0.45
[2026-04-24 09:25:49,859][rfdiffusion.inference.model_runners][INFO] - Timestep 21, input to next step: -------------------------GGGGGGGGGGGGGGGGGGGGGGGGGGGGGG--------------------------------------
[2026-04-24 09:25:53,742][rfdiffusion.inference.utils][INFO] - Sampled motif RMSD: 0.47
[2026-04-24 09:25:53,942][rfdiffusion.inference.model_runners][INFO] - Timestep 20, input to next step: -------------------------GGGGGGGGGGGGGGGGGGGGGGGGGGGGGG--------------------------------------
[2026-04-24 09:25:58,366][rfdiffusion.inference.utils][INFO] - Sampled motif RMSD: 0.49
[2026-04-24 09:25:58,798][rfdiffusion.inference.model_runners][INFO] - Timestep 19, input to next step: -------------------------GGGGGGGGGGGGGGGGGGGGGGGGGGGGGG--------------------------------------
[2026-04-24 09:26:03,587][rfdiffusion.inference.utils][INFO] - Sampled motif RMSD: 0.48
[2026-04-24 09:26:03,783][rfdiffusion.inference.model_runners][INFO] - Timestep 18, input to next step: -------------------------GGGGGGGGGGGGGGGGGGGGGGGGGGGGGG--------------------------------------
[2026-04-24 09:26:08,842][rfdiffusion.inference.utils][INFO] - Sampled motif RMSD: 0.45
[2026-04-24 09:26:09,394][rfdiffusion.inference.model_runners][INFO] - Timestep 17, input to next step: -------------------------GGGGGGGGGGGGGGGGGGGGGGGGGGGGGG--------------------------------------
[2026-04-24 09:26:14,345][rfdiffusion.inference.utils][INFO] - Sampled motif RMSD: 0.46
[2026-04-24 09:26:14,611][rfdiffusion.inference.model_runners][INFO] - Timestep 16, input to next step: -------------------------GGGGGGGGGGGGGGGGGGGGGGGGGGGGGG--------------------------------------
[2026-04-24 09:26:19,170][rfdiffusion.inference.utils][INFO] - Sampled motif RMSD: 0.46
[2026-04-24 09:26:19,361][rfdiffusion.inference.model_runners][INFO] - Timestep 15, input to next step: -------------------------GGGGGGGGGGGGGGGGGGGGGGGGGGGGGG--------------------------------------
[2026-04-24 09:26:24,094][rfdiffusion.inference.utils][INFO] - Sampled motif RMSD: 0.45
[2026-04-24 09:26:24,440][rfdiffusion.inference.model_runners][INFO] - Timestep 14, input to next step: -------------------------GGGGGGGGGGGGGGGGGGGGGGGGGGGGGG--------------------------------------
[2026-04-24 09:26:30,053][rfdiffusion.inference.utils][INFO] - Sampled motif RMSD: 0.49
[2026-04-24 09:26:30,323][rfdiffusion.inference.model_runners][INFO] - Timestep 13, input to next step: -------------------------GGGGGGGGGGGGGGGGGGGGGGGGGGGGGG--------------------------------------
[2026-04-24 09:26:35,930][rfdiffusion.inference.utils][INFO] - Sampled motif RMSD: 0.50
[2026-04-24 09:26:36,336][rfdiffusion.inference.model_runners][INFO] - Timestep 12, input to next step: -------------------------GGGGGGGGGGGGGGGGGGGGGGGGGGGGGG--------------------------------------
[2026-04-24 09:26:41,850][rfdiffusion.inference.utils][INFO] - Sampled motif RMSD: 0.46
[2026-04-24 09:26:42,096][rfdiffusion.inference.model_runners][INFO] - Timestep 11, input to next step: -------------------------GGGGGGGGGGGGGGGGGGGGGGGGGGGGGG--------------------------------------
[2026-04-24 09:26:46,760][rfdiffusion.inference.utils][INFO] - Sampled motif RMSD: 0.44
[2026-04-24 09:26:47,093][rfdiffusion.inference.model_runners][INFO] - Timestep 10, input to next step: -------------------------GGGGGGGGGGGGGGGGGGGGGGGGGGGGGG--------------------------------------
[2026-04-24 09:26:53,052][rfdiffusion.inference.utils][INFO] - Sampled motif RMSD: 0.44
[2026-04-24 09:26:53,501][rfdiffusion.inference.model_runners][INFO] - Timestep 9, input to next step: -------------------------GGGGGGGGGGGGGGGGGGGGGGGGGGGGGG--------------------------------------
[2026-04-24 09:26:58,211][rfdiffusion.inference.utils][INFO] - Sampled motif RMSD: 0.45
[2026-04-24 09:26:58,309][rfdiffusion.inference.model_runners][INFO] - Timestep 8, input to next step: -------------------------GGGGGGGGGGGGGGGGGGGGGGGGGGGGGG--------------------------------------
[2026-04-24 09:27:02,170][rfdiffusion.inference.utils][INFO] - Sampled motif RMSD: 0.46
[2026-04-24 09:27:02,427][rfdiffusion.inference.model_runners][INFO] - Timestep 7, input to next step: -------------------------GGGGGGGGGGGGGGGGGGGGGGGGGGGGGG--------------------------------------
[2026-04-24 09:27:06,469][rfdiffusion.inference.utils][INFO] - Sampled motif RMSD: 0.45
[2026-04-24 09:27:06,640][rfdiffusion.inference.model_runners][INFO] - Timestep 6, input to next step: -------------------------GGGGGGGGGGGGGGGGGGGGGGGGGGGGGG--------------------------------------
[2026-04-24 09:27:11,893][rfdiffusion.inference.utils][INFO] - Sampled motif RMSD: 0.42
[2026-04-24 09:27:12,022][rfdiffusion.inference.model_runners][INFO] - Timestep 5, input to next step: -------------------------GGGGGGGGGGGGGGGGGGGGGGGGGGGGGG--------------------------------------
[2026-04-24 09:27:15,951][rfdiffusion.inference.utils][INFO] - Sampled motif RMSD: 0.42
[2026-04-24 09:27:16,362][rfdiffusion.inference.model_runners][INFO] - Timestep 4, input to next step: -------------------------GGGGGGGGGGGGGGGGGGGGGGGGGGGGGG--------------------------------------
[2026-04-24 09:27:21,440][rfdiffusion.inference.utils][INFO] - Sampled motif RMSD: 0.41
[2026-04-24 09:27:21,712][rfdiffusion.inference.model_runners][INFO] - Timestep 3, input to next step: -------------------------GGGGGGGGGGGGGGGGGGGGGGGGGGGGGG--------------------------------------
[2026-04-24 09:27:25,230][rfdiffusion.inference.utils][INFO] - Sampled motif RMSD: 0.42
[2026-04-24 09:27:25,677][rfdiffusion.inference.model_runners][INFO] - Timestep 2, input to next step: -------------------------GGGGGGGGGGGGGGGGGGGGGGGGGGGGGG--------------------------------------
[2026-04-24 09:27:35,007][__main__][INFO] - Finished design in 4.17 minutes
