[2026-04-24 08:14:30,561][__main__][INFO] - Found GPU with device_name NVIDIA A100-SXM4-80GB. Will run RFdiffusion on NVIDIA A100-SXM4-80GB
Reading models from /lambda/nfs/manvi/Team_8_CS598GBL/RFdiffusion/rfdiffusion/inference/../../models
[2026-04-24 08:14:30,569][rfdiffusion.inference.model_runners][INFO] - Reading checkpoint from /lambda/nfs/manvi/Team_8_CS598GBL/RFdiffusion/rfdiffusion/inference/../../models/Base_ckpt.pt
This is inf_conf.ckpt_path
/lambda/nfs/manvi/Team_8_CS598GBL/RFdiffusion/rfdiffusion/inference/../../models/Base_ckpt.pt
Assembling -model, -diffuser and -preprocess configs from checkpoint
USING MODEL CONFIG: self._conf[model][n_extra_block] = 4
USING MODEL CONFIG: self._conf[model][n_main_block] = 32
USING MODEL CONFIG: self._conf[model][n_ref_block] = 4
USING MODEL CONFIG: self._conf[model][d_msa] = 256
USING MODEL CONFIG: self._conf[model][d_msa_full] = 64
USING MODEL CONFIG: self._conf[model][d_pair] = 128
USING MODEL CONFIG: self._conf[model][d_templ] = 64
USING MODEL CONFIG: self._conf[model][n_head_msa] = 8
USING MODEL CONFIG: self._conf[model][n_head_pair] = 4
USING MODEL CONFIG: self._conf[model][n_head_templ] = 4
USING MODEL CONFIG: self._conf[model][d_hidden] = 32
USING MODEL CONFIG: self._conf[model][d_hidden_templ] = 32
USING MODEL CONFIG: self._conf[model][p_drop] = 0.15
USING MODEL CONFIG: self._conf[model][SE3_param_full] = {'num_layers': 1, 'num_channels': 32, 'num_degrees': 2, 'n_heads': 4, 'div': 4, 'l0_in_features': 8, 'l0_out_features': 8, 'l1_in_features': 3, 'l1_out_features': 2, 'num_edge_features': 32}
USING MODEL CONFIG: self._conf[model][SE3_param_topk] = {'num_layers': 1, 'num_channels': 32, 'num_degrees': 2, 'n_heads': 4, 'div': 4, 'l0_in_features': 64, 'l0_out_features': 64, 'l1_in_features': 3, 'l1_out_features': 2, 'num_edge_features': 64}
USING MODEL CONFIG: self._conf[model][freeze_track_motif] = False
USING MODEL CONFIG: self._conf[model][use_motif_timestep] = True
USING MODEL CONFIG: self._conf[diffuser][T] = 50
USING MODEL CONFIG: self._conf[diffuser][b_0] = 0.01
USING MODEL CONFIG: self._conf[diffuser][b_T] = 0.07
USING MODEL CONFIG: self._conf[diffuser][schedule_type] = linear
USING MODEL CONFIG: self._conf[diffuser][so3_type] = igso3
USING MODEL CONFIG: self._conf[diffuser][crd_scale] = 0.25
USING MODEL CONFIG: self._conf[diffuser][so3_schedule_type] = linear
USING MODEL CONFIG: self._conf[diffuser][min_b] = 1.5
USING MODEL CONFIG: self._conf[diffuser][max_b] = 2.5
USING MODEL CONFIG: self._conf[diffuser][min_sigma] = 0.02
USING MODEL CONFIG: self._conf[diffuser][max_sigma] = 1.5
USING MODEL CONFIG: self._conf[preprocess][sidechain_input] = False
USING MODEL CONFIG: self._conf[preprocess][motif_sidechain_input] = True
USING MODEL CONFIG: self._conf[preprocess][d_t1d] = 22
USING MODEL CONFIG: self._conf[preprocess][d_t2d] = 44
USING MODEL CONFIG: self._conf[preprocess][prob_self_cond] = 0.5
USING MODEL CONFIG: self._conf[preprocess][str_self_cond] = True
USING MODEL CONFIG: self._conf[preprocess][predict_previous] = False
[2026-04-24 08:14:58,973][rfdiffusion.inference.model_runners][INFO] - Loading checkpoint.
[2026-04-24 08:15:08,569][rfdiffusion.diffusion][INFO] - Using cached IGSO3.
Successful diffuser __init__
[2026-04-24 08:15:08,610][__main__][INFO] - Making design /lambda/nfs/manvi/Team_8_CS598GBL/outputs/custom90_128_motif_scaffolding/fast_T20/len_096/balanced/scaffold_0
[2026-04-24 08:15:08,626][rfdiffusion.inference.model_runners][INFO] - Using contig: ['19-32/A21-43/19-32']
With this beta schedule (linear schedule, beta_0 = 0.04, beta_T = 0.28), alpha_bar_T = 0.00013696048699785024
[2026-04-24 08:15:08,881][rfdiffusion.inference.model_runners][INFO] - Sequence init: ----------------------GGGGGGGGGGGGGGGGGGGGGGG---------------------
[2026-04-24 08:15:13,661][rfdiffusion.inference.utils][INFO] - Sampled motif RMSD: 0.17
[2026-04-24 08:15:14,124][rfdiffusion.inference.model_runners][INFO] - Timestep 50, input to next step: ----------------------GGGGGGGGGGGGGGGGGGGGGGG---------------------
[2026-04-24 08:15:17,485][rfdiffusion.inference.utils][INFO] - Sampled motif RMSD: 0.10
[2026-04-24 08:15:17,637][rfdiffusion.inference.model_runners][INFO] - Timestep 49, input to next step: ----------------------GGGGGGGGGGGGGGGGGGGGGGG---------------------
[2026-04-24 08:15:20,354][rfdiffusion.inference.utils][INFO] - Sampled motif RMSD: 0.11
[2026-04-24 08:15:20,614][rfdiffusion.inference.model_runners][INFO] - Timestep 48, input to next step: ----------------------GGGGGGGGGGGGGGGGGGGGGGG---------------------
[2026-04-24 08:15:24,001][rfdiffusion.inference.utils][INFO] - Sampled motif RMSD: 0.12
[2026-04-24 08:15:24,141][rfdiffusion.inference.model_runners][INFO] - Timestep 47, input to next step: ----------------------GGGGGGGGGGGGGGGGGGGGGGG---------------------
[2026-04-24 08:15:27,404][rfdiffusion.inference.utils][INFO] - Sampled motif RMSD: 0.11
[2026-04-24 08:15:27,666][rfdiffusion.inference.model_runners][INFO] - Timestep 46, input to next step: ----------------------GGGGGGGGGGGGGGGGGGGGGGG---------------------
[2026-04-24 08:15:30,091][rfdiffusion.inference.utils][INFO] - Sampled motif RMSD: 0.10
[2026-04-24 08:15:30,309][rfdiffusion.inference.model_runners][INFO] - Timestep 45, input to next step: ----------------------GGGGGGGGGGGGGGGGGGGGGGG---------------------
[2026-04-24 08:15:33,892][rfdiffusion.inference.utils][INFO] - Sampled motif RMSD: 0.12
[2026-04-24 08:15:34,085][rfdiffusion.inference.model_runners][INFO] - Timestep 44, input to next step: ----------------------GGGGGGGGGGGGGGGGGGGGGGG---------------------
[2026-04-24 08:15:36,972][rfdiffusion.inference.utils][INFO] - Sampled motif RMSD: 0.11
[2026-04-24 08:15:37,100][rfdiffusion.inference.model_runners][INFO] - Timestep 43, input to next step: ----------------------GGGGGGGGGGGGGGGGGGGGGGG---------------------
[2026-04-24 08:15:40,917][rfdiffusion.inference.utils][INFO] - Sampled motif RMSD: 0.12
[2026-04-24 08:15:41,198][rfdiffusion.inference.model_runners][INFO] - Timestep 42, input to next step: ----------------------GGGGGGGGGGGGGGGGGGGGGGG---------------------
[2026-04-24 08:15:44,088][rfdiffusion.inference.utils][INFO] - Sampled motif RMSD: 0.11
[2026-04-24 08:15:44,218][rfdiffusion.inference.model_runners][INFO] - Timestep 41, input to next step: ----------------------GGGGGGGGGGGGGGGGGGGGGGG---------------------
[2026-04-24 08:15:46,840][rfdiffusion.inference.utils][INFO] - Sampled motif RMSD: 0.11
[2026-04-24 08:15:46,988][rfdiffusion.inference.model_runners][INFO] - Timestep 40, input to next step: ----------------------GGGGGGGGGGGGGGGGGGGGGGG---------------------
[2026-04-24 08:15:49,696][rfdiffusion.inference.utils][INFO] - Sampled motif RMSD: 0.12
[2026-04-24 08:15:49,891][rfdiffusion.inference.model_runners][INFO] - Timestep 39, input to next step: ----------------------GGGGGGGGGGGGGGGGGGGGGGG---------------------
[2026-04-24 08:15:53,794][rfdiffusion.inference.utils][INFO] - Sampled motif RMSD: 0.15
[2026-04-24 08:15:54,078][rfdiffusion.inference.model_runners][INFO] - Timestep 38, input to next step: ----------------------GGGGGGGGGGGGGGGGGGGGGGG---------------------
[2026-04-24 08:15:57,390][rfdiffusion.inference.utils][INFO] - Sampled motif RMSD: 0.15
[2026-04-24 08:15:57,467][rfdiffusion.inference.model_runners][INFO] - Timestep 37, input to next step: ----------------------GGGGGGGGGGGGGGGGGGGGGGG---------------------
[2026-04-24 08:16:00,016][rfdiffusion.inference.utils][INFO] - Sampled motif RMSD: 0.16
[2026-04-24 08:16:00,064][rfdiffusion.inference.model_runners][INFO] - Timestep 36, input to next step: ----------------------GGGGGGGGGGGGGGGGGGGGGGG---------------------
[2026-04-24 08:16:02,538][rfdiffusion.inference.utils][INFO] - Sampled motif RMSD: 0.15
[2026-04-24 08:16:02,719][rfdiffusion.inference.model_runners][INFO] - Timestep 35, input to next step: ----------------------GGGGGGGGGGGGGGGGGGGGGGG---------------------
[2026-04-24 08:16:05,627][rfdiffusion.inference.utils][INFO] - Sampled motif RMSD: 0.13
[2026-04-24 08:16:05,695][rfdiffusion.inference.model_runners][INFO] - Timestep 34, input to next step: ----------------------GGGGGGGGGGGGGGGGGGGGGGG---------------------
[2026-04-24 08:16:08,927][rfdiffusion.inference.utils][INFO] - Sampled motif RMSD: 0.12
[2026-04-24 08:16:09,210][rfdiffusion.inference.model_runners][INFO] - Timestep 33, input to next step: ----------------------GGGGGGGGGGGGGGGGGGGGGGG---------------------
[2026-04-24 08:16:11,590][rfdiffusion.inference.utils][INFO] - Sampled motif RMSD: 0.12
[2026-04-24 08:16:11,987][rfdiffusion.inference.model_runners][INFO] - Timestep 32, input to next step: ----------------------GGGGGGGGGGGGGGGGGGGGGGG---------------------
[2026-04-24 08:16:14,310][rfdiffusion.inference.utils][INFO] - Sampled motif RMSD: 0.11
[2026-04-24 08:16:14,725][rfdiffusion.inference.model_runners][INFO] - Timestep 31, input to next step: ----------------------GGGGGGGGGGGGGGGGGGGGGGG---------------------
[2026-04-24 08:16:17,610][rfdiffusion.inference.utils][INFO] - Sampled motif RMSD: 0.11
[2026-04-24 08:16:17,869][rfdiffusion.inference.model_runners][INFO] - Timestep 30, input to next step: ----------------------GGGGGGGGGGGGGGGGGGGGGGG---------------------
[2026-04-24 08:16:20,957][rfdiffusion.inference.utils][INFO] - Sampled motif RMSD: 0.11
[2026-04-24 08:16:21,021][rfdiffusion.inference.model_runners][INFO] - Timestep 29, input to next step: ----------------------GGGGGGGGGGGGGGGGGGGGGGG---------------------
[2026-04-24 08:16:23,955][rfdiffusion.inference.utils][INFO] - Sampled motif RMSD: 0.09
[2026-04-24 08:16:24,140][rfdiffusion.inference.model_runners][INFO] - Timestep 28, input to next step: ----------------------GGGGGGGGGGGGGGGGGGGGGGG---------------------
[2026-04-24 08:16:26,512][rfdiffusion.inference.utils][INFO] - Sampled motif RMSD: 0.10
[2026-04-24 08:16:26,733][rfdiffusion.inference.model_runners][INFO] - Timestep 27, input to next step: ----------------------GGGGGGGGGGGGGGGGGGGGGGG---------------------
[2026-04-24 08:16:29,626][rfdiffusion.inference.utils][INFO] - Sampled motif RMSD: 0.10
[2026-04-24 08:16:29,743][rfdiffusion.inference.model_runners][INFO] - Timestep 26, input to next step: ----------------------GGGGGGGGGGGGGGGGGGGGGGG---------------------
[2026-04-24 08:16:32,184][rfdiffusion.inference.utils][INFO] - Sampled motif RMSD: 0.09
[2026-04-24 08:16:32,400][rfdiffusion.inference.model_runners][INFO] - Timestep 25, input to next step: ----------------------GGGGGGGGGGGGGGGGGGGGGGG---------------------
[2026-04-24 08:16:35,098][rfdiffusion.inference.utils][INFO] - Sampled motif RMSD: 0.09
[2026-04-24 08:16:35,395][rfdiffusion.inference.model_runners][INFO] - Timestep 24, input to next step: ----------------------GGGGGGGGGGGGGGGGGGGGGGG---------------------
[2026-04-24 08:16:38,306][rfdiffusion.inference.utils][INFO] - Sampled motif RMSD: 0.09
[2026-04-24 08:16:38,591][rfdiffusion.inference.model_runners][INFO] - Timestep 23, input to next step: ----------------------GGGGGGGGGGGGGGGGGGGGGGG---------------------
[2026-04-24 08:16:40,499][rfdiffusion.inference.utils][INFO] - Sampled motif RMSD: 0.10
[2026-04-24 08:16:40,762][rfdiffusion.inference.model_runners][INFO] - Timestep 22, input to next step: ----------------------GGGGGGGGGGGGGGGGGGGGGGG---------------------
[2026-04-24 08:16:43,200][rfdiffusion.inference.utils][INFO] - Sampled motif RMSD: 0.09
[2026-04-24 08:16:43,533][rfdiffusion.inference.model_runners][INFO] - Timestep 21, input to next step: ----------------------GGGGGGGGGGGGGGGGGGGGGGG---------------------
[2026-04-24 08:16:45,627][rfdiffusion.inference.utils][INFO] - Sampled motif RMSD: 0.10
[2026-04-24 08:16:45,844][rfdiffusion.inference.model_runners][INFO] - Timestep 20, input to next step: ----------------------GGGGGGGGGGGGGGGGGGGGGGG---------------------
[2026-04-24 08:16:48,134][rfdiffusion.inference.utils][INFO] - Sampled motif RMSD: 0.11
[2026-04-24 08:16:48,353][rfdiffusion.inference.model_runners][INFO] - Timestep 19, input to next step: ----------------------GGGGGGGGGGGGGGGGGGGGGGG---------------------
[2026-04-24 08:16:50,192][rfdiffusion.inference.utils][INFO] - Sampled motif RMSD: 0.11
[2026-04-24 08:16:50,455][rfdiffusion.inference.model_runners][INFO] - Timestep 18, input to next step: ----------------------GGGGGGGGGGGGGGGGGGGGGGG---------------------
[2026-04-24 08:16:53,009][rfdiffusion.inference.utils][INFO] - Sampled motif RMSD: 0.11
[2026-04-24 08:16:53,227][rfdiffusion.inference.model_runners][INFO] - Timestep 17, input to next step: ----------------------GGGGGGGGGGGGGGGGGGGGGGG---------------------
[2026-04-24 08:16:55,769][rfdiffusion.inference.utils][INFO] - Sampled motif RMSD: 0.11
[2026-04-24 08:16:56,185][rfdiffusion.inference.model_runners][INFO] - Timestep 16, input to next step: ----------------------GGGGGGGGGGGGGGGGGGGGGGG---------------------
[2026-04-24 08:16:58,756][rfdiffusion.inference.utils][INFO] - Sampled motif RMSD: 0.11
[2026-04-24 08:16:59,035][rfdiffusion.inference.model_runners][INFO] - Timestep 15, input to next step: ----------------------GGGGGGGGGGGGGGGGGGGGGGG---------------------
[2026-04-24 08:17:01,318][rfdiffusion.inference.utils][INFO] - Sampled motif RMSD: 0.13
[2026-04-24 08:17:01,565][rfdiffusion.inference.model_runners][INFO] - Timestep 14, input to next step: ----------------------GGGGGGGGGGGGGGGGGGGGGGG---------------------
[2026-04-24 08:17:03,887][rfdiffusion.inference.utils][INFO] - Sampled motif RMSD: 0.15
[2026-04-24 08:17:04,140][rfdiffusion.inference.model_runners][INFO] - Timestep 13, input to next step: ----------------------GGGGGGGGGGGGGGGGGGGGGGG---------------------
[2026-04-24 08:17:06,386][rfdiffusion.inference.utils][INFO] - Sampled motif RMSD: 0.16
[2026-04-24 08:17:06,638][rfdiffusion.inference.model_runners][INFO] - Timestep 12, input to next step: ----------------------GGGGGGGGGGGGGGGGGGGGGGG---------------------
[2026-04-24 08:17:09,283][rfdiffusion.inference.utils][INFO] - Sampled motif RMSD: 0.17
[2026-04-24 08:17:09,560][rfdiffusion.inference.model_runners][INFO] - Timestep 11, input to next step: ----------------------GGGGGGGGGGGGGGGGGGGGGGG---------------------
[2026-04-24 08:17:11,493][rfdiffusion.inference.utils][INFO] - Sampled motif RMSD: 0.18
[2026-04-24 08:17:11,953][rfdiffusion.inference.model_runners][INFO] - Timestep 10, input to next step: ----------------------GGGGGGGGGGGGGGGGGGGGGGG---------------------
[2026-04-24 08:17:14,593][rfdiffusion.inference.utils][INFO] - Sampled motif RMSD: 0.17
[2026-04-24 08:17:14,833][rfdiffusion.inference.model_runners][INFO] - Timestep 9, input to next step: ----------------------GGGGGGGGGGGGGGGGGGGGGGG---------------------
[2026-04-24 08:17:17,197][rfdiffusion.inference.utils][INFO] - Sampled motif RMSD: 0.17
[2026-04-24 08:17:17,794][rfdiffusion.inference.model_runners][INFO] - Timestep 8, input to next step: ----------------------GGGGGGGGGGGGGGGGGGGGGGG---------------------
[2026-04-24 08:17:20,135][rfdiffusion.inference.utils][INFO] - Sampled motif RMSD: 0.17
[2026-04-24 08:17:20,326][rfdiffusion.inference.model_runners][INFO] - Timestep 7, input to next step: ----------------------GGGGGGGGGGGGGGGGGGGGGGG---------------------
[2026-04-24 08:17:22,916][rfdiffusion.inference.utils][INFO] - Sampled motif RMSD: 0.17
[2026-04-24 08:17:23,149][rfdiffusion.inference.model_runners][INFO] - Timestep 6, input to next step: ----------------------GGGGGGGGGGGGGGGGGGGGGGG---------------------
[2026-04-24 08:17:25,483][rfdiffusion.inference.utils][INFO] - Sampled motif RMSD: 0.18
[2026-04-24 08:17:25,762][rfdiffusion.inference.model_runners][INFO] - Timestep 5, input to next step: ----------------------GGGGGGGGGGGGGGGGGGGGGGG---------------------
[2026-04-24 08:17:28,803][rfdiffusion.inference.utils][INFO] - Sampled motif RMSD: 0.17
[2026-04-24 08:17:29,051][rfdiffusion.inference.model_runners][INFO] - Timestep 4, input to next step: ----------------------GGGGGGGGGGGGGGGGGGGGGGG---------------------
[2026-04-24 08:17:32,179][rfdiffusion.inference.utils][INFO] - Sampled motif RMSD: 0.18
[2026-04-24 08:17:32,444][rfdiffusion.inference.model_runners][INFO] - Timestep 3, input to next step: ----------------------GGGGGGGGGGGGGGGGGGGGGGG---------------------
[2026-04-24 08:17:34,569][rfdiffusion.inference.utils][INFO] - Sampled motif RMSD: 0.18
[2026-04-24 08:17:34,717][rfdiffusion.inference.model_runners][INFO] - Timestep 2, input to next step: ----------------------GGGGGGGGGGGGGGGGGGGGGGG---------------------
[2026-04-24 08:17:38,297][__main__][INFO] - Finished design in 2.49 minutes
[2026-04-24 08:17:38,299][__main__][INFO] - Making design /lambda/nfs/manvi/Team_8_CS598GBL/outputs/custom90_128_motif_scaffolding/fast_T20/len_096/balanced/scaffold_1
[2026-04-24 08:17:38,319][rfdiffusion.inference.model_runners][INFO] - Using contig: ['19-32/A21-43/19-32']
With this beta schedule (linear schedule, beta_0 = 0.04, beta_T = 0.28), alpha_bar_T = 0.00013696048699785024
[2026-04-24 08:17:38,724][rfdiffusion.inference.model_runners][INFO] - Sequence init: ------------------------------GGGGGGGGGGGGGGGGGGGGGGG-----------------------
[2026-04-24 08:17:40,643][rfdiffusion.inference.utils][INFO] - Sampled motif RMSD: 0.23
[2026-04-24 08:17:40,846][rfdiffusion.inference.model_runners][INFO] - Timestep 50, input to next step: ------------------------------GGGGGGGGGGGGGGGGGGGGGGG-----------------------
[2026-04-24 08:17:43,626][rfdiffusion.inference.utils][INFO] - Sampled motif RMSD: 0.20
[2026-04-24 08:17:43,985][rfdiffusion.inference.model_runners][INFO] - Timestep 49, input to next step: ------------------------------GGGGGGGGGGGGGGGGGGGGGGG-----------------------
[2026-04-24 08:17:46,135][rfdiffusion.inference.utils][INFO] - Sampled motif RMSD: 0.19
[2026-04-24 08:17:46,506][rfdiffusion.inference.model_runners][INFO] - Timestep 48, input to next step: ------------------------------GGGGGGGGGGGGGGGGGGGGGGG-----------------------
[2026-04-24 08:17:49,016][rfdiffusion.inference.utils][INFO] - Sampled motif RMSD: 0.20
[2026-04-24 08:17:49,261][rfdiffusion.inference.model_runners][INFO] - Timestep 47, input to next step: ------------------------------GGGGGGGGGGGGGGGGGGGGGGG-----------------------
[2026-04-24 08:17:52,498][rfdiffusion.inference.utils][INFO] - Sampled motif RMSD: 0.19
[2026-04-24 08:17:52,619][rfdiffusion.inference.model_runners][INFO] - Timestep 46, input to next step: ------------------------------GGGGGGGGGGGGGGGGGGGGGGG-----------------------
[2026-04-24 08:17:55,346][rfdiffusion.inference.utils][INFO] - Sampled motif RMSD: 0.18
[2026-04-24 08:17:55,393][rfdiffusion.inference.model_runners][INFO] - Timestep 45, input to next step: ------------------------------GGGGGGGGGGGGGGGGGGGGGGG-----------------------
[2026-04-24 08:17:57,490][rfdiffusion.inference.utils][INFO] - Sampled motif RMSD: 0.18
[2026-04-24 08:17:57,527][rfdiffusion.inference.model_runners][INFO] - Timestep 44, input to next step: ------------------------------GGGGGGGGGGGGGGGGGGGGGGG-----------------------
[2026-04-24 08:17:59,985][rfdiffusion.inference.utils][INFO] - Sampled motif RMSD: 0.16
[2026-04-24 08:18:00,065][rfdiffusion.inference.model_runners][INFO] - Timestep 43, input to next step: ------------------------------GGGGGGGGGGGGGGGGGGGGGGG-----------------------
[2026-04-24 08:18:02,208][rfdiffusion.inference.utils][INFO] - Sampled motif RMSD: 0.17
[2026-04-24 08:18:02,314][rfdiffusion.inference.model_runners][INFO] - Timestep 42, input to next step: ------------------------------GGGGGGGGGGGGGGGGGGGGGGG-----------------------
[2026-04-24 08:18:04,836][rfdiffusion.inference.utils][INFO] - Sampled motif RMSD: 0.18
[2026-04-24 08:18:04,931][rfdiffusion.inference.model_runners][INFO] - Timestep 41, input to next step: ------------------------------GGGGGGGGGGGGGGGGGGGGGGG-----------------------
[2026-04-24 08:18:07,206][rfdiffusion.inference.utils][INFO] - Sampled motif RMSD: 0.20
[2026-04-24 08:18:07,423][rfdiffusion.inference.model_runners][INFO] - Timestep 40, input to next step: ------------------------------GGGGGGGGGGGGGGGGGGGGGGG-----------------------
[2026-04-24 08:18:09,692][rfdiffusion.inference.utils][INFO] - Sampled motif RMSD: 0.20
[2026-04-24 08:18:10,149][rfdiffusion.inference.model_runners][INFO] - Timestep 39, input to next step: ------------------------------GGGGGGGGGGGGGGGGGGGGGGG-----------------------
[2026-04-24 08:18:12,598][rfdiffusion.inference.utils][INFO] - Sampled motif RMSD: 0.21
[2026-04-24 08:18:12,724][rfdiffusion.inference.model_runners][INFO] - Timestep 38, input to next step: ------------------------------GGGGGGGGGGGGGGGGGGGGGGG-----------------------
[2026-04-24 08:18:14,660][rfdiffusion.inference.utils][INFO] - Sampled motif RMSD: 0.22
[2026-04-24 08:18:14,763][rfdiffusion.inference.model_runners][INFO] - Timestep 37, input to next step: ------------------------------GGGGGGGGGGGGGGGGGGGGGGG-----------------------
[2026-04-24 08:18:17,257][rfdiffusion.inference.utils][INFO] - Sampled motif RMSD: 0.18
[2026-04-24 08:18:17,425][rfdiffusion.inference.model_runners][INFO] - Timestep 36, input to next step: ------------------------------GGGGGGGGGGGGGGGGGGGGGGG-----------------------
[2026-04-24 08:18:19,856][rfdiffusion.inference.utils][INFO] - Sampled motif RMSD: 0.18
[2026-04-24 08:18:20,045][rfdiffusion.inference.model_runners][INFO] - Timestep 35, input to next step: ------------------------------GGGGGGGGGGGGGGGGGGGGGGG-----------------------
[2026-04-24 08:18:23,075][rfdiffusion.inference.utils][INFO] - Sampled motif RMSD: 0.18
[2026-04-24 08:18:23,262][rfdiffusion.inference.model_runners][INFO] - Timestep 34, input to next step: ------------------------------GGGGGGGGGGGGGGGGGGGGGGG-----------------------
[2026-04-24 08:18:26,119][rfdiffusion.inference.utils][INFO] - Sampled motif RMSD: 0.20
[2026-04-24 08:18:26,287][rfdiffusion.inference.model_runners][INFO] - Timestep 33, input to next step: ------------------------------GGGGGGGGGGGGGGGGGGGGGGG-----------------------
[2026-04-24 08:18:29,134][rfdiffusion.inference.utils][INFO] - Sampled motif RMSD: 0.21
[2026-04-24 08:18:29,250][rfdiffusion.inference.model_runners][INFO] - Timestep 32, input to next step: ------------------------------GGGGGGGGGGGGGGGGGGGGGGG-----------------------
[2026-04-24 08:18:32,526][rfdiffusion.inference.utils][INFO] - Sampled motif RMSD: 0.21
[2026-04-24 08:18:32,714][rfdiffusion.inference.model_runners][INFO] - Timestep 31, input to next step: ------------------------------GGGGGGGGGGGGGGGGGGGGGGG-----------------------
[2026-04-24 08:18:35,543][rfdiffusion.inference.utils][INFO] - Sampled motif RMSD: 0.23
[2026-04-24 08:18:35,727][rfdiffusion.inference.model_runners][INFO] - Timestep 30, input to next step: ------------------------------GGGGGGGGGGGGGGGGGGGGGGG-----------------------
[2026-04-24 08:18:37,680][rfdiffusion.inference.utils][INFO] - Sampled motif RMSD: 0.22
[2026-04-24 08:18:37,961][rfdiffusion.inference.model_runners][INFO] - Timestep 29, input to next step: ------------------------------GGGGGGGGGGGGGGGGGGGGGGG-----------------------
[2026-04-24 08:18:40,146][rfdiffusion.inference.utils][INFO] - Sampled motif RMSD: 0.24
[2026-04-24 08:18:40,376][rfdiffusion.inference.model_runners][INFO] - Timestep 28, input to next step: ------------------------------GGGGGGGGGGGGGGGGGGGGGGG-----------------------
[2026-04-24 08:18:42,271][rfdiffusion.inference.utils][INFO] - Sampled motif RMSD: 0.25
[2026-04-24 08:18:42,494][rfdiffusion.inference.model_runners][INFO] - Timestep 27, input to next step: ------------------------------GGGGGGGGGGGGGGGGGGGGGGG-----------------------
[2026-04-24 08:18:44,359][rfdiffusion.inference.utils][INFO] - Sampled motif RMSD: 0.25
[2026-04-24 08:18:44,488][rfdiffusion.inference.model_runners][INFO] - Timestep 26, input to next step: ------------------------------GGGGGGGGGGGGGGGGGGGGGGG-----------------------
[2026-04-24 08:18:46,393][rfdiffusion.inference.utils][INFO] - Sampled motif RMSD: 0.24
[2026-04-24 08:18:46,472][rfdiffusion.inference.model_runners][INFO] - Timestep 25, input to next step: ------------------------------GGGGGGGGGGGGGGGGGGGGGGG-----------------------
[2026-04-24 08:18:48,503][rfdiffusion.inference.utils][INFO] - Sampled motif RMSD: 0.26
[2026-04-24 08:18:48,701][rfdiffusion.inference.model_runners][INFO] - Timestep 24, input to next step: ------------------------------GGGGGGGGGGGGGGGGGGGGGGG-----------------------
[2026-04-24 08:18:50,819][rfdiffusion.inference.utils][INFO] - Sampled motif RMSD: 0.26
[2026-04-24 08:18:50,888][rfdiffusion.inference.model_runners][INFO] - Timestep 23, input to next step: ------------------------------GGGGGGGGGGGGGGGGGGGGGGG-----------------------
[2026-04-24 08:18:52,735][rfdiffusion.inference.utils][INFO] - Sampled motif RMSD: 0.27
[2026-04-24 08:18:52,804][rfdiffusion.inference.model_runners][INFO] - Timestep 22, input to next step: ------------------------------GGGGGGGGGGGGGGGGGGGGGGG-----------------------
[2026-04-24 08:18:54,412][rfdiffusion.inference.utils][INFO] - Sampled motif RMSD: 0.28
[2026-04-24 08:18:54,572][rfdiffusion.inference.model_runners][INFO] - Timestep 21, input to next step: ------------------------------GGGGGGGGGGGGGGGGGGGGGGG-----------------------
[2026-04-24 08:18:56,277][rfdiffusion.inference.utils][INFO] - Sampled motif RMSD: 0.30
[2026-04-24 08:18:56,324][rfdiffusion.inference.model_runners][INFO] - Timestep 20, input to next step: ------------------------------GGGGGGGGGGGGGGGGGGGGGGG-----------------------
[2026-04-24 08:18:58,259][rfdiffusion.inference.utils][INFO] - Sampled motif RMSD: 0.30
[2026-04-24 08:18:58,351][rfdiffusion.inference.model_runners][INFO] - Timestep 19, input to next step: ------------------------------GGGGGGGGGGGGGGGGGGGGGGG-----------------------
[2026-04-24 08:19:00,363][rfdiffusion.inference.utils][INFO] - Sampled motif RMSD: 0.31
[2026-04-24 08:19:00,503][rfdiffusion.inference.model_runners][INFO] - Timestep 18, input to next step: ------------------------------GGGGGGGGGGGGGGGGGGGGGGG-----------------------
[2026-04-24 08:19:02,577][rfdiffusion.inference.utils][INFO] - Sampled motif RMSD: 0.30
[2026-04-24 08:19:02,677][rfdiffusion.inference.model_runners][INFO] - Timestep 17, input to next step: ------------------------------GGGGGGGGGGGGGGGGGGGGGGG-----------------------
[2026-04-24 08:19:04,612][rfdiffusion.inference.utils][INFO] - Sampled motif RMSD: 0.29
[2026-04-24 08:19:04,650][rfdiffusion.inference.model_runners][INFO] - Timestep 16, input to next step: ------------------------------GGGGGGGGGGGGGGGGGGGGGGG-----------------------
[2026-04-24 08:19:06,458][rfdiffusion.inference.utils][INFO] - Sampled motif RMSD: 0.27
[2026-04-24 08:19:06,541][rfdiffusion.inference.model_runners][INFO] - Timestep 15, input to next step: ------------------------------GGGGGGGGGGGGGGGGGGGGGGG-----------------------
[2026-04-24 08:19:08,391][rfdiffusion.inference.utils][INFO] - Sampled motif RMSD: 0.27
[2026-04-24 08:19:08,541][rfdiffusion.inference.model_runners][INFO] - Timestep 14, input to next step: ------------------------------GGGGGGGGGGGGGGGGGGGGGGG-----------------------
[2026-04-24 08:19:10,720][rfdiffusion.inference.utils][INFO] - Sampled motif RMSD: 0.26
[2026-04-24 08:19:10,789][rfdiffusion.inference.model_runners][INFO] - Timestep 13, input to next step: ------------------------------GGGGGGGGGGGGGGGGGGGGGGG-----------------------
[2026-04-24 08:19:12,614][rfdiffusion.inference.utils][INFO] - Sampled motif RMSD: 0.26
[2026-04-24 08:19:12,714][rfdiffusion.inference.model_runners][INFO] - Timestep 12, input to next step: ------------------------------GGGGGGGGGGGGGGGGGGGGGGG-----------------------
[2026-04-24 08:19:14,259][rfdiffusion.inference.utils][INFO] - Sampled motif RMSD: 0.26
[2026-04-24 08:19:14,300][rfdiffusion.inference.model_runners][INFO] - Timestep 11, input to next step: ------------------------------GGGGGGGGGGGGGGGGGGGGGGG-----------------------
[2026-04-24 08:19:15,889][rfdiffusion.inference.utils][INFO] - Sampled motif RMSD: 0.27
[2026-04-24 08:19:16,054][rfdiffusion.inference.model_runners][INFO] - Timestep 10, input to next step: ------------------------------GGGGGGGGGGGGGGGGGGGGGGG-----------------------
[2026-04-24 08:19:17,602][rfdiffusion.inference.utils][INFO] - Sampled motif RMSD: 0.27
[2026-04-24 08:19:17,733][rfdiffusion.inference.model_runners][INFO] - Timestep 9, input to next step: ------------------------------GGGGGGGGGGGGGGGGGGGGGGG-----------------------
[2026-04-24 08:19:19,222][rfdiffusion.inference.utils][INFO] - Sampled motif RMSD: 0.28
[2026-04-24 08:19:19,503][rfdiffusion.inference.model_runners][INFO] - Timestep 8, input to next step: ------------------------------GGGGGGGGGGGGGGGGGGGGGGG-----------------------
[2026-04-24 08:19:20,912][rfdiffusion.inference.utils][INFO] - Sampled motif RMSD: 0.28
[2026-04-24 08:19:20,997][rfdiffusion.inference.model_runners][INFO] - Timestep 7, input to next step: ------------------------------GGGGGGGGGGGGGGGGGGGGGGG-----------------------
[2026-04-24 08:19:22,444][rfdiffusion.inference.utils][INFO] - Sampled motif RMSD: 0.26
[2026-04-24 08:19:22,580][rfdiffusion.inference.model_runners][INFO] - Timestep 6, input to next step: ------------------------------GGGGGGGGGGGGGGGGGGGGGGG-----------------------
[2026-04-24 08:19:24,179][rfdiffusion.inference.utils][INFO] - Sampled motif RMSD: 0.27
[2026-04-24 08:19:24,273][rfdiffusion.inference.model_runners][INFO] - Timestep 5, input to next step: ------------------------------GGGGGGGGGGGGGGGGGGGGGGG-----------------------
[2026-04-24 08:19:26,164][rfdiffusion.inference.utils][INFO] - Sampled motif RMSD: 0.27
[2026-04-24 08:19:26,398][rfdiffusion.inference.model_runners][INFO] - Timestep 4, input to next step: ------------------------------GGGGGGGGGGGGGGGGGGGGGGG-----------------------
[2026-04-24 08:19:28,009][rfdiffusion.inference.utils][INFO] - Sampled motif RMSD: 0.26
[2026-04-24 08:19:28,105][rfdiffusion.inference.model_runners][INFO] - Timestep 3, input to next step: ------------------------------GGGGGGGGGGGGGGGGGGGGGGG-----------------------
[2026-04-24 08:19:29,653][rfdiffusion.inference.utils][INFO] - Sampled motif RMSD: 0.26
[2026-04-24 08:19:29,730][rfdiffusion.inference.model_runners][INFO] - Timestep 2, input to next step: ------------------------------GGGGGGGGGGGGGGGGGGGGGGG-----------------------
[2026-04-24 08:19:32,750][__main__][INFO] - Finished design in 1.91 minutes
