[2026-04-24 07:12:03,836][__main__][INFO] - Found GPU with device_name NVIDIA A100-SXM4-80GB. Will run RFdiffusion on NVIDIA A100-SXM4-80GB
Reading models from /lambda/nfs/manvi/Team_8_CS598GBL/RFdiffusion/rfdiffusion/inference/../../models
[2026-04-24 07:12:03,860][rfdiffusion.inference.model_runners][INFO] - Reading checkpoint from /lambda/nfs/manvi/Team_8_CS598GBL/RFdiffusion/rfdiffusion/inference/../../models/Base_ckpt.pt
This is inf_conf.ckpt_path
/lambda/nfs/manvi/Team_8_CS598GBL/RFdiffusion/rfdiffusion/inference/../../models/Base_ckpt.pt
Assembling -model, -diffuser and -preprocess configs from checkpoint
USING MODEL CONFIG: self._conf[model][n_extra_block] = 4
USING MODEL CONFIG: self._conf[model][n_main_block] = 32
USING MODEL CONFIG: self._conf[model][n_ref_block] = 4
USING MODEL CONFIG: self._conf[model][d_msa] = 256
USING MODEL CONFIG: self._conf[model][d_msa_full] = 64
USING MODEL CONFIG: self._conf[model][d_pair] = 128
USING MODEL CONFIG: self._conf[model][d_templ] = 64
USING MODEL CONFIG: self._conf[model][n_head_msa] = 8
USING MODEL CONFIG: self._conf[model][n_head_pair] = 4
USING MODEL CONFIG: self._conf[model][n_head_templ] = 4
USING MODEL CONFIG: self._conf[model][d_hidden] = 32
USING MODEL CONFIG: self._conf[model][d_hidden_templ] = 32
USING MODEL CONFIG: self._conf[model][p_drop] = 0.15
USING MODEL CONFIG: self._conf[model][SE3_param_full] = {'num_layers': 1, 'num_channels': 32, 'num_degrees': 2, 'n_heads': 4, 'div': 4, 'l0_in_features': 8, 'l0_out_features': 8, 'l1_in_features': 3, 'l1_out_features': 2, 'num_edge_features': 32}
USING MODEL CONFIG: self._conf[model][SE3_param_topk] = {'num_layers': 1, 'num_channels': 32, 'num_degrees': 2, 'n_heads': 4, 'div': 4, 'l0_in_features': 64, 'l0_out_features': 64, 'l1_in_features': 3, 'l1_out_features': 2, 'num_edge_features': 64}
USING MODEL CONFIG: self._conf[model][freeze_track_motif] = False
USING MODEL CONFIG: self._conf[model][use_motif_timestep] = True
USING MODEL CONFIG: self._conf[diffuser][T] = 50
USING MODEL CONFIG: self._conf[diffuser][b_0] = 0.01
USING MODEL CONFIG: self._conf[diffuser][b_T] = 0.07
USING MODEL CONFIG: self._conf[diffuser][schedule_type] = linear
USING MODEL CONFIG: self._conf[diffuser][so3_type] = igso3
USING MODEL CONFIG: self._conf[diffuser][crd_scale] = 0.25
USING MODEL CONFIG: self._conf[diffuser][so3_schedule_type] = linear
USING MODEL CONFIG: self._conf[diffuser][min_b] = 1.5
USING MODEL CONFIG: self._conf[diffuser][max_b] = 2.5
USING MODEL CONFIG: self._conf[diffuser][min_sigma] = 0.02
USING MODEL CONFIG: self._conf[diffuser][max_sigma] = 1.5
USING MODEL CONFIG: self._conf[preprocess][sidechain_input] = False
USING MODEL CONFIG: self._conf[preprocess][motif_sidechain_input] = True
USING MODEL CONFIG: self._conf[preprocess][d_t1d] = 22
USING MODEL CONFIG: self._conf[preprocess][d_t2d] = 44
USING MODEL CONFIG: self._conf[preprocess][prob_self_cond] = 0.5
USING MODEL CONFIG: self._conf[preprocess][str_self_cond] = True
USING MODEL CONFIG: self._conf[preprocess][predict_previous] = False
[2026-04-24 07:12:56,862][rfdiffusion.inference.model_runners][INFO] - Loading checkpoint.
[2026-04-24 07:13:12,578][rfdiffusion.diffusion][INFO] - Using cached IGSO3.
Successful diffuser __init__
[2026-04-24 07:13:12,628][__main__][INFO] - Making design /lambda/nfs/manvi/Team_8_CS598GBL/outputs/custom90_128_motif_scaffolding/default/len_114/short/scaffold_0
[2026-04-24 07:13:12,638][rfdiffusion.inference.model_runners][INFO] - Using contig: ['22-38/A50-63/22-38']
With this beta schedule (linear schedule, beta_0 = 0.04, beta_T = 0.28), alpha_bar_T = 0.00013696048699785024
[2026-04-24 07:13:12,954][rfdiffusion.inference.model_runners][INFO] - Sequence init: ------------------------GGGGGGGGGGGGGG--------------------------------------
[2026-04-24 07:13:21,167][rfdiffusion.inference.utils][INFO] - Sampled motif RMSD: 0.38
[2026-04-24 07:13:21,641][rfdiffusion.inference.model_runners][INFO] - Timestep 50, input to next step: ------------------------GGGGGGGGGGGGGG--------------------------------------
[2026-04-24 07:13:28,929][rfdiffusion.inference.utils][INFO] - Sampled motif RMSD: 0.35
[2026-04-24 07:13:29,176][rfdiffusion.inference.model_runners][INFO] - Timestep 49, input to next step: ------------------------GGGGGGGGGGGGGG--------------------------------------
[2026-04-24 07:13:36,079][rfdiffusion.inference.utils][INFO] - Sampled motif RMSD: 0.32
[2026-04-24 07:13:36,362][rfdiffusion.inference.model_runners][INFO] - Timestep 48, input to next step: ------------------------GGGGGGGGGGGGGG--------------------------------------
[2026-04-24 07:13:42,858][rfdiffusion.inference.utils][INFO] - Sampled motif RMSD: 0.30
[2026-04-24 07:13:43,137][rfdiffusion.inference.model_runners][INFO] - Timestep 47, input to next step: ------------------------GGGGGGGGGGGGGG--------------------------------------
[2026-04-24 07:13:50,233][rfdiffusion.inference.utils][INFO] - Sampled motif RMSD: 0.24
[2026-04-24 07:13:51,127][rfdiffusion.inference.model_runners][INFO] - Timestep 46, input to next step: ------------------------GGGGGGGGGGGGGG--------------------------------------
[2026-04-24 07:13:58,526][rfdiffusion.inference.utils][INFO] - Sampled motif RMSD: 0.23
[2026-04-24 07:13:58,861][rfdiffusion.inference.model_runners][INFO] - Timestep 45, input to next step: ------------------------GGGGGGGGGGGGGG--------------------------------------
[2026-04-24 07:14:04,275][rfdiffusion.inference.utils][INFO] - Sampled motif RMSD: 0.22
[2026-04-24 07:14:04,522][rfdiffusion.inference.model_runners][INFO] - Timestep 44, input to next step: ------------------------GGGGGGGGGGGGGG--------------------------------------
[2026-04-24 07:14:10,502][rfdiffusion.inference.utils][INFO] - Sampled motif RMSD: 0.23
[2026-04-24 07:14:11,025][rfdiffusion.inference.model_runners][INFO] - Timestep 43, input to next step: ------------------------GGGGGGGGGGGGGG--------------------------------------
[2026-04-24 07:14:16,507][rfdiffusion.inference.utils][INFO] - Sampled motif RMSD: 0.24
[2026-04-24 07:14:16,798][rfdiffusion.inference.model_runners][INFO] - Timestep 42, input to next step: ------------------------GGGGGGGGGGGGGG--------------------------------------
[2026-04-24 07:14:22,782][rfdiffusion.inference.utils][INFO] - Sampled motif RMSD: 0.24
[2026-04-24 07:14:23,091][rfdiffusion.inference.model_runners][INFO] - Timestep 41, input to next step: ------------------------GGGGGGGGGGGGGG--------------------------------------
[2026-04-24 07:14:27,951][rfdiffusion.inference.utils][INFO] - Sampled motif RMSD: 0.23
[2026-04-24 07:14:28,312][rfdiffusion.inference.model_runners][INFO] - Timestep 40, input to next step: ------------------------GGGGGGGGGGGGGG--------------------------------------
[2026-04-24 07:14:33,547][rfdiffusion.inference.utils][INFO] - Sampled motif RMSD: 0.26
[2026-04-24 07:14:33,723][rfdiffusion.inference.model_runners][INFO] - Timestep 39, input to next step: ------------------------GGGGGGGGGGGGGG--------------------------------------
[2026-04-24 07:14:37,944][rfdiffusion.inference.utils][INFO] - Sampled motif RMSD: 0.25
[2026-04-24 07:14:38,254][rfdiffusion.inference.model_runners][INFO] - Timestep 38, input to next step: ------------------------GGGGGGGGGGGGGG--------------------------------------
[2026-04-24 07:14:43,027][rfdiffusion.inference.utils][INFO] - Sampled motif RMSD: 0.26
[2026-04-24 07:14:43,432][rfdiffusion.inference.model_runners][INFO] - Timestep 37, input to next step: ------------------------GGGGGGGGGGGGGG--------------------------------------
[2026-04-24 07:14:48,057][rfdiffusion.inference.utils][INFO] - Sampled motif RMSD: 0.26
[2026-04-24 07:14:48,465][rfdiffusion.inference.model_runners][INFO] - Timestep 36, input to next step: ------------------------GGGGGGGGGGGGGG--------------------------------------
[2026-04-24 07:14:53,355][rfdiffusion.inference.utils][INFO] - Sampled motif RMSD: 0.25
[2026-04-24 07:14:53,756][rfdiffusion.inference.model_runners][INFO] - Timestep 35, input to next step: ------------------------GGGGGGGGGGGGGG--------------------------------------
[2026-04-24 07:14:58,405][rfdiffusion.inference.utils][INFO] - Sampled motif RMSD: 0.27
[2026-04-24 07:14:58,667][rfdiffusion.inference.model_runners][INFO] - Timestep 34, input to next step: ------------------------GGGGGGGGGGGGGG--------------------------------------
[2026-04-24 07:15:03,123][rfdiffusion.inference.utils][INFO] - Sampled motif RMSD: 0.24
[2026-04-24 07:15:03,474][rfdiffusion.inference.model_runners][INFO] - Timestep 33, input to next step: ------------------------GGGGGGGGGGGGGG--------------------------------------
[2026-04-24 07:15:08,645][rfdiffusion.inference.utils][INFO] - Sampled motif RMSD: 0.18
[2026-04-24 07:15:09,019][rfdiffusion.inference.model_runners][INFO] - Timestep 32, input to next step: ------------------------GGGGGGGGGGGGGG--------------------------------------
[2026-04-24 07:15:13,288][rfdiffusion.inference.utils][INFO] - Sampled motif RMSD: 0.16
[2026-04-24 07:15:13,555][rfdiffusion.inference.model_runners][INFO] - Timestep 31, input to next step: ------------------------GGGGGGGGGGGGGG--------------------------------------
[2026-04-24 07:15:17,796][rfdiffusion.inference.utils][INFO] - Sampled motif RMSD: 0.15
[2026-04-24 07:15:18,319][rfdiffusion.inference.model_runners][INFO] - Timestep 30, input to next step: ------------------------GGGGGGGGGGGGGG--------------------------------------
[2026-04-24 07:15:22,773][rfdiffusion.inference.utils][INFO] - Sampled motif RMSD: 0.15
[2026-04-24 07:15:23,117][rfdiffusion.inference.model_runners][INFO] - Timestep 29, input to next step: ------------------------GGGGGGGGGGGGGG--------------------------------------
[2026-04-24 07:15:27,386][rfdiffusion.inference.utils][INFO] - Sampled motif RMSD: 0.15
[2026-04-24 07:15:27,740][rfdiffusion.inference.model_runners][INFO] - Timestep 28, input to next step: ------------------------GGGGGGGGGGGGGG--------------------------------------
[2026-04-24 07:15:32,679][rfdiffusion.inference.utils][INFO] - Sampled motif RMSD: 0.14
[2026-04-24 07:15:33,004][rfdiffusion.inference.model_runners][INFO] - Timestep 27, input to next step: ------------------------GGGGGGGGGGGGGG--------------------------------------
[2026-04-24 07:15:38,120][rfdiffusion.inference.utils][INFO] - Sampled motif RMSD: 0.15
[2026-04-24 07:15:38,377][rfdiffusion.inference.model_runners][INFO] - Timestep 26, input to next step: ------------------------GGGGGGGGGGGGGG--------------------------------------
[2026-04-24 07:15:41,778][rfdiffusion.inference.utils][INFO] - Sampled motif RMSD: 0.14
[2026-04-24 07:15:42,014][rfdiffusion.inference.model_runners][INFO] - Timestep 25, input to next step: ------------------------GGGGGGGGGGGGGG--------------------------------------
[2026-04-24 07:15:47,057][rfdiffusion.inference.utils][INFO] - Sampled motif RMSD: 0.14
[2026-04-24 07:15:47,301][rfdiffusion.inference.model_runners][INFO] - Timestep 24, input to next step: ------------------------GGGGGGGGGGGGGG--------------------------------------
[2026-04-24 07:15:51,725][rfdiffusion.inference.utils][INFO] - Sampled motif RMSD: 0.13
[2026-04-24 07:15:51,912][rfdiffusion.inference.model_runners][INFO] - Timestep 23, input to next step: ------------------------GGGGGGGGGGGGGG--------------------------------------
[2026-04-24 07:15:56,475][rfdiffusion.inference.utils][INFO] - Sampled motif RMSD: 0.12
[2026-04-24 07:15:56,827][rfdiffusion.inference.model_runners][INFO] - Timestep 22, input to next step: ------------------------GGGGGGGGGGGGGG--------------------------------------
[2026-04-24 07:16:02,145][rfdiffusion.inference.utils][INFO] - Sampled motif RMSD: 0.11
[2026-04-24 07:16:02,791][rfdiffusion.inference.model_runners][INFO] - Timestep 21, input to next step: ------------------------GGGGGGGGGGGGGG--------------------------------------
[2026-04-24 07:16:08,685][rfdiffusion.inference.utils][INFO] - Sampled motif RMSD: 0.10
[2026-04-24 07:16:09,026][rfdiffusion.inference.model_runners][INFO] - Timestep 20, input to next step: ------------------------GGGGGGGGGGGGGG--------------------------------------
[2026-04-24 07:16:13,741][rfdiffusion.inference.utils][INFO] - Sampled motif RMSD: 0.10
[2026-04-24 07:16:14,007][rfdiffusion.inference.model_runners][INFO] - Timestep 19, input to next step: ------------------------GGGGGGGGGGGGGG--------------------------------------
[2026-04-24 07:16:19,324][rfdiffusion.inference.utils][INFO] - Sampled motif RMSD: 0.10
[2026-04-24 07:16:19,780][rfdiffusion.inference.model_runners][INFO] - Timestep 18, input to next step: ------------------------GGGGGGGGGGGGGG--------------------------------------
[2026-04-24 07:16:24,052][rfdiffusion.inference.utils][INFO] - Sampled motif RMSD: 0.09
[2026-04-24 07:16:24,430][rfdiffusion.inference.model_runners][INFO] - Timestep 17, input to next step: ------------------------GGGGGGGGGGGGGG--------------------------------------
[2026-04-24 07:16:28,083][rfdiffusion.inference.utils][INFO] - Sampled motif RMSD: 0.10
[2026-04-24 07:16:28,402][rfdiffusion.inference.model_runners][INFO] - Timestep 16, input to next step: ------------------------GGGGGGGGGGGGGG--------------------------------------
[2026-04-24 07:16:33,130][rfdiffusion.inference.utils][INFO] - Sampled motif RMSD: 0.10
[2026-04-24 07:16:33,416][rfdiffusion.inference.model_runners][INFO] - Timestep 15, input to next step: ------------------------GGGGGGGGGGGGGG--------------------------------------
[2026-04-24 07:16:38,492][rfdiffusion.inference.utils][INFO] - Sampled motif RMSD: 0.10
[2026-04-24 07:16:38,944][rfdiffusion.inference.model_runners][INFO] - Timestep 14, input to next step: ------------------------GGGGGGGGGGGGGG--------------------------------------
[2026-04-24 07:16:43,226][rfdiffusion.inference.utils][INFO] - Sampled motif RMSD: 0.10
[2026-04-24 07:16:43,398][rfdiffusion.inference.model_runners][INFO] - Timestep 13, input to next step: ------------------------GGGGGGGGGGGGGG--------------------------------------
[2026-04-24 07:16:47,394][rfdiffusion.inference.utils][INFO] - Sampled motif RMSD: 0.11
[2026-04-24 07:16:47,727][rfdiffusion.inference.model_runners][INFO] - Timestep 12, input to next step: ------------------------GGGGGGGGGGGGGG--------------------------------------
[2026-04-24 07:16:51,001][rfdiffusion.inference.utils][INFO] - Sampled motif RMSD: 0.11
[2026-04-24 07:16:51,451][rfdiffusion.inference.model_runners][INFO] - Timestep 11, input to next step: ------------------------GGGGGGGGGGGGGG--------------------------------------
[2026-04-24 07:16:56,523][rfdiffusion.inference.utils][INFO] - Sampled motif RMSD: 0.12
[2026-04-24 07:16:56,943][rfdiffusion.inference.model_runners][INFO] - Timestep 10, input to next step: ------------------------GGGGGGGGGGGGGG--------------------------------------
[2026-04-24 07:17:01,411][rfdiffusion.inference.utils][INFO] - Sampled motif RMSD: 0.13
[2026-04-24 07:17:01,788][rfdiffusion.inference.model_runners][INFO] - Timestep 9, input to next step: ------------------------GGGGGGGGGGGGGG--------------------------------------
[2026-04-24 07:17:06,563][rfdiffusion.inference.utils][INFO] - Sampled motif RMSD: 0.13
[2026-04-24 07:17:06,708][rfdiffusion.inference.model_runners][INFO] - Timestep 8, input to next step: ------------------------GGGGGGGGGGGGGG--------------------------------------
[2026-04-24 07:17:11,721][rfdiffusion.inference.utils][INFO] - Sampled motif RMSD: 0.13
[2026-04-24 07:17:12,001][rfdiffusion.inference.model_runners][INFO] - Timestep 7, input to next step: ------------------------GGGGGGGGGGGGGG--------------------------------------
[2026-04-24 07:17:17,049][rfdiffusion.inference.utils][INFO] - Sampled motif RMSD: 0.13
[2026-04-24 07:17:17,378][rfdiffusion.inference.model_runners][INFO] - Timestep 6, input to next step: ------------------------GGGGGGGGGGGGGG--------------------------------------
[2026-04-24 07:17:21,285][rfdiffusion.inference.utils][INFO] - Sampled motif RMSD: 0.11
[2026-04-24 07:17:21,563][rfdiffusion.inference.model_runners][INFO] - Timestep 5, input to next step: ------------------------GGGGGGGGGGGGGG--------------------------------------
[2026-04-24 07:17:25,984][rfdiffusion.inference.utils][INFO] - Sampled motif RMSD: 0.10
[2026-04-24 07:17:26,301][rfdiffusion.inference.model_runners][INFO] - Timestep 4, input to next step: ------------------------GGGGGGGGGGGGGG--------------------------------------
[2026-04-24 07:17:31,102][rfdiffusion.inference.utils][INFO] - Sampled motif RMSD: 0.10
[2026-04-24 07:17:31,529][rfdiffusion.inference.model_runners][INFO] - Timestep 3, input to next step: ------------------------GGGGGGGGGGGGGG--------------------------------------
[2026-04-24 07:17:35,935][rfdiffusion.inference.utils][INFO] - Sampled motif RMSD: 0.09
[2026-04-24 07:17:36,348][rfdiffusion.inference.model_runners][INFO] - Timestep 2, input to next step: ------------------------GGGGGGGGGGGGGG--------------------------------------
[2026-04-24 07:17:42,262][__main__][INFO] - Finished design in 4.49 minutes
[2026-04-24 07:17:42,264][__main__][INFO] - Making design /lambda/nfs/manvi/Team_8_CS598GBL/outputs/custom90_128_motif_scaffolding/default/len_114/short/scaffold_1
[2026-04-24 07:17:42,285][rfdiffusion.inference.model_runners][INFO] - Using contig: ['22-38/A50-63/22-38']
With this beta schedule (linear schedule, beta_0 = 0.04, beta_T = 0.28), alpha_bar_T = 0.00013696048699785024
[2026-04-24 07:17:42,749][rfdiffusion.inference.model_runners][INFO] - Sequence init: ----------------------------GGGGGGGGGGGGGG----------------------------------
[2026-04-24 07:17:47,015][rfdiffusion.inference.utils][INFO] - Sampled motif RMSD: 0.23
[2026-04-24 07:17:47,213][rfdiffusion.inference.model_runners][INFO] - Timestep 50, input to next step: ----------------------------GGGGGGGGGGGGGG----------------------------------
[2026-04-24 07:17:51,484][rfdiffusion.inference.utils][INFO] - Sampled motif RMSD: 0.20
[2026-04-24 07:17:51,615][rfdiffusion.inference.model_runners][INFO] - Timestep 49, input to next step: ----------------------------GGGGGGGGGGGGGG----------------------------------
[2026-04-24 07:17:57,159][rfdiffusion.inference.utils][INFO] - Sampled motif RMSD: 0.20
[2026-04-24 07:17:57,525][rfdiffusion.inference.model_runners][INFO] - Timestep 48, input to next step: ----------------------------GGGGGGGGGGGGGG----------------------------------
[2026-04-24 07:18:01,115][rfdiffusion.inference.utils][INFO] - Sampled motif RMSD: 0.20
[2026-04-24 07:18:01,459][rfdiffusion.inference.model_runners][INFO] - Timestep 47, input to next step: ----------------------------GGGGGGGGGGGGGG----------------------------------
[2026-04-24 07:18:05,817][rfdiffusion.inference.utils][INFO] - Sampled motif RMSD: 0.17
[2026-04-24 07:18:06,165][rfdiffusion.inference.model_runners][INFO] - Timestep 46, input to next step: ----------------------------GGGGGGGGGGGGGG----------------------------------
[2026-04-24 07:18:09,096][rfdiffusion.inference.utils][INFO] - Sampled motif RMSD: 0.17
[2026-04-24 07:18:09,369][rfdiffusion.inference.model_runners][INFO] - Timestep 45, input to next step: ----------------------------GGGGGGGGGGGGGG----------------------------------
[2026-04-24 07:18:14,615][rfdiffusion.inference.utils][INFO] - Sampled motif RMSD: 0.15
[2026-04-24 07:18:14,940][rfdiffusion.inference.model_runners][INFO] - Timestep 44, input to next step: ----------------------------GGGGGGGGGGGGGG----------------------------------
[2026-04-24 07:18:20,093][rfdiffusion.inference.utils][INFO] - Sampled motif RMSD: 0.16
[2026-04-24 07:18:20,533][rfdiffusion.inference.model_runners][INFO] - Timestep 43, input to next step: ----------------------------GGGGGGGGGGGGGG----------------------------------
[2026-04-24 07:18:25,672][rfdiffusion.inference.utils][INFO] - Sampled motif RMSD: 0.18
[2026-04-24 07:18:25,995][rfdiffusion.inference.model_runners][INFO] - Timestep 42, input to next step: ----------------------------GGGGGGGGGGGGGG----------------------------------
[2026-04-24 07:18:31,402][rfdiffusion.inference.utils][INFO] - Sampled motif RMSD: 0.20
[2026-04-24 07:18:31,575][rfdiffusion.inference.model_runners][INFO] - Timestep 41, input to next step: ----------------------------GGGGGGGGGGGGGG----------------------------------
[2026-04-24 07:18:36,508][rfdiffusion.inference.utils][INFO] - Sampled motif RMSD: 0.18
[2026-04-24 07:18:36,802][rfdiffusion.inference.model_runners][INFO] - Timestep 40, input to next step: ----------------------------GGGGGGGGGGGGGG----------------------------------
[2026-04-24 07:18:41,181][rfdiffusion.inference.utils][INFO] - Sampled motif RMSD: 0.16
[2026-04-24 07:18:41,560][rfdiffusion.inference.model_runners][INFO] - Timestep 39, input to next step: ----------------------------GGGGGGGGGGGGGG----------------------------------
[2026-04-24 07:18:44,992][rfdiffusion.inference.utils][INFO] - Sampled motif RMSD: 0.14
[2026-04-24 07:18:45,308][rfdiffusion.inference.model_runners][INFO] - Timestep 38, input to next step: ----------------------------GGGGGGGGGGGGGG----------------------------------
[2026-04-24 07:18:49,340][rfdiffusion.inference.utils][INFO] - Sampled motif RMSD: 0.14
[2026-04-24 07:18:49,521][rfdiffusion.inference.model_runners][INFO] - Timestep 37, input to next step: ----------------------------GGGGGGGGGGGGGG----------------------------------
[2026-04-24 07:18:53,304][rfdiffusion.inference.utils][INFO] - Sampled motif RMSD: 0.15
[2026-04-24 07:18:53,487][rfdiffusion.inference.model_runners][INFO] - Timestep 36, input to next step: ----------------------------GGGGGGGGGGGGGG----------------------------------
[2026-04-24 07:18:58,221][rfdiffusion.inference.utils][INFO] - Sampled motif RMSD: 0.16
[2026-04-24 07:18:58,424][rfdiffusion.inference.model_runners][INFO] - Timestep 35, input to next step: ----------------------------GGGGGGGGGGGGGG----------------------------------
[2026-04-24 07:19:02,909][rfdiffusion.inference.utils][INFO] - Sampled motif RMSD: 0.17
[2026-04-24 07:19:03,182][rfdiffusion.inference.model_runners][INFO] - Timestep 34, input to next step: ----------------------------GGGGGGGGGGGGGG----------------------------------
[2026-04-24 07:19:07,519][rfdiffusion.inference.utils][INFO] - Sampled motif RMSD: 0.17
[2026-04-24 07:19:07,931][rfdiffusion.inference.model_runners][INFO] - Timestep 33, input to next step: ----------------------------GGGGGGGGGGGGGG----------------------------------
[2026-04-24 07:19:10,984][rfdiffusion.inference.utils][INFO] - Sampled motif RMSD: 0.16
[2026-04-24 07:19:11,626][rfdiffusion.inference.model_runners][INFO] - Timestep 32, input to next step: ----------------------------GGGGGGGGGGGGGG----------------------------------
[2026-04-24 07:19:16,593][rfdiffusion.inference.utils][INFO] - Sampled motif RMSD: 0.16
[2026-04-24 07:19:16,922][rfdiffusion.inference.model_runners][INFO] - Timestep 31, input to next step: ----------------------------GGGGGGGGGGGGGG----------------------------------
[2026-04-24 07:19:21,258][rfdiffusion.inference.utils][INFO] - Sampled motif RMSD: 0.17
[2026-04-24 07:19:21,473][rfdiffusion.inference.model_runners][INFO] - Timestep 30, input to next step: ----------------------------GGGGGGGGGGGGGG----------------------------------
[2026-04-24 07:19:25,548][rfdiffusion.inference.utils][INFO] - Sampled motif RMSD: 0.15
[2026-04-24 07:19:25,787][rfdiffusion.inference.model_runners][INFO] - Timestep 29, input to next step: ----------------------------GGGGGGGGGGGGGG----------------------------------
[2026-04-24 07:19:29,083][rfdiffusion.inference.utils][INFO] - Sampled motif RMSD: 0.14
[2026-04-24 07:19:29,506][rfdiffusion.inference.model_runners][INFO] - Timestep 28, input to next step: ----------------------------GGGGGGGGGGGGGG----------------------------------
[2026-04-24 07:19:33,848][rfdiffusion.inference.utils][INFO] - Sampled motif RMSD: 0.15
[2026-04-24 07:19:34,000][rfdiffusion.inference.model_runners][INFO] - Timestep 27, input to next step: ----------------------------GGGGGGGGGGGGGG----------------------------------
[2026-04-24 07:19:38,414][rfdiffusion.inference.utils][INFO] - Sampled motif RMSD: 0.13
[2026-04-24 07:19:38,669][rfdiffusion.inference.model_runners][INFO] - Timestep 26, input to next step: ----------------------------GGGGGGGGGGGGGG----------------------------------
[2026-04-24 07:19:42,416][rfdiffusion.inference.utils][INFO] - Sampled motif RMSD: 0.12
[2026-04-24 07:19:42,697][rfdiffusion.inference.model_runners][INFO] - Timestep 25, input to next step: ----------------------------GGGGGGGGGGGGGG----------------------------------
[2026-04-24 07:19:47,317][rfdiffusion.inference.utils][INFO] - Sampled motif RMSD: 0.13
[2026-04-24 07:19:47,646][rfdiffusion.inference.model_runners][INFO] - Timestep 24, input to next step: ----------------------------GGGGGGGGGGGGGG----------------------------------
[2026-04-24 07:19:50,246][rfdiffusion.inference.utils][INFO] - Sampled motif RMSD: 0.15
[2026-04-24 07:19:50,593][rfdiffusion.inference.model_runners][INFO] - Timestep 23, input to next step: ----------------------------GGGGGGGGGGGGGG----------------------------------
[2026-04-24 07:19:53,703][rfdiffusion.inference.utils][INFO] - Sampled motif RMSD: 0.15
[2026-04-24 07:19:53,968][rfdiffusion.inference.model_runners][INFO] - Timestep 22, input to next step: ----------------------------GGGGGGGGGGGGGG----------------------------------
[2026-04-24 07:19:58,825][rfdiffusion.inference.utils][INFO] - Sampled motif RMSD: 0.15
[2026-04-24 07:19:59,096][rfdiffusion.inference.model_runners][INFO] - Timestep 21, input to next step: ----------------------------GGGGGGGGGGGGGG----------------------------------
[2026-04-24 07:20:03,012][rfdiffusion.inference.utils][INFO] - Sampled motif RMSD: 0.14
[2026-04-24 07:20:03,300][rfdiffusion.inference.model_runners][INFO] - Timestep 20, input to next step: ----------------------------GGGGGGGGGGGGGG----------------------------------
[2026-04-24 07:20:07,486][rfdiffusion.inference.utils][INFO] - Sampled motif RMSD: 0.14
[2026-04-24 07:20:07,687][rfdiffusion.inference.model_runners][INFO] - Timestep 19, input to next step: ----------------------------GGGGGGGGGGGGGG----------------------------------
[2026-04-24 07:20:11,567][rfdiffusion.inference.utils][INFO] - Sampled motif RMSD: 0.15
[2026-04-24 07:20:11,841][rfdiffusion.inference.model_runners][INFO] - Timestep 18, input to next step: ----------------------------GGGGGGGGGGGGGG----------------------------------
[2026-04-24 07:20:16,196][rfdiffusion.inference.utils][INFO] - Sampled motif RMSD: 0.15
[2026-04-24 07:20:16,345][rfdiffusion.inference.model_runners][INFO] - Timestep 17, input to next step: ----------------------------GGGGGGGGGGGGGG----------------------------------
[2026-04-24 07:20:20,299][rfdiffusion.inference.utils][INFO] - Sampled motif RMSD: 0.14
[2026-04-24 07:20:20,519][rfdiffusion.inference.model_runners][INFO] - Timestep 16, input to next step: ----------------------------GGGGGGGGGGGGGG----------------------------------
[2026-04-24 07:20:24,297][rfdiffusion.inference.utils][INFO] - Sampled motif RMSD: 0.14
[2026-04-24 07:20:24,389][rfdiffusion.inference.model_runners][INFO] - Timestep 15, input to next step: ----------------------------GGGGGGGGGGGGGG----------------------------------
[2026-04-24 07:20:28,140][rfdiffusion.inference.utils][INFO] - Sampled motif RMSD: 0.12
[2026-04-24 07:20:28,427][rfdiffusion.inference.model_runners][INFO] - Timestep 14, input to next step: ----------------------------GGGGGGGGGGGGGG----------------------------------
[2026-04-24 07:20:31,088][rfdiffusion.inference.utils][INFO] - Sampled motif RMSD: 0.13
[2026-04-24 07:20:31,282][rfdiffusion.inference.model_runners][INFO] - Timestep 13, input to next step: ----------------------------GGGGGGGGGGGGGG----------------------------------
[2026-04-24 07:20:34,225][rfdiffusion.inference.utils][INFO] - Sampled motif RMSD: 0.13
[2026-04-24 07:20:34,516][rfdiffusion.inference.model_runners][INFO] - Timestep 12, input to next step: ----------------------------GGGGGGGGGGGGGG----------------------------------
[2026-04-24 07:20:37,452][rfdiffusion.inference.utils][INFO] - Sampled motif RMSD: 0.14
[2026-04-24 07:20:37,661][rfdiffusion.inference.model_runners][INFO] - Timestep 11, input to next step: ----------------------------GGGGGGGGGGGGGG----------------------------------
[2026-04-24 07:20:41,187][rfdiffusion.inference.utils][INFO] - Sampled motif RMSD: 0.15
[2026-04-24 07:20:41,281][rfdiffusion.inference.model_runners][INFO] - Timestep 10, input to next step: ----------------------------GGGGGGGGGGGGGG----------------------------------
[2026-04-24 07:20:44,582][rfdiffusion.inference.utils][INFO] - Sampled motif RMSD: 0.16
[2026-04-24 07:20:44,701][rfdiffusion.inference.model_runners][INFO] - Timestep 9, input to next step: ----------------------------GGGGGGGGGGGGGG----------------------------------
[2026-04-24 07:20:47,764][rfdiffusion.inference.utils][INFO] - Sampled motif RMSD: 0.16
[2026-04-24 07:20:47,884][rfdiffusion.inference.model_runners][INFO] - Timestep 8, input to next step: ----------------------------GGGGGGGGGGGGGG----------------------------------
[2026-04-24 07:20:51,070][rfdiffusion.inference.utils][INFO] - Sampled motif RMSD: 0.17
[2026-04-24 07:20:51,592][rfdiffusion.inference.model_runners][INFO] - Timestep 7, input to next step: ----------------------------GGGGGGGGGGGGGG----------------------------------
[2026-04-24 07:20:54,703][rfdiffusion.inference.utils][INFO] - Sampled motif RMSD: 0.17
[2026-04-24 07:20:54,962][rfdiffusion.inference.model_runners][INFO] - Timestep 6, input to next step: ----------------------------GGGGGGGGGGGGGG----------------------------------
[2026-04-24 07:20:57,570][rfdiffusion.inference.utils][INFO] - Sampled motif RMSD: 0.17
[2026-04-24 07:20:57,821][rfdiffusion.inference.model_runners][INFO] - Timestep 5, input to next step: ----------------------------GGGGGGGGGGGGGG----------------------------------
[2026-04-24 07:21:01,563][rfdiffusion.inference.utils][INFO] - Sampled motif RMSD: 0.18
[2026-04-24 07:21:01,730][rfdiffusion.inference.model_runners][INFO] - Timestep 4, input to next step: ----------------------------GGGGGGGGGGGGGG----------------------------------
[2026-04-24 07:21:05,504][rfdiffusion.inference.utils][INFO] - Sampled motif RMSD: 0.17
[2026-04-24 07:21:05,777][rfdiffusion.inference.model_runners][INFO] - Timestep 3, input to next step: ----------------------------GGGGGGGGGGGGGG----------------------------------
[2026-04-24 07:21:10,029][rfdiffusion.inference.utils][INFO] - Sampled motif RMSD: 0.18
[2026-04-24 07:21:10,273][rfdiffusion.inference.model_runners][INFO] - Timestep 2, input to next step: ----------------------------GGGGGGGGGGGGGG----------------------------------
[2026-04-24 07:21:16,157][__main__][INFO] - Finished design in 3.56 minutes
