[2026-04-24 08:49:41,525][__main__][INFO] - Found GPU with device_name NVIDIA A100-SXM4-80GB. Will run RFdiffusion on NVIDIA A100-SXM4-80GB
Reading models from /lambda/nfs/manvi/Team_8_CS598GBL/RFdiffusion/rfdiffusion/inference/../../models
[2026-04-24 08:49:41,533][rfdiffusion.inference.model_runners][INFO] - Reading checkpoint from /lambda/nfs/manvi/Team_8_CS598GBL/RFdiffusion/rfdiffusion/inference/../../models/Base_ckpt.pt
This is inf_conf.ckpt_path
/lambda/nfs/manvi/Team_8_CS598GBL/RFdiffusion/rfdiffusion/inference/../../models/Base_ckpt.pt
Assembling -model, -diffuser and -preprocess configs from checkpoint
USING MODEL CONFIG: self._conf[model][n_extra_block] = 4
USING MODEL CONFIG: self._conf[model][n_main_block] = 32
USING MODEL CONFIG: self._conf[model][n_ref_block] = 4
USING MODEL CONFIG: self._conf[model][d_msa] = 256
USING MODEL CONFIG: self._conf[model][d_msa_full] = 64
USING MODEL CONFIG: self._conf[model][d_pair] = 128
USING MODEL CONFIG: self._conf[model][d_templ] = 64
USING MODEL CONFIG: self._conf[model][n_head_msa] = 8
USING MODEL CONFIG: self._conf[model][n_head_pair] = 4
USING MODEL CONFIG: self._conf[model][n_head_templ] = 4
USING MODEL CONFIG: self._conf[model][d_hidden] = 32
USING MODEL CONFIG: self._conf[model][d_hidden_templ] = 32
USING MODEL CONFIG: self._conf[model][p_drop] = 0.15
USING MODEL CONFIG: self._conf[model][SE3_param_full] = {'num_layers': 1, 'num_channels': 32, 'num_degrees': 2, 'n_heads': 4, 'div': 4, 'l0_in_features': 8, 'l0_out_features': 8, 'l1_in_features': 3, 'l1_out_features': 2, 'num_edge_features': 32}
USING MODEL CONFIG: self._conf[model][SE3_param_topk] = {'num_layers': 1, 'num_channels': 32, 'num_degrees': 2, 'n_heads': 4, 'div': 4, 'l0_in_features': 64, 'l0_out_features': 64, 'l1_in_features': 3, 'l1_out_features': 2, 'num_edge_features': 64}
USING MODEL CONFIG: self._conf[model][freeze_track_motif] = False
USING MODEL CONFIG: self._conf[model][use_motif_timestep] = True
USING MODEL CONFIG: self._conf[diffuser][T] = 50
USING MODEL CONFIG: self._conf[diffuser][b_0] = 0.01
USING MODEL CONFIG: self._conf[diffuser][b_T] = 0.07
USING MODEL CONFIG: self._conf[diffuser][schedule_type] = linear
USING MODEL CONFIG: self._conf[diffuser][so3_type] = igso3
USING MODEL CONFIG: self._conf[diffuser][crd_scale] = 0.25
USING MODEL CONFIG: self._conf[diffuser][so3_schedule_type] = linear
USING MODEL CONFIG: self._conf[diffuser][min_b] = 1.5
USING MODEL CONFIG: self._conf[diffuser][max_b] = 2.5
USING MODEL CONFIG: self._conf[diffuser][min_sigma] = 0.02
USING MODEL CONFIG: self._conf[diffuser][max_sigma] = 1.5
USING MODEL CONFIG: self._conf[preprocess][sidechain_input] = False
USING MODEL CONFIG: self._conf[preprocess][motif_sidechain_input] = True
USING MODEL CONFIG: self._conf[preprocess][d_t1d] = 22
USING MODEL CONFIG: self._conf[preprocess][d_t2d] = 44
USING MODEL CONFIG: self._conf[preprocess][prob_self_cond] = 0.5
USING MODEL CONFIG: self._conf[preprocess][str_self_cond] = True
USING MODEL CONFIG: self._conf[preprocess][predict_previous] = False
[2026-04-24 08:50:38,538][rfdiffusion.inference.model_runners][INFO] - Loading checkpoint.
[2026-04-24 08:50:56,378][rfdiffusion.diffusion][INFO] - Using cached IGSO3.
Successful diffuser __init__
[2026-04-24 08:50:56,425][__main__][INFO] - Making design /lambda/nfs/manvi/Team_8_CS598GBL/outputs/custom90_128_motif_scaffolding/fast_T20/len_109/balanced/scaffold_0
[2026-04-24 08:50:56,437][rfdiffusion.inference.model_runners][INFO] - Using contig: ['21-36/A23-49/21-36']
With this beta schedule (linear schedule, beta_0 = 0.04, beta_T = 0.28), alpha_bar_T = 0.00013696048699785024
[2026-04-24 08:50:57,152][rfdiffusion.inference.model_runners][INFO] - Sequence init: ----------------------------------GGGGGGGGGGGGGGGGGGGGGGGGGGG---------------------------------
[2026-04-24 08:51:06,882][rfdiffusion.inference.utils][INFO] - Sampled motif RMSD: 0.46
[2026-04-24 08:51:07,289][rfdiffusion.inference.model_runners][INFO] - Timestep 50, input to next step: ----------------------------------GGGGGGGGGGGGGGGGGGGGGGGGGGG---------------------------------
[2026-04-24 08:51:13,426][rfdiffusion.inference.utils][INFO] - Sampled motif RMSD: 0.39
[2026-04-24 08:51:13,541][rfdiffusion.inference.model_runners][INFO] - Timestep 49, input to next step: ----------------------------------GGGGGGGGGGGGGGGGGGGGGGGGGGG---------------------------------
[2026-04-24 08:51:21,836][rfdiffusion.inference.utils][INFO] - Sampled motif RMSD: 0.38
[2026-04-24 08:51:22,155][rfdiffusion.inference.model_runners][INFO] - Timestep 48, input to next step: ----------------------------------GGGGGGGGGGGGGGGGGGGGGGGGGGG---------------------------------
[2026-04-24 08:51:29,126][rfdiffusion.inference.utils][INFO] - Sampled motif RMSD: 0.38
[2026-04-24 08:51:29,428][rfdiffusion.inference.model_runners][INFO] - Timestep 47, input to next step: ----------------------------------GGGGGGGGGGGGGGGGGGGGGGGGGGG---------------------------------
[2026-04-24 08:51:36,483][rfdiffusion.inference.utils][INFO] - Sampled motif RMSD: 0.37
[2026-04-24 08:51:36,767][rfdiffusion.inference.model_runners][INFO] - Timestep 46, input to next step: ----------------------------------GGGGGGGGGGGGGGGGGGGGGGGGGGG---------------------------------
[2026-04-24 08:51:43,626][rfdiffusion.inference.utils][INFO] - Sampled motif RMSD: 0.38
[2026-04-24 08:51:44,017][rfdiffusion.inference.model_runners][INFO] - Timestep 45, input to next step: ----------------------------------GGGGGGGGGGGGGGGGGGGGGGGGGGG---------------------------------
[2026-04-24 08:51:48,205][rfdiffusion.inference.utils][INFO] - Sampled motif RMSD: 0.35
[2026-04-24 08:51:48,339][rfdiffusion.inference.model_runners][INFO] - Timestep 44, input to next step: ----------------------------------GGGGGGGGGGGGGGGGGGGGGGGGGGG---------------------------------
[2026-04-24 08:51:52,324][rfdiffusion.inference.utils][INFO] - Sampled motif RMSD: 0.33
[2026-04-24 08:51:52,524][rfdiffusion.inference.model_runners][INFO] - Timestep 43, input to next step: ----------------------------------GGGGGGGGGGGGGGGGGGGGGGGGGGG---------------------------------
[2026-04-24 08:51:56,536][rfdiffusion.inference.utils][INFO] - Sampled motif RMSD: 0.38
[2026-04-24 08:51:56,692][rfdiffusion.inference.model_runners][INFO] - Timestep 42, input to next step: ----------------------------------GGGGGGGGGGGGGGGGGGGGGGGGGGG---------------------------------
[2026-04-24 08:51:59,856][rfdiffusion.inference.utils][INFO] - Sampled motif RMSD: 0.38
[2026-04-24 08:52:00,044][rfdiffusion.inference.model_runners][INFO] - Timestep 41, input to next step: ----------------------------------GGGGGGGGGGGGGGGGGGGGGGGGGGG---------------------------------
[2026-04-24 08:52:03,509][rfdiffusion.inference.utils][INFO] - Sampled motif RMSD: 0.36
[2026-04-24 08:52:03,631][rfdiffusion.inference.model_runners][INFO] - Timestep 40, input to next step: ----------------------------------GGGGGGGGGGGGGGGGGGGGGGGGGGG---------------------------------
[2026-04-24 08:52:07,499][rfdiffusion.inference.utils][INFO] - Sampled motif RMSD: 0.34
[2026-04-24 08:52:07,811][rfdiffusion.inference.model_runners][INFO] - Timestep 39, input to next step: ----------------------------------GGGGGGGGGGGGGGGGGGGGGGGGGGG---------------------------------
[2026-04-24 08:52:12,373][rfdiffusion.inference.utils][INFO] - Sampled motif RMSD: 0.41
[2026-04-24 08:52:12,636][rfdiffusion.inference.model_runners][INFO] - Timestep 38, input to next step: ----------------------------------GGGGGGGGGGGGGGGGGGGGGGGGGGG---------------------------------
[2026-04-24 08:52:16,152][rfdiffusion.inference.utils][INFO] - Sampled motif RMSD: 0.40
[2026-04-24 08:52:16,356][rfdiffusion.inference.model_runners][INFO] - Timestep 37, input to next step: ----------------------------------GGGGGGGGGGGGGGGGGGGGGGGGGGG---------------------------------
[2026-04-24 08:52:20,815][rfdiffusion.inference.utils][INFO] - Sampled motif RMSD: 0.34
[2026-04-24 08:52:20,983][rfdiffusion.inference.model_runners][INFO] - Timestep 36, input to next step: ----------------------------------GGGGGGGGGGGGGGGGGGGGGGGGGGG---------------------------------
[2026-04-24 08:52:23,441][rfdiffusion.inference.utils][INFO] - Sampled motif RMSD: 0.37
[2026-04-24 08:52:23,762][rfdiffusion.inference.model_runners][INFO] - Timestep 35, input to next step: ----------------------------------GGGGGGGGGGGGGGGGGGGGGGGGGGG---------------------------------
[2026-04-24 08:52:26,533][rfdiffusion.inference.utils][INFO] - Sampled motif RMSD: 0.42
[2026-04-24 08:52:26,886][rfdiffusion.inference.model_runners][INFO] - Timestep 34, input to next step: ----------------------------------GGGGGGGGGGGGGGGGGGGGGGGGGGG---------------------------------
[2026-04-24 08:52:30,047][rfdiffusion.inference.utils][INFO] - Sampled motif RMSD: 0.41
[2026-04-24 08:52:30,168][rfdiffusion.inference.model_runners][INFO] - Timestep 33, input to next step: ----------------------------------GGGGGGGGGGGGGGGGGGGGGGGGGGG---------------------------------
[2026-04-24 08:52:32,878][rfdiffusion.inference.utils][INFO] - Sampled motif RMSD: 0.41
[2026-04-24 08:52:33,201][rfdiffusion.inference.model_runners][INFO] - Timestep 32, input to next step: ----------------------------------GGGGGGGGGGGGGGGGGGGGGGGGGGG---------------------------------
[2026-04-24 08:52:36,406][rfdiffusion.inference.utils][INFO] - Sampled motif RMSD: 0.44
[2026-04-24 08:52:36,801][rfdiffusion.inference.model_runners][INFO] - Timestep 31, input to next step: ----------------------------------GGGGGGGGGGGGGGGGGGGGGGGGGGG---------------------------------
[2026-04-24 08:52:40,012][rfdiffusion.inference.utils][INFO] - Sampled motif RMSD: 0.46
[2026-04-24 08:52:40,275][rfdiffusion.inference.model_runners][INFO] - Timestep 30, input to next step: ----------------------------------GGGGGGGGGGGGGGGGGGGGGGGGGGG---------------------------------
[2026-04-24 08:52:43,775][rfdiffusion.inference.utils][INFO] - Sampled motif RMSD: 0.45
[2026-04-24 08:52:43,988][rfdiffusion.inference.model_runners][INFO] - Timestep 29, input to next step: ----------------------------------GGGGGGGGGGGGGGGGGGGGGGGGGGG---------------------------------
[2026-04-24 08:52:47,703][rfdiffusion.inference.utils][INFO] - Sampled motif RMSD: 0.45
[2026-04-24 08:52:47,986][rfdiffusion.inference.model_runners][INFO] - Timestep 28, input to next step: ----------------------------------GGGGGGGGGGGGGGGGGGGGGGGGGGG---------------------------------
[2026-04-24 08:52:51,366][rfdiffusion.inference.utils][INFO] - Sampled motif RMSD: 0.46
[2026-04-24 08:52:51,716][rfdiffusion.inference.model_runners][INFO] - Timestep 27, input to next step: ----------------------------------GGGGGGGGGGGGGGGGGGGGGGGGGGG---------------------------------
[2026-04-24 08:52:55,056][rfdiffusion.inference.utils][INFO] - Sampled motif RMSD: 0.46
[2026-04-24 08:52:55,265][rfdiffusion.inference.model_runners][INFO] - Timestep 26, input to next step: ----------------------------------GGGGGGGGGGGGGGGGGGGGGGGGGGG---------------------------------
[2026-04-24 08:52:59,150][rfdiffusion.inference.utils][INFO] - Sampled motif RMSD: 0.49
[2026-04-24 08:52:59,417][rfdiffusion.inference.model_runners][INFO] - Timestep 25, input to next step: ----------------------------------GGGGGGGGGGGGGGGGGGGGGGGGGGG---------------------------------
[2026-04-24 08:53:03,383][rfdiffusion.inference.utils][INFO] - Sampled motif RMSD: 0.48
[2026-04-24 08:53:03,721][rfdiffusion.inference.model_runners][INFO] - Timestep 24, input to next step: ----------------------------------GGGGGGGGGGGGGGGGGGGGGGGGGGG---------------------------------
[2026-04-24 08:53:07,398][rfdiffusion.inference.utils][INFO] - Sampled motif RMSD: 0.54
[2026-04-24 08:53:07,556][rfdiffusion.inference.model_runners][INFO] - Timestep 23, input to next step: ----------------------------------GGGGGGGGGGGGGGGGGGGGGGGGGGG---------------------------------
[2026-04-24 08:53:10,929][rfdiffusion.inference.utils][INFO] - Sampled motif RMSD: 0.52
[2026-04-24 08:53:11,071][rfdiffusion.inference.model_runners][INFO] - Timestep 22, input to next step: ----------------------------------GGGGGGGGGGGGGGGGGGGGGGGGGGG---------------------------------
[2026-04-24 08:53:15,119][rfdiffusion.inference.utils][INFO] - Sampled motif RMSD: 0.52
[2026-04-24 08:53:15,616][rfdiffusion.inference.model_runners][INFO] - Timestep 21, input to next step: ----------------------------------GGGGGGGGGGGGGGGGGGGGGGGGGGG---------------------------------
[2026-04-24 08:53:19,320][rfdiffusion.inference.utils][INFO] - Sampled motif RMSD: 0.49
[2026-04-24 08:53:19,641][rfdiffusion.inference.model_runners][INFO] - Timestep 20, input to next step: ----------------------------------GGGGGGGGGGGGGGGGGGGGGGGGGGG---------------------------------
[2026-04-24 08:53:23,713][rfdiffusion.inference.utils][INFO] - Sampled motif RMSD: 0.46
[2026-04-24 08:53:24,082][rfdiffusion.inference.model_runners][INFO] - Timestep 19, input to next step: ----------------------------------GGGGGGGGGGGGGGGGGGGGGGGGGGG---------------------------------
[2026-04-24 08:53:27,491][rfdiffusion.inference.utils][INFO] - Sampled motif RMSD: 0.45
[2026-04-24 08:53:27,954][rfdiffusion.inference.model_runners][INFO] - Timestep 18, input to next step: ----------------------------------GGGGGGGGGGGGGGGGGGGGGGGGGGG---------------------------------
[2026-04-24 08:53:31,417][rfdiffusion.inference.utils][INFO] - Sampled motif RMSD: 0.44
[2026-04-24 08:53:31,683][rfdiffusion.inference.model_runners][INFO] - Timestep 17, input to next step: ----------------------------------GGGGGGGGGGGGGGGGGGGGGGGGGGG---------------------------------
[2026-04-24 08:53:35,350][rfdiffusion.inference.utils][INFO] - Sampled motif RMSD: 0.44
[2026-04-24 08:53:35,681][rfdiffusion.inference.model_runners][INFO] - Timestep 16, input to next step: ----------------------------------GGGGGGGGGGGGGGGGGGGGGGGGGGG---------------------------------
[2026-04-24 08:53:39,218][rfdiffusion.inference.utils][INFO] - Sampled motif RMSD: 0.45
[2026-04-24 08:53:39,529][rfdiffusion.inference.model_runners][INFO] - Timestep 15, input to next step: ----------------------------------GGGGGGGGGGGGGGGGGGGGGGGGGGG---------------------------------
[2026-04-24 08:53:43,754][rfdiffusion.inference.utils][INFO] - Sampled motif RMSD: 0.44
[2026-04-24 08:53:43,961][rfdiffusion.inference.model_runners][INFO] - Timestep 14, input to next step: ----------------------------------GGGGGGGGGGGGGGGGGGGGGGGGGGG---------------------------------
[2026-04-24 08:53:47,945][rfdiffusion.inference.utils][INFO] - Sampled motif RMSD: 0.43
[2026-04-24 08:53:48,075][rfdiffusion.inference.model_runners][INFO] - Timestep 13, input to next step: ----------------------------------GGGGGGGGGGGGGGGGGGGGGGGGGGG---------------------------------
[2026-04-24 08:53:51,116][rfdiffusion.inference.utils][INFO] - Sampled motif RMSD: 0.41
[2026-04-24 08:53:51,371][rfdiffusion.inference.model_runners][INFO] - Timestep 12, input to next step: ----------------------------------GGGGGGGGGGGGGGGGGGGGGGGGGGG---------------------------------
[2026-04-24 08:53:54,078][rfdiffusion.inference.utils][INFO] - Sampled motif RMSD: 0.41
[2026-04-24 08:53:54,330][rfdiffusion.inference.model_runners][INFO] - Timestep 11, input to next step: ----------------------------------GGGGGGGGGGGGGGGGGGGGGGGGGGG---------------------------------
[2026-04-24 08:53:57,780][rfdiffusion.inference.utils][INFO] - Sampled motif RMSD: 0.40
[2026-04-24 08:53:58,018][rfdiffusion.inference.model_runners][INFO] - Timestep 10, input to next step: ----------------------------------GGGGGGGGGGGGGGGGGGGGGGGGGGG---------------------------------
[2026-04-24 08:54:02,137][rfdiffusion.inference.utils][INFO] - Sampled motif RMSD: 0.39
[2026-04-24 08:54:02,429][rfdiffusion.inference.model_runners][INFO] - Timestep 9, input to next step: ----------------------------------GGGGGGGGGGGGGGGGGGGGGGGGGGG---------------------------------
[2026-04-24 08:54:07,445][rfdiffusion.inference.utils][INFO] - Sampled motif RMSD: 0.38
[2026-04-24 08:54:07,733][rfdiffusion.inference.model_runners][INFO] - Timestep 8, input to next step: ----------------------------------GGGGGGGGGGGGGGGGGGGGGGGGGGG---------------------------------
[2026-04-24 08:54:11,665][rfdiffusion.inference.utils][INFO] - Sampled motif RMSD: 0.36
[2026-04-24 08:54:12,209][rfdiffusion.inference.model_runners][INFO] - Timestep 7, input to next step: ----------------------------------GGGGGGGGGGGGGGGGGGGGGGGGGGG---------------------------------
[2026-04-24 08:54:16,916][rfdiffusion.inference.utils][INFO] - Sampled motif RMSD: 0.37
[2026-04-24 08:54:17,273][rfdiffusion.inference.model_runners][INFO] - Timestep 6, input to next step: ----------------------------------GGGGGGGGGGGGGGGGGGGGGGGGGGG---------------------------------
[2026-04-24 08:54:20,989][rfdiffusion.inference.utils][INFO] - Sampled motif RMSD: 0.37
[2026-04-24 08:54:21,374][rfdiffusion.inference.model_runners][INFO] - Timestep 5, input to next step: ----------------------------------GGGGGGGGGGGGGGGGGGGGGGGGGGG---------------------------------
[2026-04-24 08:54:24,696][rfdiffusion.inference.utils][INFO] - Sampled motif RMSD: 0.36
[2026-04-24 08:54:25,056][rfdiffusion.inference.model_runners][INFO] - Timestep 4, input to next step: ----------------------------------GGGGGGGGGGGGGGGGGGGGGGGGGGG---------------------------------
[2026-04-24 08:54:28,838][rfdiffusion.inference.utils][INFO] - Sampled motif RMSD: 0.36
[2026-04-24 08:54:29,233][rfdiffusion.inference.model_runners][INFO] - Timestep 3, input to next step: ----------------------------------GGGGGGGGGGGGGGGGGGGGGGGGGGG---------------------------------
[2026-04-24 08:54:33,040][rfdiffusion.inference.utils][INFO] - Sampled motif RMSD: 0.35
[2026-04-24 08:54:33,363][rfdiffusion.inference.model_runners][INFO] - Timestep 2, input to next step: ----------------------------------GGGGGGGGGGGGGGGGGGGGGGGGGGG---------------------------------
[2026-04-24 08:54:39,992][__main__][INFO] - Finished design in 3.73 minutes
[2026-04-24 08:54:39,993][__main__][INFO] - Making design /lambda/nfs/manvi/Team_8_CS598GBL/outputs/custom90_128_motif_scaffolding/fast_T20/len_109/balanced/scaffold_1
[2026-04-24 08:54:40,003][rfdiffusion.inference.model_runners][INFO] - Using contig: ['21-36/A23-49/21-36']
With this beta schedule (linear schedule, beta_0 = 0.04, beta_T = 0.28), alpha_bar_T = 0.00013696048699785024
[2026-04-24 08:54:40,215][rfdiffusion.inference.model_runners][INFO] - Sequence init: ---------------------------------GGGGGGGGGGGGGGGGGGGGGGGGGGG------------------------------------
[2026-04-24 08:54:45,403][rfdiffusion.inference.utils][INFO] - Sampled motif RMSD: 0.47
[2026-04-24 08:54:45,678][rfdiffusion.inference.model_runners][INFO] - Timestep 50, input to next step: ---------------------------------GGGGGGGGGGGGGGGGGGGGGGGGGGG------------------------------------
[2026-04-24 08:54:50,790][rfdiffusion.inference.utils][INFO] - Sampled motif RMSD: 0.40
[2026-04-24 08:54:51,254][rfdiffusion.inference.model_runners][INFO] - Timestep 49, input to next step: ---------------------------------GGGGGGGGGGGGGGGGGGGGGGGGGGG------------------------------------
[2026-04-24 08:54:55,259][rfdiffusion.inference.utils][INFO] - Sampled motif RMSD: 0.38
[2026-04-24 08:54:55,691][rfdiffusion.inference.model_runners][INFO] - Timestep 48, input to next step: ---------------------------------GGGGGGGGGGGGGGGGGGGGGGGGGGG------------------------------------
[2026-04-24 08:55:00,052][rfdiffusion.inference.utils][INFO] - Sampled motif RMSD: 0.34
[2026-04-24 08:55:00,355][rfdiffusion.inference.model_runners][INFO] - Timestep 47, input to next step: ---------------------------------GGGGGGGGGGGGGGGGGGGGGGGGGGG------------------------------------
[2026-04-24 08:55:04,497][rfdiffusion.inference.utils][INFO] - Sampled motif RMSD: 0.30
[2026-04-24 08:55:04,871][rfdiffusion.inference.model_runners][INFO] - Timestep 46, input to next step: ---------------------------------GGGGGGGGGGGGGGGGGGGGGGGGGGG------------------------------------
[2026-04-24 08:55:08,764][rfdiffusion.inference.utils][INFO] - Sampled motif RMSD: 0.29
[2026-04-24 08:55:09,535][rfdiffusion.inference.model_runners][INFO] - Timestep 45, input to next step: ---------------------------------GGGGGGGGGGGGGGGGGGGGGGGGGGG------------------------------------
[2026-04-24 08:55:12,843][rfdiffusion.inference.utils][INFO] - Sampled motif RMSD: 0.30
[2026-04-24 08:55:13,448][rfdiffusion.inference.model_runners][INFO] - Timestep 44, input to next step: ---------------------------------GGGGGGGGGGGGGGGGGGGGGGGGGGG------------------------------------
[2026-04-24 08:55:17,416][rfdiffusion.inference.utils][INFO] - Sampled motif RMSD: 0.29
[2026-04-24 08:55:17,857][rfdiffusion.inference.model_runners][INFO] - Timestep 43, input to next step: ---------------------------------GGGGGGGGGGGGGGGGGGGGGGGGGGG------------------------------------
[2026-04-24 08:55:22,329][rfdiffusion.inference.utils][INFO] - Sampled motif RMSD: 0.32
[2026-04-24 08:55:22,625][rfdiffusion.inference.model_runners][INFO] - Timestep 42, input to next step: ---------------------------------GGGGGGGGGGGGGGGGGGGGGGGGGGG------------------------------------
[2026-04-24 08:55:26,506][rfdiffusion.inference.utils][INFO] - Sampled motif RMSD: 0.34
[2026-04-24 08:55:26,843][rfdiffusion.inference.model_runners][INFO] - Timestep 41, input to next step: ---------------------------------GGGGGGGGGGGGGGGGGGGGGGGGGGG------------------------------------
[2026-04-24 08:55:29,905][rfdiffusion.inference.utils][INFO] - Sampled motif RMSD: 0.31
[2026-04-24 08:55:30,179][rfdiffusion.inference.model_runners][INFO] - Timestep 40, input to next step: ---------------------------------GGGGGGGGGGGGGGGGGGGGGGGGGGG------------------------------------
[2026-04-24 08:55:34,282][rfdiffusion.inference.utils][INFO] - Sampled motif RMSD: 0.31
[2026-04-24 08:55:34,631][rfdiffusion.inference.model_runners][INFO] - Timestep 39, input to next step: ---------------------------------GGGGGGGGGGGGGGGGGGGGGGGGGGG------------------------------------
[2026-04-24 08:55:37,990][rfdiffusion.inference.utils][INFO] - Sampled motif RMSD: 0.32
[2026-04-24 08:55:38,354][rfdiffusion.inference.model_runners][INFO] - Timestep 38, input to next step: ---------------------------------GGGGGGGGGGGGGGGGGGGGGGGGGGG------------------------------------
[2026-04-24 08:55:41,872][rfdiffusion.inference.utils][INFO] - Sampled motif RMSD: 0.32
[2026-04-24 08:55:42,173][rfdiffusion.inference.model_runners][INFO] - Timestep 37, input to next step: ---------------------------------GGGGGGGGGGGGGGGGGGGGGGGGGGG------------------------------------
[2026-04-24 08:55:45,914][rfdiffusion.inference.utils][INFO] - Sampled motif RMSD: 0.37
[2026-04-24 08:55:46,129][rfdiffusion.inference.model_runners][INFO] - Timestep 36, input to next step: ---------------------------------GGGGGGGGGGGGGGGGGGGGGGGGGGG------------------------------------
[2026-04-24 08:55:50,133][rfdiffusion.inference.utils][INFO] - Sampled motif RMSD: 0.40
[2026-04-24 08:55:50,276][rfdiffusion.inference.model_runners][INFO] - Timestep 35, input to next step: ---------------------------------GGGGGGGGGGGGGGGGGGGGGGGGGGG------------------------------------
[2026-04-24 08:55:55,228][rfdiffusion.inference.utils][INFO] - Sampled motif RMSD: 0.37
[2026-04-24 08:55:55,480][rfdiffusion.inference.model_runners][INFO] - Timestep 34, input to next step: ---------------------------------GGGGGGGGGGGGGGGGGGGGGGGGGGG------------------------------------
[2026-04-24 08:55:58,947][rfdiffusion.inference.utils][INFO] - Sampled motif RMSD: 0.33
[2026-04-24 08:55:59,203][rfdiffusion.inference.model_runners][INFO] - Timestep 33, input to next step: ---------------------------------GGGGGGGGGGGGGGGGGGGGGGGGGGG------------------------------------
[2026-04-24 08:56:02,587][rfdiffusion.inference.utils][INFO] - Sampled motif RMSD: 0.33
[2026-04-24 08:56:03,114][rfdiffusion.inference.model_runners][INFO] - Timestep 32, input to next step: ---------------------------------GGGGGGGGGGGGGGGGGGGGGGGGGGG------------------------------------
[2026-04-24 08:56:06,627][rfdiffusion.inference.utils][INFO] - Sampled motif RMSD: 0.31
[2026-04-24 08:56:07,157][rfdiffusion.inference.model_runners][INFO] - Timestep 31, input to next step: ---------------------------------GGGGGGGGGGGGGGGGGGGGGGGGGGG------------------------------------
[2026-04-24 08:56:10,724][rfdiffusion.inference.utils][INFO] - Sampled motif RMSD: 0.32
[2026-04-24 08:56:10,964][rfdiffusion.inference.model_runners][INFO] - Timestep 30, input to next step: ---------------------------------GGGGGGGGGGGGGGGGGGGGGGGGGGG------------------------------------
[2026-04-24 08:56:15,598][rfdiffusion.inference.utils][INFO] - Sampled motif RMSD: 0.31
[2026-04-24 08:56:15,827][rfdiffusion.inference.model_runners][INFO] - Timestep 29, input to next step: ---------------------------------GGGGGGGGGGGGGGGGGGGGGGGGGGG------------------------------------
[2026-04-24 08:56:19,652][rfdiffusion.inference.utils][INFO] - Sampled motif RMSD: 0.33
[2026-04-24 08:56:19,759][rfdiffusion.inference.model_runners][INFO] - Timestep 28, input to next step: ---------------------------------GGGGGGGGGGGGGGGGGGGGGGGGGGG------------------------------------
[2026-04-24 08:56:24,031][rfdiffusion.inference.utils][INFO] - Sampled motif RMSD: 0.34
[2026-04-24 08:56:24,216][rfdiffusion.inference.model_runners][INFO] - Timestep 27, input to next step: ---------------------------------GGGGGGGGGGGGGGGGGGGGGGGGGGG------------------------------------
[2026-04-24 08:56:28,419][rfdiffusion.inference.utils][INFO] - Sampled motif RMSD: 0.33
[2026-04-24 08:56:28,582][rfdiffusion.inference.model_runners][INFO] - Timestep 26, input to next step: ---------------------------------GGGGGGGGGGGGGGGGGGGGGGGGGGG------------------------------------
[2026-04-24 08:56:32,437][rfdiffusion.inference.utils][INFO] - Sampled motif RMSD: 0.33
[2026-04-24 08:56:32,712][rfdiffusion.inference.model_runners][INFO] - Timestep 25, input to next step: ---------------------------------GGGGGGGGGGGGGGGGGGGGGGGGGGG------------------------------------
[2026-04-24 08:56:36,878][rfdiffusion.inference.utils][INFO] - Sampled motif RMSD: 0.37
[2026-04-24 08:56:37,173][rfdiffusion.inference.model_runners][INFO] - Timestep 24, input to next step: ---------------------------------GGGGGGGGGGGGGGGGGGGGGGGGGGG------------------------------------
[2026-04-24 08:56:41,628][rfdiffusion.inference.utils][INFO] - Sampled motif RMSD: 0.35
[2026-04-24 08:56:41,807][rfdiffusion.inference.model_runners][INFO] - Timestep 23, input to next step: ---------------------------------GGGGGGGGGGGGGGGGGGGGGGGGGGG------------------------------------
[2026-04-24 08:56:46,719][rfdiffusion.inference.utils][INFO] - Sampled motif RMSD: 0.36
[2026-04-24 08:56:47,099][rfdiffusion.inference.model_runners][INFO] - Timestep 22, input to next step: ---------------------------------GGGGGGGGGGGGGGGGGGGGGGGGGGG------------------------------------
[2026-04-24 08:56:51,255][rfdiffusion.inference.utils][INFO] - Sampled motif RMSD: 0.37
[2026-04-24 08:56:51,572][rfdiffusion.inference.model_runners][INFO] - Timestep 21, input to next step: ---------------------------------GGGGGGGGGGGGGGGGGGGGGGGGGGG------------------------------------
[2026-04-24 08:56:56,248][rfdiffusion.inference.utils][INFO] - Sampled motif RMSD: 0.41
[2026-04-24 08:56:56,482][rfdiffusion.inference.model_runners][INFO] - Timestep 20, input to next step: ---------------------------------GGGGGGGGGGGGGGGGGGGGGGGGGGG------------------------------------
[2026-04-24 08:57:00,365][rfdiffusion.inference.utils][INFO] - Sampled motif RMSD: 0.43
[2026-04-24 08:57:00,552][rfdiffusion.inference.model_runners][INFO] - Timestep 19, input to next step: ---------------------------------GGGGGGGGGGGGGGGGGGGGGGGGGGG------------------------------------
[2026-04-24 08:57:03,157][rfdiffusion.inference.utils][INFO] - Sampled motif RMSD: 0.45
[2026-04-24 08:57:03,349][rfdiffusion.inference.model_runners][INFO] - Timestep 18, input to next step: ---------------------------------GGGGGGGGGGGGGGGGGGGGGGGGGGG------------------------------------
[2026-04-24 08:57:05,962][rfdiffusion.inference.utils][INFO] - Sampled motif RMSD: 0.45
[2026-04-24 08:57:06,162][rfdiffusion.inference.model_runners][INFO] - Timestep 17, input to next step: ---------------------------------GGGGGGGGGGGGGGGGGGGGGGGGGGG------------------------------------
[2026-04-24 08:57:09,232][rfdiffusion.inference.utils][INFO] - Sampled motif RMSD: 0.45
[2026-04-24 08:57:09,366][rfdiffusion.inference.model_runners][INFO] - Timestep 16, input to next step: ---------------------------------GGGGGGGGGGGGGGGGGGGGGGGGGGG------------------------------------
[2026-04-24 08:57:11,916][rfdiffusion.inference.utils][INFO] - Sampled motif RMSD: 0.47
[2026-04-24 08:57:12,216][rfdiffusion.inference.model_runners][INFO] - Timestep 15, input to next step: ---------------------------------GGGGGGGGGGGGGGGGGGGGGGGGGGG------------------------------------
[2026-04-24 08:57:15,202][rfdiffusion.inference.utils][INFO] - Sampled motif RMSD: 0.47
[2026-04-24 08:57:15,352][rfdiffusion.inference.model_runners][INFO] - Timestep 14, input to next step: ---------------------------------GGGGGGGGGGGGGGGGGGGGGGGGGGG------------------------------------
[2026-04-24 08:57:18,784][rfdiffusion.inference.utils][INFO] - Sampled motif RMSD: 0.50
[2026-04-24 08:57:18,880][rfdiffusion.inference.model_runners][INFO] - Timestep 13, input to next step: ---------------------------------GGGGGGGGGGGGGGGGGGGGGGGGGGG------------------------------------
[2026-04-24 08:57:20,819][rfdiffusion.inference.utils][INFO] - Sampled motif RMSD: 0.51
[2026-04-24 08:57:20,931][rfdiffusion.inference.model_runners][INFO] - Timestep 12, input to next step: ---------------------------------GGGGGGGGGGGGGGGGGGGGGGGGGGG------------------------------------
[2026-04-24 08:57:23,373][rfdiffusion.inference.utils][INFO] - Sampled motif RMSD: 0.49
[2026-04-24 08:57:23,495][rfdiffusion.inference.model_runners][INFO] - Timestep 11, input to next step: ---------------------------------GGGGGGGGGGGGGGGGGGGGGGGGGGG------------------------------------
[2026-04-24 08:57:25,819][rfdiffusion.inference.utils][INFO] - Sampled motif RMSD: 0.50
[2026-04-24 08:57:26,041][rfdiffusion.inference.model_runners][INFO] - Timestep 10, input to next step: ---------------------------------GGGGGGGGGGGGGGGGGGGGGGGGGGG------------------------------------
[2026-04-24 08:57:28,267][rfdiffusion.inference.utils][INFO] - Sampled motif RMSD: 0.51
[2026-04-24 08:57:28,521][rfdiffusion.inference.model_runners][INFO] - Timestep 9, input to next step: ---------------------------------GGGGGGGGGGGGGGGGGGGGGGGGGGG------------------------------------
[2026-04-24 08:57:31,349][rfdiffusion.inference.utils][INFO] - Sampled motif RMSD: 0.55
[2026-04-24 08:57:31,621][rfdiffusion.inference.model_runners][INFO] - Timestep 8, input to next step: ---------------------------------GGGGGGGGGGGGGGGGGGGGGGGGGGG------------------------------------
[2026-04-24 08:57:34,612][rfdiffusion.inference.utils][INFO] - Sampled motif RMSD: 0.60
[2026-04-24 08:57:34,843][rfdiffusion.inference.model_runners][INFO] - Timestep 7, input to next step: ---------------------------------GGGGGGGGGGGGGGGGGGGGGGGGGGG------------------------------------
[2026-04-24 08:57:37,425][rfdiffusion.inference.utils][INFO] - Sampled motif RMSD: 0.63
[2026-04-24 08:57:37,521][rfdiffusion.inference.model_runners][INFO] - Timestep 6, input to next step: ---------------------------------GGGGGGGGGGGGGGGGGGGGGGGGGGG------------------------------------
[2026-04-24 08:57:40,759][rfdiffusion.inference.utils][INFO] - Sampled motif RMSD: 0.65
[2026-04-24 08:57:40,981][rfdiffusion.inference.model_runners][INFO] - Timestep 5, input to next step: ---------------------------------GGGGGGGGGGGGGGGGGGGGGGGGGGG------------------------------------
[2026-04-24 08:57:44,700][rfdiffusion.inference.utils][INFO] - Sampled motif RMSD: 0.63
[2026-04-24 08:57:44,853][rfdiffusion.inference.model_runners][INFO] - Timestep 4, input to next step: ---------------------------------GGGGGGGGGGGGGGGGGGGGGGGGGGG------------------------------------
[2026-04-24 08:57:48,386][rfdiffusion.inference.utils][INFO] - Sampled motif RMSD: 0.63
[2026-04-24 08:57:48,540][rfdiffusion.inference.model_runners][INFO] - Timestep 3, input to next step: ---------------------------------GGGGGGGGGGGGGGGGGGGGGGGGGGG------------------------------------
[2026-04-24 08:57:51,627][rfdiffusion.inference.utils][INFO] - Sampled motif RMSD: 0.63
[2026-04-24 08:57:51,814][rfdiffusion.inference.model_runners][INFO] - Timestep 2, input to next step: ---------------------------------GGGGGGGGGGGGGGGGGGGGGGGGGGG------------------------------------
[2026-04-24 08:57:56,999][__main__][INFO] - Finished design in 3.28 minutes
