[2026-04-24 07:21:18,470][__main__][INFO] - Found GPU with device_name NVIDIA A100-SXM4-80GB. Will run RFdiffusion on NVIDIA A100-SXM4-80GB
Reading models from /lambda/nfs/manvi/Team_8_CS598GBL/RFdiffusion/rfdiffusion/inference/../../models
[2026-04-24 07:21:18,471][rfdiffusion.inference.model_runners][INFO] - Reading checkpoint from /lambda/nfs/manvi/Team_8_CS598GBL/RFdiffusion/rfdiffusion/inference/../../models/Base_ckpt.pt
This is inf_conf.ckpt_path
/lambda/nfs/manvi/Team_8_CS598GBL/RFdiffusion/rfdiffusion/inference/../../models/Base_ckpt.pt
Assembling -model, -diffuser and -preprocess configs from checkpoint
USING MODEL CONFIG: self._conf[model][n_extra_block] = 4
USING MODEL CONFIG: self._conf[model][n_main_block] = 32
USING MODEL CONFIG: self._conf[model][n_ref_block] = 4
USING MODEL CONFIG: self._conf[model][d_msa] = 256
USING MODEL CONFIG: self._conf[model][d_msa_full] = 64
USING MODEL CONFIG: self._conf[model][d_pair] = 128
USING MODEL CONFIG: self._conf[model][d_templ] = 64
USING MODEL CONFIG: self._conf[model][n_head_msa] = 8
USING MODEL CONFIG: self._conf[model][n_head_pair] = 4
USING MODEL CONFIG: self._conf[model][n_head_templ] = 4
USING MODEL CONFIG: self._conf[model][d_hidden] = 32
USING MODEL CONFIG: self._conf[model][d_hidden_templ] = 32
USING MODEL CONFIG: self._conf[model][p_drop] = 0.15
USING MODEL CONFIG: self._conf[model][SE3_param_full] = {'num_layers': 1, 'num_channels': 32, 'num_degrees': 2, 'n_heads': 4, 'div': 4, 'l0_in_features': 8, 'l0_out_features': 8, 'l1_in_features': 3, 'l1_out_features': 2, 'num_edge_features': 32}
USING MODEL CONFIG: self._conf[model][SE3_param_topk] = {'num_layers': 1, 'num_channels': 32, 'num_degrees': 2, 'n_heads': 4, 'div': 4, 'l0_in_features': 64, 'l0_out_features': 64, 'l1_in_features': 3, 'l1_out_features': 2, 'num_edge_features': 64}
USING MODEL CONFIG: self._conf[model][freeze_track_motif] = False
USING MODEL CONFIG: self._conf[model][use_motif_timestep] = True
USING MODEL CONFIG: self._conf[diffuser][T] = 50
USING MODEL CONFIG: self._conf[diffuser][b_0] = 0.01
USING MODEL CONFIG: self._conf[diffuser][b_T] = 0.07
USING MODEL CONFIG: self._conf[diffuser][schedule_type] = linear
USING MODEL CONFIG: self._conf[diffuser][so3_type] = igso3
USING MODEL CONFIG: self._conf[diffuser][crd_scale] = 0.25
USING MODEL CONFIG: self._conf[diffuser][so3_schedule_type] = linear
USING MODEL CONFIG: self._conf[diffuser][min_b] = 1.5
USING MODEL CONFIG: self._conf[diffuser][max_b] = 2.5
USING MODEL CONFIG: self._conf[diffuser][min_sigma] = 0.02
USING MODEL CONFIG: self._conf[diffuser][max_sigma] = 1.5
USING MODEL CONFIG: self._conf[preprocess][sidechain_input] = False
USING MODEL CONFIG: self._conf[preprocess][motif_sidechain_input] = True
USING MODEL CONFIG: self._conf[preprocess][d_t1d] = 22
USING MODEL CONFIG: self._conf[preprocess][d_t2d] = 44
USING MODEL CONFIG: self._conf[preprocess][prob_self_cond] = 0.5
USING MODEL CONFIG: self._conf[preprocess][str_self_cond] = True
USING MODEL CONFIG: self._conf[preprocess][predict_previous] = False
[2026-04-24 07:22:05,919][rfdiffusion.inference.model_runners][INFO] - Loading checkpoint.
[2026-04-24 07:22:21,925][rfdiffusion.diffusion][INFO] - Using cached IGSO3.
Successful diffuser __init__
[2026-04-24 07:22:21,958][__main__][INFO] - Making design /lambda/nfs/manvi/Team_8_CS598GBL/outputs/custom90_128_motif_scaffolding/default/len_118/mid/scaffold_0
[2026-04-24 07:22:21,965][rfdiffusion.inference.model_runners][INFO] - Using contig: ['23-39/A41-76/23-39']
With this beta schedule (linear schedule, beta_0 = 0.04, beta_T = 0.28), alpha_bar_T = 0.00013696048699785024
[2026-04-24 07:22:22,213][rfdiffusion.inference.model_runners][INFO] - Sequence init: -------------------------------------GGGGGGGGGGGGGGGGGGGGGGGGGGGGGGGGGGGG-------------------------
[2026-04-24 07:22:32,468][rfdiffusion.inference.utils][INFO] - Sampled motif RMSD: 0.38
[2026-04-24 07:22:32,829][rfdiffusion.inference.model_runners][INFO] - Timestep 50, input to next step: -------------------------------------GGGGGGGGGGGGGGGGGGGGGGGGGGGGGGGGGGGG-------------------------
[2026-04-24 07:22:39,292][rfdiffusion.inference.utils][INFO] - Sampled motif RMSD: 0.38
[2026-04-24 07:22:39,618][rfdiffusion.inference.model_runners][INFO] - Timestep 49, input to next step: -------------------------------------GGGGGGGGGGGGGGGGGGGGGGGGGGGGGGGGGGGG-------------------------
[2026-04-24 07:22:46,274][rfdiffusion.inference.utils][INFO] - Sampled motif RMSD: 0.38
[2026-04-24 07:22:46,468][rfdiffusion.inference.model_runners][INFO] - Timestep 48, input to next step: -------------------------------------GGGGGGGGGGGGGGGGGGGGGGGGGGGGGGGGGGGG-------------------------
[2026-04-24 07:22:52,354][rfdiffusion.inference.utils][INFO] - Sampled motif RMSD: 0.47
[2026-04-24 07:22:52,547][rfdiffusion.inference.model_runners][INFO] - Timestep 47, input to next step: -------------------------------------GGGGGGGGGGGGGGGGGGGGGGGGGGGGGGGGGGGG-------------------------
[2026-04-24 07:22:57,306][rfdiffusion.inference.utils][INFO] - Sampled motif RMSD: 0.45
[2026-04-24 07:22:57,659][rfdiffusion.inference.model_runners][INFO] - Timestep 46, input to next step: -------------------------------------GGGGGGGGGGGGGGGGGGGGGGGGGGGGGGGGGGGG-------------------------
[2026-04-24 07:23:03,779][rfdiffusion.inference.utils][INFO] - Sampled motif RMSD: 0.42
[2026-04-24 07:23:04,426][rfdiffusion.inference.model_runners][INFO] - Timestep 45, input to next step: -------------------------------------GGGGGGGGGGGGGGGGGGGGGGGGGGGGGGGGGGGG-------------------------
[2026-04-24 07:23:11,918][rfdiffusion.inference.utils][INFO] - Sampled motif RMSD: 0.43
[2026-04-24 07:23:12,287][rfdiffusion.inference.model_runners][INFO] - Timestep 44, input to next step: -------------------------------------GGGGGGGGGGGGGGGGGGGGGGGGGGGGGGGGGGGG-------------------------
[2026-04-24 07:23:20,327][rfdiffusion.inference.utils][INFO] - Sampled motif RMSD: 0.41
[2026-04-24 07:23:20,548][rfdiffusion.inference.model_runners][INFO] - Timestep 43, input to next step: -------------------------------------GGGGGGGGGGGGGGGGGGGGGGGGGGGGGGGGGGGG-------------------------
[2026-04-24 07:23:25,204][rfdiffusion.inference.utils][INFO] - Sampled motif RMSD: 0.37
[2026-04-24 07:23:25,562][rfdiffusion.inference.model_runners][INFO] - Timestep 42, input to next step: -------------------------------------GGGGGGGGGGGGGGGGGGGGGGGGGGGGGGGGGGGG-------------------------
[2026-04-24 07:23:30,146][rfdiffusion.inference.utils][INFO] - Sampled motif RMSD: 0.37
[2026-04-24 07:23:30,412][rfdiffusion.inference.model_runners][INFO] - Timestep 41, input to next step: -------------------------------------GGGGGGGGGGGGGGGGGGGGGGGGGGGGGGGGGGGG-------------------------
[2026-04-24 07:23:35,043][rfdiffusion.inference.utils][INFO] - Sampled motif RMSD: 0.35
[2026-04-24 07:23:35,264][rfdiffusion.inference.model_runners][INFO] - Timestep 40, input to next step: -------------------------------------GGGGGGGGGGGGGGGGGGGGGGGGGGGGGGGGGGGG-------------------------
[2026-04-24 07:23:39,410][rfdiffusion.inference.utils][INFO] - Sampled motif RMSD: 0.37
[2026-04-24 07:23:39,600][rfdiffusion.inference.model_runners][INFO] - Timestep 39, input to next step: -------------------------------------GGGGGGGGGGGGGGGGGGGGGGGGGGGGGGGGGGGG-------------------------
[2026-04-24 07:23:43,287][rfdiffusion.inference.utils][INFO] - Sampled motif RMSD: 0.38
[2026-04-24 07:23:43,485][rfdiffusion.inference.model_runners][INFO] - Timestep 38, input to next step: -------------------------------------GGGGGGGGGGGGGGGGGGGGGGGGGGGGGGGGGGGG-------------------------
[2026-04-24 07:23:47,411][rfdiffusion.inference.utils][INFO] - Sampled motif RMSD: 0.34
[2026-04-24 07:23:47,765][rfdiffusion.inference.model_runners][INFO] - Timestep 37, input to next step: -------------------------------------GGGGGGGGGGGGGGGGGGGGGGGGGGGGGGGGGGGG-------------------------
[2026-04-24 07:23:51,674][rfdiffusion.inference.utils][INFO] - Sampled motif RMSD: 0.37
[2026-04-24 07:23:51,829][rfdiffusion.inference.model_runners][INFO] - Timestep 36, input to next step: -------------------------------------GGGGGGGGGGGGGGGGGGGGGGGGGGGGGGGGGGGG-------------------------
[2026-04-24 07:23:56,230][rfdiffusion.inference.utils][INFO] - Sampled motif RMSD: 0.35
[2026-04-24 07:23:56,551][rfdiffusion.inference.model_runners][INFO] - Timestep 35, input to next step: -------------------------------------GGGGGGGGGGGGGGGGGGGGGGGGGGGGGGGGGGGG-------------------------
[2026-04-24 07:24:02,304][rfdiffusion.inference.utils][INFO] - Sampled motif RMSD: 0.37
[2026-04-24 07:24:02,644][rfdiffusion.inference.model_runners][INFO] - Timestep 34, input to next step: -------------------------------------GGGGGGGGGGGGGGGGGGGGGGGGGGGGGGGGGGGG-------------------------
[2026-04-24 07:24:06,861][rfdiffusion.inference.utils][INFO] - Sampled motif RMSD: 0.30
[2026-04-24 07:24:07,011][rfdiffusion.inference.model_runners][INFO] - Timestep 33, input to next step: -------------------------------------GGGGGGGGGGGGGGGGGGGGGGGGGGGGGGGGGGGG-------------------------
[2026-04-24 07:24:11,392][rfdiffusion.inference.utils][INFO] - Sampled motif RMSD: 0.29
[2026-04-24 07:24:11,697][rfdiffusion.inference.model_runners][INFO] - Timestep 32, input to next step: -------------------------------------GGGGGGGGGGGGGGGGGGGGGGGGGGGGGGGGGGGG-------------------------
[2026-04-24 07:24:17,453][rfdiffusion.inference.utils][INFO] - Sampled motif RMSD: 0.30
[2026-04-24 07:24:17,967][rfdiffusion.inference.model_runners][INFO] - Timestep 31, input to next step: -------------------------------------GGGGGGGGGGGGGGGGGGGGGGGGGGGGGGGGGGGG-------------------------
[2026-04-24 07:24:21,710][rfdiffusion.inference.utils][INFO] - Sampled motif RMSD: 0.32
[2026-04-24 07:24:22,433][rfdiffusion.inference.model_runners][INFO] - Timestep 30, input to next step: -------------------------------------GGGGGGGGGGGGGGGGGGGGGGGGGGGGGGGGGGGG-------------------------
[2026-04-24 07:24:26,061][rfdiffusion.inference.utils][INFO] - Sampled motif RMSD: 0.31
[2026-04-24 07:24:26,637][rfdiffusion.inference.model_runners][INFO] - Timestep 29, input to next step: -------------------------------------GGGGGGGGGGGGGGGGGGGGGGGGGGGGGGGGGGGG-------------------------
[2026-04-24 07:24:30,603][rfdiffusion.inference.utils][INFO] - Sampled motif RMSD: 0.32
[2026-04-24 07:24:31,305][rfdiffusion.inference.model_runners][INFO] - Timestep 28, input to next step: -------------------------------------GGGGGGGGGGGGGGGGGGGGGGGGGGGGGGGGGGGG-------------------------
[2026-04-24 07:24:35,266][rfdiffusion.inference.utils][INFO] - Sampled motif RMSD: 0.32
[2026-04-24 07:24:35,469][rfdiffusion.inference.model_runners][INFO] - Timestep 27, input to next step: -------------------------------------GGGGGGGGGGGGGGGGGGGGGGGGGGGGGGGGGGGG-------------------------
[2026-04-24 07:24:40,065][rfdiffusion.inference.utils][INFO] - Sampled motif RMSD: 0.35
[2026-04-24 07:24:40,262][rfdiffusion.inference.model_runners][INFO] - Timestep 26, input to next step: -------------------------------------GGGGGGGGGGGGGGGGGGGGGGGGGGGGGGGGGGGG-------------------------
[2026-04-24 07:24:45,260][rfdiffusion.inference.utils][INFO] - Sampled motif RMSD: 0.40
[2026-04-24 07:24:45,482][rfdiffusion.inference.model_runners][INFO] - Timestep 25, input to next step: -------------------------------------GGGGGGGGGGGGGGGGGGGGGGGGGGGGGGGGGGGG-------------------------
[2026-04-24 07:24:51,128][rfdiffusion.inference.utils][INFO] - Sampled motif RMSD: 0.42
[2026-04-24 07:24:51,473][rfdiffusion.inference.model_runners][INFO] - Timestep 24, input to next step: -------------------------------------GGGGGGGGGGGGGGGGGGGGGGGGGGGGGGGGGGGG-------------------------
[2026-04-24 07:24:55,660][rfdiffusion.inference.utils][INFO] - Sampled motif RMSD: 0.43
[2026-04-24 07:24:55,865][rfdiffusion.inference.model_runners][INFO] - Timestep 23, input to next step: -------------------------------------GGGGGGGGGGGGGGGGGGGGGGGGGGGGGGGGGGGG-------------------------
[2026-04-24 07:25:00,321][rfdiffusion.inference.utils][INFO] - Sampled motif RMSD: 0.44
[2026-04-24 07:25:00,503][rfdiffusion.inference.model_runners][INFO] - Timestep 22, input to next step: -------------------------------------GGGGGGGGGGGGGGGGGGGGGGGGGGGGGGGGGGGG-------------------------
[2026-04-24 07:25:04,873][rfdiffusion.inference.utils][INFO] - Sampled motif RMSD: 0.43
[2026-04-24 07:25:05,172][rfdiffusion.inference.model_runners][INFO] - Timestep 21, input to next step: -------------------------------------GGGGGGGGGGGGGGGGGGGGGGGGGGGGGGGGGGGG-------------------------
[2026-04-24 07:25:09,940][rfdiffusion.inference.utils][INFO] - Sampled motif RMSD: 0.44
[2026-04-24 07:25:10,224][rfdiffusion.inference.model_runners][INFO] - Timestep 20, input to next step: -------------------------------------GGGGGGGGGGGGGGGGGGGGGGGGGGGGGGGGGGGG-------------------------
[2026-04-24 07:25:14,883][rfdiffusion.inference.utils][INFO] - Sampled motif RMSD: 0.41
[2026-04-24 07:25:15,123][rfdiffusion.inference.model_runners][INFO] - Timestep 19, input to next step: -------------------------------------GGGGGGGGGGGGGGGGGGGGGGGGGGGGGGGGGGGG-------------------------
[2026-04-24 07:25:19,430][rfdiffusion.inference.utils][INFO] - Sampled motif RMSD: 0.43
[2026-04-24 07:25:19,857][rfdiffusion.inference.model_runners][INFO] - Timestep 18, input to next step: -------------------------------------GGGGGGGGGGGGGGGGGGGGGGGGGGGGGGGGGGGG-------------------------
[2026-04-24 07:25:24,317][rfdiffusion.inference.utils][INFO] - Sampled motif RMSD: 0.43
[2026-04-24 07:25:24,668][rfdiffusion.inference.model_runners][INFO] - Timestep 17, input to next step: -------------------------------------GGGGGGGGGGGGGGGGGGGGGGGGGGGGGGGGGGGG-------------------------
[2026-04-24 07:25:29,601][rfdiffusion.inference.utils][INFO] - Sampled motif RMSD: 0.43
[2026-04-24 07:25:30,012][rfdiffusion.inference.model_runners][INFO] - Timestep 16, input to next step: -------------------------------------GGGGGGGGGGGGGGGGGGGGGGGGGGGGGGGGGGGG-------------------------
[2026-04-24 07:25:35,234][rfdiffusion.inference.utils][INFO] - Sampled motif RMSD: 0.40
[2026-04-24 07:25:35,484][rfdiffusion.inference.model_runners][INFO] - Timestep 15, input to next step: -------------------------------------GGGGGGGGGGGGGGGGGGGGGGGGGGGGGGGGGGGG-------------------------
[2026-04-24 07:25:39,699][rfdiffusion.inference.utils][INFO] - Sampled motif RMSD: 0.39
[2026-04-24 07:25:39,937][rfdiffusion.inference.model_runners][INFO] - Timestep 14, input to next step: -------------------------------------GGGGGGGGGGGGGGGGGGGGGGGGGGGGGGGGGGGG-------------------------
[2026-04-24 07:25:43,053][rfdiffusion.inference.utils][INFO] - Sampled motif RMSD: 0.40
[2026-04-24 07:25:43,193][rfdiffusion.inference.model_runners][INFO] - Timestep 13, input to next step: -------------------------------------GGGGGGGGGGGGGGGGGGGGGGGGGGGGGGGGGGGG-------------------------
[2026-04-24 07:25:47,066][rfdiffusion.inference.utils][INFO] - Sampled motif RMSD: 0.39
[2026-04-24 07:25:47,308][rfdiffusion.inference.model_runners][INFO] - Timestep 12, input to next step: -------------------------------------GGGGGGGGGGGGGGGGGGGGGGGGGGGGGGGGGGGG-------------------------
[2026-04-24 07:25:50,947][rfdiffusion.inference.utils][INFO] - Sampled motif RMSD: 0.37
[2026-04-24 07:25:51,192][rfdiffusion.inference.model_runners][INFO] - Timestep 11, input to next step: -------------------------------------GGGGGGGGGGGGGGGGGGGGGGGGGGGGGGGGGGGG-------------------------
[2026-04-24 07:25:55,787][rfdiffusion.inference.utils][INFO] - Sampled motif RMSD: 0.35
[2026-04-24 07:25:56,067][rfdiffusion.inference.model_runners][INFO] - Timestep 10, input to next step: -------------------------------------GGGGGGGGGGGGGGGGGGGGGGGGGGGGGGGGGGGG-------------------------
[2026-04-24 07:26:00,173][rfdiffusion.inference.utils][INFO] - Sampled motif RMSD: 0.34
[2026-04-24 07:26:00,530][rfdiffusion.inference.model_runners][INFO] - Timestep 9, input to next step: -------------------------------------GGGGGGGGGGGGGGGGGGGGGGGGGGGGGGGGGGGG-------------------------
[2026-04-24 07:26:04,917][rfdiffusion.inference.utils][INFO] - Sampled motif RMSD: 0.32
[2026-04-24 07:26:05,210][rfdiffusion.inference.model_runners][INFO] - Timestep 8, input to next step: -------------------------------------GGGGGGGGGGGGGGGGGGGGGGGGGGGGGGGGGGGG-------------------------
[2026-04-24 07:26:09,593][rfdiffusion.inference.utils][INFO] - Sampled motif RMSD: 0.31
[2026-04-24 07:26:09,867][rfdiffusion.inference.model_runners][INFO] - Timestep 7, input to next step: -------------------------------------GGGGGGGGGGGGGGGGGGGGGGGGGGGGGGGGGGGG-------------------------
[2026-04-24 07:26:13,299][rfdiffusion.inference.utils][INFO] - Sampled motif RMSD: 0.28
[2026-04-24 07:26:13,589][rfdiffusion.inference.model_runners][INFO] - Timestep 6, input to next step: -------------------------------------GGGGGGGGGGGGGGGGGGGGGGGGGGGGGGGGGGGG-------------------------
[2026-04-24 07:26:18,808][rfdiffusion.inference.utils][INFO] - Sampled motif RMSD: 0.29
[2026-04-24 07:26:19,252][rfdiffusion.inference.model_runners][INFO] - Timestep 5, input to next step: -------------------------------------GGGGGGGGGGGGGGGGGGGGGGGGGGGGGGGGGGGG-------------------------
[2026-04-24 07:26:23,239][rfdiffusion.inference.utils][INFO] - Sampled motif RMSD: 0.28
[2026-04-24 07:26:23,497][rfdiffusion.inference.model_runners][INFO] - Timestep 4, input to next step: -------------------------------------GGGGGGGGGGGGGGGGGGGGGGGGGGGGGGGGGGGG-------------------------
[2026-04-24 07:26:29,130][rfdiffusion.inference.utils][INFO] - Sampled motif RMSD: 0.28
[2026-04-24 07:26:29,442][rfdiffusion.inference.model_runners][INFO] - Timestep 3, input to next step: -------------------------------------GGGGGGGGGGGGGGGGGGGGGGGGGGGGGGGGGGGG-------------------------
[2026-04-24 07:26:33,850][rfdiffusion.inference.utils][INFO] - Sampled motif RMSD: 0.27
[2026-04-24 07:26:34,329][rfdiffusion.inference.model_runners][INFO] - Timestep 2, input to next step: -------------------------------------GGGGGGGGGGGGGGGGGGGGGGGGGGGGGGGGGGGG-------------------------
[2026-04-24 07:26:43,153][__main__][INFO] - Finished design in 4.35 minutes
[2026-04-24 07:26:43,160][__main__][INFO] - Making design /lambda/nfs/manvi/Team_8_CS598GBL/outputs/custom90_128_motif_scaffolding/default/len_118/mid/scaffold_1
[2026-04-24 07:26:43,188][rfdiffusion.inference.model_runners][INFO] - Using contig: ['23-39/A41-76/23-39']
With this beta schedule (linear schedule, beta_0 = 0.04, beta_T = 0.28), alpha_bar_T = 0.00013696048699785024
[2026-04-24 07:26:43,771][rfdiffusion.inference.model_runners][INFO] - Sequence init: ---------------------------GGGGGGGGGGGGGGGGGGGGGGGGGGGGGGGGGGGG------------------------------
[2026-04-24 07:26:47,998][rfdiffusion.inference.utils][INFO] - Sampled motif RMSD: 0.29
[2026-04-24 07:26:48,298][rfdiffusion.inference.model_runners][INFO] - Timestep 50, input to next step: ---------------------------GGGGGGGGGGGGGGGGGGGGGGGGGGGGGGGGGGGG------------------------------
[2026-04-24 07:26:53,337][rfdiffusion.inference.utils][INFO] - Sampled motif RMSD: 0.39
[2026-04-24 07:26:53,799][rfdiffusion.inference.model_runners][INFO] - Timestep 49, input to next step: ---------------------------GGGGGGGGGGGGGGGGGGGGGGGGGGGGGGGGGGGG------------------------------
[2026-04-24 07:26:58,728][rfdiffusion.inference.utils][INFO] - Sampled motif RMSD: 0.44
[2026-04-24 07:26:58,899][rfdiffusion.inference.model_runners][INFO] - Timestep 48, input to next step: ---------------------------GGGGGGGGGGGGGGGGGGGGGGGGGGGGGGGGGGGG------------------------------
[2026-04-24 07:27:03,171][rfdiffusion.inference.utils][INFO] - Sampled motif RMSD: 0.42
[2026-04-24 07:27:03,414][rfdiffusion.inference.model_runners][INFO] - Timestep 47, input to next step: ---------------------------GGGGGGGGGGGGGGGGGGGGGGGGGGGGGGGGGGGG------------------------------
[2026-04-24 07:27:07,748][rfdiffusion.inference.utils][INFO] - Sampled motif RMSD: 0.49
[2026-04-24 07:27:08,106][rfdiffusion.inference.model_runners][INFO] - Timestep 46, input to next step: ---------------------------GGGGGGGGGGGGGGGGGGGGGGGGGGGGGGGGGGGG------------------------------
[2026-04-24 07:27:13,026][rfdiffusion.inference.utils][INFO] - Sampled motif RMSD: 0.49
[2026-04-24 07:27:13,259][rfdiffusion.inference.model_runners][INFO] - Timestep 45, input to next step: ---------------------------GGGGGGGGGGGGGGGGGGGGGGGGGGGGGGGGGGGG------------------------------
[2026-04-24 07:27:16,728][rfdiffusion.inference.utils][INFO] - Sampled motif RMSD: 0.48
[2026-04-24 07:27:16,902][rfdiffusion.inference.model_runners][INFO] - Timestep 44, input to next step: ---------------------------GGGGGGGGGGGGGGGGGGGGGGGGGGGGGGGGGGGG------------------------------
[2026-04-24 07:27:21,705][rfdiffusion.inference.utils][INFO] - Sampled motif RMSD: 0.46
[2026-04-24 07:27:21,935][rfdiffusion.inference.model_runners][INFO] - Timestep 43, input to next step: ---------------------------GGGGGGGGGGGGGGGGGGGGGGGGGGGGGGGGGGGG------------------------------
[2026-04-24 07:27:26,611][rfdiffusion.inference.utils][INFO] - Sampled motif RMSD: 0.45
[2026-04-24 07:27:26,908][rfdiffusion.inference.model_runners][INFO] - Timestep 42, input to next step: ---------------------------GGGGGGGGGGGGGGGGGGGGGGGGGGGGGGGGGGGG------------------------------
[2026-04-24 07:27:31,759][rfdiffusion.inference.utils][INFO] - Sampled motif RMSD: 0.48
[2026-04-24 07:27:32,058][rfdiffusion.inference.model_runners][INFO] - Timestep 41, input to next step: ---------------------------GGGGGGGGGGGGGGGGGGGGGGGGGGGGGGGGGGGG------------------------------
[2026-04-24 07:27:36,530][rfdiffusion.inference.utils][INFO] - Sampled motif RMSD: 0.49
[2026-04-24 07:27:36,940][rfdiffusion.inference.model_runners][INFO] - Timestep 40, input to next step: ---------------------------GGGGGGGGGGGGGGGGGGGGGGGGGGGGGGGGGGGG------------------------------
[2026-04-24 07:27:41,511][rfdiffusion.inference.utils][INFO] - Sampled motif RMSD: 0.46
[2026-04-24 07:27:41,769][rfdiffusion.inference.model_runners][INFO] - Timestep 39, input to next step: ---------------------------GGGGGGGGGGGGGGGGGGGGGGGGGGGGGGGGGGGG------------------------------
[2026-04-24 07:27:45,739][rfdiffusion.inference.utils][INFO] - Sampled motif RMSD: 0.44
[2026-04-24 07:27:46,023][rfdiffusion.inference.model_runners][INFO] - Timestep 38, input to next step: ---------------------------GGGGGGGGGGGGGGGGGGGGGGGGGGGGGGGGGGGG------------------------------
[2026-04-24 07:27:49,765][rfdiffusion.inference.utils][INFO] - Sampled motif RMSD: 0.44
[2026-04-24 07:27:50,072][rfdiffusion.inference.model_runners][INFO] - Timestep 37, input to next step: ---------------------------GGGGGGGGGGGGGGGGGGGGGGGGGGGGGGGGGGGG------------------------------
[2026-04-24 07:27:53,648][rfdiffusion.inference.utils][INFO] - Sampled motif RMSD: 0.43
[2026-04-24 07:27:53,920][rfdiffusion.inference.model_runners][INFO] - Timestep 36, input to next step: ---------------------------GGGGGGGGGGGGGGGGGGGGGGGGGGGGGGGGGGGG------------------------------
[2026-04-24 07:27:57,519][rfdiffusion.inference.utils][INFO] - Sampled motif RMSD: 0.47
[2026-04-24 07:27:57,920][rfdiffusion.inference.model_runners][INFO] - Timestep 35, input to next step: ---------------------------GGGGGGGGGGGGGGGGGGGGGGGGGGGGGGGGGGGG------------------------------
[2026-04-24 07:28:01,097][rfdiffusion.inference.utils][INFO] - Sampled motif RMSD: 0.45
[2026-04-24 07:28:01,415][rfdiffusion.inference.model_runners][INFO] - Timestep 34, input to next step: ---------------------------GGGGGGGGGGGGGGGGGGGGGGGGGGGGGGGGGGGG------------------------------
[2026-04-24 07:28:05,759][rfdiffusion.inference.utils][INFO] - Sampled motif RMSD: 0.43
[2026-04-24 07:28:05,952][rfdiffusion.inference.model_runners][INFO] - Timestep 33, input to next step: ---------------------------GGGGGGGGGGGGGGGGGGGGGGGGGGGGGGGGGGGG------------------------------
[2026-04-24 07:28:09,471][rfdiffusion.inference.utils][INFO] - Sampled motif RMSD: 0.43
[2026-04-24 07:28:09,567][rfdiffusion.inference.model_runners][INFO] - Timestep 32, input to next step: ---------------------------GGGGGGGGGGGGGGGGGGGGGGGGGGGGGGGGGGGG------------------------------
[2026-04-24 07:28:12,828][rfdiffusion.inference.utils][INFO] - Sampled motif RMSD: 0.44
[2026-04-24 07:28:12,979][rfdiffusion.inference.model_runners][INFO] - Timestep 31, input to next step: ---------------------------GGGGGGGGGGGGGGGGGGGGGGGGGGGGGGGGGGGG------------------------------
[2026-04-24 07:28:16,677][rfdiffusion.inference.utils][INFO] - Sampled motif RMSD: 0.44
[2026-04-24 07:28:16,889][rfdiffusion.inference.model_runners][INFO] - Timestep 30, input to next step: ---------------------------GGGGGGGGGGGGGGGGGGGGGGGGGGGGGGGGGGGG------------------------------
[2026-04-24 07:28:20,814][rfdiffusion.inference.utils][INFO] - Sampled motif RMSD: 0.46
[2026-04-24 07:28:21,171][rfdiffusion.inference.model_runners][INFO] - Timestep 29, input to next step: ---------------------------GGGGGGGGGGGGGGGGGGGGGGGGGGGGGGGGGGGG------------------------------
[2026-04-24 07:28:24,889][rfdiffusion.inference.utils][INFO] - Sampled motif RMSD: 0.42
[2026-04-24 07:28:25,233][rfdiffusion.inference.model_runners][INFO] - Timestep 28, input to next step: ---------------------------GGGGGGGGGGGGGGGGGGGGGGGGGGGGGGGGGGGG------------------------------
[2026-04-24 07:28:29,157][rfdiffusion.inference.utils][INFO] - Sampled motif RMSD: 0.43
[2026-04-24 07:28:29,509][rfdiffusion.inference.model_runners][INFO] - Timestep 27, input to next step: ---------------------------GGGGGGGGGGGGGGGGGGGGGGGGGGGGGGGGGGGG------------------------------
[2026-04-24 07:28:32,809][rfdiffusion.inference.utils][INFO] - Sampled motif RMSD: 0.46
[2026-04-24 07:28:33,082][rfdiffusion.inference.model_runners][INFO] - Timestep 26, input to next step: ---------------------------GGGGGGGGGGGGGGGGGGGGGGGGGGGGGGGGGGGG------------------------------
[2026-04-24 07:28:35,798][rfdiffusion.inference.utils][INFO] - Sampled motif RMSD: 0.47
[2026-04-24 07:28:35,989][rfdiffusion.inference.model_runners][INFO] - Timestep 25, input to next step: ---------------------------GGGGGGGGGGGGGGGGGGGGGGGGGGGGGGGGGGGG------------------------------
[2026-04-24 07:28:39,738][rfdiffusion.inference.utils][INFO] - Sampled motif RMSD: 0.52
[2026-04-24 07:28:39,998][rfdiffusion.inference.model_runners][INFO] - Timestep 24, input to next step: ---------------------------GGGGGGGGGGGGGGGGGGGGGGGGGGGGGGGGGGGG------------------------------
[2026-04-24 07:28:44,519][rfdiffusion.inference.utils][INFO] - Sampled motif RMSD: 0.51
[2026-04-24 07:28:44,744][rfdiffusion.inference.model_runners][INFO] - Timestep 23, input to next step: ---------------------------GGGGGGGGGGGGGGGGGGGGGGGGGGGGGGGGGGGG------------------------------
[2026-04-24 07:28:48,043][rfdiffusion.inference.utils][INFO] - Sampled motif RMSD: 0.50
[2026-04-24 07:28:48,216][rfdiffusion.inference.model_runners][INFO] - Timestep 22, input to next step: ---------------------------GGGGGGGGGGGGGGGGGGGGGGGGGGGGGGGGGGGG------------------------------
[2026-04-24 07:28:51,143][rfdiffusion.inference.utils][INFO] - Sampled motif RMSD: 0.49
[2026-04-24 07:28:51,463][rfdiffusion.inference.model_runners][INFO] - Timestep 21, input to next step: ---------------------------GGGGGGGGGGGGGGGGGGGGGGGGGGGGGGGGGGGG------------------------------
[2026-04-24 07:28:54,679][rfdiffusion.inference.utils][INFO] - Sampled motif RMSD: 0.49
[2026-04-24 07:28:55,058][rfdiffusion.inference.model_runners][INFO] - Timestep 20, input to next step: ---------------------------GGGGGGGGGGGGGGGGGGGGGGGGGGGGGGGGGGGG------------------------------
[2026-04-24 07:28:58,150][rfdiffusion.inference.utils][INFO] - Sampled motif RMSD: 0.50
[2026-04-24 07:28:58,294][rfdiffusion.inference.model_runners][INFO] - Timestep 19, input to next step: ---------------------------GGGGGGGGGGGGGGGGGGGGGGGGGGGGGGGGGGGG------------------------------
[2026-04-24 07:29:01,596][rfdiffusion.inference.utils][INFO] - Sampled motif RMSD: 0.48
[2026-04-24 07:29:01,759][rfdiffusion.inference.model_runners][INFO] - Timestep 18, input to next step: ---------------------------GGGGGGGGGGGGGGGGGGGGGGGGGGGGGGGGGGGG------------------------------
[2026-04-24 07:29:05,305][rfdiffusion.inference.utils][INFO] - Sampled motif RMSD: 0.46
[2026-04-24 07:29:05,417][rfdiffusion.inference.model_runners][INFO] - Timestep 17, input to next step: ---------------------------GGGGGGGGGGGGGGGGGGGGGGGGGGGGGGGGGGGG------------------------------
[2026-04-24 07:29:09,370][rfdiffusion.inference.utils][INFO] - Sampled motif RMSD: 0.42
[2026-04-24 07:29:09,514][rfdiffusion.inference.model_runners][INFO] - Timestep 16, input to next step: ---------------------------GGGGGGGGGGGGGGGGGGGGGGGGGGGGGGGGGGGG------------------------------
[2026-04-24 07:29:13,360][rfdiffusion.inference.utils][INFO] - Sampled motif RMSD: 0.42
[2026-04-24 07:29:13,687][rfdiffusion.inference.model_runners][INFO] - Timestep 15, input to next step: ---------------------------GGGGGGGGGGGGGGGGGGGGGGGGGGGGGGGGGGGG------------------------------
[2026-04-24 07:29:16,765][rfdiffusion.inference.utils][INFO] - Sampled motif RMSD: 0.39
[2026-04-24 07:29:16,932][rfdiffusion.inference.model_runners][INFO] - Timestep 14, input to next step: ---------------------------GGGGGGGGGGGGGGGGGGGGGGGGGGGGGGGGGGGG------------------------------
[2026-04-24 07:29:19,902][rfdiffusion.inference.utils][INFO] - Sampled motif RMSD: 0.36
[2026-04-24 07:29:20,157][rfdiffusion.inference.model_runners][INFO] - Timestep 13, input to next step: ---------------------------GGGGGGGGGGGGGGGGGGGGGGGGGGGGGGGGGGGG------------------------------
[2026-04-24 07:29:24,170][rfdiffusion.inference.utils][INFO] - Sampled motif RMSD: 0.35
[2026-04-24 07:29:24,437][rfdiffusion.inference.model_runners][INFO] - Timestep 12, input to next step: ---------------------------GGGGGGGGGGGGGGGGGGGGGGGGGGGGGGGGGGGG------------------------------
[2026-04-24 07:29:27,845][rfdiffusion.inference.utils][INFO] - Sampled motif RMSD: 0.34
[2026-04-24 07:29:28,081][rfdiffusion.inference.model_runners][INFO] - Timestep 11, input to next step: ---------------------------GGGGGGGGGGGGGGGGGGGGGGGGGGGGGGGGGGGG------------------------------
[2026-04-24 07:29:31,008][rfdiffusion.inference.utils][INFO] - Sampled motif RMSD: 0.35
[2026-04-24 07:29:31,101][rfdiffusion.inference.model_runners][INFO] - Timestep 10, input to next step: ---------------------------GGGGGGGGGGGGGGGGGGGGGGGGGGGGGGGGGGGG------------------------------
[2026-04-24 07:29:34,560][rfdiffusion.inference.utils][INFO] - Sampled motif RMSD: 0.38
[2026-04-24 07:29:34,730][rfdiffusion.inference.model_runners][INFO] - Timestep 9, input to next step: ---------------------------GGGGGGGGGGGGGGGGGGGGGGGGGGGGGGGGGGGG------------------------------
[2026-04-24 07:29:37,639][rfdiffusion.inference.utils][INFO] - Sampled motif RMSD: 0.37
[2026-04-24 07:29:37,780][rfdiffusion.inference.model_runners][INFO] - Timestep 8, input to next step: ---------------------------GGGGGGGGGGGGGGGGGGGGGGGGGGGGGGGGGGGG------------------------------
[2026-04-24 07:29:40,611][rfdiffusion.inference.utils][INFO] - Sampled motif RMSD: 0.38
[2026-04-24 07:29:40,719][rfdiffusion.inference.model_runners][INFO] - Timestep 7, input to next step: ---------------------------GGGGGGGGGGGGGGGGGGGGGGGGGGGGGGGGGGGG------------------------------
[2026-04-24 07:29:43,167][rfdiffusion.inference.utils][INFO] - Sampled motif RMSD: 0.35
[2026-04-24 07:29:43,472][rfdiffusion.inference.model_runners][INFO] - Timestep 6, input to next step: ---------------------------GGGGGGGGGGGGGGGGGGGGGGGGGGGGGGGGGGGG------------------------------
[2026-04-24 07:29:46,309][rfdiffusion.inference.utils][INFO] - Sampled motif RMSD: 0.33
[2026-04-24 07:29:46,534][rfdiffusion.inference.model_runners][INFO] - Timestep 5, input to next step: ---------------------------GGGGGGGGGGGGGGGGGGGGGGGGGGGGGGGGGGGG------------------------------
[2026-04-24 07:29:50,092][rfdiffusion.inference.utils][INFO] - Sampled motif RMSD: 0.31
[2026-04-24 07:29:50,175][rfdiffusion.inference.model_runners][INFO] - Timestep 4, input to next step: ---------------------------GGGGGGGGGGGGGGGGGGGGGGGGGGGGGGGGGGGG------------------------------
[2026-04-24 07:29:53,206][rfdiffusion.inference.utils][INFO] - Sampled motif RMSD: 0.30
[2026-04-24 07:29:53,406][rfdiffusion.inference.model_runners][INFO] - Timestep 3, input to next step: ---------------------------GGGGGGGGGGGGGGGGGGGGGGGGGGGGGGGGGGGG------------------------------
[2026-04-24 07:29:56,603][rfdiffusion.inference.utils][INFO] - Sampled motif RMSD: 0.28
[2026-04-24 07:29:56,968][rfdiffusion.inference.model_runners][INFO] - Timestep 2, input to next step: ---------------------------GGGGGGGGGGGGGGGGGGGGGGGGGGGGGGGGGGGG------------------------------
[2026-04-24 07:30:02,638][__main__][INFO] - Finished design in 3.32 minutes
