[2026-04-24 08:14:11,128][__main__][INFO] - Found GPU with device_name NVIDIA A100-SXM4-80GB. Will run RFdiffusion on NVIDIA A100-SXM4-80GB
Reading models from /lambda/nfs/manvi/Team_8_CS598GBL/RFdiffusion/rfdiffusion/inference/../../models
[2026-04-24 08:14:11,135][rfdiffusion.inference.model_runners][INFO] - Reading checkpoint from /lambda/nfs/manvi/Team_8_CS598GBL/RFdiffusion/rfdiffusion/inference/../../models/Base_ckpt.pt
This is inf_conf.ckpt_path
/lambda/nfs/manvi/Team_8_CS598GBL/RFdiffusion/rfdiffusion/inference/../../models/Base_ckpt.pt
Assembling -model, -diffuser and -preprocess configs from checkpoint
USING MODEL CONFIG: self._conf[model][n_extra_block] = 4
USING MODEL CONFIG: self._conf[model][n_main_block] = 32
USING MODEL CONFIG: self._conf[model][n_ref_block] = 4
USING MODEL CONFIG: self._conf[model][d_msa] = 256
USING MODEL CONFIG: self._conf[model][d_msa_full] = 64
USING MODEL CONFIG: self._conf[model][d_pair] = 128
USING MODEL CONFIG: self._conf[model][d_templ] = 64
USING MODEL CONFIG: self._conf[model][n_head_msa] = 8
USING MODEL CONFIG: self._conf[model][n_head_pair] = 4
USING MODEL CONFIG: self._conf[model][n_head_templ] = 4
USING MODEL CONFIG: self._conf[model][d_hidden] = 32
USING MODEL CONFIG: self._conf[model][d_hidden_templ] = 32
USING MODEL CONFIG: self._conf[model][p_drop] = 0.15
USING MODEL CONFIG: self._conf[model][SE3_param_full] = {'num_layers': 1, 'num_channels': 32, 'num_degrees': 2, 'n_heads': 4, 'div': 4, 'l0_in_features': 8, 'l0_out_features': 8, 'l1_in_features': 3, 'l1_out_features': 2, 'num_edge_features': 32}
USING MODEL CONFIG: self._conf[model][SE3_param_topk] = {'num_layers': 1, 'num_channels': 32, 'num_degrees': 2, 'n_heads': 4, 'div': 4, 'l0_in_features': 64, 'l0_out_features': 64, 'l1_in_features': 3, 'l1_out_features': 2, 'num_edge_features': 64}
USING MODEL CONFIG: self._conf[model][freeze_track_motif] = False
USING MODEL CONFIG: self._conf[model][use_motif_timestep] = True
USING MODEL CONFIG: self._conf[diffuser][T] = 50
USING MODEL CONFIG: self._conf[diffuser][b_0] = 0.01
USING MODEL CONFIG: self._conf[diffuser][b_T] = 0.07
USING MODEL CONFIG: self._conf[diffuser][schedule_type] = linear
USING MODEL CONFIG: self._conf[diffuser][so3_type] = igso3
USING MODEL CONFIG: self._conf[diffuser][crd_scale] = 0.25
USING MODEL CONFIG: self._conf[diffuser][so3_schedule_type] = linear
USING MODEL CONFIG: self._conf[diffuser][min_b] = 1.5
USING MODEL CONFIG: self._conf[diffuser][max_b] = 2.5
USING MODEL CONFIG: self._conf[diffuser][min_sigma] = 0.02
USING MODEL CONFIG: self._conf[diffuser][max_sigma] = 1.5
USING MODEL CONFIG: self._conf[preprocess][sidechain_input] = False
USING MODEL CONFIG: self._conf[preprocess][motif_sidechain_input] = True
USING MODEL CONFIG: self._conf[preprocess][d_t1d] = 22
USING MODEL CONFIG: self._conf[preprocess][d_t2d] = 44
USING MODEL CONFIG: self._conf[preprocess][prob_self_cond] = 0.5
USING MODEL CONFIG: self._conf[preprocess][str_self_cond] = True
USING MODEL CONFIG: self._conf[preprocess][predict_previous] = False
[2026-04-24 08:14:34,748][rfdiffusion.inference.model_runners][INFO] - Loading checkpoint.
[2026-04-24 08:14:40,253][rfdiffusion.diffusion][INFO] - Using cached IGSO3.
Successful diffuser __init__
[2026-04-24 08:14:40,275][__main__][INFO] - Making design /lambda/nfs/manvi/Team_8_CS598GBL/outputs/custom90_128_motif_scaffolding/fast_T20/len_096/short/scaffold_0
[2026-04-24 08:14:40,281][rfdiffusion.inference.model_runners][INFO] - Using contig: ['19-32/A42-53/19-32']
With this beta schedule (linear schedule, beta_0 = 0.04, beta_T = 0.28), alpha_bar_T = 0.00013696048699785024
[2026-04-24 08:14:40,391][rfdiffusion.inference.model_runners][INFO] - Sequence init: ----------------------------GGGGGGGGGGGG-----------------------
[2026-04-24 08:14:44,264][rfdiffusion.inference.utils][INFO] - Sampled motif RMSD: 0.19
[2026-04-24 08:14:44,513][rfdiffusion.inference.model_runners][INFO] - Timestep 50, input to next step: ----------------------------GGGGGGGGGGGG-----------------------
[2026-04-24 08:14:46,654][rfdiffusion.inference.utils][INFO] - Sampled motif RMSD: 0.11
[2026-04-24 08:14:46,721][rfdiffusion.inference.model_runners][INFO] - Timestep 49, input to next step: ----------------------------GGGGGGGGGGGG-----------------------
[2026-04-24 08:14:48,945][rfdiffusion.inference.utils][INFO] - Sampled motif RMSD: 0.12
[2026-04-24 08:14:49,147][rfdiffusion.inference.model_runners][INFO] - Timestep 48, input to next step: ----------------------------GGGGGGGGGGGG-----------------------
[2026-04-24 08:14:51,762][rfdiffusion.inference.utils][INFO] - Sampled motif RMSD: 0.09
[2026-04-24 08:14:52,097][rfdiffusion.inference.model_runners][INFO] - Timestep 47, input to next step: ----------------------------GGGGGGGGGGGG-----------------------
[2026-04-24 08:14:54,637][rfdiffusion.inference.utils][INFO] - Sampled motif RMSD: 0.08
[2026-04-24 08:14:54,821][rfdiffusion.inference.model_runners][INFO] - Timestep 46, input to next step: ----------------------------GGGGGGGGGGGG-----------------------
[2026-04-24 08:14:57,256][rfdiffusion.inference.utils][INFO] - Sampled motif RMSD: 0.11
[2026-04-24 08:14:57,674][rfdiffusion.inference.model_runners][INFO] - Timestep 45, input to next step: ----------------------------GGGGGGGGGGGG-----------------------
[2026-04-24 08:14:59,666][rfdiffusion.inference.utils][INFO] - Sampled motif RMSD: 0.11
[2026-04-24 08:14:59,910][rfdiffusion.inference.model_runners][INFO] - Timestep 44, input to next step: ----------------------------GGGGGGGGGGGG-----------------------
[2026-04-24 08:15:01,740][rfdiffusion.inference.utils][INFO] - Sampled motif RMSD: 0.09
[2026-04-24 08:15:02,094][rfdiffusion.inference.model_runners][INFO] - Timestep 43, input to next step: ----------------------------GGGGGGGGGGGG-----------------------
[2026-04-24 08:15:04,155][rfdiffusion.inference.utils][INFO] - Sampled motif RMSD: 0.09
[2026-04-24 08:15:04,468][rfdiffusion.inference.model_runners][INFO] - Timestep 42, input to next step: ----------------------------GGGGGGGGGGGG-----------------------
[2026-04-24 08:15:06,191][rfdiffusion.inference.utils][INFO] - Sampled motif RMSD: 0.09
[2026-04-24 08:15:06,451][rfdiffusion.inference.model_runners][INFO] - Timestep 41, input to next step: ----------------------------GGGGGGGGGGGG-----------------------
[2026-04-24 08:15:08,027][rfdiffusion.inference.utils][INFO] - Sampled motif RMSD: 0.10
[2026-04-24 08:15:08,210][rfdiffusion.inference.model_runners][INFO] - Timestep 40, input to next step: ----------------------------GGGGGGGGGGGG-----------------------
[2026-04-24 08:15:11,258][rfdiffusion.inference.utils][INFO] - Sampled motif RMSD: 0.11
[2026-04-24 08:15:11,393][rfdiffusion.inference.model_runners][INFO] - Timestep 39, input to next step: ----------------------------GGGGGGGGGGGG-----------------------
[2026-04-24 08:15:13,288][rfdiffusion.inference.utils][INFO] - Sampled motif RMSD: 0.08
[2026-04-24 08:15:13,369][rfdiffusion.inference.model_runners][INFO] - Timestep 38, input to next step: ----------------------------GGGGGGGGGGGG-----------------------
[2026-04-24 08:15:16,508][rfdiffusion.inference.utils][INFO] - Sampled motif RMSD: 0.10
[2026-04-24 08:15:16,734][rfdiffusion.inference.model_runners][INFO] - Timestep 37, input to next step: ----------------------------GGGGGGGGGGGG-----------------------
[2026-04-24 08:15:19,361][rfdiffusion.inference.utils][INFO] - Sampled motif RMSD: 0.10
[2026-04-24 08:15:19,481][rfdiffusion.inference.model_runners][INFO] - Timestep 36, input to next step: ----------------------------GGGGGGGGGGGG-----------------------
[2026-04-24 08:15:21,791][rfdiffusion.inference.utils][INFO] - Sampled motif RMSD: 0.08
[2026-04-24 08:15:21,993][rfdiffusion.inference.model_runners][INFO] - Timestep 35, input to next step: ----------------------------GGGGGGGGGGGG-----------------------
[2026-04-24 08:15:24,185][rfdiffusion.inference.utils][INFO] - Sampled motif RMSD: 0.09
[2026-04-24 08:15:24,362][rfdiffusion.inference.model_runners][INFO] - Timestep 34, input to next step: ----------------------------GGGGGGGGGGGG-----------------------
[2026-04-24 08:15:26,379][rfdiffusion.inference.utils][INFO] - Sampled motif RMSD: 0.08
[2026-04-24 08:15:26,557][rfdiffusion.inference.model_runners][INFO] - Timestep 33, input to next step: ----------------------------GGGGGGGGGGGG-----------------------
[2026-04-24 08:15:29,325][rfdiffusion.inference.utils][INFO] - Sampled motif RMSD: 0.08
[2026-04-24 08:15:29,569][rfdiffusion.inference.model_runners][INFO] - Timestep 32, input to next step: ----------------------------GGGGGGGGGGGG-----------------------
[2026-04-24 08:15:32,557][rfdiffusion.inference.utils][INFO] - Sampled motif RMSD: 0.08
[2026-04-24 08:15:32,825][rfdiffusion.inference.model_runners][INFO] - Timestep 31, input to next step: ----------------------------GGGGGGGGGGGG-----------------------
[2026-04-24 08:15:35,668][rfdiffusion.inference.utils][INFO] - Sampled motif RMSD: 0.06
[2026-04-24 08:15:35,920][rfdiffusion.inference.model_runners][INFO] - Timestep 30, input to next step: ----------------------------GGGGGGGGGGGG-----------------------
[2026-04-24 08:15:38,440][rfdiffusion.inference.utils][INFO] - Sampled motif RMSD: 0.07
[2026-04-24 08:15:38,517][rfdiffusion.inference.model_runners][INFO] - Timestep 29, input to next step: ----------------------------GGGGGGGGGGGG-----------------------
[2026-04-24 08:15:40,051][rfdiffusion.inference.utils][INFO] - Sampled motif RMSD: 0.08
[2026-04-24 08:15:40,327][rfdiffusion.inference.model_runners][INFO] - Timestep 28, input to next step: ----------------------------GGGGGGGGGGGG-----------------------
[2026-04-24 08:15:42,652][rfdiffusion.inference.utils][INFO] - Sampled motif RMSD: 0.07
[2026-04-24 08:15:42,956][rfdiffusion.inference.model_runners][INFO] - Timestep 27, input to next step: ----------------------------GGGGGGGGGGGG-----------------------
[2026-04-24 08:15:45,021][rfdiffusion.inference.utils][INFO] - Sampled motif RMSD: 0.07
[2026-04-24 08:15:45,350][rfdiffusion.inference.model_runners][INFO] - Timestep 26, input to next step: ----------------------------GGGGGGGGGGGG-----------------------
[2026-04-24 08:15:47,565][rfdiffusion.inference.utils][INFO] - Sampled motif RMSD: 0.08
[2026-04-24 08:15:47,827][rfdiffusion.inference.model_runners][INFO] - Timestep 25, input to next step: ----------------------------GGGGGGGGGGGG-----------------------
[2026-04-24 08:15:50,384][rfdiffusion.inference.utils][INFO] - Sampled motif RMSD: 0.07
[2026-04-24 08:15:50,613][rfdiffusion.inference.model_runners][INFO] - Timestep 24, input to next step: ----------------------------GGGGGGGGGGGG-----------------------
[2026-04-24 08:15:52,754][rfdiffusion.inference.utils][INFO] - Sampled motif RMSD: 0.07
[2026-04-24 08:15:53,101][rfdiffusion.inference.model_runners][INFO] - Timestep 23, input to next step: ----------------------------GGGGGGGGGGGG-----------------------
[2026-04-24 08:15:56,101][rfdiffusion.inference.utils][INFO] - Sampled motif RMSD: 0.06
[2026-04-24 08:15:56,421][rfdiffusion.inference.model_runners][INFO] - Timestep 22, input to next step: ----------------------------GGGGGGGGGGGG-----------------------
[2026-04-24 08:15:58,309][rfdiffusion.inference.utils][INFO] - Sampled motif RMSD: 0.08
[2026-04-24 08:15:58,589][rfdiffusion.inference.model_runners][INFO] - Timestep 21, input to next step: ----------------------------GGGGGGGGGGGG-----------------------
[2026-04-24 08:16:00,498][rfdiffusion.inference.utils][INFO] - Sampled motif RMSD: 0.07
[2026-04-24 08:16:00,730][rfdiffusion.inference.model_runners][INFO] - Timestep 20, input to next step: ----------------------------GGGGGGGGGGGG-----------------------
[2026-04-24 08:16:02,381][rfdiffusion.inference.utils][INFO] - Sampled motif RMSD: 0.07
[2026-04-24 08:16:02,449][rfdiffusion.inference.model_runners][INFO] - Timestep 19, input to next step: ----------------------------GGGGGGGGGGGG-----------------------
[2026-04-24 08:16:04,686][rfdiffusion.inference.utils][INFO] - Sampled motif RMSD: 0.07
[2026-04-24 08:16:04,904][rfdiffusion.inference.model_runners][INFO] - Timestep 18, input to next step: ----------------------------GGGGGGGGGGGG-----------------------
[2026-04-24 08:16:07,062][rfdiffusion.inference.utils][INFO] - Sampled motif RMSD: 0.08
[2026-04-24 08:16:07,463][rfdiffusion.inference.model_runners][INFO] - Timestep 17, input to next step: ----------------------------GGGGGGGGGGGG-----------------------
[2026-04-24 08:16:09,512][rfdiffusion.inference.utils][INFO] - Sampled motif RMSD: 0.08
[2026-04-24 08:16:09,875][rfdiffusion.inference.model_runners][INFO] - Timestep 16, input to next step: ----------------------------GGGGGGGGGGGG-----------------------
[2026-04-24 08:16:11,576][rfdiffusion.inference.utils][INFO] - Sampled motif RMSD: 0.09
[2026-04-24 08:16:11,967][rfdiffusion.inference.model_runners][INFO] - Timestep 15, input to next step: ----------------------------GGGGGGGGGGGG-----------------------
[2026-04-24 08:16:14,389][rfdiffusion.inference.utils][INFO] - Sampled motif RMSD: 0.10
[2026-04-24 08:16:14,753][rfdiffusion.inference.model_runners][INFO] - Timestep 14, input to next step: ----------------------------GGGGGGGGGGGG-----------------------
[2026-04-24 08:16:16,937][rfdiffusion.inference.utils][INFO] - Sampled motif RMSD: 0.09
[2026-04-24 08:16:17,326][rfdiffusion.inference.model_runners][INFO] - Timestep 13, input to next step: ----------------------------GGGGGGGGGGGG-----------------------
[2026-04-24 08:16:19,678][rfdiffusion.inference.utils][INFO] - Sampled motif RMSD: 0.10
[2026-04-24 08:16:19,921][rfdiffusion.inference.model_runners][INFO] - Timestep 12, input to next step: ----------------------------GGGGGGGGGGGG-----------------------
[2026-04-24 08:16:21,661][rfdiffusion.inference.utils][INFO] - Sampled motif RMSD: 0.12
[2026-04-24 08:16:22,190][rfdiffusion.inference.model_runners][INFO] - Timestep 11, input to next step: ----------------------------GGGGGGGGGGGG-----------------------
[2026-04-24 08:16:24,495][rfdiffusion.inference.utils][INFO] - Sampled motif RMSD: 0.11
[2026-04-24 08:16:24,718][rfdiffusion.inference.model_runners][INFO] - Timestep 10, input to next step: ----------------------------GGGGGGGGGGGG-----------------------
[2026-04-24 08:16:26,656][rfdiffusion.inference.utils][INFO] - Sampled motif RMSD: 0.10
[2026-04-24 08:16:26,905][rfdiffusion.inference.model_runners][INFO] - Timestep 9, input to next step: ----------------------------GGGGGGGGGGGG-----------------------
[2026-04-24 08:16:28,834][rfdiffusion.inference.utils][INFO] - Sampled motif RMSD: 0.10
[2026-04-24 08:16:29,015][rfdiffusion.inference.model_runners][INFO] - Timestep 8, input to next step: ----------------------------GGGGGGGGGGGG-----------------------
[2026-04-24 08:16:31,123][rfdiffusion.inference.utils][INFO] - Sampled motif RMSD: 0.11
[2026-04-24 08:16:31,306][rfdiffusion.inference.model_runners][INFO] - Timestep 7, input to next step: ----------------------------GGGGGGGGGGGG-----------------------
[2026-04-24 08:16:33,507][rfdiffusion.inference.utils][INFO] - Sampled motif RMSD: 0.12
[2026-04-24 08:16:33,803][rfdiffusion.inference.model_runners][INFO] - Timestep 6, input to next step: ----------------------------GGGGGGGGGGGG-----------------------
[2026-04-24 08:16:35,655][rfdiffusion.inference.utils][INFO] - Sampled motif RMSD: 0.11
[2026-04-24 08:16:35,921][rfdiffusion.inference.model_runners][INFO] - Timestep 5, input to next step: ----------------------------GGGGGGGGGGGG-----------------------
[2026-04-24 08:16:37,758][rfdiffusion.inference.utils][INFO] - Sampled motif RMSD: 0.09
[2026-04-24 08:16:37,997][rfdiffusion.inference.model_runners][INFO] - Timestep 4, input to next step: ----------------------------GGGGGGGGGGGG-----------------------
[2026-04-24 08:16:40,027][rfdiffusion.inference.utils][INFO] - Sampled motif RMSD: 0.08
[2026-04-24 08:16:40,122][rfdiffusion.inference.model_runners][INFO] - Timestep 3, input to next step: ----------------------------GGGGGGGGGGGG-----------------------
[2026-04-24 08:16:42,276][rfdiffusion.inference.utils][INFO] - Sampled motif RMSD: 0.07
[2026-04-24 08:16:42,382][rfdiffusion.inference.model_runners][INFO] - Timestep 2, input to next step: ----------------------------GGGGGGGGGGGG-----------------------
[2026-04-24 08:16:46,728][__main__][INFO] - Finished design in 2.11 minutes
[2026-04-24 08:16:46,729][__main__][INFO] - Making design /lambda/nfs/manvi/Team_8_CS598GBL/outputs/custom90_128_motif_scaffolding/fast_T20/len_096/short/scaffold_1
[2026-04-24 08:16:46,738][rfdiffusion.inference.model_runners][INFO] - Using contig: ['19-32/A42-53/19-32']
With this beta schedule (linear schedule, beta_0 = 0.04, beta_T = 0.28), alpha_bar_T = 0.00013696048699785024
[2026-04-24 08:16:46,807][rfdiffusion.inference.model_runners][INFO] - Sequence init: -----------------------GGGGGGGGGGGG---------------------
[2026-04-24 08:16:49,388][rfdiffusion.inference.utils][INFO] - Sampled motif RMSD: 0.18
[2026-04-24 08:16:49,452][rfdiffusion.inference.model_runners][INFO] - Timestep 50, input to next step: -----------------------GGGGGGGGGGGG---------------------
[2026-04-24 08:16:51,277][rfdiffusion.inference.utils][INFO] - Sampled motif RMSD: 0.15
[2026-04-24 08:16:51,465][rfdiffusion.inference.model_runners][INFO] - Timestep 49, input to next step: -----------------------GGGGGGGGGGGG---------------------
[2026-04-24 08:16:53,212][rfdiffusion.inference.utils][INFO] - Sampled motif RMSD: 0.13
[2026-04-24 08:16:53,530][rfdiffusion.inference.model_runners][INFO] - Timestep 48, input to next step: -----------------------GGGGGGGGGGGG---------------------
[2026-04-24 08:16:55,667][rfdiffusion.inference.utils][INFO] - Sampled motif RMSD: 0.11
[2026-04-24 08:16:55,957][rfdiffusion.inference.model_runners][INFO] - Timestep 47, input to next step: -----------------------GGGGGGGGGGGG---------------------
[2026-04-24 08:16:58,626][rfdiffusion.inference.utils][INFO] - Sampled motif RMSD: 0.12
[2026-04-24 08:16:58,872][rfdiffusion.inference.model_runners][INFO] - Timestep 46, input to next step: -----------------------GGGGGGGGGGGG---------------------
[2026-04-24 08:17:01,393][rfdiffusion.inference.utils][INFO] - Sampled motif RMSD: 0.10
[2026-04-24 08:17:01,632][rfdiffusion.inference.model_runners][INFO] - Timestep 45, input to next step: -----------------------GGGGGGGGGGGG---------------------
[2026-04-24 08:17:03,840][rfdiffusion.inference.utils][INFO] - Sampled motif RMSD: 0.10
[2026-04-24 08:17:04,100][rfdiffusion.inference.model_runners][INFO] - Timestep 44, input to next step: -----------------------GGGGGGGGGGGG---------------------
[2026-04-24 08:17:06,698][rfdiffusion.inference.utils][INFO] - Sampled motif RMSD: 0.09
[2026-04-24 08:17:06,918][rfdiffusion.inference.model_runners][INFO] - Timestep 43, input to next step: -----------------------GGGGGGGGGGGG---------------------
[2026-04-24 08:17:08,480][rfdiffusion.inference.utils][INFO] - Sampled motif RMSD: 0.09
[2026-04-24 08:17:08,672][rfdiffusion.inference.model_runners][INFO] - Timestep 42, input to next step: -----------------------GGGGGGGGGGGG---------------------
[2026-04-24 08:17:10,929][rfdiffusion.inference.utils][INFO] - Sampled motif RMSD: 0.09
[2026-04-24 08:17:11,142][rfdiffusion.inference.model_runners][INFO] - Timestep 41, input to next step: -----------------------GGGGGGGGGGGG---------------------
[2026-04-24 08:17:13,337][rfdiffusion.inference.utils][INFO] - Sampled motif RMSD: 0.11
[2026-04-24 08:17:13,563][rfdiffusion.inference.model_runners][INFO] - Timestep 40, input to next step: -----------------------GGGGGGGGGGGG---------------------
[2026-04-24 08:17:16,779][rfdiffusion.inference.utils][INFO] - Sampled motif RMSD: 0.10
[2026-04-24 08:17:16,904][rfdiffusion.inference.model_runners][INFO] - Timestep 39, input to next step: -----------------------GGGGGGGGGGGG---------------------
[2026-04-24 08:17:19,783][rfdiffusion.inference.utils][INFO] - Sampled motif RMSD: 0.09
[2026-04-24 08:17:19,870][rfdiffusion.inference.model_runners][INFO] - Timestep 38, input to next step: -----------------------GGGGGGGGGGGG---------------------
[2026-04-24 08:17:22,704][rfdiffusion.inference.utils][INFO] - Sampled motif RMSD: 0.08
[2026-04-24 08:17:22,806][rfdiffusion.inference.model_runners][INFO] - Timestep 37, input to next step: -----------------------GGGGGGGGGGGG---------------------
[2026-04-24 08:17:25,279][rfdiffusion.inference.utils][INFO] - Sampled motif RMSD: 0.08
[2026-04-24 08:17:25,341][rfdiffusion.inference.model_runners][INFO] - Timestep 36, input to next step: -----------------------GGGGGGGGGGGG---------------------
[2026-04-24 08:17:28,078][rfdiffusion.inference.utils][INFO] - Sampled motif RMSD: 0.09
[2026-04-24 08:17:28,220][rfdiffusion.inference.model_runners][INFO] - Timestep 35, input to next step: -----------------------GGGGGGGGGGGG---------------------
[2026-04-24 08:17:30,464][rfdiffusion.inference.utils][INFO] - Sampled motif RMSD: 0.08
[2026-04-24 08:17:30,700][rfdiffusion.inference.model_runners][INFO] - Timestep 34, input to next step: -----------------------GGGGGGGGGGGG---------------------
[2026-04-24 08:17:33,839][rfdiffusion.inference.utils][INFO] - Sampled motif RMSD: 0.07
[2026-04-24 08:17:34,103][rfdiffusion.inference.model_runners][INFO] - Timestep 33, input to next step: -----------------------GGGGGGGGGGGG---------------------
[2026-04-24 08:17:36,539][rfdiffusion.inference.utils][INFO] - Sampled motif RMSD: 0.06
[2026-04-24 08:17:36,731][rfdiffusion.inference.model_runners][INFO] - Timestep 32, input to next step: -----------------------GGGGGGGGGGGG---------------------
[2026-04-24 08:17:39,479][rfdiffusion.inference.utils][INFO] - Sampled motif RMSD: 0.07
[2026-04-24 08:17:39,630][rfdiffusion.inference.model_runners][INFO] - Timestep 31, input to next step: -----------------------GGGGGGGGGGGG---------------------
[2026-04-24 08:17:41,088][rfdiffusion.inference.utils][INFO] - Sampled motif RMSD: 0.08
[2026-04-24 08:17:41,470][rfdiffusion.inference.model_runners][INFO] - Timestep 30, input to next step: -----------------------GGGGGGGGGGGG---------------------
[2026-04-24 08:17:43,224][rfdiffusion.inference.utils][INFO] - Sampled motif RMSD: 0.08
[2026-04-24 08:17:43,365][rfdiffusion.inference.model_runners][INFO] - Timestep 29, input to next step: -----------------------GGGGGGGGGGGG---------------------
[2026-04-24 08:17:45,676][rfdiffusion.inference.utils][INFO] - Sampled motif RMSD: 0.08
[2026-04-24 08:17:46,194][rfdiffusion.inference.model_runners][INFO] - Timestep 28, input to next step: -----------------------GGGGGGGGGGGG---------------------
[2026-04-24 08:17:48,622][rfdiffusion.inference.utils][INFO] - Sampled motif RMSD: 0.09
[2026-04-24 08:17:48,816][rfdiffusion.inference.model_runners][INFO] - Timestep 27, input to next step: -----------------------GGGGGGGGGGGG---------------------
[2026-04-24 08:17:51,485][rfdiffusion.inference.utils][INFO] - Sampled motif RMSD: 0.08
[2026-04-24 08:17:51,623][rfdiffusion.inference.model_runners][INFO] - Timestep 26, input to next step: -----------------------GGGGGGGGGGGG---------------------
[2026-04-24 08:17:53,375][rfdiffusion.inference.utils][INFO] - Sampled motif RMSD: 0.08
[2026-04-24 08:17:53,604][rfdiffusion.inference.model_runners][INFO] - Timestep 25, input to next step: -----------------------GGGGGGGGGGGG---------------------
[2026-04-24 08:17:56,169][rfdiffusion.inference.utils][INFO] - Sampled motif RMSD: 0.08
[2026-04-24 08:17:56,485][rfdiffusion.inference.model_runners][INFO] - Timestep 24, input to next step: -----------------------GGGGGGGGGGGG---------------------
[2026-04-24 08:17:57,716][rfdiffusion.inference.utils][INFO] - Sampled motif RMSD: 0.09
[2026-04-24 08:17:58,061][rfdiffusion.inference.model_runners][INFO] - Timestep 23, input to next step: -----------------------GGGGGGGGGGGG---------------------
[2026-04-24 08:18:00,134][rfdiffusion.inference.utils][INFO] - Sampled motif RMSD: 0.09
[2026-04-24 08:18:00,228][rfdiffusion.inference.model_runners][INFO] - Timestep 22, input to next step: -----------------------GGGGGGGGGGGG---------------------
[2026-04-24 08:18:01,837][rfdiffusion.inference.utils][INFO] - Sampled motif RMSD: 0.08
[2026-04-24 08:18:01,982][rfdiffusion.inference.model_runners][INFO] - Timestep 21, input to next step: -----------------------GGGGGGGGGGGG---------------------
[2026-04-24 08:18:03,837][rfdiffusion.inference.utils][INFO] - Sampled motif RMSD: 0.11
[2026-04-24 08:18:03,940][rfdiffusion.inference.model_runners][INFO] - Timestep 20, input to next step: -----------------------GGGGGGGGGGGG---------------------
[2026-04-24 08:18:05,333][rfdiffusion.inference.utils][INFO] - Sampled motif RMSD: 0.10
[2026-04-24 08:18:05,577][rfdiffusion.inference.model_runners][INFO] - Timestep 19, input to next step: -----------------------GGGGGGGGGGGG---------------------
[2026-04-24 08:18:07,111][rfdiffusion.inference.utils][INFO] - Sampled motif RMSD: 0.12
[2026-04-24 08:18:07,329][rfdiffusion.inference.model_runners][INFO] - Timestep 18, input to next step: -----------------------GGGGGGGGGGGG---------------------
[2026-04-24 08:18:09,060][rfdiffusion.inference.utils][INFO] - Sampled motif RMSD: 0.13
[2026-04-24 08:18:09,196][rfdiffusion.inference.model_runners][INFO] - Timestep 17, input to next step: -----------------------GGGGGGGGGGGG---------------------
[2026-04-24 08:18:11,360][rfdiffusion.inference.utils][INFO] - Sampled motif RMSD: 0.14
[2026-04-24 08:18:11,590][rfdiffusion.inference.model_runners][INFO] - Timestep 16, input to next step: -----------------------GGGGGGGGGGGG---------------------
[2026-04-24 08:18:13,534][rfdiffusion.inference.utils][INFO] - Sampled motif RMSD: 0.14
[2026-04-24 08:18:13,615][rfdiffusion.inference.model_runners][INFO] - Timestep 15, input to next step: -----------------------GGGGGGGGGGGG---------------------
[2026-04-24 08:18:15,241][rfdiffusion.inference.utils][INFO] - Sampled motif RMSD: 0.15
[2026-04-24 08:18:15,416][rfdiffusion.inference.model_runners][INFO] - Timestep 14, input to next step: -----------------------GGGGGGGGGGGG---------------------
[2026-04-24 08:18:17,176][rfdiffusion.inference.utils][INFO] - Sampled motif RMSD: 0.14
[2026-04-24 08:18:17,302][rfdiffusion.inference.model_runners][INFO] - Timestep 13, input to next step: -----------------------GGGGGGGGGGGG---------------------
[2026-04-24 08:18:19,728][rfdiffusion.inference.utils][INFO] - Sampled motif RMSD: 0.13
[2026-04-24 08:18:19,822][rfdiffusion.inference.model_runners][INFO] - Timestep 12, input to next step: -----------------------GGGGGGGGGGGG---------------------
[2026-04-24 08:18:22,103][rfdiffusion.inference.utils][INFO] - Sampled motif RMSD: 0.14
[2026-04-24 08:18:22,195][rfdiffusion.inference.model_runners][INFO] - Timestep 11, input to next step: -----------------------GGGGGGGGGGGG---------------------
[2026-04-24 08:18:24,413][rfdiffusion.inference.utils][INFO] - Sampled motif RMSD: 0.12
[2026-04-24 08:18:24,627][rfdiffusion.inference.model_runners][INFO] - Timestep 10, input to next step: -----------------------GGGGGGGGGGGG---------------------
[2026-04-24 08:18:26,568][rfdiffusion.inference.utils][INFO] - Sampled motif RMSD: 0.12
[2026-04-24 08:18:26,918][rfdiffusion.inference.model_runners][INFO] - Timestep 9, input to next step: -----------------------GGGGGGGGGGGG---------------------
[2026-04-24 08:18:29,404][rfdiffusion.inference.utils][INFO] - Sampled motif RMSD: 0.11
[2026-04-24 08:18:29,596][rfdiffusion.inference.model_runners][INFO] - Timestep 8, input to next step: -----------------------GGGGGGGGGGGG---------------------
[2026-04-24 08:18:31,654][rfdiffusion.inference.utils][INFO] - Sampled motif RMSD: 0.09
[2026-04-24 08:18:31,752][rfdiffusion.inference.model_runners][INFO] - Timestep 7, input to next step: -----------------------GGGGGGGGGGGG---------------------
[2026-04-24 08:18:34,157][rfdiffusion.inference.utils][INFO] - Sampled motif RMSD: 0.08
[2026-04-24 08:18:34,324][rfdiffusion.inference.model_runners][INFO] - Timestep 6, input to next step: -----------------------GGGGGGGGGGGG---------------------
[2026-04-24 08:18:36,406][rfdiffusion.inference.utils][INFO] - Sampled motif RMSD: 0.08
[2026-04-24 08:18:36,579][rfdiffusion.inference.model_runners][INFO] - Timestep 5, input to next step: -----------------------GGGGGGGGGGGG---------------------
[2026-04-24 08:18:38,268][rfdiffusion.inference.utils][INFO] - Sampled motif RMSD: 0.09
[2026-04-24 08:18:38,536][rfdiffusion.inference.model_runners][INFO] - Timestep 4, input to next step: -----------------------GGGGGGGGGGGG---------------------
[2026-04-24 08:18:40,025][rfdiffusion.inference.utils][INFO] - Sampled motif RMSD: 0.10
[2026-04-24 08:18:40,096][rfdiffusion.inference.model_runners][INFO] - Timestep 3, input to next step: -----------------------GGGGGGGGGGGG---------------------
[2026-04-24 08:18:41,854][rfdiffusion.inference.utils][INFO] - Sampled motif RMSD: 0.12
[2026-04-24 08:18:42,121][rfdiffusion.inference.model_runners][INFO] - Timestep 2, input to next step: -----------------------GGGGGGGGGGGG---------------------
[2026-04-24 08:18:44,712][__main__][INFO] - Finished design in 1.97 minutes
