[2026-04-24 08:32:13,186][__main__][INFO] - Found GPU with device_name NVIDIA A100-SXM4-80GB. Will run RFdiffusion on NVIDIA A100-SXM4-80GB
Reading models from /lambda/nfs/manvi/Team_8_CS598GBL/RFdiffusion/rfdiffusion/inference/../../models
[2026-04-24 08:32:13,192][rfdiffusion.inference.model_runners][INFO] - Reading checkpoint from /lambda/nfs/manvi/Team_8_CS598GBL/RFdiffusion/rfdiffusion/inference/../../models/Base_ckpt.pt
This is inf_conf.ckpt_path
/lambda/nfs/manvi/Team_8_CS598GBL/RFdiffusion/rfdiffusion/inference/../../models/Base_ckpt.pt
Assembling -model, -diffuser and -preprocess configs from checkpoint
USING MODEL CONFIG: self._conf[model][n_extra_block] = 4
USING MODEL CONFIG: self._conf[model][n_main_block] = 32
USING MODEL CONFIG: self._conf[model][n_ref_block] = 4
USING MODEL CONFIG: self._conf[model][d_msa] = 256
USING MODEL CONFIG: self._conf[model][d_msa_full] = 64
USING MODEL CONFIG: self._conf[model][d_pair] = 128
USING MODEL CONFIG: self._conf[model][d_templ] = 64
USING MODEL CONFIG: self._conf[model][n_head_msa] = 8
USING MODEL CONFIG: self._conf[model][n_head_pair] = 4
USING MODEL CONFIG: self._conf[model][n_head_templ] = 4
USING MODEL CONFIG: self._conf[model][d_hidden] = 32
USING MODEL CONFIG: self._conf[model][d_hidden_templ] = 32
USING MODEL CONFIG: self._conf[model][p_drop] = 0.15
USING MODEL CONFIG: self._conf[model][SE3_param_full] = {'num_layers': 1, 'num_channels': 32, 'num_degrees': 2, 'n_heads': 4, 'div': 4, 'l0_in_features': 8, 'l0_out_features': 8, 'l1_in_features': 3, 'l1_out_features': 2, 'num_edge_features': 32}
USING MODEL CONFIG: self._conf[model][SE3_param_topk] = {'num_layers': 1, 'num_channels': 32, 'num_degrees': 2, 'n_heads': 4, 'div': 4, 'l0_in_features': 64, 'l0_out_features': 64, 'l1_in_features': 3, 'l1_out_features': 2, 'num_edge_features': 64}
USING MODEL CONFIG: self._conf[model][freeze_track_motif] = False
USING MODEL CONFIG: self._conf[model][use_motif_timestep] = True
USING MODEL CONFIG: self._conf[diffuser][T] = 50
USING MODEL CONFIG: self._conf[diffuser][b_0] = 0.01
USING MODEL CONFIG: self._conf[diffuser][b_T] = 0.07
USING MODEL CONFIG: self._conf[diffuser][schedule_type] = linear
USING MODEL CONFIG: self._conf[diffuser][so3_type] = igso3
USING MODEL CONFIG: self._conf[diffuser][crd_scale] = 0.25
USING MODEL CONFIG: self._conf[diffuser][so3_schedule_type] = linear
USING MODEL CONFIG: self._conf[diffuser][min_b] = 1.5
USING MODEL CONFIG: self._conf[diffuser][max_b] = 2.5
USING MODEL CONFIG: self._conf[diffuser][min_sigma] = 0.02
USING MODEL CONFIG: self._conf[diffuser][max_sigma] = 1.5
USING MODEL CONFIG: self._conf[preprocess][sidechain_input] = False
USING MODEL CONFIG: self._conf[preprocess][motif_sidechain_input] = True
USING MODEL CONFIG: self._conf[preprocess][d_t1d] = 22
USING MODEL CONFIG: self._conf[preprocess][d_t2d] = 44
USING MODEL CONFIG: self._conf[preprocess][prob_self_cond] = 0.5
USING MODEL CONFIG: self._conf[preprocess][str_self_cond] = True
USING MODEL CONFIG: self._conf[preprocess][predict_previous] = False
[2026-04-24 08:32:54,631][rfdiffusion.inference.model_runners][INFO] - Loading checkpoint.
[2026-04-24 08:33:00,527][rfdiffusion.diffusion][INFO] - Using cached IGSO3.
Successful diffuser __init__
[2026-04-24 08:33:00,562][__main__][INFO] - Making design /lambda/nfs/manvi/Team_8_CS598GBL/outputs/custom90_128_motif_scaffolding/fast_T20/len_102/mid/scaffold_0
[2026-04-24 08:33:00,577][rfdiffusion.inference.model_runners][INFO] - Using contig: ['20-34/A35-66/20-34']
With this beta schedule (linear schedule, beta_0 = 0.04, beta_T = 0.28), alpha_bar_T = 0.00013696048699785024
[2026-04-24 08:33:00,690][rfdiffusion.inference.model_runners][INFO] - Sequence init: ------------------------------GGGGGGGGGGGGGGGGGGGGGGGGGGGGGGGG-------------------------
[2026-04-24 08:33:03,623][rfdiffusion.inference.utils][INFO] - Sampled motif RMSD: 0.28
[2026-04-24 08:33:03,802][rfdiffusion.inference.model_runners][INFO] - Timestep 50, input to next step: ------------------------------GGGGGGGGGGGGGGGGGGGGGGGGGGGGGGGG-------------------------
[2026-04-24 08:33:05,933][rfdiffusion.inference.utils][INFO] - Sampled motif RMSD: 0.23
[2026-04-24 08:33:05,999][rfdiffusion.inference.model_runners][INFO] - Timestep 49, input to next step: ------------------------------GGGGGGGGGGGGGGGGGGGGGGGGGGGGGGGG-------------------------
[2026-04-24 08:33:07,590][rfdiffusion.inference.utils][INFO] - Sampled motif RMSD: 0.22
[2026-04-24 08:33:07,707][rfdiffusion.inference.model_runners][INFO] - Timestep 48, input to next step: ------------------------------GGGGGGGGGGGGGGGGGGGGGGGGGGGGGGGG-------------------------
[2026-04-24 08:33:09,600][rfdiffusion.inference.utils][INFO] - Sampled motif RMSD: 0.22
[2026-04-24 08:33:09,642][rfdiffusion.inference.model_runners][INFO] - Timestep 47, input to next step: ------------------------------GGGGGGGGGGGGGGGGGGGGGGGGGGGGGGGG-------------------------
[2026-04-24 08:33:11,256][rfdiffusion.inference.utils][INFO] - Sampled motif RMSD: 0.22
[2026-04-24 08:33:11,325][rfdiffusion.inference.model_runners][INFO] - Timestep 46, input to next step: ------------------------------GGGGGGGGGGGGGGGGGGGGGGGGGGGGGGGG-------------------------
[2026-04-24 08:33:13,635][rfdiffusion.inference.utils][INFO] - Sampled motif RMSD: 0.23
[2026-04-24 08:33:13,814][rfdiffusion.inference.model_runners][INFO] - Timestep 45, input to next step: ------------------------------GGGGGGGGGGGGGGGGGGGGGGGGGGGGGGGG-------------------------
[2026-04-24 08:33:16,655][rfdiffusion.inference.utils][INFO] - Sampled motif RMSD: 0.25
[2026-04-24 08:33:16,707][rfdiffusion.inference.model_runners][INFO] - Timestep 44, input to next step: ------------------------------GGGGGGGGGGGGGGGGGGGGGGGGGGGGGGGG-------------------------
[2026-04-24 08:33:19,609][rfdiffusion.inference.utils][INFO] - Sampled motif RMSD: 0.25
[2026-04-24 08:33:19,760][rfdiffusion.inference.model_runners][INFO] - Timestep 43, input to next step: ------------------------------GGGGGGGGGGGGGGGGGGGGGGGGGGGGGGGG-------------------------
[2026-04-24 08:33:21,764][rfdiffusion.inference.utils][INFO] - Sampled motif RMSD: 0.25
[2026-04-24 08:33:21,889][rfdiffusion.inference.model_runners][INFO] - Timestep 42, input to next step: ------------------------------GGGGGGGGGGGGGGGGGGGGGGGGGGGGGGGG-------------------------
[2026-04-24 08:33:23,564][rfdiffusion.inference.utils][INFO] - Sampled motif RMSD: 0.26
[2026-04-24 08:33:23,735][rfdiffusion.inference.model_runners][INFO] - Timestep 41, input to next step: ------------------------------GGGGGGGGGGGGGGGGGGGGGGGGGGGGGGGG-------------------------
[2026-04-24 08:33:25,596][rfdiffusion.inference.utils][INFO] - Sampled motif RMSD: 0.27
[2026-04-24 08:33:25,691][rfdiffusion.inference.model_runners][INFO] - Timestep 40, input to next step: ------------------------------GGGGGGGGGGGGGGGGGGGGGGGGGGGGGGGG-------------------------
[2026-04-24 08:33:26,971][rfdiffusion.inference.utils][INFO] - Sampled motif RMSD: 0.27
[2026-04-24 08:33:27,100][rfdiffusion.inference.model_runners][INFO] - Timestep 39, input to next step: ------------------------------GGGGGGGGGGGGGGGGGGGGGGGGGGGGGGGG-------------------------
[2026-04-24 08:33:28,445][rfdiffusion.inference.utils][INFO] - Sampled motif RMSD: 0.26
[2026-04-24 08:33:28,539][rfdiffusion.inference.model_runners][INFO] - Timestep 38, input to next step: ------------------------------GGGGGGGGGGGGGGGGGGGGGGGGGGGGGGGG-------------------------
[2026-04-24 08:33:29,748][rfdiffusion.inference.utils][INFO] - Sampled motif RMSD: 0.26
[2026-04-24 08:33:29,846][rfdiffusion.inference.model_runners][INFO] - Timestep 37, input to next step: ------------------------------GGGGGGGGGGGGGGGGGGGGGGGGGGGGGGGG-------------------------
[2026-04-24 08:33:31,310][rfdiffusion.inference.utils][INFO] - Sampled motif RMSD: 0.24
[2026-04-24 08:33:31,487][rfdiffusion.inference.model_runners][INFO] - Timestep 36, input to next step: ------------------------------GGGGGGGGGGGGGGGGGGGGGGGGGGGGGGGG-------------------------
[2026-04-24 08:33:33,540][rfdiffusion.inference.utils][INFO] - Sampled motif RMSD: 0.24
[2026-04-24 08:33:33,711][rfdiffusion.inference.model_runners][INFO] - Timestep 35, input to next step: ------------------------------GGGGGGGGGGGGGGGGGGGGGGGGGGGGGGGG-------------------------
[2026-04-24 08:33:35,664][rfdiffusion.inference.utils][INFO] - Sampled motif RMSD: 0.24
[2026-04-24 08:33:35,761][rfdiffusion.inference.model_runners][INFO] - Timestep 34, input to next step: ------------------------------GGGGGGGGGGGGGGGGGGGGGGGGGGGGGGGG-------------------------
[2026-04-24 08:33:37,722][rfdiffusion.inference.utils][INFO] - Sampled motif RMSD: 0.23
[2026-04-24 08:33:37,788][rfdiffusion.inference.model_runners][INFO] - Timestep 33, input to next step: ------------------------------GGGGGGGGGGGGGGGGGGGGGGGGGGGGGGGG-------------------------
[2026-04-24 08:33:40,078][rfdiffusion.inference.utils][INFO] - Sampled motif RMSD: 0.23
[2026-04-24 08:33:40,170][rfdiffusion.inference.model_runners][INFO] - Timestep 32, input to next step: ------------------------------GGGGGGGGGGGGGGGGGGGGGGGGGGGGGGGG-------------------------
[2026-04-24 08:33:42,430][rfdiffusion.inference.utils][INFO] - Sampled motif RMSD: 0.25
[2026-04-24 08:33:42,489][rfdiffusion.inference.model_runners][INFO] - Timestep 31, input to next step: ------------------------------GGGGGGGGGGGGGGGGGGGGGGGGGGGGGGGG-------------------------
[2026-04-24 08:33:44,057][rfdiffusion.inference.utils][INFO] - Sampled motif RMSD: 0.25
[2026-04-24 08:33:44,208][rfdiffusion.inference.model_runners][INFO] - Timestep 30, input to next step: ------------------------------GGGGGGGGGGGGGGGGGGGGGGGGGGGGGGGG-------------------------
[2026-04-24 08:33:45,924][rfdiffusion.inference.utils][INFO] - Sampled motif RMSD: 0.24
[2026-04-24 08:33:46,112][rfdiffusion.inference.model_runners][INFO] - Timestep 29, input to next step: ------------------------------GGGGGGGGGGGGGGGGGGGGGGGGGGGGGGGG-------------------------
[2026-04-24 08:33:47,990][rfdiffusion.inference.utils][INFO] - Sampled motif RMSD: 0.23
[2026-04-24 08:33:48,076][rfdiffusion.inference.model_runners][INFO] - Timestep 28, input to next step: ------------------------------GGGGGGGGGGGGGGGGGGGGGGGGGGGGGGGG-------------------------
[2026-04-24 08:33:50,105][rfdiffusion.inference.utils][INFO] - Sampled motif RMSD: 0.22
[2026-04-24 08:33:50,198][rfdiffusion.inference.model_runners][INFO] - Timestep 27, input to next step: ------------------------------GGGGGGGGGGGGGGGGGGGGGGGGGGGGGGGG-------------------------
[2026-04-24 08:33:52,076][rfdiffusion.inference.utils][INFO] - Sampled motif RMSD: 0.22
[2026-04-24 08:33:52,391][rfdiffusion.inference.model_runners][INFO] - Timestep 26, input to next step: ------------------------------GGGGGGGGGGGGGGGGGGGGGGGGGGGGGGGG-------------------------
[2026-04-24 08:33:54,294][rfdiffusion.inference.utils][INFO] - Sampled motif RMSD: 0.22
[2026-04-24 08:33:54,413][rfdiffusion.inference.model_runners][INFO] - Timestep 25, input to next step: ------------------------------GGGGGGGGGGGGGGGGGGGGGGGGGGGGGGGG-------------------------
[2026-04-24 08:33:56,808][rfdiffusion.inference.utils][INFO] - Sampled motif RMSD: 0.22
[2026-04-24 08:33:57,080][rfdiffusion.inference.model_runners][INFO] - Timestep 24, input to next step: ------------------------------GGGGGGGGGGGGGGGGGGGGGGGGGGGGGGGG-------------------------
[2026-04-24 08:33:59,145][rfdiffusion.inference.utils][INFO] - Sampled motif RMSD: 0.21
[2026-04-24 08:33:59,304][rfdiffusion.inference.model_runners][INFO] - Timestep 23, input to next step: ------------------------------GGGGGGGGGGGGGGGGGGGGGGGGGGGGGGGG-------------------------
[2026-04-24 08:34:01,539][rfdiffusion.inference.utils][INFO] - Sampled motif RMSD: 0.21
[2026-04-24 08:34:01,612][rfdiffusion.inference.model_runners][INFO] - Timestep 22, input to next step: ------------------------------GGGGGGGGGGGGGGGGGGGGGGGGGGGGGGGG-------------------------
[2026-04-24 08:34:03,854][rfdiffusion.inference.utils][INFO] - Sampled motif RMSD: 0.21
[2026-04-24 08:34:04,033][rfdiffusion.inference.model_runners][INFO] - Timestep 21, input to next step: ------------------------------GGGGGGGGGGGGGGGGGGGGGGGGGGGGGGGG-------------------------
[2026-04-24 08:34:06,329][rfdiffusion.inference.utils][INFO] - Sampled motif RMSD: 0.21
[2026-04-24 08:34:06,434][rfdiffusion.inference.model_runners][INFO] - Timestep 20, input to next step: ------------------------------GGGGGGGGGGGGGGGGGGGGGGGGGGGGGGGG-------------------------
[2026-04-24 08:34:09,035][rfdiffusion.inference.utils][INFO] - Sampled motif RMSD: 0.21
[2026-04-24 08:34:09,282][rfdiffusion.inference.model_runners][INFO] - Timestep 19, input to next step: ------------------------------GGGGGGGGGGGGGGGGGGGGGGGGGGGGGGGG-------------------------
[2026-04-24 08:34:11,163][rfdiffusion.inference.utils][INFO] - Sampled motif RMSD: 0.22
[2026-04-24 08:34:11,474][rfdiffusion.inference.model_runners][INFO] - Timestep 18, input to next step: ------------------------------GGGGGGGGGGGGGGGGGGGGGGGGGGGGGGGG-------------------------
[2026-04-24 08:34:13,255][rfdiffusion.inference.utils][INFO] - Sampled motif RMSD: 0.22
[2026-04-24 08:34:13,386][rfdiffusion.inference.model_runners][INFO] - Timestep 17, input to next step: ------------------------------GGGGGGGGGGGGGGGGGGGGGGGGGGGGGGGG-------------------------
[2026-04-24 08:34:15,955][rfdiffusion.inference.utils][INFO] - Sampled motif RMSD: 0.22
[2026-04-24 08:34:16,032][rfdiffusion.inference.model_runners][INFO] - Timestep 16, input to next step: ------------------------------GGGGGGGGGGGGGGGGGGGGGGGGGGGGGGGG-------------------------
[2026-04-24 08:34:18,440][rfdiffusion.inference.utils][INFO] - Sampled motif RMSD: 0.21
[2026-04-24 08:34:18,680][rfdiffusion.inference.model_runners][INFO] - Timestep 15, input to next step: ------------------------------GGGGGGGGGGGGGGGGGGGGGGGGGGGGGGGG-------------------------
[2026-04-24 08:34:21,030][rfdiffusion.inference.utils][INFO] - Sampled motif RMSD: 0.22
[2026-04-24 08:34:21,165][rfdiffusion.inference.model_runners][INFO] - Timestep 14, input to next step: ------------------------------GGGGGGGGGGGGGGGGGGGGGGGGGGGGGGGG-------------------------
[2026-04-24 08:34:23,385][rfdiffusion.inference.utils][INFO] - Sampled motif RMSD: 0.22
[2026-04-24 08:34:23,664][rfdiffusion.inference.model_runners][INFO] - Timestep 13, input to next step: ------------------------------GGGGGGGGGGGGGGGGGGGGGGGGGGGGGGGG-------------------------
[2026-04-24 08:34:26,202][rfdiffusion.inference.utils][INFO] - Sampled motif RMSD: 0.21
[2026-04-24 08:34:26,244][rfdiffusion.inference.model_runners][INFO] - Timestep 12, input to next step: ------------------------------GGGGGGGGGGGGGGGGGGGGGGGGGGGGGGGG-------------------------
[2026-04-24 08:34:28,793][rfdiffusion.inference.utils][INFO] - Sampled motif RMSD: 0.21
[2026-04-24 08:34:28,906][rfdiffusion.inference.model_runners][INFO] - Timestep 11, input to next step: ------------------------------GGGGGGGGGGGGGGGGGGGGGGGGGGGGGGGG-------------------------
[2026-04-24 08:34:32,081][rfdiffusion.inference.utils][INFO] - Sampled motif RMSD: 0.22
[2026-04-24 08:34:32,215][rfdiffusion.inference.model_runners][INFO] - Timestep 10, input to next step: ------------------------------GGGGGGGGGGGGGGGGGGGGGGGGGGGGGGGG-------------------------
[2026-04-24 08:34:34,561][rfdiffusion.inference.utils][INFO] - Sampled motif RMSD: 0.21
[2026-04-24 08:34:34,699][rfdiffusion.inference.model_runners][INFO] - Timestep 9, input to next step: ------------------------------GGGGGGGGGGGGGGGGGGGGGGGGGGGGGGGG-------------------------
[2026-04-24 08:34:37,529][rfdiffusion.inference.utils][INFO] - Sampled motif RMSD: 0.22
[2026-04-24 08:34:37,669][rfdiffusion.inference.model_runners][INFO] - Timestep 8, input to next step: ------------------------------GGGGGGGGGGGGGGGGGGGGGGGGGGGGGGGG-------------------------
[2026-04-24 08:34:39,671][rfdiffusion.inference.utils][INFO] - Sampled motif RMSD: 0.22
[2026-04-24 08:34:39,985][rfdiffusion.inference.model_runners][INFO] - Timestep 7, input to next step: ------------------------------GGGGGGGGGGGGGGGGGGGGGGGGGGGGGGGG-------------------------
[2026-04-24 08:34:43,382][rfdiffusion.inference.utils][INFO] - Sampled motif RMSD: 0.21
[2026-04-24 08:34:43,641][rfdiffusion.inference.model_runners][INFO] - Timestep 6, input to next step: ------------------------------GGGGGGGGGGGGGGGGGGGGGGGGGGGGGGGG-------------------------
[2026-04-24 08:34:45,964][rfdiffusion.inference.utils][INFO] - Sampled motif RMSD: 0.21
[2026-04-24 08:34:46,121][rfdiffusion.inference.model_runners][INFO] - Timestep 5, input to next step: ------------------------------GGGGGGGGGGGGGGGGGGGGGGGGGGGGGGGG-------------------------
[2026-04-24 08:34:49,054][rfdiffusion.inference.utils][INFO] - Sampled motif RMSD: 0.20
[2026-04-24 08:34:49,268][rfdiffusion.inference.model_runners][INFO] - Timestep 4, input to next step: ------------------------------GGGGGGGGGGGGGGGGGGGGGGGGGGGGGGGG-------------------------
[2026-04-24 08:34:52,204][rfdiffusion.inference.utils][INFO] - Sampled motif RMSD: 0.21
[2026-04-24 08:34:52,406][rfdiffusion.inference.model_runners][INFO] - Timestep 3, input to next step: ------------------------------GGGGGGGGGGGGGGGGGGGGGGGGGGGGGGGG-------------------------
[2026-04-24 08:34:55,003][rfdiffusion.inference.utils][INFO] - Sampled motif RMSD: 0.22
[2026-04-24 08:34:55,121][rfdiffusion.inference.model_runners][INFO] - Timestep 2, input to next step: ------------------------------GGGGGGGGGGGGGGGGGGGGGGGGGGGGGGGG-------------------------
[2026-04-24 08:34:59,886][__main__][INFO] - Finished design in 1.99 minutes
[2026-04-24 08:34:59,888][__main__][INFO] - Making design /lambda/nfs/manvi/Team_8_CS598GBL/outputs/custom90_128_motif_scaffolding/fast_T20/len_102/mid/scaffold_1
[2026-04-24 08:34:59,901][rfdiffusion.inference.model_runners][INFO] - Using contig: ['20-34/A35-66/20-34']
With this beta schedule (linear schedule, beta_0 = 0.04, beta_T = 0.28), alpha_bar_T = 0.00013696048699785024
[2026-04-24 08:35:00,173][rfdiffusion.inference.model_runners][INFO] - Sequence init: ---------------------GGGGGGGGGGGGGGGGGGGGGGGGGGGGGGGG--------------------------
[2026-04-24 08:35:02,561][rfdiffusion.inference.utils][INFO] - Sampled motif RMSD: 0.28
[2026-04-24 08:35:02,803][rfdiffusion.inference.model_runners][INFO] - Timestep 50, input to next step: ---------------------GGGGGGGGGGGGGGGGGGGGGGGGGGGGGGGG--------------------------
[2026-04-24 08:35:05,778][rfdiffusion.inference.utils][INFO] - Sampled motif RMSD: 0.26
[2026-04-24 08:35:06,039][rfdiffusion.inference.model_runners][INFO] - Timestep 49, input to next step: ---------------------GGGGGGGGGGGGGGGGGGGGGGGGGGGGGGGG--------------------------
[2026-04-24 08:35:08,301][rfdiffusion.inference.utils][INFO] - Sampled motif RMSD: 0.23
[2026-04-24 08:35:08,477][rfdiffusion.inference.model_runners][INFO] - Timestep 48, input to next step: ---------------------GGGGGGGGGGGGGGGGGGGGGGGGGGGGGGGG--------------------------
[2026-04-24 08:35:11,096][rfdiffusion.inference.utils][INFO] - Sampled motif RMSD: 0.25
[2026-04-24 08:35:11,196][rfdiffusion.inference.model_runners][INFO] - Timestep 47, input to next step: ---------------------GGGGGGGGGGGGGGGGGGGGGGGGGGGGGGGG--------------------------
[2026-04-24 08:35:13,737][rfdiffusion.inference.utils][INFO] - Sampled motif RMSD: 0.25
[2026-04-24 08:35:13,799][rfdiffusion.inference.model_runners][INFO] - Timestep 46, input to next step: ---------------------GGGGGGGGGGGGGGGGGGGGGGGGGGGGGGGG--------------------------
[2026-04-24 08:35:16,315][rfdiffusion.inference.utils][INFO] - Sampled motif RMSD: 0.24
[2026-04-24 08:35:16,412][rfdiffusion.inference.model_runners][INFO] - Timestep 45, input to next step: ---------------------GGGGGGGGGGGGGGGGGGGGGGGGGGGGGGGG--------------------------
[2026-04-24 08:35:19,513][rfdiffusion.inference.utils][INFO] - Sampled motif RMSD: 0.24
[2026-04-24 08:35:19,668][rfdiffusion.inference.model_runners][INFO] - Timestep 44, input to next step: ---------------------GGGGGGGGGGGGGGGGGGGGGGGGGGGGGGGG--------------------------
[2026-04-24 08:35:21,895][rfdiffusion.inference.utils][INFO] - Sampled motif RMSD: 0.23
[2026-04-24 08:35:22,059][rfdiffusion.inference.model_runners][INFO] - Timestep 43, input to next step: ---------------------GGGGGGGGGGGGGGGGGGGGGGGGGGGGGGGG--------------------------
[2026-04-24 08:35:24,696][rfdiffusion.inference.utils][INFO] - Sampled motif RMSD: 0.23
[2026-04-24 08:35:24,955][rfdiffusion.inference.model_runners][INFO] - Timestep 42, input to next step: ---------------------GGGGGGGGGGGGGGGGGGGGGGGGGGGGGGGG--------------------------
[2026-04-24 08:35:27,476][rfdiffusion.inference.utils][INFO] - Sampled motif RMSD: 0.22
[2026-04-24 08:35:27,715][rfdiffusion.inference.model_runners][INFO] - Timestep 41, input to next step: ---------------------GGGGGGGGGGGGGGGGGGGGGGGGGGGGGGGG--------------------------
[2026-04-24 08:35:30,573][rfdiffusion.inference.utils][INFO] - Sampled motif RMSD: 0.21
[2026-04-24 08:35:30,946][rfdiffusion.inference.model_runners][INFO] - Timestep 40, input to next step: ---------------------GGGGGGGGGGGGGGGGGGGGGGGGGGGGGGGG--------------------------
[2026-04-24 08:35:33,633][rfdiffusion.inference.utils][INFO] - Sampled motif RMSD: 0.20
[2026-04-24 08:35:33,789][rfdiffusion.inference.model_runners][INFO] - Timestep 39, input to next step: ---------------------GGGGGGGGGGGGGGGGGGGGGGGGGGGGGGGG--------------------------
[2026-04-24 08:35:36,243][rfdiffusion.inference.utils][INFO] - Sampled motif RMSD: 0.20
[2026-04-24 08:35:36,409][rfdiffusion.inference.model_runners][INFO] - Timestep 38, input to next step: ---------------------GGGGGGGGGGGGGGGGGGGGGGGGGGGGGGGG--------------------------
[2026-04-24 08:35:38,842][rfdiffusion.inference.utils][INFO] - Sampled motif RMSD: 0.20
[2026-04-24 08:35:38,975][rfdiffusion.inference.model_runners][INFO] - Timestep 37, input to next step: ---------------------GGGGGGGGGGGGGGGGGGGGGGGGGGGGGGGG--------------------------
[2026-04-24 08:35:41,538][rfdiffusion.inference.utils][INFO] - Sampled motif RMSD: 0.23
[2026-04-24 08:35:41,861][rfdiffusion.inference.model_runners][INFO] - Timestep 36, input to next step: ---------------------GGGGGGGGGGGGGGGGGGGGGGGGGGGGGGGG--------------------------
[2026-04-24 08:35:44,969][rfdiffusion.inference.utils][INFO] - Sampled motif RMSD: 0.22
[2026-04-24 08:35:45,154][rfdiffusion.inference.model_runners][INFO] - Timestep 35, input to next step: ---------------------GGGGGGGGGGGGGGGGGGGGGGGGGGGGGGGG--------------------------
[2026-04-24 08:35:47,373][rfdiffusion.inference.utils][INFO] - Sampled motif RMSD: 0.24
[2026-04-24 08:35:47,567][rfdiffusion.inference.model_runners][INFO] - Timestep 34, input to next step: ---------------------GGGGGGGGGGGGGGGGGGGGGGGGGGGGGGGG--------------------------
[2026-04-24 08:35:50,126][rfdiffusion.inference.utils][INFO] - Sampled motif RMSD: 0.26
[2026-04-24 08:35:50,333][rfdiffusion.inference.model_runners][INFO] - Timestep 33, input to next step: ---------------------GGGGGGGGGGGGGGGGGGGGGGGGGGGGGGGG--------------------------
[2026-04-24 08:35:52,503][rfdiffusion.inference.utils][INFO] - Sampled motif RMSD: 0.25
[2026-04-24 08:35:52,589][rfdiffusion.inference.model_runners][INFO] - Timestep 32, input to next step: ---------------------GGGGGGGGGGGGGGGGGGGGGGGGGGGGGGGG--------------------------
[2026-04-24 08:35:55,431][rfdiffusion.inference.utils][INFO] - Sampled motif RMSD: 0.25
[2026-04-24 08:35:55,599][rfdiffusion.inference.model_runners][INFO] - Timestep 31, input to next step: ---------------------GGGGGGGGGGGGGGGGGGGGGGGGGGGGGGGG--------------------------
[2026-04-24 08:35:58,741][rfdiffusion.inference.utils][INFO] - Sampled motif RMSD: 0.23
[2026-04-24 08:35:59,008][rfdiffusion.inference.model_runners][INFO] - Timestep 30, input to next step: ---------------------GGGGGGGGGGGGGGGGGGGGGGGGGGGGGGGG--------------------------
[2026-04-24 08:36:01,331][rfdiffusion.inference.utils][INFO] - Sampled motif RMSD: 0.23
[2026-04-24 08:36:01,500][rfdiffusion.inference.model_runners][INFO] - Timestep 29, input to next step: ---------------------GGGGGGGGGGGGGGGGGGGGGGGGGGGGGGGG--------------------------
[2026-04-24 08:36:03,805][rfdiffusion.inference.utils][INFO] - Sampled motif RMSD: 0.25
[2026-04-24 08:36:03,969][rfdiffusion.inference.model_runners][INFO] - Timestep 28, input to next step: ---------------------GGGGGGGGGGGGGGGGGGGGGGGGGGGGGGGG--------------------------
[2026-04-24 08:36:06,272][rfdiffusion.inference.utils][INFO] - Sampled motif RMSD: 0.25
[2026-04-24 08:36:06,534][rfdiffusion.inference.model_runners][INFO] - Timestep 27, input to next step: ---------------------GGGGGGGGGGGGGGGGGGGGGGGGGGGGGGGG--------------------------
[2026-04-24 08:36:09,116][rfdiffusion.inference.utils][INFO] - Sampled motif RMSD: 0.25
[2026-04-24 08:36:09,418][rfdiffusion.inference.model_runners][INFO] - Timestep 26, input to next step: ---------------------GGGGGGGGGGGGGGGGGGGGGGGGGGGGGGGG--------------------------
[2026-04-24 08:36:11,883][rfdiffusion.inference.utils][INFO] - Sampled motif RMSD: 0.24
[2026-04-24 08:36:12,060][rfdiffusion.inference.model_runners][INFO] - Timestep 25, input to next step: ---------------------GGGGGGGGGGGGGGGGGGGGGGGGGGGGGGGG--------------------------
[2026-04-24 08:36:13,958][rfdiffusion.inference.utils][INFO] - Sampled motif RMSD: 0.25
[2026-04-24 08:36:14,197][rfdiffusion.inference.model_runners][INFO] - Timestep 24, input to next step: ---------------------GGGGGGGGGGGGGGGGGGGGGGGGGGGGGGGG--------------------------
[2026-04-24 08:36:16,343][rfdiffusion.inference.utils][INFO] - Sampled motif RMSD: 0.25
[2026-04-24 08:36:16,508][rfdiffusion.inference.model_runners][INFO] - Timestep 23, input to next step: ---------------------GGGGGGGGGGGGGGGGGGGGGGGGGGGGGGGG--------------------------
[2026-04-24 08:36:18,766][rfdiffusion.inference.utils][INFO] - Sampled motif RMSD: 0.25
[2026-04-24 08:36:18,853][rfdiffusion.inference.model_runners][INFO] - Timestep 22, input to next step: ---------------------GGGGGGGGGGGGGGGGGGGGGGGGGGGGGGGG--------------------------
[2026-04-24 08:36:21,020][rfdiffusion.inference.utils][INFO] - Sampled motif RMSD: 0.24
[2026-04-24 08:36:21,099][rfdiffusion.inference.model_runners][INFO] - Timestep 21, input to next step: ---------------------GGGGGGGGGGGGGGGGGGGGGGGGGGGGGGGG--------------------------
[2026-04-24 08:36:23,360][rfdiffusion.inference.utils][INFO] - Sampled motif RMSD: 0.24
[2026-04-24 08:36:23,450][rfdiffusion.inference.model_runners][INFO] - Timestep 20, input to next step: ---------------------GGGGGGGGGGGGGGGGGGGGGGGGGGGGGGGG--------------------------
[2026-04-24 08:36:25,611][rfdiffusion.inference.utils][INFO] - Sampled motif RMSD: 0.26
[2026-04-24 08:36:25,696][rfdiffusion.inference.model_runners][INFO] - Timestep 19, input to next step: ---------------------GGGGGGGGGGGGGGGGGGGGGGGGGGGGGGGG--------------------------
[2026-04-24 08:36:27,491][rfdiffusion.inference.utils][INFO] - Sampled motif RMSD: 0.27
[2026-04-24 08:36:27,627][rfdiffusion.inference.model_runners][INFO] - Timestep 18, input to next step: ---------------------GGGGGGGGGGGGGGGGGGGGGGGGGGGGGGGG--------------------------
[2026-04-24 08:36:29,787][rfdiffusion.inference.utils][INFO] - Sampled motif RMSD: 0.26
[2026-04-24 08:36:29,917][rfdiffusion.inference.model_runners][INFO] - Timestep 17, input to next step: ---------------------GGGGGGGGGGGGGGGGGGGGGGGGGGGGGGGG--------------------------
[2026-04-24 08:36:31,604][rfdiffusion.inference.utils][INFO] - Sampled motif RMSD: 0.26
[2026-04-24 08:36:31,794][rfdiffusion.inference.model_runners][INFO] - Timestep 16, input to next step: ---------------------GGGGGGGGGGGGGGGGGGGGGGGGGGGGGGGG--------------------------
[2026-04-24 08:36:34,180][rfdiffusion.inference.utils][INFO] - Sampled motif RMSD: 0.26
[2026-04-24 08:36:34,251][rfdiffusion.inference.model_runners][INFO] - Timestep 15, input to next step: ---------------------GGGGGGGGGGGGGGGGGGGGGGGGGGGGGGGG--------------------------
[2026-04-24 08:36:36,641][rfdiffusion.inference.utils][INFO] - Sampled motif RMSD: 0.26
[2026-04-24 08:36:36,796][rfdiffusion.inference.model_runners][INFO] - Timestep 14, input to next step: ---------------------GGGGGGGGGGGGGGGGGGGGGGGGGGGGGGGG--------------------------
[2026-04-24 08:36:39,519][rfdiffusion.inference.utils][INFO] - Sampled motif RMSD: 0.27
[2026-04-24 08:36:39,877][rfdiffusion.inference.model_runners][INFO] - Timestep 13, input to next step: ---------------------GGGGGGGGGGGGGGGGGGGGGGGGGGGGGGGG--------------------------
[2026-04-24 08:36:42,250][rfdiffusion.inference.utils][INFO] - Sampled motif RMSD: 0.26
[2026-04-24 08:36:42,429][rfdiffusion.inference.model_runners][INFO] - Timestep 12, input to next step: ---------------------GGGGGGGGGGGGGGGGGGGGGGGGGGGGGGGG--------------------------
[2026-04-24 08:36:45,008][rfdiffusion.inference.utils][INFO] - Sampled motif RMSD: 0.26
[2026-04-24 08:36:45,218][rfdiffusion.inference.model_runners][INFO] - Timestep 11, input to next step: ---------------------GGGGGGGGGGGGGGGGGGGGGGGGGGGGGGGG--------------------------
[2026-04-24 08:36:47,930][rfdiffusion.inference.utils][INFO] - Sampled motif RMSD: 0.26
[2026-04-24 08:36:48,043][rfdiffusion.inference.model_runners][INFO] - Timestep 10, input to next step: ---------------------GGGGGGGGGGGGGGGGGGGGGGGGGGGGGGGG--------------------------
[2026-04-24 08:36:50,358][rfdiffusion.inference.utils][INFO] - Sampled motif RMSD: 0.26
[2026-04-24 08:36:50,422][rfdiffusion.inference.model_runners][INFO] - Timestep 9, input to next step: ---------------------GGGGGGGGGGGGGGGGGGGGGGGGGGGGGGGG--------------------------
[2026-04-24 08:36:53,116][rfdiffusion.inference.utils][INFO] - Sampled motif RMSD: 0.25
[2026-04-24 08:36:53,308][rfdiffusion.inference.model_runners][INFO] - Timestep 8, input to next step: ---------------------GGGGGGGGGGGGGGGGGGGGGGGGGGGGGGGG--------------------------
[2026-04-24 08:36:55,605][rfdiffusion.inference.utils][INFO] - Sampled motif RMSD: 0.25
[2026-04-24 08:36:55,696][rfdiffusion.inference.model_runners][INFO] - Timestep 7, input to next step: ---------------------GGGGGGGGGGGGGGGGGGGGGGGGGGGGGGGG--------------------------
[2026-04-24 08:36:57,799][rfdiffusion.inference.utils][INFO] - Sampled motif RMSD: 0.25
[2026-04-24 08:36:57,844][rfdiffusion.inference.model_runners][INFO] - Timestep 6, input to next step: ---------------------GGGGGGGGGGGGGGGGGGGGGGGGGGGGGGGG--------------------------
[2026-04-24 08:37:00,042][rfdiffusion.inference.utils][INFO] - Sampled motif RMSD: 0.25
[2026-04-24 08:37:00,077][rfdiffusion.inference.model_runners][INFO] - Timestep 5, input to next step: ---------------------GGGGGGGGGGGGGGGGGGGGGGGGGGGGGGGG--------------------------
[2026-04-24 08:37:02,305][rfdiffusion.inference.utils][INFO] - Sampled motif RMSD: 0.26
[2026-04-24 08:37:02,492][rfdiffusion.inference.model_runners][INFO] - Timestep 4, input to next step: ---------------------GGGGGGGGGGGGGGGGGGGGGGGGGGGGGGGG--------------------------
[2026-04-24 08:37:04,620][rfdiffusion.inference.utils][INFO] - Sampled motif RMSD: 0.27
[2026-04-24 08:37:04,717][rfdiffusion.inference.model_runners][INFO] - Timestep 3, input to next step: ---------------------GGGGGGGGGGGGGGGGGGGGGGGGGGGGGGGG--------------------------
[2026-04-24 08:37:06,936][rfdiffusion.inference.utils][INFO] - Sampled motif RMSD: 0.26
[2026-04-24 08:37:07,129][rfdiffusion.inference.model_runners][INFO] - Timestep 2, input to next step: ---------------------GGGGGGGGGGGGGGGGGGGGGGGGGGGGGGGG--------------------------
[2026-04-24 08:37:09,825][__main__][INFO] - Finished design in 2.17 minutes
