[2026-04-24 10:47:03,919][__main__][INFO] - Found GPU with device_name NVIDIA A100-SXM4-80GB. Will run RFdiffusion on NVIDIA A100-SXM4-80GB
Reading models from /lambda/nfs/manvi/Team_8_CS598GBL/RFdiffusion/rfdiffusion/inference/../../models
[2026-04-24 10:47:03,920][rfdiffusion.inference.model_runners][INFO] - Reading checkpoint from /lambda/nfs/manvi/Team_8_CS598GBL/RFdiffusion/rfdiffusion/inference/../../models/Base_ckpt.pt
This is inf_conf.ckpt_path
/lambda/nfs/manvi/Team_8_CS598GBL/RFdiffusion/rfdiffusion/inference/../../models/Base_ckpt.pt
Assembling -model, -diffuser and -preprocess configs from checkpoint
USING MODEL CONFIG: self._conf[model][n_extra_block] = 4
USING MODEL CONFIG: self._conf[model][n_main_block] = 32
USING MODEL CONFIG: self._conf[model][n_ref_block] = 4
USING MODEL CONFIG: self._conf[model][d_msa] = 256
USING MODEL CONFIG: self._conf[model][d_msa_full] = 64
USING MODEL CONFIG: self._conf[model][d_pair] = 128
USING MODEL CONFIG: self._conf[model][d_templ] = 64
USING MODEL CONFIG: self._conf[model][n_head_msa] = 8
USING MODEL CONFIG: self._conf[model][n_head_pair] = 4
USING MODEL CONFIG: self._conf[model][n_head_templ] = 4
USING MODEL CONFIG: self._conf[model][d_hidden] = 32
USING MODEL CONFIG: self._conf[model][d_hidden_templ] = 32
USING MODEL CONFIG: self._conf[model][p_drop] = 0.15
USING MODEL CONFIG: self._conf[model][SE3_param_full] = {'num_layers': 1, 'num_channels': 32, 'num_degrees': 2, 'n_heads': 4, 'div': 4, 'l0_in_features': 8, 'l0_out_features': 8, 'l1_in_features': 3, 'l1_out_features': 2, 'num_edge_features': 32}
USING MODEL CONFIG: self._conf[model][SE3_param_topk] = {'num_layers': 1, 'num_channels': 32, 'num_degrees': 2, 'n_heads': 4, 'div': 4, 'l0_in_features': 64, 'l0_out_features': 64, 'l1_in_features': 3, 'l1_out_features': 2, 'num_edge_features': 64}
USING MODEL CONFIG: self._conf[model][freeze_track_motif] = False
USING MODEL CONFIG: self._conf[model][use_motif_timestep] = True
USING MODEL CONFIG: self._conf[diffuser][T] = 50
USING MODEL CONFIG: self._conf[diffuser][b_0] = 0.01
USING MODEL CONFIG: self._conf[diffuser][b_T] = 0.07
USING MODEL CONFIG: self._conf[diffuser][schedule_type] = linear
USING MODEL CONFIG: self._conf[diffuser][so3_type] = igso3
USING MODEL CONFIG: self._conf[diffuser][crd_scale] = 0.25
USING MODEL CONFIG: self._conf[diffuser][so3_schedule_type] = linear
USING MODEL CONFIG: self._conf[diffuser][min_b] = 1.5
USING MODEL CONFIG: self._conf[diffuser][max_b] = 2.5
USING MODEL CONFIG: self._conf[diffuser][min_sigma] = 0.02
USING MODEL CONFIG: self._conf[diffuser][max_sigma] = 1.5
USING MODEL CONFIG: self._conf[preprocess][sidechain_input] = False
USING MODEL CONFIG: self._conf[preprocess][motif_sidechain_input] = True
USING MODEL CONFIG: self._conf[preprocess][d_t1d] = 22
USING MODEL CONFIG: self._conf[preprocess][d_t2d] = 44
USING MODEL CONFIG: self._conf[preprocess][prob_self_cond] = 0.5
USING MODEL CONFIG: self._conf[preprocess][str_self_cond] = True
USING MODEL CONFIG: self._conf[preprocess][predict_previous] = False
[2026-04-24 10:48:06,097][rfdiffusion.inference.model_runners][INFO] - Loading checkpoint.
[2026-04-24 10:48:15,689][rfdiffusion.diffusion][INFO] - Using cached IGSO3.
Successful diffuser __init__
[2026-04-24 10:48:15,746][__main__][INFO] - Making design /lambda/nfs/manvi/Team_8_CS598GBL/outputs/custom90_128_motif_scaffolding/low_noise/len_121/balanced/scaffold_0
[2026-04-24 10:48:15,758][rfdiffusion.inference.model_runners][INFO] - Using contig: ['24-40/A26-54/24-40']
With this beta schedule (linear schedule, beta_0 = 0.04, beta_T = 0.28), alpha_bar_T = 0.00013696048699785024
[2026-04-24 10:48:16,143][rfdiffusion.inference.model_runners][INFO] - Sequence init: -------------------------------------GGGGGGGGGGGGGGGGGGGGGGGGGGGGG----------------------------
[2026-04-24 10:48:22,709][rfdiffusion.inference.utils][INFO] - Sampled motif RMSD: 0.23
[2026-04-24 10:48:22,991][rfdiffusion.inference.model_runners][INFO] - Timestep 50, input to next step: -------------------------------------GGGGGGGGGGGGGGGGGGGGGGGGGGGGG----------------------------
[2026-04-24 10:48:27,203][rfdiffusion.inference.utils][INFO] - Sampled motif RMSD: 0.26
[2026-04-24 10:48:27,526][rfdiffusion.inference.model_runners][INFO] - Timestep 49, input to next step: -------------------------------------GGGGGGGGGGGGGGGGGGGGGGGGGGGGG----------------------------
[2026-04-24 10:48:33,184][rfdiffusion.inference.utils][INFO] - Sampled motif RMSD: 0.35
[2026-04-24 10:48:33,398][rfdiffusion.inference.model_runners][INFO] - Timestep 48, input to next step: -------------------------------------GGGGGGGGGGGGGGGGGGGGGGGGGGGGG----------------------------
[2026-04-24 10:48:38,222][rfdiffusion.inference.utils][INFO] - Sampled motif RMSD: 0.38
[2026-04-24 10:48:38,513][rfdiffusion.inference.model_runners][INFO] - Timestep 47, input to next step: -------------------------------------GGGGGGGGGGGGGGGGGGGGGGGGGGGGG----------------------------
[2026-04-24 10:48:48,143][rfdiffusion.inference.utils][INFO] - Sampled motif RMSD: 0.38
[2026-04-24 10:48:48,746][rfdiffusion.inference.model_runners][INFO] - Timestep 46, input to next step: -------------------------------------GGGGGGGGGGGGGGGGGGGGGGGGGGGGG----------------------------
[2026-04-24 10:48:58,097][rfdiffusion.inference.utils][INFO] - Sampled motif RMSD: 0.38
[2026-04-24 10:48:58,643][rfdiffusion.inference.model_runners][INFO] - Timestep 45, input to next step: -------------------------------------GGGGGGGGGGGGGGGGGGGGGGGGGGGGG----------------------------
[2026-04-24 10:49:09,501][rfdiffusion.inference.utils][INFO] - Sampled motif RMSD: 0.39
[2026-04-24 10:49:10,029][rfdiffusion.inference.model_runners][INFO] - Timestep 44, input to next step: -------------------------------------GGGGGGGGGGGGGGGGGGGGGGGGGGGGG----------------------------
[2026-04-24 10:49:18,732][rfdiffusion.inference.utils][INFO] - Sampled motif RMSD: 0.39
[2026-04-24 10:49:19,314][rfdiffusion.inference.model_runners][INFO] - Timestep 43, input to next step: -------------------------------------GGGGGGGGGGGGGGGGGGGGGGGGGGGGG----------------------------
[2026-04-24 10:49:26,420][rfdiffusion.inference.utils][INFO] - Sampled motif RMSD: 0.38
[2026-04-24 10:49:26,892][rfdiffusion.inference.model_runners][INFO] - Timestep 42, input to next step: -------------------------------------GGGGGGGGGGGGGGGGGGGGGGGGGGGGG----------------------------
[2026-04-24 10:49:32,403][rfdiffusion.inference.utils][INFO] - Sampled motif RMSD: 0.37
[2026-04-24 10:49:32,752][rfdiffusion.inference.model_runners][INFO] - Timestep 41, input to next step: -------------------------------------GGGGGGGGGGGGGGGGGGGGGGGGGGGGG----------------------------
[2026-04-24 10:49:36,948][rfdiffusion.inference.utils][INFO] - Sampled motif RMSD: 0.37
[2026-04-24 10:49:37,365][rfdiffusion.inference.model_runners][INFO] - Timestep 40, input to next step: -------------------------------------GGGGGGGGGGGGGGGGGGGGGGGGGGGGG----------------------------
[2026-04-24 10:49:42,696][rfdiffusion.inference.utils][INFO] - Sampled motif RMSD: 0.35
[2026-04-24 10:49:42,977][rfdiffusion.inference.model_runners][INFO] - Timestep 39, input to next step: -------------------------------------GGGGGGGGGGGGGGGGGGGGGGGGGGGGG----------------------------
[2026-04-24 10:49:45,404][rfdiffusion.inference.utils][INFO] - Sampled motif RMSD: 0.36
[2026-04-24 10:49:45,673][rfdiffusion.inference.model_runners][INFO] - Timestep 38, input to next step: -------------------------------------GGGGGGGGGGGGGGGGGGGGGGGGGGGGG----------------------------
[2026-04-24 10:49:50,448][rfdiffusion.inference.utils][INFO] - Sampled motif RMSD: 0.37
[2026-04-24 10:49:50,662][rfdiffusion.inference.model_runners][INFO] - Timestep 37, input to next step: -------------------------------------GGGGGGGGGGGGGGGGGGGGGGGGGGGGG----------------------------
[2026-04-24 10:49:55,961][rfdiffusion.inference.utils][INFO] - Sampled motif RMSD: 0.38
[2026-04-24 10:49:56,358][rfdiffusion.inference.model_runners][INFO] - Timestep 36, input to next step: -------------------------------------GGGGGGGGGGGGGGGGGGGGGGGGGGGGG----------------------------
[2026-04-24 10:50:03,129][rfdiffusion.inference.utils][INFO] - Sampled motif RMSD: 0.38
[2026-04-24 10:50:03,507][rfdiffusion.inference.model_runners][INFO] - Timestep 35, input to next step: -------------------------------------GGGGGGGGGGGGGGGGGGGGGGGGGGGGG----------------------------
[2026-04-24 10:50:08,613][rfdiffusion.inference.utils][INFO] - Sampled motif RMSD: 0.37
[2026-04-24 10:50:08,958][rfdiffusion.inference.model_runners][INFO] - Timestep 34, input to next step: -------------------------------------GGGGGGGGGGGGGGGGGGGGGGGGGGGGG----------------------------
[2026-04-24 10:50:15,227][rfdiffusion.inference.utils][INFO] - Sampled motif RMSD: 0.38
[2026-04-24 10:50:15,773][rfdiffusion.inference.model_runners][INFO] - Timestep 33, input to next step: -------------------------------------GGGGGGGGGGGGGGGGGGGGGGGGGGGGG----------------------------
[2026-04-24 10:50:21,072][rfdiffusion.inference.utils][INFO] - Sampled motif RMSD: 0.38
[2026-04-24 10:50:21,661][rfdiffusion.inference.model_runners][INFO] - Timestep 32, input to next step: -------------------------------------GGGGGGGGGGGGGGGGGGGGGGGGGGGGG----------------------------
[2026-04-24 10:50:30,004][rfdiffusion.inference.utils][INFO] - Sampled motif RMSD: 0.38
[2026-04-24 10:50:30,507][rfdiffusion.inference.model_runners][INFO] - Timestep 31, input to next step: -------------------------------------GGGGGGGGGGGGGGGGGGGGGGGGGGGGG----------------------------
[2026-04-24 10:50:38,897][rfdiffusion.inference.utils][INFO] - Sampled motif RMSD: 0.37
[2026-04-24 10:50:39,441][rfdiffusion.inference.model_runners][INFO] - Timestep 30, input to next step: -------------------------------------GGGGGGGGGGGGGGGGGGGGGGGGGGGGG----------------------------
[2026-04-24 10:50:44,138][rfdiffusion.inference.utils][INFO] - Sampled motif RMSD: 0.36
[2026-04-24 10:50:44,775][rfdiffusion.inference.model_runners][INFO] - Timestep 29, input to next step: -------------------------------------GGGGGGGGGGGGGGGGGGGGGGGGGGGGG----------------------------
[2026-04-24 10:50:51,061][rfdiffusion.inference.utils][INFO] - Sampled motif RMSD: 0.36
[2026-04-24 10:50:51,689][rfdiffusion.inference.model_runners][INFO] - Timestep 28, input to next step: -------------------------------------GGGGGGGGGGGGGGGGGGGGGGGGGGGGG----------------------------
[2026-04-24 10:50:55,412][rfdiffusion.inference.utils][INFO] - Sampled motif RMSD: 0.37
[2026-04-24 10:50:56,281][rfdiffusion.inference.model_runners][INFO] - Timestep 27, input to next step: -------------------------------------GGGGGGGGGGGGGGGGGGGGGGGGGGGGG----------------------------
[2026-04-24 10:51:02,951][rfdiffusion.inference.utils][INFO] - Sampled motif RMSD: 0.37
[2026-04-24 10:51:03,600][rfdiffusion.inference.model_runners][INFO] - Timestep 26, input to next step: -------------------------------------GGGGGGGGGGGGGGGGGGGGGGGGGGGGG----------------------------
[2026-04-24 10:51:09,363][rfdiffusion.inference.utils][INFO] - Sampled motif RMSD: 0.38
[2026-04-24 10:51:09,662][rfdiffusion.inference.model_runners][INFO] - Timestep 25, input to next step: -------------------------------------GGGGGGGGGGGGGGGGGGGGGGGGGGGGG----------------------------
[2026-04-24 10:51:19,048][rfdiffusion.inference.utils][INFO] - Sampled motif RMSD: 0.37
[2026-04-24 10:51:19,529][rfdiffusion.inference.model_runners][INFO] - Timestep 24, input to next step: -------------------------------------GGGGGGGGGGGGGGGGGGGGGGGGGGGGG----------------------------
[2026-04-24 10:51:27,045][rfdiffusion.inference.utils][INFO] - Sampled motif RMSD: 0.38
[2026-04-24 10:51:27,554][rfdiffusion.inference.model_runners][INFO] - Timestep 23, input to next step: -------------------------------------GGGGGGGGGGGGGGGGGGGGGGGGGGGGG----------------------------
[2026-04-24 10:51:36,318][rfdiffusion.inference.utils][INFO] - Sampled motif RMSD: 0.38
[2026-04-24 10:51:36,678][rfdiffusion.inference.model_runners][INFO] - Timestep 22, input to next step: -------------------------------------GGGGGGGGGGGGGGGGGGGGGGGGGGGGG----------------------------
[2026-04-24 10:51:45,709][rfdiffusion.inference.utils][INFO] - Sampled motif RMSD: 0.38
[2026-04-24 10:51:46,314][rfdiffusion.inference.model_runners][INFO] - Timestep 21, input to next step: -------------------------------------GGGGGGGGGGGGGGGGGGGGGGGGGGGGG----------------------------
[2026-04-24 10:51:54,660][rfdiffusion.inference.utils][INFO] - Sampled motif RMSD: 0.37
[2026-04-24 10:51:55,145][rfdiffusion.inference.model_runners][INFO] - Timestep 20, input to next step: -------------------------------------GGGGGGGGGGGGGGGGGGGGGGGGGGGGG----------------------------
[2026-04-24 10:52:03,629][rfdiffusion.inference.utils][INFO] - Sampled motif RMSD: 0.37
[2026-04-24 10:52:04,025][rfdiffusion.inference.model_runners][INFO] - Timestep 19, input to next step: -------------------------------------GGGGGGGGGGGGGGGGGGGGGGGGGGGGG----------------------------
[2026-04-24 10:52:14,515][rfdiffusion.inference.utils][INFO] - Sampled motif RMSD: 0.38
[2026-04-24 10:52:15,140][rfdiffusion.inference.model_runners][INFO] - Timestep 18, input to next step: -------------------------------------GGGGGGGGGGGGGGGGGGGGGGGGGGGGG----------------------------
[2026-04-24 10:52:23,786][rfdiffusion.inference.utils][INFO] - Sampled motif RMSD: 0.39
[2026-04-24 10:52:24,321][rfdiffusion.inference.model_runners][INFO] - Timestep 17, input to next step: -------------------------------------GGGGGGGGGGGGGGGGGGGGGGGGGGGGG----------------------------
[2026-04-24 10:52:31,792][rfdiffusion.inference.utils][INFO] - Sampled motif RMSD: 0.38
[2026-04-24 10:52:32,236][rfdiffusion.inference.model_runners][INFO] - Timestep 16, input to next step: -------------------------------------GGGGGGGGGGGGGGGGGGGGGGGGGGGGG----------------------------
[2026-04-24 10:52:40,783][rfdiffusion.inference.utils][INFO] - Sampled motif RMSD: 0.39
[2026-04-24 10:52:41,191][rfdiffusion.inference.model_runners][INFO] - Timestep 15, input to next step: -------------------------------------GGGGGGGGGGGGGGGGGGGGGGGGGGGGG----------------------------
[2026-04-24 10:52:48,308][rfdiffusion.inference.utils][INFO] - Sampled motif RMSD: 0.38
[2026-04-24 10:52:48,979][rfdiffusion.inference.model_runners][INFO] - Timestep 14, input to next step: -------------------------------------GGGGGGGGGGGGGGGGGGGGGGGGGGGGG----------------------------
[2026-04-24 10:52:58,650][rfdiffusion.inference.utils][INFO] - Sampled motif RMSD: 0.38
[2026-04-24 10:52:59,393][rfdiffusion.inference.model_runners][INFO] - Timestep 13, input to next step: -------------------------------------GGGGGGGGGGGGGGGGGGGGGGGGGGGGG----------------------------
[2026-04-24 10:53:03,949][rfdiffusion.inference.utils][INFO] - Sampled motif RMSD: 0.38
[2026-04-24 10:53:04,479][rfdiffusion.inference.model_runners][INFO] - Timestep 12, input to next step: -------------------------------------GGGGGGGGGGGGGGGGGGGGGGGGGGGGG----------------------------
[2026-04-24 10:53:10,399][rfdiffusion.inference.utils][INFO] - Sampled motif RMSD: 0.39
[2026-04-24 10:53:10,830][rfdiffusion.inference.model_runners][INFO] - Timestep 11, input to next step: -------------------------------------GGGGGGGGGGGGGGGGGGGGGGGGGGGGG----------------------------
[2026-04-24 10:53:18,434][rfdiffusion.inference.utils][INFO] - Sampled motif RMSD: 0.39
[2026-04-24 10:53:18,829][rfdiffusion.inference.model_runners][INFO] - Timestep 10, input to next step: -------------------------------------GGGGGGGGGGGGGGGGGGGGGGGGGGGGG----------------------------
[2026-04-24 10:53:23,688][rfdiffusion.inference.utils][INFO] - Sampled motif RMSD: 0.38
[2026-04-24 10:53:24,277][rfdiffusion.inference.model_runners][INFO] - Timestep 9, input to next step: -------------------------------------GGGGGGGGGGGGGGGGGGGGGGGGGGGGG----------------------------
[2026-04-24 10:53:29,761][rfdiffusion.inference.utils][INFO] - Sampled motif RMSD: 0.38
[2026-04-24 10:53:30,118][rfdiffusion.inference.model_runners][INFO] - Timestep 8, input to next step: -------------------------------------GGGGGGGGGGGGGGGGGGGGGGGGGGGGG----------------------------
[2026-04-24 10:53:37,453][rfdiffusion.inference.utils][INFO] - Sampled motif RMSD: 0.38
[2026-04-24 10:53:37,990][rfdiffusion.inference.model_runners][INFO] - Timestep 7, input to next step: -------------------------------------GGGGGGGGGGGGGGGGGGGGGGGGGGGGG----------------------------
[2026-04-24 10:53:43,283][rfdiffusion.inference.utils][INFO] - Sampled motif RMSD: 0.37
[2026-04-24 10:53:43,526][rfdiffusion.inference.model_runners][INFO] - Timestep 6, input to next step: -------------------------------------GGGGGGGGGGGGGGGGGGGGGGGGGGGGG----------------------------
[2026-04-24 10:53:48,382][rfdiffusion.inference.utils][INFO] - Sampled motif RMSD: 0.37
[2026-04-24 10:53:48,594][rfdiffusion.inference.model_runners][INFO] - Timestep 5, input to next step: -------------------------------------GGGGGGGGGGGGGGGGGGGGGGGGGGGGG----------------------------
[2026-04-24 10:53:54,149][rfdiffusion.inference.utils][INFO] - Sampled motif RMSD: 0.37
[2026-04-24 10:53:54,546][rfdiffusion.inference.model_runners][INFO] - Timestep 4, input to next step: -------------------------------------GGGGGGGGGGGGGGGGGGGGGGGGGGGGG----------------------------
[2026-04-24 10:53:59,311][rfdiffusion.inference.utils][INFO] - Sampled motif RMSD: 0.37
[2026-04-24 10:53:59,545][rfdiffusion.inference.model_runners][INFO] - Timestep 3, input to next step: -------------------------------------GGGGGGGGGGGGGGGGGGGGGGGGGGGGG----------------------------
[2026-04-24 10:54:05,153][rfdiffusion.inference.utils][INFO] - Sampled motif RMSD: 0.37
[2026-04-24 10:54:05,338][rfdiffusion.inference.model_runners][INFO] - Timestep 2, input to next step: -------------------------------------GGGGGGGGGGGGGGGGGGGGGGGGGGGGG----------------------------
[2026-04-24 10:54:14,713][__main__][INFO] - Finished design in 5.98 minutes
