[2026-04-24 07:20:28,664][__main__][INFO] - Found GPU with device_name NVIDIA A100-SXM4-80GB. Will run RFdiffusion on NVIDIA A100-SXM4-80GB
Reading models from /lambda/nfs/manvi/Team_8_CS598GBL/RFdiffusion/rfdiffusion/inference/../../models
[2026-04-24 07:20:28,679][rfdiffusion.inference.model_runners][INFO] - Reading checkpoint from /lambda/nfs/manvi/Team_8_CS598GBL/RFdiffusion/rfdiffusion/inference/../../models/Base_ckpt.pt
This is inf_conf.ckpt_path
/lambda/nfs/manvi/Team_8_CS598GBL/RFdiffusion/rfdiffusion/inference/../../models/Base_ckpt.pt
Assembling -model, -diffuser and -preprocess configs from checkpoint
USING MODEL CONFIG: self._conf[model][n_extra_block] = 4
USING MODEL CONFIG: self._conf[model][n_main_block] = 32
USING MODEL CONFIG: self._conf[model][n_ref_block] = 4
USING MODEL CONFIG: self._conf[model][d_msa] = 256
USING MODEL CONFIG: self._conf[model][d_msa_full] = 64
USING MODEL CONFIG: self._conf[model][d_pair] = 128
USING MODEL CONFIG: self._conf[model][d_templ] = 64
USING MODEL CONFIG: self._conf[model][n_head_msa] = 8
USING MODEL CONFIG: self._conf[model][n_head_pair] = 4
USING MODEL CONFIG: self._conf[model][n_head_templ] = 4
USING MODEL CONFIG: self._conf[model][d_hidden] = 32
USING MODEL CONFIG: self._conf[model][d_hidden_templ] = 32
USING MODEL CONFIG: self._conf[model][p_drop] = 0.15
USING MODEL CONFIG: self._conf[model][SE3_param_full] = {'num_layers': 1, 'num_channels': 32, 'num_degrees': 2, 'n_heads': 4, 'div': 4, 'l0_in_features': 8, 'l0_out_features': 8, 'l1_in_features': 3, 'l1_out_features': 2, 'num_edge_features': 32}
USING MODEL CONFIG: self._conf[model][SE3_param_topk] = {'num_layers': 1, 'num_channels': 32, 'num_degrees': 2, 'n_heads': 4, 'div': 4, 'l0_in_features': 64, 'l0_out_features': 64, 'l1_in_features': 3, 'l1_out_features': 2, 'num_edge_features': 64}
USING MODEL CONFIG: self._conf[model][freeze_track_motif] = False
USING MODEL CONFIG: self._conf[model][use_motif_timestep] = True
USING MODEL CONFIG: self._conf[diffuser][T] = 50
USING MODEL CONFIG: self._conf[diffuser][b_0] = 0.01
USING MODEL CONFIG: self._conf[diffuser][b_T] = 0.07
USING MODEL CONFIG: self._conf[diffuser][schedule_type] = linear
USING MODEL CONFIG: self._conf[diffuser][so3_type] = igso3
USING MODEL CONFIG: self._conf[diffuser][crd_scale] = 0.25
USING MODEL CONFIG: self._conf[diffuser][so3_schedule_type] = linear
USING MODEL CONFIG: self._conf[diffuser][min_b] = 1.5
USING MODEL CONFIG: self._conf[diffuser][max_b] = 2.5
USING MODEL CONFIG: self._conf[diffuser][min_sigma] = 0.02
USING MODEL CONFIG: self._conf[diffuser][max_sigma] = 1.5
USING MODEL CONFIG: self._conf[preprocess][sidechain_input] = False
USING MODEL CONFIG: self._conf[preprocess][motif_sidechain_input] = True
USING MODEL CONFIG: self._conf[preprocess][d_t1d] = 22
USING MODEL CONFIG: self._conf[preprocess][d_t2d] = 44
USING MODEL CONFIG: self._conf[preprocess][prob_self_cond] = 0.5
USING MODEL CONFIG: self._conf[preprocess][str_self_cond] = True
USING MODEL CONFIG: self._conf[preprocess][predict_previous] = False
[2026-04-24 07:21:20,211][rfdiffusion.inference.model_runners][INFO] - Loading checkpoint.
[2026-04-24 07:21:33,197][rfdiffusion.diffusion][INFO] - Using cached IGSO3.
Successful diffuser __init__
[2026-04-24 07:21:33,236][__main__][INFO] - Making design /lambda/nfs/manvi/Team_8_CS598GBL/outputs/custom90_128_motif_scaffolding/default/len_116/balanced/scaffold_0
[2026-04-24 07:21:33,245][rfdiffusion.inference.model_runners][INFO] - Using contig: ['23-38/A25-52/23-38']
With this beta schedule (linear schedule, beta_0 = 0.04, beta_T = 0.28), alpha_bar_T = 0.00013696048699785024
[2026-04-24 07:21:33,594][rfdiffusion.inference.model_runners][INFO] - Sequence init: --------------------------GGGGGGGGGGGGGGGGGGGGGGGGGGGG-----------------------------
[2026-04-24 07:21:42,740][rfdiffusion.inference.utils][INFO] - Sampled motif RMSD: 0.15
[2026-04-24 07:21:43,134][rfdiffusion.inference.model_runners][INFO] - Timestep 50, input to next step: --------------------------GGGGGGGGGGGGGGGGGGGGGGGGGGGG-----------------------------
[2026-04-24 07:21:49,437][rfdiffusion.inference.utils][INFO] - Sampled motif RMSD: 0.11
[2026-04-24 07:21:50,066][rfdiffusion.inference.model_runners][INFO] - Timestep 49, input to next step: --------------------------GGGGGGGGGGGGGGGGGGGGGGGGGGGG-----------------------------
[2026-04-24 07:21:56,858][rfdiffusion.inference.utils][INFO] - Sampled motif RMSD: 0.11
[2026-04-24 07:21:57,099][rfdiffusion.inference.model_runners][INFO] - Timestep 48, input to next step: --------------------------GGGGGGGGGGGGGGGGGGGGGGGGGGGG-----------------------------
[2026-04-24 07:22:03,822][rfdiffusion.inference.utils][INFO] - Sampled motif RMSD: 0.11
[2026-04-24 07:22:04,176][rfdiffusion.inference.model_runners][INFO] - Timestep 47, input to next step: --------------------------GGGGGGGGGGGGGGGGGGGGGGGGGGGG-----------------------------
[2026-04-24 07:22:08,670][rfdiffusion.inference.utils][INFO] - Sampled motif RMSD: 0.11
[2026-04-24 07:22:08,832][rfdiffusion.inference.model_runners][INFO] - Timestep 46, input to next step: --------------------------GGGGGGGGGGGGGGGGGGGGGGGGGGGG-----------------------------
[2026-04-24 07:22:13,325][rfdiffusion.inference.utils][INFO] - Sampled motif RMSD: 0.11
[2026-04-24 07:22:13,493][rfdiffusion.inference.model_runners][INFO] - Timestep 45, input to next step: --------------------------GGGGGGGGGGGGGGGGGGGGGGGGGGGG-----------------------------
[2026-04-24 07:22:19,233][rfdiffusion.inference.utils][INFO] - Sampled motif RMSD: 0.11
[2026-04-24 07:22:19,472][rfdiffusion.inference.model_runners][INFO] - Timestep 44, input to next step: --------------------------GGGGGGGGGGGGGGGGGGGGGGGGGGGG-----------------------------
[2026-04-24 07:22:22,009][rfdiffusion.inference.utils][INFO] - Sampled motif RMSD: 0.11
[2026-04-24 07:22:22,205][rfdiffusion.inference.model_runners][INFO] - Timestep 43, input to next step: --------------------------GGGGGGGGGGGGGGGGGGGGGGGGGGGG-----------------------------
[2026-04-24 07:22:26,020][rfdiffusion.inference.utils][INFO] - Sampled motif RMSD: 0.11
[2026-04-24 07:22:26,226][rfdiffusion.inference.model_runners][INFO] - Timestep 42, input to next step: --------------------------GGGGGGGGGGGGGGGGGGGGGGGGGGGG-----------------------------
[2026-04-24 07:22:29,361][rfdiffusion.inference.utils][INFO] - Sampled motif RMSD: 0.10
[2026-04-24 07:22:29,608][rfdiffusion.inference.model_runners][INFO] - Timestep 41, input to next step: --------------------------GGGGGGGGGGGGGGGGGGGGGGGGGGGG-----------------------------
[2026-04-24 07:22:35,401][rfdiffusion.inference.utils][INFO] - Sampled motif RMSD: 0.10
[2026-04-24 07:22:35,525][rfdiffusion.inference.model_runners][INFO] - Timestep 40, input to next step: --------------------------GGGGGGGGGGGGGGGGGGGGGGGGGGGG-----------------------------
[2026-04-24 07:22:39,132][rfdiffusion.inference.utils][INFO] - Sampled motif RMSD: 0.10
[2026-04-24 07:22:39,431][rfdiffusion.inference.model_runners][INFO] - Timestep 39, input to next step: --------------------------GGGGGGGGGGGGGGGGGGGGGGGGGGGG-----------------------------
[2026-04-24 07:22:44,364][rfdiffusion.inference.utils][INFO] - Sampled motif RMSD: 0.11
[2026-04-24 07:22:44,750][rfdiffusion.inference.model_runners][INFO] - Timestep 38, input to next step: --------------------------GGGGGGGGGGGGGGGGGGGGGGGGGGGG-----------------------------
[2026-04-24 07:22:47,368][rfdiffusion.inference.utils][INFO] - Sampled motif RMSD: 0.10
[2026-04-24 07:22:47,799][rfdiffusion.inference.model_runners][INFO] - Timestep 37, input to next step: --------------------------GGGGGGGGGGGGGGGGGGGGGGGGGGGG-----------------------------
[2026-04-24 07:22:51,906][rfdiffusion.inference.utils][INFO] - Sampled motif RMSD: 0.10
[2026-04-24 07:22:52,284][rfdiffusion.inference.model_runners][INFO] - Timestep 36, input to next step: --------------------------GGGGGGGGGGGGGGGGGGGGGGGGGGGG-----------------------------
[2026-04-24 07:22:56,416][rfdiffusion.inference.utils][INFO] - Sampled motif RMSD: 0.10
[2026-04-24 07:22:56,749][rfdiffusion.inference.model_runners][INFO] - Timestep 35, input to next step: --------------------------GGGGGGGGGGGGGGGGGGGGGGGGGGGG-----------------------------
[2026-04-24 07:23:02,202][rfdiffusion.inference.utils][INFO] - Sampled motif RMSD: 0.09
[2026-04-24 07:23:02,404][rfdiffusion.inference.model_runners][INFO] - Timestep 34, input to next step: --------------------------GGGGGGGGGGGGGGGGGGGGGGGGGGGG-----------------------------
[2026-04-24 07:23:07,488][rfdiffusion.inference.utils][INFO] - Sampled motif RMSD: 0.09
[2026-04-24 07:23:07,678][rfdiffusion.inference.model_runners][INFO] - Timestep 33, input to next step: --------------------------GGGGGGGGGGGGGGGGGGGGGGGGGGGG-----------------------------
[2026-04-24 07:23:11,769][rfdiffusion.inference.utils][INFO] - Sampled motif RMSD: 0.09
[2026-04-24 07:23:12,092][rfdiffusion.inference.model_runners][INFO] - Timestep 32, input to next step: --------------------------GGGGGGGGGGGGGGGGGGGGGGGGGGGG-----------------------------
[2026-04-24 07:23:16,926][rfdiffusion.inference.utils][INFO] - Sampled motif RMSD: 0.09
[2026-04-24 07:23:17,312][rfdiffusion.inference.model_runners][INFO] - Timestep 31, input to next step: --------------------------GGGGGGGGGGGGGGGGGGGGGGGGGGGG-----------------------------
[2026-04-24 07:23:22,502][rfdiffusion.inference.utils][INFO] - Sampled motif RMSD: 0.09
[2026-04-24 07:23:22,675][rfdiffusion.inference.model_runners][INFO] - Timestep 30, input to next step: --------------------------GGGGGGGGGGGGGGGGGGGGGGGGGGGG-----------------------------
[2026-04-24 07:23:27,774][rfdiffusion.inference.utils][INFO] - Sampled motif RMSD: 0.09
[2026-04-24 07:23:27,991][rfdiffusion.inference.model_runners][INFO] - Timestep 29, input to next step: --------------------------GGGGGGGGGGGGGGGGGGGGGGGGGGGG-----------------------------
[2026-04-24 07:23:32,168][rfdiffusion.inference.utils][INFO] - Sampled motif RMSD: 0.09
[2026-04-24 07:23:32,581][rfdiffusion.inference.model_runners][INFO] - Timestep 28, input to next step: --------------------------GGGGGGGGGGGGGGGGGGGGGGGGGGGG-----------------------------
[2026-04-24 07:23:36,462][rfdiffusion.inference.utils][INFO] - Sampled motif RMSD: 0.09
[2026-04-24 07:23:36,709][rfdiffusion.inference.model_runners][INFO] - Timestep 27, input to next step: --------------------------GGGGGGGGGGGGGGGGGGGGGGGGGGGG-----------------------------
[2026-04-24 07:23:41,622][rfdiffusion.inference.utils][INFO] - Sampled motif RMSD: 0.09
[2026-04-24 07:23:41,841][rfdiffusion.inference.model_runners][INFO] - Timestep 26, input to next step: --------------------------GGGGGGGGGGGGGGGGGGGGGGGGGGGG-----------------------------
[2026-04-24 07:23:45,941][rfdiffusion.inference.utils][INFO] - Sampled motif RMSD: 0.09
[2026-04-24 07:23:46,186][rfdiffusion.inference.model_runners][INFO] - Timestep 25, input to next step: --------------------------GGGGGGGGGGGGGGGGGGGGGGGGGGGG-----------------------------
[2026-04-24 07:23:50,974][rfdiffusion.inference.utils][INFO] - Sampled motif RMSD: 0.09
[2026-04-24 07:23:51,261][rfdiffusion.inference.model_runners][INFO] - Timestep 24, input to next step: --------------------------GGGGGGGGGGGGGGGGGGGGGGGGGGGG-----------------------------
[2026-04-24 07:23:55,554][rfdiffusion.inference.utils][INFO] - Sampled motif RMSD: 0.09
[2026-04-24 07:23:55,854][rfdiffusion.inference.model_runners][INFO] - Timestep 23, input to next step: --------------------------GGGGGGGGGGGGGGGGGGGGGGGGGGGG-----------------------------
[2026-04-24 07:23:59,618][rfdiffusion.inference.utils][INFO] - Sampled motif RMSD: 0.09
[2026-04-24 07:23:59,839][rfdiffusion.inference.model_runners][INFO] - Timestep 22, input to next step: --------------------------GGGGGGGGGGGGGGGGGGGGGGGGGGGG-----------------------------
[2026-04-24 07:24:03,831][rfdiffusion.inference.utils][INFO] - Sampled motif RMSD: 0.10
[2026-04-24 07:24:04,083][rfdiffusion.inference.model_runners][INFO] - Timestep 21, input to next step: --------------------------GGGGGGGGGGGGGGGGGGGGGGGGGGGG-----------------------------
[2026-04-24 07:24:08,093][rfdiffusion.inference.utils][INFO] - Sampled motif RMSD: 0.10
[2026-04-24 07:24:08,360][rfdiffusion.inference.model_runners][INFO] - Timestep 20, input to next step: --------------------------GGGGGGGGGGGGGGGGGGGGGGGGGGGG-----------------------------
[2026-04-24 07:24:13,191][rfdiffusion.inference.utils][INFO] - Sampled motif RMSD: 0.11
[2026-04-24 07:24:13,548][rfdiffusion.inference.model_runners][INFO] - Timestep 19, input to next step: --------------------------GGGGGGGGGGGGGGGGGGGGGGGGGGGG-----------------------------
[2026-04-24 07:24:17,160][rfdiffusion.inference.utils][INFO] - Sampled motif RMSD: 0.11
[2026-04-24 07:24:17,674][rfdiffusion.inference.model_runners][INFO] - Timestep 18, input to next step: --------------------------GGGGGGGGGGGGGGGGGGGGGGGGGGGG-----------------------------
[2026-04-24 07:24:21,880][rfdiffusion.inference.utils][INFO] - Sampled motif RMSD: 0.11
[2026-04-24 07:24:22,338][rfdiffusion.inference.model_runners][INFO] - Timestep 17, input to next step: --------------------------GGGGGGGGGGGGGGGGGGGGGGGGGGGG-----------------------------
[2026-04-24 07:24:27,428][rfdiffusion.inference.utils][INFO] - Sampled motif RMSD: 0.11
[2026-04-24 07:24:27,874][rfdiffusion.inference.model_runners][INFO] - Timestep 16, input to next step: --------------------------GGGGGGGGGGGGGGGGGGGGGGGGGGGG-----------------------------
[2026-04-24 07:24:33,404][rfdiffusion.inference.utils][INFO] - Sampled motif RMSD: 0.11
[2026-04-24 07:24:33,806][rfdiffusion.inference.model_runners][INFO] - Timestep 15, input to next step: --------------------------GGGGGGGGGGGGGGGGGGGGGGGGGGGG-----------------------------
[2026-04-24 07:24:37,964][rfdiffusion.inference.utils][INFO] - Sampled motif RMSD: 0.11
[2026-04-24 07:24:38,346][rfdiffusion.inference.model_runners][INFO] - Timestep 14, input to next step: --------------------------GGGGGGGGGGGGGGGGGGGGGGGGGGGG-----------------------------
[2026-04-24 07:24:42,874][rfdiffusion.inference.utils][INFO] - Sampled motif RMSD: 0.10
[2026-04-24 07:24:43,189][rfdiffusion.inference.model_runners][INFO] - Timestep 13, input to next step: --------------------------GGGGGGGGGGGGGGGGGGGGGGGGGGGG-----------------------------
[2026-04-24 07:24:47,874][rfdiffusion.inference.utils][INFO] - Sampled motif RMSD: 0.10
[2026-04-24 07:24:47,993][rfdiffusion.inference.model_runners][INFO] - Timestep 12, input to next step: --------------------------GGGGGGGGGGGGGGGGGGGGGGGGGGGG-----------------------------
[2026-04-24 07:24:50,749][rfdiffusion.inference.utils][INFO] - Sampled motif RMSD: 0.10
[2026-04-24 07:24:51,073][rfdiffusion.inference.model_runners][INFO] - Timestep 11, input to next step: --------------------------GGGGGGGGGGGGGGGGGGGGGGGGGGGG-----------------------------
[2026-04-24 07:24:55,717][rfdiffusion.inference.utils][INFO] - Sampled motif RMSD: 0.10
[2026-04-24 07:24:55,915][rfdiffusion.inference.model_runners][INFO] - Timestep 10, input to next step: --------------------------GGGGGGGGGGGGGGGGGGGGGGGGGGGG-----------------------------
[2026-04-24 07:24:58,926][rfdiffusion.inference.utils][INFO] - Sampled motif RMSD: 0.10
[2026-04-24 07:24:59,340][rfdiffusion.inference.model_runners][INFO] - Timestep 9, input to next step: --------------------------GGGGGGGGGGGGGGGGGGGGGGGGGGGG-----------------------------
[2026-04-24 07:25:02,693][rfdiffusion.inference.utils][INFO] - Sampled motif RMSD: 0.10
[2026-04-24 07:25:02,976][rfdiffusion.inference.model_runners][INFO] - Timestep 8, input to next step: --------------------------GGGGGGGGGGGGGGGGGGGGGGGGGGGG-----------------------------
[2026-04-24 07:25:08,159][rfdiffusion.inference.utils][INFO] - Sampled motif RMSD: 0.10
[2026-04-24 07:25:08,529][rfdiffusion.inference.model_runners][INFO] - Timestep 7, input to next step: --------------------------GGGGGGGGGGGGGGGGGGGGGGGGGGGG-----------------------------
[2026-04-24 07:25:12,077][rfdiffusion.inference.utils][INFO] - Sampled motif RMSD: 0.09
[2026-04-24 07:25:12,473][rfdiffusion.inference.model_runners][INFO] - Timestep 6, input to next step: --------------------------GGGGGGGGGGGGGGGGGGGGGGGGGGGG-----------------------------
[2026-04-24 07:25:16,803][rfdiffusion.inference.utils][INFO] - Sampled motif RMSD: 0.09
[2026-04-24 07:25:17,188][rfdiffusion.inference.model_runners][INFO] - Timestep 5, input to next step: --------------------------GGGGGGGGGGGGGGGGGGGGGGGGGGGG-----------------------------
[2026-04-24 07:25:21,438][rfdiffusion.inference.utils][INFO] - Sampled motif RMSD: 0.09
[2026-04-24 07:25:21,785][rfdiffusion.inference.model_runners][INFO] - Timestep 4, input to next step: --------------------------GGGGGGGGGGGGGGGGGGGGGGGGGGGG-----------------------------
[2026-04-24 07:25:26,904][rfdiffusion.inference.utils][INFO] - Sampled motif RMSD: 0.10
[2026-04-24 07:25:27,256][rfdiffusion.inference.model_runners][INFO] - Timestep 3, input to next step: --------------------------GGGGGGGGGGGGGGGGGGGGGGGGGGGG-----------------------------
[2026-04-24 07:25:31,292][rfdiffusion.inference.utils][INFO] - Sampled motif RMSD: 0.10
[2026-04-24 07:25:31,610][rfdiffusion.inference.model_runners][INFO] - Timestep 2, input to next step: --------------------------GGGGGGGGGGGGGGGGGGGGGGGGGGGG-----------------------------
[2026-04-24 07:25:38,742][__main__][INFO] - Finished design in 4.09 minutes
[2026-04-24 07:25:38,743][__main__][INFO] - Making design /lambda/nfs/manvi/Team_8_CS598GBL/outputs/custom90_128_motif_scaffolding/default/len_116/balanced/scaffold_1
[2026-04-24 07:25:38,753][rfdiffusion.inference.model_runners][INFO] - Using contig: ['23-38/A25-52/23-38']
With this beta schedule (linear schedule, beta_0 = 0.04, beta_T = 0.28), alpha_bar_T = 0.00013696048699785024
[2026-04-24 07:25:39,086][rfdiffusion.inference.model_runners][INFO] - Sequence init: ----------------------------------GGGGGGGGGGGGGGGGGGGGGGGGGGGG-------------------------------------
[2026-04-24 07:25:42,469][rfdiffusion.inference.utils][INFO] - Sampled motif RMSD: 0.14
[2026-04-24 07:25:42,593][rfdiffusion.inference.model_runners][INFO] - Timestep 50, input to next step: ----------------------------------GGGGGGGGGGGGGGGGGGGGGGGGGGGG-------------------------------------
[2026-04-24 07:25:46,886][rfdiffusion.inference.utils][INFO] - Sampled motif RMSD: 0.10
[2026-04-24 07:25:47,129][rfdiffusion.inference.model_runners][INFO] - Timestep 49, input to next step: ----------------------------------GGGGGGGGGGGGGGGGGGGGGGGGGGGG-------------------------------------
[2026-04-24 07:25:51,365][rfdiffusion.inference.utils][INFO] - Sampled motif RMSD: 0.10
[2026-04-24 07:25:51,887][rfdiffusion.inference.model_runners][INFO] - Timestep 48, input to next step: ----------------------------------GGGGGGGGGGGGGGGGGGGGGGGGGGGG-------------------------------------
[2026-04-24 07:25:56,001][rfdiffusion.inference.utils][INFO] - Sampled motif RMSD: 0.11
[2026-04-24 07:25:56,469][rfdiffusion.inference.model_runners][INFO] - Timestep 47, input to next step: ----------------------------------GGGGGGGGGGGGGGGGGGGGGGGGGGGG-------------------------------------
[2026-04-24 07:26:01,898][rfdiffusion.inference.utils][INFO] - Sampled motif RMSD: 0.11
[2026-04-24 07:26:02,228][rfdiffusion.inference.model_runners][INFO] - Timestep 46, input to next step: ----------------------------------GGGGGGGGGGGGGGGGGGGGGGGGGGGG-------------------------------------
[2026-04-24 07:26:05,952][rfdiffusion.inference.utils][INFO] - Sampled motif RMSD: 0.11
[2026-04-24 07:26:06,370][rfdiffusion.inference.model_runners][INFO] - Timestep 45, input to next step: ----------------------------------GGGGGGGGGGGGGGGGGGGGGGGGGGGG-------------------------------------
[2026-04-24 07:26:10,564][rfdiffusion.inference.utils][INFO] - Sampled motif RMSD: 0.12
[2026-04-24 07:26:10,857][rfdiffusion.inference.model_runners][INFO] - Timestep 44, input to next step: ----------------------------------GGGGGGGGGGGGGGGGGGGGGGGGGGGG-------------------------------------
[2026-04-24 07:26:13,795][rfdiffusion.inference.utils][INFO] - Sampled motif RMSD: 0.13
[2026-04-24 07:26:14,070][rfdiffusion.inference.model_runners][INFO] - Timestep 43, input to next step: ----------------------------------GGGGGGGGGGGGGGGGGGGGGGGGGGGG-------------------------------------
[2026-04-24 07:26:18,033][rfdiffusion.inference.utils][INFO] - Sampled motif RMSD: 0.13
[2026-04-24 07:26:18,291][rfdiffusion.inference.model_runners][INFO] - Timestep 42, input to next step: ----------------------------------GGGGGGGGGGGGGGGGGGGGGGGGGGGG-------------------------------------
[2026-04-24 07:26:23,395][rfdiffusion.inference.utils][INFO] - Sampled motif RMSD: 0.12
[2026-04-24 07:26:23,782][rfdiffusion.inference.model_runners][INFO] - Timestep 41, input to next step: ----------------------------------GGGGGGGGGGGGGGGGGGGGGGGGGGGG-------------------------------------
[2026-04-24 07:26:27,787][rfdiffusion.inference.utils][INFO] - Sampled motif RMSD: 0.11
[2026-04-24 07:26:28,066][rfdiffusion.inference.model_runners][INFO] - Timestep 40, input to next step: ----------------------------------GGGGGGGGGGGGGGGGGGGGGGGGGGGG-------------------------------------
[2026-04-24 07:26:31,954][rfdiffusion.inference.utils][INFO] - Sampled motif RMSD: 0.12
[2026-04-24 07:26:32,366][rfdiffusion.inference.model_runners][INFO] - Timestep 39, input to next step: ----------------------------------GGGGGGGGGGGGGGGGGGGGGGGGGGGG-------------------------------------
[2026-04-24 07:26:37,331][rfdiffusion.inference.utils][INFO] - Sampled motif RMSD: 0.10
[2026-04-24 07:26:37,467][rfdiffusion.inference.model_runners][INFO] - Timestep 38, input to next step: ----------------------------------GGGGGGGGGGGGGGGGGGGGGGGGGGGG-------------------------------------
[2026-04-24 07:26:42,463][rfdiffusion.inference.utils][INFO] - Sampled motif RMSD: 0.11
[2026-04-24 07:26:42,820][rfdiffusion.inference.model_runners][INFO] - Timestep 37, input to next step: ----------------------------------GGGGGGGGGGGGGGGGGGGGGGGGGGGG-------------------------------------
[2026-04-24 07:26:46,661][rfdiffusion.inference.utils][INFO] - Sampled motif RMSD: 0.10
[2026-04-24 07:26:46,927][rfdiffusion.inference.model_runners][INFO] - Timestep 36, input to next step: ----------------------------------GGGGGGGGGGGGGGGGGGGGGGGGGGGG-------------------------------------
[2026-04-24 07:26:51,723][rfdiffusion.inference.utils][INFO] - Sampled motif RMSD: 0.10
[2026-04-24 07:26:52,107][rfdiffusion.inference.model_runners][INFO] - Timestep 35, input to next step: ----------------------------------GGGGGGGGGGGGGGGGGGGGGGGGGGGG-------------------------------------
[2026-04-24 07:26:57,195][rfdiffusion.inference.utils][INFO] - Sampled motif RMSD: 0.10
[2026-04-24 07:26:57,488][rfdiffusion.inference.model_runners][INFO] - Timestep 34, input to next step: ----------------------------------GGGGGGGGGGGGGGGGGGGGGGGGGGGG-------------------------------------
[2026-04-24 07:27:03,129][rfdiffusion.inference.utils][INFO] - Sampled motif RMSD: 0.10
[2026-04-24 07:27:03,477][rfdiffusion.inference.model_runners][INFO] - Timestep 33, input to next step: ----------------------------------GGGGGGGGGGGGGGGGGGGGGGGGGGGG-------------------------------------
[2026-04-24 07:27:08,943][rfdiffusion.inference.utils][INFO] - Sampled motif RMSD: 0.09
[2026-04-24 07:27:09,181][rfdiffusion.inference.model_runners][INFO] - Timestep 32, input to next step: ----------------------------------GGGGGGGGGGGGGGGGGGGGGGGGGGGG-------------------------------------
[2026-04-24 07:27:13,524][rfdiffusion.inference.utils][INFO] - Sampled motif RMSD: 0.10
[2026-04-24 07:27:13,815][rfdiffusion.inference.model_runners][INFO] - Timestep 31, input to next step: ----------------------------------GGGGGGGGGGGGGGGGGGGGGGGGGGGG-------------------------------------
[2026-04-24 07:27:17,317][rfdiffusion.inference.utils][INFO] - Sampled motif RMSD: 0.10
[2026-04-24 07:27:17,502][rfdiffusion.inference.model_runners][INFO] - Timestep 30, input to next step: ----------------------------------GGGGGGGGGGGGGGGGGGGGGGGGGGGG-------------------------------------
[2026-04-24 07:27:22,070][rfdiffusion.inference.utils][INFO] - Sampled motif RMSD: 0.10
[2026-04-24 07:27:22,477][rfdiffusion.inference.model_runners][INFO] - Timestep 29, input to next step: ----------------------------------GGGGGGGGGGGGGGGGGGGGGGGGGGGG-------------------------------------
[2026-04-24 07:27:27,211][rfdiffusion.inference.utils][INFO] - Sampled motif RMSD: 0.10
[2026-04-24 07:27:27,489][rfdiffusion.inference.model_runners][INFO] - Timestep 28, input to next step: ----------------------------------GGGGGGGGGGGGGGGGGGGGGGGGGGGG-------------------------------------
[2026-04-24 07:27:31,192][rfdiffusion.inference.utils][INFO] - Sampled motif RMSD: 0.10
[2026-04-24 07:27:31,502][rfdiffusion.inference.model_runners][INFO] - Timestep 27, input to next step: ----------------------------------GGGGGGGGGGGGGGGGGGGGGGGGGGGG-------------------------------------
[2026-04-24 07:27:35,836][rfdiffusion.inference.utils][INFO] - Sampled motif RMSD: 0.10
[2026-04-24 07:27:36,181][rfdiffusion.inference.model_runners][INFO] - Timestep 26, input to next step: ----------------------------------GGGGGGGGGGGGGGGGGGGGGGGGGGGG-------------------------------------
[2026-04-24 07:27:39,316][rfdiffusion.inference.utils][INFO] - Sampled motif RMSD: 0.10
[2026-04-24 07:27:39,640][rfdiffusion.inference.model_runners][INFO] - Timestep 25, input to next step: ----------------------------------GGGGGGGGGGGGGGGGGGGGGGGGGGGG-------------------------------------
[2026-04-24 07:27:44,401][rfdiffusion.inference.utils][INFO] - Sampled motif RMSD: 0.10
[2026-04-24 07:27:44,847][rfdiffusion.inference.model_runners][INFO] - Timestep 24, input to next step: ----------------------------------GGGGGGGGGGGGGGGGGGGGGGGGGGGG-------------------------------------
[2026-04-24 07:27:49,062][rfdiffusion.inference.utils][INFO] - Sampled motif RMSD: 0.10
[2026-04-24 07:27:49,267][rfdiffusion.inference.model_runners][INFO] - Timestep 23, input to next step: ----------------------------------GGGGGGGGGGGGGGGGGGGGGGGGGGGG-------------------------------------
[2026-04-24 07:27:53,672][rfdiffusion.inference.utils][INFO] - Sampled motif RMSD: 0.09
[2026-04-24 07:27:53,915][rfdiffusion.inference.model_runners][INFO] - Timestep 22, input to next step: ----------------------------------GGGGGGGGGGGGGGGGGGGGGGGGGGGG-------------------------------------
[2026-04-24 07:27:57,516][rfdiffusion.inference.utils][INFO] - Sampled motif RMSD: 0.10
[2026-04-24 07:27:57,934][rfdiffusion.inference.model_runners][INFO] - Timestep 21, input to next step: ----------------------------------GGGGGGGGGGGGGGGGGGGGGGGGGGGG-------------------------------------
[2026-04-24 07:28:02,029][rfdiffusion.inference.utils][INFO] - Sampled motif RMSD: 0.10
[2026-04-24 07:28:02,355][rfdiffusion.inference.model_runners][INFO] - Timestep 20, input to next step: ----------------------------------GGGGGGGGGGGGGGGGGGGGGGGGGGGG-------------------------------------
[2026-04-24 07:28:06,335][rfdiffusion.inference.utils][INFO] - Sampled motif RMSD: 0.10
[2026-04-24 07:28:06,686][rfdiffusion.inference.model_runners][INFO] - Timestep 19, input to next step: ----------------------------------GGGGGGGGGGGGGGGGGGGGGGGGGGGG-------------------------------------
[2026-04-24 07:28:10,808][rfdiffusion.inference.utils][INFO] - Sampled motif RMSD: 0.11
[2026-04-24 07:28:11,215][rfdiffusion.inference.model_runners][INFO] - Timestep 18, input to next step: ----------------------------------GGGGGGGGGGGGGGGGGGGGGGGGGGGG-------------------------------------
[2026-04-24 07:28:13,703][rfdiffusion.inference.utils][INFO] - Sampled motif RMSD: 0.11
[2026-04-24 07:28:14,149][rfdiffusion.inference.model_runners][INFO] - Timestep 17, input to next step: ----------------------------------GGGGGGGGGGGGGGGGGGGGGGGGGGGG-------------------------------------
[2026-04-24 07:28:18,052][rfdiffusion.inference.utils][INFO] - Sampled motif RMSD: 0.11
[2026-04-24 07:28:18,423][rfdiffusion.inference.model_runners][INFO] - Timestep 16, input to next step: ----------------------------------GGGGGGGGGGGGGGGGGGGGGGGGGGGG-------------------------------------
[2026-04-24 07:28:22,242][rfdiffusion.inference.utils][INFO] - Sampled motif RMSD: 0.11
[2026-04-24 07:28:22,585][rfdiffusion.inference.model_runners][INFO] - Timestep 15, input to next step: ----------------------------------GGGGGGGGGGGGGGGGGGGGGGGGGGGG-------------------------------------
[2026-04-24 07:28:27,007][rfdiffusion.inference.utils][INFO] - Sampled motif RMSD: 0.11
[2026-04-24 07:28:27,120][rfdiffusion.inference.model_runners][INFO] - Timestep 14, input to next step: ----------------------------------GGGGGGGGGGGGGGGGGGGGGGGGGGGG-------------------------------------
[2026-04-24 07:28:31,337][rfdiffusion.inference.utils][INFO] - Sampled motif RMSD: 0.10
[2026-04-24 07:28:31,576][rfdiffusion.inference.model_runners][INFO] - Timestep 13, input to next step: ----------------------------------GGGGGGGGGGGGGGGGGGGGGGGGGGGG-------------------------------------
[2026-04-24 07:28:37,841][rfdiffusion.inference.utils][INFO] - Sampled motif RMSD: 0.10
[2026-04-24 07:28:38,066][rfdiffusion.inference.model_runners][INFO] - Timestep 12, input to next step: ----------------------------------GGGGGGGGGGGGGGGGGGGGGGGGGGGG-------------------------------------
[2026-04-24 07:28:43,508][rfdiffusion.inference.utils][INFO] - Sampled motif RMSD: 0.10
[2026-04-24 07:28:43,655][rfdiffusion.inference.model_runners][INFO] - Timestep 11, input to next step: ----------------------------------GGGGGGGGGGGGGGGGGGGGGGGGGGGG-------------------------------------
[2026-04-24 07:28:48,463][rfdiffusion.inference.utils][INFO] - Sampled motif RMSD: 0.10
[2026-04-24 07:28:48,801][rfdiffusion.inference.model_runners][INFO] - Timestep 10, input to next step: ----------------------------------GGGGGGGGGGGGGGGGGGGGGGGGGGGG-------------------------------------
[2026-04-24 07:28:53,903][rfdiffusion.inference.utils][INFO] - Sampled motif RMSD: 0.10
[2026-04-24 07:28:54,031][rfdiffusion.inference.model_runners][INFO] - Timestep 9, input to next step: ----------------------------------GGGGGGGGGGGGGGGGGGGGGGGGGGGG-------------------------------------
[2026-04-24 07:28:58,235][rfdiffusion.inference.utils][INFO] - Sampled motif RMSD: 0.10
[2026-04-24 07:28:58,323][rfdiffusion.inference.model_runners][INFO] - Timestep 8, input to next step: ----------------------------------GGGGGGGGGGGGGGGGGGGGGGGGGGGG-------------------------------------
[2026-04-24 07:29:02,569][rfdiffusion.inference.utils][INFO] - Sampled motif RMSD: 0.10
[2026-04-24 07:29:02,956][rfdiffusion.inference.model_runners][INFO] - Timestep 7, input to next step: ----------------------------------GGGGGGGGGGGGGGGGGGGGGGGGGGGG-------------------------------------
[2026-04-24 07:29:06,823][rfdiffusion.inference.utils][INFO] - Sampled motif RMSD: 0.10
[2026-04-24 07:29:07,087][rfdiffusion.inference.model_runners][INFO] - Timestep 6, input to next step: ----------------------------------GGGGGGGGGGGGGGGGGGGGGGGGGGGG-------------------------------------
[2026-04-24 07:29:11,503][rfdiffusion.inference.utils][INFO] - Sampled motif RMSD: 0.10
[2026-04-24 07:29:11,821][rfdiffusion.inference.model_runners][INFO] - Timestep 5, input to next step: ----------------------------------GGGGGGGGGGGGGGGGGGGGGGGGGGGG-------------------------------------
[2026-04-24 07:29:15,536][rfdiffusion.inference.utils][INFO] - Sampled motif RMSD: 0.09
[2026-04-24 07:29:15,775][rfdiffusion.inference.model_runners][INFO] - Timestep 4, input to next step: ----------------------------------GGGGGGGGGGGGGGGGGGGGGGGGGGGG-------------------------------------
[2026-04-24 07:29:19,951][rfdiffusion.inference.utils][INFO] - Sampled motif RMSD: 0.09
[2026-04-24 07:29:20,236][rfdiffusion.inference.model_runners][INFO] - Timestep 3, input to next step: ----------------------------------GGGGGGGGGGGGGGGGGGGGGGGGGGGG-------------------------------------
[2026-04-24 07:29:23,934][rfdiffusion.inference.utils][INFO] - Sampled motif RMSD: 0.09
[2026-04-24 07:29:24,241][rfdiffusion.inference.model_runners][INFO] - Timestep 2, input to next step: ----------------------------------GGGGGGGGGGGGGGGGGGGGGGGGGGGG-------------------------------------
[2026-04-24 07:29:29,854][__main__][INFO] - Finished design in 3.85 minutes
