[2026-04-24 06:27:44,398][__main__][INFO] - Found GPU with device_name NVIDIA A100-SXM4-80GB. Will run RFdiffusion on NVIDIA A100-SXM4-80GB
Reading models from /lambda/nfs/manvi/Team_8_CS598GBL/RFdiffusion/rfdiffusion/inference/../../models
[2026-04-24 06:27:44,402][rfdiffusion.inference.model_runners][INFO] - Reading checkpoint from /lambda/nfs/manvi/Team_8_CS598GBL/RFdiffusion/rfdiffusion/inference/../../models/Base_ckpt.pt
This is inf_conf.ckpt_path
/lambda/nfs/manvi/Team_8_CS598GBL/RFdiffusion/rfdiffusion/inference/../../models/Base_ckpt.pt
Assembling -model, -diffuser and -preprocess configs from checkpoint
USING MODEL CONFIG: self._conf[model][n_extra_block] = 4
USING MODEL CONFIG: self._conf[model][n_main_block] = 32
USING MODEL CONFIG: self._conf[model][n_ref_block] = 4
USING MODEL CONFIG: self._conf[model][d_msa] = 256
USING MODEL CONFIG: self._conf[model][d_msa_full] = 64
USING MODEL CONFIG: self._conf[model][d_pair] = 128
USING MODEL CONFIG: self._conf[model][d_templ] = 64
USING MODEL CONFIG: self._conf[model][n_head_msa] = 8
USING MODEL CONFIG: self._conf[model][n_head_pair] = 4
USING MODEL CONFIG: self._conf[model][n_head_templ] = 4
USING MODEL CONFIG: self._conf[model][d_hidden] = 32
USING MODEL CONFIG: self._conf[model][d_hidden_templ] = 32
USING MODEL CONFIG: self._conf[model][p_drop] = 0.15
USING MODEL CONFIG: self._conf[model][SE3_param_full] = {'num_layers': 1, 'num_channels': 32, 'num_degrees': 2, 'n_heads': 4, 'div': 4, 'l0_in_features': 8, 'l0_out_features': 8, 'l1_in_features': 3, 'l1_out_features': 2, 'num_edge_features': 32}
USING MODEL CONFIG: self._conf[model][SE3_param_topk] = {'num_layers': 1, 'num_channels': 32, 'num_degrees': 2, 'n_heads': 4, 'div': 4, 'l0_in_features': 64, 'l0_out_features': 64, 'l1_in_features': 3, 'l1_out_features': 2, 'num_edge_features': 64}
USING MODEL CONFIG: self._conf[model][freeze_track_motif] = False
USING MODEL CONFIG: self._conf[model][use_motif_timestep] = True
USING MODEL CONFIG: self._conf[diffuser][T] = 50
USING MODEL CONFIG: self._conf[diffuser][b_0] = 0.01
USING MODEL CONFIG: self._conf[diffuser][b_T] = 0.07
USING MODEL CONFIG: self._conf[diffuser][schedule_type] = linear
USING MODEL CONFIG: self._conf[diffuser][so3_type] = igso3
USING MODEL CONFIG: self._conf[diffuser][crd_scale] = 0.25
USING MODEL CONFIG: self._conf[diffuser][so3_schedule_type] = linear
USING MODEL CONFIG: self._conf[diffuser][min_b] = 1.5
USING MODEL CONFIG: self._conf[diffuser][max_b] = 2.5
USING MODEL CONFIG: self._conf[diffuser][min_sigma] = 0.02
USING MODEL CONFIG: self._conf[diffuser][max_sigma] = 1.5
USING MODEL CONFIG: self._conf[preprocess][sidechain_input] = False
USING MODEL CONFIG: self._conf[preprocess][motif_sidechain_input] = True
USING MODEL CONFIG: self._conf[preprocess][d_t1d] = 22
USING MODEL CONFIG: self._conf[preprocess][d_t2d] = 44
USING MODEL CONFIG: self._conf[preprocess][prob_self_cond] = 0.5
USING MODEL CONFIG: self._conf[preprocess][str_self_cond] = True
USING MODEL CONFIG: self._conf[preprocess][predict_previous] = False
[2026-04-24 06:28:53,307][rfdiffusion.inference.model_runners][INFO] - Loading checkpoint.
[2026-04-24 06:29:18,356][rfdiffusion.diffusion][INFO] - Using cached IGSO3.
Successful diffuser __init__
[2026-04-24 06:29:18,405][__main__][INFO] - Making design /lambda/nfs/manvi/Team_8_CS598GBL/outputs/custom90_128_motif_scaffolding/default/len_099/short/scaffold_0
[2026-04-24 06:29:18,421][rfdiffusion.inference.model_runners][INFO] - Using contig: ['19-33/A43-55/19-33']
With this beta schedule (linear schedule, beta_0 = 0.04, beta_T = 0.28), alpha_bar_T = 0.00013696048699785024
[2026-04-24 06:29:19,226][rfdiffusion.inference.model_runners][INFO] - Sequence init: ---------------------------GGGGGGGGGGGGG---------------------------------
[2026-04-24 06:29:30,819][rfdiffusion.inference.utils][INFO] - Sampled motif RMSD: 0.21
[2026-04-24 06:29:31,114][rfdiffusion.inference.model_runners][INFO] - Timestep 50, input to next step: ---------------------------GGGGGGGGGGGGG---------------------------------
[2026-04-24 06:29:39,749][rfdiffusion.inference.utils][INFO] - Sampled motif RMSD: 0.15
[2026-04-24 06:29:40,307][rfdiffusion.inference.model_runners][INFO] - Timestep 49, input to next step: ---------------------------GGGGGGGGGGGGG---------------------------------
[2026-04-24 06:29:46,754][rfdiffusion.inference.utils][INFO] - Sampled motif RMSD: 0.15
[2026-04-24 06:29:47,310][rfdiffusion.inference.model_runners][INFO] - Timestep 48, input to next step: ---------------------------GGGGGGGGGGGGG---------------------------------
[2026-04-24 06:29:55,459][rfdiffusion.inference.utils][INFO] - Sampled motif RMSD: 0.16
[2026-04-24 06:29:55,751][rfdiffusion.inference.model_runners][INFO] - Timestep 47, input to next step: ---------------------------GGGGGGGGGGGGG---------------------------------
[2026-04-24 06:30:01,814][rfdiffusion.inference.utils][INFO] - Sampled motif RMSD: 0.15
[2026-04-24 06:30:02,220][rfdiffusion.inference.model_runners][INFO] - Timestep 46, input to next step: ---------------------------GGGGGGGGGGGGG---------------------------------
[2026-04-24 06:30:10,570][rfdiffusion.inference.utils][INFO] - Sampled motif RMSD: 0.14
[2026-04-24 06:30:10,955][rfdiffusion.inference.model_runners][INFO] - Timestep 45, input to next step: ---------------------------GGGGGGGGGGGGG---------------------------------
[2026-04-24 06:30:20,805][rfdiffusion.inference.utils][INFO] - Sampled motif RMSD: 0.13
[2026-04-24 06:30:21,299][rfdiffusion.inference.model_runners][INFO] - Timestep 44, input to next step: ---------------------------GGGGGGGGGGGGG---------------------------------
[2026-04-24 06:30:29,516][rfdiffusion.inference.utils][INFO] - Sampled motif RMSD: 0.13
[2026-04-24 06:30:29,916][rfdiffusion.inference.model_runners][INFO] - Timestep 43, input to next step: ---------------------------GGGGGGGGGGGGG---------------------------------
[2026-04-24 06:30:36,712][rfdiffusion.inference.utils][INFO] - Sampled motif RMSD: 0.13
[2026-04-24 06:30:37,050][rfdiffusion.inference.model_runners][INFO] - Timestep 42, input to next step: ---------------------------GGGGGGGGGGGGG---------------------------------
[2026-04-24 06:30:43,565][rfdiffusion.inference.utils][INFO] - Sampled motif RMSD: 0.12
[2026-04-24 06:30:43,942][rfdiffusion.inference.model_runners][INFO] - Timestep 41, input to next step: ---------------------------GGGGGGGGGGGGG---------------------------------
[2026-04-24 06:30:49,321][rfdiffusion.inference.utils][INFO] - Sampled motif RMSD: 0.12
[2026-04-24 06:30:49,699][rfdiffusion.inference.model_runners][INFO] - Timestep 40, input to next step: ---------------------------GGGGGGGGGGGGG---------------------------------
[2026-04-24 06:30:52,946][rfdiffusion.inference.utils][INFO] - Sampled motif RMSD: 0.11
[2026-04-24 06:30:53,541][rfdiffusion.inference.model_runners][INFO] - Timestep 39, input to next step: ---------------------------GGGGGGGGGGGGG---------------------------------
[2026-04-24 06:30:59,346][rfdiffusion.inference.utils][INFO] - Sampled motif RMSD: 0.12
[2026-04-24 06:30:59,737][rfdiffusion.inference.model_runners][INFO] - Timestep 38, input to next step: ---------------------------GGGGGGGGGGGGG---------------------------------
[2026-04-24 06:31:04,436][rfdiffusion.inference.utils][INFO] - Sampled motif RMSD: 0.12
[2026-04-24 06:31:04,929][rfdiffusion.inference.model_runners][INFO] - Timestep 37, input to next step: ---------------------------GGGGGGGGGGGGG---------------------------------
[2026-04-24 06:31:11,052][rfdiffusion.inference.utils][INFO] - Sampled motif RMSD: 0.11
[2026-04-24 06:31:11,491][rfdiffusion.inference.model_runners][INFO] - Timestep 36, input to next step: ---------------------------GGGGGGGGGGGGG---------------------------------
[2026-04-24 06:31:16,983][rfdiffusion.inference.utils][INFO] - Sampled motif RMSD: 0.10
[2026-04-24 06:31:17,358][rfdiffusion.inference.model_runners][INFO] - Timestep 35, input to next step: ---------------------------GGGGGGGGGGGGG---------------------------------
[2026-04-24 06:31:20,696][rfdiffusion.inference.utils][INFO] - Sampled motif RMSD: 0.10
[2026-04-24 06:31:21,228][rfdiffusion.inference.model_runners][INFO] - Timestep 34, input to next step: ---------------------------GGGGGGGGGGGGG---------------------------------
[2026-04-24 06:31:24,413][rfdiffusion.inference.utils][INFO] - Sampled motif RMSD: 0.10
[2026-04-24 06:31:25,038][rfdiffusion.inference.model_runners][INFO] - Timestep 33, input to next step: ---------------------------GGGGGGGGGGGGG---------------------------------
[2026-04-24 06:31:29,187][rfdiffusion.inference.utils][INFO] - Sampled motif RMSD: 0.09
[2026-04-24 06:31:29,541][rfdiffusion.inference.model_runners][INFO] - Timestep 32, input to next step: ---------------------------GGGGGGGGGGGGG---------------------------------
[2026-04-24 06:31:32,943][rfdiffusion.inference.utils][INFO] - Sampled motif RMSD: 0.09
[2026-04-24 06:31:33,232][rfdiffusion.inference.model_runners][INFO] - Timestep 31, input to next step: ---------------------------GGGGGGGGGGGGG---------------------------------
[2026-04-24 06:31:37,504][rfdiffusion.inference.utils][INFO] - Sampled motif RMSD: 0.10
[2026-04-24 06:31:37,679][rfdiffusion.inference.model_runners][INFO] - Timestep 30, input to next step: ---------------------------GGGGGGGGGGGGG---------------------------------
[2026-04-24 06:31:41,521][rfdiffusion.inference.utils][INFO] - Sampled motif RMSD: 0.11
[2026-04-24 06:31:41,823][rfdiffusion.inference.model_runners][INFO] - Timestep 29, input to next step: ---------------------------GGGGGGGGGGGGG---------------------------------
[2026-04-24 06:31:47,209][rfdiffusion.inference.utils][INFO] - Sampled motif RMSD: 0.10
[2026-04-24 06:31:47,472][rfdiffusion.inference.model_runners][INFO] - Timestep 28, input to next step: ---------------------------GGGGGGGGGGGGG---------------------------------
[2026-04-24 06:31:51,562][rfdiffusion.inference.utils][INFO] - Sampled motif RMSD: 0.10
[2026-04-24 06:31:51,817][rfdiffusion.inference.model_runners][INFO] - Timestep 27, input to next step: ---------------------------GGGGGGGGGGGGG---------------------------------
[2026-04-24 06:31:55,126][rfdiffusion.inference.utils][INFO] - Sampled motif RMSD: 0.11
[2026-04-24 06:31:55,444][rfdiffusion.inference.model_runners][INFO] - Timestep 26, input to next step: ---------------------------GGGGGGGGGGGGG---------------------------------
[2026-04-24 06:31:59,843][rfdiffusion.inference.utils][INFO] - Sampled motif RMSD: 0.11
[2026-04-24 06:32:00,142][rfdiffusion.inference.model_runners][INFO] - Timestep 25, input to next step: ---------------------------GGGGGGGGGGGGG---------------------------------
[2026-04-24 06:32:03,748][rfdiffusion.inference.utils][INFO] - Sampled motif RMSD: 0.11
[2026-04-24 06:32:03,922][rfdiffusion.inference.model_runners][INFO] - Timestep 24, input to next step: ---------------------------GGGGGGGGGGGGG---------------------------------
[2026-04-24 06:32:07,965][rfdiffusion.inference.utils][INFO] - Sampled motif RMSD: 0.11
[2026-04-24 06:32:08,281][rfdiffusion.inference.model_runners][INFO] - Timestep 23, input to next step: ---------------------------GGGGGGGGGGGGG---------------------------------
[2026-04-24 06:32:12,345][rfdiffusion.inference.utils][INFO] - Sampled motif RMSD: 0.10
[2026-04-24 06:32:12,634][rfdiffusion.inference.model_runners][INFO] - Timestep 22, input to next step: ---------------------------GGGGGGGGGGGGG---------------------------------
[2026-04-24 06:32:17,216][rfdiffusion.inference.utils][INFO] - Sampled motif RMSD: 0.10
[2026-04-24 06:32:17,728][rfdiffusion.inference.model_runners][INFO] - Timestep 21, input to next step: ---------------------------GGGGGGGGGGGGG---------------------------------
[2026-04-24 06:32:20,899][rfdiffusion.inference.utils][INFO] - Sampled motif RMSD: 0.10
[2026-04-24 06:32:21,222][rfdiffusion.inference.model_runners][INFO] - Timestep 20, input to next step: ---------------------------GGGGGGGGGGGGG---------------------------------
[2026-04-24 06:32:25,944][rfdiffusion.inference.utils][INFO] - Sampled motif RMSD: 0.10
[2026-04-24 06:32:26,220][rfdiffusion.inference.model_runners][INFO] - Timestep 19, input to next step: ---------------------------GGGGGGGGGGGGG---------------------------------
[2026-04-24 06:32:31,152][rfdiffusion.inference.utils][INFO] - Sampled motif RMSD: 0.10
[2026-04-24 06:32:31,525][rfdiffusion.inference.model_runners][INFO] - Timestep 18, input to next step: ---------------------------GGGGGGGGGGGGG---------------------------------
[2026-04-24 06:32:36,356][rfdiffusion.inference.utils][INFO] - Sampled motif RMSD: 0.10
[2026-04-24 06:32:36,633][rfdiffusion.inference.model_runners][INFO] - Timestep 17, input to next step: ---------------------------GGGGGGGGGGGGG---------------------------------
[2026-04-24 06:32:40,634][rfdiffusion.inference.utils][INFO] - Sampled motif RMSD: 0.10
[2026-04-24 06:32:40,845][rfdiffusion.inference.model_runners][INFO] - Timestep 16, input to next step: ---------------------------GGGGGGGGGGGGG---------------------------------
[2026-04-24 06:32:45,594][rfdiffusion.inference.utils][INFO] - Sampled motif RMSD: 0.10
[2026-04-24 06:32:45,865][rfdiffusion.inference.model_runners][INFO] - Timestep 15, input to next step: ---------------------------GGGGGGGGGGGGG---------------------------------
[2026-04-24 06:32:50,418][rfdiffusion.inference.utils][INFO] - Sampled motif RMSD: 0.10
[2026-04-24 06:32:50,688][rfdiffusion.inference.model_runners][INFO] - Timestep 14, input to next step: ---------------------------GGGGGGGGGGGGG---------------------------------
[2026-04-24 06:32:57,154][rfdiffusion.inference.utils][INFO] - Sampled motif RMSD: 0.10
[2026-04-24 06:32:57,576][rfdiffusion.inference.model_runners][INFO] - Timestep 13, input to next step: ---------------------------GGGGGGGGGGGGG---------------------------------
[2026-04-24 06:33:01,140][rfdiffusion.inference.utils][INFO] - Sampled motif RMSD: 0.10
[2026-04-24 06:33:01,697][rfdiffusion.inference.model_runners][INFO] - Timestep 12, input to next step: ---------------------------GGGGGGGGGGGGG---------------------------------
[2026-04-24 06:33:05,910][rfdiffusion.inference.utils][INFO] - Sampled motif RMSD: 0.10
[2026-04-24 06:33:06,280][rfdiffusion.inference.model_runners][INFO] - Timestep 11, input to next step: ---------------------------GGGGGGGGGGGGG---------------------------------
[2026-04-24 06:33:11,059][rfdiffusion.inference.utils][INFO] - Sampled motif RMSD: 0.10
[2026-04-24 06:33:11,201][rfdiffusion.inference.model_runners][INFO] - Timestep 10, input to next step: ---------------------------GGGGGGGGGGGGG---------------------------------
[2026-04-24 06:33:15,202][rfdiffusion.inference.utils][INFO] - Sampled motif RMSD: 0.10
[2026-04-24 06:33:15,494][rfdiffusion.inference.model_runners][INFO] - Timestep 9, input to next step: ---------------------------GGGGGGGGGGGGG---------------------------------
[2026-04-24 06:33:20,235][rfdiffusion.inference.utils][INFO] - Sampled motif RMSD: 0.11
[2026-04-24 06:33:20,429][rfdiffusion.inference.model_runners][INFO] - Timestep 8, input to next step: ---------------------------GGGGGGGGGGGGG---------------------------------
[2026-04-24 06:33:24,706][rfdiffusion.inference.utils][INFO] - Sampled motif RMSD: 0.11
[2026-04-24 06:33:25,074][rfdiffusion.inference.model_runners][INFO] - Timestep 7, input to next step: ---------------------------GGGGGGGGGGGGG---------------------------------
[2026-04-24 06:33:30,168][rfdiffusion.inference.utils][INFO] - Sampled motif RMSD: 0.11
[2026-04-24 06:33:30,348][rfdiffusion.inference.model_runners][INFO] - Timestep 6, input to next step: ---------------------------GGGGGGGGGGGGG---------------------------------
[2026-04-24 06:33:35,817][rfdiffusion.inference.utils][INFO] - Sampled motif RMSD: 0.11
[2026-04-24 06:33:36,201][rfdiffusion.inference.model_runners][INFO] - Timestep 5, input to next step: ---------------------------GGGGGGGGGGGGG---------------------------------
[2026-04-24 06:33:39,655][rfdiffusion.inference.utils][INFO] - Sampled motif RMSD: 0.10
[2026-04-24 06:33:40,127][rfdiffusion.inference.model_runners][INFO] - Timestep 4, input to next step: ---------------------------GGGGGGGGGGGGG---------------------------------
[2026-04-24 06:33:44,613][rfdiffusion.inference.utils][INFO] - Sampled motif RMSD: 0.09
[2026-04-24 06:33:44,975][rfdiffusion.inference.model_runners][INFO] - Timestep 3, input to next step: ---------------------------GGGGGGGGGGGGG---------------------------------
[2026-04-24 06:33:49,111][rfdiffusion.inference.utils][INFO] - Sampled motif RMSD: 0.11
[2026-04-24 06:33:49,668][rfdiffusion.inference.model_runners][INFO] - Timestep 2, input to next step: ---------------------------GGGGGGGGGGGGG---------------------------------
[2026-04-24 06:33:57,721][__main__][INFO] - Finished design in 4.66 minutes
[2026-04-24 06:33:57,722][__main__][INFO] - Making design /lambda/nfs/manvi/Team_8_CS598GBL/outputs/custom90_128_motif_scaffolding/default/len_099/short/scaffold_1
[2026-04-24 06:33:57,735][rfdiffusion.inference.model_runners][INFO] - Using contig: ['19-33/A43-55/19-33']
With this beta schedule (linear schedule, beta_0 = 0.04, beta_T = 0.28), alpha_bar_T = 0.00013696048699785024
[2026-04-24 06:33:57,977][rfdiffusion.inference.model_runners][INFO] - Sequence init: --------------------GGGGGGGGGGGGG------------------------
[2026-04-24 06:34:02,023][rfdiffusion.inference.utils][INFO] - Sampled motif RMSD: 0.19
[2026-04-24 06:34:02,203][rfdiffusion.inference.model_runners][INFO] - Timestep 50, input to next step: --------------------GGGGGGGGGGGGG------------------------
[2026-04-24 06:34:06,798][rfdiffusion.inference.utils][INFO] - Sampled motif RMSD: 0.13
[2026-04-24 06:34:06,980][rfdiffusion.inference.model_runners][INFO] - Timestep 49, input to next step: --------------------GGGGGGGGGGGGG------------------------
[2026-04-24 06:34:11,298][rfdiffusion.inference.utils][INFO] - Sampled motif RMSD: 0.13
[2026-04-24 06:34:11,471][rfdiffusion.inference.model_runners][INFO] - Timestep 48, input to next step: --------------------GGGGGGGGGGGGG------------------------
[2026-04-24 06:34:14,979][rfdiffusion.inference.utils][INFO] - Sampled motif RMSD: 0.14
[2026-04-24 06:34:15,152][rfdiffusion.inference.model_runners][INFO] - Timestep 47, input to next step: --------------------GGGGGGGGGGGGG------------------------
[2026-04-24 06:34:18,521][rfdiffusion.inference.utils][INFO] - Sampled motif RMSD: 0.15
[2026-04-24 06:34:18,681][rfdiffusion.inference.model_runners][INFO] - Timestep 46, input to next step: --------------------GGGGGGGGGGGGG------------------------
[2026-04-24 06:34:22,036][rfdiffusion.inference.utils][INFO] - Sampled motif RMSD: 0.17
[2026-04-24 06:34:22,350][rfdiffusion.inference.model_runners][INFO] - Timestep 45, input to next step: --------------------GGGGGGGGGGGGG------------------------
[2026-04-24 06:34:26,576][rfdiffusion.inference.utils][INFO] - Sampled motif RMSD: 0.15
[2026-04-24 06:34:26,770][rfdiffusion.inference.model_runners][INFO] - Timestep 44, input to next step: --------------------GGGGGGGGGGGGG------------------------
[2026-04-24 06:34:30,512][rfdiffusion.inference.utils][INFO] - Sampled motif RMSD: 0.14
[2026-04-24 06:34:30,682][rfdiffusion.inference.model_runners][INFO] - Timestep 43, input to next step: --------------------GGGGGGGGGGGGG------------------------
[2026-04-24 06:34:34,512][rfdiffusion.inference.utils][INFO] - Sampled motif RMSD: 0.12
[2026-04-24 06:34:34,677][rfdiffusion.inference.model_runners][INFO] - Timestep 42, input to next step: --------------------GGGGGGGGGGGGG------------------------
[2026-04-24 06:34:39,103][rfdiffusion.inference.utils][INFO] - Sampled motif RMSD: 0.12
[2026-04-24 06:34:39,183][rfdiffusion.inference.model_runners][INFO] - Timestep 41, input to next step: --------------------GGGGGGGGGGGGG------------------------
[2026-04-24 06:34:43,124][rfdiffusion.inference.utils][INFO] - Sampled motif RMSD: 0.13
[2026-04-24 06:34:43,406][rfdiffusion.inference.model_runners][INFO] - Timestep 40, input to next step: --------------------GGGGGGGGGGGGG------------------------
[2026-04-24 06:34:47,460][rfdiffusion.inference.utils][INFO] - Sampled motif RMSD: 0.12
[2026-04-24 06:34:47,880][rfdiffusion.inference.model_runners][INFO] - Timestep 39, input to next step: --------------------GGGGGGGGGGGGG------------------------
[2026-04-24 06:34:53,385][rfdiffusion.inference.utils][INFO] - Sampled motif RMSD: 0.11
[2026-04-24 06:34:53,874][rfdiffusion.inference.model_runners][INFO] - Timestep 38, input to next step: --------------------GGGGGGGGGGGGG------------------------
[2026-04-24 06:34:56,321][rfdiffusion.inference.utils][INFO] - Sampled motif RMSD: 0.11
[2026-04-24 06:34:56,836][rfdiffusion.inference.model_runners][INFO] - Timestep 37, input to next step: --------------------GGGGGGGGGGGGG------------------------
[2026-04-24 06:35:00,205][rfdiffusion.inference.utils][INFO] - Sampled motif RMSD: 0.12
[2026-04-24 06:35:00,493][rfdiffusion.inference.model_runners][INFO] - Timestep 36, input to next step: --------------------GGGGGGGGGGGGG------------------------
[2026-04-24 06:35:04,465][rfdiffusion.inference.utils][INFO] - Sampled motif RMSD: 0.12
[2026-04-24 06:35:04,588][rfdiffusion.inference.model_runners][INFO] - Timestep 35, input to next step: --------------------GGGGGGGGGGGGG------------------------
[2026-04-24 06:35:09,200][rfdiffusion.inference.utils][INFO] - Sampled motif RMSD: 0.11
[2026-04-24 06:35:09,634][rfdiffusion.inference.model_runners][INFO] - Timestep 34, input to next step: --------------------GGGGGGGGGGGGG------------------------
[2026-04-24 06:35:14,249][rfdiffusion.inference.utils][INFO] - Sampled motif RMSD: 0.11
[2026-04-24 06:35:14,553][rfdiffusion.inference.model_runners][INFO] - Timestep 33, input to next step: --------------------GGGGGGGGGGGGG------------------------
[2026-04-24 06:35:18,506][rfdiffusion.inference.utils][INFO] - Sampled motif RMSD: 0.11
[2026-04-24 06:35:18,838][rfdiffusion.inference.model_runners][INFO] - Timestep 32, input to next step: --------------------GGGGGGGGGGGGG------------------------
[2026-04-24 06:35:22,028][rfdiffusion.inference.utils][INFO] - Sampled motif RMSD: 0.13
[2026-04-24 06:35:22,521][rfdiffusion.inference.model_runners][INFO] - Timestep 31, input to next step: --------------------GGGGGGGGGGGGG------------------------
[2026-04-24 06:35:26,793][rfdiffusion.inference.utils][INFO] - Sampled motif RMSD: 0.13
[2026-04-24 06:35:27,104][rfdiffusion.inference.model_runners][INFO] - Timestep 30, input to next step: --------------------GGGGGGGGGGGGG------------------------
[2026-04-24 06:35:30,720][rfdiffusion.inference.utils][INFO] - Sampled motif RMSD: 0.14
[2026-04-24 06:35:31,096][rfdiffusion.inference.model_runners][INFO] - Timestep 29, input to next step: --------------------GGGGGGGGGGGGG------------------------
[2026-04-24 06:35:34,420][rfdiffusion.inference.utils][INFO] - Sampled motif RMSD: 0.12
[2026-04-24 06:35:35,018][rfdiffusion.inference.model_runners][INFO] - Timestep 28, input to next step: --------------------GGGGGGGGGGGGG------------------------
[2026-04-24 06:35:37,497][rfdiffusion.inference.utils][INFO] - Sampled motif RMSD: 0.12
[2026-04-24 06:35:37,870][rfdiffusion.inference.model_runners][INFO] - Timestep 27, input to next step: --------------------GGGGGGGGGGGGG------------------------
[2026-04-24 06:35:41,359][rfdiffusion.inference.utils][INFO] - Sampled motif RMSD: 0.12
[2026-04-24 06:35:41,604][rfdiffusion.inference.model_runners][INFO] - Timestep 26, input to next step: --------------------GGGGGGGGGGGGG------------------------
[2026-04-24 06:35:44,230][rfdiffusion.inference.utils][INFO] - Sampled motif RMSD: 0.12
[2026-04-24 06:35:44,314][rfdiffusion.inference.model_runners][INFO] - Timestep 25, input to next step: --------------------GGGGGGGGGGGGG------------------------
[2026-04-24 06:35:46,332][rfdiffusion.inference.utils][INFO] - Sampled motif RMSD: 0.12
[2026-04-24 06:35:46,443][rfdiffusion.inference.model_runners][INFO] - Timestep 24, input to next step: --------------------GGGGGGGGGGGGG------------------------
[2026-04-24 06:35:48,417][rfdiffusion.inference.utils][INFO] - Sampled motif RMSD: 0.12
[2026-04-24 06:35:48,480][rfdiffusion.inference.model_runners][INFO] - Timestep 23, input to next step: --------------------GGGGGGGGGGGGG------------------------
[2026-04-24 06:35:50,884][rfdiffusion.inference.utils][INFO] - Sampled motif RMSD: 0.12
[2026-04-24 06:35:50,958][rfdiffusion.inference.model_runners][INFO] - Timestep 22, input to next step: --------------------GGGGGGGGGGGGG------------------------
[2026-04-24 06:35:53,628][rfdiffusion.inference.utils][INFO] - Sampled motif RMSD: 0.12
[2026-04-24 06:35:53,789][rfdiffusion.inference.model_runners][INFO] - Timestep 21, input to next step: --------------------GGGGGGGGGGGGG------------------------
[2026-04-24 06:35:56,192][rfdiffusion.inference.utils][INFO] - Sampled motif RMSD: 0.10
[2026-04-24 06:35:56,326][rfdiffusion.inference.model_runners][INFO] - Timestep 20, input to next step: --------------------GGGGGGGGGGGGG------------------------
[2026-04-24 06:35:58,624][rfdiffusion.inference.utils][INFO] - Sampled motif RMSD: 0.11
[2026-04-24 06:35:58,713][rfdiffusion.inference.model_runners][INFO] - Timestep 19, input to next step: --------------------GGGGGGGGGGGGG------------------------
[2026-04-24 06:36:01,283][rfdiffusion.inference.utils][INFO] - Sampled motif RMSD: 0.11
[2026-04-24 06:36:01,606][rfdiffusion.inference.model_runners][INFO] - Timestep 18, input to next step: --------------------GGGGGGGGGGGGG------------------------
[2026-04-24 06:36:03,953][rfdiffusion.inference.utils][INFO] - Sampled motif RMSD: 0.10
[2026-04-24 06:36:04,446][rfdiffusion.inference.model_runners][INFO] - Timestep 17, input to next step: --------------------GGGGGGGGGGGGG------------------------
[2026-04-24 06:36:06,693][rfdiffusion.inference.utils][INFO] - Sampled motif RMSD: 0.10
[2026-04-24 06:36:07,048][rfdiffusion.inference.model_runners][INFO] - Timestep 16, input to next step: --------------------GGGGGGGGGGGGG------------------------
[2026-04-24 06:36:09,756][rfdiffusion.inference.utils][INFO] - Sampled motif RMSD: 0.10
[2026-04-24 06:36:09,863][rfdiffusion.inference.model_runners][INFO] - Timestep 15, input to next step: --------------------GGGGGGGGGGGGG------------------------
[2026-04-24 06:36:12,581][rfdiffusion.inference.utils][INFO] - Sampled motif RMSD: 0.11
[2026-04-24 06:36:12,819][rfdiffusion.inference.model_runners][INFO] - Timestep 14, input to next step: --------------------GGGGGGGGGGGGG------------------------
[2026-04-24 06:36:15,579][rfdiffusion.inference.utils][INFO] - Sampled motif RMSD: 0.11
[2026-04-24 06:36:15,797][rfdiffusion.inference.model_runners][INFO] - Timestep 13, input to next step: --------------------GGGGGGGGGGGGG------------------------
[2026-04-24 06:36:19,701][rfdiffusion.inference.utils][INFO] - Sampled motif RMSD: 0.11
[2026-04-24 06:36:19,892][rfdiffusion.inference.model_runners][INFO] - Timestep 12, input to next step: --------------------GGGGGGGGGGGGG------------------------
[2026-04-24 06:36:22,984][rfdiffusion.inference.utils][INFO] - Sampled motif RMSD: 0.11
[2026-04-24 06:36:23,126][rfdiffusion.inference.model_runners][INFO] - Timestep 11, input to next step: --------------------GGGGGGGGGGGGG------------------------
[2026-04-24 06:36:26,178][rfdiffusion.inference.utils][INFO] - Sampled motif RMSD: 0.11
[2026-04-24 06:36:26,461][rfdiffusion.inference.model_runners][INFO] - Timestep 10, input to next step: --------------------GGGGGGGGGGGGG------------------------
[2026-04-24 06:36:28,609][rfdiffusion.inference.utils][INFO] - Sampled motif RMSD: 0.11
[2026-04-24 06:36:28,743][rfdiffusion.inference.model_runners][INFO] - Timestep 9, input to next step: --------------------GGGGGGGGGGGGG------------------------
[2026-04-24 06:36:30,934][rfdiffusion.inference.utils][INFO] - Sampled motif RMSD: 0.12
[2026-04-24 06:36:31,182][rfdiffusion.inference.model_runners][INFO] - Timestep 8, input to next step: --------------------GGGGGGGGGGGGG------------------------
[2026-04-24 06:36:33,818][rfdiffusion.inference.utils][INFO] - Sampled motif RMSD: 0.13
[2026-04-24 06:36:34,120][rfdiffusion.inference.model_runners][INFO] - Timestep 7, input to next step: --------------------GGGGGGGGGGGGG------------------------
[2026-04-24 06:36:35,644][rfdiffusion.inference.utils][INFO] - Sampled motif RMSD: 0.13
[2026-04-24 06:36:35,797][rfdiffusion.inference.model_runners][INFO] - Timestep 6, input to next step: --------------------GGGGGGGGGGGGG------------------------
[2026-04-24 06:36:38,485][rfdiffusion.inference.utils][INFO] - Sampled motif RMSD: 0.14
[2026-04-24 06:36:38,741][rfdiffusion.inference.model_runners][INFO] - Timestep 5, input to next step: --------------------GGGGGGGGGGGGG------------------------
[2026-04-24 06:36:40,060][rfdiffusion.inference.utils][INFO] - Sampled motif RMSD: 0.14
[2026-04-24 06:36:40,120][rfdiffusion.inference.model_runners][INFO] - Timestep 4, input to next step: --------------------GGGGGGGGGGGGG------------------------
[2026-04-24 06:36:41,636][rfdiffusion.inference.utils][INFO] - Sampled motif RMSD: 0.14
[2026-04-24 06:36:41,684][rfdiffusion.inference.model_runners][INFO] - Timestep 3, input to next step: --------------------GGGGGGGGGGGGG------------------------
[2026-04-24 06:36:43,442][rfdiffusion.inference.utils][INFO] - Sampled motif RMSD: 0.14
[2026-04-24 06:36:43,642][rfdiffusion.inference.model_runners][INFO] - Timestep 2, input to next step: --------------------GGGGGGGGGGGGG------------------------
[2026-04-24 06:36:45,987][__main__][INFO] - Finished design in 2.80 minutes
