[2026-04-24 06:18:17,481][__main__][INFO] - Found GPU with device_name NVIDIA A100-SXM4-80GB. Will run RFdiffusion on NVIDIA A100-SXM4-80GB
Reading models from /lambda/nfs/manvi/Team_8_CS598GBL/RFdiffusion/rfdiffusion/inference/../../models
[2026-04-24 06:18:17,485][rfdiffusion.inference.model_runners][INFO] - Reading checkpoint from /lambda/nfs/manvi/Team_8_CS598GBL/RFdiffusion/rfdiffusion/inference/../../models/Base_ckpt.pt
This is inf_conf.ckpt_path
/lambda/nfs/manvi/Team_8_CS598GBL/RFdiffusion/rfdiffusion/inference/../../models/Base_ckpt.pt
Assembling -model, -diffuser and -preprocess configs from checkpoint
USING MODEL CONFIG: self._conf[model][n_extra_block] = 4
USING MODEL CONFIG: self._conf[model][n_main_block] = 32
USING MODEL CONFIG: self._conf[model][n_ref_block] = 4
USING MODEL CONFIG: self._conf[model][d_msa] = 256
USING MODEL CONFIG: self._conf[model][d_msa_full] = 64
USING MODEL CONFIG: self._conf[model][d_pair] = 128
USING MODEL CONFIG: self._conf[model][d_templ] = 64
USING MODEL CONFIG: self._conf[model][n_head_msa] = 8
USING MODEL CONFIG: self._conf[model][n_head_pair] = 4
USING MODEL CONFIG: self._conf[model][n_head_templ] = 4
USING MODEL CONFIG: self._conf[model][d_hidden] = 32
USING MODEL CONFIG: self._conf[model][d_hidden_templ] = 32
USING MODEL CONFIG: self._conf[model][p_drop] = 0.15
USING MODEL CONFIG: self._conf[model][SE3_param_full] = {'num_layers': 1, 'num_channels': 32, 'num_degrees': 2, 'n_heads': 4, 'div': 4, 'l0_in_features': 8, 'l0_out_features': 8, 'l1_in_features': 3, 'l1_out_features': 2, 'num_edge_features': 32}
USING MODEL CONFIG: self._conf[model][SE3_param_topk] = {'num_layers': 1, 'num_channels': 32, 'num_degrees': 2, 'n_heads': 4, 'div': 4, 'l0_in_features': 64, 'l0_out_features': 64, 'l1_in_features': 3, 'l1_out_features': 2, 'num_edge_features': 64}
USING MODEL CONFIG: self._conf[model][freeze_track_motif] = False
USING MODEL CONFIG: self._conf[model][use_motif_timestep] = True
USING MODEL CONFIG: self._conf[diffuser][T] = 50
USING MODEL CONFIG: self._conf[diffuser][b_0] = 0.01
USING MODEL CONFIG: self._conf[diffuser][b_T] = 0.07
USING MODEL CONFIG: self._conf[diffuser][schedule_type] = linear
USING MODEL CONFIG: self._conf[diffuser][so3_type] = igso3
USING MODEL CONFIG: self._conf[diffuser][crd_scale] = 0.25
USING MODEL CONFIG: self._conf[diffuser][so3_schedule_type] = linear
USING MODEL CONFIG: self._conf[diffuser][min_b] = 1.5
USING MODEL CONFIG: self._conf[diffuser][max_b] = 2.5
USING MODEL CONFIG: self._conf[diffuser][min_sigma] = 0.02
USING MODEL CONFIG: self._conf[diffuser][max_sigma] = 1.5
USING MODEL CONFIG: self._conf[preprocess][sidechain_input] = False
USING MODEL CONFIG: self._conf[preprocess][motif_sidechain_input] = True
USING MODEL CONFIG: self._conf[preprocess][d_t1d] = 22
USING MODEL CONFIG: self._conf[preprocess][d_t2d] = 44
USING MODEL CONFIG: self._conf[preprocess][prob_self_cond] = 0.5
USING MODEL CONFIG: self._conf[preprocess][str_self_cond] = True
USING MODEL CONFIG: self._conf[preprocess][predict_previous] = False
[2026-04-24 06:19:04,579][rfdiffusion.inference.model_runners][INFO] - Loading checkpoint.
[2026-04-24 06:19:21,637][rfdiffusion.diffusion][INFO] - Using cached IGSO3.
Successful diffuser __init__
[2026-04-24 06:19:21,677][__main__][INFO] - Making design /lambda/nfs/manvi/Team_8_CS598GBL/outputs/custom90_128_motif_scaffolding/default/len_096/mid/scaffold_0
[2026-04-24 06:19:21,689][rfdiffusion.inference.model_runners][INFO] - Using contig: ['19-32/A33-62/19-32']
With this beta schedule (linear schedule, beta_0 = 0.04, beta_T = 0.28), alpha_bar_T = 0.00013696048699785024
[2026-04-24 06:19:22,097][rfdiffusion.inference.model_runners][INFO] - Sequence init: -------------------GGGGGGGGGGGGGGGGGGGGGGGGGGGGGG------------------------
[2026-04-24 06:19:30,998][rfdiffusion.inference.utils][INFO] - Sampled motif RMSD: 0.16
[2026-04-24 06:19:31,298][rfdiffusion.inference.model_runners][INFO] - Timestep 50, input to next step: -------------------GGGGGGGGGGGGGGGGGGGGGGGGGGGGGG------------------------
[2026-04-24 06:19:37,412][rfdiffusion.inference.utils][INFO] - Sampled motif RMSD: 0.12
[2026-04-24 06:19:37,624][rfdiffusion.inference.model_runners][INFO] - Timestep 49, input to next step: -------------------GGGGGGGGGGGGGGGGGGGGGGGGGGGGGG------------------------
[2026-04-24 06:19:43,905][rfdiffusion.inference.utils][INFO] - Sampled motif RMSD: 0.11
[2026-04-24 06:19:44,408][rfdiffusion.inference.model_runners][INFO] - Timestep 48, input to next step: -------------------GGGGGGGGGGGGGGGGGGGGGGGGGGGGGG------------------------
[2026-04-24 06:19:48,913][rfdiffusion.inference.utils][INFO] - Sampled motif RMSD: 0.12
[2026-04-24 06:19:49,463][rfdiffusion.inference.model_runners][INFO] - Timestep 47, input to next step: -------------------GGGGGGGGGGGGGGGGGGGGGGGGGGGGGG------------------------
[2026-04-24 06:19:54,064][rfdiffusion.inference.utils][INFO] - Sampled motif RMSD: 0.11
[2026-04-24 06:19:54,546][rfdiffusion.inference.model_runners][INFO] - Timestep 46, input to next step: -------------------GGGGGGGGGGGGGGGGGGGGGGGGGGGGGG------------------------
[2026-04-24 06:19:59,252][rfdiffusion.inference.utils][INFO] - Sampled motif RMSD: 0.12
[2026-04-24 06:19:59,735][rfdiffusion.inference.model_runners][INFO] - Timestep 45, input to next step: -------------------GGGGGGGGGGGGGGGGGGGGGGGGGGGGGG------------------------
[2026-04-24 06:20:04,039][rfdiffusion.inference.utils][INFO] - Sampled motif RMSD: 0.12
[2026-04-24 06:20:04,330][rfdiffusion.inference.model_runners][INFO] - Timestep 44, input to next step: -------------------GGGGGGGGGGGGGGGGGGGGGGGGGGGGGG------------------------
[2026-04-24 06:20:08,691][rfdiffusion.inference.utils][INFO] - Sampled motif RMSD: 0.11
[2026-04-24 06:20:08,891][rfdiffusion.inference.model_runners][INFO] - Timestep 43, input to next step: -------------------GGGGGGGGGGGGGGGGGGGGGGGGGGGGGG------------------------
[2026-04-24 06:20:14,488][rfdiffusion.inference.utils][INFO] - Sampled motif RMSD: 0.11
[2026-04-24 06:20:15,073][rfdiffusion.inference.model_runners][INFO] - Timestep 42, input to next step: -------------------GGGGGGGGGGGGGGGGGGGGGGGGGGGGGG------------------------
[2026-04-24 06:20:20,084][rfdiffusion.inference.utils][INFO] - Sampled motif RMSD: 0.11
[2026-04-24 06:20:20,638][rfdiffusion.inference.model_runners][INFO] - Timestep 41, input to next step: -------------------GGGGGGGGGGGGGGGGGGGGGGGGGGGGGG------------------------
[2026-04-24 06:20:25,159][rfdiffusion.inference.utils][INFO] - Sampled motif RMSD: 0.12
[2026-04-24 06:20:25,527][rfdiffusion.inference.model_runners][INFO] - Timestep 40, input to next step: -------------------GGGGGGGGGGGGGGGGGGGGGGGGGGGGGG------------------------
[2026-04-24 06:20:28,606][rfdiffusion.inference.utils][INFO] - Sampled motif RMSD: 0.10
[2026-04-24 06:20:29,016][rfdiffusion.inference.model_runners][INFO] - Timestep 39, input to next step: -------------------GGGGGGGGGGGGGGGGGGGGGGGGGGGGGG------------------------
[2026-04-24 06:20:35,056][rfdiffusion.inference.utils][INFO] - Sampled motif RMSD: 0.11
[2026-04-24 06:20:35,389][rfdiffusion.inference.model_runners][INFO] - Timestep 38, input to next step: -------------------GGGGGGGGGGGGGGGGGGGGGGGGGGGGGG------------------------
[2026-04-24 06:20:40,599][rfdiffusion.inference.utils][INFO] - Sampled motif RMSD: 0.11
[2026-04-24 06:20:41,090][rfdiffusion.inference.model_runners][INFO] - Timestep 37, input to next step: -------------------GGGGGGGGGGGGGGGGGGGGGGGGGGGGGG------------------------
[2026-04-24 06:20:43,972][rfdiffusion.inference.utils][INFO] - Sampled motif RMSD: 0.11
[2026-04-24 06:20:44,492][rfdiffusion.inference.model_runners][INFO] - Timestep 36, input to next step: -------------------GGGGGGGGGGGGGGGGGGGGGGGGGGGGGG------------------------
[2026-04-24 06:20:50,932][rfdiffusion.inference.utils][INFO] - Sampled motif RMSD: 0.10
[2026-04-24 06:20:51,260][rfdiffusion.inference.model_runners][INFO] - Timestep 35, input to next step: -------------------GGGGGGGGGGGGGGGGGGGGGGGGGGGGGG------------------------
[2026-04-24 06:20:54,626][rfdiffusion.inference.utils][INFO] - Sampled motif RMSD: 0.11
[2026-04-24 06:20:54,921][rfdiffusion.inference.model_runners][INFO] - Timestep 34, input to next step: -------------------GGGGGGGGGGGGGGGGGGGGGGGGGGGGGG------------------------
[2026-04-24 06:20:58,698][rfdiffusion.inference.utils][INFO] - Sampled motif RMSD: 0.11
[2026-04-24 06:20:59,111][rfdiffusion.inference.model_runners][INFO] - Timestep 33, input to next step: -------------------GGGGGGGGGGGGGGGGGGGGGGGGGGGGGG------------------------
[2026-04-24 06:21:03,288][rfdiffusion.inference.utils][INFO] - Sampled motif RMSD: 0.12
[2026-04-24 06:21:03,843][rfdiffusion.inference.model_runners][INFO] - Timestep 32, input to next step: -------------------GGGGGGGGGGGGGGGGGGGGGGGGGGGGGG------------------------
[2026-04-24 06:21:08,627][rfdiffusion.inference.utils][INFO] - Sampled motif RMSD: 0.12
[2026-04-24 06:21:09,004][rfdiffusion.inference.model_runners][INFO] - Timestep 31, input to next step: -------------------GGGGGGGGGGGGGGGGGGGGGGGGGGGGGG------------------------
[2026-04-24 06:21:13,064][rfdiffusion.inference.utils][INFO] - Sampled motif RMSD: 0.11
[2026-04-24 06:21:13,467][rfdiffusion.inference.model_runners][INFO] - Timestep 30, input to next step: -------------------GGGGGGGGGGGGGGGGGGGGGGGGGGGGGG------------------------
[2026-04-24 06:21:17,695][rfdiffusion.inference.utils][INFO] - Sampled motif RMSD: 0.11
[2026-04-24 06:21:18,141][rfdiffusion.inference.model_runners][INFO] - Timestep 29, input to next step: -------------------GGGGGGGGGGGGGGGGGGGGGGGGGGGGGG------------------------
[2026-04-24 06:21:21,693][rfdiffusion.inference.utils][INFO] - Sampled motif RMSD: 0.12
[2026-04-24 06:21:22,130][rfdiffusion.inference.model_runners][INFO] - Timestep 28, input to next step: -------------------GGGGGGGGGGGGGGGGGGGGGGGGGGGGGG------------------------
[2026-04-24 06:21:26,583][rfdiffusion.inference.utils][INFO] - Sampled motif RMSD: 0.11
[2026-04-24 06:21:26,856][rfdiffusion.inference.model_runners][INFO] - Timestep 27, input to next step: -------------------GGGGGGGGGGGGGGGGGGGGGGGGGGGGGG------------------------
[2026-04-24 06:21:30,940][rfdiffusion.inference.utils][INFO] - Sampled motif RMSD: 0.12
[2026-04-24 06:21:31,274][rfdiffusion.inference.model_runners][INFO] - Timestep 26, input to next step: -------------------GGGGGGGGGGGGGGGGGGGGGGGGGGGGGG------------------------
[2026-04-24 06:21:35,407][rfdiffusion.inference.utils][INFO] - Sampled motif RMSD: 0.12
[2026-04-24 06:21:35,715][rfdiffusion.inference.model_runners][INFO] - Timestep 25, input to next step: -------------------GGGGGGGGGGGGGGGGGGGGGGGGGGGGGG------------------------
[2026-04-24 06:21:39,263][rfdiffusion.inference.utils][INFO] - Sampled motif RMSD: 0.11
[2026-04-24 06:21:39,686][rfdiffusion.inference.model_runners][INFO] - Timestep 24, input to next step: -------------------GGGGGGGGGGGGGGGGGGGGGGGGGGGGGG------------------------
[2026-04-24 06:21:43,728][rfdiffusion.inference.utils][INFO] - Sampled motif RMSD: 0.11
[2026-04-24 06:21:43,944][rfdiffusion.inference.model_runners][INFO] - Timestep 23, input to next step: -------------------GGGGGGGGGGGGGGGGGGGGGGGGGGGGGG------------------------
[2026-04-24 06:21:48,281][rfdiffusion.inference.utils][INFO] - Sampled motif RMSD: 0.11
[2026-04-24 06:21:48,484][rfdiffusion.inference.model_runners][INFO] - Timestep 22, input to next step: -------------------GGGGGGGGGGGGGGGGGGGGGGGGGGGGGG------------------------
[2026-04-24 06:21:51,785][rfdiffusion.inference.utils][INFO] - Sampled motif RMSD: 0.11
[2026-04-24 06:21:52,098][rfdiffusion.inference.model_runners][INFO] - Timestep 21, input to next step: -------------------GGGGGGGGGGGGGGGGGGGGGGGGGGGGGG------------------------
[2026-04-24 06:21:55,360][rfdiffusion.inference.utils][INFO] - Sampled motif RMSD: 0.09
[2026-04-24 06:21:55,489][rfdiffusion.inference.model_runners][INFO] - Timestep 20, input to next step: -------------------GGGGGGGGGGGGGGGGGGGGGGGGGGGGGG------------------------
[2026-04-24 06:22:00,539][rfdiffusion.inference.utils][INFO] - Sampled motif RMSD: 0.09
[2026-04-24 06:22:01,036][rfdiffusion.inference.model_runners][INFO] - Timestep 19, input to next step: -------------------GGGGGGGGGGGGGGGGGGGGGGGGGGGGGG------------------------
[2026-04-24 06:22:06,303][rfdiffusion.inference.utils][INFO] - Sampled motif RMSD: 0.10
[2026-04-24 06:22:06,497][rfdiffusion.inference.model_runners][INFO] - Timestep 18, input to next step: -------------------GGGGGGGGGGGGGGGGGGGGGGGGGGGGGG------------------------
[2026-04-24 06:22:11,184][rfdiffusion.inference.utils][INFO] - Sampled motif RMSD: 0.10
[2026-04-24 06:22:11,309][rfdiffusion.inference.model_runners][INFO] - Timestep 17, input to next step: -------------------GGGGGGGGGGGGGGGGGGGGGGGGGGGGGG------------------------
[2026-04-24 06:22:16,132][rfdiffusion.inference.utils][INFO] - Sampled motif RMSD: 0.10
[2026-04-24 06:22:16,442][rfdiffusion.inference.model_runners][INFO] - Timestep 16, input to next step: -------------------GGGGGGGGGGGGGGGGGGGGGGGGGGGGGG------------------------
[2026-04-24 06:22:20,253][rfdiffusion.inference.utils][INFO] - Sampled motif RMSD: 0.10
[2026-04-24 06:22:20,467][rfdiffusion.inference.model_runners][INFO] - Timestep 15, input to next step: -------------------GGGGGGGGGGGGGGGGGGGGGGGGGGGGGG------------------------
[2026-04-24 06:22:27,994][rfdiffusion.inference.utils][INFO] - Sampled motif RMSD: 0.11
[2026-04-24 06:22:28,296][rfdiffusion.inference.model_runners][INFO] - Timestep 14, input to next step: -------------------GGGGGGGGGGGGGGGGGGGGGGGGGGGGGG------------------------
[2026-04-24 06:22:32,943][rfdiffusion.inference.utils][INFO] - Sampled motif RMSD: 0.10
[2026-04-24 06:22:33,162][rfdiffusion.inference.model_runners][INFO] - Timestep 13, input to next step: -------------------GGGGGGGGGGGGGGGGGGGGGGGGGGGGGG------------------------
[2026-04-24 06:22:38,639][rfdiffusion.inference.utils][INFO] - Sampled motif RMSD: 0.11
[2026-04-24 06:22:39,229][rfdiffusion.inference.model_runners][INFO] - Timestep 12, input to next step: -------------------GGGGGGGGGGGGGGGGGGGGGGGGGGGGGG------------------------
[2026-04-24 06:22:44,693][rfdiffusion.inference.utils][INFO] - Sampled motif RMSD: 0.12
[2026-04-24 06:22:45,048][rfdiffusion.inference.model_runners][INFO] - Timestep 11, input to next step: -------------------GGGGGGGGGGGGGGGGGGGGGGGGGGGGGG------------------------
[2026-04-24 06:22:49,690][rfdiffusion.inference.utils][INFO] - Sampled motif RMSD: 0.13
[2026-04-24 06:22:49,922][rfdiffusion.inference.model_runners][INFO] - Timestep 10, input to next step: -------------------GGGGGGGGGGGGGGGGGGGGGGGGGGGGGG------------------------
[2026-04-24 06:22:54,782][rfdiffusion.inference.utils][INFO] - Sampled motif RMSD: 0.14
[2026-04-24 06:22:55,249][rfdiffusion.inference.model_runners][INFO] - Timestep 9, input to next step: -------------------GGGGGGGGGGGGGGGGGGGGGGGGGGGGGG------------------------
[2026-04-24 06:22:59,556][rfdiffusion.inference.utils][INFO] - Sampled motif RMSD: 0.12
[2026-04-24 06:22:59,864][rfdiffusion.inference.model_runners][INFO] - Timestep 8, input to next step: -------------------GGGGGGGGGGGGGGGGGGGGGGGGGGGGGG------------------------
[2026-04-24 06:23:03,820][rfdiffusion.inference.utils][INFO] - Sampled motif RMSD: 0.13
[2026-04-24 06:23:04,068][rfdiffusion.inference.model_runners][INFO] - Timestep 7, input to next step: -------------------GGGGGGGGGGGGGGGGGGGGGGGGGGGGGG------------------------
[2026-04-24 06:23:07,165][rfdiffusion.inference.utils][INFO] - Sampled motif RMSD: 0.11
[2026-04-24 06:23:07,561][rfdiffusion.inference.model_runners][INFO] - Timestep 6, input to next step: -------------------GGGGGGGGGGGGGGGGGGGGGGGGGGGGGG------------------------
[2026-04-24 06:23:10,873][rfdiffusion.inference.utils][INFO] - Sampled motif RMSD: 0.11
[2026-04-24 06:23:11,220][rfdiffusion.inference.model_runners][INFO] - Timestep 5, input to next step: -------------------GGGGGGGGGGGGGGGGGGGGGGGGGGGGGG------------------------
[2026-04-24 06:23:14,969][rfdiffusion.inference.utils][INFO] - Sampled motif RMSD: 0.11
[2026-04-24 06:23:15,304][rfdiffusion.inference.model_runners][INFO] - Timestep 4, input to next step: -------------------GGGGGGGGGGGGGGGGGGGGGGGGGGGGGG------------------------
[2026-04-24 06:23:19,954][rfdiffusion.inference.utils][INFO] - Sampled motif RMSD: 0.13
[2026-04-24 06:23:20,210][rfdiffusion.inference.model_runners][INFO] - Timestep 3, input to next step: -------------------GGGGGGGGGGGGGGGGGGGGGGGGGGGGGG------------------------
[2026-04-24 06:23:23,857][rfdiffusion.inference.utils][INFO] - Sampled motif RMSD: 0.14
[2026-04-24 06:23:24,168][rfdiffusion.inference.model_runners][INFO] - Timestep 2, input to next step: -------------------GGGGGGGGGGGGGGGGGGGGGGGGGGGGGG------------------------
[2026-04-24 06:23:33,414][__main__][INFO] - Finished design in 4.20 minutes
[2026-04-24 06:23:33,417][__main__][INFO] - Making design /lambda/nfs/manvi/Team_8_CS598GBL/outputs/custom90_128_motif_scaffolding/default/len_096/mid/scaffold_1
[2026-04-24 06:23:33,428][rfdiffusion.inference.model_runners][INFO] - Using contig: ['19-32/A33-62/19-32']
With this beta schedule (linear schedule, beta_0 = 0.04, beta_T = 0.28), alpha_bar_T = 0.00013696048699785024
[2026-04-24 06:23:33,777][rfdiffusion.inference.model_runners][INFO] - Sequence init: --------------------------------GGGGGGGGGGGGGGGGGGGGGGGGGGGGGG-------------------------
[2026-04-24 06:23:39,333][rfdiffusion.inference.utils][INFO] - Sampled motif RMSD: 0.18
[2026-04-24 06:23:39,855][rfdiffusion.inference.model_runners][INFO] - Timestep 50, input to next step: --------------------------------GGGGGGGGGGGGGGGGGGGGGGGGGGGGGG-------------------------
[2026-04-24 06:23:44,749][rfdiffusion.inference.utils][INFO] - Sampled motif RMSD: 0.14
[2026-04-24 06:23:45,044][rfdiffusion.inference.model_runners][INFO] - Timestep 49, input to next step: --------------------------------GGGGGGGGGGGGGGGGGGGGGGGGGGGGGG-------------------------
[2026-04-24 06:23:49,590][rfdiffusion.inference.utils][INFO] - Sampled motif RMSD: 0.14
[2026-04-24 06:23:49,779][rfdiffusion.inference.model_runners][INFO] - Timestep 48, input to next step: --------------------------------GGGGGGGGGGGGGGGGGGGGGGGGGGGGGG-------------------------
[2026-04-24 06:23:54,540][rfdiffusion.inference.utils][INFO] - Sampled motif RMSD: 0.13
[2026-04-24 06:23:54,708][rfdiffusion.inference.model_runners][INFO] - Timestep 47, input to next step: --------------------------------GGGGGGGGGGGGGGGGGGGGGGGGGGGGGG-------------------------
[2026-04-24 06:23:59,486][rfdiffusion.inference.utils][INFO] - Sampled motif RMSD: 0.11
[2026-04-24 06:23:59,887][rfdiffusion.inference.model_runners][INFO] - Timestep 46, input to next step: --------------------------------GGGGGGGGGGGGGGGGGGGGGGGGGGGGGG-------------------------
[2026-04-24 06:24:05,412][rfdiffusion.inference.utils][INFO] - Sampled motif RMSD: 0.12
[2026-04-24 06:24:05,763][rfdiffusion.inference.model_runners][INFO] - Timestep 45, input to next step: --------------------------------GGGGGGGGGGGGGGGGGGGGGGGGGGGGGG-------------------------
[2026-04-24 06:24:10,493][rfdiffusion.inference.utils][INFO] - Sampled motif RMSD: 0.12
[2026-04-24 06:24:10,647][rfdiffusion.inference.model_runners][INFO] - Timestep 44, input to next step: --------------------------------GGGGGGGGGGGGGGGGGGGGGGGGGGGGGG-------------------------
[2026-04-24 06:24:15,578][rfdiffusion.inference.utils][INFO] - Sampled motif RMSD: 0.11
[2026-04-24 06:24:15,896][rfdiffusion.inference.model_runners][INFO] - Timestep 43, input to next step: --------------------------------GGGGGGGGGGGGGGGGGGGGGGGGGGGGGG-------------------------
[2026-04-24 06:24:21,709][rfdiffusion.inference.utils][INFO] - Sampled motif RMSD: 0.10
[2026-04-24 06:24:22,125][rfdiffusion.inference.model_runners][INFO] - Timestep 42, input to next step: --------------------------------GGGGGGGGGGGGGGGGGGGGGGGGGGGGGG-------------------------
[2026-04-24 06:24:28,298][rfdiffusion.inference.utils][INFO] - Sampled motif RMSD: 0.10
[2026-04-24 06:24:28,823][rfdiffusion.inference.model_runners][INFO] - Timestep 41, input to next step: --------------------------------GGGGGGGGGGGGGGGGGGGGGGGGGGGGGG-------------------------
[2026-04-24 06:24:34,575][rfdiffusion.inference.utils][INFO] - Sampled motif RMSD: 0.10
[2026-04-24 06:24:35,000][rfdiffusion.inference.model_runners][INFO] - Timestep 40, input to next step: --------------------------------GGGGGGGGGGGGGGGGGGGGGGGGGGGGGG-------------------------
[2026-04-24 06:24:41,196][rfdiffusion.inference.utils][INFO] - Sampled motif RMSD: 0.10
[2026-04-24 06:24:41,595][rfdiffusion.inference.model_runners][INFO] - Timestep 39, input to next step: --------------------------------GGGGGGGGGGGGGGGGGGGGGGGGGGGGGG-------------------------
[2026-04-24 06:24:47,945][rfdiffusion.inference.utils][INFO] - Sampled motif RMSD: 0.10
[2026-04-24 06:24:48,354][rfdiffusion.inference.model_runners][INFO] - Timestep 38, input to next step: --------------------------------GGGGGGGGGGGGGGGGGGGGGGGGGGGGGG-------------------------
[2026-04-24 06:24:54,027][rfdiffusion.inference.utils][INFO] - Sampled motif RMSD: 0.10
[2026-04-24 06:24:54,443][rfdiffusion.inference.model_runners][INFO] - Timestep 37, input to next step: --------------------------------GGGGGGGGGGGGGGGGGGGGGGGGGGGGGG-------------------------
[2026-04-24 06:25:00,407][rfdiffusion.inference.utils][INFO] - Sampled motif RMSD: 0.10
[2026-04-24 06:25:00,782][rfdiffusion.inference.model_runners][INFO] - Timestep 36, input to next step: --------------------------------GGGGGGGGGGGGGGGGGGGGGGGGGGGGGG-------------------------
[2026-04-24 06:25:07,508][rfdiffusion.inference.utils][INFO] - Sampled motif RMSD: 0.10
[2026-04-24 06:25:08,097][rfdiffusion.inference.model_runners][INFO] - Timestep 35, input to next step: --------------------------------GGGGGGGGGGGGGGGGGGGGGGGGGGGGGG-------------------------
[2026-04-24 06:25:13,127][rfdiffusion.inference.utils][INFO] - Sampled motif RMSD: 0.10
[2026-04-24 06:25:13,510][rfdiffusion.inference.model_runners][INFO] - Timestep 34, input to next step: --------------------------------GGGGGGGGGGGGGGGGGGGGGGGGGGGGGG-------------------------
[2026-04-24 06:25:18,757][rfdiffusion.inference.utils][INFO] - Sampled motif RMSD: 0.10
[2026-04-24 06:25:19,184][rfdiffusion.inference.model_runners][INFO] - Timestep 33, input to next step: --------------------------------GGGGGGGGGGGGGGGGGGGGGGGGGGGGGG-------------------------
[2026-04-24 06:25:22,894][rfdiffusion.inference.utils][INFO] - Sampled motif RMSD: 0.10
[2026-04-24 06:25:23,432][rfdiffusion.inference.model_runners][INFO] - Timestep 32, input to next step: --------------------------------GGGGGGGGGGGGGGGGGGGGGGGGGGGGGG-------------------------
[2026-04-24 06:25:28,488][rfdiffusion.inference.utils][INFO] - Sampled motif RMSD: 0.10
[2026-04-24 06:25:28,845][rfdiffusion.inference.model_runners][INFO] - Timestep 31, input to next step: --------------------------------GGGGGGGGGGGGGGGGGGGGGGGGGGGGGG-------------------------
[2026-04-24 06:25:33,760][rfdiffusion.inference.utils][INFO] - Sampled motif RMSD: 0.11
[2026-04-24 06:25:34,470][rfdiffusion.inference.model_runners][INFO] - Timestep 30, input to next step: --------------------------------GGGGGGGGGGGGGGGGGGGGGGGGGGGGGG-------------------------
[2026-04-24 06:25:40,419][rfdiffusion.inference.utils][INFO] - Sampled motif RMSD: 0.10
[2026-04-24 06:25:40,800][rfdiffusion.inference.model_runners][INFO] - Timestep 29, input to next step: --------------------------------GGGGGGGGGGGGGGGGGGGGGGGGGGGGGG-------------------------
[2026-04-24 06:25:46,308][rfdiffusion.inference.utils][INFO] - Sampled motif RMSD: 0.10
[2026-04-24 06:25:46,681][rfdiffusion.inference.model_runners][INFO] - Timestep 28, input to next step: --------------------------------GGGGGGGGGGGGGGGGGGGGGGGGGGGGGG-------------------------
[2026-04-24 06:25:51,071][rfdiffusion.inference.utils][INFO] - Sampled motif RMSD: 0.10
[2026-04-24 06:25:51,667][rfdiffusion.inference.model_runners][INFO] - Timestep 27, input to next step: --------------------------------GGGGGGGGGGGGGGGGGGGGGGGGGGGGGG-------------------------
[2026-04-24 06:25:58,613][rfdiffusion.inference.utils][INFO] - Sampled motif RMSD: 0.10
[2026-04-24 06:25:58,970][rfdiffusion.inference.model_runners][INFO] - Timestep 26, input to next step: --------------------------------GGGGGGGGGGGGGGGGGGGGGGGGGGGGGG-------------------------
[2026-04-24 06:26:02,580][rfdiffusion.inference.utils][INFO] - Sampled motif RMSD: 0.09
[2026-04-24 06:26:03,017][rfdiffusion.inference.model_runners][INFO] - Timestep 25, input to next step: --------------------------------GGGGGGGGGGGGGGGGGGGGGGGGGGGGGG-------------------------
[2026-04-24 06:26:06,464][rfdiffusion.inference.utils][INFO] - Sampled motif RMSD: 0.09
[2026-04-24 06:26:06,815][rfdiffusion.inference.model_runners][INFO] - Timestep 24, input to next step: --------------------------------GGGGGGGGGGGGGGGGGGGGGGGGGGGGGG-------------------------
[2026-04-24 06:26:11,720][rfdiffusion.inference.utils][INFO] - Sampled motif RMSD: 0.09
[2026-04-24 06:26:12,131][rfdiffusion.inference.model_runners][INFO] - Timestep 23, input to next step: --------------------------------GGGGGGGGGGGGGGGGGGGGGGGGGGGGGG-------------------------
[2026-04-24 06:26:15,954][rfdiffusion.inference.utils][INFO] - Sampled motif RMSD: 0.10
[2026-04-24 06:26:16,391][rfdiffusion.inference.model_runners][INFO] - Timestep 22, input to next step: --------------------------------GGGGGGGGGGGGGGGGGGGGGGGGGGGGGG-------------------------
[2026-04-24 06:26:21,001][rfdiffusion.inference.utils][INFO] - Sampled motif RMSD: 0.09
[2026-04-24 06:26:21,632][rfdiffusion.inference.model_runners][INFO] - Timestep 21, input to next step: --------------------------------GGGGGGGGGGGGGGGGGGGGGGGGGGGGGG-------------------------
[2026-04-24 06:26:25,802][rfdiffusion.inference.utils][INFO] - Sampled motif RMSD: 0.09
[2026-04-24 06:26:26,164][rfdiffusion.inference.model_runners][INFO] - Timestep 20, input to next step: --------------------------------GGGGGGGGGGGGGGGGGGGGGGGGGGGGGG-------------------------
[2026-04-24 06:26:30,769][rfdiffusion.inference.utils][INFO] - Sampled motif RMSD: 0.10
[2026-04-24 06:26:31,070][rfdiffusion.inference.model_runners][INFO] - Timestep 19, input to next step: --------------------------------GGGGGGGGGGGGGGGGGGGGGGGGGGGGGG-------------------------
[2026-04-24 06:26:34,702][rfdiffusion.inference.utils][INFO] - Sampled motif RMSD: 0.09
[2026-04-24 06:26:34,972][rfdiffusion.inference.model_runners][INFO] - Timestep 18, input to next step: --------------------------------GGGGGGGGGGGGGGGGGGGGGGGGGGGGGG-------------------------
[2026-04-24 06:26:38,863][rfdiffusion.inference.utils][INFO] - Sampled motif RMSD: 0.10
[2026-04-24 06:26:39,205][rfdiffusion.inference.model_runners][INFO] - Timestep 17, input to next step: --------------------------------GGGGGGGGGGGGGGGGGGGGGGGGGGGGGG-------------------------
[2026-04-24 06:26:44,019][rfdiffusion.inference.utils][INFO] - Sampled motif RMSD: 0.10
[2026-04-24 06:26:44,422][rfdiffusion.inference.model_runners][INFO] - Timestep 16, input to next step: --------------------------------GGGGGGGGGGGGGGGGGGGGGGGGGGGGGG-------------------------
[2026-04-24 06:26:47,993][rfdiffusion.inference.utils][INFO] - Sampled motif RMSD: 0.10
[2026-04-24 06:26:48,356][rfdiffusion.inference.model_runners][INFO] - Timestep 15, input to next step: --------------------------------GGGGGGGGGGGGGGGGGGGGGGGGGGGGGG-------------------------
[2026-04-24 06:26:52,557][rfdiffusion.inference.utils][INFO] - Sampled motif RMSD: 0.10
[2026-04-24 06:26:52,815][rfdiffusion.inference.model_runners][INFO] - Timestep 14, input to next step: --------------------------------GGGGGGGGGGGGGGGGGGGGGGGGGGGGGG-------------------------
[2026-04-24 06:26:56,490][rfdiffusion.inference.utils][INFO] - Sampled motif RMSD: 0.10
[2026-04-24 06:26:56,835][rfdiffusion.inference.model_runners][INFO] - Timestep 13, input to next step: --------------------------------GGGGGGGGGGGGGGGGGGGGGGGGGGGGGG-------------------------
[2026-04-24 06:27:01,176][rfdiffusion.inference.utils][INFO] - Sampled motif RMSD: 0.10
[2026-04-24 06:27:01,570][rfdiffusion.inference.model_runners][INFO] - Timestep 12, input to next step: --------------------------------GGGGGGGGGGGGGGGGGGGGGGGGGGGGGG-------------------------
[2026-04-24 06:27:06,490][rfdiffusion.inference.utils][INFO] - Sampled motif RMSD: 0.10
[2026-04-24 06:27:06,817][rfdiffusion.inference.model_runners][INFO] - Timestep 11, input to next step: --------------------------------GGGGGGGGGGGGGGGGGGGGGGGGGGGGGG-------------------------
[2026-04-24 06:27:10,912][rfdiffusion.inference.utils][INFO] - Sampled motif RMSD: 0.10
[2026-04-24 06:27:11,215][rfdiffusion.inference.model_runners][INFO] - Timestep 10, input to next step: --------------------------------GGGGGGGGGGGGGGGGGGGGGGGGGGGGGG-------------------------
[2026-04-24 06:27:15,994][rfdiffusion.inference.utils][INFO] - Sampled motif RMSD: 0.11
[2026-04-24 06:27:16,293][rfdiffusion.inference.model_runners][INFO] - Timestep 9, input to next step: --------------------------------GGGGGGGGGGGGGGGGGGGGGGGGGGGGGG-------------------------
[2026-04-24 06:27:21,418][rfdiffusion.inference.utils][INFO] - Sampled motif RMSD: 0.11
[2026-04-24 06:27:21,740][rfdiffusion.inference.model_runners][INFO] - Timestep 8, input to next step: --------------------------------GGGGGGGGGGGGGGGGGGGGGGGGGGGGGG-------------------------
[2026-04-24 06:27:26,890][rfdiffusion.inference.utils][INFO] - Sampled motif RMSD: 0.11
[2026-04-24 06:27:27,219][rfdiffusion.inference.model_runners][INFO] - Timestep 7, input to next step: --------------------------------GGGGGGGGGGGGGGGGGGGGGGGGGGGGGG-------------------------
[2026-04-24 06:27:31,306][rfdiffusion.inference.utils][INFO] - Sampled motif RMSD: 0.11
[2026-04-24 06:27:31,621][rfdiffusion.inference.model_runners][INFO] - Timestep 6, input to next step: --------------------------------GGGGGGGGGGGGGGGGGGGGGGGGGGGGGG-------------------------
[2026-04-24 06:27:36,931][rfdiffusion.inference.utils][INFO] - Sampled motif RMSD: 0.11
[2026-04-24 06:27:37,533][rfdiffusion.inference.model_runners][INFO] - Timestep 5, input to next step: --------------------------------GGGGGGGGGGGGGGGGGGGGGGGGGGGGGG-------------------------
[2026-04-24 06:27:42,053][rfdiffusion.inference.utils][INFO] - Sampled motif RMSD: 0.11
[2026-04-24 06:27:42,416][rfdiffusion.inference.model_runners][INFO] - Timestep 4, input to next step: --------------------------------GGGGGGGGGGGGGGGGGGGGGGGGGGGGGG-------------------------
[2026-04-24 06:27:45,839][rfdiffusion.inference.utils][INFO] - Sampled motif RMSD: 0.11
[2026-04-24 06:27:46,072][rfdiffusion.inference.model_runners][INFO] - Timestep 3, input to next step: --------------------------------GGGGGGGGGGGGGGGGGGGGGGGGGGGGGG-------------------------
[2026-04-24 06:27:49,008][rfdiffusion.inference.utils][INFO] - Sampled motif RMSD: 0.11
[2026-04-24 06:27:49,452][rfdiffusion.inference.model_runners][INFO] - Timestep 2, input to next step: --------------------------------GGGGGGGGGGGGGGGGGGGGGGGGGGGGGG-------------------------
[2026-04-24 06:27:59,322][__main__][INFO] - Finished design in 4.43 minutes
