[2026-04-24 10:47:02,046][__main__][INFO] - Found GPU with device_name NVIDIA A100-SXM4-80GB. Will run RFdiffusion on NVIDIA A100-SXM4-80GB
Reading models from /lambda/nfs/manvi/Team_8_CS598GBL/RFdiffusion/rfdiffusion/inference/../../models
[2026-04-24 10:47:02,050][rfdiffusion.inference.model_runners][INFO] - Reading checkpoint from /lambda/nfs/manvi/Team_8_CS598GBL/RFdiffusion/rfdiffusion/inference/../../models/Base_ckpt.pt
This is inf_conf.ckpt_path
/lambda/nfs/manvi/Team_8_CS598GBL/RFdiffusion/rfdiffusion/inference/../../models/Base_ckpt.pt
Assembling -model, -diffuser and -preprocess configs from checkpoint
USING MODEL CONFIG: self._conf[model][n_extra_block] = 4
USING MODEL CONFIG: self._conf[model][n_main_block] = 32
USING MODEL CONFIG: self._conf[model][n_ref_block] = 4
USING MODEL CONFIG: self._conf[model][d_msa] = 256
USING MODEL CONFIG: self._conf[model][d_msa_full] = 64
USING MODEL CONFIG: self._conf[model][d_pair] = 128
USING MODEL CONFIG: self._conf[model][d_templ] = 64
USING MODEL CONFIG: self._conf[model][n_head_msa] = 8
USING MODEL CONFIG: self._conf[model][n_head_pair] = 4
USING MODEL CONFIG: self._conf[model][n_head_templ] = 4
USING MODEL CONFIG: self._conf[model][d_hidden] = 32
USING MODEL CONFIG: self._conf[model][d_hidden_templ] = 32
USING MODEL CONFIG: self._conf[model][p_drop] = 0.15
USING MODEL CONFIG: self._conf[model][SE3_param_full] = {'num_layers': 1, 'num_channels': 32, 'num_degrees': 2, 'n_heads': 4, 'div': 4, 'l0_in_features': 8, 'l0_out_features': 8, 'l1_in_features': 3, 'l1_out_features': 2, 'num_edge_features': 32}
USING MODEL CONFIG: self._conf[model][SE3_param_topk] = {'num_layers': 1, 'num_channels': 32, 'num_degrees': 2, 'n_heads': 4, 'div': 4, 'l0_in_features': 64, 'l0_out_features': 64, 'l1_in_features': 3, 'l1_out_features': 2, 'num_edge_features': 64}
USING MODEL CONFIG: self._conf[model][freeze_track_motif] = False
USING MODEL CONFIG: self._conf[model][use_motif_timestep] = True
USING MODEL CONFIG: self._conf[diffuser][T] = 50
USING MODEL CONFIG: self._conf[diffuser][b_0] = 0.01
USING MODEL CONFIG: self._conf[diffuser][b_T] = 0.07
USING MODEL CONFIG: self._conf[diffuser][schedule_type] = linear
USING MODEL CONFIG: self._conf[diffuser][so3_type] = igso3
USING MODEL CONFIG: self._conf[diffuser][crd_scale] = 0.25
USING MODEL CONFIG: self._conf[diffuser][so3_schedule_type] = linear
USING MODEL CONFIG: self._conf[diffuser][min_b] = 1.5
USING MODEL CONFIG: self._conf[diffuser][max_b] = 2.5
USING MODEL CONFIG: self._conf[diffuser][min_sigma] = 0.02
USING MODEL CONFIG: self._conf[diffuser][max_sigma] = 1.5
USING MODEL CONFIG: self._conf[preprocess][sidechain_input] = False
USING MODEL CONFIG: self._conf[preprocess][motif_sidechain_input] = True
USING MODEL CONFIG: self._conf[preprocess][d_t1d] = 22
USING MODEL CONFIG: self._conf[preprocess][d_t2d] = 44
USING MODEL CONFIG: self._conf[preprocess][prob_self_cond] = 0.5
USING MODEL CONFIG: self._conf[preprocess][str_self_cond] = True
USING MODEL CONFIG: self._conf[preprocess][predict_previous] = False
[2026-04-24 10:48:02,884][rfdiffusion.inference.model_runners][INFO] - Loading checkpoint.
[2026-04-24 10:48:09,711][rfdiffusion.diffusion][INFO] - Using cached IGSO3.
Successful diffuser __init__
[2026-04-24 10:48:09,778][__main__][INFO] - Making design /lambda/nfs/manvi/Team_8_CS598GBL/outputs/custom90_128_motif_scaffolding/low_noise/len_120/cterm/scaffold_0
[2026-04-24 10:48:09,796][rfdiffusion.inference.model_runners][INFO] - Using contig: ['24-40/A95-120']
With this beta schedule (linear schedule, beta_0 = 0.04, beta_T = 0.28), alpha_bar_T = 0.00013696048699785024
[2026-04-24 10:48:10,055][rfdiffusion.inference.model_runners][INFO] - Sequence init: -------------------------------GGGGGGGGGGGGGGGGGGGGGGGGGG
[2026-04-24 10:48:15,929][rfdiffusion.inference.utils][INFO] - Sampled motif RMSD: 0.14
[2026-04-24 10:48:16,095][rfdiffusion.inference.model_runners][INFO] - Timestep 50, input to next step: -------------------------------GGGGGGGGGGGGGGGGGGGGGGGGGG
[2026-04-24 10:48:17,608][rfdiffusion.inference.utils][INFO] - Sampled motif RMSD: 0.10
[2026-04-24 10:48:17,869][rfdiffusion.inference.model_runners][INFO] - Timestep 49, input to next step: -------------------------------GGGGGGGGGGGGGGGGGGGGGGGGGG
[2026-04-24 10:48:20,737][rfdiffusion.inference.utils][INFO] - Sampled motif RMSD: 0.11
[2026-04-24 10:48:20,917][rfdiffusion.inference.model_runners][INFO] - Timestep 48, input to next step: -------------------------------GGGGGGGGGGGGGGGGGGGGGGGGGG
[2026-04-24 10:48:24,195][rfdiffusion.inference.utils][INFO] - Sampled motif RMSD: 0.11
[2026-04-24 10:48:24,377][rfdiffusion.inference.model_runners][INFO] - Timestep 47, input to next step: -------------------------------GGGGGGGGGGGGGGGGGGGGGGGGGG
[2026-04-24 10:48:26,291][rfdiffusion.inference.utils][INFO] - Sampled motif RMSD: 0.11
[2026-04-24 10:48:26,511][rfdiffusion.inference.model_runners][INFO] - Timestep 46, input to next step: -------------------------------GGGGGGGGGGGGGGGGGGGGGGGGGG
[2026-04-24 10:48:30,370][rfdiffusion.inference.utils][INFO] - Sampled motif RMSD: 0.10
[2026-04-24 10:48:30,554][rfdiffusion.inference.model_runners][INFO] - Timestep 45, input to next step: -------------------------------GGGGGGGGGGGGGGGGGGGGGGGGGG
[2026-04-24 10:48:33,324][rfdiffusion.inference.utils][INFO] - Sampled motif RMSD: 0.11
[2026-04-24 10:48:33,497][rfdiffusion.inference.model_runners][INFO] - Timestep 44, input to next step: -------------------------------GGGGGGGGGGGGGGGGGGGGGGGGGG
[2026-04-24 10:48:36,429][rfdiffusion.inference.utils][INFO] - Sampled motif RMSD: 0.11
[2026-04-24 10:48:36,612][rfdiffusion.inference.model_runners][INFO] - Timestep 43, input to next step: -------------------------------GGGGGGGGGGGGGGGGGGGGGGGGGG
[2026-04-24 10:48:40,711][rfdiffusion.inference.utils][INFO] - Sampled motif RMSD: 0.11
[2026-04-24 10:48:41,084][rfdiffusion.inference.model_runners][INFO] - Timestep 42, input to next step: -------------------------------GGGGGGGGGGGGGGGGGGGGGGGGGG
[2026-04-24 10:48:46,798][rfdiffusion.inference.utils][INFO] - Sampled motif RMSD: 0.11
[2026-04-24 10:48:47,154][rfdiffusion.inference.model_runners][INFO] - Timestep 41, input to next step: -------------------------------GGGGGGGGGGGGGGGGGGGGGGGGGG
[2026-04-24 10:48:52,616][rfdiffusion.inference.utils][INFO] - Sampled motif RMSD: 0.11
[2026-04-24 10:48:52,943][rfdiffusion.inference.model_runners][INFO] - Timestep 40, input to next step: -------------------------------GGGGGGGGGGGGGGGGGGGGGGGGGG
[2026-04-24 10:48:57,728][rfdiffusion.inference.utils][INFO] - Sampled motif RMSD: 0.11
[2026-04-24 10:48:58,276][rfdiffusion.inference.model_runners][INFO] - Timestep 39, input to next step: -------------------------------GGGGGGGGGGGGGGGGGGGGGGGGGG
[2026-04-24 10:49:03,427][rfdiffusion.inference.utils][INFO] - Sampled motif RMSD: 0.11
[2026-04-24 10:49:04,079][rfdiffusion.inference.model_runners][INFO] - Timestep 38, input to next step: -------------------------------GGGGGGGGGGGGGGGGGGGGGGGGGG
[2026-04-24 10:49:10,795][rfdiffusion.inference.utils][INFO] - Sampled motif RMSD: 0.11
[2026-04-24 10:49:11,680][rfdiffusion.inference.model_runners][INFO] - Timestep 37, input to next step: -------------------------------GGGGGGGGGGGGGGGGGGGGGGGGGG
[2026-04-24 10:49:18,980][rfdiffusion.inference.utils][INFO] - Sampled motif RMSD: 0.10
[2026-04-24 10:49:19,517][rfdiffusion.inference.model_runners][INFO] - Timestep 36, input to next step: -------------------------------GGGGGGGGGGGGGGGGGGGGGGGGGG
[2026-04-24 10:49:26,766][rfdiffusion.inference.utils][INFO] - Sampled motif RMSD: 0.11
[2026-04-24 10:49:27,312][rfdiffusion.inference.model_runners][INFO] - Timestep 35, input to next step: -------------------------------GGGGGGGGGGGGGGGGGGGGGGGGGG
[2026-04-24 10:49:33,245][rfdiffusion.inference.utils][INFO] - Sampled motif RMSD: 0.10
[2026-04-24 10:49:33,567][rfdiffusion.inference.model_runners][INFO] - Timestep 34, input to next step: -------------------------------GGGGGGGGGGGGGGGGGGGGGGGGGG
[2026-04-24 10:49:38,974][rfdiffusion.inference.utils][INFO] - Sampled motif RMSD: 0.10
[2026-04-24 10:49:39,331][rfdiffusion.inference.model_runners][INFO] - Timestep 33, input to next step: -------------------------------GGGGGGGGGGGGGGGGGGGGGGGGGG
[2026-04-24 10:49:44,275][rfdiffusion.inference.utils][INFO] - Sampled motif RMSD: 0.10
[2026-04-24 10:49:44,603][rfdiffusion.inference.model_runners][INFO] - Timestep 32, input to next step: -------------------------------GGGGGGGGGGGGGGGGGGGGGGGGGG
[2026-04-24 10:49:49,502][rfdiffusion.inference.utils][INFO] - Sampled motif RMSD: 0.10
[2026-04-24 10:49:49,813][rfdiffusion.inference.model_runners][INFO] - Timestep 31, input to next step: -------------------------------GGGGGGGGGGGGGGGGGGGGGGGGGG
[2026-04-24 10:49:53,832][rfdiffusion.inference.utils][INFO] - Sampled motif RMSD: 0.10
[2026-04-24 10:49:54,048][rfdiffusion.inference.model_runners][INFO] - Timestep 30, input to next step: -------------------------------GGGGGGGGGGGGGGGGGGGGGGGGGG
[2026-04-24 10:49:58,912][rfdiffusion.inference.utils][INFO] - Sampled motif RMSD: 0.10
[2026-04-24 10:49:59,302][rfdiffusion.inference.model_runners][INFO] - Timestep 29, input to next step: -------------------------------GGGGGGGGGGGGGGGGGGGGGGGGGG
[2026-04-24 10:50:03,765][rfdiffusion.inference.utils][INFO] - Sampled motif RMSD: 0.10
[2026-04-24 10:50:04,153][rfdiffusion.inference.model_runners][INFO] - Timestep 28, input to next step: -------------------------------GGGGGGGGGGGGGGGGGGGGGGGGGG
[2026-04-24 10:50:08,221][rfdiffusion.inference.utils][INFO] - Sampled motif RMSD: 0.10
[2026-04-24 10:50:08,630][rfdiffusion.inference.model_runners][INFO] - Timestep 27, input to next step: -------------------------------GGGGGGGGGGGGGGGGGGGGGGGGGG
[2026-04-24 10:50:13,433][rfdiffusion.inference.utils][INFO] - Sampled motif RMSD: 0.10
[2026-04-24 10:50:13,823][rfdiffusion.inference.model_runners][INFO] - Timestep 26, input to next step: -------------------------------GGGGGGGGGGGGGGGGGGGGGGGGGG
[2026-04-24 10:50:20,341][rfdiffusion.inference.utils][INFO] - Sampled motif RMSD: 0.10
[2026-04-24 10:50:20,789][rfdiffusion.inference.model_runners][INFO] - Timestep 25, input to next step: -------------------------------GGGGGGGGGGGGGGGGGGGGGGGGGG
[2026-04-24 10:50:27,153][rfdiffusion.inference.utils][INFO] - Sampled motif RMSD: 0.10
[2026-04-24 10:50:27,584][rfdiffusion.inference.model_runners][INFO] - Timestep 24, input to next step: -------------------------------GGGGGGGGGGGGGGGGGGGGGGGGGG
[2026-04-24 10:50:35,294][rfdiffusion.inference.utils][INFO] - Sampled motif RMSD: 0.10
[2026-04-24 10:50:35,870][rfdiffusion.inference.model_runners][INFO] - Timestep 23, input to next step: -------------------------------GGGGGGGGGGGGGGGGGGGGGGGGGG
[2026-04-24 10:50:40,874][rfdiffusion.inference.utils][INFO] - Sampled motif RMSD: 0.10
[2026-04-24 10:50:41,313][rfdiffusion.inference.model_runners][INFO] - Timestep 22, input to next step: -------------------------------GGGGGGGGGGGGGGGGGGGGGGGGGG
[2026-04-24 10:50:47,851][rfdiffusion.inference.utils][INFO] - Sampled motif RMSD: 0.10
[2026-04-24 10:50:48,219][rfdiffusion.inference.model_runners][INFO] - Timestep 21, input to next step: -------------------------------GGGGGGGGGGGGGGGGGGGGGGGGGG
[2026-04-24 10:50:52,474][rfdiffusion.inference.utils][INFO] - Sampled motif RMSD: 0.11
[2026-04-24 10:50:52,950][rfdiffusion.inference.model_runners][INFO] - Timestep 20, input to next step: -------------------------------GGGGGGGGGGGGGGGGGGGGGGGGGG
[2026-04-24 10:50:59,790][rfdiffusion.inference.utils][INFO] - Sampled motif RMSD: 0.11
[2026-04-24 10:51:00,251][rfdiffusion.inference.model_runners][INFO] - Timestep 19, input to next step: -------------------------------GGGGGGGGGGGGGGGGGGGGGGGGGG
[2026-04-24 10:51:07,272][rfdiffusion.inference.utils][INFO] - Sampled motif RMSD: 0.10
[2026-04-24 10:51:07,611][rfdiffusion.inference.model_runners][INFO] - Timestep 18, input to next step: -------------------------------GGGGGGGGGGGGGGGGGGGGGGGGGG
[2026-04-24 10:51:14,091][rfdiffusion.inference.utils][INFO] - Sampled motif RMSD: 0.11
[2026-04-24 10:51:14,761][rfdiffusion.inference.model_runners][INFO] - Timestep 17, input to next step: -------------------------------GGGGGGGGGGGGGGGGGGGGGGGGGG
[2026-04-24 10:51:22,126][rfdiffusion.inference.utils][INFO] - Sampled motif RMSD: 0.11
[2026-04-24 10:51:22,353][rfdiffusion.inference.model_runners][INFO] - Timestep 16, input to next step: -------------------------------GGGGGGGGGGGGGGGGGGGGGGGGGG
[2026-04-24 10:51:29,314][rfdiffusion.inference.utils][INFO] - Sampled motif RMSD: 0.11
[2026-04-24 10:51:29,817][rfdiffusion.inference.model_runners][INFO] - Timestep 15, input to next step: -------------------------------GGGGGGGGGGGGGGGGGGGGGGGGGG
[2026-04-24 10:51:37,252][rfdiffusion.inference.utils][INFO] - Sampled motif RMSD: 0.11
[2026-04-24 10:51:37,764][rfdiffusion.inference.model_runners][INFO] - Timestep 14, input to next step: -------------------------------GGGGGGGGGGGGGGGGGGGGGGGGGG
[2026-04-24 10:51:44,366][rfdiffusion.inference.utils][INFO] - Sampled motif RMSD: 0.12
[2026-04-24 10:51:44,857][rfdiffusion.inference.model_runners][INFO] - Timestep 13, input to next step: -------------------------------GGGGGGGGGGGGGGGGGGGGGGGGGG
[2026-04-24 10:51:52,617][rfdiffusion.inference.utils][INFO] - Sampled motif RMSD: 0.11
[2026-04-24 10:51:53,231][rfdiffusion.inference.model_runners][INFO] - Timestep 12, input to next step: -------------------------------GGGGGGGGGGGGGGGGGGGGGGGGGG
[2026-04-24 10:51:59,502][rfdiffusion.inference.utils][INFO] - Sampled motif RMSD: 0.12
[2026-04-24 10:51:59,983][rfdiffusion.inference.model_runners][INFO] - Timestep 11, input to next step: -------------------------------GGGGGGGGGGGGGGGGGGGGGGGGGG
[2026-04-24 10:52:07,076][rfdiffusion.inference.utils][INFO] - Sampled motif RMSD: 0.11
[2026-04-24 10:52:07,757][rfdiffusion.inference.model_runners][INFO] - Timestep 10, input to next step: -------------------------------GGGGGGGGGGGGGGGGGGGGGGGGGG
[2026-04-24 10:52:10,810][rfdiffusion.inference.utils][INFO] - Sampled motif RMSD: 0.11
[2026-04-24 10:52:11,578][rfdiffusion.inference.model_runners][INFO] - Timestep 9, input to next step: -------------------------------GGGGGGGGGGGGGGGGGGGGGGGGGG
[2026-04-24 10:52:19,821][rfdiffusion.inference.utils][INFO] - Sampled motif RMSD: 0.11
[2026-04-24 10:52:20,527][rfdiffusion.inference.model_runners][INFO] - Timestep 8, input to next step: -------------------------------GGGGGGGGGGGGGGGGGGGGGGGGGG
[2026-04-24 10:52:22,999][rfdiffusion.inference.utils][INFO] - Sampled motif RMSD: 0.11
[2026-04-24 10:52:23,445][rfdiffusion.inference.model_runners][INFO] - Timestep 7, input to next step: -------------------------------GGGGGGGGGGGGGGGGGGGGGGGGGG
[2026-04-24 10:52:28,744][rfdiffusion.inference.utils][INFO] - Sampled motif RMSD: 0.11
[2026-04-24 10:52:29,326][rfdiffusion.inference.model_runners][INFO] - Timestep 6, input to next step: -------------------------------GGGGGGGGGGGGGGGGGGGGGGGGGG
[2026-04-24 10:52:36,646][rfdiffusion.inference.utils][INFO] - Sampled motif RMSD: 0.13
[2026-04-24 10:52:37,174][rfdiffusion.inference.model_runners][INFO] - Timestep 5, input to next step: -------------------------------GGGGGGGGGGGGGGGGGGGGGGGGGG
[2026-04-24 10:52:42,140][rfdiffusion.inference.utils][INFO] - Sampled motif RMSD: 0.13
[2026-04-24 10:52:42,462][rfdiffusion.inference.model_runners][INFO] - Timestep 4, input to next step: -------------------------------GGGGGGGGGGGGGGGGGGGGGGGGGG
[2026-04-24 10:52:48,002][rfdiffusion.inference.utils][INFO] - Sampled motif RMSD: 0.12
[2026-04-24 10:52:48,508][rfdiffusion.inference.model_runners][INFO] - Timestep 3, input to next step: -------------------------------GGGGGGGGGGGGGGGGGGGGGGGGGG
[2026-04-24 10:52:53,744][rfdiffusion.inference.utils][INFO] - Sampled motif RMSD: 0.12
[2026-04-24 10:52:54,099][rfdiffusion.inference.model_runners][INFO] - Timestep 2, input to next step: -------------------------------GGGGGGGGGGGGGGGGGGGGGGGGGG
[2026-04-24 10:53:03,381][__main__][INFO] - Finished design in 4.89 minutes
