[2026-04-24 07:28:27,292][__main__][INFO] - Found GPU with device_name NVIDIA A100-SXM4-80GB. Will run RFdiffusion on NVIDIA A100-SXM4-80GB
Reading models from /lambda/nfs/manvi/Team_8_CS598GBL/RFdiffusion/rfdiffusion/inference/../../models
[2026-04-24 07:28:27,294][rfdiffusion.inference.model_runners][INFO] - Reading checkpoint from /lambda/nfs/manvi/Team_8_CS598GBL/RFdiffusion/rfdiffusion/inference/../../models/Base_ckpt.pt
This is inf_conf.ckpt_path
/lambda/nfs/manvi/Team_8_CS598GBL/RFdiffusion/rfdiffusion/inference/../../models/Base_ckpt.pt
Assembling -model, -diffuser and -preprocess configs from checkpoint
USING MODEL CONFIG: self._conf[model][n_extra_block] = 4
USING MODEL CONFIG: self._conf[model][n_main_block] = 32
USING MODEL CONFIG: self._conf[model][n_ref_block] = 4
USING MODEL CONFIG: self._conf[model][d_msa] = 256
USING MODEL CONFIG: self._conf[model][d_msa_full] = 64
USING MODEL CONFIG: self._conf[model][d_pair] = 128
USING MODEL CONFIG: self._conf[model][d_templ] = 64
USING MODEL CONFIG: self._conf[model][n_head_msa] = 8
USING MODEL CONFIG: self._conf[model][n_head_pair] = 4
USING MODEL CONFIG: self._conf[model][n_head_templ] = 4
USING MODEL CONFIG: self._conf[model][d_hidden] = 32
USING MODEL CONFIG: self._conf[model][d_hidden_templ] = 32
USING MODEL CONFIG: self._conf[model][p_drop] = 0.15
USING MODEL CONFIG: self._conf[model][SE3_param_full] = {'num_layers': 1, 'num_channels': 32, 'num_degrees': 2, 'n_heads': 4, 'div': 4, 'l0_in_features': 8, 'l0_out_features': 8, 'l1_in_features': 3, 'l1_out_features': 2, 'num_edge_features': 32}
USING MODEL CONFIG: self._conf[model][SE3_param_topk] = {'num_layers': 1, 'num_channels': 32, 'num_degrees': 2, 'n_heads': 4, 'div': 4, 'l0_in_features': 64, 'l0_out_features': 64, 'l1_in_features': 3, 'l1_out_features': 2, 'num_edge_features': 64}
USING MODEL CONFIG: self._conf[model][freeze_track_motif] = False
USING MODEL CONFIG: self._conf[model][use_motif_timestep] = True
USING MODEL CONFIG: self._conf[diffuser][T] = 50
USING MODEL CONFIG: self._conf[diffuser][b_0] = 0.01
USING MODEL CONFIG: self._conf[diffuser][b_T] = 0.07
USING MODEL CONFIG: self._conf[diffuser][schedule_type] = linear
USING MODEL CONFIG: self._conf[diffuser][so3_type] = igso3
USING MODEL CONFIG: self._conf[diffuser][crd_scale] = 0.25
USING MODEL CONFIG: self._conf[diffuser][so3_schedule_type] = linear
USING MODEL CONFIG: self._conf[diffuser][min_b] = 1.5
USING MODEL CONFIG: self._conf[diffuser][max_b] = 2.5
USING MODEL CONFIG: self._conf[diffuser][min_sigma] = 0.02
USING MODEL CONFIG: self._conf[diffuser][max_sigma] = 1.5
USING MODEL CONFIG: self._conf[preprocess][sidechain_input] = False
USING MODEL CONFIG: self._conf[preprocess][motif_sidechain_input] = True
USING MODEL CONFIG: self._conf[preprocess][d_t1d] = 22
USING MODEL CONFIG: self._conf[preprocess][d_t2d] = 44
USING MODEL CONFIG: self._conf[preprocess][prob_self_cond] = 0.5
USING MODEL CONFIG: self._conf[preprocess][str_self_cond] = True
USING MODEL CONFIG: self._conf[preprocess][predict_previous] = False
[2026-04-24 07:29:27,376][rfdiffusion.inference.model_runners][INFO] - Loading checkpoint.
[2026-04-24 07:29:45,239][rfdiffusion.diffusion][INFO] - Using cached IGSO3.
Successful diffuser __init__
[2026-04-24 07:29:45,289][__main__][INFO] - Making design /lambda/nfs/manvi/Team_8_CS598GBL/outputs/custom90_128_motif_scaffolding/default/len_119/balanced/scaffold_0
[2026-04-24 07:29:45,301][rfdiffusion.inference.model_runners][INFO] - Using contig: ['23-39/A26-53/23-39']
With this beta schedule (linear schedule, beta_0 = 0.04, beta_T = 0.28), alpha_bar_T = 0.00013696048699785024
[2026-04-24 07:29:45,814][rfdiffusion.inference.model_runners][INFO] - Sequence init: ---------------------------------------GGGGGGGGGGGGGGGGGGGGGGGGGGGG-----------------------
[2026-04-24 07:29:54,973][rfdiffusion.inference.utils][INFO] - Sampled motif RMSD: 0.28
[2026-04-24 07:29:55,140][rfdiffusion.inference.model_runners][INFO] - Timestep 50, input to next step: ---------------------------------------GGGGGGGGGGGGGGGGGGGGGGGGGGGG-----------------------
[2026-04-24 07:30:00,952][rfdiffusion.inference.utils][INFO] - Sampled motif RMSD: 0.21
[2026-04-24 07:30:01,195][rfdiffusion.inference.model_runners][INFO] - Timestep 49, input to next step: ---------------------------------------GGGGGGGGGGGGGGGGGGGGGGGGGGGG-----------------------
[2026-04-24 07:30:07,111][rfdiffusion.inference.utils][INFO] - Sampled motif RMSD: 0.20
[2026-04-24 07:30:07,454][rfdiffusion.inference.model_runners][INFO] - Timestep 48, input to next step: ---------------------------------------GGGGGGGGGGGGGGGGGGGGGGGGGGGG-----------------------
[2026-04-24 07:30:11,961][rfdiffusion.inference.utils][INFO] - Sampled motif RMSD: 0.21
[2026-04-24 07:30:12,087][rfdiffusion.inference.model_runners][INFO] - Timestep 47, input to next step: ---------------------------------------GGGGGGGGGGGGGGGGGGGGGGGGGGGG-----------------------
[2026-04-24 07:30:18,532][rfdiffusion.inference.utils][INFO] - Sampled motif RMSD: 0.22
[2026-04-24 07:30:18,655][rfdiffusion.inference.model_runners][INFO] - Timestep 46, input to next step: ---------------------------------------GGGGGGGGGGGGGGGGGGGGGGGGGGGG-----------------------
[2026-04-24 07:30:24,731][rfdiffusion.inference.utils][INFO] - Sampled motif RMSD: 0.22
[2026-04-24 07:30:25,091][rfdiffusion.inference.model_runners][INFO] - Timestep 45, input to next step: ---------------------------------------GGGGGGGGGGGGGGGGGGGGGGGGGGGG-----------------------
[2026-04-24 07:30:28,913][rfdiffusion.inference.utils][INFO] - Sampled motif RMSD: 0.21
[2026-04-24 07:30:29,169][rfdiffusion.inference.model_runners][INFO] - Timestep 44, input to next step: ---------------------------------------GGGGGGGGGGGGGGGGGGGGGGGGGGGG-----------------------
[2026-04-24 07:30:32,729][rfdiffusion.inference.utils][INFO] - Sampled motif RMSD: 0.20
[2026-04-24 07:30:32,900][rfdiffusion.inference.model_runners][INFO] - Timestep 43, input to next step: ---------------------------------------GGGGGGGGGGGGGGGGGGGGGGGGGGGG-----------------------
[2026-04-24 07:30:36,615][rfdiffusion.inference.utils][INFO] - Sampled motif RMSD: 0.21
[2026-04-24 07:30:36,953][rfdiffusion.inference.model_runners][INFO] - Timestep 42, input to next step: ---------------------------------------GGGGGGGGGGGGGGGGGGGGGGGGGGGG-----------------------
[2026-04-24 07:30:40,737][rfdiffusion.inference.utils][INFO] - Sampled motif RMSD: 0.23
[2026-04-24 07:30:41,001][rfdiffusion.inference.model_runners][INFO] - Timestep 41, input to next step: ---------------------------------------GGGGGGGGGGGGGGGGGGGGGGGGGGGG-----------------------
[2026-04-24 07:30:44,015][rfdiffusion.inference.utils][INFO] - Sampled motif RMSD: 0.21
[2026-04-24 07:30:44,508][rfdiffusion.inference.model_runners][INFO] - Timestep 40, input to next step: ---------------------------------------GGGGGGGGGGGGGGGGGGGGGGGGGGGG-----------------------
[2026-04-24 07:30:47,701][rfdiffusion.inference.utils][INFO] - Sampled motif RMSD: 0.23
[2026-04-24 07:30:48,135][rfdiffusion.inference.model_runners][INFO] - Timestep 39, input to next step: ---------------------------------------GGGGGGGGGGGGGGGGGGGGGGGGGGGG-----------------------
[2026-04-24 07:30:52,279][rfdiffusion.inference.utils][INFO] - Sampled motif RMSD: 0.23
[2026-04-24 07:30:52,540][rfdiffusion.inference.model_runners][INFO] - Timestep 38, input to next step: ---------------------------------------GGGGGGGGGGGGGGGGGGGGGGGGGGGG-----------------------
[2026-04-24 07:30:55,359][rfdiffusion.inference.utils][INFO] - Sampled motif RMSD: 0.22
[2026-04-24 07:30:55,569][rfdiffusion.inference.model_runners][INFO] - Timestep 37, input to next step: ---------------------------------------GGGGGGGGGGGGGGGGGGGGGGGGGGGG-----------------------
[2026-04-24 07:30:59,244][rfdiffusion.inference.utils][INFO] - Sampled motif RMSD: 0.21
[2026-04-24 07:30:59,458][rfdiffusion.inference.model_runners][INFO] - Timestep 36, input to next step: ---------------------------------------GGGGGGGGGGGGGGGGGGGGGGGGGGGG-----------------------
[2026-04-24 07:31:02,695][rfdiffusion.inference.utils][INFO] - Sampled motif RMSD: 0.23
[2026-04-24 07:31:02,865][rfdiffusion.inference.model_runners][INFO] - Timestep 35, input to next step: ---------------------------------------GGGGGGGGGGGGGGGGGGGGGGGGGGGG-----------------------
[2026-04-24 07:31:07,693][rfdiffusion.inference.utils][INFO] - Sampled motif RMSD: 0.24
[2026-04-24 07:31:07,904][rfdiffusion.inference.model_runners][INFO] - Timestep 34, input to next step: ---------------------------------------GGGGGGGGGGGGGGGGGGGGGGGGGGGG-----------------------
[2026-04-24 07:31:12,390][rfdiffusion.inference.utils][INFO] - Sampled motif RMSD: 0.23
[2026-04-24 07:31:12,667][rfdiffusion.inference.model_runners][INFO] - Timestep 33, input to next step: ---------------------------------------GGGGGGGGGGGGGGGGGGGGGGGGGGGG-----------------------
[2026-04-24 07:31:17,267][rfdiffusion.inference.utils][INFO] - Sampled motif RMSD: 0.21
[2026-04-24 07:31:17,586][rfdiffusion.inference.model_runners][INFO] - Timestep 32, input to next step: ---------------------------------------GGGGGGGGGGGGGGGGGGGGGGGGGGGG-----------------------
[2026-04-24 07:31:21,515][rfdiffusion.inference.utils][INFO] - Sampled motif RMSD: 0.23
[2026-04-24 07:31:21,759][rfdiffusion.inference.model_runners][INFO] - Timestep 31, input to next step: ---------------------------------------GGGGGGGGGGGGGGGGGGGGGGGGGGGG-----------------------
[2026-04-24 07:31:25,110][rfdiffusion.inference.utils][INFO] - Sampled motif RMSD: 0.24
[2026-04-24 07:31:25,533][rfdiffusion.inference.model_runners][INFO] - Timestep 30, input to next step: ---------------------------------------GGGGGGGGGGGGGGGGGGGGGGGGGGGG-----------------------
[2026-04-24 07:31:29,634][rfdiffusion.inference.utils][INFO] - Sampled motif RMSD: 0.27
[2026-04-24 07:31:29,993][rfdiffusion.inference.model_runners][INFO] - Timestep 29, input to next step: ---------------------------------------GGGGGGGGGGGGGGGGGGGGGGGGGGGG-----------------------
[2026-04-24 07:31:35,042][rfdiffusion.inference.utils][INFO] - Sampled motif RMSD: 0.29
[2026-04-24 07:31:35,318][rfdiffusion.inference.model_runners][INFO] - Timestep 28, input to next step: ---------------------------------------GGGGGGGGGGGGGGGGGGGGGGGGGGGG-----------------------
[2026-04-24 07:31:38,956][rfdiffusion.inference.utils][INFO] - Sampled motif RMSD: 0.30
[2026-04-24 07:31:39,200][rfdiffusion.inference.model_runners][INFO] - Timestep 27, input to next step: ---------------------------------------GGGGGGGGGGGGGGGGGGGGGGGGGGGG-----------------------
[2026-04-24 07:31:42,761][rfdiffusion.inference.utils][INFO] - Sampled motif RMSD: 0.29
[2026-04-24 07:31:43,129][rfdiffusion.inference.model_runners][INFO] - Timestep 26, input to next step: ---------------------------------------GGGGGGGGGGGGGGGGGGGGGGGGGGGG-----------------------
[2026-04-24 07:31:46,972][rfdiffusion.inference.utils][INFO] - Sampled motif RMSD: 0.28
[2026-04-24 07:31:47,455][rfdiffusion.inference.model_runners][INFO] - Timestep 25, input to next step: ---------------------------------------GGGGGGGGGGGGGGGGGGGGGGGGGGGG-----------------------
[2026-04-24 07:31:51,075][rfdiffusion.inference.utils][INFO] - Sampled motif RMSD: 0.30
[2026-04-24 07:31:51,276][rfdiffusion.inference.model_runners][INFO] - Timestep 24, input to next step: ---------------------------------------GGGGGGGGGGGGGGGGGGGGGGGGGGGG-----------------------
[2026-04-24 07:31:55,111][rfdiffusion.inference.utils][INFO] - Sampled motif RMSD: 0.29
[2026-04-24 07:31:55,310][rfdiffusion.inference.model_runners][INFO] - Timestep 23, input to next step: ---------------------------------------GGGGGGGGGGGGGGGGGGGGGGGGGGGG-----------------------
[2026-04-24 07:31:59,690][rfdiffusion.inference.utils][INFO] - Sampled motif RMSD: 0.28
[2026-04-24 07:31:59,887][rfdiffusion.inference.model_runners][INFO] - Timestep 22, input to next step: ---------------------------------------GGGGGGGGGGGGGGGGGGGGGGGGGGGG-----------------------
[2026-04-24 07:32:03,507][rfdiffusion.inference.utils][INFO] - Sampled motif RMSD: 0.28
[2026-04-24 07:32:03,824][rfdiffusion.inference.model_runners][INFO] - Timestep 21, input to next step: ---------------------------------------GGGGGGGGGGGGGGGGGGGGGGGGGGGG-----------------------
[2026-04-24 07:32:08,559][rfdiffusion.inference.utils][INFO] - Sampled motif RMSD: 0.27
[2026-04-24 07:32:08,792][rfdiffusion.inference.model_runners][INFO] - Timestep 20, input to next step: ---------------------------------------GGGGGGGGGGGGGGGGGGGGGGGGGGGG-----------------------
[2026-04-24 07:32:13,399][rfdiffusion.inference.utils][INFO] - Sampled motif RMSD: 0.28
[2026-04-24 07:32:13,719][rfdiffusion.inference.model_runners][INFO] - Timestep 19, input to next step: ---------------------------------------GGGGGGGGGGGGGGGGGGGGGGGGGGGG-----------------------
[2026-04-24 07:32:19,936][rfdiffusion.inference.utils][INFO] - Sampled motif RMSD: 0.28
[2026-04-24 07:32:20,583][rfdiffusion.inference.model_runners][INFO] - Timestep 18, input to next step: ---------------------------------------GGGGGGGGGGGGGGGGGGGGGGGGGGGG-----------------------
[2026-04-24 07:32:25,565][rfdiffusion.inference.utils][INFO] - Sampled motif RMSD: 0.28
[2026-04-24 07:32:25,907][rfdiffusion.inference.model_runners][INFO] - Timestep 17, input to next step: ---------------------------------------GGGGGGGGGGGGGGGGGGGGGGGGGGGG-----------------------
[2026-04-24 07:32:30,418][rfdiffusion.inference.utils][INFO] - Sampled motif RMSD: 0.28
[2026-04-24 07:32:30,728][rfdiffusion.inference.model_runners][INFO] - Timestep 16, input to next step: ---------------------------------------GGGGGGGGGGGGGGGGGGGGGGGGGGGG-----------------------
[2026-04-24 07:32:33,952][rfdiffusion.inference.utils][INFO] - Sampled motif RMSD: 0.29
[2026-04-24 07:32:34,440][rfdiffusion.inference.model_runners][INFO] - Timestep 15, input to next step: ---------------------------------------GGGGGGGGGGGGGGGGGGGGGGGGGGGG-----------------------
[2026-04-24 07:32:39,069][rfdiffusion.inference.utils][INFO] - Sampled motif RMSD: 0.28
[2026-04-24 07:32:39,496][rfdiffusion.inference.model_runners][INFO] - Timestep 14, input to next step: ---------------------------------------GGGGGGGGGGGGGGGGGGGGGGGGGGGG-----------------------
[2026-04-24 07:32:43,377][rfdiffusion.inference.utils][INFO] - Sampled motif RMSD: 0.29
[2026-04-24 07:32:43,665][rfdiffusion.inference.model_runners][INFO] - Timestep 13, input to next step: ---------------------------------------GGGGGGGGGGGGGGGGGGGGGGGGGGGG-----------------------
[2026-04-24 07:32:47,555][rfdiffusion.inference.utils][INFO] - Sampled motif RMSD: 0.29
[2026-04-24 07:32:47,724][rfdiffusion.inference.model_runners][INFO] - Timestep 12, input to next step: ---------------------------------------GGGGGGGGGGGGGGGGGGGGGGGGGGGG-----------------------
[2026-04-24 07:32:52,521][rfdiffusion.inference.utils][INFO] - Sampled motif RMSD: 0.28
[2026-04-24 07:32:52,702][rfdiffusion.inference.model_runners][INFO] - Timestep 11, input to next step: ---------------------------------------GGGGGGGGGGGGGGGGGGGGGGGGGGGG-----------------------
[2026-04-24 07:32:58,550][rfdiffusion.inference.utils][INFO] - Sampled motif RMSD: 0.27
[2026-04-24 07:32:58,854][rfdiffusion.inference.model_runners][INFO] - Timestep 10, input to next step: ---------------------------------------GGGGGGGGGGGGGGGGGGGGGGGGGGGG-----------------------
[2026-04-24 07:33:02,556][rfdiffusion.inference.utils][INFO] - Sampled motif RMSD: 0.26
[2026-04-24 07:33:02,928][rfdiffusion.inference.model_runners][INFO] - Timestep 9, input to next step: ---------------------------------------GGGGGGGGGGGGGGGGGGGGGGGGGGGG-----------------------
[2026-04-24 07:33:07,166][rfdiffusion.inference.utils][INFO] - Sampled motif RMSD: 0.27
[2026-04-24 07:33:07,508][rfdiffusion.inference.model_runners][INFO] - Timestep 8, input to next step: ---------------------------------------GGGGGGGGGGGGGGGGGGGGGGGGGGGG-----------------------
[2026-04-24 07:33:11,608][rfdiffusion.inference.utils][INFO] - Sampled motif RMSD: 0.27
[2026-04-24 07:33:12,044][rfdiffusion.inference.model_runners][INFO] - Timestep 7, input to next step: ---------------------------------------GGGGGGGGGGGGGGGGGGGGGGGGGGGG-----------------------
[2026-04-24 07:33:16,499][rfdiffusion.inference.utils][INFO] - Sampled motif RMSD: 0.28
[2026-04-24 07:33:16,824][rfdiffusion.inference.model_runners][INFO] - Timestep 6, input to next step: ---------------------------------------GGGGGGGGGGGGGGGGGGGGGGGGGGGG-----------------------
[2026-04-24 07:33:21,796][rfdiffusion.inference.utils][INFO] - Sampled motif RMSD: 0.27
[2026-04-24 07:33:22,317][rfdiffusion.inference.model_runners][INFO] - Timestep 5, input to next step: ---------------------------------------GGGGGGGGGGGGGGGGGGGGGGGGGGGG-----------------------
[2026-04-24 07:33:26,155][rfdiffusion.inference.utils][INFO] - Sampled motif RMSD: 0.27
[2026-04-24 07:33:26,509][rfdiffusion.inference.model_runners][INFO] - Timestep 4, input to next step: ---------------------------------------GGGGGGGGGGGGGGGGGGGGGGGGGGGG-----------------------
[2026-04-24 07:33:30,644][rfdiffusion.inference.utils][INFO] - Sampled motif RMSD: 0.25
[2026-04-24 07:33:31,015][rfdiffusion.inference.model_runners][INFO] - Timestep 3, input to next step: ---------------------------------------GGGGGGGGGGGGGGGGGGGGGGGGGGGG-----------------------
[2026-04-24 07:33:35,804][rfdiffusion.inference.utils][INFO] - Sampled motif RMSD: 0.25
[2026-04-24 07:33:36,282][rfdiffusion.inference.model_runners][INFO] - Timestep 2, input to next step: ---------------------------------------GGGGGGGGGGGGGGGGGGGGGGGGGGGG-----------------------
[2026-04-24 07:33:43,618][__main__][INFO] - Finished design in 3.97 minutes
[2026-04-24 07:33:43,625][__main__][INFO] - Making design /lambda/nfs/manvi/Team_8_CS598GBL/outputs/custom90_128_motif_scaffolding/default/len_119/balanced/scaffold_1
[2026-04-24 07:33:43,653][rfdiffusion.inference.model_runners][INFO] - Using contig: ['23-39/A26-53/23-39']
With this beta schedule (linear schedule, beta_0 = 0.04, beta_T = 0.28), alpha_bar_T = 0.00013696048699785024
[2026-04-24 07:33:44,435][rfdiffusion.inference.model_runners][INFO] - Sequence init: -----------------------GGGGGGGGGGGGGGGGGGGGGGGGGGGG-----------------------
[2026-04-24 07:33:49,704][rfdiffusion.inference.utils][INFO] - Sampled motif RMSD: 0.28
[2026-04-24 07:33:50,021][rfdiffusion.inference.model_runners][INFO] - Timestep 50, input to next step: -----------------------GGGGGGGGGGGGGGGGGGGGGGGGGGGG-----------------------
[2026-04-24 07:33:54,532][rfdiffusion.inference.utils][INFO] - Sampled motif RMSD: 0.21
[2026-04-24 07:33:54,928][rfdiffusion.inference.model_runners][INFO] - Timestep 49, input to next step: -----------------------GGGGGGGGGGGGGGGGGGGGGGGGGGGG-----------------------
[2026-04-24 07:33:58,205][rfdiffusion.inference.utils][INFO] - Sampled motif RMSD: 0.20
[2026-04-24 07:33:58,300][rfdiffusion.inference.model_runners][INFO] - Timestep 48, input to next step: -----------------------GGGGGGGGGGGGGGGGGGGGGGGGGGGG-----------------------
[2026-04-24 07:34:03,035][rfdiffusion.inference.utils][INFO] - Sampled motif RMSD: 0.20
[2026-04-24 07:34:03,233][rfdiffusion.inference.model_runners][INFO] - Timestep 47, input to next step: -----------------------GGGGGGGGGGGGGGGGGGGGGGGGGGGG-----------------------
[2026-04-24 07:34:07,444][rfdiffusion.inference.utils][INFO] - Sampled motif RMSD: 0.18
[2026-04-24 07:34:07,881][rfdiffusion.inference.model_runners][INFO] - Timestep 46, input to next step: -----------------------GGGGGGGGGGGGGGGGGGGGGGGGGGGG-----------------------
[2026-04-24 07:34:11,458][rfdiffusion.inference.utils][INFO] - Sampled motif RMSD: 0.18
[2026-04-24 07:34:11,623][rfdiffusion.inference.model_runners][INFO] - Timestep 45, input to next step: -----------------------GGGGGGGGGGGGGGGGGGGGGGGGGGGG-----------------------
[2026-04-24 07:34:15,854][rfdiffusion.inference.utils][INFO] - Sampled motif RMSD: 0.18
[2026-04-24 07:34:16,189][rfdiffusion.inference.model_runners][INFO] - Timestep 44, input to next step: -----------------------GGGGGGGGGGGGGGGGGGGGGGGGGGGG-----------------------
[2026-04-24 07:34:19,970][rfdiffusion.inference.utils][INFO] - Sampled motif RMSD: 0.19
[2026-04-24 07:34:20,299][rfdiffusion.inference.model_runners][INFO] - Timestep 43, input to next step: -----------------------GGGGGGGGGGGGGGGGGGGGGGGGGGGG-----------------------
[2026-04-24 07:34:24,138][rfdiffusion.inference.utils][INFO] - Sampled motif RMSD: 0.18
[2026-04-24 07:34:24,395][rfdiffusion.inference.model_runners][INFO] - Timestep 42, input to next step: -----------------------GGGGGGGGGGGGGGGGGGGGGGGGGGGG-----------------------
[2026-04-24 07:34:29,240][rfdiffusion.inference.utils][INFO] - Sampled motif RMSD: 0.19
[2026-04-24 07:34:29,706][rfdiffusion.inference.model_runners][INFO] - Timestep 41, input to next step: -----------------------GGGGGGGGGGGGGGGGGGGGGGGGGGGG-----------------------
[2026-04-24 07:34:34,089][rfdiffusion.inference.utils][INFO] - Sampled motif RMSD: 0.19
[2026-04-24 07:34:34,465][rfdiffusion.inference.model_runners][INFO] - Timestep 40, input to next step: -----------------------GGGGGGGGGGGGGGGGGGGGGGGGGGGG-----------------------
[2026-04-24 07:34:39,135][rfdiffusion.inference.utils][INFO] - Sampled motif RMSD: 0.20
[2026-04-24 07:34:39,307][rfdiffusion.inference.model_runners][INFO] - Timestep 39, input to next step: -----------------------GGGGGGGGGGGGGGGGGGGGGGGGGGGG-----------------------
[2026-04-24 07:34:43,034][rfdiffusion.inference.utils][INFO] - Sampled motif RMSD: 0.20
[2026-04-24 07:34:43,261][rfdiffusion.inference.model_runners][INFO] - Timestep 38, input to next step: -----------------------GGGGGGGGGGGGGGGGGGGGGGGGGGGG-----------------------
[2026-04-24 07:34:48,310][rfdiffusion.inference.utils][INFO] - Sampled motif RMSD: 0.20
[2026-04-24 07:34:48,548][rfdiffusion.inference.model_runners][INFO] - Timestep 37, input to next step: -----------------------GGGGGGGGGGGGGGGGGGGGGGGGGGGG-----------------------
[2026-04-24 07:34:53,260][rfdiffusion.inference.utils][INFO] - Sampled motif RMSD: 0.19
[2026-04-24 07:34:53,605][rfdiffusion.inference.model_runners][INFO] - Timestep 36, input to next step: -----------------------GGGGGGGGGGGGGGGGGGGGGGGGGGGG-----------------------
[2026-04-24 07:34:58,788][rfdiffusion.inference.utils][INFO] - Sampled motif RMSD: 0.20
[2026-04-24 07:34:59,228][rfdiffusion.inference.model_runners][INFO] - Timestep 35, input to next step: -----------------------GGGGGGGGGGGGGGGGGGGGGGGGGGGG-----------------------
[2026-04-24 07:35:03,147][rfdiffusion.inference.utils][INFO] - Sampled motif RMSD: 0.20
[2026-04-24 07:35:03,561][rfdiffusion.inference.model_runners][INFO] - Timestep 34, input to next step: -----------------------GGGGGGGGGGGGGGGGGGGGGGGGGGGG-----------------------
[2026-04-24 07:35:09,046][rfdiffusion.inference.utils][INFO] - Sampled motif RMSD: 0.21
[2026-04-24 07:35:09,426][rfdiffusion.inference.model_runners][INFO] - Timestep 33, input to next step: -----------------------GGGGGGGGGGGGGGGGGGGGGGGGGGGG-----------------------
[2026-04-24 07:35:13,785][rfdiffusion.inference.utils][INFO] - Sampled motif RMSD: 0.20
[2026-04-24 07:35:14,052][rfdiffusion.inference.model_runners][INFO] - Timestep 32, input to next step: -----------------------GGGGGGGGGGGGGGGGGGGGGGGGGGGG-----------------------
[2026-04-24 07:35:19,090][rfdiffusion.inference.utils][INFO] - Sampled motif RMSD: 0.21
[2026-04-24 07:35:19,346][rfdiffusion.inference.model_runners][INFO] - Timestep 31, input to next step: -----------------------GGGGGGGGGGGGGGGGGGGGGGGGGGGG-----------------------
[2026-04-24 07:35:23,409][rfdiffusion.inference.utils][INFO] - Sampled motif RMSD: 0.23
[2026-04-24 07:35:23,831][rfdiffusion.inference.model_runners][INFO] - Timestep 30, input to next step: -----------------------GGGGGGGGGGGGGGGGGGGGGGGGGGGG-----------------------
[2026-04-24 07:35:27,601][rfdiffusion.inference.utils][INFO] - Sampled motif RMSD: 0.25
[2026-04-24 07:35:27,862][rfdiffusion.inference.model_runners][INFO] - Timestep 29, input to next step: -----------------------GGGGGGGGGGGGGGGGGGGGGGGGGGGG-----------------------
[2026-04-24 07:35:31,980][rfdiffusion.inference.utils][INFO] - Sampled motif RMSD: 0.25
[2026-04-24 07:35:32,264][rfdiffusion.inference.model_runners][INFO] - Timestep 28, input to next step: -----------------------GGGGGGGGGGGGGGGGGGGGGGGGGGGG-----------------------
[2026-04-24 07:35:36,101][rfdiffusion.inference.utils][INFO] - Sampled motif RMSD: 0.27
[2026-04-24 07:35:36,343][rfdiffusion.inference.model_runners][INFO] - Timestep 27, input to next step: -----------------------GGGGGGGGGGGGGGGGGGGGGGGGGGGG-----------------------
[2026-04-24 07:35:40,897][rfdiffusion.inference.utils][INFO] - Sampled motif RMSD: 0.27
[2026-04-24 07:35:41,299][rfdiffusion.inference.model_runners][INFO] - Timestep 26, input to next step: -----------------------GGGGGGGGGGGGGGGGGGGGGGGGGGGG-----------------------
[2026-04-24 07:35:45,666][rfdiffusion.inference.utils][INFO] - Sampled motif RMSD: 0.26
[2026-04-24 07:35:45,988][rfdiffusion.inference.model_runners][INFO] - Timestep 25, input to next step: -----------------------GGGGGGGGGGGGGGGGGGGGGGGGGGGG-----------------------
[2026-04-24 07:35:50,035][rfdiffusion.inference.utils][INFO] - Sampled motif RMSD: 0.26
[2026-04-24 07:35:50,331][rfdiffusion.inference.model_runners][INFO] - Timestep 24, input to next step: -----------------------GGGGGGGGGGGGGGGGGGGGGGGGGGGG-----------------------
[2026-04-24 07:35:54,638][rfdiffusion.inference.utils][INFO] - Sampled motif RMSD: 0.25
[2026-04-24 07:35:54,868][rfdiffusion.inference.model_runners][INFO] - Timestep 23, input to next step: -----------------------GGGGGGGGGGGGGGGGGGGGGGGGGGGG-----------------------
[2026-04-24 07:35:58,573][rfdiffusion.inference.utils][INFO] - Sampled motif RMSD: 0.25
[2026-04-24 07:35:58,934][rfdiffusion.inference.model_runners][INFO] - Timestep 22, input to next step: -----------------------GGGGGGGGGGGGGGGGGGGGGGGGGGGG-----------------------
[2026-04-24 07:36:03,837][rfdiffusion.inference.utils][INFO] - Sampled motif RMSD: 0.25
[2026-04-24 07:36:04,384][rfdiffusion.inference.model_runners][INFO] - Timestep 21, input to next step: -----------------------GGGGGGGGGGGGGGGGGGGGGGGGGGGG-----------------------
[2026-04-24 07:36:08,053][rfdiffusion.inference.utils][INFO] - Sampled motif RMSD: 0.24
[2026-04-24 07:36:08,520][rfdiffusion.inference.model_runners][INFO] - Timestep 20, input to next step: -----------------------GGGGGGGGGGGGGGGGGGGGGGGGGGGG-----------------------
[2026-04-24 07:36:12,313][rfdiffusion.inference.utils][INFO] - Sampled motif RMSD: 0.24
[2026-04-24 07:36:12,629][rfdiffusion.inference.model_runners][INFO] - Timestep 19, input to next step: -----------------------GGGGGGGGGGGGGGGGGGGGGGGGGGGG-----------------------
[2026-04-24 07:36:16,678][rfdiffusion.inference.utils][INFO] - Sampled motif RMSD: 0.25
[2026-04-24 07:36:16,858][rfdiffusion.inference.model_runners][INFO] - Timestep 18, input to next step: -----------------------GGGGGGGGGGGGGGGGGGGGGGGGGGGG-----------------------
[2026-04-24 07:36:21,352][rfdiffusion.inference.utils][INFO] - Sampled motif RMSD: 0.25
[2026-04-24 07:36:21,637][rfdiffusion.inference.model_runners][INFO] - Timestep 17, input to next step: -----------------------GGGGGGGGGGGGGGGGGGGGGGGGGGGG-----------------------
[2026-04-24 07:36:26,173][rfdiffusion.inference.utils][INFO] - Sampled motif RMSD: 0.24
[2026-04-24 07:36:26,439][rfdiffusion.inference.model_runners][INFO] - Timestep 16, input to next step: -----------------------GGGGGGGGGGGGGGGGGGGGGGGGGGGG-----------------------
[2026-04-24 07:36:30,837][rfdiffusion.inference.utils][INFO] - Sampled motif RMSD: 0.22
[2026-04-24 07:36:30,971][rfdiffusion.inference.model_runners][INFO] - Timestep 15, input to next step: -----------------------GGGGGGGGGGGGGGGGGGGGGGGGGGGG-----------------------
[2026-04-24 07:36:35,348][rfdiffusion.inference.utils][INFO] - Sampled motif RMSD: 0.23
[2026-04-24 07:36:35,644][rfdiffusion.inference.model_runners][INFO] - Timestep 14, input to next step: -----------------------GGGGGGGGGGGGGGGGGGGGGGGGGGGG-----------------------
[2026-04-24 07:36:39,219][rfdiffusion.inference.utils][INFO] - Sampled motif RMSD: 0.25
[2026-04-24 07:36:39,425][rfdiffusion.inference.model_runners][INFO] - Timestep 13, input to next step: -----------------------GGGGGGGGGGGGGGGGGGGGGGGGGGGG-----------------------
[2026-04-24 07:36:42,964][rfdiffusion.inference.utils][INFO] - Sampled motif RMSD: 0.26
[2026-04-24 07:36:43,276][rfdiffusion.inference.model_runners][INFO] - Timestep 12, input to next step: -----------------------GGGGGGGGGGGGGGGGGGGGGGGGGGGG-----------------------
[2026-04-24 07:36:47,635][rfdiffusion.inference.utils][INFO] - Sampled motif RMSD: 0.26
[2026-04-24 07:36:47,939][rfdiffusion.inference.model_runners][INFO] - Timestep 11, input to next step: -----------------------GGGGGGGGGGGGGGGGGGGGGGGGGGGG-----------------------
[2026-04-24 07:36:52,293][rfdiffusion.inference.utils][INFO] - Sampled motif RMSD: 0.27
[2026-04-24 07:36:52,500][rfdiffusion.inference.model_runners][INFO] - Timestep 10, input to next step: -----------------------GGGGGGGGGGGGGGGGGGGGGGGGGGGG-----------------------
[2026-04-24 07:36:56,559][rfdiffusion.inference.utils][INFO] - Sampled motif RMSD: 0.27
[2026-04-24 07:36:56,807][rfdiffusion.inference.model_runners][INFO] - Timestep 9, input to next step: -----------------------GGGGGGGGGGGGGGGGGGGGGGGGGGGG-----------------------
[2026-04-24 07:37:00,916][rfdiffusion.inference.utils][INFO] - Sampled motif RMSD: 0.25
[2026-04-24 07:37:01,417][rfdiffusion.inference.model_runners][INFO] - Timestep 8, input to next step: -----------------------GGGGGGGGGGGGGGGGGGGGGGGGGGGG-----------------------
[2026-04-24 07:37:05,170][rfdiffusion.inference.utils][INFO] - Sampled motif RMSD: 0.25
[2026-04-24 07:37:05,527][rfdiffusion.inference.model_runners][INFO] - Timestep 7, input to next step: -----------------------GGGGGGGGGGGGGGGGGGGGGGGGGGGG-----------------------
[2026-04-24 07:37:09,775][rfdiffusion.inference.utils][INFO] - Sampled motif RMSD: 0.25
[2026-04-24 07:37:09,988][rfdiffusion.inference.model_runners][INFO] - Timestep 6, input to next step: -----------------------GGGGGGGGGGGGGGGGGGGGGGGGGGGG-----------------------
[2026-04-24 07:37:14,050][rfdiffusion.inference.utils][INFO] - Sampled motif RMSD: 0.24
[2026-04-24 07:37:14,298][rfdiffusion.inference.model_runners][INFO] - Timestep 5, input to next step: -----------------------GGGGGGGGGGGGGGGGGGGGGGGGGGGG-----------------------
[2026-04-24 07:37:18,606][rfdiffusion.inference.utils][INFO] - Sampled motif RMSD: 0.25
[2026-04-24 07:37:19,018][rfdiffusion.inference.model_runners][INFO] - Timestep 4, input to next step: -----------------------GGGGGGGGGGGGGGGGGGGGGGGGGGGG-----------------------
[2026-04-24 07:37:23,453][rfdiffusion.inference.utils][INFO] - Sampled motif RMSD: 0.23
[2026-04-24 07:37:23,888][rfdiffusion.inference.model_runners][INFO] - Timestep 3, input to next step: -----------------------GGGGGGGGGGGGGGGGGGGGGGGGGGGG-----------------------
[2026-04-24 07:37:28,462][rfdiffusion.inference.utils][INFO] - Sampled motif RMSD: 0.25
[2026-04-24 07:37:28,731][rfdiffusion.inference.model_runners][INFO] - Timestep 2, input to next step: -----------------------GGGGGGGGGGGGGGGGGGGGGGGGGGGG-----------------------
[2026-04-24 07:37:36,137][__main__][INFO] - Finished design in 3.88 minutes
