[2026-04-24 07:02:23,694][__main__][INFO] - Found GPU with device_name NVIDIA A100-SXM4-80GB. Will run RFdiffusion on NVIDIA A100-SXM4-80GB
Reading models from /lambda/nfs/manvi/Team_8_CS598GBL/RFdiffusion/rfdiffusion/inference/../../models
[2026-04-24 07:02:23,708][rfdiffusion.inference.model_runners][INFO] - Reading checkpoint from /lambda/nfs/manvi/Team_8_CS598GBL/RFdiffusion/rfdiffusion/inference/../../models/Base_ckpt.pt
This is inf_conf.ckpt_path
/lambda/nfs/manvi/Team_8_CS598GBL/RFdiffusion/rfdiffusion/inference/../../models/Base_ckpt.pt
Assembling -model, -diffuser and -preprocess configs from checkpoint
USING MODEL CONFIG: self._conf[model][n_extra_block] = 4
USING MODEL CONFIG: self._conf[model][n_main_block] = 32
USING MODEL CONFIG: self._conf[model][n_ref_block] = 4
USING MODEL CONFIG: self._conf[model][d_msa] = 256
USING MODEL CONFIG: self._conf[model][d_msa_full] = 64
USING MODEL CONFIG: self._conf[model][d_pair] = 128
USING MODEL CONFIG: self._conf[model][d_templ] = 64
USING MODEL CONFIG: self._conf[model][n_head_msa] = 8
USING MODEL CONFIG: self._conf[model][n_head_pair] = 4
USING MODEL CONFIG: self._conf[model][n_head_templ] = 4
USING MODEL CONFIG: self._conf[model][d_hidden] = 32
USING MODEL CONFIG: self._conf[model][d_hidden_templ] = 32
USING MODEL CONFIG: self._conf[model][p_drop] = 0.15
USING MODEL CONFIG: self._conf[model][SE3_param_full] = {'num_layers': 1, 'num_channels': 32, 'num_degrees': 2, 'n_heads': 4, 'div': 4, 'l0_in_features': 8, 'l0_out_features': 8, 'l1_in_features': 3, 'l1_out_features': 2, 'num_edge_features': 32}
USING MODEL CONFIG: self._conf[model][SE3_param_topk] = {'num_layers': 1, 'num_channels': 32, 'num_degrees': 2, 'n_heads': 4, 'div': 4, 'l0_in_features': 64, 'l0_out_features': 64, 'l1_in_features': 3, 'l1_out_features': 2, 'num_edge_features': 64}
USING MODEL CONFIG: self._conf[model][freeze_track_motif] = False
USING MODEL CONFIG: self._conf[model][use_motif_timestep] = True
USING MODEL CONFIG: self._conf[diffuser][T] = 50
USING MODEL CONFIG: self._conf[diffuser][b_0] = 0.01
USING MODEL CONFIG: self._conf[diffuser][b_T] = 0.07
USING MODEL CONFIG: self._conf[diffuser][schedule_type] = linear
USING MODEL CONFIG: self._conf[diffuser][so3_type] = igso3
USING MODEL CONFIG: self._conf[diffuser][crd_scale] = 0.25
USING MODEL CONFIG: self._conf[diffuser][so3_schedule_type] = linear
USING MODEL CONFIG: self._conf[diffuser][min_b] = 1.5
USING MODEL CONFIG: self._conf[diffuser][max_b] = 2.5
USING MODEL CONFIG: self._conf[diffuser][min_sigma] = 0.02
USING MODEL CONFIG: self._conf[diffuser][max_sigma] = 1.5
USING MODEL CONFIG: self._conf[preprocess][sidechain_input] = False
USING MODEL CONFIG: self._conf[preprocess][motif_sidechain_input] = True
USING MODEL CONFIG: self._conf[preprocess][d_t1d] = 22
USING MODEL CONFIG: self._conf[preprocess][d_t2d] = 44
USING MODEL CONFIG: self._conf[preprocess][prob_self_cond] = 0.5
USING MODEL CONFIG: self._conf[preprocess][str_self_cond] = True
USING MODEL CONFIG: self._conf[preprocess][predict_previous] = False
[2026-04-24 07:03:12,313][rfdiffusion.inference.model_runners][INFO] - Loading checkpoint.
[2026-04-24 07:03:27,517][rfdiffusion.diffusion][INFO] - Using cached IGSO3.
Successful diffuser __init__
[2026-04-24 07:03:27,572][__main__][INFO] - Making design /lambda/nfs/manvi/Team_8_CS598GBL/outputs/custom90_128_motif_scaffolding/default/len_110/mid/scaffold_0
[2026-04-24 07:03:27,580][rfdiffusion.inference.model_runners][INFO] - Using contig: ['22-36/A38-71/22-36']
With this beta schedule (linear schedule, beta_0 = 0.04, beta_T = 0.28), alpha_bar_T = 0.00013696048699785024
[2026-04-24 07:03:28,133][rfdiffusion.inference.model_runners][INFO] - Sequence init: ----------------------------------GGGGGGGGGGGGGGGGGGGGGGGGGGGGGGGGGG---------------------------------
[2026-04-24 07:03:37,598][rfdiffusion.inference.utils][INFO] - Sampled motif RMSD: 0.23
[2026-04-24 07:03:37,741][rfdiffusion.inference.model_runners][INFO] - Timestep 50, input to next step: ----------------------------------GGGGGGGGGGGGGGGGGGGGGGGGGGGGGGGGGG---------------------------------
[2026-04-24 07:03:44,391][rfdiffusion.inference.utils][INFO] - Sampled motif RMSD: 0.20
[2026-04-24 07:03:44,521][rfdiffusion.inference.model_runners][INFO] - Timestep 49, input to next step: ----------------------------------GGGGGGGGGGGGGGGGGGGGGGGGGGGGGGGGGG---------------------------------
[2026-04-24 07:03:51,240][rfdiffusion.inference.utils][INFO] - Sampled motif RMSD: 0.17
[2026-04-24 07:03:51,346][rfdiffusion.inference.model_runners][INFO] - Timestep 48, input to next step: ----------------------------------GGGGGGGGGGGGGGGGGGGGGGGGGGGGGGGGGG---------------------------------
[2026-04-24 07:03:57,231][rfdiffusion.inference.utils][INFO] - Sampled motif RMSD: 0.15
[2026-04-24 07:03:57,533][rfdiffusion.inference.model_runners][INFO] - Timestep 47, input to next step: ----------------------------------GGGGGGGGGGGGGGGGGGGGGGGGGGGGGGGGGG---------------------------------
[2026-04-24 07:04:03,114][rfdiffusion.inference.utils][INFO] - Sampled motif RMSD: 0.14
[2026-04-24 07:04:03,358][rfdiffusion.inference.model_runners][INFO] - Timestep 46, input to next step: ----------------------------------GGGGGGGGGGGGGGGGGGGGGGGGGGGGGGGGGG---------------------------------
[2026-04-24 07:04:06,550][rfdiffusion.inference.utils][INFO] - Sampled motif RMSD: 0.14
[2026-04-24 07:04:06,714][rfdiffusion.inference.model_runners][INFO] - Timestep 45, input to next step: ----------------------------------GGGGGGGGGGGGGGGGGGGGGGGGGGGGGGGGGG---------------------------------
[2026-04-24 07:04:09,115][rfdiffusion.inference.utils][INFO] - Sampled motif RMSD: 0.13
[2026-04-24 07:04:09,207][rfdiffusion.inference.model_runners][INFO] - Timestep 44, input to next step: ----------------------------------GGGGGGGGGGGGGGGGGGGGGGGGGGGGGGGGGG---------------------------------
[2026-04-24 07:04:12,409][rfdiffusion.inference.utils][INFO] - Sampled motif RMSD: 0.13
[2026-04-24 07:04:12,681][rfdiffusion.inference.model_runners][INFO] - Timestep 43, input to next step: ----------------------------------GGGGGGGGGGGGGGGGGGGGGGGGGGGGGGGGGG---------------------------------
[2026-04-24 07:04:15,291][rfdiffusion.inference.utils][INFO] - Sampled motif RMSD: 0.15
[2026-04-24 07:04:15,452][rfdiffusion.inference.model_runners][INFO] - Timestep 42, input to next step: ----------------------------------GGGGGGGGGGGGGGGGGGGGGGGGGGGGGGGGGG---------------------------------
[2026-04-24 07:04:18,346][rfdiffusion.inference.utils][INFO] - Sampled motif RMSD: 0.16
[2026-04-24 07:04:18,404][rfdiffusion.inference.model_runners][INFO] - Timestep 41, input to next step: ----------------------------------GGGGGGGGGGGGGGGGGGGGGGGGGGGGGGGGGG---------------------------------
[2026-04-24 07:04:21,724][rfdiffusion.inference.utils][INFO] - Sampled motif RMSD: 0.16
[2026-04-24 07:04:21,849][rfdiffusion.inference.model_runners][INFO] - Timestep 40, input to next step: ----------------------------------GGGGGGGGGGGGGGGGGGGGGGGGGGGGGGGGGG---------------------------------
[2026-04-24 07:04:26,008][rfdiffusion.inference.utils][INFO] - Sampled motif RMSD: 0.17
[2026-04-24 07:04:26,146][rfdiffusion.inference.model_runners][INFO] - Timestep 39, input to next step: ----------------------------------GGGGGGGGGGGGGGGGGGGGGGGGGGGGGGGGGG---------------------------------
[2026-04-24 07:04:29,995][rfdiffusion.inference.utils][INFO] - Sampled motif RMSD: 0.16
[2026-04-24 07:04:30,243][rfdiffusion.inference.model_runners][INFO] - Timestep 38, input to next step: ----------------------------------GGGGGGGGGGGGGGGGGGGGGGGGGGGGGGGGGG---------------------------------
[2026-04-24 07:04:35,209][rfdiffusion.inference.utils][INFO] - Sampled motif RMSD: 0.15
[2026-04-24 07:04:35,496][rfdiffusion.inference.model_runners][INFO] - Timestep 37, input to next step: ----------------------------------GGGGGGGGGGGGGGGGGGGGGGGGGGGGGGGGGG---------------------------------
[2026-04-24 07:04:39,753][rfdiffusion.inference.utils][INFO] - Sampled motif RMSD: 0.13
[2026-04-24 07:04:39,984][rfdiffusion.inference.model_runners][INFO] - Timestep 36, input to next step: ----------------------------------GGGGGGGGGGGGGGGGGGGGGGGGGGGGGGGGGG---------------------------------
[2026-04-24 07:04:43,133][rfdiffusion.inference.utils][INFO] - Sampled motif RMSD: 0.14
[2026-04-24 07:04:43,391][rfdiffusion.inference.model_runners][INFO] - Timestep 35, input to next step: ----------------------------------GGGGGGGGGGGGGGGGGGGGGGGGGGGGGGGGGG---------------------------------
[2026-04-24 07:04:47,955][rfdiffusion.inference.utils][INFO] - Sampled motif RMSD: 0.15
[2026-04-24 07:04:48,326][rfdiffusion.inference.model_runners][INFO] - Timestep 34, input to next step: ----------------------------------GGGGGGGGGGGGGGGGGGGGGGGGGGGGGGGGGG---------------------------------
[2026-04-24 07:04:51,773][rfdiffusion.inference.utils][INFO] - Sampled motif RMSD: 0.15
[2026-04-24 07:04:51,948][rfdiffusion.inference.model_runners][INFO] - Timestep 33, input to next step: ----------------------------------GGGGGGGGGGGGGGGGGGGGGGGGGGGGGGGGGG---------------------------------
[2026-04-24 07:04:54,926][rfdiffusion.inference.utils][INFO] - Sampled motif RMSD: 0.15
[2026-04-24 07:04:55,234][rfdiffusion.inference.model_runners][INFO] - Timestep 32, input to next step: ----------------------------------GGGGGGGGGGGGGGGGGGGGGGGGGGGGGGGGGG---------------------------------
[2026-04-24 07:04:58,891][rfdiffusion.inference.utils][INFO] - Sampled motif RMSD: 0.17
[2026-04-24 07:04:59,154][rfdiffusion.inference.model_runners][INFO] - Timestep 31, input to next step: ----------------------------------GGGGGGGGGGGGGGGGGGGGGGGGGGGGGGGGGG---------------------------------
[2026-04-24 07:05:03,777][rfdiffusion.inference.utils][INFO] - Sampled motif RMSD: 0.17
[2026-04-24 07:05:04,062][rfdiffusion.inference.model_runners][INFO] - Timestep 30, input to next step: ----------------------------------GGGGGGGGGGGGGGGGGGGGGGGGGGGGGGGGGG---------------------------------
[2026-04-24 07:05:07,373][rfdiffusion.inference.utils][INFO] - Sampled motif RMSD: 0.17
[2026-04-24 07:05:07,763][rfdiffusion.inference.model_runners][INFO] - Timestep 29, input to next step: ----------------------------------GGGGGGGGGGGGGGGGGGGGGGGGGGGGGGGGGG---------------------------------
[2026-04-24 07:05:11,097][rfdiffusion.inference.utils][INFO] - Sampled motif RMSD: 0.17
[2026-04-24 07:05:11,340][rfdiffusion.inference.model_runners][INFO] - Timestep 28, input to next step: ----------------------------------GGGGGGGGGGGGGGGGGGGGGGGGGGGGGGGGGG---------------------------------
[2026-04-24 07:05:14,269][rfdiffusion.inference.utils][INFO] - Sampled motif RMSD: 0.18
[2026-04-24 07:05:14,478][rfdiffusion.inference.model_runners][INFO] - Timestep 27, input to next step: ----------------------------------GGGGGGGGGGGGGGGGGGGGGGGGGGGGGGGGGG---------------------------------
[2026-04-24 07:05:18,107][rfdiffusion.inference.utils][INFO] - Sampled motif RMSD: 0.20
[2026-04-24 07:05:18,424][rfdiffusion.inference.model_runners][INFO] - Timestep 26, input to next step: ----------------------------------GGGGGGGGGGGGGGGGGGGGGGGGGGGGGGGGGG---------------------------------
[2026-04-24 07:05:22,319][rfdiffusion.inference.utils][INFO] - Sampled motif RMSD: 0.21
[2026-04-24 07:05:22,595][rfdiffusion.inference.model_runners][INFO] - Timestep 25, input to next step: ----------------------------------GGGGGGGGGGGGGGGGGGGGGGGGGGGGGGGGGG---------------------------------
[2026-04-24 07:05:26,984][rfdiffusion.inference.utils][INFO] - Sampled motif RMSD: 0.20
[2026-04-24 07:05:27,272][rfdiffusion.inference.model_runners][INFO] - Timestep 24, input to next step: ----------------------------------GGGGGGGGGGGGGGGGGGGGGGGGGGGGGGGGGG---------------------------------
[2026-04-24 07:05:32,301][rfdiffusion.inference.utils][INFO] - Sampled motif RMSD: 0.18
[2026-04-24 07:05:32,392][rfdiffusion.inference.model_runners][INFO] - Timestep 23, input to next step: ----------------------------------GGGGGGGGGGGGGGGGGGGGGGGGGGGGGGGGGG---------------------------------
[2026-04-24 07:05:36,167][rfdiffusion.inference.utils][INFO] - Sampled motif RMSD: 0.16
[2026-04-24 07:05:36,368][rfdiffusion.inference.model_runners][INFO] - Timestep 22, input to next step: ----------------------------------GGGGGGGGGGGGGGGGGGGGGGGGGGGGGGGGGG---------------------------------
[2026-04-24 07:05:40,164][rfdiffusion.inference.utils][INFO] - Sampled motif RMSD: 0.16
[2026-04-24 07:05:40,271][rfdiffusion.inference.model_runners][INFO] - Timestep 21, input to next step: ----------------------------------GGGGGGGGGGGGGGGGGGGGGGGGGGGGGGGGGG---------------------------------
[2026-04-24 07:05:44,495][rfdiffusion.inference.utils][INFO] - Sampled motif RMSD: 0.15
[2026-04-24 07:05:44,959][rfdiffusion.inference.model_runners][INFO] - Timestep 20, input to next step: ----------------------------------GGGGGGGGGGGGGGGGGGGGGGGGGGGGGGGGGG---------------------------------
[2026-04-24 07:05:48,820][rfdiffusion.inference.utils][INFO] - Sampled motif RMSD: 0.14
[2026-04-24 07:05:49,223][rfdiffusion.inference.model_runners][INFO] - Timestep 19, input to next step: ----------------------------------GGGGGGGGGGGGGGGGGGGGGGGGGGGGGGGGGG---------------------------------
[2026-04-24 07:05:53,976][rfdiffusion.inference.utils][INFO] - Sampled motif RMSD: 0.14
[2026-04-24 07:05:54,367][rfdiffusion.inference.model_runners][INFO] - Timestep 18, input to next step: ----------------------------------GGGGGGGGGGGGGGGGGGGGGGGGGGGGGGGGGG---------------------------------
[2026-04-24 07:05:59,456][rfdiffusion.inference.utils][INFO] - Sampled motif RMSD: 0.15
[2026-04-24 07:05:59,757][rfdiffusion.inference.model_runners][INFO] - Timestep 17, input to next step: ----------------------------------GGGGGGGGGGGGGGGGGGGGGGGGGGGGGGGGGG---------------------------------
[2026-04-24 07:06:03,471][rfdiffusion.inference.utils][INFO] - Sampled motif RMSD: 0.17
[2026-04-24 07:06:03,833][rfdiffusion.inference.model_runners][INFO] - Timestep 16, input to next step: ----------------------------------GGGGGGGGGGGGGGGGGGGGGGGGGGGGGGGGGG---------------------------------
[2026-04-24 07:06:09,178][rfdiffusion.inference.utils][INFO] - Sampled motif RMSD: 0.17
[2026-04-24 07:06:09,421][rfdiffusion.inference.model_runners][INFO] - Timestep 15, input to next step: ----------------------------------GGGGGGGGGGGGGGGGGGGGGGGGGGGGGGGGGG---------------------------------
[2026-04-24 07:06:14,330][rfdiffusion.inference.utils][INFO] - Sampled motif RMSD: 0.18
[2026-04-24 07:06:14,668][rfdiffusion.inference.model_runners][INFO] - Timestep 14, input to next step: ----------------------------------GGGGGGGGGGGGGGGGGGGGGGGGGGGGGGGGGG---------------------------------
[2026-04-24 07:06:20,113][rfdiffusion.inference.utils][INFO] - Sampled motif RMSD: 0.17
[2026-04-24 07:06:20,438][rfdiffusion.inference.model_runners][INFO] - Timestep 13, input to next step: ----------------------------------GGGGGGGGGGGGGGGGGGGGGGGGGGGGGGGGGG---------------------------------
[2026-04-24 07:06:24,252][rfdiffusion.inference.utils][INFO] - Sampled motif RMSD: 0.16
[2026-04-24 07:06:24,594][rfdiffusion.inference.model_runners][INFO] - Timestep 12, input to next step: ----------------------------------GGGGGGGGGGGGGGGGGGGGGGGGGGGGGGGGGG---------------------------------
[2026-04-24 07:06:29,081][rfdiffusion.inference.utils][INFO] - Sampled motif RMSD: 0.16
[2026-04-24 07:06:29,451][rfdiffusion.inference.model_runners][INFO] - Timestep 11, input to next step: ----------------------------------GGGGGGGGGGGGGGGGGGGGGGGGGGGGGGGGGG---------------------------------
[2026-04-24 07:06:34,307][rfdiffusion.inference.utils][INFO] - Sampled motif RMSD: 0.17
[2026-04-24 07:06:34,636][rfdiffusion.inference.model_runners][INFO] - Timestep 10, input to next step: ----------------------------------GGGGGGGGGGGGGGGGGGGGGGGGGGGGGGGGGG---------------------------------
[2026-04-24 07:06:38,762][rfdiffusion.inference.utils][INFO] - Sampled motif RMSD: 0.15
[2026-04-24 07:06:39,092][rfdiffusion.inference.model_runners][INFO] - Timestep 9, input to next step: ----------------------------------GGGGGGGGGGGGGGGGGGGGGGGGGGGGGGGGGG---------------------------------
[2026-04-24 07:06:43,122][rfdiffusion.inference.utils][INFO] - Sampled motif RMSD: 0.15
[2026-04-24 07:06:43,539][rfdiffusion.inference.model_runners][INFO] - Timestep 8, input to next step: ----------------------------------GGGGGGGGGGGGGGGGGGGGGGGGGGGGGGGGGG---------------------------------
[2026-04-24 07:06:48,406][rfdiffusion.inference.utils][INFO] - Sampled motif RMSD: 0.14
[2026-04-24 07:06:48,928][rfdiffusion.inference.model_runners][INFO] - Timestep 7, input to next step: ----------------------------------GGGGGGGGGGGGGGGGGGGGGGGGGGGGGGGGGG---------------------------------
[2026-04-24 07:06:55,593][rfdiffusion.inference.utils][INFO] - Sampled motif RMSD: 0.13
[2026-04-24 07:06:55,749][rfdiffusion.inference.model_runners][INFO] - Timestep 6, input to next step: ----------------------------------GGGGGGGGGGGGGGGGGGGGGGGGGGGGGGGGGG---------------------------------
[2026-04-24 07:07:00,896][rfdiffusion.inference.utils][INFO] - Sampled motif RMSD: 0.13
[2026-04-24 07:07:01,042][rfdiffusion.inference.model_runners][INFO] - Timestep 5, input to next step: ----------------------------------GGGGGGGGGGGGGGGGGGGGGGGGGGGGGGGGGG---------------------------------
[2026-04-24 07:07:05,908][rfdiffusion.inference.utils][INFO] - Sampled motif RMSD: 0.13
[2026-04-24 07:07:06,144][rfdiffusion.inference.model_runners][INFO] - Timestep 4, input to next step: ----------------------------------GGGGGGGGGGGGGGGGGGGGGGGGGGGGGGGGGG---------------------------------
[2026-04-24 07:07:11,288][rfdiffusion.inference.utils][INFO] - Sampled motif RMSD: 0.12
[2026-04-24 07:07:11,554][rfdiffusion.inference.model_runners][INFO] - Timestep 3, input to next step: ----------------------------------GGGGGGGGGGGGGGGGGGGGGGGGGGGGGGGGGG---------------------------------
[2026-04-24 07:07:16,908][rfdiffusion.inference.utils][INFO] - Sampled motif RMSD: 0.11
[2026-04-24 07:07:17,228][rfdiffusion.inference.model_runners][INFO] - Timestep 2, input to next step: ----------------------------------GGGGGGGGGGGGGGGGGGGGGGGGGGGGGGGGGG---------------------------------
[2026-04-24 07:07:26,039][__main__][INFO] - Finished design in 3.97 minutes
[2026-04-24 07:07:26,040][__main__][INFO] - Making design /lambda/nfs/manvi/Team_8_CS598GBL/outputs/custom90_128_motif_scaffolding/default/len_110/mid/scaffold_1
[2026-04-24 07:07:26,074][rfdiffusion.inference.model_runners][INFO] - Using contig: ['22-36/A38-71/22-36']
With this beta schedule (linear schedule, beta_0 = 0.04, beta_T = 0.28), alpha_bar_T = 0.00013696048699785024
[2026-04-24 07:07:27,041][rfdiffusion.inference.model_runners][INFO] - Sequence init: -----------------------------GGGGGGGGGGGGGGGGGGGGGGGGGGGGGGGGGG-------------------------------
[2026-04-24 07:07:31,969][rfdiffusion.inference.utils][INFO] - Sampled motif RMSD: 0.24
[2026-04-24 07:07:32,273][rfdiffusion.inference.model_runners][INFO] - Timestep 50, input to next step: -----------------------------GGGGGGGGGGGGGGGGGGGGGGGGGGGGGGGGGG-------------------------------
[2026-04-24 07:07:36,880][rfdiffusion.inference.utils][INFO] - Sampled motif RMSD: 0.18
[2026-04-24 07:07:37,376][rfdiffusion.inference.model_runners][INFO] - Timestep 49, input to next step: -----------------------------GGGGGGGGGGGGGGGGGGGGGGGGGGGGGGGGGG-------------------------------
[2026-04-24 07:07:41,659][rfdiffusion.inference.utils][INFO] - Sampled motif RMSD: 0.15
[2026-04-24 07:07:41,859][rfdiffusion.inference.model_runners][INFO] - Timestep 48, input to next step: -----------------------------GGGGGGGGGGGGGGGGGGGGGGGGGGGGGGGGGG-------------------------------
[2026-04-24 07:07:46,839][rfdiffusion.inference.utils][INFO] - Sampled motif RMSD: 0.16
[2026-04-24 07:07:47,135][rfdiffusion.inference.model_runners][INFO] - Timestep 47, input to next step: -----------------------------GGGGGGGGGGGGGGGGGGGGGGGGGGGGGGGGGG-------------------------------
[2026-04-24 07:07:50,865][rfdiffusion.inference.utils][INFO] - Sampled motif RMSD: 0.15
[2026-04-24 07:07:51,206][rfdiffusion.inference.model_runners][INFO] - Timestep 46, input to next step: -----------------------------GGGGGGGGGGGGGGGGGGGGGGGGGGGGGGGGGG-------------------------------
[2026-04-24 07:07:56,628][rfdiffusion.inference.utils][INFO] - Sampled motif RMSD: 0.16
[2026-04-24 07:07:57,040][rfdiffusion.inference.model_runners][INFO] - Timestep 45, input to next step: -----------------------------GGGGGGGGGGGGGGGGGGGGGGGGGGGGGGGGGG-------------------------------
[2026-04-24 07:08:01,957][rfdiffusion.inference.utils][INFO] - Sampled motif RMSD: 0.15
[2026-04-24 07:08:02,180][rfdiffusion.inference.model_runners][INFO] - Timestep 44, input to next step: -----------------------------GGGGGGGGGGGGGGGGGGGGGGGGGGGGGGGGGG-------------------------------
[2026-04-24 07:08:06,069][rfdiffusion.inference.utils][INFO] - Sampled motif RMSD: 0.16
[2026-04-24 07:08:06,401][rfdiffusion.inference.model_runners][INFO] - Timestep 43, input to next step: -----------------------------GGGGGGGGGGGGGGGGGGGGGGGGGGGGGGGGGG-------------------------------
[2026-04-24 07:08:10,748][rfdiffusion.inference.utils][INFO] - Sampled motif RMSD: 0.16
[2026-04-24 07:08:11,001][rfdiffusion.inference.model_runners][INFO] - Timestep 42, input to next step: -----------------------------GGGGGGGGGGGGGGGGGGGGGGGGGGGGGGGGGG-------------------------------
[2026-04-24 07:08:15,970][rfdiffusion.inference.utils][INFO] - Sampled motif RMSD: 0.14
[2026-04-24 07:08:16,267][rfdiffusion.inference.model_runners][INFO] - Timestep 41, input to next step: -----------------------------GGGGGGGGGGGGGGGGGGGGGGGGGGGGGGGGGG-------------------------------
[2026-04-24 07:08:20,826][rfdiffusion.inference.utils][INFO] - Sampled motif RMSD: 0.13
[2026-04-24 07:08:21,164][rfdiffusion.inference.model_runners][INFO] - Timestep 40, input to next step: -----------------------------GGGGGGGGGGGGGGGGGGGGGGGGGGGGGGGGGG-------------------------------
[2026-04-24 07:08:25,838][rfdiffusion.inference.utils][INFO] - Sampled motif RMSD: 0.14
[2026-04-24 07:08:26,075][rfdiffusion.inference.model_runners][INFO] - Timestep 39, input to next step: -----------------------------GGGGGGGGGGGGGGGGGGGGGGGGGGGGGGGGGG-------------------------------
[2026-04-24 07:08:29,927][rfdiffusion.inference.utils][INFO] - Sampled motif RMSD: 0.16
[2026-04-24 07:08:30,225][rfdiffusion.inference.model_runners][INFO] - Timestep 38, input to next step: -----------------------------GGGGGGGGGGGGGGGGGGGGGGGGGGGGGGGGGG-------------------------------
[2026-04-24 07:08:34,553][rfdiffusion.inference.utils][INFO] - Sampled motif RMSD: 0.19
[2026-04-24 07:08:34,933][rfdiffusion.inference.model_runners][INFO] - Timestep 37, input to next step: -----------------------------GGGGGGGGGGGGGGGGGGGGGGGGGGGGGGGGGG-------------------------------
[2026-04-24 07:08:38,690][rfdiffusion.inference.utils][INFO] - Sampled motif RMSD: 0.19
[2026-04-24 07:08:39,038][rfdiffusion.inference.model_runners][INFO] - Timestep 36, input to next step: -----------------------------GGGGGGGGGGGGGGGGGGGGGGGGGGGGGGGGGG-------------------------------
[2026-04-24 07:08:44,267][rfdiffusion.inference.utils][INFO] - Sampled motif RMSD: 0.18
[2026-04-24 07:08:44,644][rfdiffusion.inference.model_runners][INFO] - Timestep 35, input to next step: -----------------------------GGGGGGGGGGGGGGGGGGGGGGGGGGGGGGGGGG-------------------------------
[2026-04-24 07:08:47,820][rfdiffusion.inference.utils][INFO] - Sampled motif RMSD: 0.18
[2026-04-24 07:08:48,162][rfdiffusion.inference.model_runners][INFO] - Timestep 34, input to next step: -----------------------------GGGGGGGGGGGGGGGGGGGGGGGGGGGGGGGGGG-------------------------------
[2026-04-24 07:08:51,892][rfdiffusion.inference.utils][INFO] - Sampled motif RMSD: 0.20
[2026-04-24 07:08:52,237][rfdiffusion.inference.model_runners][INFO] - Timestep 33, input to next step: -----------------------------GGGGGGGGGGGGGGGGGGGGGGGGGGGGGGGGGG-------------------------------
[2026-04-24 07:08:57,204][rfdiffusion.inference.utils][INFO] - Sampled motif RMSD: 0.22
[2026-04-24 07:08:57,565][rfdiffusion.inference.model_runners][INFO] - Timestep 32, input to next step: -----------------------------GGGGGGGGGGGGGGGGGGGGGGGGGGGGGGGGGG-------------------------------
[2026-04-24 07:09:02,055][rfdiffusion.inference.utils][INFO] - Sampled motif RMSD: 0.21
[2026-04-24 07:09:02,433][rfdiffusion.inference.model_runners][INFO] - Timestep 31, input to next step: -----------------------------GGGGGGGGGGGGGGGGGGGGGGGGGGGGGGGGGG-------------------------------
[2026-04-24 07:09:07,078][rfdiffusion.inference.utils][INFO] - Sampled motif RMSD: 0.22
[2026-04-24 07:09:07,329][rfdiffusion.inference.model_runners][INFO] - Timestep 30, input to next step: -----------------------------GGGGGGGGGGGGGGGGGGGGGGGGGGGGGGGGGG-------------------------------
[2026-04-24 07:09:11,397][rfdiffusion.inference.utils][INFO] - Sampled motif RMSD: 0.22
[2026-04-24 07:09:11,568][rfdiffusion.inference.model_runners][INFO] - Timestep 29, input to next step: -----------------------------GGGGGGGGGGGGGGGGGGGGGGGGGGGGGGGGGG-------------------------------
[2026-04-24 07:09:16,080][rfdiffusion.inference.utils][INFO] - Sampled motif RMSD: 0.23
[2026-04-24 07:09:16,317][rfdiffusion.inference.model_runners][INFO] - Timestep 28, input to next step: -----------------------------GGGGGGGGGGGGGGGGGGGGGGGGGGGGGGGGGG-------------------------------
[2026-04-24 07:09:20,691][rfdiffusion.inference.utils][INFO] - Sampled motif RMSD: 0.22
[2026-04-24 07:09:21,144][rfdiffusion.inference.model_runners][INFO] - Timestep 27, input to next step: -----------------------------GGGGGGGGGGGGGGGGGGGGGGGGGGGGGGGGGG-------------------------------
[2026-04-24 07:09:26,134][rfdiffusion.inference.utils][INFO] - Sampled motif RMSD: 0.21
[2026-04-24 07:09:26,316][rfdiffusion.inference.model_runners][INFO] - Timestep 26, input to next step: -----------------------------GGGGGGGGGGGGGGGGGGGGGGGGGGGGGGGGGG-------------------------------
[2026-04-24 07:09:31,175][rfdiffusion.inference.utils][INFO] - Sampled motif RMSD: 0.18
[2026-04-24 07:09:31,424][rfdiffusion.inference.model_runners][INFO] - Timestep 25, input to next step: -----------------------------GGGGGGGGGGGGGGGGGGGGGGGGGGGGGGGGGG-------------------------------
[2026-04-24 07:09:35,207][rfdiffusion.inference.utils][INFO] - Sampled motif RMSD: 0.18
[2026-04-24 07:09:35,436][rfdiffusion.inference.model_runners][INFO] - Timestep 24, input to next step: -----------------------------GGGGGGGGGGGGGGGGGGGGGGGGGGGGGGGGGG-------------------------------
[2026-04-24 07:09:39,142][rfdiffusion.inference.utils][INFO] - Sampled motif RMSD: 0.20
[2026-04-24 07:09:39,351][rfdiffusion.inference.model_runners][INFO] - Timestep 23, input to next step: -----------------------------GGGGGGGGGGGGGGGGGGGGGGGGGGGGGGGGGG-------------------------------
[2026-04-24 07:09:43,540][rfdiffusion.inference.utils][INFO] - Sampled motif RMSD: 0.19
[2026-04-24 07:09:43,727][rfdiffusion.inference.model_runners][INFO] - Timestep 22, input to next step: -----------------------------GGGGGGGGGGGGGGGGGGGGGGGGGGGGGGGGGG-------------------------------
[2026-04-24 07:09:47,902][rfdiffusion.inference.utils][INFO] - Sampled motif RMSD: 0.17
[2026-04-24 07:09:48,075][rfdiffusion.inference.model_runners][INFO] - Timestep 21, input to next step: -----------------------------GGGGGGGGGGGGGGGGGGGGGGGGGGGGGGGGGG-------------------------------
[2026-04-24 07:09:51,972][rfdiffusion.inference.utils][INFO] - Sampled motif RMSD: 0.18
[2026-04-24 07:09:52,474][rfdiffusion.inference.model_runners][INFO] - Timestep 20, input to next step: -----------------------------GGGGGGGGGGGGGGGGGGGGGGGGGGGGGGGGGG-------------------------------
[2026-04-24 07:09:57,180][rfdiffusion.inference.utils][INFO] - Sampled motif RMSD: 0.18
[2026-04-24 07:09:57,488][rfdiffusion.inference.model_runners][INFO] - Timestep 19, input to next step: -----------------------------GGGGGGGGGGGGGGGGGGGGGGGGGGGGGGGGGG-------------------------------
[2026-04-24 07:10:01,425][rfdiffusion.inference.utils][INFO] - Sampled motif RMSD: 0.19
[2026-04-24 07:10:01,658][rfdiffusion.inference.model_runners][INFO] - Timestep 18, input to next step: -----------------------------GGGGGGGGGGGGGGGGGGGGGGGGGGGGGGGGGG-------------------------------
[2026-04-24 07:10:06,191][rfdiffusion.inference.utils][INFO] - Sampled motif RMSD: 0.18
[2026-04-24 07:10:06,369][rfdiffusion.inference.model_runners][INFO] - Timestep 17, input to next step: -----------------------------GGGGGGGGGGGGGGGGGGGGGGGGGGGGGGGGGG-------------------------------
[2026-04-24 07:10:10,996][rfdiffusion.inference.utils][INFO] - Sampled motif RMSD: 0.18
[2026-04-24 07:10:11,338][rfdiffusion.inference.model_runners][INFO] - Timestep 16, input to next step: -----------------------------GGGGGGGGGGGGGGGGGGGGGGGGGGGGGGGGGG-------------------------------
[2026-04-24 07:10:15,319][rfdiffusion.inference.utils][INFO] - Sampled motif RMSD: 0.17
[2026-04-24 07:10:15,519][rfdiffusion.inference.model_runners][INFO] - Timestep 15, input to next step: -----------------------------GGGGGGGGGGGGGGGGGGGGGGGGGGGGGGGGGG-------------------------------
[2026-04-24 07:10:20,956][rfdiffusion.inference.utils][INFO] - Sampled motif RMSD: 0.18
[2026-04-24 07:10:21,263][rfdiffusion.inference.model_runners][INFO] - Timestep 14, input to next step: -----------------------------GGGGGGGGGGGGGGGGGGGGGGGGGGGGGGGGGG-------------------------------
[2026-04-24 07:10:25,608][rfdiffusion.inference.utils][INFO] - Sampled motif RMSD: 0.17
[2026-04-24 07:10:25,939][rfdiffusion.inference.model_runners][INFO] - Timestep 13, input to next step: -----------------------------GGGGGGGGGGGGGGGGGGGGGGGGGGGGGGGGGG-------------------------------
[2026-04-24 07:10:31,121][rfdiffusion.inference.utils][INFO] - Sampled motif RMSD: 0.17
[2026-04-24 07:10:31,429][rfdiffusion.inference.model_runners][INFO] - Timestep 12, input to next step: -----------------------------GGGGGGGGGGGGGGGGGGGGGGGGGGGGGGGGGG-------------------------------
[2026-04-24 07:10:36,005][rfdiffusion.inference.utils][INFO] - Sampled motif RMSD: 0.16
[2026-04-24 07:10:36,204][rfdiffusion.inference.model_runners][INFO] - Timestep 11, input to next step: -----------------------------GGGGGGGGGGGGGGGGGGGGGGGGGGGGGGGGGG-------------------------------
[2026-04-24 07:10:40,327][rfdiffusion.inference.utils][INFO] - Sampled motif RMSD: 0.16
[2026-04-24 07:10:40,632][rfdiffusion.inference.model_runners][INFO] - Timestep 10, input to next step: -----------------------------GGGGGGGGGGGGGGGGGGGGGGGGGGGGGGGGGG-------------------------------
[2026-04-24 07:10:44,985][rfdiffusion.inference.utils][INFO] - Sampled motif RMSD: 0.16
[2026-04-24 07:10:45,271][rfdiffusion.inference.model_runners][INFO] - Timestep 9, input to next step: -----------------------------GGGGGGGGGGGGGGGGGGGGGGGGGGGGGGGGGG-------------------------------
[2026-04-24 07:10:49,411][rfdiffusion.inference.utils][INFO] - Sampled motif RMSD: 0.15
[2026-04-24 07:10:49,647][rfdiffusion.inference.model_runners][INFO] - Timestep 8, input to next step: -----------------------------GGGGGGGGGGGGGGGGGGGGGGGGGGGGGGGGGG-------------------------------
[2026-04-24 07:10:52,660][rfdiffusion.inference.utils][INFO] - Sampled motif RMSD: 0.14
[2026-04-24 07:10:53,072][rfdiffusion.inference.model_runners][INFO] - Timestep 7, input to next step: -----------------------------GGGGGGGGGGGGGGGGGGGGGGGGGGGGGGGGGG-------------------------------
[2026-04-24 07:10:56,741][rfdiffusion.inference.utils][INFO] - Sampled motif RMSD: 0.13
[2026-04-24 07:10:56,989][rfdiffusion.inference.model_runners][INFO] - Timestep 6, input to next step: -----------------------------GGGGGGGGGGGGGGGGGGGGGGGGGGGGGGGGGG-------------------------------
[2026-04-24 07:11:00,650][rfdiffusion.inference.utils][INFO] - Sampled motif RMSD: 0.14
[2026-04-24 07:11:00,949][rfdiffusion.inference.model_runners][INFO] - Timestep 5, input to next step: -----------------------------GGGGGGGGGGGGGGGGGGGGGGGGGGGGGGGGGG-------------------------------
[2026-04-24 07:11:03,629][rfdiffusion.inference.utils][INFO] - Sampled motif RMSD: 0.14
[2026-04-24 07:11:03,932][rfdiffusion.inference.model_runners][INFO] - Timestep 4, input to next step: -----------------------------GGGGGGGGGGGGGGGGGGGGGGGGGGGGGGGGGG-------------------------------
[2026-04-24 07:11:07,966][rfdiffusion.inference.utils][INFO] - Sampled motif RMSD: 0.13
[2026-04-24 07:11:08,292][rfdiffusion.inference.model_runners][INFO] - Timestep 3, input to next step: -----------------------------GGGGGGGGGGGGGGGGGGGGGGGGGGGGGGGGGG-------------------------------
[2026-04-24 07:11:12,443][rfdiffusion.inference.utils][INFO] - Sampled motif RMSD: 0.14
[2026-04-24 07:11:12,615][rfdiffusion.inference.model_runners][INFO] - Timestep 2, input to next step: -----------------------------GGGGGGGGGGGGGGGGGGGGGGGGGGGGGGGGGG-------------------------------
[2026-04-24 07:11:18,021][__main__][INFO] - Finished design in 3.87 minutes
