[2026-04-24 07:20:35,991][__main__][INFO] - Found GPU with device_name NVIDIA A100-SXM4-80GB. Will run RFdiffusion on NVIDIA A100-SXM4-80GB
Reading models from /lambda/nfs/manvi/Team_8_CS598GBL/RFdiffusion/rfdiffusion/inference/../../models
[2026-04-24 07:20:36,002][rfdiffusion.inference.model_runners][INFO] - Reading checkpoint from /lambda/nfs/manvi/Team_8_CS598GBL/RFdiffusion/rfdiffusion/inference/../../models/Base_ckpt.pt
This is inf_conf.ckpt_path
/lambda/nfs/manvi/Team_8_CS598GBL/RFdiffusion/rfdiffusion/inference/../../models/Base_ckpt.pt
Assembling -model, -diffuser and -preprocess configs from checkpoint
USING MODEL CONFIG: self._conf[model][n_extra_block] = 4
USING MODEL CONFIG: self._conf[model][n_main_block] = 32
USING MODEL CONFIG: self._conf[model][n_ref_block] = 4
USING MODEL CONFIG: self._conf[model][d_msa] = 256
USING MODEL CONFIG: self._conf[model][d_msa_full] = 64
USING MODEL CONFIG: self._conf[model][d_pair] = 128
USING MODEL CONFIG: self._conf[model][d_templ] = 64
USING MODEL CONFIG: self._conf[model][n_head_msa] = 8
USING MODEL CONFIG: self._conf[model][n_head_pair] = 4
USING MODEL CONFIG: self._conf[model][n_head_templ] = 4
USING MODEL CONFIG: self._conf[model][d_hidden] = 32
USING MODEL CONFIG: self._conf[model][d_hidden_templ] = 32
USING MODEL CONFIG: self._conf[model][p_drop] = 0.15
USING MODEL CONFIG: self._conf[model][SE3_param_full] = {'num_layers': 1, 'num_channels': 32, 'num_degrees': 2, 'n_heads': 4, 'div': 4, 'l0_in_features': 8, 'l0_out_features': 8, 'l1_in_features': 3, 'l1_out_features': 2, 'num_edge_features': 32}
USING MODEL CONFIG: self._conf[model][SE3_param_topk] = {'num_layers': 1, 'num_channels': 32, 'num_degrees': 2, 'n_heads': 4, 'div': 4, 'l0_in_features': 64, 'l0_out_features': 64, 'l1_in_features': 3, 'l1_out_features': 2, 'num_edge_features': 64}
USING MODEL CONFIG: self._conf[model][freeze_track_motif] = False
USING MODEL CONFIG: self._conf[model][use_motif_timestep] = True
USING MODEL CONFIG: self._conf[diffuser][T] = 50
USING MODEL CONFIG: self._conf[diffuser][b_0] = 0.01
USING MODEL CONFIG: self._conf[diffuser][b_T] = 0.07
USING MODEL CONFIG: self._conf[diffuser][schedule_type] = linear
USING MODEL CONFIG: self._conf[diffuser][so3_type] = igso3
USING MODEL CONFIG: self._conf[diffuser][crd_scale] = 0.25
USING MODEL CONFIG: self._conf[diffuser][so3_schedule_type] = linear
USING MODEL CONFIG: self._conf[diffuser][min_b] = 1.5
USING MODEL CONFIG: self._conf[diffuser][max_b] = 2.5
USING MODEL CONFIG: self._conf[diffuser][min_sigma] = 0.02
USING MODEL CONFIG: self._conf[diffuser][max_sigma] = 1.5
USING MODEL CONFIG: self._conf[preprocess][sidechain_input] = False
USING MODEL CONFIG: self._conf[preprocess][motif_sidechain_input] = True
USING MODEL CONFIG: self._conf[preprocess][d_t1d] = 22
USING MODEL CONFIG: self._conf[preprocess][d_t2d] = 44
USING MODEL CONFIG: self._conf[preprocess][prob_self_cond] = 0.5
USING MODEL CONFIG: self._conf[preprocess][str_self_cond] = True
USING MODEL CONFIG: self._conf[preprocess][predict_previous] = False
[2026-04-24 07:21:25,806][rfdiffusion.inference.model_runners][INFO] - Loading checkpoint.
[2026-04-24 07:21:42,834][rfdiffusion.diffusion][INFO] - Using cached IGSO3.
Successful diffuser __init__
[2026-04-24 07:21:42,906][__main__][INFO] - Making design /lambda/nfs/manvi/Team_8_CS598GBL/outputs/custom90_128_motif_scaffolding/default/len_117/mid/scaffold_0
[2026-04-24 07:21:42,943][rfdiffusion.inference.model_runners][INFO] - Using contig: ['23-39/A40-76/23-39']
With this beta schedule (linear schedule, beta_0 = 0.04, beta_T = 0.28), alpha_bar_T = 0.00013696048699785024
[2026-04-24 07:21:43,649][rfdiffusion.inference.model_runners][INFO] - Sequence init: -------------------------GGGGGGGGGGGGGGGGGGGGGGGGGGGGGGGGGGGGG-----------------------------------
[2026-04-24 07:21:51,971][rfdiffusion.inference.utils][INFO] - Sampled motif RMSD: 0.22
[2026-04-24 07:21:52,128][rfdiffusion.inference.model_runners][INFO] - Timestep 50, input to next step: -------------------------GGGGGGGGGGGGGGGGGGGGGGGGGGGGGGGGGGGGG-----------------------------------
[2026-04-24 07:21:58,228][rfdiffusion.inference.utils][INFO] - Sampled motif RMSD: 0.15
[2026-04-24 07:21:58,519][rfdiffusion.inference.model_runners][INFO] - Timestep 49, input to next step: -------------------------GGGGGGGGGGGGGGGGGGGGGGGGGGGGGGGGGGGGG-----------------------------------
[2026-04-24 07:22:05,271][rfdiffusion.inference.utils][INFO] - Sampled motif RMSD: 0.13
[2026-04-24 07:22:05,526][rfdiffusion.inference.model_runners][INFO] - Timestep 48, input to next step: -------------------------GGGGGGGGGGGGGGGGGGGGGGGGGGGGGGGGGGGGG-----------------------------------
[2026-04-24 07:22:10,009][rfdiffusion.inference.utils][INFO] - Sampled motif RMSD: 0.13
[2026-04-24 07:22:10,394][rfdiffusion.inference.model_runners][INFO] - Timestep 47, input to next step: -------------------------GGGGGGGGGGGGGGGGGGGGGGGGGGGGGGGGGGGGG-----------------------------------
[2026-04-24 07:22:17,383][rfdiffusion.inference.utils][INFO] - Sampled motif RMSD: 0.14
[2026-04-24 07:22:17,524][rfdiffusion.inference.model_runners][INFO] - Timestep 46, input to next step: -------------------------GGGGGGGGGGGGGGGGGGGGGGGGGGGGGGGGGGGGG-----------------------------------
[2026-04-24 07:22:22,327][rfdiffusion.inference.utils][INFO] - Sampled motif RMSD: 0.12
[2026-04-24 07:22:22,570][rfdiffusion.inference.model_runners][INFO] - Timestep 45, input to next step: -------------------------GGGGGGGGGGGGGGGGGGGGGGGGGGGGGGGGGGGGG-----------------------------------
[2026-04-24 07:22:28,989][rfdiffusion.inference.utils][INFO] - Sampled motif RMSD: 0.12
[2026-04-24 07:22:29,247][rfdiffusion.inference.model_runners][INFO] - Timestep 44, input to next step: -------------------------GGGGGGGGGGGGGGGGGGGGGGGGGGGGGGGGGGGGG-----------------------------------
[2026-04-24 07:22:33,359][rfdiffusion.inference.utils][INFO] - Sampled motif RMSD: 0.12
[2026-04-24 07:22:33,874][rfdiffusion.inference.model_runners][INFO] - Timestep 43, input to next step: -------------------------GGGGGGGGGGGGGGGGGGGGGGGGGGGGGGGGGGGGG-----------------------------------
[2026-04-24 07:22:37,276][rfdiffusion.inference.utils][INFO] - Sampled motif RMSD: 0.12
[2026-04-24 07:22:37,660][rfdiffusion.inference.model_runners][INFO] - Timestep 42, input to next step: -------------------------GGGGGGGGGGGGGGGGGGGGGGGGGGGGGGGGGGGGG-----------------------------------
[2026-04-24 07:22:41,048][rfdiffusion.inference.utils][INFO] - Sampled motif RMSD: 0.15
[2026-04-24 07:22:41,424][rfdiffusion.inference.model_runners][INFO] - Timestep 41, input to next step: -------------------------GGGGGGGGGGGGGGGGGGGGGGGGGGGGGGGGGGGGG-----------------------------------
[2026-04-24 07:22:44,816][rfdiffusion.inference.utils][INFO] - Sampled motif RMSD: 0.17
[2026-04-24 07:22:45,066][rfdiffusion.inference.model_runners][INFO] - Timestep 40, input to next step: -------------------------GGGGGGGGGGGGGGGGGGGGGGGGGGGGGGGGGGGGG-----------------------------------
[2026-04-24 07:22:48,648][rfdiffusion.inference.utils][INFO] - Sampled motif RMSD: 0.18
[2026-04-24 07:22:49,008][rfdiffusion.inference.model_runners][INFO] - Timestep 39, input to next step: -------------------------GGGGGGGGGGGGGGGGGGGGGGGGGGGGGGGGGGGGG-----------------------------------
[2026-04-24 07:22:53,481][rfdiffusion.inference.utils][INFO] - Sampled motif RMSD: 0.17
[2026-04-24 07:22:53,719][rfdiffusion.inference.model_runners][INFO] - Timestep 38, input to next step: -------------------------GGGGGGGGGGGGGGGGGGGGGGGGGGGGGGGGGGGGG-----------------------------------
[2026-04-24 07:22:58,311][rfdiffusion.inference.utils][INFO] - Sampled motif RMSD: 0.16
[2026-04-24 07:22:58,653][rfdiffusion.inference.model_runners][INFO] - Timestep 37, input to next step: -------------------------GGGGGGGGGGGGGGGGGGGGGGGGGGGGGGGGGGGGG-----------------------------------
[2026-04-24 07:23:02,645][rfdiffusion.inference.utils][INFO] - Sampled motif RMSD: 0.18
[2026-04-24 07:23:02,908][rfdiffusion.inference.model_runners][INFO] - Timestep 36, input to next step: -------------------------GGGGGGGGGGGGGGGGGGGGGGGGGGGGGGGGGGGGG-----------------------------------
[2026-04-24 07:23:07,571][rfdiffusion.inference.utils][INFO] - Sampled motif RMSD: 0.17
[2026-04-24 07:23:07,749][rfdiffusion.inference.model_runners][INFO] - Timestep 35, input to next step: -------------------------GGGGGGGGGGGGGGGGGGGGGGGGGGGGGGGGGGGGG-----------------------------------
[2026-04-24 07:23:12,134][rfdiffusion.inference.utils][INFO] - Sampled motif RMSD: 0.17
[2026-04-24 07:23:12,594][rfdiffusion.inference.model_runners][INFO] - Timestep 34, input to next step: -------------------------GGGGGGGGGGGGGGGGGGGGGGGGGGGGGGGGGGGGG-----------------------------------
[2026-04-24 07:23:17,725][rfdiffusion.inference.utils][INFO] - Sampled motif RMSD: 0.17
[2026-04-24 07:23:18,169][rfdiffusion.inference.model_runners][INFO] - Timestep 33, input to next step: -------------------------GGGGGGGGGGGGGGGGGGGGGGGGGGGGGGGGGGGGG-----------------------------------
[2026-04-24 07:23:23,242][rfdiffusion.inference.utils][INFO] - Sampled motif RMSD: 0.14
[2026-04-24 07:23:23,495][rfdiffusion.inference.model_runners][INFO] - Timestep 32, input to next step: -------------------------GGGGGGGGGGGGGGGGGGGGGGGGGGGGGGGGGGGGG-----------------------------------
[2026-04-24 07:23:28,761][rfdiffusion.inference.utils][INFO] - Sampled motif RMSD: 0.13
[2026-04-24 07:23:29,028][rfdiffusion.inference.model_runners][INFO] - Timestep 31, input to next step: -------------------------GGGGGGGGGGGGGGGGGGGGGGGGGGGGGGGGGGGGG-----------------------------------
[2026-04-24 07:23:33,010][rfdiffusion.inference.utils][INFO] - Sampled motif RMSD: 0.14
[2026-04-24 07:23:33,555][rfdiffusion.inference.model_runners][INFO] - Timestep 30, input to next step: -------------------------GGGGGGGGGGGGGGGGGGGGGGGGGGGGGGGGGGGGG-----------------------------------
[2026-04-24 07:23:37,141][rfdiffusion.inference.utils][INFO] - Sampled motif RMSD: 0.14
[2026-04-24 07:23:37,434][rfdiffusion.inference.model_runners][INFO] - Timestep 29, input to next step: -------------------------GGGGGGGGGGGGGGGGGGGGGGGGGGGGGGGGGGGGG-----------------------------------
[2026-04-24 07:23:41,131][rfdiffusion.inference.utils][INFO] - Sampled motif RMSD: 0.13
[2026-04-24 07:23:41,395][rfdiffusion.inference.model_runners][INFO] - Timestep 28, input to next step: -------------------------GGGGGGGGGGGGGGGGGGGGGGGGGGGGGGGGGGGGG-----------------------------------
[2026-04-24 07:23:45,450][rfdiffusion.inference.utils][INFO] - Sampled motif RMSD: 0.15
[2026-04-24 07:23:45,648][rfdiffusion.inference.model_runners][INFO] - Timestep 27, input to next step: -------------------------GGGGGGGGGGGGGGGGGGGGGGGGGGGGGGGGGGGGG-----------------------------------
[2026-04-24 07:23:49,364][rfdiffusion.inference.utils][INFO] - Sampled motif RMSD: 0.14
[2026-04-24 07:23:49,731][rfdiffusion.inference.model_runners][INFO] - Timestep 26, input to next step: -------------------------GGGGGGGGGGGGGGGGGGGGGGGGGGGGGGGGGGGGG-----------------------------------
[2026-04-24 07:23:53,418][rfdiffusion.inference.utils][INFO] - Sampled motif RMSD: 0.16
[2026-04-24 07:23:53,729][rfdiffusion.inference.model_runners][INFO] - Timestep 25, input to next step: -------------------------GGGGGGGGGGGGGGGGGGGGGGGGGGGGGGGGGGGGG-----------------------------------
[2026-04-24 07:23:58,749][rfdiffusion.inference.utils][INFO] - Sampled motif RMSD: 0.15
[2026-04-24 07:23:59,116][rfdiffusion.inference.model_runners][INFO] - Timestep 24, input to next step: -------------------------GGGGGGGGGGGGGGGGGGGGGGGGGGGGGGGGGGGGG-----------------------------------
[2026-04-24 07:24:03,352][rfdiffusion.inference.utils][INFO] - Sampled motif RMSD: 0.15
[2026-04-24 07:24:03,647][rfdiffusion.inference.model_runners][INFO] - Timestep 23, input to next step: -------------------------GGGGGGGGGGGGGGGGGGGGGGGGGGGGGGGGGGGGG-----------------------------------
[2026-04-24 07:24:08,050][rfdiffusion.inference.utils][INFO] - Sampled motif RMSD: 0.16
[2026-04-24 07:24:08,371][rfdiffusion.inference.model_runners][INFO] - Timestep 22, input to next step: -------------------------GGGGGGGGGGGGGGGGGGGGGGGGGGGGGGGGGGGGG-----------------------------------
[2026-04-24 07:24:12,127][rfdiffusion.inference.utils][INFO] - Sampled motif RMSD: 0.17
[2026-04-24 07:24:12,457][rfdiffusion.inference.model_runners][INFO] - Timestep 21, input to next step: -------------------------GGGGGGGGGGGGGGGGGGGGGGGGGGGGGGGGGGGGG-----------------------------------
[2026-04-24 07:24:16,201][rfdiffusion.inference.utils][INFO] - Sampled motif RMSD: 0.17
[2026-04-24 07:24:16,430][rfdiffusion.inference.model_runners][INFO] - Timestep 20, input to next step: -------------------------GGGGGGGGGGGGGGGGGGGGGGGGGGGGGGGGGGGGG-----------------------------------
[2026-04-24 07:24:21,028][rfdiffusion.inference.utils][INFO] - Sampled motif RMSD: 0.16
[2026-04-24 07:24:21,839][rfdiffusion.inference.model_runners][INFO] - Timestep 19, input to next step: -------------------------GGGGGGGGGGGGGGGGGGGGGGGGGGGGGGGGGGGGG-----------------------------------
[2026-04-24 07:24:25,842][rfdiffusion.inference.utils][INFO] - Sampled motif RMSD: 0.15
[2026-04-24 07:24:26,277][rfdiffusion.inference.model_runners][INFO] - Timestep 18, input to next step: -------------------------GGGGGGGGGGGGGGGGGGGGGGGGGGGGGGGGGGGGG-----------------------------------
[2026-04-24 07:24:30,184][rfdiffusion.inference.utils][INFO] - Sampled motif RMSD: 0.14
[2026-04-24 07:24:30,573][rfdiffusion.inference.model_runners][INFO] - Timestep 17, input to next step: -------------------------GGGGGGGGGGGGGGGGGGGGGGGGGGGGGGGGGGGGG-----------------------------------
[2026-04-24 07:24:34,871][rfdiffusion.inference.utils][INFO] - Sampled motif RMSD: 0.14
[2026-04-24 07:24:35,056][rfdiffusion.inference.model_runners][INFO] - Timestep 16, input to next step: -------------------------GGGGGGGGGGGGGGGGGGGGGGGGGGGGGGGGGGGGG-----------------------------------
[2026-04-24 07:24:39,480][rfdiffusion.inference.utils][INFO] - Sampled motif RMSD: 0.14
[2026-04-24 07:24:39,810][rfdiffusion.inference.model_runners][INFO] - Timestep 15, input to next step: -------------------------GGGGGGGGGGGGGGGGGGGGGGGGGGGGGGGGGGGGG-----------------------------------
[2026-04-24 07:24:44,166][rfdiffusion.inference.utils][INFO] - Sampled motif RMSD: 0.13
[2026-04-24 07:24:44,393][rfdiffusion.inference.model_runners][INFO] - Timestep 14, input to next step: -------------------------GGGGGGGGGGGGGGGGGGGGGGGGGGGGGGGGGGGGG-----------------------------------
[2026-04-24 07:24:48,479][rfdiffusion.inference.utils][INFO] - Sampled motif RMSD: 0.13
[2026-04-24 07:24:48,822][rfdiffusion.inference.model_runners][INFO] - Timestep 13, input to next step: -------------------------GGGGGGGGGGGGGGGGGGGGGGGGGGGGGGGGGGGGG-----------------------------------
[2026-04-24 07:24:53,337][rfdiffusion.inference.utils][INFO] - Sampled motif RMSD: 0.15
[2026-04-24 07:24:53,608][rfdiffusion.inference.model_runners][INFO] - Timestep 12, input to next step: -------------------------GGGGGGGGGGGGGGGGGGGGGGGGGGGGGGGGGGGGG-----------------------------------
[2026-04-24 07:24:58,257][rfdiffusion.inference.utils][INFO] - Sampled motif RMSD: 0.15
[2026-04-24 07:24:58,643][rfdiffusion.inference.model_runners][INFO] - Timestep 11, input to next step: -------------------------GGGGGGGGGGGGGGGGGGGGGGGGGGGGGGGGGGGGG-----------------------------------
[2026-04-24 07:25:03,307][rfdiffusion.inference.utils][INFO] - Sampled motif RMSD: 0.15
[2026-04-24 07:25:03,780][rfdiffusion.inference.model_runners][INFO] - Timestep 10, input to next step: -------------------------GGGGGGGGGGGGGGGGGGGGGGGGGGGGGGGGGGGGG-----------------------------------
[2026-04-24 07:25:07,221][rfdiffusion.inference.utils][INFO] - Sampled motif RMSD: 0.14
[2026-04-24 07:25:07,614][rfdiffusion.inference.model_runners][INFO] - Timestep 9, input to next step: -------------------------GGGGGGGGGGGGGGGGGGGGGGGGGGGGGGGGGGGGG-----------------------------------
[2026-04-24 07:25:13,022][rfdiffusion.inference.utils][INFO] - Sampled motif RMSD: 0.14
[2026-04-24 07:25:13,241][rfdiffusion.inference.model_runners][INFO] - Timestep 8, input to next step: -------------------------GGGGGGGGGGGGGGGGGGGGGGGGGGGGGGGGGGGGG-----------------------------------
[2026-04-24 07:25:18,618][rfdiffusion.inference.utils][INFO] - Sampled motif RMSD: 0.15
[2026-04-24 07:25:18,800][rfdiffusion.inference.model_runners][INFO] - Timestep 7, input to next step: -------------------------GGGGGGGGGGGGGGGGGGGGGGGGGGGGGGGGGGGGG-----------------------------------
[2026-04-24 07:25:22,610][rfdiffusion.inference.utils][INFO] - Sampled motif RMSD: 0.16
[2026-04-24 07:25:22,894][rfdiffusion.inference.model_runners][INFO] - Timestep 6, input to next step: -------------------------GGGGGGGGGGGGGGGGGGGGGGGGGGGGGGGGGGGGG-----------------------------------
[2026-04-24 07:25:28,209][rfdiffusion.inference.utils][INFO] - Sampled motif RMSD: 0.17
[2026-04-24 07:25:28,665][rfdiffusion.inference.model_runners][INFO] - Timestep 5, input to next step: -------------------------GGGGGGGGGGGGGGGGGGGGGGGGGGGGGGGGGGGGG-----------------------------------
[2026-04-24 07:25:34,156][rfdiffusion.inference.utils][INFO] - Sampled motif RMSD: 0.17
[2026-04-24 07:25:34,372][rfdiffusion.inference.model_runners][INFO] - Timestep 4, input to next step: -------------------------GGGGGGGGGGGGGGGGGGGGGGGGGGGGGGGGGGGGG-----------------------------------
[2026-04-24 07:25:37,592][rfdiffusion.inference.utils][INFO] - Sampled motif RMSD: 0.17
[2026-04-24 07:25:37,923][rfdiffusion.inference.model_runners][INFO] - Timestep 3, input to next step: -------------------------GGGGGGGGGGGGGGGGGGGGGGGGGGGGGGGGGGGGG-----------------------------------
[2026-04-24 07:25:42,321][rfdiffusion.inference.utils][INFO] - Sampled motif RMSD: 0.15
[2026-04-24 07:25:42,457][rfdiffusion.inference.model_runners][INFO] - Timestep 2, input to next step: -------------------------GGGGGGGGGGGGGGGGGGGGGGGGGGGGGGGGGGGGG-----------------------------------
[2026-04-24 07:25:51,369][__main__][INFO] - Finished design in 4.14 minutes
[2026-04-24 07:25:51,373][__main__][INFO] - Making design /lambda/nfs/manvi/Team_8_CS598GBL/outputs/custom90_128_motif_scaffolding/default/len_117/mid/scaffold_1
[2026-04-24 07:25:51,403][rfdiffusion.inference.model_runners][INFO] - Using contig: ['23-39/A40-76/23-39']
With this beta schedule (linear schedule, beta_0 = 0.04, beta_T = 0.28), alpha_bar_T = 0.00013696048699785024
[2026-04-24 07:25:52,243][rfdiffusion.inference.model_runners][INFO] - Sequence init: -------------------------------------GGGGGGGGGGGGGGGGGGGGGGGGGGGGGGGGGGGGG---------------------------
[2026-04-24 07:25:56,432][rfdiffusion.inference.utils][INFO] - Sampled motif RMSD: 0.27
[2026-04-24 07:25:56,829][rfdiffusion.inference.model_runners][INFO] - Timestep 50, input to next step: -------------------------------------GGGGGGGGGGGGGGGGGGGGGGGGGGGGGGGGGGGGG---------------------------
[2026-04-24 07:26:01,938][rfdiffusion.inference.utils][INFO] - Sampled motif RMSD: 0.16
[2026-04-24 07:26:02,284][rfdiffusion.inference.model_runners][INFO] - Timestep 49, input to next step: -------------------------------------GGGGGGGGGGGGGGGGGGGGGGGGGGGGGGGGGGGGG---------------------------
[2026-04-24 07:26:07,340][rfdiffusion.inference.utils][INFO] - Sampled motif RMSD: 0.17
[2026-04-24 07:26:07,618][rfdiffusion.inference.model_runners][INFO] - Timestep 48, input to next step: -------------------------------------GGGGGGGGGGGGGGGGGGGGGGGGGGGGGGGGGGGGG---------------------------
[2026-04-24 07:26:12,112][rfdiffusion.inference.utils][INFO] - Sampled motif RMSD: 0.18
[2026-04-24 07:26:12,369][rfdiffusion.inference.model_runners][INFO] - Timestep 47, input to next step: -------------------------------------GGGGGGGGGGGGGGGGGGGGGGGGGGGGGGGGGGGGG---------------------------
[2026-04-24 07:26:17,659][rfdiffusion.inference.utils][INFO] - Sampled motif RMSD: 0.18
[2026-04-24 07:26:18,003][rfdiffusion.inference.model_runners][INFO] - Timestep 46, input to next step: -------------------------------------GGGGGGGGGGGGGGGGGGGGGGGGGGGGGGGGGGGGG---------------------------
[2026-04-24 07:26:21,311][rfdiffusion.inference.utils][INFO] - Sampled motif RMSD: 0.18
[2026-04-24 07:26:21,558][rfdiffusion.inference.model_runners][INFO] - Timestep 45, input to next step: -------------------------------------GGGGGGGGGGGGGGGGGGGGGGGGGGGGGGGGGGGGG---------------------------
[2026-04-24 07:26:25,631][rfdiffusion.inference.utils][INFO] - Sampled motif RMSD: 0.18
[2026-04-24 07:26:26,053][rfdiffusion.inference.model_runners][INFO] - Timestep 44, input to next step: -------------------------------------GGGGGGGGGGGGGGGGGGGGGGGGGGGGGGGGGGGGG---------------------------
[2026-04-24 07:26:29,936][rfdiffusion.inference.utils][INFO] - Sampled motif RMSD: 0.16
[2026-04-24 07:26:30,441][rfdiffusion.inference.model_runners][INFO] - Timestep 43, input to next step: -------------------------------------GGGGGGGGGGGGGGGGGGGGGGGGGGGGGGGGGGGGG---------------------------
[2026-04-24 07:26:35,222][rfdiffusion.inference.utils][INFO] - Sampled motif RMSD: 0.17
[2026-04-24 07:26:35,620][rfdiffusion.inference.model_runners][INFO] - Timestep 42, input to next step: -------------------------------------GGGGGGGGGGGGGGGGGGGGGGGGGGGGGGGGGGGGG---------------------------
[2026-04-24 07:26:40,154][rfdiffusion.inference.utils][INFO] - Sampled motif RMSD: 0.19
[2026-04-24 07:26:40,402][rfdiffusion.inference.model_runners][INFO] - Timestep 41, input to next step: -------------------------------------GGGGGGGGGGGGGGGGGGGGGGGGGGGGGGGGGGGGG---------------------------
[2026-04-24 07:26:44,776][rfdiffusion.inference.utils][INFO] - Sampled motif RMSD: 0.19
[2026-04-24 07:26:45,032][rfdiffusion.inference.model_runners][INFO] - Timestep 40, input to next step: -------------------------------------GGGGGGGGGGGGGGGGGGGGGGGGGGGGGGGGGGGGG---------------------------
[2026-04-24 07:26:49,261][rfdiffusion.inference.utils][INFO] - Sampled motif RMSD: 0.20
[2026-04-24 07:26:49,798][rfdiffusion.inference.model_runners][INFO] - Timestep 39, input to next step: -------------------------------------GGGGGGGGGGGGGGGGGGGGGGGGGGGGGGGGGGGGG---------------------------
[2026-04-24 07:26:54,460][rfdiffusion.inference.utils][INFO] - Sampled motif RMSD: 0.19
[2026-04-24 07:26:54,708][rfdiffusion.inference.model_runners][INFO] - Timestep 38, input to next step: -------------------------------------GGGGGGGGGGGGGGGGGGGGGGGGGGGGGGGGGGGGG---------------------------
[2026-04-24 07:26:59,204][rfdiffusion.inference.utils][INFO] - Sampled motif RMSD: 0.18
[2026-04-24 07:26:59,505][rfdiffusion.inference.model_runners][INFO] - Timestep 37, input to next step: -------------------------------------GGGGGGGGGGGGGGGGGGGGGGGGGGGGGGGGGGGGG---------------------------
[2026-04-24 07:27:04,604][rfdiffusion.inference.utils][INFO] - Sampled motif RMSD: 0.19
[2026-04-24 07:27:05,137][rfdiffusion.inference.model_runners][INFO] - Timestep 36, input to next step: -------------------------------------GGGGGGGGGGGGGGGGGGGGGGGGGGGGGGGGGGGGG---------------------------
[2026-04-24 07:27:10,154][rfdiffusion.inference.utils][INFO] - Sampled motif RMSD: 0.18
[2026-04-24 07:27:10,483][rfdiffusion.inference.model_runners][INFO] - Timestep 35, input to next step: -------------------------------------GGGGGGGGGGGGGGGGGGGGGGGGGGGGGGGGGGGGG---------------------------
[2026-04-24 07:27:14,815][rfdiffusion.inference.utils][INFO] - Sampled motif RMSD: 0.20
[2026-04-24 07:27:15,195][rfdiffusion.inference.model_runners][INFO] - Timestep 34, input to next step: -------------------------------------GGGGGGGGGGGGGGGGGGGGGGGGGGGGGGGGGGGGG---------------------------
[2026-04-24 07:27:20,259][rfdiffusion.inference.utils][INFO] - Sampled motif RMSD: 0.19
[2026-04-24 07:27:20,573][rfdiffusion.inference.model_runners][INFO] - Timestep 33, input to next step: -------------------------------------GGGGGGGGGGGGGGGGGGGGGGGGGGGGGGGGGGGGG---------------------------
[2026-04-24 07:27:25,923][rfdiffusion.inference.utils][INFO] - Sampled motif RMSD: 0.20
[2026-04-24 07:27:26,170][rfdiffusion.inference.model_runners][INFO] - Timestep 32, input to next step: -------------------------------------GGGGGGGGGGGGGGGGGGGGGGGGGGGGGGGGGGGGG---------------------------
[2026-04-24 07:27:31,480][rfdiffusion.inference.utils][INFO] - Sampled motif RMSD: 0.20
[2026-04-24 07:27:31,774][rfdiffusion.inference.model_runners][INFO] - Timestep 31, input to next step: -------------------------------------GGGGGGGGGGGGGGGGGGGGGGGGGGGGGGGGGGGGG---------------------------
[2026-04-24 07:27:35,930][rfdiffusion.inference.utils][INFO] - Sampled motif RMSD: 0.20
[2026-04-24 07:27:36,279][rfdiffusion.inference.model_runners][INFO] - Timestep 30, input to next step: -------------------------------------GGGGGGGGGGGGGGGGGGGGGGGGGGGGGGGGGGGGG---------------------------
[2026-04-24 07:27:39,493][rfdiffusion.inference.utils][INFO] - Sampled motif RMSD: 0.21
[2026-04-24 07:27:39,843][rfdiffusion.inference.model_runners][INFO] - Timestep 29, input to next step: -------------------------------------GGGGGGGGGGGGGGGGGGGGGGGGGGGGGGGGGGGGG---------------------------
[2026-04-24 07:27:43,746][rfdiffusion.inference.utils][INFO] - Sampled motif RMSD: 0.21
[2026-04-24 07:27:44,048][rfdiffusion.inference.model_runners][INFO] - Timestep 28, input to next step: -------------------------------------GGGGGGGGGGGGGGGGGGGGGGGGGGGGGGGGGGGGG---------------------------
[2026-04-24 07:27:48,093][rfdiffusion.inference.utils][INFO] - Sampled motif RMSD: 0.20
[2026-04-24 07:27:48,379][rfdiffusion.inference.model_runners][INFO] - Timestep 27, input to next step: -------------------------------------GGGGGGGGGGGGGGGGGGGGGGGGGGGGGGGGGGGGG---------------------------
[2026-04-24 07:27:53,301][rfdiffusion.inference.utils][INFO] - Sampled motif RMSD: 0.21
[2026-04-24 07:27:53,392][rfdiffusion.inference.model_runners][INFO] - Timestep 26, input to next step: -------------------------------------GGGGGGGGGGGGGGGGGGGGGGGGGGGGGGGGGGGGG---------------------------
[2026-04-24 07:27:56,998][rfdiffusion.inference.utils][INFO] - Sampled motif RMSD: 0.22
[2026-04-24 07:27:57,107][rfdiffusion.inference.model_runners][INFO] - Timestep 25, input to next step: -------------------------------------GGGGGGGGGGGGGGGGGGGGGGGGGGGGGGGGGGGGG---------------------------
[2026-04-24 07:28:02,463][rfdiffusion.inference.utils][INFO] - Sampled motif RMSD: 0.23
[2026-04-24 07:28:02,888][rfdiffusion.inference.model_runners][INFO] - Timestep 24, input to next step: -------------------------------------GGGGGGGGGGGGGGGGGGGGGGGGGGGGGGGGGGGGG---------------------------
[2026-04-24 07:28:06,796][rfdiffusion.inference.utils][INFO] - Sampled motif RMSD: 0.24
[2026-04-24 07:28:07,259][rfdiffusion.inference.model_runners][INFO] - Timestep 23, input to next step: -------------------------------------GGGGGGGGGGGGGGGGGGGGGGGGGGGGGGGGGGGGG---------------------------
[2026-04-24 07:28:11,189][rfdiffusion.inference.utils][INFO] - Sampled motif RMSD: 0.23
[2026-04-24 07:28:11,595][rfdiffusion.inference.model_runners][INFO] - Timestep 22, input to next step: -------------------------------------GGGGGGGGGGGGGGGGGGGGGGGGGGGGGGGGGGGGG---------------------------
[2026-04-24 07:28:15,817][rfdiffusion.inference.utils][INFO] - Sampled motif RMSD: 0.23
[2026-04-24 07:28:15,966][rfdiffusion.inference.model_runners][INFO] - Timestep 21, input to next step: -------------------------------------GGGGGGGGGGGGGGGGGGGGGGGGGGGGGGGGGGGGG---------------------------
[2026-04-24 07:28:18,787][rfdiffusion.inference.utils][INFO] - Sampled motif RMSD: 0.21
[2026-04-24 07:28:19,065][rfdiffusion.inference.model_runners][INFO] - Timestep 20, input to next step: -------------------------------------GGGGGGGGGGGGGGGGGGGGGGGGGGGGGGGGGGGGG---------------------------
[2026-04-24 07:28:22,722][rfdiffusion.inference.utils][INFO] - Sampled motif RMSD: 0.21
[2026-04-24 07:28:22,986][rfdiffusion.inference.model_runners][INFO] - Timestep 19, input to next step: -------------------------------------GGGGGGGGGGGGGGGGGGGGGGGGGGGGGGGGGGGGG---------------------------
[2026-04-24 07:28:27,317][rfdiffusion.inference.utils][INFO] - Sampled motif RMSD: 0.21
[2026-04-24 07:28:27,442][rfdiffusion.inference.model_runners][INFO] - Timestep 18, input to next step: -------------------------------------GGGGGGGGGGGGGGGGGGGGGGGGGGGGGGGGGGGGG---------------------------
[2026-04-24 07:28:31,713][rfdiffusion.inference.utils][INFO] - Sampled motif RMSD: 0.20
[2026-04-24 07:28:31,900][rfdiffusion.inference.model_runners][INFO] - Timestep 17, input to next step: -------------------------------------GGGGGGGGGGGGGGGGGGGGGGGGGGGGGGGGGGGGG---------------------------
[2026-04-24 07:28:36,286][rfdiffusion.inference.utils][INFO] - Sampled motif RMSD: 0.21
[2026-04-24 07:28:36,747][rfdiffusion.inference.model_runners][INFO] - Timestep 16, input to next step: -------------------------------------GGGGGGGGGGGGGGGGGGGGGGGGGGGGGGGGGGGGG---------------------------
[2026-04-24 07:28:41,647][rfdiffusion.inference.utils][INFO] - Sampled motif RMSD: 0.20
[2026-04-24 07:28:42,031][rfdiffusion.inference.model_runners][INFO] - Timestep 15, input to next step: -------------------------------------GGGGGGGGGGGGGGGGGGGGGGGGGGGGGGGGGGGGG---------------------------
[2026-04-24 07:28:45,667][rfdiffusion.inference.utils][INFO] - Sampled motif RMSD: 0.19
[2026-04-24 07:28:46,038][rfdiffusion.inference.model_runners][INFO] - Timestep 14, input to next step: -------------------------------------GGGGGGGGGGGGGGGGGGGGGGGGGGGGGGGGGGGGG---------------------------
[2026-04-24 07:28:50,755][rfdiffusion.inference.utils][INFO] - Sampled motif RMSD: 0.21
[2026-04-24 07:28:51,129][rfdiffusion.inference.model_runners][INFO] - Timestep 13, input to next step: -------------------------------------GGGGGGGGGGGGGGGGGGGGGGGGGGGGGGGGGGGGG---------------------------
[2026-04-24 07:28:55,474][rfdiffusion.inference.utils][INFO] - Sampled motif RMSD: 0.23
[2026-04-24 07:28:55,928][rfdiffusion.inference.model_runners][INFO] - Timestep 12, input to next step: -------------------------------------GGGGGGGGGGGGGGGGGGGGGGGGGGGGGGGGGGGGG---------------------------
[2026-04-24 07:29:00,618][rfdiffusion.inference.utils][INFO] - Sampled motif RMSD: 0.24
[2026-04-24 07:29:01,002][rfdiffusion.inference.model_runners][INFO] - Timestep 11, input to next step: -------------------------------------GGGGGGGGGGGGGGGGGGGGGGGGGGGGGGGGGGGGG---------------------------
[2026-04-24 07:29:04,711][rfdiffusion.inference.utils][INFO] - Sampled motif RMSD: 0.25
[2026-04-24 07:29:05,102][rfdiffusion.inference.model_runners][INFO] - Timestep 10, input to next step: -------------------------------------GGGGGGGGGGGGGGGGGGGGGGGGGGGGGGGGGGGGG---------------------------
[2026-04-24 07:29:09,808][rfdiffusion.inference.utils][INFO] - Sampled motif RMSD: 0.25
[2026-04-24 07:29:09,925][rfdiffusion.inference.model_runners][INFO] - Timestep 9, input to next step: -------------------------------------GGGGGGGGGGGGGGGGGGGGGGGGGGGGGGGGGGGGG---------------------------
[2026-04-24 07:29:14,240][rfdiffusion.inference.utils][INFO] - Sampled motif RMSD: 0.26
[2026-04-24 07:29:14,406][rfdiffusion.inference.model_runners][INFO] - Timestep 8, input to next step: -------------------------------------GGGGGGGGGGGGGGGGGGGGGGGGGGGGGGGGGGGGG---------------------------
[2026-04-24 07:29:18,574][rfdiffusion.inference.utils][INFO] - Sampled motif RMSD: 0.26
[2026-04-24 07:29:18,761][rfdiffusion.inference.model_runners][INFO] - Timestep 7, input to next step: -------------------------------------GGGGGGGGGGGGGGGGGGGGGGGGGGGGGGGGGGGGG---------------------------
[2026-04-24 07:29:22,005][rfdiffusion.inference.utils][INFO] - Sampled motif RMSD: 0.28
[2026-04-24 07:29:22,208][rfdiffusion.inference.model_runners][INFO] - Timestep 6, input to next step: -------------------------------------GGGGGGGGGGGGGGGGGGGGGGGGGGGGGGGGGGGGG---------------------------
[2026-04-24 07:29:25,703][rfdiffusion.inference.utils][INFO] - Sampled motif RMSD: 0.29
[2026-04-24 07:29:25,858][rfdiffusion.inference.model_runners][INFO] - Timestep 5, input to next step: -------------------------------------GGGGGGGGGGGGGGGGGGGGGGGGGGGGGGGGGGGGG---------------------------
[2026-04-24 07:29:29,656][rfdiffusion.inference.utils][INFO] - Sampled motif RMSD: 0.27
[2026-04-24 07:29:29,922][rfdiffusion.inference.model_runners][INFO] - Timestep 4, input to next step: -------------------------------------GGGGGGGGGGGGGGGGGGGGGGGGGGGGGGGGGGGGG---------------------------
[2026-04-24 07:29:33,812][rfdiffusion.inference.utils][INFO] - Sampled motif RMSD: 0.27
[2026-04-24 07:29:34,011][rfdiffusion.inference.model_runners][INFO] - Timestep 3, input to next step: -------------------------------------GGGGGGGGGGGGGGGGGGGGGGGGGGGGGGGGGGGGG---------------------------
[2026-04-24 07:29:37,271][rfdiffusion.inference.utils][INFO] - Sampled motif RMSD: 0.27
[2026-04-24 07:29:37,517][rfdiffusion.inference.model_runners][INFO] - Timestep 2, input to next step: -------------------------------------GGGGGGGGGGGGGGGGGGGGGGGGGGGGGGGGGGGGG---------------------------
[2026-04-24 07:29:42,917][__main__][INFO] - Finished design in 3.86 minutes
