[2026-04-24 09:23:45,972][__main__][INFO] - Found GPU with device_name NVIDIA A100-SXM4-80GB. Will run RFdiffusion on NVIDIA A100-SXM4-80GB
Reading models from /lambda/nfs/manvi/Team_8_CS598GBL/RFdiffusion/rfdiffusion/inference/../../models
[2026-04-24 09:23:45,979][rfdiffusion.inference.model_runners][INFO] - Reading checkpoint from /lambda/nfs/manvi/Team_8_CS598GBL/RFdiffusion/rfdiffusion/inference/../../models/Base_ckpt.pt
This is inf_conf.ckpt_path
/lambda/nfs/manvi/Team_8_CS598GBL/RFdiffusion/rfdiffusion/inference/../../models/Base_ckpt.pt
Assembling -model, -diffuser and -preprocess configs from checkpoint
USING MODEL CONFIG: self._conf[model][n_extra_block] = 4
USING MODEL CONFIG: self._conf[model][n_main_block] = 32
USING MODEL CONFIG: self._conf[model][n_ref_block] = 4
USING MODEL CONFIG: self._conf[model][d_msa] = 256
USING MODEL CONFIG: self._conf[model][d_msa_full] = 64
USING MODEL CONFIG: self._conf[model][d_pair] = 128
USING MODEL CONFIG: self._conf[model][d_templ] = 64
USING MODEL CONFIG: self._conf[model][n_head_msa] = 8
USING MODEL CONFIG: self._conf[model][n_head_pair] = 4
USING MODEL CONFIG: self._conf[model][n_head_templ] = 4
USING MODEL CONFIG: self._conf[model][d_hidden] = 32
USING MODEL CONFIG: self._conf[model][d_hidden_templ] = 32
USING MODEL CONFIG: self._conf[model][p_drop] = 0.15
USING MODEL CONFIG: self._conf[model][SE3_param_full] = {'num_layers': 1, 'num_channels': 32, 'num_degrees': 2, 'n_heads': 4, 'div': 4, 'l0_in_features': 8, 'l0_out_features': 8, 'l1_in_features': 3, 'l1_out_features': 2, 'num_edge_features': 32}
USING MODEL CONFIG: self._conf[model][SE3_param_topk] = {'num_layers': 1, 'num_channels': 32, 'num_degrees': 2, 'n_heads': 4, 'div': 4, 'l0_in_features': 64, 'l0_out_features': 64, 'l1_in_features': 3, 'l1_out_features': 2, 'num_edge_features': 64}
USING MODEL CONFIG: self._conf[model][freeze_track_motif] = False
USING MODEL CONFIG: self._conf[model][use_motif_timestep] = True
USING MODEL CONFIG: self._conf[diffuser][T] = 50
USING MODEL CONFIG: self._conf[diffuser][b_0] = 0.01
USING MODEL CONFIG: self._conf[diffuser][b_T] = 0.07
USING MODEL CONFIG: self._conf[diffuser][schedule_type] = linear
USING MODEL CONFIG: self._conf[diffuser][so3_type] = igso3
USING MODEL CONFIG: self._conf[diffuser][crd_scale] = 0.25
USING MODEL CONFIG: self._conf[diffuser][so3_schedule_type] = linear
USING MODEL CONFIG: self._conf[diffuser][min_b] = 1.5
USING MODEL CONFIG: self._conf[diffuser][max_b] = 2.5
USING MODEL CONFIG: self._conf[diffuser][min_sigma] = 0.02
USING MODEL CONFIG: self._conf[diffuser][max_sigma] = 1.5
USING MODEL CONFIG: self._conf[preprocess][sidechain_input] = False
USING MODEL CONFIG: self._conf[preprocess][motif_sidechain_input] = True
USING MODEL CONFIG: self._conf[preprocess][d_t1d] = 22
USING MODEL CONFIG: self._conf[preprocess][d_t2d] = 44
USING MODEL CONFIG: self._conf[preprocess][prob_self_cond] = 0.5
USING MODEL CONFIG: self._conf[preprocess][str_self_cond] = True
USING MODEL CONFIG: self._conf[preprocess][predict_previous] = False
[2026-04-24 09:24:44,955][rfdiffusion.inference.model_runners][INFO] - Loading checkpoint.
[2026-04-24 09:25:03,695][rfdiffusion.diffusion][INFO] - Using cached IGSO3.
Successful diffuser __init__
[2026-04-24 09:25:03,850][__main__][INFO] - Making design /lambda/nfs/manvi/Team_8_CS598GBL/outputs/custom90_128_motif_scaffolding/fast_T20/len_126/cterm/scaffold_0
[2026-04-24 09:25:03,878][rfdiffusion.inference.model_runners][INFO] - Using contig: ['25-42/A100-126']
With this beta schedule (linear schedule, beta_0 = 0.04, beta_T = 0.28), alpha_bar_T = 0.00013696048699785024
[2026-04-24 09:25:04,252][rfdiffusion.inference.model_runners][INFO] - Sequence init: ----------------------------------------GGGGGGGGGGGGGGGGGGGGGGGGGGG
[2026-04-24 09:25:11,813][rfdiffusion.inference.utils][INFO] - Sampled motif RMSD: 0.16
[2026-04-24 09:25:12,382][rfdiffusion.inference.model_runners][INFO] - Timestep 50, input to next step: ----------------------------------------GGGGGGGGGGGGGGGGGGGGGGGGGGG
[2026-04-24 09:25:17,402][rfdiffusion.inference.utils][INFO] - Sampled motif RMSD: 0.13
[2026-04-24 09:25:17,480][rfdiffusion.inference.model_runners][INFO] - Timestep 49, input to next step: ----------------------------------------GGGGGGGGGGGGGGGGGGGGGGGGGGG
[2026-04-24 09:25:21,086][rfdiffusion.inference.utils][INFO] - Sampled motif RMSD: 0.13
[2026-04-24 09:25:21,362][rfdiffusion.inference.model_runners][INFO] - Timestep 48, input to next step: ----------------------------------------GGGGGGGGGGGGGGGGGGGGGGGGGGG
[2026-04-24 09:25:24,903][rfdiffusion.inference.utils][INFO] - Sampled motif RMSD: 0.15
[2026-04-24 09:25:25,123][rfdiffusion.inference.model_runners][INFO] - Timestep 47, input to next step: ----------------------------------------GGGGGGGGGGGGGGGGGGGGGGGGGGG
[2026-04-24 09:25:29,341][rfdiffusion.inference.utils][INFO] - Sampled motif RMSD: 0.14
[2026-04-24 09:25:29,582][rfdiffusion.inference.model_runners][INFO] - Timestep 46, input to next step: ----------------------------------------GGGGGGGGGGGGGGGGGGGGGGGGGGG
[2026-04-24 09:25:34,061][rfdiffusion.inference.utils][INFO] - Sampled motif RMSD: 0.15
[2026-04-24 09:25:34,517][rfdiffusion.inference.model_runners][INFO] - Timestep 45, input to next step: ----------------------------------------GGGGGGGGGGGGGGGGGGGGGGGGGGG
[2026-04-24 09:25:38,666][rfdiffusion.inference.utils][INFO] - Sampled motif RMSD: 0.14
[2026-04-24 09:25:39,042][rfdiffusion.inference.model_runners][INFO] - Timestep 44, input to next step: ----------------------------------------GGGGGGGGGGGGGGGGGGGGGGGGGGG
[2026-04-24 09:25:42,909][rfdiffusion.inference.utils][INFO] - Sampled motif RMSD: 0.13
[2026-04-24 09:25:43,230][rfdiffusion.inference.model_runners][INFO] - Timestep 43, input to next step: ----------------------------------------GGGGGGGGGGGGGGGGGGGGGGGGGGG
[2026-04-24 09:25:47,313][rfdiffusion.inference.utils][INFO] - Sampled motif RMSD: 0.15
[2026-04-24 09:25:47,682][rfdiffusion.inference.model_runners][INFO] - Timestep 42, input to next step: ----------------------------------------GGGGGGGGGGGGGGGGGGGGGGGGGGG
[2026-04-24 09:25:51,071][rfdiffusion.inference.utils][INFO] - Sampled motif RMSD: 0.13
[2026-04-24 09:25:51,357][rfdiffusion.inference.model_runners][INFO] - Timestep 41, input to next step: ----------------------------------------GGGGGGGGGGGGGGGGGGGGGGGGGGG
[2026-04-24 09:25:55,703][rfdiffusion.inference.utils][INFO] - Sampled motif RMSD: 0.13
[2026-04-24 09:25:56,294][rfdiffusion.inference.model_runners][INFO] - Timestep 40, input to next step: ----------------------------------------GGGGGGGGGGGGGGGGGGGGGGGGGGG
[2026-04-24 09:25:59,759][rfdiffusion.inference.utils][INFO] - Sampled motif RMSD: 0.12
[2026-04-24 09:26:00,016][rfdiffusion.inference.model_runners][INFO] - Timestep 39, input to next step: ----------------------------------------GGGGGGGGGGGGGGGGGGGGGGGGGGG
[2026-04-24 09:26:04,237][rfdiffusion.inference.utils][INFO] - Sampled motif RMSD: 0.15
[2026-04-24 09:26:04,549][rfdiffusion.inference.model_runners][INFO] - Timestep 38, input to next step: ----------------------------------------GGGGGGGGGGGGGGGGGGGGGGGGGGG
[2026-04-24 09:26:08,876][rfdiffusion.inference.utils][INFO] - Sampled motif RMSD: 0.16
[2026-04-24 09:26:09,238][rfdiffusion.inference.model_runners][INFO] - Timestep 37, input to next step: ----------------------------------------GGGGGGGGGGGGGGGGGGGGGGGGGGG
[2026-04-24 09:26:13,312][rfdiffusion.inference.utils][INFO] - Sampled motif RMSD: 0.15
[2026-04-24 09:26:13,656][rfdiffusion.inference.model_runners][INFO] - Timestep 36, input to next step: ----------------------------------------GGGGGGGGGGGGGGGGGGGGGGGGGGG
[2026-04-24 09:26:17,733][rfdiffusion.inference.utils][INFO] - Sampled motif RMSD: 0.13
[2026-04-24 09:26:17,928][rfdiffusion.inference.model_runners][INFO] - Timestep 35, input to next step: ----------------------------------------GGGGGGGGGGGGGGGGGGGGGGGGGGG
[2026-04-24 09:26:21,840][rfdiffusion.inference.utils][INFO] - Sampled motif RMSD: 0.13
[2026-04-24 09:26:21,981][rfdiffusion.inference.model_runners][INFO] - Timestep 34, input to next step: ----------------------------------------GGGGGGGGGGGGGGGGGGGGGGGGGGG
[2026-04-24 09:26:28,568][rfdiffusion.inference.utils][INFO] - Sampled motif RMSD: 0.13
[2026-04-24 09:26:28,986][rfdiffusion.inference.model_runners][INFO] - Timestep 33, input to next step: ----------------------------------------GGGGGGGGGGGGGGGGGGGGGGGGGGG
[2026-04-24 09:26:34,925][rfdiffusion.inference.utils][INFO] - Sampled motif RMSD: 0.14
[2026-04-24 09:26:35,224][rfdiffusion.inference.model_runners][INFO] - Timestep 32, input to next step: ----------------------------------------GGGGGGGGGGGGGGGGGGGGGGGGGGG
[2026-04-24 09:26:39,182][rfdiffusion.inference.utils][INFO] - Sampled motif RMSD: 0.14
[2026-04-24 09:26:39,544][rfdiffusion.inference.model_runners][INFO] - Timestep 31, input to next step: ----------------------------------------GGGGGGGGGGGGGGGGGGGGGGGGGGG
[2026-04-24 09:26:44,741][rfdiffusion.inference.utils][INFO] - Sampled motif RMSD: 0.14
[2026-04-24 09:26:45,093][rfdiffusion.inference.model_runners][INFO] - Timestep 30, input to next step: ----------------------------------------GGGGGGGGGGGGGGGGGGGGGGGGGGG
[2026-04-24 09:26:51,141][rfdiffusion.inference.utils][INFO] - Sampled motif RMSD: 0.15
[2026-04-24 09:26:51,459][rfdiffusion.inference.model_runners][INFO] - Timestep 29, input to next step: ----------------------------------------GGGGGGGGGGGGGGGGGGGGGGGGGGG
[2026-04-24 09:26:56,223][rfdiffusion.inference.utils][INFO] - Sampled motif RMSD: 0.13
[2026-04-24 09:26:56,331][rfdiffusion.inference.model_runners][INFO] - Timestep 28, input to next step: ----------------------------------------GGGGGGGGGGGGGGGGGGGGGGGGGGG
[2026-04-24 09:27:02,324][rfdiffusion.inference.utils][INFO] - Sampled motif RMSD: 0.13
[2026-04-24 09:27:02,641][rfdiffusion.inference.model_runners][INFO] - Timestep 27, input to next step: ----------------------------------------GGGGGGGGGGGGGGGGGGGGGGGGGGG
[2026-04-24 09:27:07,080][rfdiffusion.inference.utils][INFO] - Sampled motif RMSD: 0.13
[2026-04-24 09:27:07,349][rfdiffusion.inference.model_runners][INFO] - Timestep 26, input to next step: ----------------------------------------GGGGGGGGGGGGGGGGGGGGGGGGGGG
[2026-04-24 09:27:15,112][rfdiffusion.inference.utils][INFO] - Sampled motif RMSD: 0.13
[2026-04-24 09:27:15,312][rfdiffusion.inference.model_runners][INFO] - Timestep 25, input to next step: ----------------------------------------GGGGGGGGGGGGGGGGGGGGGGGGGGG
[2026-04-24 09:27:20,368][rfdiffusion.inference.utils][INFO] - Sampled motif RMSD: 0.12
[2026-04-24 09:27:20,724][rfdiffusion.inference.model_runners][INFO] - Timestep 24, input to next step: ----------------------------------------GGGGGGGGGGGGGGGGGGGGGGGGGGG
[2026-04-24 09:27:25,342][rfdiffusion.inference.utils][INFO] - Sampled motif RMSD: 0.12
[2026-04-24 09:27:25,737][rfdiffusion.inference.model_runners][INFO] - Timestep 23, input to next step: ----------------------------------------GGGGGGGGGGGGGGGGGGGGGGGGGGG
[2026-04-24 09:27:31,075][rfdiffusion.inference.utils][INFO] - Sampled motif RMSD: 0.11
[2026-04-24 09:27:31,323][rfdiffusion.inference.model_runners][INFO] - Timestep 22, input to next step: ----------------------------------------GGGGGGGGGGGGGGGGGGGGGGGGGGG
[2026-04-24 09:27:35,625][rfdiffusion.inference.utils][INFO] - Sampled motif RMSD: 0.11
[2026-04-24 09:27:35,769][rfdiffusion.inference.model_runners][INFO] - Timestep 21, input to next step: ----------------------------------------GGGGGGGGGGGGGGGGGGGGGGGGGGG
[2026-04-24 09:27:39,300][rfdiffusion.inference.utils][INFO] - Sampled motif RMSD: 0.10
[2026-04-24 09:27:39,536][rfdiffusion.inference.model_runners][INFO] - Timestep 20, input to next step: ----------------------------------------GGGGGGGGGGGGGGGGGGGGGGGGGGG
[2026-04-24 09:27:44,637][rfdiffusion.inference.utils][INFO] - Sampled motif RMSD: 0.09
[2026-04-24 09:27:45,101][rfdiffusion.inference.model_runners][INFO] - Timestep 19, input to next step: ----------------------------------------GGGGGGGGGGGGGGGGGGGGGGGGGGG
[2026-04-24 09:27:49,491][rfdiffusion.inference.utils][INFO] - Sampled motif RMSD: 0.08
[2026-04-24 09:27:49,684][rfdiffusion.inference.model_runners][INFO] - Timestep 18, input to next step: ----------------------------------------GGGGGGGGGGGGGGGGGGGGGGGGGGG
[2026-04-24 09:27:53,361][rfdiffusion.inference.utils][INFO] - Sampled motif RMSD: 0.09
[2026-04-24 09:27:53,621][rfdiffusion.inference.model_runners][INFO] - Timestep 17, input to next step: ----------------------------------------GGGGGGGGGGGGGGGGGGGGGGGGGGG
[2026-04-24 09:27:58,336][rfdiffusion.inference.utils][INFO] - Sampled motif RMSD: 0.09
[2026-04-24 09:27:58,614][rfdiffusion.inference.model_runners][INFO] - Timestep 16, input to next step: ----------------------------------------GGGGGGGGGGGGGGGGGGGGGGGGGGG
[2026-04-24 09:28:02,614][rfdiffusion.inference.utils][INFO] - Sampled motif RMSD: 0.09
[2026-04-24 09:28:02,835][rfdiffusion.inference.model_runners][INFO] - Timestep 15, input to next step: ----------------------------------------GGGGGGGGGGGGGGGGGGGGGGGGGGG
[2026-04-24 09:28:06,315][rfdiffusion.inference.utils][INFO] - Sampled motif RMSD: 0.09
[2026-04-24 09:28:06,464][rfdiffusion.inference.model_runners][INFO] - Timestep 14, input to next step: ----------------------------------------GGGGGGGGGGGGGGGGGGGGGGGGGGG
[2026-04-24 09:28:10,612][rfdiffusion.inference.utils][INFO] - Sampled motif RMSD: 0.10
[2026-04-24 09:28:10,699][rfdiffusion.inference.model_runners][INFO] - Timestep 13, input to next step: ----------------------------------------GGGGGGGGGGGGGGGGGGGGGGGGGGG
[2026-04-24 09:28:14,538][rfdiffusion.inference.utils][INFO] - Sampled motif RMSD: 0.10
[2026-04-24 09:28:14,864][rfdiffusion.inference.model_runners][INFO] - Timestep 12, input to next step: ----------------------------------------GGGGGGGGGGGGGGGGGGGGGGGGGGG
[2026-04-24 09:28:19,209][rfdiffusion.inference.utils][INFO] - Sampled motif RMSD: 0.10
[2026-04-24 09:28:19,473][rfdiffusion.inference.model_runners][INFO] - Timestep 11, input to next step: ----------------------------------------GGGGGGGGGGGGGGGGGGGGGGGGGGG
[2026-04-24 09:28:22,561][rfdiffusion.inference.utils][INFO] - Sampled motif RMSD: 0.10
[2026-04-24 09:28:23,061][rfdiffusion.inference.model_runners][INFO] - Timestep 10, input to next step: ----------------------------------------GGGGGGGGGGGGGGGGGGGGGGGGGGG
[2026-04-24 09:28:27,317][rfdiffusion.inference.utils][INFO] - Sampled motif RMSD: 0.10
[2026-04-24 09:28:27,762][rfdiffusion.inference.model_runners][INFO] - Timestep 9, input to next step: ----------------------------------------GGGGGGGGGGGGGGGGGGGGGGGGGGG
[2026-04-24 09:28:31,109][rfdiffusion.inference.utils][INFO] - Sampled motif RMSD: 0.09
[2026-04-24 09:28:31,455][rfdiffusion.inference.model_runners][INFO] - Timestep 8, input to next step: ----------------------------------------GGGGGGGGGGGGGGGGGGGGGGGGGGG
[2026-04-24 09:28:35,266][rfdiffusion.inference.utils][INFO] - Sampled motif RMSD: 0.09
[2026-04-24 09:28:35,686][rfdiffusion.inference.model_runners][INFO] - Timestep 7, input to next step: ----------------------------------------GGGGGGGGGGGGGGGGGGGGGGGGGGG
[2026-04-24 09:28:39,668][rfdiffusion.inference.utils][INFO] - Sampled motif RMSD: 0.08
[2026-04-24 09:28:39,982][rfdiffusion.inference.model_runners][INFO] - Timestep 6, input to next step: ----------------------------------------GGGGGGGGGGGGGGGGGGGGGGGGGGG
[2026-04-24 09:28:43,373][rfdiffusion.inference.utils][INFO] - Sampled motif RMSD: 0.08
[2026-04-24 09:28:43,610][rfdiffusion.inference.model_runners][INFO] - Timestep 5, input to next step: ----------------------------------------GGGGGGGGGGGGGGGGGGGGGGGGGGG
[2026-04-24 09:28:46,639][rfdiffusion.inference.utils][INFO] - Sampled motif RMSD: 0.09
[2026-04-24 09:28:46,956][rfdiffusion.inference.model_runners][INFO] - Timestep 4, input to next step: ----------------------------------------GGGGGGGGGGGGGGGGGGGGGGGGGGG
[2026-04-24 09:28:50,479][rfdiffusion.inference.utils][INFO] - Sampled motif RMSD: 0.08
[2026-04-24 09:28:50,820][rfdiffusion.inference.model_runners][INFO] - Timestep 3, input to next step: ----------------------------------------GGGGGGGGGGGGGGGGGGGGGGGGGGG
[2026-04-24 09:28:54,531][rfdiffusion.inference.utils][INFO] - Sampled motif RMSD: 0.08
[2026-04-24 09:28:54,842][rfdiffusion.inference.model_runners][INFO] - Timestep 2, input to next step: ----------------------------------------GGGGGGGGGGGGGGGGGGGGGGGGGGG
[2026-04-24 09:29:00,767][__main__][INFO] - Finished design in 3.95 minutes
