[2026-04-24 07:21:26,918][__main__][INFO] - Found GPU with device_name NVIDIA A100-SXM4-80GB. Will run RFdiffusion on NVIDIA A100-SXM4-80GB
Reading models from /lambda/nfs/manvi/Team_8_CS598GBL/RFdiffusion/rfdiffusion/inference/../../models
[2026-04-24 07:21:26,920][rfdiffusion.inference.model_runners][INFO] - Reading checkpoint from /lambda/nfs/manvi/Team_8_CS598GBL/RFdiffusion/rfdiffusion/inference/../../models/Base_ckpt.pt
This is inf_conf.ckpt_path
/lambda/nfs/manvi/Team_8_CS598GBL/RFdiffusion/rfdiffusion/inference/../../models/Base_ckpt.pt
Assembling -model, -diffuser and -preprocess configs from checkpoint
USING MODEL CONFIG: self._conf[model][n_extra_block] = 4
USING MODEL CONFIG: self._conf[model][n_main_block] = 32
USING MODEL CONFIG: self._conf[model][n_ref_block] = 4
USING MODEL CONFIG: self._conf[model][d_msa] = 256
USING MODEL CONFIG: self._conf[model][d_msa_full] = 64
USING MODEL CONFIG: self._conf[model][d_pair] = 128
USING MODEL CONFIG: self._conf[model][d_templ] = 64
USING MODEL CONFIG: self._conf[model][n_head_msa] = 8
USING MODEL CONFIG: self._conf[model][n_head_pair] = 4
USING MODEL CONFIG: self._conf[model][n_head_templ] = 4
USING MODEL CONFIG: self._conf[model][d_hidden] = 32
USING MODEL CONFIG: self._conf[model][d_hidden_templ] = 32
USING MODEL CONFIG: self._conf[model][p_drop] = 0.15
USING MODEL CONFIG: self._conf[model][SE3_param_full] = {'num_layers': 1, 'num_channels': 32, 'num_degrees': 2, 'n_heads': 4, 'div': 4, 'l0_in_features': 8, 'l0_out_features': 8, 'l1_in_features': 3, 'l1_out_features': 2, 'num_edge_features': 32}
USING MODEL CONFIG: self._conf[model][SE3_param_topk] = {'num_layers': 1, 'num_channels': 32, 'num_degrees': 2, 'n_heads': 4, 'div': 4, 'l0_in_features': 64, 'l0_out_features': 64, 'l1_in_features': 3, 'l1_out_features': 2, 'num_edge_features': 64}
USING MODEL CONFIG: self._conf[model][freeze_track_motif] = False
USING MODEL CONFIG: self._conf[model][use_motif_timestep] = True
USING MODEL CONFIG: self._conf[diffuser][T] = 50
USING MODEL CONFIG: self._conf[diffuser][b_0] = 0.01
USING MODEL CONFIG: self._conf[diffuser][b_T] = 0.07
USING MODEL CONFIG: self._conf[diffuser][schedule_type] = linear
USING MODEL CONFIG: self._conf[diffuser][so3_type] = igso3
USING MODEL CONFIG: self._conf[diffuser][crd_scale] = 0.25
USING MODEL CONFIG: self._conf[diffuser][so3_schedule_type] = linear
USING MODEL CONFIG: self._conf[diffuser][min_b] = 1.5
USING MODEL CONFIG: self._conf[diffuser][max_b] = 2.5
USING MODEL CONFIG: self._conf[diffuser][min_sigma] = 0.02
USING MODEL CONFIG: self._conf[diffuser][max_sigma] = 1.5
USING MODEL CONFIG: self._conf[preprocess][sidechain_input] = False
USING MODEL CONFIG: self._conf[preprocess][motif_sidechain_input] = True
USING MODEL CONFIG: self._conf[preprocess][d_t1d] = 22
USING MODEL CONFIG: self._conf[preprocess][d_t2d] = 44
USING MODEL CONFIG: self._conf[preprocess][prob_self_cond] = 0.5
USING MODEL CONFIG: self._conf[preprocess][str_self_cond] = True
USING MODEL CONFIG: self._conf[preprocess][predict_previous] = False
[2026-04-24 07:22:20,867][rfdiffusion.inference.model_runners][INFO] - Loading checkpoint.
[2026-04-24 07:22:38,893][rfdiffusion.diffusion][INFO] - Using cached IGSO3.
Successful diffuser __init__
[2026-04-24 07:22:38,914][__main__][INFO] - Making design /lambda/nfs/manvi/Team_8_CS598GBL/outputs/custom90_128_motif_scaffolding/default/len_118/short/scaffold_0
[2026-04-24 07:22:38,927][rfdiffusion.inference.model_runners][INFO] - Using contig: ['23-39/A51-66/23-39']
With this beta schedule (linear schedule, beta_0 = 0.04, beta_T = 0.28), alpha_bar_T = 0.00013696048699785024
[2026-04-24 07:22:39,347][rfdiffusion.inference.model_runners][INFO] - Sequence init: ----------------------------------GGGGGGGGGGGGGGGG---------------------------------------
[2026-04-24 07:22:49,366][rfdiffusion.inference.utils][INFO] - Sampled motif RMSD: 0.49
[2026-04-24 07:22:49,660][rfdiffusion.inference.model_runners][INFO] - Timestep 50, input to next step: ----------------------------------GGGGGGGGGGGGGGGG---------------------------------------
[2026-04-24 07:22:55,266][rfdiffusion.inference.utils][INFO] - Sampled motif RMSD: 0.45
[2026-04-24 07:22:55,497][rfdiffusion.inference.model_runners][INFO] - Timestep 49, input to next step: ----------------------------------GGGGGGGGGGGGGGGG---------------------------------------
[2026-04-24 07:23:02,694][rfdiffusion.inference.utils][INFO] - Sampled motif RMSD: 0.47
[2026-04-24 07:23:02,966][rfdiffusion.inference.model_runners][INFO] - Timestep 48, input to next step: ----------------------------------GGGGGGGGGGGGGGGG---------------------------------------
[2026-04-24 07:23:09,598][rfdiffusion.inference.utils][INFO] - Sampled motif RMSD: 0.46
[2026-04-24 07:23:10,028][rfdiffusion.inference.model_runners][INFO] - Timestep 47, input to next step: ----------------------------------GGGGGGGGGGGGGGGG---------------------------------------
[2026-04-24 07:23:17,827][rfdiffusion.inference.utils][INFO] - Sampled motif RMSD: 0.46
[2026-04-24 07:23:18,284][rfdiffusion.inference.model_runners][INFO] - Timestep 46, input to next step: ----------------------------------GGGGGGGGGGGGGGGG---------------------------------------
[2026-04-24 07:23:26,109][rfdiffusion.inference.utils][INFO] - Sampled motif RMSD: 0.45
[2026-04-24 07:23:26,445][rfdiffusion.inference.model_runners][INFO] - Timestep 45, input to next step: ----------------------------------GGGGGGGGGGGGGGGG---------------------------------------
[2026-04-24 07:23:32,091][rfdiffusion.inference.utils][INFO] - Sampled motif RMSD: 0.42
[2026-04-24 07:23:32,457][rfdiffusion.inference.model_runners][INFO] - Timestep 44, input to next step: ----------------------------------GGGGGGGGGGGGGGGG---------------------------------------
[2026-04-24 07:23:38,816][rfdiffusion.inference.utils][INFO] - Sampled motif RMSD: 0.40
[2026-04-24 07:23:39,160][rfdiffusion.inference.model_runners][INFO] - Timestep 43, input to next step: ----------------------------------GGGGGGGGGGGGGGGG---------------------------------------
[2026-04-24 07:23:42,534][rfdiffusion.inference.utils][INFO] - Sampled motif RMSD: 0.38
[2026-04-24 07:23:42,747][rfdiffusion.inference.model_runners][INFO] - Timestep 42, input to next step: ----------------------------------GGGGGGGGGGGGGGGG---------------------------------------
[2026-04-24 07:23:45,715][rfdiffusion.inference.utils][INFO] - Sampled motif RMSD: 0.35
[2026-04-24 07:23:46,003][rfdiffusion.inference.model_runners][INFO] - Timestep 41, input to next step: ----------------------------------GGGGGGGGGGGGGGGG---------------------------------------
[2026-04-24 07:23:49,622][rfdiffusion.inference.utils][INFO] - Sampled motif RMSD: 0.34
[2026-04-24 07:23:49,917][rfdiffusion.inference.model_runners][INFO] - Timestep 40, input to next step: ----------------------------------GGGGGGGGGGGGGGGG---------------------------------------
[2026-04-24 07:23:53,447][rfdiffusion.inference.utils][INFO] - Sampled motif RMSD: 0.30
[2026-04-24 07:23:53,819][rfdiffusion.inference.model_runners][INFO] - Timestep 39, input to next step: ----------------------------------GGGGGGGGGGGGGGGG---------------------------------------
[2026-04-24 07:23:58,793][rfdiffusion.inference.utils][INFO] - Sampled motif RMSD: 0.30
[2026-04-24 07:23:59,145][rfdiffusion.inference.model_runners][INFO] - Timestep 38, input to next step: ----------------------------------GGGGGGGGGGGGGGGG---------------------------------------
[2026-04-24 07:24:03,431][rfdiffusion.inference.utils][INFO] - Sampled motif RMSD: 0.29
[2026-04-24 07:24:03,720][rfdiffusion.inference.model_runners][INFO] - Timestep 37, input to next step: ----------------------------------GGGGGGGGGGGGGGGG---------------------------------------
[2026-04-24 07:24:08,003][rfdiffusion.inference.utils][INFO] - Sampled motif RMSD: 0.32
[2026-04-24 07:24:08,355][rfdiffusion.inference.model_runners][INFO] - Timestep 36, input to next step: ----------------------------------GGGGGGGGGGGGGGGG---------------------------------------
[2026-04-24 07:24:12,919][rfdiffusion.inference.utils][INFO] - Sampled motif RMSD: 0.34
[2026-04-24 07:24:13,344][rfdiffusion.inference.model_runners][INFO] - Timestep 35, input to next step: ----------------------------------GGGGGGGGGGGGGGGG---------------------------------------
[2026-04-24 07:24:17,172][rfdiffusion.inference.utils][INFO] - Sampled motif RMSD: 0.34
[2026-04-24 07:24:17,717][rfdiffusion.inference.model_runners][INFO] - Timestep 34, input to next step: ----------------------------------GGGGGGGGGGGGGGGG---------------------------------------
[2026-04-24 07:24:21,184][rfdiffusion.inference.utils][INFO] - Sampled motif RMSD: 0.34
[2026-04-24 07:24:21,727][rfdiffusion.inference.model_runners][INFO] - Timestep 33, input to next step: ----------------------------------GGGGGGGGGGGGGGGG---------------------------------------
[2026-04-24 07:24:25,956][rfdiffusion.inference.utils][INFO] - Sampled motif RMSD: 0.34
[2026-04-24 07:24:26,222][rfdiffusion.inference.model_runners][INFO] - Timestep 32, input to next step: ----------------------------------GGGGGGGGGGGGGGGG---------------------------------------
[2026-04-24 07:24:30,853][rfdiffusion.inference.utils][INFO] - Sampled motif RMSD: 0.33
[2026-04-24 07:24:31,304][rfdiffusion.inference.model_runners][INFO] - Timestep 31, input to next step: ----------------------------------GGGGGGGGGGGGGGGG---------------------------------------
[2026-04-24 07:24:36,506][rfdiffusion.inference.utils][INFO] - Sampled motif RMSD: 0.32
[2026-04-24 07:24:36,829][rfdiffusion.inference.model_runners][INFO] - Timestep 30, input to next step: ----------------------------------GGGGGGGGGGGGGGGG---------------------------------------
[2026-04-24 07:24:41,491][rfdiffusion.inference.utils][INFO] - Sampled motif RMSD: 0.32
[2026-04-24 07:24:41,840][rfdiffusion.inference.model_runners][INFO] - Timestep 29, input to next step: ----------------------------------GGGGGGGGGGGGGGGG---------------------------------------
[2026-04-24 07:24:45,598][rfdiffusion.inference.utils][INFO] - Sampled motif RMSD: 0.32
[2026-04-24 07:24:45,957][rfdiffusion.inference.model_runners][INFO] - Timestep 28, input to next step: ----------------------------------GGGGGGGGGGGGGGGG---------------------------------------
[2026-04-24 07:24:50,829][rfdiffusion.inference.utils][INFO] - Sampled motif RMSD: 0.32
[2026-04-24 07:24:51,188][rfdiffusion.inference.model_runners][INFO] - Timestep 27, input to next step: ----------------------------------GGGGGGGGGGGGGGGG---------------------------------------
[2026-04-24 07:24:55,873][rfdiffusion.inference.utils][INFO] - Sampled motif RMSD: 0.33
[2026-04-24 07:24:56,162][rfdiffusion.inference.model_runners][INFO] - Timestep 26, input to next step: ----------------------------------GGGGGGGGGGGGGGGG---------------------------------------
[2026-04-24 07:25:00,954][rfdiffusion.inference.utils][INFO] - Sampled motif RMSD: 0.33
[2026-04-24 07:25:01,270][rfdiffusion.inference.model_runners][INFO] - Timestep 25, input to next step: ----------------------------------GGGGGGGGGGGGGGGG---------------------------------------
[2026-04-24 07:25:06,495][rfdiffusion.inference.utils][INFO] - Sampled motif RMSD: 0.35
[2026-04-24 07:25:06,701][rfdiffusion.inference.model_runners][INFO] - Timestep 24, input to next step: ----------------------------------GGGGGGGGGGGGGGGG---------------------------------------
[2026-04-24 07:25:10,685][rfdiffusion.inference.utils][INFO] - Sampled motif RMSD: 0.37
[2026-04-24 07:25:10,836][rfdiffusion.inference.model_runners][INFO] - Timestep 23, input to next step: ----------------------------------GGGGGGGGGGGGGGGG---------------------------------------
[2026-04-24 07:25:14,967][rfdiffusion.inference.utils][INFO] - Sampled motif RMSD: 0.36
[2026-04-24 07:25:15,337][rfdiffusion.inference.model_runners][INFO] - Timestep 22, input to next step: ----------------------------------GGGGGGGGGGGGGGGG---------------------------------------
[2026-04-24 07:25:20,742][rfdiffusion.inference.utils][INFO] - Sampled motif RMSD: 0.35
[2026-04-24 07:25:21,074][rfdiffusion.inference.model_runners][INFO] - Timestep 21, input to next step: ----------------------------------GGGGGGGGGGGGGGGG---------------------------------------
[2026-04-24 07:25:24,851][rfdiffusion.inference.utils][INFO] - Sampled motif RMSD: 0.34
[2026-04-24 07:25:25,198][rfdiffusion.inference.model_runners][INFO] - Timestep 20, input to next step: ----------------------------------GGGGGGGGGGGGGGGG---------------------------------------
[2026-04-24 07:25:28,635][rfdiffusion.inference.utils][INFO] - Sampled motif RMSD: 0.31
[2026-04-24 07:25:29,037][rfdiffusion.inference.model_runners][INFO] - Timestep 19, input to next step: ----------------------------------GGGGGGGGGGGGGGGG---------------------------------------
[2026-04-24 07:25:33,967][rfdiffusion.inference.utils][INFO] - Sampled motif RMSD: 0.32
[2026-04-24 07:25:34,229][rfdiffusion.inference.model_runners][INFO] - Timestep 18, input to next step: ----------------------------------GGGGGGGGGGGGGGGG---------------------------------------
[2026-04-24 07:25:38,351][rfdiffusion.inference.utils][INFO] - Sampled motif RMSD: 0.32
[2026-04-24 07:25:38,548][rfdiffusion.inference.model_runners][INFO] - Timestep 17, input to next step: ----------------------------------GGGGGGGGGGGGGGGG---------------------------------------
[2026-04-24 07:25:42,962][rfdiffusion.inference.utils][INFO] - Sampled motif RMSD: 0.33
[2026-04-24 07:25:43,153][rfdiffusion.inference.model_runners][INFO] - Timestep 16, input to next step: ----------------------------------GGGGGGGGGGGGGGGG---------------------------------------
[2026-04-24 07:25:46,893][rfdiffusion.inference.utils][INFO] - Sampled motif RMSD: 0.34
[2026-04-24 07:25:47,154][rfdiffusion.inference.model_runners][INFO] - Timestep 15, input to next step: ----------------------------------GGGGGGGGGGGGGGGG---------------------------------------
[2026-04-24 07:25:51,405][rfdiffusion.inference.utils][INFO] - Sampled motif RMSD: 0.32
[2026-04-24 07:25:51,974][rfdiffusion.inference.model_runners][INFO] - Timestep 14, input to next step: ----------------------------------GGGGGGGGGGGGGGGG---------------------------------------
[2026-04-24 07:25:55,063][rfdiffusion.inference.utils][INFO] - Sampled motif RMSD: 0.34
[2026-04-24 07:25:55,275][rfdiffusion.inference.model_runners][INFO] - Timestep 13, input to next step: ----------------------------------GGGGGGGGGGGGGGGG---------------------------------------
[2026-04-24 07:25:59,929][rfdiffusion.inference.utils][INFO] - Sampled motif RMSD: 0.34
[2026-04-24 07:26:00,195][rfdiffusion.inference.model_runners][INFO] - Timestep 12, input to next step: ----------------------------------GGGGGGGGGGGGGGGG---------------------------------------
[2026-04-24 07:26:04,506][rfdiffusion.inference.utils][INFO] - Sampled motif RMSD: 0.34
[2026-04-24 07:26:04,619][rfdiffusion.inference.model_runners][INFO] - Timestep 11, input to next step: ----------------------------------GGGGGGGGGGGGGGGG---------------------------------------
[2026-04-24 07:26:09,620][rfdiffusion.inference.utils][INFO] - Sampled motif RMSD: 0.34
[2026-04-24 07:26:09,961][rfdiffusion.inference.model_runners][INFO] - Timestep 10, input to next step: ----------------------------------GGGGGGGGGGGGGGGG---------------------------------------
[2026-04-24 07:26:14,428][rfdiffusion.inference.utils][INFO] - Sampled motif RMSD: 0.34
[2026-04-24 07:26:14,632][rfdiffusion.inference.model_runners][INFO] - Timestep 9, input to next step: ----------------------------------GGGGGGGGGGGGGGGG---------------------------------------
[2026-04-24 07:26:17,752][rfdiffusion.inference.utils][INFO] - Sampled motif RMSD: 0.33
[2026-04-24 07:26:18,116][rfdiffusion.inference.model_runners][INFO] - Timestep 8, input to next step: ----------------------------------GGGGGGGGGGGGGGGG---------------------------------------
[2026-04-24 07:26:23,103][rfdiffusion.inference.utils][INFO] - Sampled motif RMSD: 0.32
[2026-04-24 07:26:23,449][rfdiffusion.inference.model_runners][INFO] - Timestep 7, input to next step: ----------------------------------GGGGGGGGGGGGGGGG---------------------------------------
[2026-04-24 07:26:27,363][rfdiffusion.inference.utils][INFO] - Sampled motif RMSD: 0.33
[2026-04-24 07:26:27,712][rfdiffusion.inference.model_runners][INFO] - Timestep 6, input to next step: ----------------------------------GGGGGGGGGGGGGGGG---------------------------------------
[2026-04-24 07:26:32,992][rfdiffusion.inference.utils][INFO] - Sampled motif RMSD: 0.33
[2026-04-24 07:26:33,087][rfdiffusion.inference.model_runners][INFO] - Timestep 5, input to next step: ----------------------------------GGGGGGGGGGGGGGGG---------------------------------------
[2026-04-24 07:26:37,316][rfdiffusion.inference.utils][INFO] - Sampled motif RMSD: 0.32
[2026-04-24 07:26:37,510][rfdiffusion.inference.model_runners][INFO] - Timestep 4, input to next step: ----------------------------------GGGGGGGGGGGGGGGG---------------------------------------
[2026-04-24 07:26:41,782][rfdiffusion.inference.utils][INFO] - Sampled motif RMSD: 0.30
[2026-04-24 07:26:42,248][rfdiffusion.inference.model_runners][INFO] - Timestep 3, input to next step: ----------------------------------GGGGGGGGGGGGGGGG---------------------------------------
[2026-04-24 07:26:46,327][rfdiffusion.inference.utils][INFO] - Sampled motif RMSD: 0.30
[2026-04-24 07:26:46,562][rfdiffusion.inference.model_runners][INFO] - Timestep 2, input to next step: ----------------------------------GGGGGGGGGGGGGGGG---------------------------------------
[2026-04-24 07:26:54,884][__main__][INFO] - Finished design in 4.27 minutes
[2026-04-24 07:26:54,884][__main__][INFO] - Making design /lambda/nfs/manvi/Team_8_CS598GBL/outputs/custom90_128_motif_scaffolding/default/len_118/short/scaffold_1
[2026-04-24 07:26:54,911][rfdiffusion.inference.model_runners][INFO] - Using contig: ['23-39/A51-66/23-39']
With this beta schedule (linear schedule, beta_0 = 0.04, beta_T = 0.28), alpha_bar_T = 0.00013696048699785024
[2026-04-24 07:26:55,370][rfdiffusion.inference.model_runners][INFO] - Sequence init: ---------------------------GGGGGGGGGGGGGGGG------------------------------------
[2026-04-24 07:26:59,558][rfdiffusion.inference.utils][INFO] - Sampled motif RMSD: 0.45
[2026-04-24 07:26:59,870][rfdiffusion.inference.model_runners][INFO] - Timestep 50, input to next step: ---------------------------GGGGGGGGGGGGGGGG------------------------------------
[2026-04-24 07:27:04,737][rfdiffusion.inference.utils][INFO] - Sampled motif RMSD: 0.44
[2026-04-24 07:27:05,252][rfdiffusion.inference.model_runners][INFO] - Timestep 49, input to next step: ---------------------------GGGGGGGGGGGGGGGG------------------------------------
[2026-04-24 07:27:08,047][rfdiffusion.inference.utils][INFO] - Sampled motif RMSD: 0.44
[2026-04-24 07:27:08,405][rfdiffusion.inference.model_runners][INFO] - Timestep 48, input to next step: ---------------------------GGGGGGGGGGGGGGGG------------------------------------
[2026-04-24 07:27:12,779][rfdiffusion.inference.utils][INFO] - Sampled motif RMSD: 0.43
[2026-04-24 07:27:13,087][rfdiffusion.inference.model_runners][INFO] - Timestep 47, input to next step: ---------------------------GGGGGGGGGGGGGGGG------------------------------------
[2026-04-24 07:27:18,440][rfdiffusion.inference.utils][INFO] - Sampled motif RMSD: 0.43
[2026-04-24 07:27:18,817][rfdiffusion.inference.model_runners][INFO] - Timestep 46, input to next step: ---------------------------GGGGGGGGGGGGGGGG------------------------------------
[2026-04-24 07:27:22,855][rfdiffusion.inference.utils][INFO] - Sampled motif RMSD: 0.43
[2026-04-24 07:27:23,116][rfdiffusion.inference.model_runners][INFO] - Timestep 45, input to next step: ---------------------------GGGGGGGGGGGGGGGG------------------------------------
[2026-04-24 07:27:28,327][rfdiffusion.inference.utils][INFO] - Sampled motif RMSD: 0.44
[2026-04-24 07:27:28,874][rfdiffusion.inference.model_runners][INFO] - Timestep 44, input to next step: ---------------------------GGGGGGGGGGGGGGGG------------------------------------
[2026-04-24 07:27:32,997][rfdiffusion.inference.utils][INFO] - Sampled motif RMSD: 0.45
[2026-04-24 07:27:33,581][rfdiffusion.inference.model_runners][INFO] - Timestep 43, input to next step: ---------------------------GGGGGGGGGGGGGGGG------------------------------------
[2026-04-24 07:27:37,320][rfdiffusion.inference.utils][INFO] - Sampled motif RMSD: 0.44
[2026-04-24 07:27:37,627][rfdiffusion.inference.model_runners][INFO] - Timestep 42, input to next step: ---------------------------GGGGGGGGGGGGGGGG------------------------------------
[2026-04-24 07:27:40,585][rfdiffusion.inference.utils][INFO] - Sampled motif RMSD: 0.46
[2026-04-24 07:27:40,962][rfdiffusion.inference.model_runners][INFO] - Timestep 41, input to next step: ---------------------------GGGGGGGGGGGGGGGG------------------------------------
[2026-04-24 07:27:45,522][rfdiffusion.inference.utils][INFO] - Sampled motif RMSD: 0.45
[2026-04-24 07:27:45,777][rfdiffusion.inference.model_runners][INFO] - Timestep 40, input to next step: ---------------------------GGGGGGGGGGGGGGGG------------------------------------
[2026-04-24 07:27:49,486][rfdiffusion.inference.utils][INFO] - Sampled motif RMSD: 0.42
[2026-04-24 07:27:49,692][rfdiffusion.inference.model_runners][INFO] - Timestep 39, input to next step: ---------------------------GGGGGGGGGGGGGGGG------------------------------------
[2026-04-24 07:27:53,687][rfdiffusion.inference.utils][INFO] - Sampled motif RMSD: 0.43
[2026-04-24 07:27:53,956][rfdiffusion.inference.model_runners][INFO] - Timestep 38, input to next step: ---------------------------GGGGGGGGGGGGGGGG------------------------------------
[2026-04-24 07:27:57,695][rfdiffusion.inference.utils][INFO] - Sampled motif RMSD: 0.44
[2026-04-24 07:27:58,068][rfdiffusion.inference.model_runners][INFO] - Timestep 37, input to next step: ---------------------------GGGGGGGGGGGGGGGG------------------------------------
[2026-04-24 07:28:02,736][rfdiffusion.inference.utils][INFO] - Sampled motif RMSD: 0.39
[2026-04-24 07:28:03,118][rfdiffusion.inference.model_runners][INFO] - Timestep 36, input to next step: ---------------------------GGGGGGGGGGGGGGGG------------------------------------
[2026-04-24 07:28:07,094][rfdiffusion.inference.utils][INFO] - Sampled motif RMSD: 0.39
[2026-04-24 07:28:07,409][rfdiffusion.inference.model_runners][INFO] - Timestep 35, input to next step: ---------------------------GGGGGGGGGGGGGGGG------------------------------------
[2026-04-24 07:28:10,463][rfdiffusion.inference.utils][INFO] - Sampled motif RMSD: 0.39
[2026-04-24 07:28:10,719][rfdiffusion.inference.model_runners][INFO] - Timestep 34, input to next step: ---------------------------GGGGGGGGGGGGGGGG------------------------------------
[2026-04-24 07:28:14,001][rfdiffusion.inference.utils][INFO] - Sampled motif RMSD: 0.37
[2026-04-24 07:28:14,483][rfdiffusion.inference.model_runners][INFO] - Timestep 33, input to next step: ---------------------------GGGGGGGGGGGGGGGG------------------------------------
[2026-04-24 07:28:17,874][rfdiffusion.inference.utils][INFO] - Sampled motif RMSD: 0.37
[2026-04-24 07:28:18,302][rfdiffusion.inference.model_runners][INFO] - Timestep 32, input to next step: ---------------------------GGGGGGGGGGGGGGGG------------------------------------
[2026-04-24 07:28:21,028][rfdiffusion.inference.utils][INFO] - Sampled motif RMSD: 0.40
[2026-04-24 07:28:21,312][rfdiffusion.inference.model_runners][INFO] - Timestep 31, input to next step: ---------------------------GGGGGGGGGGGGGGGG------------------------------------
[2026-04-24 07:28:24,684][rfdiffusion.inference.utils][INFO] - Sampled motif RMSD: 0.38
[2026-04-24 07:28:24,976][rfdiffusion.inference.model_runners][INFO] - Timestep 30, input to next step: ---------------------------GGGGGGGGGGGGGGGG------------------------------------
[2026-04-24 07:28:30,339][rfdiffusion.inference.utils][INFO] - Sampled motif RMSD: 0.33
[2026-04-24 07:28:30,555][rfdiffusion.inference.model_runners][INFO] - Timestep 29, input to next step: ---------------------------GGGGGGGGGGGGGGGG------------------------------------
[2026-04-24 07:28:34,687][rfdiffusion.inference.utils][INFO] - Sampled motif RMSD: 0.30
[2026-04-24 07:28:34,870][rfdiffusion.inference.model_runners][INFO] - Timestep 28, input to next step: ---------------------------GGGGGGGGGGGGGGGG------------------------------------
[2026-04-24 07:28:39,615][rfdiffusion.inference.utils][INFO] - Sampled motif RMSD: 0.30
[2026-04-24 07:28:39,840][rfdiffusion.inference.model_runners][INFO] - Timestep 27, input to next step: ---------------------------GGGGGGGGGGGGGGGG------------------------------------
[2026-04-24 07:28:44,772][rfdiffusion.inference.utils][INFO] - Sampled motif RMSD: 0.30
[2026-04-24 07:28:45,085][rfdiffusion.inference.model_runners][INFO] - Timestep 26, input to next step: ---------------------------GGGGGGGGGGGGGGGG------------------------------------
[2026-04-24 07:28:49,732][rfdiffusion.inference.utils][INFO] - Sampled motif RMSD: 0.29
[2026-04-24 07:28:49,988][rfdiffusion.inference.model_runners][INFO] - Timestep 25, input to next step: ---------------------------GGGGGGGGGGGGGGGG------------------------------------
[2026-04-24 07:28:54,216][rfdiffusion.inference.utils][INFO] - Sampled motif RMSD: 0.28
[2026-04-24 07:28:54,452][rfdiffusion.inference.model_runners][INFO] - Timestep 24, input to next step: ---------------------------GGGGGGGGGGGGGGGG------------------------------------
[2026-04-24 07:28:58,892][rfdiffusion.inference.utils][INFO] - Sampled motif RMSD: 0.28
[2026-04-24 07:28:59,008][rfdiffusion.inference.model_runners][INFO] - Timestep 23, input to next step: ---------------------------GGGGGGGGGGGGGGGG------------------------------------
[2026-04-24 07:29:02,550][rfdiffusion.inference.utils][INFO] - Sampled motif RMSD: 0.31
[2026-04-24 07:29:02,887][rfdiffusion.inference.model_runners][INFO] - Timestep 22, input to next step: ---------------------------GGGGGGGGGGGGGGGG------------------------------------
[2026-04-24 07:29:06,388][rfdiffusion.inference.utils][INFO] - Sampled motif RMSD: 0.32
[2026-04-24 07:29:06,667][rfdiffusion.inference.model_runners][INFO] - Timestep 21, input to next step: ---------------------------GGGGGGGGGGGGGGGG------------------------------------
[2026-04-24 07:29:11,038][rfdiffusion.inference.utils][INFO] - Sampled motif RMSD: 0.32
[2026-04-24 07:29:11,439][rfdiffusion.inference.model_runners][INFO] - Timestep 20, input to next step: ---------------------------GGGGGGGGGGGGGGGG------------------------------------
[2026-04-24 07:29:15,898][rfdiffusion.inference.utils][INFO] - Sampled motif RMSD: 0.30
[2026-04-24 07:29:16,123][rfdiffusion.inference.model_runners][INFO] - Timestep 19, input to next step: ---------------------------GGGGGGGGGGGGGGGG------------------------------------
[2026-04-24 07:29:19,513][rfdiffusion.inference.utils][INFO] - Sampled motif RMSD: 0.31
[2026-04-24 07:29:19,709][rfdiffusion.inference.model_runners][INFO] - Timestep 18, input to next step: ---------------------------GGGGGGGGGGGGGGGG------------------------------------
[2026-04-24 07:29:22,703][rfdiffusion.inference.utils][INFO] - Sampled motif RMSD: 0.29
[2026-04-24 07:29:22,920][rfdiffusion.inference.model_runners][INFO] - Timestep 17, input to next step: ---------------------------GGGGGGGGGGGGGGGG------------------------------------
[2026-04-24 07:29:26,522][rfdiffusion.inference.utils][INFO] - Sampled motif RMSD: 0.27
[2026-04-24 07:29:26,738][rfdiffusion.inference.model_runners][INFO] - Timestep 16, input to next step: ---------------------------GGGGGGGGGGGGGGGG------------------------------------
[2026-04-24 07:29:29,354][rfdiffusion.inference.utils][INFO] - Sampled motif RMSD: 0.28
[2026-04-24 07:29:29,641][rfdiffusion.inference.model_runners][INFO] - Timestep 15, input to next step: ---------------------------GGGGGGGGGGGGGGGG------------------------------------
[2026-04-24 07:29:32,324][rfdiffusion.inference.utils][INFO] - Sampled motif RMSD: 0.26
[2026-04-24 07:29:32,630][rfdiffusion.inference.model_runners][INFO] - Timestep 14, input to next step: ---------------------------GGGGGGGGGGGGGGGG------------------------------------
[2026-04-24 07:29:35,795][rfdiffusion.inference.utils][INFO] - Sampled motif RMSD: 0.24
[2026-04-24 07:29:36,040][rfdiffusion.inference.model_runners][INFO] - Timestep 13, input to next step: ---------------------------GGGGGGGGGGGGGGGG------------------------------------
[2026-04-24 07:29:38,809][rfdiffusion.inference.utils][INFO] - Sampled motif RMSD: 0.26
[2026-04-24 07:29:38,973][rfdiffusion.inference.model_runners][INFO] - Timestep 12, input to next step: ---------------------------GGGGGGGGGGGGGGGG------------------------------------
[2026-04-24 07:29:41,693][rfdiffusion.inference.utils][INFO] - Sampled motif RMSD: 0.29
[2026-04-24 07:29:41,836][rfdiffusion.inference.model_runners][INFO] - Timestep 11, input to next step: ---------------------------GGGGGGGGGGGGGGGG------------------------------------
[2026-04-24 07:29:44,995][rfdiffusion.inference.utils][INFO] - Sampled motif RMSD: 0.27
[2026-04-24 07:29:45,170][rfdiffusion.inference.model_runners][INFO] - Timestep 10, input to next step: ---------------------------GGGGGGGGGGGGGGGG------------------------------------
[2026-04-24 07:29:48,776][rfdiffusion.inference.utils][INFO] - Sampled motif RMSD: 0.26
[2026-04-24 07:29:48,923][rfdiffusion.inference.model_runners][INFO] - Timestep 9, input to next step: ---------------------------GGGGGGGGGGGGGGGG------------------------------------
[2026-04-24 07:29:51,914][rfdiffusion.inference.utils][INFO] - Sampled motif RMSD: 0.22
[2026-04-24 07:29:52,186][rfdiffusion.inference.model_runners][INFO] - Timestep 8, input to next step: ---------------------------GGGGGGGGGGGGGGGG------------------------------------
[2026-04-24 07:29:56,002][rfdiffusion.inference.utils][INFO] - Sampled motif RMSD: 0.23
[2026-04-24 07:29:56,235][rfdiffusion.inference.model_runners][INFO] - Timestep 7, input to next step: ---------------------------GGGGGGGGGGGGGGGG------------------------------------
[2026-04-24 07:29:59,743][rfdiffusion.inference.utils][INFO] - Sampled motif RMSD: 0.22
[2026-04-24 07:30:00,024][rfdiffusion.inference.model_runners][INFO] - Timestep 6, input to next step: ---------------------------GGGGGGGGGGGGGGGG------------------------------------
[2026-04-24 07:30:04,336][rfdiffusion.inference.utils][INFO] - Sampled motif RMSD: 0.23
[2026-04-24 07:30:04,543][rfdiffusion.inference.model_runners][INFO] - Timestep 5, input to next step: ---------------------------GGGGGGGGGGGGGGGG------------------------------------
[2026-04-24 07:30:07,659][rfdiffusion.inference.utils][INFO] - Sampled motif RMSD: 0.23
[2026-04-24 07:30:08,018][rfdiffusion.inference.model_runners][INFO] - Timestep 4, input to next step: ---------------------------GGGGGGGGGGGGGGGG------------------------------------
[2026-04-24 07:30:11,092][rfdiffusion.inference.utils][INFO] - Sampled motif RMSD: 0.22
[2026-04-24 07:30:11,355][rfdiffusion.inference.model_runners][INFO] - Timestep 3, input to next step: ---------------------------GGGGGGGGGGGGGGGG------------------------------------
[2026-04-24 07:30:14,992][rfdiffusion.inference.utils][INFO] - Sampled motif RMSD: 0.20
[2026-04-24 07:30:15,138][rfdiffusion.inference.model_runners][INFO] - Timestep 2, input to next step: ---------------------------GGGGGGGGGGGGGGGG------------------------------------
[2026-04-24 07:30:21,815][__main__][INFO] - Finished design in 3.45 minutes
