[2026-04-24 07:11:54,601][__main__][INFO] - Found GPU with device_name NVIDIA A100-SXM4-80GB. Will run RFdiffusion on NVIDIA A100-SXM4-80GB
Reading models from /lambda/nfs/manvi/Team_8_CS598GBL/RFdiffusion/rfdiffusion/inference/../../models
[2026-04-24 07:11:54,602][rfdiffusion.inference.model_runners][INFO] - Reading checkpoint from /lambda/nfs/manvi/Team_8_CS598GBL/RFdiffusion/rfdiffusion/inference/../../models/Base_ckpt.pt
This is inf_conf.ckpt_path
/lambda/nfs/manvi/Team_8_CS598GBL/RFdiffusion/rfdiffusion/inference/../../models/Base_ckpt.pt
Assembling -model, -diffuser and -preprocess configs from checkpoint
USING MODEL CONFIG: self._conf[model][n_extra_block] = 4
USING MODEL CONFIG: self._conf[model][n_main_block] = 32
USING MODEL CONFIG: self._conf[model][n_ref_block] = 4
USING MODEL CONFIG: self._conf[model][d_msa] = 256
USING MODEL CONFIG: self._conf[model][d_msa_full] = 64
USING MODEL CONFIG: self._conf[model][d_pair] = 128
USING MODEL CONFIG: self._conf[model][d_templ] = 64
USING MODEL CONFIG: self._conf[model][n_head_msa] = 8
USING MODEL CONFIG: self._conf[model][n_head_pair] = 4
USING MODEL CONFIG: self._conf[model][n_head_templ] = 4
USING MODEL CONFIG: self._conf[model][d_hidden] = 32
USING MODEL CONFIG: self._conf[model][d_hidden_templ] = 32
USING MODEL CONFIG: self._conf[model][p_drop] = 0.15
USING MODEL CONFIG: self._conf[model][SE3_param_full] = {'num_layers': 1, 'num_channels': 32, 'num_degrees': 2, 'n_heads': 4, 'div': 4, 'l0_in_features': 8, 'l0_out_features': 8, 'l1_in_features': 3, 'l1_out_features': 2, 'num_edge_features': 32}
USING MODEL CONFIG: self._conf[model][SE3_param_topk] = {'num_layers': 1, 'num_channels': 32, 'num_degrees': 2, 'n_heads': 4, 'div': 4, 'l0_in_features': 64, 'l0_out_features': 64, 'l1_in_features': 3, 'l1_out_features': 2, 'num_edge_features': 64}
USING MODEL CONFIG: self._conf[model][freeze_track_motif] = False
USING MODEL CONFIG: self._conf[model][use_motif_timestep] = True
USING MODEL CONFIG: self._conf[diffuser][T] = 50
USING MODEL CONFIG: self._conf[diffuser][b_0] = 0.01
USING MODEL CONFIG: self._conf[diffuser][b_T] = 0.07
USING MODEL CONFIG: self._conf[diffuser][schedule_type] = linear
USING MODEL CONFIG: self._conf[diffuser][so3_type] = igso3
USING MODEL CONFIG: self._conf[diffuser][crd_scale] = 0.25
USING MODEL CONFIG: self._conf[diffuser][so3_schedule_type] = linear
USING MODEL CONFIG: self._conf[diffuser][min_b] = 1.5
USING MODEL CONFIG: self._conf[diffuser][max_b] = 2.5
USING MODEL CONFIG: self._conf[diffuser][min_sigma] = 0.02
USING MODEL CONFIG: self._conf[diffuser][max_sigma] = 1.5
USING MODEL CONFIG: self._conf[preprocess][sidechain_input] = False
USING MODEL CONFIG: self._conf[preprocess][motif_sidechain_input] = True
USING MODEL CONFIG: self._conf[preprocess][d_t1d] = 22
USING MODEL CONFIG: self._conf[preprocess][d_t2d] = 44
USING MODEL CONFIG: self._conf[preprocess][prob_self_cond] = 0.5
USING MODEL CONFIG: self._conf[preprocess][str_self_cond] = True
USING MODEL CONFIG: self._conf[preprocess][predict_previous] = False
[2026-04-24 07:12:42,717][rfdiffusion.inference.model_runners][INFO] - Loading checkpoint.
[2026-04-24 07:12:58,388][rfdiffusion.diffusion][INFO] - Using cached IGSO3.
Successful diffuser __init__
[2026-04-24 07:12:58,440][__main__][INFO] - Making design /lambda/nfs/manvi/Team_8_CS598GBL/outputs/custom90_128_motif_scaffolding/default/len_114/mid/scaffold_0
[2026-04-24 07:12:58,453][rfdiffusion.inference.model_runners][INFO] - Using contig: ['22-38/A39-74/22-38']
With this beta schedule (linear schedule, beta_0 = 0.04, beta_T = 0.28), alpha_bar_T = 0.00013696048699785024
[2026-04-24 07:12:58,718][rfdiffusion.inference.model_runners][INFO] - Sequence init: --------------------------------------GGGGGGGGGGGGGGGGGGGGGGGGGGGGGGGGGGGG----------------------------------
[2026-04-24 07:13:07,411][rfdiffusion.inference.utils][INFO] - Sampled motif RMSD: 0.19
[2026-04-24 07:13:07,482][rfdiffusion.inference.model_runners][INFO] - Timestep 50, input to next step: --------------------------------------GGGGGGGGGGGGGGGGGGGGGGGGGGGGGGGGGGGG----------------------------------
[2026-04-24 07:13:13,720][rfdiffusion.inference.utils][INFO] - Sampled motif RMSD: 0.16
[2026-04-24 07:13:13,896][rfdiffusion.inference.model_runners][INFO] - Timestep 49, input to next step: --------------------------------------GGGGGGGGGGGGGGGGGGGGGGGGGGGGGGGGGGGG----------------------------------
[2026-04-24 07:13:20,856][rfdiffusion.inference.utils][INFO] - Sampled motif RMSD: 0.15
[2026-04-24 07:13:21,097][rfdiffusion.inference.model_runners][INFO] - Timestep 48, input to next step: --------------------------------------GGGGGGGGGGGGGGGGGGGGGGGGGGGGGGGGGGGG----------------------------------
[2026-04-24 07:13:29,026][rfdiffusion.inference.utils][INFO] - Sampled motif RMSD: 0.15
[2026-04-24 07:13:29,296][rfdiffusion.inference.model_runners][INFO] - Timestep 47, input to next step: --------------------------------------GGGGGGGGGGGGGGGGGGGGGGGGGGGGGGGGGGGG----------------------------------
[2026-04-24 07:13:35,543][rfdiffusion.inference.utils][INFO] - Sampled motif RMSD: 0.14
[2026-04-24 07:13:35,796][rfdiffusion.inference.model_runners][INFO] - Timestep 46, input to next step: --------------------------------------GGGGGGGGGGGGGGGGGGGGGGGGGGGGGGGGGGGG----------------------------------
[2026-04-24 07:13:41,683][rfdiffusion.inference.utils][INFO] - Sampled motif RMSD: 0.15
[2026-04-24 07:13:41,934][rfdiffusion.inference.model_runners][INFO] - Timestep 45, input to next step: --------------------------------------GGGGGGGGGGGGGGGGGGGGGGGGGGGGGGGGGGGG----------------------------------
[2026-04-24 07:13:47,865][rfdiffusion.inference.utils][INFO] - Sampled motif RMSD: 0.17
[2026-04-24 07:13:48,131][rfdiffusion.inference.model_runners][INFO] - Timestep 44, input to next step: --------------------------------------GGGGGGGGGGGGGGGGGGGGGGGGGGGGGGGGGGGG----------------------------------
[2026-04-24 07:13:55,954][rfdiffusion.inference.utils][INFO] - Sampled motif RMSD: 0.16
[2026-04-24 07:13:56,332][rfdiffusion.inference.model_runners][INFO] - Timestep 43, input to next step: --------------------------------------GGGGGGGGGGGGGGGGGGGGGGGGGGGGGGGGGGGG----------------------------------
[2026-04-24 07:14:02,266][rfdiffusion.inference.utils][INFO] - Sampled motif RMSD: 0.17
[2026-04-24 07:14:02,516][rfdiffusion.inference.model_runners][INFO] - Timestep 42, input to next step: --------------------------------------GGGGGGGGGGGGGGGGGGGGGGGGGGGGGGGGGGGG----------------------------------
[2026-04-24 07:14:07,905][rfdiffusion.inference.utils][INFO] - Sampled motif RMSD: 0.14
[2026-04-24 07:14:08,176][rfdiffusion.inference.model_runners][INFO] - Timestep 41, input to next step: --------------------------------------GGGGGGGGGGGGGGGGGGGGGGGGGGGGGGGGGGGG----------------------------------
[2026-04-24 07:14:12,595][rfdiffusion.inference.utils][INFO] - Sampled motif RMSD: 0.15
[2026-04-24 07:14:12,752][rfdiffusion.inference.model_runners][INFO] - Timestep 40, input to next step: --------------------------------------GGGGGGGGGGGGGGGGGGGGGGGGGGGGGGGGGGGG----------------------------------
[2026-04-24 07:14:19,414][rfdiffusion.inference.utils][INFO] - Sampled motif RMSD: 0.14
[2026-04-24 07:14:19,655][rfdiffusion.inference.model_runners][INFO] - Timestep 39, input to next step: --------------------------------------GGGGGGGGGGGGGGGGGGGGGGGGGGGGGGGGGGGG----------------------------------
[2026-04-24 07:14:25,354][rfdiffusion.inference.utils][INFO] - Sampled motif RMSD: 0.15
[2026-04-24 07:14:25,679][rfdiffusion.inference.model_runners][INFO] - Timestep 38, input to next step: --------------------------------------GGGGGGGGGGGGGGGGGGGGGGGGGGGGGGGGGGGG----------------------------------
[2026-04-24 07:14:32,577][rfdiffusion.inference.utils][INFO] - Sampled motif RMSD: 0.16
[2026-04-24 07:14:32,869][rfdiffusion.inference.model_runners][INFO] - Timestep 37, input to next step: --------------------------------------GGGGGGGGGGGGGGGGGGGGGGGGGGGGGGGGGGGG----------------------------------
[2026-04-24 07:14:39,059][rfdiffusion.inference.utils][INFO] - Sampled motif RMSD: 0.18
[2026-04-24 07:14:39,417][rfdiffusion.inference.model_runners][INFO] - Timestep 36, input to next step: --------------------------------------GGGGGGGGGGGGGGGGGGGGGGGGGGGGGGGGGGGG----------------------------------
[2026-04-24 07:14:44,252][rfdiffusion.inference.utils][INFO] - Sampled motif RMSD: 0.19
[2026-04-24 07:14:44,809][rfdiffusion.inference.model_runners][INFO] - Timestep 35, input to next step: --------------------------------------GGGGGGGGGGGGGGGGGGGGGGGGGGGGGGGGGGGG----------------------------------
[2026-04-24 07:14:48,690][rfdiffusion.inference.utils][INFO] - Sampled motif RMSD: 0.20
[2026-04-24 07:14:49,013][rfdiffusion.inference.model_runners][INFO] - Timestep 34, input to next step: --------------------------------------GGGGGGGGGGGGGGGGGGGGGGGGGGGGGGGGGGGG----------------------------------
[2026-04-24 07:14:53,922][rfdiffusion.inference.utils][INFO] - Sampled motif RMSD: 0.20
[2026-04-24 07:14:54,116][rfdiffusion.inference.model_runners][INFO] - Timestep 33, input to next step: --------------------------------------GGGGGGGGGGGGGGGGGGGGGGGGGGGGGGGGGGGG----------------------------------
[2026-04-24 07:15:00,351][rfdiffusion.inference.utils][INFO] - Sampled motif RMSD: 0.18
[2026-04-24 07:15:00,634][rfdiffusion.inference.model_runners][INFO] - Timestep 32, input to next step: --------------------------------------GGGGGGGGGGGGGGGGGGGGGGGGGGGGGGGGGGGG----------------------------------
[2026-04-24 07:15:05,600][rfdiffusion.inference.utils][INFO] - Sampled motif RMSD: 0.18
[2026-04-24 07:15:05,815][rfdiffusion.inference.model_runners][INFO] - Timestep 31, input to next step: --------------------------------------GGGGGGGGGGGGGGGGGGGGGGGGGGGGGGGGGGGG----------------------------------
[2026-04-24 07:15:11,335][rfdiffusion.inference.utils][INFO] - Sampled motif RMSD: 0.19
[2026-04-24 07:15:11,584][rfdiffusion.inference.model_runners][INFO] - Timestep 30, input to next step: --------------------------------------GGGGGGGGGGGGGGGGGGGGGGGGGGGGGGGGGGGG----------------------------------
[2026-04-24 07:15:16,931][rfdiffusion.inference.utils][INFO] - Sampled motif RMSD: 0.18
[2026-04-24 07:15:17,070][rfdiffusion.inference.model_runners][INFO] - Timestep 29, input to next step: --------------------------------------GGGGGGGGGGGGGGGGGGGGGGGGGGGGGGGGGGGG----------------------------------
[2026-04-24 07:15:23,063][rfdiffusion.inference.utils][INFO] - Sampled motif RMSD: 0.19
[2026-04-24 07:15:23,377][rfdiffusion.inference.model_runners][INFO] - Timestep 28, input to next step: --------------------------------------GGGGGGGGGGGGGGGGGGGGGGGGGGGGGGGGGGGG----------------------------------
[2026-04-24 07:15:26,851][rfdiffusion.inference.utils][INFO] - Sampled motif RMSD: 0.19
[2026-04-24 07:15:27,177][rfdiffusion.inference.model_runners][INFO] - Timestep 27, input to next step: --------------------------------------GGGGGGGGGGGGGGGGGGGGGGGGGGGGGGGGGGGG----------------------------------
[2026-04-24 07:15:31,118][rfdiffusion.inference.utils][INFO] - Sampled motif RMSD: 0.22
[2026-04-24 07:15:31,513][rfdiffusion.inference.model_runners][INFO] - Timestep 26, input to next step: --------------------------------------GGGGGGGGGGGGGGGGGGGGGGGGGGGGGGGGGGGG----------------------------------
[2026-04-24 07:15:36,180][rfdiffusion.inference.utils][INFO] - Sampled motif RMSD: 0.23
[2026-04-24 07:15:36,503][rfdiffusion.inference.model_runners][INFO] - Timestep 25, input to next step: --------------------------------------GGGGGGGGGGGGGGGGGGGGGGGGGGGGGGGGGGGG----------------------------------
[2026-04-24 07:15:41,401][rfdiffusion.inference.utils][INFO] - Sampled motif RMSD: 0.23
[2026-04-24 07:15:41,650][rfdiffusion.inference.model_runners][INFO] - Timestep 24, input to next step: --------------------------------------GGGGGGGGGGGGGGGGGGGGGGGGGGGGGGGGGGGG----------------------------------
[2026-04-24 07:15:44,875][rfdiffusion.inference.utils][INFO] - Sampled motif RMSD: 0.24
[2026-04-24 07:15:45,221][rfdiffusion.inference.model_runners][INFO] - Timestep 23, input to next step: --------------------------------------GGGGGGGGGGGGGGGGGGGGGGGGGGGGGGGGGGGG----------------------------------
[2026-04-24 07:15:48,381][rfdiffusion.inference.utils][INFO] - Sampled motif RMSD: 0.25
[2026-04-24 07:15:48,706][rfdiffusion.inference.model_runners][INFO] - Timestep 22, input to next step: --------------------------------------GGGGGGGGGGGGGGGGGGGGGGGGGGGGGGGGGGGG----------------------------------
[2026-04-24 07:15:53,731][rfdiffusion.inference.utils][INFO] - Sampled motif RMSD: 0.24
[2026-04-24 07:15:54,061][rfdiffusion.inference.model_runners][INFO] - Timestep 21, input to next step: --------------------------------------GGGGGGGGGGGGGGGGGGGGGGGGGGGGGGGGGGGG----------------------------------
[2026-04-24 07:15:59,489][rfdiffusion.inference.utils][INFO] - Sampled motif RMSD: 0.24
[2026-04-24 07:15:59,715][rfdiffusion.inference.model_runners][INFO] - Timestep 20, input to next step: --------------------------------------GGGGGGGGGGGGGGGGGGGGGGGGGGGGGGGGGGGG----------------------------------
[2026-04-24 07:16:02,770][rfdiffusion.inference.utils][INFO] - Sampled motif RMSD: 0.25
[2026-04-24 07:16:03,284][rfdiffusion.inference.model_runners][INFO] - Timestep 19, input to next step: --------------------------------------GGGGGGGGGGGGGGGGGGGGGGGGGGGGGGGGGGGG----------------------------------
[2026-04-24 07:16:07,268][rfdiffusion.inference.utils][INFO] - Sampled motif RMSD: 0.24
[2026-04-24 07:16:07,548][rfdiffusion.inference.model_runners][INFO] - Timestep 18, input to next step: --------------------------------------GGGGGGGGGGGGGGGGGGGGGGGGGGGGGGGGGGGG----------------------------------
[2026-04-24 07:16:12,014][rfdiffusion.inference.utils][INFO] - Sampled motif RMSD: 0.25
[2026-04-24 07:16:12,382][rfdiffusion.inference.model_runners][INFO] - Timestep 17, input to next step: --------------------------------------GGGGGGGGGGGGGGGGGGGGGGGGGGGGGGGGGGGG----------------------------------
[2026-04-24 07:16:15,295][rfdiffusion.inference.utils][INFO] - Sampled motif RMSD: 0.24
[2026-04-24 07:16:15,525][rfdiffusion.inference.model_runners][INFO] - Timestep 16, input to next step: --------------------------------------GGGGGGGGGGGGGGGGGGGGGGGGGGGGGGGGGGGG----------------------------------
[2026-04-24 07:16:19,880][rfdiffusion.inference.utils][INFO] - Sampled motif RMSD: 0.25
[2026-04-24 07:16:20,153][rfdiffusion.inference.model_runners][INFO] - Timestep 15, input to next step: --------------------------------------GGGGGGGGGGGGGGGGGGGGGGGGGGGGGGGGGGGG----------------------------------
[2026-04-24 07:16:23,805][rfdiffusion.inference.utils][INFO] - Sampled motif RMSD: 0.25
[2026-04-24 07:16:24,014][rfdiffusion.inference.model_runners][INFO] - Timestep 14, input to next step: --------------------------------------GGGGGGGGGGGGGGGGGGGGGGGGGGGGGGGGGGGG----------------------------------
[2026-04-24 07:16:27,831][rfdiffusion.inference.utils][INFO] - Sampled motif RMSD: 0.24
[2026-04-24 07:16:28,196][rfdiffusion.inference.model_runners][INFO] - Timestep 13, input to next step: --------------------------------------GGGGGGGGGGGGGGGGGGGGGGGGGGGGGGGGGGGG----------------------------------
[2026-04-24 07:16:32,742][rfdiffusion.inference.utils][INFO] - Sampled motif RMSD: 0.22
[2026-04-24 07:16:33,024][rfdiffusion.inference.model_runners][INFO] - Timestep 12, input to next step: --------------------------------------GGGGGGGGGGGGGGGGGGGGGGGGGGGGGGGGGGGG----------------------------------
[2026-04-24 07:16:36,409][rfdiffusion.inference.utils][INFO] - Sampled motif RMSD: 0.22
[2026-04-24 07:16:36,828][rfdiffusion.inference.model_runners][INFO] - Timestep 11, input to next step: --------------------------------------GGGGGGGGGGGGGGGGGGGGGGGGGGGGGGGGGGGG----------------------------------
[2026-04-24 07:16:40,985][rfdiffusion.inference.utils][INFO] - Sampled motif RMSD: 0.22
[2026-04-24 07:16:41,336][rfdiffusion.inference.model_runners][INFO] - Timestep 10, input to next step: --------------------------------------GGGGGGGGGGGGGGGGGGGGGGGGGGGGGGGGGGGG----------------------------------
[2026-04-24 07:16:46,256][rfdiffusion.inference.utils][INFO] - Sampled motif RMSD: 0.22
[2026-04-24 07:16:46,434][rfdiffusion.inference.model_runners][INFO] - Timestep 9, input to next step: --------------------------------------GGGGGGGGGGGGGGGGGGGGGGGGGGGGGGGGGGGG----------------------------------
[2026-04-24 07:16:50,813][rfdiffusion.inference.utils][INFO] - Sampled motif RMSD: 0.21
[2026-04-24 07:16:51,028][rfdiffusion.inference.model_runners][INFO] - Timestep 8, input to next step: --------------------------------------GGGGGGGGGGGGGGGGGGGGGGGGGGGGGGGGGGGG----------------------------------
[2026-04-24 07:16:55,489][rfdiffusion.inference.utils][INFO] - Sampled motif RMSD: 0.20
[2026-04-24 07:16:55,753][rfdiffusion.inference.model_runners][INFO] - Timestep 7, input to next step: --------------------------------------GGGGGGGGGGGGGGGGGGGGGGGGGGGGGGGGGGGG----------------------------------
[2026-04-24 07:17:00,646][rfdiffusion.inference.utils][INFO] - Sampled motif RMSD: 0.19
[2026-04-24 07:17:00,936][rfdiffusion.inference.model_runners][INFO] - Timestep 6, input to next step: --------------------------------------GGGGGGGGGGGGGGGGGGGGGGGGGGGGGGGGGGGG----------------------------------
[2026-04-24 07:17:05,487][rfdiffusion.inference.utils][INFO] - Sampled motif RMSD: 0.18
[2026-04-24 07:17:05,644][rfdiffusion.inference.model_runners][INFO] - Timestep 5, input to next step: --------------------------------------GGGGGGGGGGGGGGGGGGGGGGGGGGGGGGGGGGGG----------------------------------
[2026-04-24 07:17:07,740][rfdiffusion.inference.utils][INFO] - Sampled motif RMSD: 0.19
[2026-04-24 07:17:08,117][rfdiffusion.inference.model_runners][INFO] - Timestep 4, input to next step: --------------------------------------GGGGGGGGGGGGGGGGGGGGGGGGGGGGGGGGGGGG----------------------------------
[2026-04-24 07:17:12,039][rfdiffusion.inference.utils][INFO] - Sampled motif RMSD: 0.19
[2026-04-24 07:17:12,303][rfdiffusion.inference.model_runners][INFO] - Timestep 3, input to next step: --------------------------------------GGGGGGGGGGGGGGGGGGGGGGGGGGGGGGGGGGGG----------------------------------
[2026-04-24 07:17:17,067][rfdiffusion.inference.utils][INFO] - Sampled motif RMSD: 0.16
[2026-04-24 07:17:17,321][rfdiffusion.inference.model_runners][INFO] - Timestep 2, input to next step: --------------------------------------GGGGGGGGGGGGGGGGGGGGGGGGGGGGGGGGGGGG----------------------------------
[2026-04-24 07:17:25,440][__main__][INFO] - Finished design in 4.45 minutes
[2026-04-24 07:17:25,444][__main__][INFO] - Making design /lambda/nfs/manvi/Team_8_CS598GBL/outputs/custom90_128_motif_scaffolding/default/len_114/mid/scaffold_1
[2026-04-24 07:17:25,462][rfdiffusion.inference.model_runners][INFO] - Using contig: ['22-38/A39-74/22-38']
With this beta schedule (linear schedule, beta_0 = 0.04, beta_T = 0.28), alpha_bar_T = 0.00013696048699785024
[2026-04-24 07:17:26,024][rfdiffusion.inference.model_runners][INFO] - Sequence init: -------------------------GGGGGGGGGGGGGGGGGGGGGGGGGGGGGGGGGGGG-------------------------------
[2026-04-24 07:17:30,921][rfdiffusion.inference.utils][INFO] - Sampled motif RMSD: 0.16
[2026-04-24 07:17:31,313][rfdiffusion.inference.model_runners][INFO] - Timestep 50, input to next step: -------------------------GGGGGGGGGGGGGGGGGGGGGGGGGGGGGGGGGGGG-------------------------------
[2026-04-24 07:17:36,367][rfdiffusion.inference.utils][INFO] - Sampled motif RMSD: 0.14
[2026-04-24 07:17:36,724][rfdiffusion.inference.model_runners][INFO] - Timestep 49, input to next step: -------------------------GGGGGGGGGGGGGGGGGGGGGGGGGGGGGGGGGGGG-------------------------------
[2026-04-24 07:17:41,548][rfdiffusion.inference.utils][INFO] - Sampled motif RMSD: 0.16
[2026-04-24 07:17:41,847][rfdiffusion.inference.model_runners][INFO] - Timestep 48, input to next step: -------------------------GGGGGGGGGGGGGGGGGGGGGGGGGGGGGGGGGGGG-------------------------------
[2026-04-24 07:17:46,567][rfdiffusion.inference.utils][INFO] - Sampled motif RMSD: 0.16
[2026-04-24 07:17:46,884][rfdiffusion.inference.model_runners][INFO] - Timestep 47, input to next step: -------------------------GGGGGGGGGGGGGGGGGGGGGGGGGGGGGGGGGGGG-------------------------------
[2026-04-24 07:17:50,645][rfdiffusion.inference.utils][INFO] - Sampled motif RMSD: 0.15
[2026-04-24 07:17:50,917][rfdiffusion.inference.model_runners][INFO] - Timestep 46, input to next step: -------------------------GGGGGGGGGGGGGGGGGGGGGGGGGGGGGGGGGGGG-------------------------------
[2026-04-24 07:17:54,699][rfdiffusion.inference.utils][INFO] - Sampled motif RMSD: 0.15
[2026-04-24 07:17:54,926][rfdiffusion.inference.model_runners][INFO] - Timestep 45, input to next step: -------------------------GGGGGGGGGGGGGGGGGGGGGGGGGGGGGGGGGGGG-------------------------------
[2026-04-24 07:17:58,275][rfdiffusion.inference.utils][INFO] - Sampled motif RMSD: 0.14
[2026-04-24 07:17:58,553][rfdiffusion.inference.model_runners][INFO] - Timestep 44, input to next step: -------------------------GGGGGGGGGGGGGGGGGGGGGGGGGGGGGGGGGGGG-------------------------------
[2026-04-24 07:18:02,060][rfdiffusion.inference.utils][INFO] - Sampled motif RMSD: 0.13
[2026-04-24 07:18:02,391][rfdiffusion.inference.model_runners][INFO] - Timestep 43, input to next step: -------------------------GGGGGGGGGGGGGGGGGGGGGGGGGGGGGGGGGGGG-------------------------------
[2026-04-24 07:18:06,763][rfdiffusion.inference.utils][INFO] - Sampled motif RMSD: 0.16
[2026-04-24 07:18:06,882][rfdiffusion.inference.model_runners][INFO] - Timestep 42, input to next step: -------------------------GGGGGGGGGGGGGGGGGGGGGGGGGGGGGGGGGGGG-------------------------------
[2026-04-24 07:18:10,956][rfdiffusion.inference.utils][INFO] - Sampled motif RMSD: 0.14
[2026-04-24 07:18:11,180][rfdiffusion.inference.model_runners][INFO] - Timestep 41, input to next step: -------------------------GGGGGGGGGGGGGGGGGGGGGGGGGGGGGGGGGGGG-------------------------------
[2026-04-24 07:18:15,930][rfdiffusion.inference.utils][INFO] - Sampled motif RMSD: 0.15
[2026-04-24 07:18:16,079][rfdiffusion.inference.model_runners][INFO] - Timestep 40, input to next step: -------------------------GGGGGGGGGGGGGGGGGGGGGGGGGGGGGGGGGGGG-------------------------------
[2026-04-24 07:18:19,270][rfdiffusion.inference.utils][INFO] - Sampled motif RMSD: 0.15
[2026-04-24 07:18:19,581][rfdiffusion.inference.model_runners][INFO] - Timestep 39, input to next step: -------------------------GGGGGGGGGGGGGGGGGGGGGGGGGGGGGGGGGGGG-------------------------------
[2026-04-24 07:18:24,867][rfdiffusion.inference.utils][INFO] - Sampled motif RMSD: 0.13
[2026-04-24 07:18:25,230][rfdiffusion.inference.model_runners][INFO] - Timestep 38, input to next step: -------------------------GGGGGGGGGGGGGGGGGGGGGGGGGGGGGGGGGGGG-------------------------------
[2026-04-24 07:18:28,736][rfdiffusion.inference.utils][INFO] - Sampled motif RMSD: 0.13
[2026-04-24 07:18:29,002][rfdiffusion.inference.model_runners][INFO] - Timestep 37, input to next step: -------------------------GGGGGGGGGGGGGGGGGGGGGGGGGGGGGGGGGGGG-------------------------------
[2026-04-24 07:18:32,992][rfdiffusion.inference.utils][INFO] - Sampled motif RMSD: 0.13
[2026-04-24 07:18:33,349][rfdiffusion.inference.model_runners][INFO] - Timestep 36, input to next step: -------------------------GGGGGGGGGGGGGGGGGGGGGGGGGGGGGGGGGGGG-------------------------------
[2026-04-24 07:18:36,611][rfdiffusion.inference.utils][INFO] - Sampled motif RMSD: 0.13
[2026-04-24 07:18:36,931][rfdiffusion.inference.model_runners][INFO] - Timestep 35, input to next step: -------------------------GGGGGGGGGGGGGGGGGGGGGGGGGGGGGGGGGGGG-------------------------------
[2026-04-24 07:18:40,445][rfdiffusion.inference.utils][INFO] - Sampled motif RMSD: 0.12
[2026-04-24 07:18:40,762][rfdiffusion.inference.model_runners][INFO] - Timestep 34, input to next step: -------------------------GGGGGGGGGGGGGGGGGGGGGGGGGGGGGGGGGGGG-------------------------------
[2026-04-24 07:18:45,085][rfdiffusion.inference.utils][INFO] - Sampled motif RMSD: 0.12
[2026-04-24 07:18:45,391][rfdiffusion.inference.model_runners][INFO] - Timestep 33, input to next step: -------------------------GGGGGGGGGGGGGGGGGGGGGGGGGGGGGGGGGGGG-------------------------------
[2026-04-24 07:18:49,239][rfdiffusion.inference.utils][INFO] - Sampled motif RMSD: 0.12
[2026-04-24 07:18:49,447][rfdiffusion.inference.model_runners][INFO] - Timestep 32, input to next step: -------------------------GGGGGGGGGGGGGGGGGGGGGGGGGGGGGGGGGGGG-------------------------------
[2026-04-24 07:18:52,990][rfdiffusion.inference.utils][INFO] - Sampled motif RMSD: 0.12
[2026-04-24 07:18:53,185][rfdiffusion.inference.model_runners][INFO] - Timestep 31, input to next step: -------------------------GGGGGGGGGGGGGGGGGGGGGGGGGGGGGGGGGGGG-------------------------------
[2026-04-24 07:18:55,796][rfdiffusion.inference.utils][INFO] - Sampled motif RMSD: 0.12
[2026-04-24 07:18:56,058][rfdiffusion.inference.model_runners][INFO] - Timestep 30, input to next step: -------------------------GGGGGGGGGGGGGGGGGGGGGGGGGGGGGGGGGGGG-------------------------------
[2026-04-24 07:19:01,073][rfdiffusion.inference.utils][INFO] - Sampled motif RMSD: 0.12
[2026-04-24 07:19:01,359][rfdiffusion.inference.model_runners][INFO] - Timestep 29, input to next step: -------------------------GGGGGGGGGGGGGGGGGGGGGGGGGGGGGGGGGGGG-------------------------------
[2026-04-24 07:19:03,725][rfdiffusion.inference.utils][INFO] - Sampled motif RMSD: 0.12
[2026-04-24 07:19:04,141][rfdiffusion.inference.model_runners][INFO] - Timestep 28, input to next step: -------------------------GGGGGGGGGGGGGGGGGGGGGGGGGGGGGGGGGGGG-------------------------------
[2026-04-24 07:19:07,692][rfdiffusion.inference.utils][INFO] - Sampled motif RMSD: 0.12
[2026-04-24 07:19:08,061][rfdiffusion.inference.model_runners][INFO] - Timestep 27, input to next step: -------------------------GGGGGGGGGGGGGGGGGGGGGGGGGGGGGGGGGGGG-------------------------------
[2026-04-24 07:19:12,600][rfdiffusion.inference.utils][INFO] - Sampled motif RMSD: 0.13
[2026-04-24 07:19:12,917][rfdiffusion.inference.model_runners][INFO] - Timestep 26, input to next step: -------------------------GGGGGGGGGGGGGGGGGGGGGGGGGGGGGGGGGGGG-------------------------------
[2026-04-24 07:19:17,405][rfdiffusion.inference.utils][INFO] - Sampled motif RMSD: 0.12
[2026-04-24 07:19:17,655][rfdiffusion.inference.model_runners][INFO] - Timestep 25, input to next step: -------------------------GGGGGGGGGGGGGGGGGGGGGGGGGGGGGGGGGGGG-------------------------------
[2026-04-24 07:19:20,659][rfdiffusion.inference.utils][INFO] - Sampled motif RMSD: 0.12
[2026-04-24 07:19:21,157][rfdiffusion.inference.model_runners][INFO] - Timestep 24, input to next step: -------------------------GGGGGGGGGGGGGGGGGGGGGGGGGGGGGGGGGGGG-------------------------------
[2026-04-24 07:19:26,071][rfdiffusion.inference.utils][INFO] - Sampled motif RMSD: 0.11
[2026-04-24 07:19:26,311][rfdiffusion.inference.model_runners][INFO] - Timestep 23, input to next step: -------------------------GGGGGGGGGGGGGGGGGGGGGGGGGGGGGGGGGGGG-------------------------------
[2026-04-24 07:19:29,980][rfdiffusion.inference.utils][INFO] - Sampled motif RMSD: 0.11
[2026-04-24 07:19:30,190][rfdiffusion.inference.model_runners][INFO] - Timestep 22, input to next step: -------------------------GGGGGGGGGGGGGGGGGGGGGGGGGGGGGGGGGGGG-------------------------------
[2026-04-24 07:19:34,150][rfdiffusion.inference.utils][INFO] - Sampled motif RMSD: 0.12
[2026-04-24 07:19:34,254][rfdiffusion.inference.model_runners][INFO] - Timestep 21, input to next step: -------------------------GGGGGGGGGGGGGGGGGGGGGGGGGGGGGGGGGGGG-------------------------------
[2026-04-24 07:19:38,755][rfdiffusion.inference.utils][INFO] - Sampled motif RMSD: 0.11
[2026-04-24 07:19:39,030][rfdiffusion.inference.model_runners][INFO] - Timestep 20, input to next step: -------------------------GGGGGGGGGGGGGGGGGGGGGGGGGGGGGGGGGGGG-------------------------------
[2026-04-24 07:19:43,693][rfdiffusion.inference.utils][INFO] - Sampled motif RMSD: 0.11
[2026-04-24 07:19:44,035][rfdiffusion.inference.model_runners][INFO] - Timestep 19, input to next step: -------------------------GGGGGGGGGGGGGGGGGGGGGGGGGGGGGGGGGGGG-------------------------------
[2026-04-24 07:19:48,377][rfdiffusion.inference.utils][INFO] - Sampled motif RMSD: 0.10
[2026-04-24 07:19:48,676][rfdiffusion.inference.model_runners][INFO] - Timestep 18, input to next step: -------------------------GGGGGGGGGGGGGGGGGGGGGGGGGGGGGGGGGGGG-------------------------------
[2026-04-24 07:19:52,337][rfdiffusion.inference.utils][INFO] - Sampled motif RMSD: 0.10
[2026-04-24 07:19:52,674][rfdiffusion.inference.model_runners][INFO] - Timestep 17, input to next step: -------------------------GGGGGGGGGGGGGGGGGGGGGGGGGGGGGGGGGGGG-------------------------------
[2026-04-24 07:19:56,769][rfdiffusion.inference.utils][INFO] - Sampled motif RMSD: 0.11
[2026-04-24 07:19:56,966][rfdiffusion.inference.model_runners][INFO] - Timestep 16, input to next step: -------------------------GGGGGGGGGGGGGGGGGGGGGGGGGGGGGGGGGGGG-------------------------------
[2026-04-24 07:20:00,781][rfdiffusion.inference.utils][INFO] - Sampled motif RMSD: 0.11
[2026-04-24 07:20:01,038][rfdiffusion.inference.model_runners][INFO] - Timestep 15, input to next step: -------------------------GGGGGGGGGGGGGGGGGGGGGGGGGGGGGGGGGGGG-------------------------------
[2026-04-24 07:20:05,402][rfdiffusion.inference.utils][INFO] - Sampled motif RMSD: 0.11
[2026-04-24 07:20:05,893][rfdiffusion.inference.model_runners][INFO] - Timestep 14, input to next step: -------------------------GGGGGGGGGGGGGGGGGGGGGGGGGGGGGGGGGGGG-------------------------------
[2026-04-24 07:20:09,908][rfdiffusion.inference.utils][INFO] - Sampled motif RMSD: 0.11
[2026-04-24 07:20:10,097][rfdiffusion.inference.model_runners][INFO] - Timestep 13, input to next step: -------------------------GGGGGGGGGGGGGGGGGGGGGGGGGGGGGGGGGGGG-------------------------------
[2026-04-24 07:20:13,598][rfdiffusion.inference.utils][INFO] - Sampled motif RMSD: 0.12
[2026-04-24 07:20:13,828][rfdiffusion.inference.model_runners][INFO] - Timestep 12, input to next step: -------------------------GGGGGGGGGGGGGGGGGGGGGGGGGGGGGGGGGGGG-------------------------------
[2026-04-24 07:20:17,758][rfdiffusion.inference.utils][INFO] - Sampled motif RMSD: 0.11
[2026-04-24 07:20:18,277][rfdiffusion.inference.model_runners][INFO] - Timestep 11, input to next step: -------------------------GGGGGGGGGGGGGGGGGGGGGGGGGGGGGGGGGGGG-------------------------------
[2026-04-24 07:20:21,682][rfdiffusion.inference.utils][INFO] - Sampled motif RMSD: 0.11
[2026-04-24 07:20:22,087][rfdiffusion.inference.model_runners][INFO] - Timestep 10, input to next step: -------------------------GGGGGGGGGGGGGGGGGGGGGGGGGGGGGGGGGGGG-------------------------------
[2026-04-24 07:20:25,227][rfdiffusion.inference.utils][INFO] - Sampled motif RMSD: 0.11
[2026-04-24 07:20:25,503][rfdiffusion.inference.model_runners][INFO] - Timestep 9, input to next step: -------------------------GGGGGGGGGGGGGGGGGGGGGGGGGGGGGGGGGGGG-------------------------------
[2026-04-24 07:20:28,118][rfdiffusion.inference.utils][INFO] - Sampled motif RMSD: 0.11
[2026-04-24 07:20:28,335][rfdiffusion.inference.model_runners][INFO] - Timestep 8, input to next step: -------------------------GGGGGGGGGGGGGGGGGGGGGGGGGGGGGGGGGGGG-------------------------------
[2026-04-24 07:20:32,016][rfdiffusion.inference.utils][INFO] - Sampled motif RMSD: 0.10
[2026-04-24 07:20:32,199][rfdiffusion.inference.model_runners][INFO] - Timestep 7, input to next step: -------------------------GGGGGGGGGGGGGGGGGGGGGGGGGGGGGGGGGGGG-------------------------------
[2026-04-24 07:20:35,042][rfdiffusion.inference.utils][INFO] - Sampled motif RMSD: 0.11
[2026-04-24 07:20:35,189][rfdiffusion.inference.model_runners][INFO] - Timestep 6, input to next step: -------------------------GGGGGGGGGGGGGGGGGGGGGGGGGGGGGGGGGGGG-------------------------------
[2026-04-24 07:20:38,527][rfdiffusion.inference.utils][INFO] - Sampled motif RMSD: 0.11
[2026-04-24 07:20:38,649][rfdiffusion.inference.model_runners][INFO] - Timestep 5, input to next step: -------------------------GGGGGGGGGGGGGGGGGGGGGGGGGGGGGGGGGGGG-------------------------------
[2026-04-24 07:20:42,002][rfdiffusion.inference.utils][INFO] - Sampled motif RMSD: 0.11
[2026-04-24 07:20:42,340][rfdiffusion.inference.model_runners][INFO] - Timestep 4, input to next step: -------------------------GGGGGGGGGGGGGGGGGGGGGGGGGGGGGGGGGGGG-------------------------------
[2026-04-24 07:20:45,345][rfdiffusion.inference.utils][INFO] - Sampled motif RMSD: 0.12
[2026-04-24 07:20:45,614][rfdiffusion.inference.model_runners][INFO] - Timestep 3, input to next step: -------------------------GGGGGGGGGGGGGGGGGGGGGGGGGGGGGGGGGGGG-------------------------------
[2026-04-24 07:20:48,119][rfdiffusion.inference.utils][INFO] - Sampled motif RMSD: 0.12
[2026-04-24 07:20:48,453][rfdiffusion.inference.model_runners][INFO] - Timestep 2, input to next step: -------------------------GGGGGGGGGGGGGGGGGGGGGGGGGGGGGGGGGGGG-------------------------------
[2026-04-24 07:20:54,471][__main__][INFO] - Finished design in 3.48 minutes
