[2026-04-24 09:57:06,457][__main__][INFO] - Found GPU with device_name NVIDIA A100-SXM4-80GB. Will run RFdiffusion on NVIDIA A100-SXM4-80GB
Reading models from /lambda/nfs/manvi/Team_8_CS598GBL/RFdiffusion/rfdiffusion/inference/../../models
[2026-04-24 09:57:06,465][rfdiffusion.inference.model_runners][INFO] - Reading checkpoint from /lambda/nfs/manvi/Team_8_CS598GBL/RFdiffusion/rfdiffusion/inference/../../models/Base_ckpt.pt
This is inf_conf.ckpt_path
/lambda/nfs/manvi/Team_8_CS598GBL/RFdiffusion/rfdiffusion/inference/../../models/Base_ckpt.pt
Assembling -model, -diffuser and -preprocess configs from checkpoint
USING MODEL CONFIG: self._conf[model][n_extra_block] = 4
USING MODEL CONFIG: self._conf[model][n_main_block] = 32
USING MODEL CONFIG: self._conf[model][n_ref_block] = 4
USING MODEL CONFIG: self._conf[model][d_msa] = 256
USING MODEL CONFIG: self._conf[model][d_msa_full] = 64
USING MODEL CONFIG: self._conf[model][d_pair] = 128
USING MODEL CONFIG: self._conf[model][d_templ] = 64
USING MODEL CONFIG: self._conf[model][n_head_msa] = 8
USING MODEL CONFIG: self._conf[model][n_head_pair] = 4
USING MODEL CONFIG: self._conf[model][n_head_templ] = 4
USING MODEL CONFIG: self._conf[model][d_hidden] = 32
USING MODEL CONFIG: self._conf[model][d_hidden_templ] = 32
USING MODEL CONFIG: self._conf[model][p_drop] = 0.15
USING MODEL CONFIG: self._conf[model][SE3_param_full] = {'num_layers': 1, 'num_channels': 32, 'num_degrees': 2, 'n_heads': 4, 'div': 4, 'l0_in_features': 8, 'l0_out_features': 8, 'l1_in_features': 3, 'l1_out_features': 2, 'num_edge_features': 32}
USING MODEL CONFIG: self._conf[model][SE3_param_topk] = {'num_layers': 1, 'num_channels': 32, 'num_degrees': 2, 'n_heads': 4, 'div': 4, 'l0_in_features': 64, 'l0_out_features': 64, 'l1_in_features': 3, 'l1_out_features': 2, 'num_edge_features': 64}
USING MODEL CONFIG: self._conf[model][freeze_track_motif] = False
USING MODEL CONFIG: self._conf[model][use_motif_timestep] = True
USING MODEL CONFIG: self._conf[diffuser][T] = 50
USING MODEL CONFIG: self._conf[diffuser][b_0] = 0.01
USING MODEL CONFIG: self._conf[diffuser][b_T] = 0.07
USING MODEL CONFIG: self._conf[diffuser][schedule_type] = linear
USING MODEL CONFIG: self._conf[diffuser][so3_type] = igso3
USING MODEL CONFIG: self._conf[diffuser][crd_scale] = 0.25
USING MODEL CONFIG: self._conf[diffuser][so3_schedule_type] = linear
USING MODEL CONFIG: self._conf[diffuser][min_b] = 1.5
USING MODEL CONFIG: self._conf[diffuser][max_b] = 2.5
USING MODEL CONFIG: self._conf[diffuser][min_sigma] = 0.02
USING MODEL CONFIG: self._conf[diffuser][max_sigma] = 1.5
USING MODEL CONFIG: self._conf[preprocess][sidechain_input] = False
USING MODEL CONFIG: self._conf[preprocess][motif_sidechain_input] = True
USING MODEL CONFIG: self._conf[preprocess][d_t1d] = 22
USING MODEL CONFIG: self._conf[preprocess][d_t2d] = 44
USING MODEL CONFIG: self._conf[preprocess][prob_self_cond] = 0.5
USING MODEL CONFIG: self._conf[preprocess][str_self_cond] = True
USING MODEL CONFIG: self._conf[preprocess][predict_previous] = False
[2026-04-24 09:58:21,506][rfdiffusion.inference.model_runners][INFO] - Loading checkpoint.
[2026-04-24 09:58:40,467][rfdiffusion.diffusion][INFO] - Using cached IGSO3.
Successful diffuser __init__
[2026-04-24 09:58:40,533][__main__][INFO] - Making design /lambda/nfs/manvi/Team_8_CS598GBL/outputs/custom90_128_motif_scaffolding/low_noise/len_099/cterm/scaffold_0
[2026-04-24 09:58:40,549][rfdiffusion.inference.model_runners][INFO] - Using contig: ['19-33/A79-99']
With this beta schedule (linear schedule, beta_0 = 0.04, beta_T = 0.28), alpha_bar_T = 0.00013696048699785024
[2026-04-24 09:58:40,807][rfdiffusion.inference.model_runners][INFO] - Sequence init: --------------------------------GGGGGGGGGGGGGGGGGGGGG
[2026-04-24 09:58:50,916][rfdiffusion.inference.utils][INFO] - Sampled motif RMSD: 0.14
[2026-04-24 09:58:51,199][rfdiffusion.inference.model_runners][INFO] - Timestep 50, input to next step: --------------------------------GGGGGGGGGGGGGGGGGGGGG
[2026-04-24 09:58:55,613][rfdiffusion.inference.utils][INFO] - Sampled motif RMSD: 0.09
[2026-04-24 09:58:55,940][rfdiffusion.inference.model_runners][INFO] - Timestep 49, input to next step: --------------------------------GGGGGGGGGGGGGGGGGGGGG
[2026-04-24 09:59:01,264][rfdiffusion.inference.utils][INFO] - Sampled motif RMSD: 0.09
[2026-04-24 09:59:01,781][rfdiffusion.inference.model_runners][INFO] - Timestep 48, input to next step: --------------------------------GGGGGGGGGGGGGGGGGGGGG
[2026-04-24 09:59:06,905][rfdiffusion.inference.utils][INFO] - Sampled motif RMSD: 0.08
[2026-04-24 09:59:07,473][rfdiffusion.inference.model_runners][INFO] - Timestep 47, input to next step: --------------------------------GGGGGGGGGGGGGGGGGGGGG
[2026-04-24 09:59:10,617][rfdiffusion.inference.utils][INFO] - Sampled motif RMSD: 0.09
[2026-04-24 09:59:11,057][rfdiffusion.inference.model_runners][INFO] - Timestep 46, input to next step: --------------------------------GGGGGGGGGGGGGGGGGGGGG
[2026-04-24 09:59:15,065][rfdiffusion.inference.utils][INFO] - Sampled motif RMSD: 0.10
[2026-04-24 09:59:15,199][rfdiffusion.inference.model_runners][INFO] - Timestep 45, input to next step: --------------------------------GGGGGGGGGGGGGGGGGGGGG
[2026-04-24 09:59:20,001][rfdiffusion.inference.utils][INFO] - Sampled motif RMSD: 0.12
[2026-04-24 09:59:20,302][rfdiffusion.inference.model_runners][INFO] - Timestep 44, input to next step: --------------------------------GGGGGGGGGGGGGGGGGGGGG
[2026-04-24 09:59:24,120][rfdiffusion.inference.utils][INFO] - Sampled motif RMSD: 0.09
[2026-04-24 09:59:24,410][rfdiffusion.inference.model_runners][INFO] - Timestep 43, input to next step: --------------------------------GGGGGGGGGGGGGGGGGGGGG
[2026-04-24 09:59:28,753][rfdiffusion.inference.utils][INFO] - Sampled motif RMSD: 0.09
[2026-04-24 09:59:29,084][rfdiffusion.inference.model_runners][INFO] - Timestep 42, input to next step: --------------------------------GGGGGGGGGGGGGGGGGGGGG
[2026-04-24 09:59:31,553][rfdiffusion.inference.utils][INFO] - Sampled motif RMSD: 0.09
[2026-04-24 09:59:32,180][rfdiffusion.inference.model_runners][INFO] - Timestep 41, input to next step: --------------------------------GGGGGGGGGGGGGGGGGGGGG
[2026-04-24 09:59:37,409][rfdiffusion.inference.utils][INFO] - Sampled motif RMSD: 0.09
[2026-04-24 09:59:37,847][rfdiffusion.inference.model_runners][INFO] - Timestep 40, input to next step: --------------------------------GGGGGGGGGGGGGGGGGGGGG
[2026-04-24 09:59:42,449][rfdiffusion.inference.utils][INFO] - Sampled motif RMSD: 0.09
[2026-04-24 09:59:42,966][rfdiffusion.inference.model_runners][INFO] - Timestep 39, input to next step: --------------------------------GGGGGGGGGGGGGGGGGGGGG
[2026-04-24 09:59:46,075][rfdiffusion.inference.utils][INFO] - Sampled motif RMSD: 0.11
[2026-04-24 09:59:46,468][rfdiffusion.inference.model_runners][INFO] - Timestep 38, input to next step: --------------------------------GGGGGGGGGGGGGGGGGGGGG
[2026-04-24 09:59:51,316][rfdiffusion.inference.utils][INFO] - Sampled motif RMSD: 0.10
[2026-04-24 09:59:51,791][rfdiffusion.inference.model_runners][INFO] - Timestep 37, input to next step: --------------------------------GGGGGGGGGGGGGGGGGGGGG
[2026-04-24 09:59:58,363][rfdiffusion.inference.utils][INFO] - Sampled motif RMSD: 0.09
[2026-04-24 09:59:58,687][rfdiffusion.inference.model_runners][INFO] - Timestep 36, input to next step: --------------------------------GGGGGGGGGGGGGGGGGGGGG
[2026-04-24 10:00:03,870][rfdiffusion.inference.utils][INFO] - Sampled motif RMSD: 0.09
[2026-04-24 10:00:04,230][rfdiffusion.inference.model_runners][INFO] - Timestep 35, input to next step: --------------------------------GGGGGGGGGGGGGGGGGGGGG
[2026-04-24 10:00:07,282][rfdiffusion.inference.utils][INFO] - Sampled motif RMSD: 0.09
[2026-04-24 10:00:07,707][rfdiffusion.inference.model_runners][INFO] - Timestep 34, input to next step: --------------------------------GGGGGGGGGGGGGGGGGGGGG
[2026-04-24 10:00:14,270][rfdiffusion.inference.utils][INFO] - Sampled motif RMSD: 0.10
[2026-04-24 10:00:14,833][rfdiffusion.inference.model_runners][INFO] - Timestep 33, input to next step: --------------------------------GGGGGGGGGGGGGGGGGGGGG
[2026-04-24 10:00:20,277][rfdiffusion.inference.utils][INFO] - Sampled motif RMSD: 0.11
[2026-04-24 10:00:20,724][rfdiffusion.inference.model_runners][INFO] - Timestep 32, input to next step: --------------------------------GGGGGGGGGGGGGGGGGGGGG
[2026-04-24 10:00:25,357][rfdiffusion.inference.utils][INFO] - Sampled motif RMSD: 0.11
[2026-04-24 10:00:25,819][rfdiffusion.inference.model_runners][INFO] - Timestep 31, input to next step: --------------------------------GGGGGGGGGGGGGGGGGGGGG
[2026-04-24 10:00:31,507][rfdiffusion.inference.utils][INFO] - Sampled motif RMSD: 0.10
[2026-04-24 10:00:32,049][rfdiffusion.inference.model_runners][INFO] - Timestep 30, input to next step: --------------------------------GGGGGGGGGGGGGGGGGGGGG
[2026-04-24 10:00:37,025][rfdiffusion.inference.utils][INFO] - Sampled motif RMSD: 0.12
[2026-04-24 10:00:37,589][rfdiffusion.inference.model_runners][INFO] - Timestep 29, input to next step: --------------------------------GGGGGGGGGGGGGGGGGGGGG
[2026-04-24 10:00:44,923][rfdiffusion.inference.utils][INFO] - Sampled motif RMSD: 0.11
[2026-04-24 10:00:45,281][rfdiffusion.inference.model_runners][INFO] - Timestep 28, input to next step: --------------------------------GGGGGGGGGGGGGGGGGGGGG
[2026-04-24 10:00:50,151][rfdiffusion.inference.utils][INFO] - Sampled motif RMSD: 0.10
[2026-04-24 10:00:50,552][rfdiffusion.inference.model_runners][INFO] - Timestep 27, input to next step: --------------------------------GGGGGGGGGGGGGGGGGGGGG
[2026-04-24 10:00:53,529][rfdiffusion.inference.utils][INFO] - Sampled motif RMSD: 0.10
[2026-04-24 10:00:53,968][rfdiffusion.inference.model_runners][INFO] - Timestep 26, input to next step: --------------------------------GGGGGGGGGGGGGGGGGGGGG
[2026-04-24 10:01:00,286][rfdiffusion.inference.utils][INFO] - Sampled motif RMSD: 0.11
[2026-04-24 10:01:00,669][rfdiffusion.inference.model_runners][INFO] - Timestep 25, input to next step: --------------------------------GGGGGGGGGGGGGGGGGGGGG
[2026-04-24 10:01:03,820][rfdiffusion.inference.utils][INFO] - Sampled motif RMSD: 0.13
[2026-04-24 10:01:04,029][rfdiffusion.inference.model_runners][INFO] - Timestep 24, input to next step: --------------------------------GGGGGGGGGGGGGGGGGGGGG
[2026-04-24 10:01:09,716][rfdiffusion.inference.utils][INFO] - Sampled motif RMSD: 0.13
[2026-04-24 10:01:10,039][rfdiffusion.inference.model_runners][INFO] - Timestep 23, input to next step: --------------------------------GGGGGGGGGGGGGGGGGGGGG
[2026-04-24 10:01:15,635][rfdiffusion.inference.utils][INFO] - Sampled motif RMSD: 0.13
[2026-04-24 10:01:16,032][rfdiffusion.inference.model_runners][INFO] - Timestep 22, input to next step: --------------------------------GGGGGGGGGGGGGGGGGGGGG
[2026-04-24 10:01:22,820][rfdiffusion.inference.utils][INFO] - Sampled motif RMSD: 0.13
[2026-04-24 10:01:23,281][rfdiffusion.inference.model_runners][INFO] - Timestep 21, input to next step: --------------------------------GGGGGGGGGGGGGGGGGGGGG
[2026-04-24 10:01:31,119][rfdiffusion.inference.utils][INFO] - Sampled motif RMSD: 0.14
[2026-04-24 10:01:31,586][rfdiffusion.inference.model_runners][INFO] - Timestep 20, input to next step: --------------------------------GGGGGGGGGGGGGGGGGGGGG
[2026-04-24 10:01:37,436][rfdiffusion.inference.utils][INFO] - Sampled motif RMSD: 0.13
[2026-04-24 10:01:37,828][rfdiffusion.inference.model_runners][INFO] - Timestep 19, input to next step: --------------------------------GGGGGGGGGGGGGGGGGGGGG
[2026-04-24 10:01:43,344][rfdiffusion.inference.utils][INFO] - Sampled motif RMSD: 0.13
[2026-04-24 10:01:43,609][rfdiffusion.inference.model_runners][INFO] - Timestep 18, input to next step: --------------------------------GGGGGGGGGGGGGGGGGGGGG
[2026-04-24 10:01:48,736][rfdiffusion.inference.utils][INFO] - Sampled motif RMSD: 0.13
[2026-04-24 10:01:49,083][rfdiffusion.inference.model_runners][INFO] - Timestep 17, input to next step: --------------------------------GGGGGGGGGGGGGGGGGGGGG
[2026-04-24 10:01:51,924][rfdiffusion.inference.utils][INFO] - Sampled motif RMSD: 0.14
[2026-04-24 10:01:52,365][rfdiffusion.inference.model_runners][INFO] - Timestep 16, input to next step: --------------------------------GGGGGGGGGGGGGGGGGGGGG
[2026-04-24 10:01:57,795][rfdiffusion.inference.utils][INFO] - Sampled motif RMSD: 0.12
[2026-04-24 10:01:58,211][rfdiffusion.inference.model_runners][INFO] - Timestep 15, input to next step: --------------------------------GGGGGGGGGGGGGGGGGGGGG
[2026-04-24 10:02:05,008][rfdiffusion.inference.utils][INFO] - Sampled motif RMSD: 0.12
[2026-04-24 10:02:05,329][rfdiffusion.inference.model_runners][INFO] - Timestep 14, input to next step: --------------------------------GGGGGGGGGGGGGGGGGGGGG
[2026-04-24 10:02:12,068][rfdiffusion.inference.utils][INFO] - Sampled motif RMSD: 0.13
[2026-04-24 10:02:12,323][rfdiffusion.inference.model_runners][INFO] - Timestep 13, input to next step: --------------------------------GGGGGGGGGGGGGGGGGGGGG
[2026-04-24 10:02:18,922][rfdiffusion.inference.utils][INFO] - Sampled motif RMSD: 0.12
[2026-04-24 10:02:19,297][rfdiffusion.inference.model_runners][INFO] - Timestep 12, input to next step: --------------------------------GGGGGGGGGGGGGGGGGGGGG
[2026-04-24 10:02:23,889][rfdiffusion.inference.utils][INFO] - Sampled motif RMSD: 0.11
[2026-04-24 10:02:24,316][rfdiffusion.inference.model_runners][INFO] - Timestep 11, input to next step: --------------------------------GGGGGGGGGGGGGGGGGGGGG
[2026-04-24 10:02:29,369][rfdiffusion.inference.utils][INFO] - Sampled motif RMSD: 0.11
[2026-04-24 10:02:29,703][rfdiffusion.inference.model_runners][INFO] - Timestep 10, input to next step: --------------------------------GGGGGGGGGGGGGGGGGGGGG
[2026-04-24 10:02:33,737][rfdiffusion.inference.utils][INFO] - Sampled motif RMSD: 0.12
[2026-04-24 10:02:34,217][rfdiffusion.inference.model_runners][INFO] - Timestep 9, input to next step: --------------------------------GGGGGGGGGGGGGGGGGGGGG
[2026-04-24 10:02:39,403][rfdiffusion.inference.utils][INFO] - Sampled motif RMSD: 0.12
[2026-04-24 10:02:39,705][rfdiffusion.inference.model_runners][INFO] - Timestep 8, input to next step: --------------------------------GGGGGGGGGGGGGGGGGGGGG
[2026-04-24 10:02:45,009][rfdiffusion.inference.utils][INFO] - Sampled motif RMSD: 0.11
[2026-04-24 10:02:45,248][rfdiffusion.inference.model_runners][INFO] - Timestep 7, input to next step: --------------------------------GGGGGGGGGGGGGGGGGGGGG
[2026-04-24 10:02:50,671][rfdiffusion.inference.utils][INFO] - Sampled motif RMSD: 0.12
[2026-04-24 10:02:50,957][rfdiffusion.inference.model_runners][INFO] - Timestep 6, input to next step: --------------------------------GGGGGGGGGGGGGGGGGGGGG
[2026-04-24 10:02:55,849][rfdiffusion.inference.utils][INFO] - Sampled motif RMSD: 0.11
[2026-04-24 10:02:56,144][rfdiffusion.inference.model_runners][INFO] - Timestep 5, input to next step: --------------------------------GGGGGGGGGGGGGGGGGGGGG
[2026-04-24 10:03:00,759][rfdiffusion.inference.utils][INFO] - Sampled motif RMSD: 0.11
[2026-04-24 10:03:01,037][rfdiffusion.inference.model_runners][INFO] - Timestep 4, input to next step: --------------------------------GGGGGGGGGGGGGGGGGGGGG
[2026-04-24 10:03:04,615][rfdiffusion.inference.utils][INFO] - Sampled motif RMSD: 0.11
[2026-04-24 10:03:05,023][rfdiffusion.inference.model_runners][INFO] - Timestep 3, input to next step: --------------------------------GGGGGGGGGGGGGGGGGGGGG
[2026-04-24 10:03:09,609][rfdiffusion.inference.utils][INFO] - Sampled motif RMSD: 0.10
[2026-04-24 10:03:10,028][rfdiffusion.inference.model_runners][INFO] - Timestep 2, input to next step: --------------------------------GGGGGGGGGGGGGGGGGGGGG
[2026-04-24 10:03:17,336][__main__][INFO] - Finished design in 4.61 minutes
[2026-04-24 10:03:17,337][__main__][INFO] - Making design /lambda/nfs/manvi/Team_8_CS598GBL/outputs/custom90_128_motif_scaffolding/low_noise/len_099/cterm/scaffold_1
[2026-04-24 10:03:17,355][rfdiffusion.inference.model_runners][INFO] - Using contig: ['19-33/A79-99']
With this beta schedule (linear schedule, beta_0 = 0.04, beta_T = 0.28), alpha_bar_T = 0.00013696048699785024
[2026-04-24 10:03:17,686][rfdiffusion.inference.model_runners][INFO] - Sequence init: -----------------------GGGGGGGGGGGGGGGGGGGGG
[2026-04-24 10:03:24,563][rfdiffusion.inference.utils][INFO] - Sampled motif RMSD: 0.14
[2026-04-24 10:03:24,752][rfdiffusion.inference.model_runners][INFO] - Timestep 50, input to next step: -----------------------GGGGGGGGGGGGGGGGGGGGG
[2026-04-24 10:03:28,862][rfdiffusion.inference.utils][INFO] - Sampled motif RMSD: 0.10
[2026-04-24 10:03:29,335][rfdiffusion.inference.model_runners][INFO] - Timestep 49, input to next step: -----------------------GGGGGGGGGGGGGGGGGGGGG
[2026-04-24 10:03:35,094][rfdiffusion.inference.utils][INFO] - Sampled motif RMSD: 0.10
[2026-04-24 10:03:35,655][rfdiffusion.inference.model_runners][INFO] - Timestep 48, input to next step: -----------------------GGGGGGGGGGGGGGGGGGGGG
[2026-04-24 10:03:39,326][rfdiffusion.inference.utils][INFO] - Sampled motif RMSD: 0.10
[2026-04-24 10:03:39,922][rfdiffusion.inference.model_runners][INFO] - Timestep 47, input to next step: -----------------------GGGGGGGGGGGGGGGGGGGGG
[2026-04-24 10:03:45,772][rfdiffusion.inference.utils][INFO] - Sampled motif RMSD: 0.10
[2026-04-24 10:03:46,283][rfdiffusion.inference.model_runners][INFO] - Timestep 46, input to next step: -----------------------GGGGGGGGGGGGGGGGGGGGG
[2026-04-24 10:03:49,927][rfdiffusion.inference.utils][INFO] - Sampled motif RMSD: 0.10
[2026-04-24 10:03:50,373][rfdiffusion.inference.model_runners][INFO] - Timestep 45, input to next step: -----------------------GGGGGGGGGGGGGGGGGGGGG
[2026-04-24 10:03:55,486][rfdiffusion.inference.utils][INFO] - Sampled motif RMSD: 0.09
[2026-04-24 10:03:55,828][rfdiffusion.inference.model_runners][INFO] - Timestep 44, input to next step: -----------------------GGGGGGGGGGGGGGGGGGGGG
[2026-04-24 10:04:01,489][rfdiffusion.inference.utils][INFO] - Sampled motif RMSD: 0.10
[2026-04-24 10:04:01,783][rfdiffusion.inference.model_runners][INFO] - Timestep 43, input to next step: -----------------------GGGGGGGGGGGGGGGGGGGGG
[2026-04-24 10:04:05,870][rfdiffusion.inference.utils][INFO] - Sampled motif RMSD: 0.09
[2026-04-24 10:04:06,196][rfdiffusion.inference.model_runners][INFO] - Timestep 42, input to next step: -----------------------GGGGGGGGGGGGGGGGGGGGG
[2026-04-24 10:04:12,130][rfdiffusion.inference.utils][INFO] - Sampled motif RMSD: 0.09
[2026-04-24 10:04:12,591][rfdiffusion.inference.model_runners][INFO] - Timestep 41, input to next step: -----------------------GGGGGGGGGGGGGGGGGGGGG
[2026-04-24 10:04:15,516][rfdiffusion.inference.utils][INFO] - Sampled motif RMSD: 0.09
[2026-04-24 10:04:15,799][rfdiffusion.inference.model_runners][INFO] - Timestep 40, input to next step: -----------------------GGGGGGGGGGGGGGGGGGGGG
[2026-04-24 10:04:20,268][rfdiffusion.inference.utils][INFO] - Sampled motif RMSD: 0.10
[2026-04-24 10:04:20,515][rfdiffusion.inference.model_runners][INFO] - Timestep 39, input to next step: -----------------------GGGGGGGGGGGGGGGGGGGGG
[2026-04-24 10:04:24,305][rfdiffusion.inference.utils][INFO] - Sampled motif RMSD: 0.11
[2026-04-24 10:04:24,668][rfdiffusion.inference.model_runners][INFO] - Timestep 38, input to next step: -----------------------GGGGGGGGGGGGGGGGGGGGG
[2026-04-24 10:04:27,513][rfdiffusion.inference.utils][INFO] - Sampled motif RMSD: 0.13
[2026-04-24 10:04:27,662][rfdiffusion.inference.model_runners][INFO] - Timestep 37, input to next step: -----------------------GGGGGGGGGGGGGGGGGGGGG
[2026-04-24 10:04:30,783][rfdiffusion.inference.utils][INFO] - Sampled motif RMSD: 0.12
[2026-04-24 10:04:30,927][rfdiffusion.inference.model_runners][INFO] - Timestep 36, input to next step: -----------------------GGGGGGGGGGGGGGGGGGGGG
[2026-04-24 10:04:34,135][rfdiffusion.inference.utils][INFO] - Sampled motif RMSD: 0.13
[2026-04-24 10:04:34,434][rfdiffusion.inference.model_runners][INFO] - Timestep 35, input to next step: -----------------------GGGGGGGGGGGGGGGGGGGGG
[2026-04-24 10:04:36,655][rfdiffusion.inference.utils][INFO] - Sampled motif RMSD: 0.12
[2026-04-24 10:04:36,951][rfdiffusion.inference.model_runners][INFO] - Timestep 34, input to next step: -----------------------GGGGGGGGGGGGGGGGGGGGG
[2026-04-24 10:04:40,212][rfdiffusion.inference.utils][INFO] - Sampled motif RMSD: 0.12
[2026-04-24 10:04:40,478][rfdiffusion.inference.model_runners][INFO] - Timestep 33, input to next step: -----------------------GGGGGGGGGGGGGGGGGGGGG
[2026-04-24 10:04:43,528][rfdiffusion.inference.utils][INFO] - Sampled motif RMSD: 0.10
[2026-04-24 10:04:43,941][rfdiffusion.inference.model_runners][INFO] - Timestep 32, input to next step: -----------------------GGGGGGGGGGGGGGGGGGGGG
[2026-04-24 10:04:47,534][rfdiffusion.inference.utils][INFO] - Sampled motif RMSD: 0.08
[2026-04-24 10:04:47,684][rfdiffusion.inference.model_runners][INFO] - Timestep 31, input to next step: -----------------------GGGGGGGGGGGGGGGGGGGGG
[2026-04-24 10:04:51,797][rfdiffusion.inference.utils][INFO] - Sampled motif RMSD: 0.08
[2026-04-24 10:04:52,014][rfdiffusion.inference.model_runners][INFO] - Timestep 30, input to next step: -----------------------GGGGGGGGGGGGGGGGGGGGG
[2026-04-24 10:04:55,924][rfdiffusion.inference.utils][INFO] - Sampled motif RMSD: 0.09
[2026-04-24 10:04:56,295][rfdiffusion.inference.model_runners][INFO] - Timestep 29, input to next step: -----------------------GGGGGGGGGGGGGGGGGGGGG
[2026-04-24 10:05:00,186][rfdiffusion.inference.utils][INFO] - Sampled motif RMSD: 0.11
[2026-04-24 10:05:00,577][rfdiffusion.inference.model_runners][INFO] - Timestep 28, input to next step: -----------------------GGGGGGGGGGGGGGGGGGGGG
[2026-04-24 10:05:03,103][rfdiffusion.inference.utils][INFO] - Sampled motif RMSD: 0.10
[2026-04-24 10:05:03,459][rfdiffusion.inference.model_runners][INFO] - Timestep 27, input to next step: -----------------------GGGGGGGGGGGGGGGGGGGGG
[2026-04-24 10:05:08,719][rfdiffusion.inference.utils][INFO] - Sampled motif RMSD: 0.10
[2026-04-24 10:05:09,194][rfdiffusion.inference.model_runners][INFO] - Timestep 26, input to next step: -----------------------GGGGGGGGGGGGGGGGGGGGG
[2026-04-24 10:05:12,824][rfdiffusion.inference.utils][INFO] - Sampled motif RMSD: 0.08
[2026-04-24 10:05:12,955][rfdiffusion.inference.model_runners][INFO] - Timestep 25, input to next step: -----------------------GGGGGGGGGGGGGGGGGGGGG
[2026-04-24 10:05:18,406][rfdiffusion.inference.utils][INFO] - Sampled motif RMSD: 0.08
[2026-04-24 10:05:18,744][rfdiffusion.inference.model_runners][INFO] - Timestep 24, input to next step: -----------------------GGGGGGGGGGGGGGGGGGGGG
[2026-04-24 10:05:24,111][rfdiffusion.inference.utils][INFO] - Sampled motif RMSD: 0.08
[2026-04-24 10:05:24,266][rfdiffusion.inference.model_runners][INFO] - Timestep 23, input to next step: -----------------------GGGGGGGGGGGGGGGGGGGGG
[2026-04-24 10:05:29,459][rfdiffusion.inference.utils][INFO] - Sampled motif RMSD: 0.08
[2026-04-24 10:05:29,701][rfdiffusion.inference.model_runners][INFO] - Timestep 22, input to next step: -----------------------GGGGGGGGGGGGGGGGGGGGG
[2026-04-24 10:05:35,231][rfdiffusion.inference.utils][INFO] - Sampled motif RMSD: 0.08
[2026-04-24 10:05:35,466][rfdiffusion.inference.model_runners][INFO] - Timestep 21, input to next step: -----------------------GGGGGGGGGGGGGGGGGGGGG
[2026-04-24 10:05:39,995][rfdiffusion.inference.utils][INFO] - Sampled motif RMSD: 0.08
[2026-04-24 10:05:40,122][rfdiffusion.inference.model_runners][INFO] - Timestep 20, input to next step: -----------------------GGGGGGGGGGGGGGGGGGGGG
[2026-04-24 10:05:45,538][rfdiffusion.inference.utils][INFO] - Sampled motif RMSD: 0.08
[2026-04-24 10:05:45,683][rfdiffusion.inference.model_runners][INFO] - Timestep 19, input to next step: -----------------------GGGGGGGGGGGGGGGGGGGGG
[2026-04-24 10:05:49,129][rfdiffusion.inference.utils][INFO] - Sampled motif RMSD: 0.08
[2026-04-24 10:05:49,302][rfdiffusion.inference.model_runners][INFO] - Timestep 18, input to next step: -----------------------GGGGGGGGGGGGGGGGGGGGG
[2026-04-24 10:05:53,543][rfdiffusion.inference.utils][INFO] - Sampled motif RMSD: 0.09
[2026-04-24 10:05:53,774][rfdiffusion.inference.model_runners][INFO] - Timestep 17, input to next step: -----------------------GGGGGGGGGGGGGGGGGGGGG
[2026-04-24 10:05:58,103][rfdiffusion.inference.utils][INFO] - Sampled motif RMSD: 0.08
[2026-04-24 10:05:58,383][rfdiffusion.inference.model_runners][INFO] - Timestep 16, input to next step: -----------------------GGGGGGGGGGGGGGGGGGGGG
[2026-04-24 10:06:02,581][rfdiffusion.inference.utils][INFO] - Sampled motif RMSD: 0.09
[2026-04-24 10:06:02,940][rfdiffusion.inference.model_runners][INFO] - Timestep 15, input to next step: -----------------------GGGGGGGGGGGGGGGGGGGGG
[2026-04-24 10:06:06,340][rfdiffusion.inference.utils][INFO] - Sampled motif RMSD: 0.09
[2026-04-24 10:06:06,833][rfdiffusion.inference.model_runners][INFO] - Timestep 14, input to next step: -----------------------GGGGGGGGGGGGGGGGGGGGG
[2026-04-24 10:06:10,716][rfdiffusion.inference.utils][INFO] - Sampled motif RMSD: 0.09
[2026-04-24 10:06:11,148][rfdiffusion.inference.model_runners][INFO] - Timestep 13, input to next step: -----------------------GGGGGGGGGGGGGGGGGGGGG
[2026-04-24 10:06:16,212][rfdiffusion.inference.utils][INFO] - Sampled motif RMSD: 0.09
[2026-04-24 10:06:16,666][rfdiffusion.inference.model_runners][INFO] - Timestep 12, input to next step: -----------------------GGGGGGGGGGGGGGGGGGGGG
[2026-04-24 10:06:23,837][rfdiffusion.inference.utils][INFO] - Sampled motif RMSD: 0.09
[2026-04-24 10:06:24,181][rfdiffusion.inference.model_runners][INFO] - Timestep 11, input to next step: -----------------------GGGGGGGGGGGGGGGGGGGGG
[2026-04-24 10:06:30,153][rfdiffusion.inference.utils][INFO] - Sampled motif RMSD: 0.09
[2026-04-24 10:06:30,589][rfdiffusion.inference.model_runners][INFO] - Timestep 10, input to next step: -----------------------GGGGGGGGGGGGGGGGGGGGG
[2026-04-24 10:06:35,461][rfdiffusion.inference.utils][INFO] - Sampled motif RMSD: 0.08
[2026-04-24 10:06:35,926][rfdiffusion.inference.model_runners][INFO] - Timestep 9, input to next step: -----------------------GGGGGGGGGGGGGGGGGGGGG
[2026-04-24 10:06:41,280][rfdiffusion.inference.utils][INFO] - Sampled motif RMSD: 0.08
[2026-04-24 10:06:41,534][rfdiffusion.inference.model_runners][INFO] - Timestep 8, input to next step: -----------------------GGGGGGGGGGGGGGGGGGGGG
[2026-04-24 10:06:46,455][rfdiffusion.inference.utils][INFO] - Sampled motif RMSD: 0.08
[2026-04-24 10:06:46,759][rfdiffusion.inference.model_runners][INFO] - Timestep 7, input to next step: -----------------------GGGGGGGGGGGGGGGGGGGGG
[2026-04-24 10:06:49,574][rfdiffusion.inference.utils][INFO] - Sampled motif RMSD: 0.08
[2026-04-24 10:06:50,192][rfdiffusion.inference.model_runners][INFO] - Timestep 6, input to next step: -----------------------GGGGGGGGGGGGGGGGGGGGG
[2026-04-24 10:06:53,546][rfdiffusion.inference.utils][INFO] - Sampled motif RMSD: 0.09
[2026-04-24 10:06:53,897][rfdiffusion.inference.model_runners][INFO] - Timestep 5, input to next step: -----------------------GGGGGGGGGGGGGGGGGGGGG
[2026-04-24 10:07:00,160][rfdiffusion.inference.utils][INFO] - Sampled motif RMSD: 0.08
[2026-04-24 10:07:00,550][rfdiffusion.inference.model_runners][INFO] - Timestep 4, input to next step: -----------------------GGGGGGGGGGGGGGGGGGGGG
[2026-04-24 10:07:05,052][rfdiffusion.inference.utils][INFO] - Sampled motif RMSD: 0.08
[2026-04-24 10:07:05,759][rfdiffusion.inference.model_runners][INFO] - Timestep 3, input to next step: -----------------------GGGGGGGGGGGGGGGGGGGGG
[2026-04-24 10:07:09,861][rfdiffusion.inference.utils][INFO] - Sampled motif RMSD: 0.09
[2026-04-24 10:07:10,241][rfdiffusion.inference.model_runners][INFO] - Timestep 2, input to next step: -----------------------GGGGGGGGGGGGGGGGGGGGG
[2026-04-24 10:07:15,441][__main__][INFO] - Finished design in 3.97 minutes
