[2026-04-24 10:47:03,745][__main__][INFO] - Found GPU with device_name NVIDIA A100-SXM4-80GB. Will run RFdiffusion on NVIDIA A100-SXM4-80GB
Reading models from /lambda/nfs/manvi/Team_8_CS598GBL/RFdiffusion/rfdiffusion/inference/../../models
[2026-04-24 10:47:03,748][rfdiffusion.inference.model_runners][INFO] - Reading checkpoint from /lambda/nfs/manvi/Team_8_CS598GBL/RFdiffusion/rfdiffusion/inference/../../models/Base_ckpt.pt
This is inf_conf.ckpt_path
/lambda/nfs/manvi/Team_8_CS598GBL/RFdiffusion/rfdiffusion/inference/../../models/Base_ckpt.pt
Assembling -model, -diffuser and -preprocess configs from checkpoint
USING MODEL CONFIG: self._conf[model][n_extra_block] = 4
USING MODEL CONFIG: self._conf[model][n_main_block] = 32
USING MODEL CONFIG: self._conf[model][n_ref_block] = 4
USING MODEL CONFIG: self._conf[model][d_msa] = 256
USING MODEL CONFIG: self._conf[model][d_msa_full] = 64
USING MODEL CONFIG: self._conf[model][d_pair] = 128
USING MODEL CONFIG: self._conf[model][d_templ] = 64
USING MODEL CONFIG: self._conf[model][n_head_msa] = 8
USING MODEL CONFIG: self._conf[model][n_head_pair] = 4
USING MODEL CONFIG: self._conf[model][n_head_templ] = 4
USING MODEL CONFIG: self._conf[model][d_hidden] = 32
USING MODEL CONFIG: self._conf[model][d_hidden_templ] = 32
USING MODEL CONFIG: self._conf[model][p_drop] = 0.15
USING MODEL CONFIG: self._conf[model][SE3_param_full] = {'num_layers': 1, 'num_channels': 32, 'num_degrees': 2, 'n_heads': 4, 'div': 4, 'l0_in_features': 8, 'l0_out_features': 8, 'l1_in_features': 3, 'l1_out_features': 2, 'num_edge_features': 32}
USING MODEL CONFIG: self._conf[model][SE3_param_topk] = {'num_layers': 1, 'num_channels': 32, 'num_degrees': 2, 'n_heads': 4, 'div': 4, 'l0_in_features': 64, 'l0_out_features': 64, 'l1_in_features': 3, 'l1_out_features': 2, 'num_edge_features': 64}
USING MODEL CONFIG: self._conf[model][freeze_track_motif] = False
USING MODEL CONFIG: self._conf[model][use_motif_timestep] = True
USING MODEL CONFIG: self._conf[diffuser][T] = 50
USING MODEL CONFIG: self._conf[diffuser][b_0] = 0.01
USING MODEL CONFIG: self._conf[diffuser][b_T] = 0.07
USING MODEL CONFIG: self._conf[diffuser][schedule_type] = linear
USING MODEL CONFIG: self._conf[diffuser][so3_type] = igso3
USING MODEL CONFIG: self._conf[diffuser][crd_scale] = 0.25
USING MODEL CONFIG: self._conf[diffuser][so3_schedule_type] = linear
USING MODEL CONFIG: self._conf[diffuser][min_b] = 1.5
USING MODEL CONFIG: self._conf[diffuser][max_b] = 2.5
USING MODEL CONFIG: self._conf[diffuser][min_sigma] = 0.02
USING MODEL CONFIG: self._conf[diffuser][max_sigma] = 1.5
USING MODEL CONFIG: self._conf[preprocess][sidechain_input] = False
USING MODEL CONFIG: self._conf[preprocess][motif_sidechain_input] = True
USING MODEL CONFIG: self._conf[preprocess][d_t1d] = 22
USING MODEL CONFIG: self._conf[preprocess][d_t2d] = 44
USING MODEL CONFIG: self._conf[preprocess][prob_self_cond] = 0.5
USING MODEL CONFIG: self._conf[preprocess][str_self_cond] = True
USING MODEL CONFIG: self._conf[preprocess][predict_previous] = False
[2026-04-24 10:48:05,392][rfdiffusion.inference.model_runners][INFO] - Loading checkpoint.
[2026-04-24 10:48:13,329][rfdiffusion.diffusion][INFO] - Using cached IGSO3.
Successful diffuser __init__
[2026-04-24 10:48:13,364][__main__][INFO] - Making design /lambda/nfs/manvi/Team_8_CS598GBL/outputs/custom90_128_motif_scaffolding/low_noise/len_121/short/scaffold_0
[2026-04-24 10:48:13,377][rfdiffusion.inference.model_runners][INFO] - Using contig: ['24-40/A53-67/24-40']
With this beta schedule (linear schedule, beta_0 = 0.04, beta_T = 0.28), alpha_bar_T = 0.00013696048699785024
[2026-04-24 10:48:13,937][rfdiffusion.inference.model_runners][INFO] - Sequence init: ---------------------------------GGGGGGGGGGGGGGG-------------------------------
[2026-04-24 10:48:23,482][rfdiffusion.inference.utils][INFO] - Sampled motif RMSD: 0.25
[2026-04-24 10:48:23,754][rfdiffusion.inference.model_runners][INFO] - Timestep 50, input to next step: ---------------------------------GGGGGGGGGGGGGGG-------------------------------
[2026-04-24 10:48:29,817][rfdiffusion.inference.utils][INFO] - Sampled motif RMSD: 0.22
[2026-04-24 10:48:30,073][rfdiffusion.inference.model_runners][INFO] - Timestep 49, input to next step: ---------------------------------GGGGGGGGGGGGGGG-------------------------------
[2026-04-24 10:48:36,181][rfdiffusion.inference.utils][INFO] - Sampled motif RMSD: 0.20
[2026-04-24 10:48:36,351][rfdiffusion.inference.model_runners][INFO] - Timestep 48, input to next step: ---------------------------------GGGGGGGGGGGGGGG-------------------------------
[2026-04-24 10:48:41,627][rfdiffusion.inference.utils][INFO] - Sampled motif RMSD: 0.22
[2026-04-24 10:48:42,188][rfdiffusion.inference.model_runners][INFO] - Timestep 47, input to next step: ---------------------------------GGGGGGGGGGGGGGG-------------------------------
[2026-04-24 10:48:48,670][rfdiffusion.inference.utils][INFO] - Sampled motif RMSD: 0.22
[2026-04-24 10:48:49,157][rfdiffusion.inference.model_runners][INFO] - Timestep 46, input to next step: ---------------------------------GGGGGGGGGGGGGGG-------------------------------
[2026-04-24 10:49:01,657][rfdiffusion.inference.utils][INFO] - Sampled motif RMSD: 0.23
[2026-04-24 10:49:02,080][rfdiffusion.inference.model_runners][INFO] - Timestep 45, input to next step: ---------------------------------GGGGGGGGGGGGGGG-------------------------------
[2026-04-24 10:49:08,731][rfdiffusion.inference.utils][INFO] - Sampled motif RMSD: 0.21
[2026-04-24 10:49:09,155][rfdiffusion.inference.model_runners][INFO] - Timestep 44, input to next step: ---------------------------------GGGGGGGGGGGGGGG-------------------------------
[2026-04-24 10:49:22,205][rfdiffusion.inference.utils][INFO] - Sampled motif RMSD: 0.20
[2026-04-24 10:49:22,720][rfdiffusion.inference.model_runners][INFO] - Timestep 43, input to next step: ---------------------------------GGGGGGGGGGGGGGG-------------------------------
[2026-04-24 10:49:31,009][rfdiffusion.inference.utils][INFO] - Sampled motif RMSD: 0.21
[2026-04-24 10:49:31,332][rfdiffusion.inference.model_runners][INFO] - Timestep 42, input to next step: ---------------------------------GGGGGGGGGGGGGGG-------------------------------
[2026-04-24 10:49:36,108][rfdiffusion.inference.utils][INFO] - Sampled motif RMSD: 0.20
[2026-04-24 10:49:36,384][rfdiffusion.inference.model_runners][INFO] - Timestep 41, input to next step: ---------------------------------GGGGGGGGGGGGGGG-------------------------------
[2026-04-24 10:49:41,052][rfdiffusion.inference.utils][INFO] - Sampled motif RMSD: 0.22
[2026-04-24 10:49:41,562][rfdiffusion.inference.model_runners][INFO] - Timestep 40, input to next step: ---------------------------------GGGGGGGGGGGGGGG-------------------------------
[2026-04-24 10:49:45,186][rfdiffusion.inference.utils][INFO] - Sampled motif RMSD: 0.23
[2026-04-24 10:49:45,486][rfdiffusion.inference.model_runners][INFO] - Timestep 39, input to next step: ---------------------------------GGGGGGGGGGGGGGG-------------------------------
[2026-04-24 10:49:50,990][rfdiffusion.inference.utils][INFO] - Sampled motif RMSD: 0.22
[2026-04-24 10:49:51,313][rfdiffusion.inference.model_runners][INFO] - Timestep 38, input to next step: ---------------------------------GGGGGGGGGGGGGGG-------------------------------
[2026-04-24 10:49:55,638][rfdiffusion.inference.utils][INFO] - Sampled motif RMSD: 0.21
[2026-04-24 10:49:55,973][rfdiffusion.inference.model_runners][INFO] - Timestep 37, input to next step: ---------------------------------GGGGGGGGGGGGGGG-------------------------------
[2026-04-24 10:50:02,849][rfdiffusion.inference.utils][INFO] - Sampled motif RMSD: 0.24
[2026-04-24 10:50:03,278][rfdiffusion.inference.model_runners][INFO] - Timestep 36, input to next step: ---------------------------------GGGGGGGGGGGGGGG-------------------------------
[2026-04-24 10:50:08,577][rfdiffusion.inference.utils][INFO] - Sampled motif RMSD: 0.29
[2026-04-24 10:50:09,042][rfdiffusion.inference.model_runners][INFO] - Timestep 35, input to next step: ---------------------------------GGGGGGGGGGGGGGG-------------------------------
[2026-04-24 10:50:13,910][rfdiffusion.inference.utils][INFO] - Sampled motif RMSD: 0.25
[2026-04-24 10:50:14,415][rfdiffusion.inference.model_runners][INFO] - Timestep 34, input to next step: ---------------------------------GGGGGGGGGGGGGGG-------------------------------
[2026-04-24 10:50:20,092][rfdiffusion.inference.utils][INFO] - Sampled motif RMSD: 0.28
[2026-04-24 10:50:20,403][rfdiffusion.inference.model_runners][INFO] - Timestep 33, input to next step: ---------------------------------GGGGGGGGGGGGGGG-------------------------------
[2026-04-24 10:50:28,372][rfdiffusion.inference.utils][INFO] - Sampled motif RMSD: 0.30
[2026-04-24 10:50:28,875][rfdiffusion.inference.model_runners][INFO] - Timestep 32, input to next step: ---------------------------------GGGGGGGGGGGGGGG-------------------------------
[2026-04-24 10:50:35,826][rfdiffusion.inference.utils][INFO] - Sampled motif RMSD: 0.32
[2026-04-24 10:50:36,382][rfdiffusion.inference.model_runners][INFO] - Timestep 31, input to next step: ---------------------------------GGGGGGGGGGGGGGG-------------------------------
[2026-04-24 10:50:44,251][rfdiffusion.inference.utils][INFO] - Sampled motif RMSD: 0.34
[2026-04-24 10:50:44,994][rfdiffusion.inference.model_runners][INFO] - Timestep 30, input to next step: ---------------------------------GGGGGGGGGGGGGGG-------------------------------
[2026-04-24 10:50:52,854][rfdiffusion.inference.utils][INFO] - Sampled motif RMSD: 0.33
[2026-04-24 10:50:53,363][rfdiffusion.inference.model_runners][INFO] - Timestep 29, input to next step: ---------------------------------GGGGGGGGGGGGGGG-------------------------------
[2026-04-24 10:51:00,640][rfdiffusion.inference.utils][INFO] - Sampled motif RMSD: 0.35
[2026-04-24 10:51:01,067][rfdiffusion.inference.model_runners][INFO] - Timestep 28, input to next step: ---------------------------------GGGGGGGGGGGGGGG-------------------------------
[2026-04-24 10:51:07,370][rfdiffusion.inference.utils][INFO] - Sampled motif RMSD: 0.36
[2026-04-24 10:51:07,729][rfdiffusion.inference.model_runners][INFO] - Timestep 27, input to next step: ---------------------------------GGGGGGGGGGGGGGG-------------------------------
[2026-04-24 10:51:13,900][rfdiffusion.inference.utils][INFO] - Sampled motif RMSD: 0.37
[2026-04-24 10:51:14,515][rfdiffusion.inference.model_runners][INFO] - Timestep 26, input to next step: ---------------------------------GGGGGGGGGGGGGGG-------------------------------
[2026-04-24 10:51:22,960][rfdiffusion.inference.utils][INFO] - Sampled motif RMSD: 0.36
[2026-04-24 10:51:23,548][rfdiffusion.inference.model_runners][INFO] - Timestep 25, input to next step: ---------------------------------GGGGGGGGGGGGGGG-------------------------------
[2026-04-24 10:51:33,063][rfdiffusion.inference.utils][INFO] - Sampled motif RMSD: 0.35
[2026-04-24 10:51:33,658][rfdiffusion.inference.model_runners][INFO] - Timestep 24, input to next step: ---------------------------------GGGGGGGGGGGGGGG-------------------------------
[2026-04-24 10:51:40,360][rfdiffusion.inference.utils][INFO] - Sampled motif RMSD: 0.33
[2026-04-24 10:51:40,708][rfdiffusion.inference.model_runners][INFO] - Timestep 23, input to next step: ---------------------------------GGGGGGGGGGGGGGG-------------------------------
[2026-04-24 10:51:48,627][rfdiffusion.inference.utils][INFO] - Sampled motif RMSD: 0.31
[2026-04-24 10:51:49,206][rfdiffusion.inference.model_runners][INFO] - Timestep 22, input to next step: ---------------------------------GGGGGGGGGGGGGGG-------------------------------
[2026-04-24 10:51:55,606][rfdiffusion.inference.utils][INFO] - Sampled motif RMSD: 0.29
[2026-04-24 10:51:56,136][rfdiffusion.inference.model_runners][INFO] - Timestep 21, input to next step: ---------------------------------GGGGGGGGGGGGGGG-------------------------------
[2026-04-24 10:52:03,226][rfdiffusion.inference.utils][INFO] - Sampled motif RMSD: 0.30
[2026-04-24 10:52:03,488][rfdiffusion.inference.model_runners][INFO] - Timestep 20, input to next step: ---------------------------------GGGGGGGGGGGGGGG-------------------------------
[2026-04-24 10:52:10,794][rfdiffusion.inference.utils][INFO] - Sampled motif RMSD: 0.30
[2026-04-24 10:52:11,522][rfdiffusion.inference.model_runners][INFO] - Timestep 19, input to next step: ---------------------------------GGGGGGGGGGGGGGG-------------------------------
[2026-04-24 10:52:17,587][rfdiffusion.inference.utils][INFO] - Sampled motif RMSD: 0.30
[2026-04-24 10:52:18,006][rfdiffusion.inference.model_runners][INFO] - Timestep 18, input to next step: ---------------------------------GGGGGGGGGGGGGGG-------------------------------
[2026-04-24 10:52:25,300][rfdiffusion.inference.utils][INFO] - Sampled motif RMSD: 0.29
[2026-04-24 10:52:25,923][rfdiffusion.inference.model_runners][INFO] - Timestep 17, input to next step: ---------------------------------GGGGGGGGGGGGGGG-------------------------------
[2026-04-24 10:52:34,483][rfdiffusion.inference.utils][INFO] - Sampled motif RMSD: 0.26
[2026-04-24 10:52:35,178][rfdiffusion.inference.model_runners][INFO] - Timestep 16, input to next step: ---------------------------------GGGGGGGGGGGGGGG-------------------------------
[2026-04-24 10:52:43,323][rfdiffusion.inference.utils][INFO] - Sampled motif RMSD: 0.27
[2026-04-24 10:52:44,108][rfdiffusion.inference.model_runners][INFO] - Timestep 15, input to next step: ---------------------------------GGGGGGGGGGGGGGG-------------------------------
[2026-04-24 10:52:51,322][rfdiffusion.inference.utils][INFO] - Sampled motif RMSD: 0.27
[2026-04-24 10:52:52,073][rfdiffusion.inference.model_runners][INFO] - Timestep 14, input to next step: ---------------------------------GGGGGGGGGGGGGGG-------------------------------
[2026-04-24 10:52:59,674][rfdiffusion.inference.utils][INFO] - Sampled motif RMSD: 0.27
[2026-04-24 10:53:00,333][rfdiffusion.inference.model_runners][INFO] - Timestep 13, input to next step: ---------------------------------GGGGGGGGGGGGGGG-------------------------------
[2026-04-24 10:53:07,520][rfdiffusion.inference.utils][INFO] - Sampled motif RMSD: 0.26
[2026-04-24 10:53:07,841][rfdiffusion.inference.model_runners][INFO] - Timestep 12, input to next step: ---------------------------------GGGGGGGGGGGGGGG-------------------------------
[2026-04-24 10:53:14,066][rfdiffusion.inference.utils][INFO] - Sampled motif RMSD: 0.25
[2026-04-24 10:53:14,443][rfdiffusion.inference.model_runners][INFO] - Timestep 11, input to next step: ---------------------------------GGGGGGGGGGGGGGG-------------------------------
[2026-04-24 10:53:20,643][rfdiffusion.inference.utils][INFO] - Sampled motif RMSD: 0.25
[2026-04-24 10:53:21,055][rfdiffusion.inference.model_runners][INFO] - Timestep 10, input to next step: ---------------------------------GGGGGGGGGGGGGGG-------------------------------
[2026-04-24 10:53:25,272][rfdiffusion.inference.utils][INFO] - Sampled motif RMSD: 0.25
[2026-04-24 10:53:25,847][rfdiffusion.inference.model_runners][INFO] - Timestep 9, input to next step: ---------------------------------GGGGGGGGGGGGGGG-------------------------------
[2026-04-24 10:53:29,819][rfdiffusion.inference.utils][INFO] - Sampled motif RMSD: 0.24
[2026-04-24 10:53:30,216][rfdiffusion.inference.model_runners][INFO] - Timestep 8, input to next step: ---------------------------------GGGGGGGGGGGGGGG-------------------------------
[2026-04-24 10:53:34,352][rfdiffusion.inference.utils][INFO] - Sampled motif RMSD: 0.24
[2026-04-24 10:53:34,859][rfdiffusion.inference.model_runners][INFO] - Timestep 7, input to next step: ---------------------------------GGGGGGGGGGGGGGG-------------------------------
[2026-04-24 10:53:40,496][rfdiffusion.inference.utils][INFO] - Sampled motif RMSD: 0.23
[2026-04-24 10:53:41,083][rfdiffusion.inference.model_runners][INFO] - Timestep 6, input to next step: ---------------------------------GGGGGGGGGGGGGGG-------------------------------
[2026-04-24 10:53:45,925][rfdiffusion.inference.utils][INFO] - Sampled motif RMSD: 0.22
[2026-04-24 10:53:46,334][rfdiffusion.inference.model_runners][INFO] - Timestep 5, input to next step: ---------------------------------GGGGGGGGGGGGGGG-------------------------------
[2026-04-24 10:53:50,476][rfdiffusion.inference.utils][INFO] - Sampled motif RMSD: 0.22
[2026-04-24 10:53:50,909][rfdiffusion.inference.model_runners][INFO] - Timestep 4, input to next step: ---------------------------------GGGGGGGGGGGGGGG-------------------------------
[2026-04-24 10:53:56,959][rfdiffusion.inference.utils][INFO] - Sampled motif RMSD: 0.21
[2026-04-24 10:53:57,423][rfdiffusion.inference.model_runners][INFO] - Timestep 3, input to next step: ---------------------------------GGGGGGGGGGGGGGG-------------------------------
[2026-04-24 10:54:02,601][rfdiffusion.inference.utils][INFO] - Sampled motif RMSD: 0.22
[2026-04-24 10:54:03,174][rfdiffusion.inference.model_runners][INFO] - Timestep 2, input to next step: ---------------------------------GGGGGGGGGGGGGGG-------------------------------
[2026-04-24 10:54:06,881][__main__][INFO] - Finished design in 5.89 minutes
