[2026-04-24 10:55:45,741][__main__][INFO] - Found GPU with device_name NVIDIA A100-SXM4-80GB. Will run RFdiffusion on NVIDIA A100-SXM4-80GB
Reading models from /lambda/nfs/manvi/Team_8_CS598GBL/RFdiffusion/rfdiffusion/inference/../../models
[2026-04-24 10:55:45,752][rfdiffusion.inference.model_runners][INFO] - Reading checkpoint from /lambda/nfs/manvi/Team_8_CS598GBL/RFdiffusion/rfdiffusion/inference/../../models/Base_ckpt.pt
This is inf_conf.ckpt_path
/lambda/nfs/manvi/Team_8_CS598GBL/RFdiffusion/rfdiffusion/inference/../../models/Base_ckpt.pt
Assembling -model, -diffuser and -preprocess configs from checkpoint
USING MODEL CONFIG: self._conf[model][n_extra_block] = 4
USING MODEL CONFIG: self._conf[model][n_main_block] = 32
USING MODEL CONFIG: self._conf[model][n_ref_block] = 4
USING MODEL CONFIG: self._conf[model][d_msa] = 256
USING MODEL CONFIG: self._conf[model][d_msa_full] = 64
USING MODEL CONFIG: self._conf[model][d_pair] = 128
USING MODEL CONFIG: self._conf[model][d_templ] = 64
USING MODEL CONFIG: self._conf[model][n_head_msa] = 8
USING MODEL CONFIG: self._conf[model][n_head_pair] = 4
USING MODEL CONFIG: self._conf[model][n_head_templ] = 4
USING MODEL CONFIG: self._conf[model][d_hidden] = 32
USING MODEL CONFIG: self._conf[model][d_hidden_templ] = 32
USING MODEL CONFIG: self._conf[model][p_drop] = 0.15
USING MODEL CONFIG: self._conf[model][SE3_param_full] = {'num_layers': 1, 'num_channels': 32, 'num_degrees': 2, 'n_heads': 4, 'div': 4, 'l0_in_features': 8, 'l0_out_features': 8, 'l1_in_features': 3, 'l1_out_features': 2, 'num_edge_features': 32}
USING MODEL CONFIG: self._conf[model][SE3_param_topk] = {'num_layers': 1, 'num_channels': 32, 'num_degrees': 2, 'n_heads': 4, 'div': 4, 'l0_in_features': 64, 'l0_out_features': 64, 'l1_in_features': 3, 'l1_out_features': 2, 'num_edge_features': 64}
USING MODEL CONFIG: self._conf[model][freeze_track_motif] = False
USING MODEL CONFIG: self._conf[model][use_motif_timestep] = True
USING MODEL CONFIG: self._conf[diffuser][T] = 50
USING MODEL CONFIG: self._conf[diffuser][b_0] = 0.01
USING MODEL CONFIG: self._conf[diffuser][b_T] = 0.07
USING MODEL CONFIG: self._conf[diffuser][schedule_type] = linear
USING MODEL CONFIG: self._conf[diffuser][so3_type] = igso3
USING MODEL CONFIG: self._conf[diffuser][crd_scale] = 0.25
USING MODEL CONFIG: self._conf[diffuser][so3_schedule_type] = linear
USING MODEL CONFIG: self._conf[diffuser][min_b] = 1.5
USING MODEL CONFIG: self._conf[diffuser][max_b] = 2.5
USING MODEL CONFIG: self._conf[diffuser][min_sigma] = 0.02
USING MODEL CONFIG: self._conf[diffuser][max_sigma] = 1.5
USING MODEL CONFIG: self._conf[preprocess][sidechain_input] = False
USING MODEL CONFIG: self._conf[preprocess][motif_sidechain_input] = True
USING MODEL CONFIG: self._conf[preprocess][d_t1d] = 22
USING MODEL CONFIG: self._conf[preprocess][d_t2d] = 44
USING MODEL CONFIG: self._conf[preprocess][prob_self_cond] = 0.5
USING MODEL CONFIG: self._conf[preprocess][str_self_cond] = True
USING MODEL CONFIG: self._conf[preprocess][predict_previous] = False
[2026-04-24 10:56:45,283][rfdiffusion.inference.model_runners][INFO] - Loading checkpoint.
[2026-04-24 10:57:07,537][rfdiffusion.diffusion][INFO] - Using cached IGSO3.
Successful diffuser __init__
[2026-04-24 10:57:07,575][__main__][INFO] - Making design /lambda/nfs/manvi/Team_8_CS598GBL/outputs/custom90_128_motif_scaffolding/low_noise/len_128/balanced/scaffold_0
[2026-04-24 10:57:07,589][rfdiffusion.inference.model_runners][INFO] - Using contig: ['25-42/A28-57/25-42']
With this beta schedule (linear schedule, beta_0 = 0.04, beta_T = 0.28), alpha_bar_T = 0.00013696048699785024
[2026-04-24 10:57:08,187][rfdiffusion.inference.model_runners][INFO] - Sequence init: ---------------------------------------GGGGGGGGGGGGGGGGGGGGGGGGGGGGGG------------------------------
[2026-04-24 10:57:21,959][rfdiffusion.inference.utils][INFO] - Sampled motif RMSD: 0.20
[2026-04-24 10:57:22,127][rfdiffusion.inference.model_runners][INFO] - Timestep 50, input to next step: ---------------------------------------GGGGGGGGGGGGGGGGGGGGGGGGGGGGGG------------------------------
[2026-04-24 10:57:31,174][rfdiffusion.inference.utils][INFO] - Sampled motif RMSD: 0.14
[2026-04-24 10:57:31,504][rfdiffusion.inference.model_runners][INFO] - Timestep 49, input to next step: ---------------------------------------GGGGGGGGGGGGGGGGGGGGGGGGGGGGGG------------------------------
[2026-04-24 10:57:38,258][rfdiffusion.inference.utils][INFO] - Sampled motif RMSD: 0.14
[2026-04-24 10:57:38,602][rfdiffusion.inference.model_runners][INFO] - Timestep 48, input to next step: ---------------------------------------GGGGGGGGGGGGGGGGGGGGGGGGGGGGGG------------------------------
[2026-04-24 10:57:48,884][rfdiffusion.inference.utils][INFO] - Sampled motif RMSD: 0.12
[2026-04-24 10:57:49,138][rfdiffusion.inference.model_runners][INFO] - Timestep 47, input to next step: ---------------------------------------GGGGGGGGGGGGGGGGGGGGGGGGGGGGGG------------------------------
[2026-04-24 10:57:57,427][rfdiffusion.inference.utils][INFO] - Sampled motif RMSD: 0.13
[2026-04-24 10:57:57,829][rfdiffusion.inference.model_runners][INFO] - Timestep 46, input to next step: ---------------------------------------GGGGGGGGGGGGGGGGGGGGGGGGGGGGGG------------------------------
[2026-04-24 10:58:05,784][rfdiffusion.inference.utils][INFO] - Sampled motif RMSD: 0.13
[2026-04-24 10:58:06,188][rfdiffusion.inference.model_runners][INFO] - Timestep 45, input to next step: ---------------------------------------GGGGGGGGGGGGGGGGGGGGGGGGGGGGGG------------------------------
[2026-04-24 10:58:10,874][rfdiffusion.inference.utils][INFO] - Sampled motif RMSD: 0.13
[2026-04-24 10:58:11,365][rfdiffusion.inference.model_runners][INFO] - Timestep 44, input to next step: ---------------------------------------GGGGGGGGGGGGGGGGGGGGGGGGGGGGGG------------------------------
[2026-04-24 10:58:16,285][rfdiffusion.inference.utils][INFO] - Sampled motif RMSD: 0.13
[2026-04-24 10:58:16,807][rfdiffusion.inference.model_runners][INFO] - Timestep 43, input to next step: ---------------------------------------GGGGGGGGGGGGGGGGGGGGGGGGGGGGGG------------------------------
[2026-04-24 10:58:21,538][rfdiffusion.inference.utils][INFO] - Sampled motif RMSD: 0.13
[2026-04-24 10:58:22,027][rfdiffusion.inference.model_runners][INFO] - Timestep 42, input to next step: ---------------------------------------GGGGGGGGGGGGGGGGGGGGGGGGGGGGGG------------------------------
[2026-04-24 10:58:28,465][rfdiffusion.inference.utils][INFO] - Sampled motif RMSD: 0.13
[2026-04-24 10:58:28,965][rfdiffusion.inference.model_runners][INFO] - Timestep 41, input to next step: ---------------------------------------GGGGGGGGGGGGGGGGGGGGGGGGGGGGGG------------------------------
[2026-04-24 10:58:31,482][rfdiffusion.inference.utils][INFO] - Sampled motif RMSD: 0.13
[2026-04-24 10:58:31,696][rfdiffusion.inference.model_runners][INFO] - Timestep 40, input to next step: ---------------------------------------GGGGGGGGGGGGGGGGGGGGGGGGGGGGGG------------------------------
[2026-04-24 10:58:36,815][rfdiffusion.inference.utils][INFO] - Sampled motif RMSD: 0.13
[2026-04-24 10:58:37,176][rfdiffusion.inference.model_runners][INFO] - Timestep 39, input to next step: ---------------------------------------GGGGGGGGGGGGGGGGGGGGGGGGGGGGGG------------------------------
[2026-04-24 10:58:42,695][rfdiffusion.inference.utils][INFO] - Sampled motif RMSD: 0.13
[2026-04-24 10:58:43,011][rfdiffusion.inference.model_runners][INFO] - Timestep 38, input to next step: ---------------------------------------GGGGGGGGGGGGGGGGGGGGGGGGGGGGGG------------------------------
[2026-04-24 10:58:48,037][rfdiffusion.inference.utils][INFO] - Sampled motif RMSD: 0.13
[2026-04-24 10:58:48,520][rfdiffusion.inference.model_runners][INFO] - Timestep 37, input to next step: ---------------------------------------GGGGGGGGGGGGGGGGGGGGGGGGGGGGGG------------------------------
[2026-04-24 10:58:53,065][rfdiffusion.inference.utils][INFO] - Sampled motif RMSD: 0.13
[2026-04-24 10:58:53,449][rfdiffusion.inference.model_runners][INFO] - Timestep 36, input to next step: ---------------------------------------GGGGGGGGGGGGGGGGGGGGGGGGGGGGGG------------------------------
[2026-04-24 10:58:57,984][rfdiffusion.inference.utils][INFO] - Sampled motif RMSD: 0.13
[2026-04-24 10:58:58,441][rfdiffusion.inference.model_runners][INFO] - Timestep 35, input to next step: ---------------------------------------GGGGGGGGGGGGGGGGGGGGGGGGGGGGGG------------------------------
[2026-04-24 10:59:03,327][rfdiffusion.inference.utils][INFO] - Sampled motif RMSD: 0.12
[2026-04-24 10:59:03,548][rfdiffusion.inference.model_runners][INFO] - Timestep 34, input to next step: ---------------------------------------GGGGGGGGGGGGGGGGGGGGGGGGGGGGGG------------------------------
[2026-04-24 10:59:08,735][rfdiffusion.inference.utils][INFO] - Sampled motif RMSD: 0.12
[2026-04-24 10:59:09,080][rfdiffusion.inference.model_runners][INFO] - Timestep 33, input to next step: ---------------------------------------GGGGGGGGGGGGGGGGGGGGGGGGGGGGGG------------------------------
[2026-04-24 10:59:14,672][rfdiffusion.inference.utils][INFO] - Sampled motif RMSD: 0.12
[2026-04-24 10:59:14,884][rfdiffusion.inference.model_runners][INFO] - Timestep 32, input to next step: ---------------------------------------GGGGGGGGGGGGGGGGGGGGGGGGGGGGGG------------------------------
[2026-04-24 10:59:19,901][rfdiffusion.inference.utils][INFO] - Sampled motif RMSD: 0.12
[2026-04-24 10:59:20,073][rfdiffusion.inference.model_runners][INFO] - Timestep 31, input to next step: ---------------------------------------GGGGGGGGGGGGGGGGGGGGGGGGGGGGGG------------------------------
[2026-04-24 10:59:25,762][rfdiffusion.inference.utils][INFO] - Sampled motif RMSD: 0.12
[2026-04-24 10:59:26,113][rfdiffusion.inference.model_runners][INFO] - Timestep 30, input to next step: ---------------------------------------GGGGGGGGGGGGGGGGGGGGGGGGGGGGGG------------------------------
[2026-04-24 10:59:30,565][rfdiffusion.inference.utils][INFO] - Sampled motif RMSD: 0.11
[2026-04-24 10:59:30,930][rfdiffusion.inference.model_runners][INFO] - Timestep 29, input to next step: ---------------------------------------GGGGGGGGGGGGGGGGGGGGGGGGGGGGGG------------------------------
[2026-04-24 10:59:34,915][rfdiffusion.inference.utils][INFO] - Sampled motif RMSD: 0.11
[2026-04-24 10:59:35,379][rfdiffusion.inference.model_runners][INFO] - Timestep 28, input to next step: ---------------------------------------GGGGGGGGGGGGGGGGGGGGGGGGGGGGGG------------------------------
[2026-04-24 10:59:39,398][rfdiffusion.inference.utils][INFO] - Sampled motif RMSD: 0.11
[2026-04-24 10:59:39,640][rfdiffusion.inference.model_runners][INFO] - Timestep 27, input to next step: ---------------------------------------GGGGGGGGGGGGGGGGGGGGGGGGGGGGGG------------------------------
[2026-04-24 10:59:43,921][rfdiffusion.inference.utils][INFO] - Sampled motif RMSD: 0.11
[2026-04-24 10:59:44,257][rfdiffusion.inference.model_runners][INFO] - Timestep 26, input to next step: ---------------------------------------GGGGGGGGGGGGGGGGGGGGGGGGGGGGGG------------------------------
[2026-04-24 10:59:48,908][rfdiffusion.inference.utils][INFO] - Sampled motif RMSD: 0.11
[2026-04-24 10:59:49,187][rfdiffusion.inference.model_runners][INFO] - Timestep 25, input to next step: ---------------------------------------GGGGGGGGGGGGGGGGGGGGGGGGGGGGGG------------------------------
[2026-04-24 10:59:53,840][rfdiffusion.inference.utils][INFO] - Sampled motif RMSD: 0.11
[2026-04-24 10:59:54,127][rfdiffusion.inference.model_runners][INFO] - Timestep 24, input to next step: ---------------------------------------GGGGGGGGGGGGGGGGGGGGGGGGGGGGGG------------------------------
[2026-04-24 10:59:57,974][rfdiffusion.inference.utils][INFO] - Sampled motif RMSD: 0.12
[2026-04-24 10:59:58,424][rfdiffusion.inference.model_runners][INFO] - Timestep 23, input to next step: ---------------------------------------GGGGGGGGGGGGGGGGGGGGGGGGGGGGGG------------------------------
[2026-04-24 11:00:02,290][rfdiffusion.inference.utils][INFO] - Sampled motif RMSD: 0.11
[2026-04-24 11:00:02,646][rfdiffusion.inference.model_runners][INFO] - Timestep 22, input to next step: ---------------------------------------GGGGGGGGGGGGGGGGGGGGGGGGGGGGGG------------------------------
[2026-04-24 11:00:06,044][rfdiffusion.inference.utils][INFO] - Sampled motif RMSD: 0.11
[2026-04-24 11:00:06,365][rfdiffusion.inference.model_runners][INFO] - Timestep 21, input to next step: ---------------------------------------GGGGGGGGGGGGGGGGGGGGGGGGGGGGGG------------------------------
[2026-04-24 11:00:09,814][rfdiffusion.inference.utils][INFO] - Sampled motif RMSD: 0.12
[2026-04-24 11:00:10,128][rfdiffusion.inference.model_runners][INFO] - Timestep 20, input to next step: ---------------------------------------GGGGGGGGGGGGGGGGGGGGGGGGGGGGGG------------------------------
[2026-04-24 11:00:13,026][rfdiffusion.inference.utils][INFO] - Sampled motif RMSD: 0.11
[2026-04-24 11:00:13,271][rfdiffusion.inference.model_runners][INFO] - Timestep 19, input to next step: ---------------------------------------GGGGGGGGGGGGGGGGGGGGGGGGGGGGGG------------------------------
[2026-04-24 11:00:17,062][rfdiffusion.inference.utils][INFO] - Sampled motif RMSD: 0.11
[2026-04-24 11:00:17,315][rfdiffusion.inference.model_runners][INFO] - Timestep 18, input to next step: ---------------------------------------GGGGGGGGGGGGGGGGGGGGGGGGGGGGGG------------------------------
[2026-04-24 11:00:20,243][rfdiffusion.inference.utils][INFO] - Sampled motif RMSD: 0.12
[2026-04-24 11:00:20,392][rfdiffusion.inference.model_runners][INFO] - Timestep 17, input to next step: ---------------------------------------GGGGGGGGGGGGGGGGGGGGGGGGGGGGGG------------------------------
[2026-04-24 11:00:22,252][rfdiffusion.inference.utils][INFO] - Sampled motif RMSD: 0.12
[2026-04-24 11:00:22,352][rfdiffusion.inference.model_runners][INFO] - Timestep 16, input to next step: ---------------------------------------GGGGGGGGGGGGGGGGGGGGGGGGGGGGGG------------------------------
[2026-04-24 11:00:25,101][rfdiffusion.inference.utils][INFO] - Sampled motif RMSD: 0.12
[2026-04-24 11:00:25,287][rfdiffusion.inference.model_runners][INFO] - Timestep 15, input to next step: ---------------------------------------GGGGGGGGGGGGGGGGGGGGGGGGGGGGGG------------------------------
[2026-04-24 11:00:27,865][rfdiffusion.inference.utils][INFO] - Sampled motif RMSD: 0.12
[2026-04-24 11:00:27,973][rfdiffusion.inference.model_runners][INFO] - Timestep 14, input to next step: ---------------------------------------GGGGGGGGGGGGGGGGGGGGGGGGGGGGGG------------------------------
[2026-04-24 11:00:30,155][rfdiffusion.inference.utils][INFO] - Sampled motif RMSD: 0.12
[2026-04-24 11:00:30,291][rfdiffusion.inference.model_runners][INFO] - Timestep 13, input to next step: ---------------------------------------GGGGGGGGGGGGGGGGGGGGGGGGGGGGGG------------------------------
[2026-04-24 11:00:32,891][rfdiffusion.inference.utils][INFO] - Sampled motif RMSD: 0.12
[2026-04-24 11:00:33,024][rfdiffusion.inference.model_runners][INFO] - Timestep 12, input to next step: ---------------------------------------GGGGGGGGGGGGGGGGGGGGGGGGGGGGGG------------------------------
[2026-04-24 11:00:35,583][rfdiffusion.inference.utils][INFO] - Sampled motif RMSD: 0.11
[2026-04-24 11:00:35,815][rfdiffusion.inference.model_runners][INFO] - Timestep 11, input to next step: ---------------------------------------GGGGGGGGGGGGGGGGGGGGGGGGGGGGGG------------------------------
[2026-04-24 11:00:37,718][rfdiffusion.inference.utils][INFO] - Sampled motif RMSD: 0.12
[2026-04-24 11:00:38,046][rfdiffusion.inference.model_runners][INFO] - Timestep 10, input to next step: ---------------------------------------GGGGGGGGGGGGGGGGGGGGGGGGGGGGGG------------------------------
[2026-04-24 11:00:39,781][rfdiffusion.inference.utils][INFO] - Sampled motif RMSD: 0.12
[2026-04-24 11:00:39,959][rfdiffusion.inference.model_runners][INFO] - Timestep 9, input to next step: ---------------------------------------GGGGGGGGGGGGGGGGGGGGGGGGGGGGGG------------------------------
[2026-04-24 11:00:42,561][rfdiffusion.inference.utils][INFO] - Sampled motif RMSD: 0.13
[2026-04-24 11:00:42,816][rfdiffusion.inference.model_runners][INFO] - Timestep 8, input to next step: ---------------------------------------GGGGGGGGGGGGGGGGGGGGGGGGGGGGGG------------------------------
[2026-04-24 11:00:44,751][rfdiffusion.inference.utils][INFO] - Sampled motif RMSD: 0.13
[2026-04-24 11:00:44,827][rfdiffusion.inference.model_runners][INFO] - Timestep 7, input to next step: ---------------------------------------GGGGGGGGGGGGGGGGGGGGGGGGGGGGGG------------------------------
[2026-04-24 11:00:47,335][rfdiffusion.inference.utils][INFO] - Sampled motif RMSD: 0.13
[2026-04-24 11:00:47,401][rfdiffusion.inference.model_runners][INFO] - Timestep 6, input to next step: ---------------------------------------GGGGGGGGGGGGGGGGGGGGGGGGGGGGGG------------------------------
[2026-04-24 11:00:49,843][rfdiffusion.inference.utils][INFO] - Sampled motif RMSD: 0.13
[2026-04-24 11:00:50,114][rfdiffusion.inference.model_runners][INFO] - Timestep 5, input to next step: ---------------------------------------GGGGGGGGGGGGGGGGGGGGGGGGGGGGGG------------------------------
[2026-04-24 11:00:51,882][rfdiffusion.inference.utils][INFO] - Sampled motif RMSD: 0.13
[2026-04-24 11:00:52,152][rfdiffusion.inference.model_runners][INFO] - Timestep 4, input to next step: ---------------------------------------GGGGGGGGGGGGGGGGGGGGGGGGGGGGGG------------------------------
[2026-04-24 11:00:53,900][rfdiffusion.inference.utils][INFO] - Sampled motif RMSD: 0.12
[2026-04-24 11:00:54,060][rfdiffusion.inference.model_runners][INFO] - Timestep 3, input to next step: ---------------------------------------GGGGGGGGGGGGGGGGGGGGGGGGGGGGGG------------------------------
[2026-04-24 11:00:55,702][rfdiffusion.inference.utils][INFO] - Sampled motif RMSD: 0.13
[2026-04-24 11:00:55,850][rfdiffusion.inference.model_runners][INFO] - Timestep 2, input to next step: ---------------------------------------GGGGGGGGGGGGGGGGGGGGGGGGGGGGGG------------------------------
[2026-04-24 11:00:58,710][__main__][INFO] - Finished design in 3.85 minutes
