[2026-04-24 10:47:05,783][__main__][INFO] - Found GPU with device_name NVIDIA A100-SXM4-80GB. Will run RFdiffusion on NVIDIA A100-SXM4-80GB
Reading models from /lambda/nfs/manvi/Team_8_CS598GBL/RFdiffusion/rfdiffusion/inference/../../models
[2026-04-24 10:47:05,785][rfdiffusion.inference.model_runners][INFO] - Reading checkpoint from /lambda/nfs/manvi/Team_8_CS598GBL/RFdiffusion/rfdiffusion/inference/../../models/Base_ckpt.pt
This is inf_conf.ckpt_path
/lambda/nfs/manvi/Team_8_CS598GBL/RFdiffusion/rfdiffusion/inference/../../models/Base_ckpt.pt
Assembling -model, -diffuser and -preprocess configs from checkpoint
USING MODEL CONFIG: self._conf[model][n_extra_block] = 4
USING MODEL CONFIG: self._conf[model][n_main_block] = 32
USING MODEL CONFIG: self._conf[model][n_ref_block] = 4
USING MODEL CONFIG: self._conf[model][d_msa] = 256
USING MODEL CONFIG: self._conf[model][d_msa_full] = 64
USING MODEL CONFIG: self._conf[model][d_pair] = 128
USING MODEL CONFIG: self._conf[model][d_templ] = 64
USING MODEL CONFIG: self._conf[model][n_head_msa] = 8
USING MODEL CONFIG: self._conf[model][n_head_pair] = 4
USING MODEL CONFIG: self._conf[model][n_head_templ] = 4
USING MODEL CONFIG: self._conf[model][d_hidden] = 32
USING MODEL CONFIG: self._conf[model][d_hidden_templ] = 32
USING MODEL CONFIG: self._conf[model][p_drop] = 0.15
USING MODEL CONFIG: self._conf[model][SE3_param_full] = {'num_layers': 1, 'num_channels': 32, 'num_degrees': 2, 'n_heads': 4, 'div': 4, 'l0_in_features': 8, 'l0_out_features': 8, 'l1_in_features': 3, 'l1_out_features': 2, 'num_edge_features': 32}
USING MODEL CONFIG: self._conf[model][SE3_param_topk] = {'num_layers': 1, 'num_channels': 32, 'num_degrees': 2, 'n_heads': 4, 'div': 4, 'l0_in_features': 64, 'l0_out_features': 64, 'l1_in_features': 3, 'l1_out_features': 2, 'num_edge_features': 64}
USING MODEL CONFIG: self._conf[model][freeze_track_motif] = False
USING MODEL CONFIG: self._conf[model][use_motif_timestep] = True
USING MODEL CONFIG: self._conf[diffuser][T] = 50
USING MODEL CONFIG: self._conf[diffuser][b_0] = 0.01
USING MODEL CONFIG: self._conf[diffuser][b_T] = 0.07
USING MODEL CONFIG: self._conf[diffuser][schedule_type] = linear
USING MODEL CONFIG: self._conf[diffuser][so3_type] = igso3
USING MODEL CONFIG: self._conf[diffuser][crd_scale] = 0.25
USING MODEL CONFIG: self._conf[diffuser][so3_schedule_type] = linear
USING MODEL CONFIG: self._conf[diffuser][min_b] = 1.5
USING MODEL CONFIG: self._conf[diffuser][max_b] = 2.5
USING MODEL CONFIG: self._conf[diffuser][min_sigma] = 0.02
USING MODEL CONFIG: self._conf[diffuser][max_sigma] = 1.5
USING MODEL CONFIG: self._conf[preprocess][sidechain_input] = False
USING MODEL CONFIG: self._conf[preprocess][motif_sidechain_input] = True
USING MODEL CONFIG: self._conf[preprocess][d_t1d] = 22
USING MODEL CONFIG: self._conf[preprocess][d_t2d] = 44
USING MODEL CONFIG: self._conf[preprocess][prob_self_cond] = 0.5
USING MODEL CONFIG: self._conf[preprocess][str_self_cond] = True
USING MODEL CONFIG: self._conf[preprocess][predict_previous] = False
[2026-04-24 10:48:06,296][rfdiffusion.inference.model_runners][INFO] - Loading checkpoint.
[2026-04-24 10:48:16,948][rfdiffusion.diffusion][INFO] - Using cached IGSO3.
Successful diffuser __init__
[2026-04-24 10:48:17,014][__main__][INFO] - Making design /lambda/nfs/manvi/Team_8_CS598GBL/outputs/custom90_128_motif_scaffolding/low_noise/len_122/cterm/scaffold_0
[2026-04-24 10:48:17,035][rfdiffusion.inference.model_runners][INFO] - Using contig: ['24-40/A97-122']
With this beta schedule (linear schedule, beta_0 = 0.04, beta_T = 0.28), alpha_bar_T = 0.00013696048699785024
[2026-04-24 10:48:17,435][rfdiffusion.inference.model_runners][INFO] - Sequence init: --------------------------GGGGGGGGGGGGGGGGGGGGGGGGGG
[2026-04-24 10:48:25,054][rfdiffusion.inference.utils][INFO] - Sampled motif RMSD: 0.28
[2026-04-24 10:48:25,174][rfdiffusion.inference.model_runners][INFO] - Timestep 50, input to next step: --------------------------GGGGGGGGGGGGGGGGGGGGGGGGGG
[2026-04-24 10:48:28,319][rfdiffusion.inference.utils][INFO] - Sampled motif RMSD: 0.26
[2026-04-24 10:48:28,719][rfdiffusion.inference.model_runners][INFO] - Timestep 49, input to next step: --------------------------GGGGGGGGGGGGGGGGGGGGGGGGGG
[2026-04-24 10:48:32,116][rfdiffusion.inference.utils][INFO] - Sampled motif RMSD: 0.27
[2026-04-24 10:48:32,343][rfdiffusion.inference.model_runners][INFO] - Timestep 48, input to next step: --------------------------GGGGGGGGGGGGGGGGGGGGGGGGGG
[2026-04-24 10:48:36,135][rfdiffusion.inference.utils][INFO] - Sampled motif RMSD: 0.28
[2026-04-24 10:48:36,320][rfdiffusion.inference.model_runners][INFO] - Timestep 47, input to next step: --------------------------GGGGGGGGGGGGGGGGGGGGGGGGGG
[2026-04-24 10:48:38,509][rfdiffusion.inference.utils][INFO] - Sampled motif RMSD: 0.27
[2026-04-24 10:48:38,844][rfdiffusion.inference.model_runners][INFO] - Timestep 46, input to next step: --------------------------GGGGGGGGGGGGGGGGGGGGGGGGGG
[2026-04-24 10:48:42,160][rfdiffusion.inference.utils][INFO] - Sampled motif RMSD: 0.25
[2026-04-24 10:48:42,667][rfdiffusion.inference.model_runners][INFO] - Timestep 45, input to next step: --------------------------GGGGGGGGGGGGGGGGGGGGGGGGGG
[2026-04-24 10:48:45,950][rfdiffusion.inference.utils][INFO] - Sampled motif RMSD: 0.28
[2026-04-24 10:48:46,223][rfdiffusion.inference.model_runners][INFO] - Timestep 44, input to next step: --------------------------GGGGGGGGGGGGGGGGGGGGGGGGGG
[2026-04-24 10:48:50,823][rfdiffusion.inference.utils][INFO] - Sampled motif RMSD: 0.26
[2026-04-24 10:48:51,317][rfdiffusion.inference.model_runners][INFO] - Timestep 43, input to next step: --------------------------GGGGGGGGGGGGGGGGGGGGGGGGGG
[2026-04-24 10:48:57,706][rfdiffusion.inference.utils][INFO] - Sampled motif RMSD: 0.26
[2026-04-24 10:48:58,251][rfdiffusion.inference.model_runners][INFO] - Timestep 42, input to next step: --------------------------GGGGGGGGGGGGGGGGGGGGGGGGGG
[2026-04-24 10:49:03,127][rfdiffusion.inference.utils][INFO] - Sampled motif RMSD: 0.26
[2026-04-24 10:49:03,675][rfdiffusion.inference.model_runners][INFO] - Timestep 41, input to next step: --------------------------GGGGGGGGGGGGGGGGGGGGGGGGGG
[2026-04-24 10:49:09,548][rfdiffusion.inference.utils][INFO] - Sampled motif RMSD: 0.26
[2026-04-24 10:49:10,228][rfdiffusion.inference.model_runners][INFO] - Timestep 40, input to next step: --------------------------GGGGGGGGGGGGGGGGGGGGGGGGGG
[2026-04-24 10:49:16,834][rfdiffusion.inference.utils][INFO] - Sampled motif RMSD: 0.27
[2026-04-24 10:49:17,327][rfdiffusion.inference.model_runners][INFO] - Timestep 39, input to next step: --------------------------GGGGGGGGGGGGGGGGGGGGGGGGGG
[2026-04-24 10:49:24,043][rfdiffusion.inference.utils][INFO] - Sampled motif RMSD: 0.25
[2026-04-24 10:49:24,459][rfdiffusion.inference.model_runners][INFO] - Timestep 38, input to next step: --------------------------GGGGGGGGGGGGGGGGGGGGGGGGGG
[2026-04-24 10:49:31,437][rfdiffusion.inference.utils][INFO] - Sampled motif RMSD: 0.24
[2026-04-24 10:49:31,692][rfdiffusion.inference.model_runners][INFO] - Timestep 37, input to next step: --------------------------GGGGGGGGGGGGGGGGGGGGGGGGGG
[2026-04-24 10:49:35,637][rfdiffusion.inference.utils][INFO] - Sampled motif RMSD: 0.25
[2026-04-24 10:49:35,982][rfdiffusion.inference.model_runners][INFO] - Timestep 36, input to next step: --------------------------GGGGGGGGGGGGGGGGGGGGGGGGGG
[2026-04-24 10:49:40,555][rfdiffusion.inference.utils][INFO] - Sampled motif RMSD: 0.28
[2026-04-24 10:49:41,004][rfdiffusion.inference.model_runners][INFO] - Timestep 35, input to next step: --------------------------GGGGGGGGGGGGGGGGGGGGGGGGGG
[2026-04-24 10:49:44,433][rfdiffusion.inference.utils][INFO] - Sampled motif RMSD: 0.29
[2026-04-24 10:49:44,812][rfdiffusion.inference.model_runners][INFO] - Timestep 34, input to next step: --------------------------GGGGGGGGGGGGGGGGGGGGGGGGGG
[2026-04-24 10:49:48,982][rfdiffusion.inference.utils][INFO] - Sampled motif RMSD: 0.29
[2026-04-24 10:49:49,178][rfdiffusion.inference.model_runners][INFO] - Timestep 33, input to next step: --------------------------GGGGGGGGGGGGGGGGGGGGGGGGGG
[2026-04-24 10:49:53,704][rfdiffusion.inference.utils][INFO] - Sampled motif RMSD: 0.26
[2026-04-24 10:49:53,937][rfdiffusion.inference.model_runners][INFO] - Timestep 32, input to next step: --------------------------GGGGGGGGGGGGGGGGGGGGGGGGGG
[2026-04-24 10:49:57,450][rfdiffusion.inference.utils][INFO] - Sampled motif RMSD: 0.25
[2026-04-24 10:49:58,001][rfdiffusion.inference.model_runners][INFO] - Timestep 31, input to next step: --------------------------GGGGGGGGGGGGGGGGGGGGGGGGGG
[2026-04-24 10:50:01,703][rfdiffusion.inference.utils][INFO] - Sampled motif RMSD: 0.26
[2026-04-24 10:50:02,036][rfdiffusion.inference.model_runners][INFO] - Timestep 30, input to next step: --------------------------GGGGGGGGGGGGGGGGGGGGGGGGGG
[2026-04-24 10:50:04,503][rfdiffusion.inference.utils][INFO] - Sampled motif RMSD: 0.27
[2026-04-24 10:50:04,854][rfdiffusion.inference.model_runners][INFO] - Timestep 29, input to next step: --------------------------GGGGGGGGGGGGGGGGGGGGGGGGGG
[2026-04-24 10:50:08,793][rfdiffusion.inference.utils][INFO] - Sampled motif RMSD: 0.25
[2026-04-24 10:50:09,175][rfdiffusion.inference.model_runners][INFO] - Timestep 28, input to next step: --------------------------GGGGGGGGGGGGGGGGGGGGGGGGGG
[2026-04-24 10:50:13,480][rfdiffusion.inference.utils][INFO] - Sampled motif RMSD: 0.28
[2026-04-24 10:50:13,914][rfdiffusion.inference.model_runners][INFO] - Timestep 27, input to next step: --------------------------GGGGGGGGGGGGGGGGGGGGGGGGGG
[2026-04-24 10:50:22,904][rfdiffusion.inference.utils][INFO] - Sampled motif RMSD: 0.27
[2026-04-24 10:50:23,400][rfdiffusion.inference.model_runners][INFO] - Timestep 26, input to next step: --------------------------GGGGGGGGGGGGGGGGGGGGGGGGGG
[2026-04-24 10:50:28,670][rfdiffusion.inference.utils][INFO] - Sampled motif RMSD: 0.27
[2026-04-24 10:50:29,174][rfdiffusion.inference.model_runners][INFO] - Timestep 25, input to next step: --------------------------GGGGGGGGGGGGGGGGGGGGGGGGGG
[2026-04-24 10:50:37,472][rfdiffusion.inference.utils][INFO] - Sampled motif RMSD: 0.28
[2026-04-24 10:50:38,083][rfdiffusion.inference.model_runners][INFO] - Timestep 24, input to next step: --------------------------GGGGGGGGGGGGGGGGGGGGGGGGGG
[2026-04-24 10:50:43,101][rfdiffusion.inference.utils][INFO] - Sampled motif RMSD: 0.27
[2026-04-24 10:50:43,450][rfdiffusion.inference.model_runners][INFO] - Timestep 23, input to next step: --------------------------GGGGGGGGGGGGGGGGGGGGGGGGGG
[2026-04-24 10:50:50,577][rfdiffusion.inference.utils][INFO] - Sampled motif RMSD: 0.26
[2026-04-24 10:50:51,063][rfdiffusion.inference.model_runners][INFO] - Timestep 22, input to next step: --------------------------GGGGGGGGGGGGGGGGGGGGGGGGGG
[2026-04-24 10:50:55,731][rfdiffusion.inference.utils][INFO] - Sampled motif RMSD: 0.28
[2026-04-24 10:50:56,615][rfdiffusion.inference.model_runners][INFO] - Timestep 21, input to next step: --------------------------GGGGGGGGGGGGGGGGGGGGGGGGGG
[2026-04-24 10:51:02,364][rfdiffusion.inference.utils][INFO] - Sampled motif RMSD: 0.26
[2026-04-24 10:51:02,839][rfdiffusion.inference.model_runners][INFO] - Timestep 20, input to next step: --------------------------GGGGGGGGGGGGGGGGGGGGGGGGGG
[2026-04-24 10:51:09,685][rfdiffusion.inference.utils][INFO] - Sampled motif RMSD: 0.27
[2026-04-24 10:51:10,046][rfdiffusion.inference.model_runners][INFO] - Timestep 19, input to next step: --------------------------GGGGGGGGGGGGGGGGGGGGGGGGGG
[2026-04-24 10:51:15,182][rfdiffusion.inference.utils][INFO] - Sampled motif RMSD: 0.26
[2026-04-24 10:51:16,013][rfdiffusion.inference.model_runners][INFO] - Timestep 18, input to next step: --------------------------GGGGGGGGGGGGGGGGGGGGGGGGGG
[2026-04-24 10:51:22,824][rfdiffusion.inference.utils][INFO] - Sampled motif RMSD: 0.25
[2026-04-24 10:51:23,353][rfdiffusion.inference.model_runners][INFO] - Timestep 17, input to next step: --------------------------GGGGGGGGGGGGGGGGGGGGGGGGGG
[2026-04-24 10:51:30,772][rfdiffusion.inference.utils][INFO] - Sampled motif RMSD: 0.26
[2026-04-24 10:51:31,312][rfdiffusion.inference.model_runners][INFO] - Timestep 16, input to next step: --------------------------GGGGGGGGGGGGGGGGGGGGGGGGGG
[2026-04-24 10:51:38,394][rfdiffusion.inference.utils][INFO] - Sampled motif RMSD: 0.24
[2026-04-24 10:51:38,865][rfdiffusion.inference.model_runners][INFO] - Timestep 15, input to next step: --------------------------GGGGGGGGGGGGGGGGGGGGGGGGGG
[2026-04-24 10:51:47,630][rfdiffusion.inference.utils][INFO] - Sampled motif RMSD: 0.23
[2026-04-24 10:51:48,044][rfdiffusion.inference.model_runners][INFO] - Timestep 14, input to next step: --------------------------GGGGGGGGGGGGGGGGGGGGGGGGGG
[2026-04-24 10:51:56,042][rfdiffusion.inference.utils][INFO] - Sampled motif RMSD: 0.21
[2026-04-24 10:51:56,654][rfdiffusion.inference.model_runners][INFO] - Timestep 13, input to next step: --------------------------GGGGGGGGGGGGGGGGGGGGGGGGGG
[2026-04-24 10:52:04,658][rfdiffusion.inference.utils][INFO] - Sampled motif RMSD: 0.21
[2026-04-24 10:52:05,308][rfdiffusion.inference.model_runners][INFO] - Timestep 12, input to next step: --------------------------GGGGGGGGGGGGGGGGGGGGGGGGGG
[2026-04-24 10:52:10,927][rfdiffusion.inference.utils][INFO] - Sampled motif RMSD: 0.21
[2026-04-24 10:52:11,726][rfdiffusion.inference.model_runners][INFO] - Timestep 11, input to next step: --------------------------GGGGGGGGGGGGGGGGGGGGGGGGGG
[2026-04-24 10:52:18,773][rfdiffusion.inference.utils][INFO] - Sampled motif RMSD: 0.20
[2026-04-24 10:52:19,401][rfdiffusion.inference.model_runners][INFO] - Timestep 10, input to next step: --------------------------GGGGGGGGGGGGGGGGGGGGGGGGGG
[2026-04-24 10:52:26,117][rfdiffusion.inference.utils][INFO] - Sampled motif RMSD: 0.19
[2026-04-24 10:52:26,508][rfdiffusion.inference.model_runners][INFO] - Timestep 9, input to next step: --------------------------GGGGGGGGGGGGGGGGGGGGGGGGGG
[2026-04-24 10:52:31,646][rfdiffusion.inference.utils][INFO] - Sampled motif RMSD: 0.19
[2026-04-24 10:52:32,112][rfdiffusion.inference.model_runners][INFO] - Timestep 8, input to next step: --------------------------GGGGGGGGGGGGGGGGGGGGGGGGGG
[2026-04-24 10:52:36,571][rfdiffusion.inference.utils][INFO] - Sampled motif RMSD: 0.18
[2026-04-24 10:52:37,070][rfdiffusion.inference.model_runners][INFO] - Timestep 7, input to next step: --------------------------GGGGGGGGGGGGGGGGGGGGGGGGGG
[2026-04-24 10:52:44,406][rfdiffusion.inference.utils][INFO] - Sampled motif RMSD: 0.17
[2026-04-24 10:52:45,072][rfdiffusion.inference.model_runners][INFO] - Timestep 6, input to next step: --------------------------GGGGGGGGGGGGGGGGGGGGGGGGGG
[2026-04-24 10:52:51,802][rfdiffusion.inference.utils][INFO] - Sampled motif RMSD: 0.17
[2026-04-24 10:52:52,514][rfdiffusion.inference.model_runners][INFO] - Timestep 5, input to next step: --------------------------GGGGGGGGGGGGGGGGGGGGGGGGGG
[2026-04-24 10:52:57,423][rfdiffusion.inference.utils][INFO] - Sampled motif RMSD: 0.14
[2026-04-24 10:52:57,934][rfdiffusion.inference.model_runners][INFO] - Timestep 4, input to next step: --------------------------GGGGGGGGGGGGGGGGGGGGGGGGGG
[2026-04-24 10:53:03,790][rfdiffusion.inference.utils][INFO] - Sampled motif RMSD: 0.13
[2026-04-24 10:53:04,362][rfdiffusion.inference.model_runners][INFO] - Timestep 3, input to next step: --------------------------GGGGGGGGGGGGGGGGGGGGGGGGGG
[2026-04-24 10:53:10,026][rfdiffusion.inference.utils][INFO] - Sampled motif RMSD: 0.12
[2026-04-24 10:53:10,456][rfdiffusion.inference.model_runners][INFO] - Timestep 2, input to next step: --------------------------GGGGGGGGGGGGGGGGGGGGGGGGGG
[2026-04-24 10:53:21,898][__main__][INFO] - Finished design in 5.08 minutes
