[2026-04-24 07:49:43,971][__main__][INFO] - Found GPU with device_name NVIDIA A100-SXM4-80GB. Will run RFdiffusion on NVIDIA A100-SXM4-80GB
Reading models from /lambda/nfs/manvi/Team_8_CS598GBL/RFdiffusion/rfdiffusion/inference/../../models
[2026-04-24 07:49:43,983][rfdiffusion.inference.model_runners][INFO] - Reading checkpoint from /lambda/nfs/manvi/Team_8_CS598GBL/RFdiffusion/rfdiffusion/inference/../../models/Base_ckpt.pt
This is inf_conf.ckpt_path
/lambda/nfs/manvi/Team_8_CS598GBL/RFdiffusion/rfdiffusion/inference/../../models/Base_ckpt.pt
Assembling -model, -diffuser and -preprocess configs from checkpoint
USING MODEL CONFIG: self._conf[model][n_extra_block] = 4
USING MODEL CONFIG: self._conf[model][n_main_block] = 32
USING MODEL CONFIG: self._conf[model][n_ref_block] = 4
USING MODEL CONFIG: self._conf[model][d_msa] = 256
USING MODEL CONFIG: self._conf[model][d_msa_full] = 64
USING MODEL CONFIG: self._conf[model][d_pair] = 128
USING MODEL CONFIG: self._conf[model][d_templ] = 64
USING MODEL CONFIG: self._conf[model][n_head_msa] = 8
USING MODEL CONFIG: self._conf[model][n_head_pair] = 4
USING MODEL CONFIG: self._conf[model][n_head_templ] = 4
USING MODEL CONFIG: self._conf[model][d_hidden] = 32
USING MODEL CONFIG: self._conf[model][d_hidden_templ] = 32
USING MODEL CONFIG: self._conf[model][p_drop] = 0.15
USING MODEL CONFIG: self._conf[model][SE3_param_full] = {'num_layers': 1, 'num_channels': 32, 'num_degrees': 2, 'n_heads': 4, 'div': 4, 'l0_in_features': 8, 'l0_out_features': 8, 'l1_in_features': 3, 'l1_out_features': 2, 'num_edge_features': 32}
USING MODEL CONFIG: self._conf[model][SE3_param_topk] = {'num_layers': 1, 'num_channels': 32, 'num_degrees': 2, 'n_heads': 4, 'div': 4, 'l0_in_features': 64, 'l0_out_features': 64, 'l1_in_features': 3, 'l1_out_features': 2, 'num_edge_features': 64}
USING MODEL CONFIG: self._conf[model][freeze_track_motif] = False
USING MODEL CONFIG: self._conf[model][use_motif_timestep] = True
USING MODEL CONFIG: self._conf[diffuser][T] = 50
USING MODEL CONFIG: self._conf[diffuser][b_0] = 0.01
USING MODEL CONFIG: self._conf[diffuser][b_T] = 0.07
USING MODEL CONFIG: self._conf[diffuser][schedule_type] = linear
USING MODEL CONFIG: self._conf[diffuser][so3_type] = igso3
USING MODEL CONFIG: self._conf[diffuser][crd_scale] = 0.25
USING MODEL CONFIG: self._conf[diffuser][so3_schedule_type] = linear
USING MODEL CONFIG: self._conf[diffuser][min_b] = 1.5
USING MODEL CONFIG: self._conf[diffuser][max_b] = 2.5
USING MODEL CONFIG: self._conf[diffuser][min_sigma] = 0.02
USING MODEL CONFIG: self._conf[diffuser][max_sigma] = 1.5
USING MODEL CONFIG: self._conf[preprocess][sidechain_input] = False
USING MODEL CONFIG: self._conf[preprocess][motif_sidechain_input] = True
USING MODEL CONFIG: self._conf[preprocess][d_t1d] = 22
USING MODEL CONFIG: self._conf[preprocess][d_t2d] = 44
USING MODEL CONFIG: self._conf[preprocess][prob_self_cond] = 0.5
USING MODEL CONFIG: self._conf[preprocess][str_self_cond] = True
USING MODEL CONFIG: self._conf[preprocess][predict_previous] = False
[2026-04-24 07:50:53,978][rfdiffusion.inference.model_runners][INFO] - Loading checkpoint.
[2026-04-24 07:51:11,447][rfdiffusion.diffusion][INFO] - Using cached IGSO3.
Successful diffuser __init__
[2026-04-24 07:51:11,490][__main__][INFO] - Making design /lambda/nfs/manvi/Team_8_CS598GBL/outputs/custom90_128_motif_scaffolding/default/len_128/mid/scaffold_0
[2026-04-24 07:51:11,503][rfdiffusion.inference.model_runners][INFO] - Using contig: ['25-42/A44-83/25-42']
With this beta schedule (linear schedule, beta_0 = 0.04, beta_T = 0.28), alpha_bar_T = 0.00013696048699785024
[2026-04-24 07:51:12,333][rfdiffusion.inference.model_runners][INFO] - Sequence init: --------------------------------GGGGGGGGGGGGGGGGGGGGGGGGGGGGGGGGGGGGGGGG-----------------------------------
[2026-04-24 07:51:21,096][rfdiffusion.inference.utils][INFO] - Sampled motif RMSD: 0.37
[2026-04-24 07:51:21,400][rfdiffusion.inference.model_runners][INFO] - Timestep 50, input to next step: --------------------------------GGGGGGGGGGGGGGGGGGGGGGGGGGGGGGGGGGGGGGGG-----------------------------------
[2026-04-24 07:51:27,685][rfdiffusion.inference.utils][INFO] - Sampled motif RMSD: 0.32
[2026-04-24 07:51:27,975][rfdiffusion.inference.model_runners][INFO] - Timestep 49, input to next step: --------------------------------GGGGGGGGGGGGGGGGGGGGGGGGGGGGGGGGGGGGGGGG-----------------------------------
[2026-04-24 07:51:35,084][rfdiffusion.inference.utils][INFO] - Sampled motif RMSD: 0.32
[2026-04-24 07:51:35,294][rfdiffusion.inference.model_runners][INFO] - Timestep 48, input to next step: --------------------------------GGGGGGGGGGGGGGGGGGGGGGGGGGGGGGGGGGGGGGGG-----------------------------------
[2026-04-24 07:51:40,276][rfdiffusion.inference.utils][INFO] - Sampled motif RMSD: 0.32
[2026-04-24 07:51:40,598][rfdiffusion.inference.model_runners][INFO] - Timestep 47, input to next step: --------------------------------GGGGGGGGGGGGGGGGGGGGGGGGGGGGGGGGGGGGGGGG-----------------------------------
[2026-04-24 07:51:48,153][rfdiffusion.inference.utils][INFO] - Sampled motif RMSD: 0.34
[2026-04-24 07:51:48,611][rfdiffusion.inference.model_runners][INFO] - Timestep 46, input to next step: --------------------------------GGGGGGGGGGGGGGGGGGGGGGGGGGGGGGGGGGGGGGGG-----------------------------------
[2026-04-24 07:51:54,162][rfdiffusion.inference.utils][INFO] - Sampled motif RMSD: 0.31
[2026-04-24 07:51:54,351][rfdiffusion.inference.model_runners][INFO] - Timestep 45, input to next step: --------------------------------GGGGGGGGGGGGGGGGGGGGGGGGGGGGGGGGGGGGGGGG-----------------------------------
[2026-04-24 07:52:02,150][rfdiffusion.inference.utils][INFO] - Sampled motif RMSD: 0.32
[2026-04-24 07:52:02,593][rfdiffusion.inference.model_runners][INFO] - Timestep 44, input to next step: --------------------------------GGGGGGGGGGGGGGGGGGGGGGGGGGGGGGGGGGGGGGGG-----------------------------------
[2026-04-24 07:52:07,941][rfdiffusion.inference.utils][INFO] - Sampled motif RMSD: 0.31
[2026-04-24 07:52:08,101][rfdiffusion.inference.model_runners][INFO] - Timestep 43, input to next step: --------------------------------GGGGGGGGGGGGGGGGGGGGGGGGGGGGGGGGGGGGGGGG-----------------------------------
[2026-04-24 07:52:13,722][rfdiffusion.inference.utils][INFO] - Sampled motif RMSD: 0.29
[2026-04-24 07:52:14,074][rfdiffusion.inference.model_runners][INFO] - Timestep 42, input to next step: --------------------------------GGGGGGGGGGGGGGGGGGGGGGGGGGGGGGGGGGGGGGGG-----------------------------------
[2026-04-24 07:52:18,486][rfdiffusion.inference.utils][INFO] - Sampled motif RMSD: 0.33
[2026-04-24 07:52:18,728][rfdiffusion.inference.model_runners][INFO] - Timestep 41, input to next step: --------------------------------GGGGGGGGGGGGGGGGGGGGGGGGGGGGGGGGGGGGGGGG-----------------------------------
[2026-04-24 07:52:22,253][rfdiffusion.inference.utils][INFO] - Sampled motif RMSD: 0.37
[2026-04-24 07:52:22,382][rfdiffusion.inference.model_runners][INFO] - Timestep 40, input to next step: --------------------------------GGGGGGGGGGGGGGGGGGGGGGGGGGGGGGGGGGGGGGGG-----------------------------------
[2026-04-24 07:52:26,228][rfdiffusion.inference.utils][INFO] - Sampled motif RMSD: 0.41
[2026-04-24 07:52:26,513][rfdiffusion.inference.model_runners][INFO] - Timestep 39, input to next step: --------------------------------GGGGGGGGGGGGGGGGGGGGGGGGGGGGGGGGGGGGGGGG-----------------------------------
[2026-04-24 07:52:29,374][rfdiffusion.inference.utils][INFO] - Sampled motif RMSD: 0.44
[2026-04-24 07:52:29,703][rfdiffusion.inference.model_runners][INFO] - Timestep 38, input to next step: --------------------------------GGGGGGGGGGGGGGGGGGGGGGGGGGGGGGGGGGGGGGGG-----------------------------------
[2026-04-24 07:52:33,796][rfdiffusion.inference.utils][INFO] - Sampled motif RMSD: 0.44
[2026-04-24 07:52:34,086][rfdiffusion.inference.model_runners][INFO] - Timestep 37, input to next step: --------------------------------GGGGGGGGGGGGGGGGGGGGGGGGGGGGGGGGGGGGGGGG-----------------------------------
[2026-04-24 07:52:38,502][rfdiffusion.inference.utils][INFO] - Sampled motif RMSD: 0.45
[2026-04-24 07:52:38,864][rfdiffusion.inference.model_runners][INFO] - Timestep 36, input to next step: --------------------------------GGGGGGGGGGGGGGGGGGGGGGGGGGGGGGGGGGGGGGGG-----------------------------------
[2026-04-24 07:52:43,872][rfdiffusion.inference.utils][INFO] - Sampled motif RMSD: 0.42
[2026-04-24 07:52:44,332][rfdiffusion.inference.model_runners][INFO] - Timestep 35, input to next step: --------------------------------GGGGGGGGGGGGGGGGGGGGGGGGGGGGGGGGGGGGGGGG-----------------------------------
[2026-04-24 07:52:48,795][rfdiffusion.inference.utils][INFO] - Sampled motif RMSD: 0.41
[2026-04-24 07:52:49,223][rfdiffusion.inference.model_runners][INFO] - Timestep 34, input to next step: --------------------------------GGGGGGGGGGGGGGGGGGGGGGGGGGGGGGGGGGGGGGGG-----------------------------------
[2026-04-24 07:52:53,810][rfdiffusion.inference.utils][INFO] - Sampled motif RMSD: 0.42
[2026-04-24 07:52:54,107][rfdiffusion.inference.model_runners][INFO] - Timestep 33, input to next step: --------------------------------GGGGGGGGGGGGGGGGGGGGGGGGGGGGGGGGGGGGGGGG-----------------------------------
[2026-04-24 07:52:58,952][rfdiffusion.inference.utils][INFO] - Sampled motif RMSD: 0.45
[2026-04-24 07:52:59,259][rfdiffusion.inference.model_runners][INFO] - Timestep 32, input to next step: --------------------------------GGGGGGGGGGGGGGGGGGGGGGGGGGGGGGGGGGGGGGGG-----------------------------------
[2026-04-24 07:53:03,965][rfdiffusion.inference.utils][INFO] - Sampled motif RMSD: 0.45
[2026-04-24 07:53:04,244][rfdiffusion.inference.model_runners][INFO] - Timestep 31, input to next step: --------------------------------GGGGGGGGGGGGGGGGGGGGGGGGGGGGGGGGGGGGGGGG-----------------------------------
[2026-04-24 07:53:09,336][rfdiffusion.inference.utils][INFO] - Sampled motif RMSD: 0.44
[2026-04-24 07:53:09,557][rfdiffusion.inference.model_runners][INFO] - Timestep 30, input to next step: --------------------------------GGGGGGGGGGGGGGGGGGGGGGGGGGGGGGGGGGGGGGGG-----------------------------------
[2026-04-24 07:53:14,068][rfdiffusion.inference.utils][INFO] - Sampled motif RMSD: 0.43
[2026-04-24 07:53:14,361][rfdiffusion.inference.model_runners][INFO] - Timestep 29, input to next step: --------------------------------GGGGGGGGGGGGGGGGGGGGGGGGGGGGGGGGGGGGGGGG-----------------------------------
[2026-04-24 07:53:19,275][rfdiffusion.inference.utils][INFO] - Sampled motif RMSD: 0.41
[2026-04-24 07:53:19,743][rfdiffusion.inference.model_runners][INFO] - Timestep 28, input to next step: --------------------------------GGGGGGGGGGGGGGGGGGGGGGGGGGGGGGGGGGGGGGGG-----------------------------------
[2026-04-24 07:53:24,724][rfdiffusion.inference.utils][INFO] - Sampled motif RMSD: 0.43
[2026-04-24 07:53:25,032][rfdiffusion.inference.model_runners][INFO] - Timestep 27, input to next step: --------------------------------GGGGGGGGGGGGGGGGGGGGGGGGGGGGGGGGGGGGGGGG-----------------------------------
[2026-04-24 07:53:29,822][rfdiffusion.inference.utils][INFO] - Sampled motif RMSD: 0.44
[2026-04-24 07:53:30,075][rfdiffusion.inference.model_runners][INFO] - Timestep 26, input to next step: --------------------------------GGGGGGGGGGGGGGGGGGGGGGGGGGGGGGGGGGGGGGGG-----------------------------------
[2026-04-24 07:53:35,750][rfdiffusion.inference.utils][INFO] - Sampled motif RMSD: 0.44
[2026-04-24 07:53:35,998][rfdiffusion.inference.model_runners][INFO] - Timestep 25, input to next step: --------------------------------GGGGGGGGGGGGGGGGGGGGGGGGGGGGGGGGGGGGGGGG-----------------------------------
[2026-04-24 07:53:39,777][rfdiffusion.inference.utils][INFO] - Sampled motif RMSD: 0.44
[2026-04-24 07:53:40,031][rfdiffusion.inference.model_runners][INFO] - Timestep 24, input to next step: --------------------------------GGGGGGGGGGGGGGGGGGGGGGGGGGGGGGGGGGGGGGGG-----------------------------------
[2026-04-24 07:53:43,647][rfdiffusion.inference.utils][INFO] - Sampled motif RMSD: 0.45
[2026-04-24 07:53:44,091][rfdiffusion.inference.model_runners][INFO] - Timestep 23, input to next step: --------------------------------GGGGGGGGGGGGGGGGGGGGGGGGGGGGGGGGGGGGGGGG-----------------------------------
[2026-04-24 07:53:47,933][rfdiffusion.inference.utils][INFO] - Sampled motif RMSD: 0.43
[2026-04-24 07:53:48,175][rfdiffusion.inference.model_runners][INFO] - Timestep 22, input to next step: --------------------------------GGGGGGGGGGGGGGGGGGGGGGGGGGGGGGGGGGGGGGGG-----------------------------------
[2026-04-24 07:53:52,523][rfdiffusion.inference.utils][INFO] - Sampled motif RMSD: 0.41
[2026-04-24 07:53:52,696][rfdiffusion.inference.model_runners][INFO] - Timestep 21, input to next step: --------------------------------GGGGGGGGGGGGGGGGGGGGGGGGGGGGGGGGGGGGGGGG-----------------------------------
[2026-04-24 07:53:57,357][rfdiffusion.inference.utils][INFO] - Sampled motif RMSD: 0.40
[2026-04-24 07:53:57,559][rfdiffusion.inference.model_runners][INFO] - Timestep 20, input to next step: --------------------------------GGGGGGGGGGGGGGGGGGGGGGGGGGGGGGGGGGGGGGGG-----------------------------------
[2026-04-24 07:54:01,997][rfdiffusion.inference.utils][INFO] - Sampled motif RMSD: 0.40
[2026-04-24 07:54:02,158][rfdiffusion.inference.model_runners][INFO] - Timestep 19, input to next step: --------------------------------GGGGGGGGGGGGGGGGGGGGGGGGGGGGGGGGGGGGGGGG-----------------------------------
[2026-04-24 07:54:07,954][rfdiffusion.inference.utils][INFO] - Sampled motif RMSD: 0.39
[2026-04-24 07:54:08,410][rfdiffusion.inference.model_runners][INFO] - Timestep 18, input to next step: --------------------------------GGGGGGGGGGGGGGGGGGGGGGGGGGGGGGGGGGGGGGGG-----------------------------------
[2026-04-24 07:54:12,758][rfdiffusion.inference.utils][INFO] - Sampled motif RMSD: 0.37
[2026-04-24 07:54:13,162][rfdiffusion.inference.model_runners][INFO] - Timestep 17, input to next step: --------------------------------GGGGGGGGGGGGGGGGGGGGGGGGGGGGGGGGGGGGGGGG-----------------------------------
[2026-04-24 07:54:17,694][rfdiffusion.inference.utils][INFO] - Sampled motif RMSD: 0.37
[2026-04-24 07:54:18,092][rfdiffusion.inference.model_runners][INFO] - Timestep 16, input to next step: --------------------------------GGGGGGGGGGGGGGGGGGGGGGGGGGGGGGGGGGGGGGGG-----------------------------------
[2026-04-24 07:54:23,307][rfdiffusion.inference.utils][INFO] - Sampled motif RMSD: 0.38
[2026-04-24 07:54:23,655][rfdiffusion.inference.model_runners][INFO] - Timestep 15, input to next step: --------------------------------GGGGGGGGGGGGGGGGGGGGGGGGGGGGGGGGGGGGGGGG-----------------------------------
[2026-04-24 07:54:28,263][rfdiffusion.inference.utils][INFO] - Sampled motif RMSD: 0.39
[2026-04-24 07:54:28,606][rfdiffusion.inference.model_runners][INFO] - Timestep 14, input to next step: --------------------------------GGGGGGGGGGGGGGGGGGGGGGGGGGGGGGGGGGGGGGGG-----------------------------------
[2026-04-24 07:54:33,879][rfdiffusion.inference.utils][INFO] - Sampled motif RMSD: 0.40
[2026-04-24 07:54:34,209][rfdiffusion.inference.model_runners][INFO] - Timestep 13, input to next step: --------------------------------GGGGGGGGGGGGGGGGGGGGGGGGGGGGGGGGGGGGGGGG-----------------------------------
[2026-04-24 07:54:38,919][rfdiffusion.inference.utils][INFO] - Sampled motif RMSD: 0.38
[2026-04-24 07:54:39,232][rfdiffusion.inference.model_runners][INFO] - Timestep 12, input to next step: --------------------------------GGGGGGGGGGGGGGGGGGGGGGGGGGGGGGGGGGGGGGGG-----------------------------------
[2026-04-24 07:54:44,276][rfdiffusion.inference.utils][INFO] - Sampled motif RMSD: 0.37
[2026-04-24 07:54:44,671][rfdiffusion.inference.model_runners][INFO] - Timestep 11, input to next step: --------------------------------GGGGGGGGGGGGGGGGGGGGGGGGGGGGGGGGGGGGGGGG-----------------------------------
[2026-04-24 07:54:49,586][rfdiffusion.inference.utils][INFO] - Sampled motif RMSD: 0.37
[2026-04-24 07:54:49,906][rfdiffusion.inference.model_runners][INFO] - Timestep 10, input to next step: --------------------------------GGGGGGGGGGGGGGGGGGGGGGGGGGGGGGGGGGGGGGGG-----------------------------------
[2026-04-24 07:54:53,919][rfdiffusion.inference.utils][INFO] - Sampled motif RMSD: 0.35
[2026-04-24 07:54:54,239][rfdiffusion.inference.model_runners][INFO] - Timestep 9, input to next step: --------------------------------GGGGGGGGGGGGGGGGGGGGGGGGGGGGGGGGGGGGGGGG-----------------------------------
[2026-04-24 07:54:58,715][rfdiffusion.inference.utils][INFO] - Sampled motif RMSD: 0.34
[2026-04-24 07:54:58,984][rfdiffusion.inference.model_runners][INFO] - Timestep 8, input to next step: --------------------------------GGGGGGGGGGGGGGGGGGGGGGGGGGGGGGGGGGGGGGGG-----------------------------------
[2026-04-24 07:55:03,284][rfdiffusion.inference.utils][INFO] - Sampled motif RMSD: 0.34
[2026-04-24 07:55:03,588][rfdiffusion.inference.model_runners][INFO] - Timestep 7, input to next step: --------------------------------GGGGGGGGGGGGGGGGGGGGGGGGGGGGGGGGGGGGGGGG-----------------------------------
[2026-04-24 07:55:08,339][rfdiffusion.inference.utils][INFO] - Sampled motif RMSD: 0.33
[2026-04-24 07:55:08,554][rfdiffusion.inference.model_runners][INFO] - Timestep 6, input to next step: --------------------------------GGGGGGGGGGGGGGGGGGGGGGGGGGGGGGGGGGGGGGGG-----------------------------------
[2026-04-24 07:55:13,664][rfdiffusion.inference.utils][INFO] - Sampled motif RMSD: 0.33
[2026-04-24 07:55:13,969][rfdiffusion.inference.model_runners][INFO] - Timestep 5, input to next step: --------------------------------GGGGGGGGGGGGGGGGGGGGGGGGGGGGGGGGGGGGGGGG-----------------------------------
[2026-04-24 07:55:19,291][rfdiffusion.inference.utils][INFO] - Sampled motif RMSD: 0.33
[2026-04-24 07:55:19,664][rfdiffusion.inference.model_runners][INFO] - Timestep 4, input to next step: --------------------------------GGGGGGGGGGGGGGGGGGGGGGGGGGGGGGGGGGGGGGGG-----------------------------------
[2026-04-24 07:55:24,140][rfdiffusion.inference.utils][INFO] - Sampled motif RMSD: 0.32
[2026-04-24 07:55:24,504][rfdiffusion.inference.model_runners][INFO] - Timestep 3, input to next step: --------------------------------GGGGGGGGGGGGGGGGGGGGGGGGGGGGGGGGGGGGGGGG-----------------------------------
[2026-04-24 07:55:29,486][rfdiffusion.inference.utils][INFO] - Sampled motif RMSD: 0.31
[2026-04-24 07:55:29,834][rfdiffusion.inference.model_runners][INFO] - Timestep 2, input to next step: --------------------------------GGGGGGGGGGGGGGGGGGGGGGGGGGGGGGGGGGGGGGGG-----------------------------------
[2026-04-24 07:55:39,104][__main__][INFO] - Finished design in 4.46 minutes
[2026-04-24 07:55:39,105][__main__][INFO] - Making design /lambda/nfs/manvi/Team_8_CS598GBL/outputs/custom90_128_motif_scaffolding/default/len_128/mid/scaffold_1
[2026-04-24 07:55:39,122][rfdiffusion.inference.model_runners][INFO] - Using contig: ['25-42/A44-83/25-42']
With this beta schedule (linear schedule, beta_0 = 0.04, beta_T = 0.28), alpha_bar_T = 0.00013696048699785024
[2026-04-24 07:55:39,884][rfdiffusion.inference.model_runners][INFO] - Sequence init: -----------------------------------GGGGGGGGGGGGGGGGGGGGGGGGGGGGGGGGGGGGGGGG------------------------------------------
[2026-04-24 07:55:44,637][rfdiffusion.inference.utils][INFO] - Sampled motif RMSD: 0.32
[2026-04-24 07:55:44,813][rfdiffusion.inference.model_runners][INFO] - Timestep 50, input to next step: -----------------------------------GGGGGGGGGGGGGGGGGGGGGGGGGGGGGGGGGGGGGGGG------------------------------------------
[2026-04-24 07:55:51,699][rfdiffusion.inference.utils][INFO] - Sampled motif RMSD: 0.27
[2026-04-24 07:55:52,028][rfdiffusion.inference.model_runners][INFO] - Timestep 49, input to next step: -----------------------------------GGGGGGGGGGGGGGGGGGGGGGGGGGGGGGGGGGGGGGGG------------------------------------------
[2026-04-24 07:55:57,672][rfdiffusion.inference.utils][INFO] - Sampled motif RMSD: 0.26
[2026-04-24 07:55:57,921][rfdiffusion.inference.model_runners][INFO] - Timestep 48, input to next step: -----------------------------------GGGGGGGGGGGGGGGGGGGGGGGGGGGGGGGGGGGGGGGG------------------------------------------
[2026-04-24 07:56:05,037][rfdiffusion.inference.utils][INFO] - Sampled motif RMSD: 0.27
[2026-04-24 07:56:05,196][rfdiffusion.inference.model_runners][INFO] - Timestep 47, input to next step: -----------------------------------GGGGGGGGGGGGGGGGGGGGGGGGGGGGGGGGGGGGGGGG------------------------------------------
[2026-04-24 07:56:11,093][rfdiffusion.inference.utils][INFO] - Sampled motif RMSD: 0.31
[2026-04-24 07:56:11,296][rfdiffusion.inference.model_runners][INFO] - Timestep 46, input to next step: -----------------------------------GGGGGGGGGGGGGGGGGGGGGGGGGGGGGGGGGGGGGGGG------------------------------------------
[2026-04-24 07:56:20,481][rfdiffusion.inference.utils][INFO] - Sampled motif RMSD: 0.30
[2026-04-24 07:56:20,722][rfdiffusion.inference.model_runners][INFO] - Timestep 45, input to next step: -----------------------------------GGGGGGGGGGGGGGGGGGGGGGGGGGGGGGGGGGGGGGGG------------------------------------------
[2026-04-24 07:56:28,121][rfdiffusion.inference.utils][INFO] - Sampled motif RMSD: 0.29
[2026-04-24 07:56:28,468][rfdiffusion.inference.model_runners][INFO] - Timestep 44, input to next step: -----------------------------------GGGGGGGGGGGGGGGGGGGGGGGGGGGGGGGGGGGGGGGG------------------------------------------
[2026-04-24 07:56:37,300][rfdiffusion.inference.utils][INFO] - Sampled motif RMSD: 0.29
[2026-04-24 07:56:37,524][rfdiffusion.inference.model_runners][INFO] - Timestep 43, input to next step: -----------------------------------GGGGGGGGGGGGGGGGGGGGGGGGGGGGGGGGGGGGGGGG------------------------------------------
[2026-04-24 07:56:43,260][rfdiffusion.inference.utils][INFO] - Sampled motif RMSD: 0.28
[2026-04-24 07:56:43,547][rfdiffusion.inference.model_runners][INFO] - Timestep 42, input to next step: -----------------------------------GGGGGGGGGGGGGGGGGGGGGGGGGGGGGGGGGGGGGGGG------------------------------------------
[2026-04-24 07:56:51,726][rfdiffusion.inference.utils][INFO] - Sampled motif RMSD: 0.27
[2026-04-24 07:56:52,131][rfdiffusion.inference.model_runners][INFO] - Timestep 41, input to next step: -----------------------------------GGGGGGGGGGGGGGGGGGGGGGGGGGGGGGGGGGGGGGGG------------------------------------------
[2026-04-24 07:56:58,122][rfdiffusion.inference.utils][INFO] - Sampled motif RMSD: 0.28
[2026-04-24 07:56:58,434][rfdiffusion.inference.model_runners][INFO] - Timestep 40, input to next step: -----------------------------------GGGGGGGGGGGGGGGGGGGGGGGGGGGGGGGGGGGGGGGG------------------------------------------
[2026-04-24 07:57:06,723][rfdiffusion.inference.utils][INFO] - Sampled motif RMSD: 0.29
[2026-04-24 07:57:06,950][rfdiffusion.inference.model_runners][INFO] - Timestep 39, input to next step: -----------------------------------GGGGGGGGGGGGGGGGGGGGGGGGGGGGGGGGGGGGGGGG------------------------------------------
[2026-04-24 07:57:13,022][rfdiffusion.inference.utils][INFO] - Sampled motif RMSD: 0.29
[2026-04-24 07:57:13,375][rfdiffusion.inference.model_runners][INFO] - Timestep 38, input to next step: -----------------------------------GGGGGGGGGGGGGGGGGGGGGGGGGGGGGGGGGGGGGGGG------------------------------------------
[2026-04-24 07:57:20,443][rfdiffusion.inference.utils][INFO] - Sampled motif RMSD: 0.27
[2026-04-24 07:57:20,561][rfdiffusion.inference.model_runners][INFO] - Timestep 37, input to next step: -----------------------------------GGGGGGGGGGGGGGGGGGGGGGGGGGGGGGGGGGGGGGGG------------------------------------------
[2026-04-24 07:57:26,395][rfdiffusion.inference.utils][INFO] - Sampled motif RMSD: 0.26
[2026-04-24 07:57:26,653][rfdiffusion.inference.model_runners][INFO] - Timestep 36, input to next step: -----------------------------------GGGGGGGGGGGGGGGGGGGGGGGGGGGGGGGGGGGGGGGG------------------------------------------
[2026-04-24 07:57:32,767][rfdiffusion.inference.utils][INFO] - Sampled motif RMSD: 0.27
[2026-04-24 07:57:33,049][rfdiffusion.inference.model_runners][INFO] - Timestep 35, input to next step: -----------------------------------GGGGGGGGGGGGGGGGGGGGGGGGGGGGGGGGGGGGGGGG------------------------------------------
[2026-04-24 07:57:39,434][rfdiffusion.inference.utils][INFO] - Sampled motif RMSD: 0.26
[2026-04-24 07:57:39,762][rfdiffusion.inference.model_runners][INFO] - Timestep 34, input to next step: -----------------------------------GGGGGGGGGGGGGGGGGGGGGGGGGGGGGGGGGGGGGGGG------------------------------------------
[2026-04-24 07:57:45,274][rfdiffusion.inference.utils][INFO] - Sampled motif RMSD: 0.25
[2026-04-24 07:57:45,590][rfdiffusion.inference.model_runners][INFO] - Timestep 33, input to next step: -----------------------------------GGGGGGGGGGGGGGGGGGGGGGGGGGGGGGGGGGGGGGGG------------------------------------------
[2026-04-24 07:57:50,910][rfdiffusion.inference.utils][INFO] - Sampled motif RMSD: 0.26
[2026-04-24 07:57:51,283][rfdiffusion.inference.model_runners][INFO] - Timestep 32, input to next step: -----------------------------------GGGGGGGGGGGGGGGGGGGGGGGGGGGGGGGGGGGGGGGG------------------------------------------
[2026-04-24 07:57:59,970][rfdiffusion.inference.utils][INFO] - Sampled motif RMSD: 0.26
[2026-04-24 07:58:00,171][rfdiffusion.inference.model_runners][INFO] - Timestep 31, input to next step: -----------------------------------GGGGGGGGGGGGGGGGGGGGGGGGGGGGGGGGGGGGGGGG------------------------------------------
[2026-04-24 07:58:07,324][rfdiffusion.inference.utils][INFO] - Sampled motif RMSD: 0.26
[2026-04-24 07:58:07,726][rfdiffusion.inference.model_runners][INFO] - Timestep 30, input to next step: -----------------------------------GGGGGGGGGGGGGGGGGGGGGGGGGGGGGGGGGGGGGGGG------------------------------------------
[2026-04-24 07:58:15,964][rfdiffusion.inference.utils][INFO] - Sampled motif RMSD: 0.27
[2026-04-24 07:58:16,256][rfdiffusion.inference.model_runners][INFO] - Timestep 29, input to next step: -----------------------------------GGGGGGGGGGGGGGGGGGGGGGGGGGGGGGGGGGGGGGGG------------------------------------------
[2026-04-24 07:58:22,359][rfdiffusion.inference.utils][INFO] - Sampled motif RMSD: 0.28
[2026-04-24 07:58:22,677][rfdiffusion.inference.model_runners][INFO] - Timestep 28, input to next step: -----------------------------------GGGGGGGGGGGGGGGGGGGGGGGGGGGGGGGGGGGGGGGG------------------------------------------
[2026-04-24 07:58:29,887][rfdiffusion.inference.utils][INFO] - Sampled motif RMSD: 0.28
[2026-04-24 07:58:30,056][rfdiffusion.inference.model_runners][INFO] - Timestep 27, input to next step: -----------------------------------GGGGGGGGGGGGGGGGGGGGGGGGGGGGGGGGGGGGGGGG------------------------------------------
[2026-04-24 07:58:37,367][rfdiffusion.inference.utils][INFO] - Sampled motif RMSD: 0.27
[2026-04-24 07:58:37,626][rfdiffusion.inference.model_runners][INFO] - Timestep 26, input to next step: -----------------------------------GGGGGGGGGGGGGGGGGGGGGGGGGGGGGGGGGGGGGGGG------------------------------------------
[2026-04-24 07:58:43,076][rfdiffusion.inference.utils][INFO] - Sampled motif RMSD: 0.28
[2026-04-24 07:58:43,319][rfdiffusion.inference.model_runners][INFO] - Timestep 25, input to next step: -----------------------------------GGGGGGGGGGGGGGGGGGGGGGGGGGGGGGGGGGGGGGGG------------------------------------------
[2026-04-24 07:58:50,291][rfdiffusion.inference.utils][INFO] - Sampled motif RMSD: 0.27
[2026-04-24 07:58:50,579][rfdiffusion.inference.model_runners][INFO] - Timestep 24, input to next step: -----------------------------------GGGGGGGGGGGGGGGGGGGGGGGGGGGGGGGGGGGGGGGG------------------------------------------
[2026-04-24 07:58:57,123][rfdiffusion.inference.utils][INFO] - Sampled motif RMSD: 0.27
[2026-04-24 07:58:57,506][rfdiffusion.inference.model_runners][INFO] - Timestep 23, input to next step: -----------------------------------GGGGGGGGGGGGGGGGGGGGGGGGGGGGGGGGGGGGGGGG------------------------------------------
[2026-04-24 07:59:04,995][rfdiffusion.inference.utils][INFO] - Sampled motif RMSD: 0.26
[2026-04-24 07:59:05,244][rfdiffusion.inference.model_runners][INFO] - Timestep 22, input to next step: -----------------------------------GGGGGGGGGGGGGGGGGGGGGGGGGGGGGGGGGGGGGGGG------------------------------------------
[2026-04-24 07:59:11,876][rfdiffusion.inference.utils][INFO] - Sampled motif RMSD: 0.25
[2026-04-24 07:59:12,199][rfdiffusion.inference.model_runners][INFO] - Timestep 21, input to next step: -----------------------------------GGGGGGGGGGGGGGGGGGGGGGGGGGGGGGGGGGGGGGGG------------------------------------------
[2026-04-24 07:59:20,175][rfdiffusion.inference.utils][INFO] - Sampled motif RMSD: 0.25
[2026-04-24 07:59:20,434][rfdiffusion.inference.model_runners][INFO] - Timestep 20, input to next step: -----------------------------------GGGGGGGGGGGGGGGGGGGGGGGGGGGGGGGGGGGGGGGG------------------------------------------
[2026-04-24 07:59:28,039][rfdiffusion.inference.utils][INFO] - Sampled motif RMSD: 0.26
[2026-04-24 07:59:28,205][rfdiffusion.inference.model_runners][INFO] - Timestep 19, input to next step: -----------------------------------GGGGGGGGGGGGGGGGGGGGGGGGGGGGGGGGGGGGGGGG------------------------------------------
[2026-04-24 07:59:34,980][rfdiffusion.inference.utils][INFO] - Sampled motif RMSD: 0.26
[2026-04-24 07:59:35,460][rfdiffusion.inference.model_runners][INFO] - Timestep 18, input to next step: -----------------------------------GGGGGGGGGGGGGGGGGGGGGGGGGGGGGGGGGGGGGGGG------------------------------------------
[2026-04-24 07:59:42,038][rfdiffusion.inference.utils][INFO] - Sampled motif RMSD: 0.26
[2026-04-24 07:59:42,302][rfdiffusion.inference.model_runners][INFO] - Timestep 17, input to next step: -----------------------------------GGGGGGGGGGGGGGGGGGGGGGGGGGGGGGGGGGGGGGGG------------------------------------------
[2026-04-24 07:59:48,517][rfdiffusion.inference.utils][INFO] - Sampled motif RMSD: 0.26
[2026-04-24 07:59:48,874][rfdiffusion.inference.model_runners][INFO] - Timestep 16, input to next step: -----------------------------------GGGGGGGGGGGGGGGGGGGGGGGGGGGGGGGGGGGGGGGG------------------------------------------
[2026-04-24 07:59:53,126][rfdiffusion.inference.utils][INFO] - Sampled motif RMSD: 0.27
[2026-04-24 07:59:53,580][rfdiffusion.inference.model_runners][INFO] - Timestep 15, input to next step: -----------------------------------GGGGGGGGGGGGGGGGGGGGGGGGGGGGGGGGGGGGGGGG------------------------------------------
[2026-04-24 07:59:59,284][rfdiffusion.inference.utils][INFO] - Sampled motif RMSD: 0.26
[2026-04-24 07:59:59,509][rfdiffusion.inference.model_runners][INFO] - Timestep 14, input to next step: -----------------------------------GGGGGGGGGGGGGGGGGGGGGGGGGGGGGGGGGGGGGGGG------------------------------------------
[2026-04-24 08:00:05,026][rfdiffusion.inference.utils][INFO] - Sampled motif RMSD: 0.27
[2026-04-24 08:00:05,346][rfdiffusion.inference.model_runners][INFO] - Timestep 13, input to next step: -----------------------------------GGGGGGGGGGGGGGGGGGGGGGGGGGGGGGGGGGGGGGGG------------------------------------------
[2026-04-24 08:00:10,319][rfdiffusion.inference.utils][INFO] - Sampled motif RMSD: 0.28
[2026-04-24 08:00:10,513][rfdiffusion.inference.model_runners][INFO] - Timestep 12, input to next step: -----------------------------------GGGGGGGGGGGGGGGGGGGGGGGGGGGGGGGGGGGGGGGG------------------------------------------
[2026-04-24 08:00:15,006][rfdiffusion.inference.utils][INFO] - Sampled motif RMSD: 0.30
[2026-04-24 08:00:15,225][rfdiffusion.inference.model_runners][INFO] - Timestep 11, input to next step: -----------------------------------GGGGGGGGGGGGGGGGGGGGGGGGGGGGGGGGGGGGGGGG------------------------------------------
[2026-04-24 08:00:18,997][rfdiffusion.inference.utils][INFO] - Sampled motif RMSD: 0.31
[2026-04-24 08:00:19,287][rfdiffusion.inference.model_runners][INFO] - Timestep 10, input to next step: -----------------------------------GGGGGGGGGGGGGGGGGGGGGGGGGGGGGGGGGGGGGGGG------------------------------------------
[2026-04-24 08:00:23,954][rfdiffusion.inference.utils][INFO] - Sampled motif RMSD: 0.32
[2026-04-24 08:00:24,263][rfdiffusion.inference.model_runners][INFO] - Timestep 9, input to next step: -----------------------------------GGGGGGGGGGGGGGGGGGGGGGGGGGGGGGGGGGGGGGGG------------------------------------------
[2026-04-24 08:00:29,338][rfdiffusion.inference.utils][INFO] - Sampled motif RMSD: 0.31
[2026-04-24 08:00:29,639][rfdiffusion.inference.model_runners][INFO] - Timestep 8, input to next step: -----------------------------------GGGGGGGGGGGGGGGGGGGGGGGGGGGGGGGGGGGGGGGG------------------------------------------
[2026-04-24 08:00:35,050][rfdiffusion.inference.utils][INFO] - Sampled motif RMSD: 0.31
[2026-04-24 08:00:35,334][rfdiffusion.inference.model_runners][INFO] - Timestep 7, input to next step: -----------------------------------GGGGGGGGGGGGGGGGGGGGGGGGGGGGGGGGGGGGGGGG------------------------------------------
[2026-04-24 08:00:38,729][rfdiffusion.inference.utils][INFO] - Sampled motif RMSD: 0.31
[2026-04-24 08:00:39,239][rfdiffusion.inference.model_runners][INFO] - Timestep 6, input to next step: -----------------------------------GGGGGGGGGGGGGGGGGGGGGGGGGGGGGGGGGGGGGGGG------------------------------------------
[2026-04-24 08:00:43,977][rfdiffusion.inference.utils][INFO] - Sampled motif RMSD: 0.31
[2026-04-24 08:00:44,191][rfdiffusion.inference.model_runners][INFO] - Timestep 5, input to next step: -----------------------------------GGGGGGGGGGGGGGGGGGGGGGGGGGGGGGGGGGGGGGGG------------------------------------------
[2026-04-24 08:00:49,585][rfdiffusion.inference.utils][INFO] - Sampled motif RMSD: 0.32
[2026-04-24 08:00:49,976][rfdiffusion.inference.model_runners][INFO] - Timestep 4, input to next step: -----------------------------------GGGGGGGGGGGGGGGGGGGGGGGGGGGGGGGGGGGGGGGG------------------------------------------
[2026-04-24 08:00:55,890][rfdiffusion.inference.utils][INFO] - Sampled motif RMSD: 0.32
[2026-04-24 08:00:56,285][rfdiffusion.inference.model_runners][INFO] - Timestep 3, input to next step: -----------------------------------GGGGGGGGGGGGGGGGGGGGGGGGGGGGGGGGGGGGGGGG------------------------------------------
[2026-04-24 08:01:01,410][rfdiffusion.inference.utils][INFO] - Sampled motif RMSD: 0.33
[2026-04-24 08:01:01,663][rfdiffusion.inference.model_runners][INFO] - Timestep 2, input to next step: -----------------------------------GGGGGGGGGGGGGGGGGGGGGGGGGGGGGGGGGGGGGGGG------------------------------------------
[2026-04-24 08:01:11,189][__main__][INFO] - Finished design in 5.53 minutes
