[2026-04-24 07:30:44,021][__main__][INFO] - Found GPU with device_name NVIDIA A100-SXM4-80GB. Will run RFdiffusion on NVIDIA A100-SXM4-80GB
Reading models from /lambda/nfs/manvi/Team_8_CS598GBL/RFdiffusion/rfdiffusion/inference/../../models
[2026-04-24 07:30:44,022][rfdiffusion.inference.model_runners][INFO] - Reading checkpoint from /lambda/nfs/manvi/Team_8_CS598GBL/RFdiffusion/rfdiffusion/inference/../../models/Base_ckpt.pt
This is inf_conf.ckpt_path
/lambda/nfs/manvi/Team_8_CS598GBL/RFdiffusion/rfdiffusion/inference/../../models/Base_ckpt.pt
Assembling -model, -diffuser and -preprocess configs from checkpoint
USING MODEL CONFIG: self._conf[model][n_extra_block] = 4
USING MODEL CONFIG: self._conf[model][n_main_block] = 32
USING MODEL CONFIG: self._conf[model][n_ref_block] = 4
USING MODEL CONFIG: self._conf[model][d_msa] = 256
USING MODEL CONFIG: self._conf[model][d_msa_full] = 64
USING MODEL CONFIG: self._conf[model][d_pair] = 128
USING MODEL CONFIG: self._conf[model][d_templ] = 64
USING MODEL CONFIG: self._conf[model][n_head_msa] = 8
USING MODEL CONFIG: self._conf[model][n_head_pair] = 4
USING MODEL CONFIG: self._conf[model][n_head_templ] = 4
USING MODEL CONFIG: self._conf[model][d_hidden] = 32
USING MODEL CONFIG: self._conf[model][d_hidden_templ] = 32
USING MODEL CONFIG: self._conf[model][p_drop] = 0.15
USING MODEL CONFIG: self._conf[model][SE3_param_full] = {'num_layers': 1, 'num_channels': 32, 'num_degrees': 2, 'n_heads': 4, 'div': 4, 'l0_in_features': 8, 'l0_out_features': 8, 'l1_in_features': 3, 'l1_out_features': 2, 'num_edge_features': 32}
USING MODEL CONFIG: self._conf[model][SE3_param_topk] = {'num_layers': 1, 'num_channels': 32, 'num_degrees': 2, 'n_heads': 4, 'div': 4, 'l0_in_features': 64, 'l0_out_features': 64, 'l1_in_features': 3, 'l1_out_features': 2, 'num_edge_features': 64}
USING MODEL CONFIG: self._conf[model][freeze_track_motif] = False
USING MODEL CONFIG: self._conf[model][use_motif_timestep] = True
USING MODEL CONFIG: self._conf[diffuser][T] = 50
USING MODEL CONFIG: self._conf[diffuser][b_0] = 0.01
USING MODEL CONFIG: self._conf[diffuser][b_T] = 0.07
USING MODEL CONFIG: self._conf[diffuser][schedule_type] = linear
USING MODEL CONFIG: self._conf[diffuser][so3_type] = igso3
USING MODEL CONFIG: self._conf[diffuser][crd_scale] = 0.25
USING MODEL CONFIG: self._conf[diffuser][so3_schedule_type] = linear
USING MODEL CONFIG: self._conf[diffuser][min_b] = 1.5
USING MODEL CONFIG: self._conf[diffuser][max_b] = 2.5
USING MODEL CONFIG: self._conf[diffuser][min_sigma] = 0.02
USING MODEL CONFIG: self._conf[diffuser][max_sigma] = 1.5
USING MODEL CONFIG: self._conf[preprocess][sidechain_input] = False
USING MODEL CONFIG: self._conf[preprocess][motif_sidechain_input] = True
USING MODEL CONFIG: self._conf[preprocess][d_t1d] = 22
USING MODEL CONFIG: self._conf[preprocess][d_t2d] = 44
USING MODEL CONFIG: self._conf[preprocess][prob_self_cond] = 0.5
USING MODEL CONFIG: self._conf[preprocess][str_self_cond] = True
USING MODEL CONFIG: self._conf[preprocess][predict_previous] = False
[2026-04-24 07:31:34,282][rfdiffusion.inference.model_runners][INFO] - Loading checkpoint.
[2026-04-24 07:31:53,185][rfdiffusion.diffusion][INFO] - Using cached IGSO3.
Successful diffuser __init__
[2026-04-24 07:31:53,297][__main__][INFO] - Making design /lambda/nfs/manvi/Team_8_CS598GBL/outputs/custom90_128_motif_scaffolding/default/len_121/cterm/scaffold_0
[2026-04-24 07:31:53,334][rfdiffusion.inference.model_runners][INFO] - Using contig: ['24-40/A96-121']
With this beta schedule (linear schedule, beta_0 = 0.04, beta_T = 0.28), alpha_bar_T = 0.00013696048699785024
[2026-04-24 07:31:53,662][rfdiffusion.inference.model_runners][INFO] - Sequence init: -------------------------------------GGGGGGGGGGGGGGGGGGGGGGGGGG
[2026-04-24 07:32:01,698][rfdiffusion.inference.utils][INFO] - Sampled motif RMSD: 0.40
[2026-04-24 07:32:02,193][rfdiffusion.inference.model_runners][INFO] - Timestep 50, input to next step: -------------------------------------GGGGGGGGGGGGGGGGGGGGGGGGGG
[2026-04-24 07:32:05,482][rfdiffusion.inference.utils][INFO] - Sampled motif RMSD: 0.39
[2026-04-24 07:32:05,819][rfdiffusion.inference.model_runners][INFO] - Timestep 49, input to next step: -------------------------------------GGGGGGGGGGGGGGGGGGGGGGGGGG
[2026-04-24 07:32:09,549][rfdiffusion.inference.utils][INFO] - Sampled motif RMSD: 0.46
[2026-04-24 07:32:09,772][rfdiffusion.inference.model_runners][INFO] - Timestep 48, input to next step: -------------------------------------GGGGGGGGGGGGGGGGGGGGGGGGGG
[2026-04-24 07:32:12,969][rfdiffusion.inference.utils][INFO] - Sampled motif RMSD: 0.46
[2026-04-24 07:32:13,122][rfdiffusion.inference.model_runners][INFO] - Timestep 47, input to next step: -------------------------------------GGGGGGGGGGGGGGGGGGGGGGGGGG
[2026-04-24 07:32:16,983][rfdiffusion.inference.utils][INFO] - Sampled motif RMSD: 0.42
[2026-04-24 07:32:17,114][rfdiffusion.inference.model_runners][INFO] - Timestep 46, input to next step: -------------------------------------GGGGGGGGGGGGGGGGGGGGGGGGGG
[2026-04-24 07:32:22,096][rfdiffusion.inference.utils][INFO] - Sampled motif RMSD: 0.45
[2026-04-24 07:32:22,270][rfdiffusion.inference.model_runners][INFO] - Timestep 45, input to next step: -------------------------------------GGGGGGGGGGGGGGGGGGGGGGGGGG
[2026-04-24 07:32:25,710][rfdiffusion.inference.utils][INFO] - Sampled motif RMSD: 0.46
[2026-04-24 07:32:26,118][rfdiffusion.inference.model_runners][INFO] - Timestep 44, input to next step: -------------------------------------GGGGGGGGGGGGGGGGGGGGGGGGGG
[2026-04-24 07:32:29,908][rfdiffusion.inference.utils][INFO] - Sampled motif RMSD: 0.45
[2026-04-24 07:32:30,294][rfdiffusion.inference.model_runners][INFO] - Timestep 43, input to next step: -------------------------------------GGGGGGGGGGGGGGGGGGGGGGGGGG
[2026-04-24 07:32:33,310][rfdiffusion.inference.utils][INFO] - Sampled motif RMSD: 0.45
[2026-04-24 07:32:33,604][rfdiffusion.inference.model_runners][INFO] - Timestep 42, input to next step: -------------------------------------GGGGGGGGGGGGGGGGGGGGGGGGGG
[2026-04-24 07:32:36,715][rfdiffusion.inference.utils][INFO] - Sampled motif RMSD: 0.44
[2026-04-24 07:32:37,046][rfdiffusion.inference.model_runners][INFO] - Timestep 41, input to next step: -------------------------------------GGGGGGGGGGGGGGGGGGGGGGGGGG
[2026-04-24 07:32:40,595][rfdiffusion.inference.utils][INFO] - Sampled motif RMSD: 0.44
[2026-04-24 07:32:40,960][rfdiffusion.inference.model_runners][INFO] - Timestep 40, input to next step: -------------------------------------GGGGGGGGGGGGGGGGGGGGGGGGGG
[2026-04-24 07:32:45,552][rfdiffusion.inference.utils][INFO] - Sampled motif RMSD: 0.43
[2026-04-24 07:32:45,812][rfdiffusion.inference.model_runners][INFO] - Timestep 39, input to next step: -------------------------------------GGGGGGGGGGGGGGGGGGGGGGGGGG
[2026-04-24 07:32:50,109][rfdiffusion.inference.utils][INFO] - Sampled motif RMSD: 0.41
[2026-04-24 07:32:50,423][rfdiffusion.inference.model_runners][INFO] - Timestep 38, input to next step: -------------------------------------GGGGGGGGGGGGGGGGGGGGGGGGGG
[2026-04-24 07:32:54,043][rfdiffusion.inference.utils][INFO] - Sampled motif RMSD: 0.42
[2026-04-24 07:32:54,427][rfdiffusion.inference.model_runners][INFO] - Timestep 37, input to next step: -------------------------------------GGGGGGGGGGGGGGGGGGGGGGGGGG
[2026-04-24 07:32:57,754][rfdiffusion.inference.utils][INFO] - Sampled motif RMSD: 0.42
[2026-04-24 07:32:58,186][rfdiffusion.inference.model_runners][INFO] - Timestep 36, input to next step: -------------------------------------GGGGGGGGGGGGGGGGGGGGGGGGGG
[2026-04-24 07:33:01,072][rfdiffusion.inference.utils][INFO] - Sampled motif RMSD: 0.42
[2026-04-24 07:33:01,358][rfdiffusion.inference.model_runners][INFO] - Timestep 35, input to next step: -------------------------------------GGGGGGGGGGGGGGGGGGGGGGGGGG
[2026-04-24 07:33:05,261][rfdiffusion.inference.utils][INFO] - Sampled motif RMSD: 0.42
[2026-04-24 07:33:05,450][rfdiffusion.inference.model_runners][INFO] - Timestep 34, input to next step: -------------------------------------GGGGGGGGGGGGGGGGGGGGGGGGGG
[2026-04-24 07:33:08,872][rfdiffusion.inference.utils][INFO] - Sampled motif RMSD: 0.41
[2026-04-24 07:33:09,211][rfdiffusion.inference.model_runners][INFO] - Timestep 33, input to next step: -------------------------------------GGGGGGGGGGGGGGGGGGGGGGGGGG
[2026-04-24 07:33:13,183][rfdiffusion.inference.utils][INFO] - Sampled motif RMSD: 0.45
[2026-04-24 07:33:13,335][rfdiffusion.inference.model_runners][INFO] - Timestep 32, input to next step: -------------------------------------GGGGGGGGGGGGGGGGGGGGGGGGGG
[2026-04-24 07:33:17,694][rfdiffusion.inference.utils][INFO] - Sampled motif RMSD: 0.48
[2026-04-24 07:33:18,197][rfdiffusion.inference.model_runners][INFO] - Timestep 31, input to next step: -------------------------------------GGGGGGGGGGGGGGGGGGGGGGGGGG
[2026-04-24 07:33:21,677][rfdiffusion.inference.utils][INFO] - Sampled motif RMSD: 0.51
[2026-04-24 07:33:22,360][rfdiffusion.inference.model_runners][INFO] - Timestep 30, input to next step: -------------------------------------GGGGGGGGGGGGGGGGGGGGGGGGGG
[2026-04-24 07:33:25,307][rfdiffusion.inference.utils][INFO] - Sampled motif RMSD: 0.52
[2026-04-24 07:33:25,651][rfdiffusion.inference.model_runners][INFO] - Timestep 29, input to next step: -------------------------------------GGGGGGGGGGGGGGGGGGGGGGGGGG
[2026-04-24 07:33:29,723][rfdiffusion.inference.utils][INFO] - Sampled motif RMSD: 0.54
[2026-04-24 07:33:30,009][rfdiffusion.inference.model_runners][INFO] - Timestep 28, input to next step: -------------------------------------GGGGGGGGGGGGGGGGGGGGGGGGGG
[2026-04-24 07:33:33,342][rfdiffusion.inference.utils][INFO] - Sampled motif RMSD: 0.57
[2026-04-24 07:33:33,536][rfdiffusion.inference.model_runners][INFO] - Timestep 27, input to next step: -------------------------------------GGGGGGGGGGGGGGGGGGGGGGGGGG
[2026-04-24 07:33:35,746][rfdiffusion.inference.utils][INFO] - Sampled motif RMSD: 0.56
[2026-04-24 07:33:36,392][rfdiffusion.inference.model_runners][INFO] - Timestep 26, input to next step: -------------------------------------GGGGGGGGGGGGGGGGGGGGGGGGGG
[2026-04-24 07:33:39,449][rfdiffusion.inference.utils][INFO] - Sampled motif RMSD: 0.55
[2026-04-24 07:33:39,760][rfdiffusion.inference.model_runners][INFO] - Timestep 25, input to next step: -------------------------------------GGGGGGGGGGGGGGGGGGGGGGGGGG
[2026-04-24 07:33:43,625][rfdiffusion.inference.utils][INFO] - Sampled motif RMSD: 0.56
[2026-04-24 07:33:44,065][rfdiffusion.inference.model_runners][INFO] - Timestep 24, input to next step: -------------------------------------GGGGGGGGGGGGGGGGGGGGGGGGGG
[2026-04-24 07:33:48,732][rfdiffusion.inference.utils][INFO] - Sampled motif RMSD: 0.53
[2026-04-24 07:33:49,007][rfdiffusion.inference.model_runners][INFO] - Timestep 23, input to next step: -------------------------------------GGGGGGGGGGGGGGGGGGGGGGGGGG
[2026-04-24 07:33:52,497][rfdiffusion.inference.utils][INFO] - Sampled motif RMSD: 0.54
[2026-04-24 07:33:52,775][rfdiffusion.inference.model_runners][INFO] - Timestep 22, input to next step: -------------------------------------GGGGGGGGGGGGGGGGGGGGGGGGGG
[2026-04-24 07:33:57,138][rfdiffusion.inference.utils][INFO] - Sampled motif RMSD: 0.58
[2026-04-24 07:33:57,360][rfdiffusion.inference.model_runners][INFO] - Timestep 21, input to next step: -------------------------------------GGGGGGGGGGGGGGGGGGGGGGGGGG
[2026-04-24 07:34:00,313][rfdiffusion.inference.utils][INFO] - Sampled motif RMSD: 0.58
[2026-04-24 07:34:00,728][rfdiffusion.inference.model_runners][INFO] - Timestep 20, input to next step: -------------------------------------GGGGGGGGGGGGGGGGGGGGGGGGGG
[2026-04-24 07:34:04,490][rfdiffusion.inference.utils][INFO] - Sampled motif RMSD: 0.56
[2026-04-24 07:34:04,866][rfdiffusion.inference.model_runners][INFO] - Timestep 19, input to next step: -------------------------------------GGGGGGGGGGGGGGGGGGGGGGGGGG
[2026-04-24 07:34:10,508][rfdiffusion.inference.utils][INFO] - Sampled motif RMSD: 0.57
[2026-04-24 07:34:10,647][rfdiffusion.inference.model_runners][INFO] - Timestep 18, input to next step: -------------------------------------GGGGGGGGGGGGGGGGGGGGGGGGGG
[2026-04-24 07:34:14,442][rfdiffusion.inference.utils][INFO] - Sampled motif RMSD: 0.60
[2026-04-24 07:34:14,719][rfdiffusion.inference.model_runners][INFO] - Timestep 17, input to next step: -------------------------------------GGGGGGGGGGGGGGGGGGGGGGGGGG
[2026-04-24 07:34:18,204][rfdiffusion.inference.utils][INFO] - Sampled motif RMSD: 0.59
[2026-04-24 07:34:18,470][rfdiffusion.inference.model_runners][INFO] - Timestep 16, input to next step: -------------------------------------GGGGGGGGGGGGGGGGGGGGGGGGGG
[2026-04-24 07:34:23,196][rfdiffusion.inference.utils][INFO] - Sampled motif RMSD: 0.58
[2026-04-24 07:34:23,399][rfdiffusion.inference.model_runners][INFO] - Timestep 15, input to next step: -------------------------------------GGGGGGGGGGGGGGGGGGGGGGGGGG
[2026-04-24 07:34:25,773][rfdiffusion.inference.utils][INFO] - Sampled motif RMSD: 0.59
[2026-04-24 07:34:26,075][rfdiffusion.inference.model_runners][INFO] - Timestep 14, input to next step: -------------------------------------GGGGGGGGGGGGGGGGGGGGGGGGGG
[2026-04-24 07:34:29,389][rfdiffusion.inference.utils][INFO] - Sampled motif RMSD: 0.59
[2026-04-24 07:34:29,943][rfdiffusion.inference.model_runners][INFO] - Timestep 13, input to next step: -------------------------------------GGGGGGGGGGGGGGGGGGGGGGGGGG
[2026-04-24 07:34:34,161][rfdiffusion.inference.utils][INFO] - Sampled motif RMSD: 0.56
[2026-04-24 07:34:34,400][rfdiffusion.inference.model_runners][INFO] - Timestep 12, input to next step: -------------------------------------GGGGGGGGGGGGGGGGGGGGGGGGGG
[2026-04-24 07:34:38,099][rfdiffusion.inference.utils][INFO] - Sampled motif RMSD: 0.53
[2026-04-24 07:34:38,334][rfdiffusion.inference.model_runners][INFO] - Timestep 11, input to next step: -------------------------------------GGGGGGGGGGGGGGGGGGGGGGGGGG
[2026-04-24 07:34:42,430][rfdiffusion.inference.utils][INFO] - Sampled motif RMSD: 0.50
[2026-04-24 07:34:42,610][rfdiffusion.inference.model_runners][INFO] - Timestep 10, input to next step: -------------------------------------GGGGGGGGGGGGGGGGGGGGGGGGGG
[2026-04-24 07:34:45,109][rfdiffusion.inference.utils][INFO] - Sampled motif RMSD: 0.47
[2026-04-24 07:34:45,501][rfdiffusion.inference.model_runners][INFO] - Timestep 9, input to next step: -------------------------------------GGGGGGGGGGGGGGGGGGGGGGGGGG
[2026-04-24 07:34:49,397][rfdiffusion.inference.utils][INFO] - Sampled motif RMSD: 0.49
[2026-04-24 07:34:49,804][rfdiffusion.inference.model_runners][INFO] - Timestep 8, input to next step: -------------------------------------GGGGGGGGGGGGGGGGGGGGGGGGGG
[2026-04-24 07:34:54,521][rfdiffusion.inference.utils][INFO] - Sampled motif RMSD: 0.48
[2026-04-24 07:34:54,773][rfdiffusion.inference.model_runners][INFO] - Timestep 7, input to next step: -------------------------------------GGGGGGGGGGGGGGGGGGGGGGGGGG
[2026-04-24 07:34:58,137][rfdiffusion.inference.utils][INFO] - Sampled motif RMSD: 0.49
[2026-04-24 07:34:58,521][rfdiffusion.inference.model_runners][INFO] - Timestep 6, input to next step: -------------------------------------GGGGGGGGGGGGGGGGGGGGGGGGGG
[2026-04-24 07:35:01,828][rfdiffusion.inference.utils][INFO] - Sampled motif RMSD: 0.49
[2026-04-24 07:35:02,148][rfdiffusion.inference.model_runners][INFO] - Timestep 5, input to next step: -------------------------------------GGGGGGGGGGGGGGGGGGGGGGGGGG
[2026-04-24 07:35:06,208][rfdiffusion.inference.utils][INFO] - Sampled motif RMSD: 0.47
[2026-04-24 07:35:06,414][rfdiffusion.inference.model_runners][INFO] - Timestep 4, input to next step: -------------------------------------GGGGGGGGGGGGGGGGGGGGGGGGGG
[2026-04-24 07:35:10,497][rfdiffusion.inference.utils][INFO] - Sampled motif RMSD: 0.47
[2026-04-24 07:35:10,793][rfdiffusion.inference.model_runners][INFO] - Timestep 3, input to next step: -------------------------------------GGGGGGGGGGGGGGGGGGGGGGGGGG
[2026-04-24 07:35:14,064][rfdiffusion.inference.utils][INFO] - Sampled motif RMSD: 0.47
[2026-04-24 07:35:14,285][rfdiffusion.inference.model_runners][INFO] - Timestep 2, input to next step: -------------------------------------GGGGGGGGGGGGGGGGGGGGGGGGGG
[2026-04-24 07:35:19,750][__main__][INFO] - Finished design in 3.44 minutes
[2026-04-24 07:35:19,754][__main__][INFO] - Making design /lambda/nfs/manvi/Team_8_CS598GBL/outputs/custom90_128_motif_scaffolding/default/len_121/cterm/scaffold_1
[2026-04-24 07:35:19,778][rfdiffusion.inference.model_runners][INFO] - Using contig: ['24-40/A96-121']
With this beta schedule (linear schedule, beta_0 = 0.04, beta_T = 0.28), alpha_bar_T = 0.00013696048699785024
[2026-04-24 07:35:20,099][rfdiffusion.inference.model_runners][INFO] - Sequence init: ---------------------------------GGGGGGGGGGGGGGGGGGGGGGGGGG
[2026-04-24 07:35:25,917][rfdiffusion.inference.utils][INFO] - Sampled motif RMSD: 0.37
[2026-04-24 07:35:26,147][rfdiffusion.inference.model_runners][INFO] - Timestep 50, input to next step: ---------------------------------GGGGGGGGGGGGGGGGGGGGGGGGGG
[2026-04-24 07:35:30,166][rfdiffusion.inference.utils][INFO] - Sampled motif RMSD: 0.37
[2026-04-24 07:35:30,346][rfdiffusion.inference.model_runners][INFO] - Timestep 49, input to next step: ---------------------------------GGGGGGGGGGGGGGGGGGGGGGGGGG
[2026-04-24 07:35:33,495][rfdiffusion.inference.utils][INFO] - Sampled motif RMSD: 0.40
[2026-04-24 07:35:33,768][rfdiffusion.inference.model_runners][INFO] - Timestep 48, input to next step: ---------------------------------GGGGGGGGGGGGGGGGGGGGGGGGGG
[2026-04-24 07:35:36,458][rfdiffusion.inference.utils][INFO] - Sampled motif RMSD: 0.41
[2026-04-24 07:35:36,984][rfdiffusion.inference.model_runners][INFO] - Timestep 47, input to next step: ---------------------------------GGGGGGGGGGGGGGGGGGGGGGGGGG
[2026-04-24 07:35:40,568][rfdiffusion.inference.utils][INFO] - Sampled motif RMSD: 0.41
[2026-04-24 07:35:40,759][rfdiffusion.inference.model_runners][INFO] - Timestep 46, input to next step: ---------------------------------GGGGGGGGGGGGGGGGGGGGGGGGGG
[2026-04-24 07:35:43,703][rfdiffusion.inference.utils][INFO] - Sampled motif RMSD: 0.40
[2026-04-24 07:35:43,945][rfdiffusion.inference.model_runners][INFO] - Timestep 45, input to next step: ---------------------------------GGGGGGGGGGGGGGGGGGGGGGGGGG
[2026-04-24 07:35:48,468][rfdiffusion.inference.utils][INFO] - Sampled motif RMSD: 0.40
[2026-04-24 07:35:48,683][rfdiffusion.inference.model_runners][INFO] - Timestep 44, input to next step: ---------------------------------GGGGGGGGGGGGGGGGGGGGGGGGGG
[2026-04-24 07:35:52,307][rfdiffusion.inference.utils][INFO] - Sampled motif RMSD: 0.41
[2026-04-24 07:35:52,575][rfdiffusion.inference.model_runners][INFO] - Timestep 43, input to next step: ---------------------------------GGGGGGGGGGGGGGGGGGGGGGGGGG
[2026-04-24 07:35:57,020][rfdiffusion.inference.utils][INFO] - Sampled motif RMSD: 0.40
[2026-04-24 07:35:57,234][rfdiffusion.inference.model_runners][INFO] - Timestep 42, input to next step: ---------------------------------GGGGGGGGGGGGGGGGGGGGGGGGGG
[2026-04-24 07:35:59,641][rfdiffusion.inference.utils][INFO] - Sampled motif RMSD: 0.41
[2026-04-24 07:35:59,973][rfdiffusion.inference.model_runners][INFO] - Timestep 41, input to next step: ---------------------------------GGGGGGGGGGGGGGGGGGGGGGGGGG
[2026-04-24 07:36:03,592][rfdiffusion.inference.utils][INFO] - Sampled motif RMSD: 0.42
[2026-04-24 07:36:03,997][rfdiffusion.inference.model_runners][INFO] - Timestep 40, input to next step: ---------------------------------GGGGGGGGGGGGGGGGGGGGGGGGGG
[2026-04-24 07:36:07,214][rfdiffusion.inference.utils][INFO] - Sampled motif RMSD: 0.42
[2026-04-24 07:36:07,697][rfdiffusion.inference.model_runners][INFO] - Timestep 39, input to next step: ---------------------------------GGGGGGGGGGGGGGGGGGGGGGGGGG
[2026-04-24 07:36:11,161][rfdiffusion.inference.utils][INFO] - Sampled motif RMSD: 0.43
[2026-04-24 07:36:11,400][rfdiffusion.inference.model_runners][INFO] - Timestep 38, input to next step: ---------------------------------GGGGGGGGGGGGGGGGGGGGGGGGGG
[2026-04-24 07:36:15,032][rfdiffusion.inference.utils][INFO] - Sampled motif RMSD: 0.45
[2026-04-24 07:36:15,239][rfdiffusion.inference.model_runners][INFO] - Timestep 37, input to next step: ---------------------------------GGGGGGGGGGGGGGGGGGGGGGGGGG
[2026-04-24 07:36:17,605][rfdiffusion.inference.utils][INFO] - Sampled motif RMSD: 0.47
[2026-04-24 07:36:17,730][rfdiffusion.inference.model_runners][INFO] - Timestep 36, input to next step: ---------------------------------GGGGGGGGGGGGGGGGGGGGGGGGGG
[2026-04-24 07:36:21,316][rfdiffusion.inference.utils][INFO] - Sampled motif RMSD: 0.49
[2026-04-24 07:36:21,598][rfdiffusion.inference.model_runners][INFO] - Timestep 35, input to next step: ---------------------------------GGGGGGGGGGGGGGGGGGGGGGGGGG
[2026-04-24 07:36:24,652][rfdiffusion.inference.utils][INFO] - Sampled motif RMSD: 0.53
[2026-04-24 07:36:24,976][rfdiffusion.inference.model_runners][INFO] - Timestep 34, input to next step: ---------------------------------GGGGGGGGGGGGGGGGGGGGGGGGGG
[2026-04-24 07:36:26,977][rfdiffusion.inference.utils][INFO] - Sampled motif RMSD: 0.51
[2026-04-24 07:36:27,185][rfdiffusion.inference.model_runners][INFO] - Timestep 33, input to next step: ---------------------------------GGGGGGGGGGGGGGGGGGGGGGGGGG
[2026-04-24 07:36:30,774][rfdiffusion.inference.utils][INFO] - Sampled motif RMSD: 0.52
[2026-04-24 07:36:30,936][rfdiffusion.inference.model_runners][INFO] - Timestep 32, input to next step: ---------------------------------GGGGGGGGGGGGGGGGGGGGGGGGGG
[2026-04-24 07:36:34,046][rfdiffusion.inference.utils][INFO] - Sampled motif RMSD: 0.53
[2026-04-24 07:36:34,206][rfdiffusion.inference.model_runners][INFO] - Timestep 31, input to next step: ---------------------------------GGGGGGGGGGGGGGGGGGGGGGGGGG
[2026-04-24 07:36:37,391][rfdiffusion.inference.utils][INFO] - Sampled motif RMSD: 0.54
[2026-04-24 07:36:37,565][rfdiffusion.inference.model_runners][INFO] - Timestep 30, input to next step: ---------------------------------GGGGGGGGGGGGGGGGGGGGGGGGGG
[2026-04-24 07:36:42,060][rfdiffusion.inference.utils][INFO] - Sampled motif RMSD: 0.56
[2026-04-24 07:36:42,219][rfdiffusion.inference.model_runners][INFO] - Timestep 29, input to next step: ---------------------------------GGGGGGGGGGGGGGGGGGGGGGGGGG
[2026-04-24 07:36:45,776][rfdiffusion.inference.utils][INFO] - Sampled motif RMSD: 0.52
[2026-04-24 07:36:46,174][rfdiffusion.inference.model_runners][INFO] - Timestep 28, input to next step: ---------------------------------GGGGGGGGGGGGGGGGGGGGGGGGGG
[2026-04-24 07:36:49,042][rfdiffusion.inference.utils][INFO] - Sampled motif RMSD: 0.56
[2026-04-24 07:36:49,356][rfdiffusion.inference.model_runners][INFO] - Timestep 27, input to next step: ---------------------------------GGGGGGGGGGGGGGGGGGGGGGGGGG
[2026-04-24 07:36:53,163][rfdiffusion.inference.utils][INFO] - Sampled motif RMSD: 0.57
[2026-04-24 07:36:53,303][rfdiffusion.inference.model_runners][INFO] - Timestep 26, input to next step: ---------------------------------GGGGGGGGGGGGGGGGGGGGGGGGGG
[2026-04-24 07:36:56,556][rfdiffusion.inference.utils][INFO] - Sampled motif RMSD: 0.56
[2026-04-24 07:36:56,843][rfdiffusion.inference.model_runners][INFO] - Timestep 25, input to next step: ---------------------------------GGGGGGGGGGGGGGGGGGGGGGGGGG
[2026-04-24 07:37:00,530][rfdiffusion.inference.utils][INFO] - Sampled motif RMSD: 0.56
[2026-04-24 07:37:00,597][rfdiffusion.inference.model_runners][INFO] - Timestep 24, input to next step: ---------------------------------GGGGGGGGGGGGGGGGGGGGGGGGGG
[2026-04-24 07:37:04,989][rfdiffusion.inference.utils][INFO] - Sampled motif RMSD: 0.57
[2026-04-24 07:37:05,192][rfdiffusion.inference.model_runners][INFO] - Timestep 23, input to next step: ---------------------------------GGGGGGGGGGGGGGGGGGGGGGGGGG
[2026-04-24 07:37:09,051][rfdiffusion.inference.utils][INFO] - Sampled motif RMSD: 0.56
[2026-04-24 07:37:09,289][rfdiffusion.inference.model_runners][INFO] - Timestep 22, input to next step: ---------------------------------GGGGGGGGGGGGGGGGGGGGGGGGGG
[2026-04-24 07:37:12,068][rfdiffusion.inference.utils][INFO] - Sampled motif RMSD: 0.57
[2026-04-24 07:37:12,425][rfdiffusion.inference.model_runners][INFO] - Timestep 21, input to next step: ---------------------------------GGGGGGGGGGGGGGGGGGGGGGGGGG
[2026-04-24 07:37:16,365][rfdiffusion.inference.utils][INFO] - Sampled motif RMSD: 0.56
[2026-04-24 07:37:16,620][rfdiffusion.inference.model_runners][INFO] - Timestep 20, input to next step: ---------------------------------GGGGGGGGGGGGGGGGGGGGGGGGGG
[2026-04-24 07:37:19,700][rfdiffusion.inference.utils][INFO] - Sampled motif RMSD: 0.58
[2026-04-24 07:37:20,030][rfdiffusion.inference.model_runners][INFO] - Timestep 19, input to next step: ---------------------------------GGGGGGGGGGGGGGGGGGGGGGGGGG
[2026-04-24 07:37:24,155][rfdiffusion.inference.utils][INFO] - Sampled motif RMSD: 0.57
[2026-04-24 07:37:24,382][rfdiffusion.inference.model_runners][INFO] - Timestep 18, input to next step: ---------------------------------GGGGGGGGGGGGGGGGGGGGGGGGGG
[2026-04-24 07:37:28,138][rfdiffusion.inference.utils][INFO] - Sampled motif RMSD: 0.54
[2026-04-24 07:37:28,372][rfdiffusion.inference.model_runners][INFO] - Timestep 17, input to next step: ---------------------------------GGGGGGGGGGGGGGGGGGGGGGGGGG
[2026-04-24 07:37:30,851][rfdiffusion.inference.utils][INFO] - Sampled motif RMSD: 0.53
[2026-04-24 07:37:31,189][rfdiffusion.inference.model_runners][INFO] - Timestep 16, input to next step: ---------------------------------GGGGGGGGGGGGGGGGGGGGGGGGGG
[2026-04-24 07:37:34,540][rfdiffusion.inference.utils][INFO] - Sampled motif RMSD: 0.56
[2026-04-24 07:37:34,692][rfdiffusion.inference.model_runners][INFO] - Timestep 15, input to next step: ---------------------------------GGGGGGGGGGGGGGGGGGGGGGGGGG
[2026-04-24 07:37:38,118][rfdiffusion.inference.utils][INFO] - Sampled motif RMSD: 0.56
[2026-04-24 07:37:38,388][rfdiffusion.inference.model_runners][INFO] - Timestep 14, input to next step: ---------------------------------GGGGGGGGGGGGGGGGGGGGGGGGGG
[2026-04-24 07:37:41,871][rfdiffusion.inference.utils][INFO] - Sampled motif RMSD: 0.56
[2026-04-24 07:37:42,213][rfdiffusion.inference.model_runners][INFO] - Timestep 13, input to next step: ---------------------------------GGGGGGGGGGGGGGGGGGGGGGGGGG
[2026-04-24 07:37:44,392][rfdiffusion.inference.utils][INFO] - Sampled motif RMSD: 0.54
[2026-04-24 07:37:44,715][rfdiffusion.inference.model_runners][INFO] - Timestep 12, input to next step: ---------------------------------GGGGGGGGGGGGGGGGGGGGGGGGGG
[2026-04-24 07:37:48,271][rfdiffusion.inference.utils][INFO] - Sampled motif RMSD: 0.55
[2026-04-24 07:37:48,534][rfdiffusion.inference.model_runners][INFO] - Timestep 11, input to next step: ---------------------------------GGGGGGGGGGGGGGGGGGGGGGGGGG
[2026-04-24 07:37:51,966][rfdiffusion.inference.utils][INFO] - Sampled motif RMSD: 0.55
[2026-04-24 07:37:52,169][rfdiffusion.inference.model_runners][INFO] - Timestep 10, input to next step: ---------------------------------GGGGGGGGGGGGGGGGGGGGGGGGGG
[2026-04-24 07:37:55,545][rfdiffusion.inference.utils][INFO] - Sampled motif RMSD: 0.52
[2026-04-24 07:37:55,752][rfdiffusion.inference.model_runners][INFO] - Timestep 9, input to next step: ---------------------------------GGGGGGGGGGGGGGGGGGGGGGGGGG
[2026-04-24 07:37:58,183][rfdiffusion.inference.utils][INFO] - Sampled motif RMSD: 0.53
[2026-04-24 07:37:58,416][rfdiffusion.inference.model_runners][INFO] - Timestep 8, input to next step: ---------------------------------GGGGGGGGGGGGGGGGGGGGGGGGGG
[2026-04-24 07:38:01,369][rfdiffusion.inference.utils][INFO] - Sampled motif RMSD: 0.52
[2026-04-24 07:38:01,525][rfdiffusion.inference.model_runners][INFO] - Timestep 7, input to next step: ---------------------------------GGGGGGGGGGGGGGGGGGGGGGGGGG
[2026-04-24 07:38:04,485][rfdiffusion.inference.utils][INFO] - Sampled motif RMSD: 0.50
[2026-04-24 07:38:04,734][rfdiffusion.inference.model_runners][INFO] - Timestep 6, input to next step: ---------------------------------GGGGGGGGGGGGGGGGGGGGGGGGGG
[2026-04-24 07:38:07,804][rfdiffusion.inference.utils][INFO] - Sampled motif RMSD: 0.51
[2026-04-24 07:38:08,049][rfdiffusion.inference.model_runners][INFO] - Timestep 5, input to next step: ---------------------------------GGGGGGGGGGGGGGGGGGGGGGGGGG
[2026-04-24 07:38:09,765][rfdiffusion.inference.utils][INFO] - Sampled motif RMSD: 0.53
[2026-04-24 07:38:10,043][rfdiffusion.inference.model_runners][INFO] - Timestep 4, input to next step: ---------------------------------GGGGGGGGGGGGGGGGGGGGGGGGGG
[2026-04-24 07:38:12,864][rfdiffusion.inference.utils][INFO] - Sampled motif RMSD: 0.51
[2026-04-24 07:38:12,959][rfdiffusion.inference.model_runners][INFO] - Timestep 3, input to next step: ---------------------------------GGGGGGGGGGGGGGGGGGGGGGGGGG
[2026-04-24 07:38:16,619][rfdiffusion.inference.utils][INFO] - Sampled motif RMSD: 0.50
[2026-04-24 07:38:16,915][rfdiffusion.inference.model_runners][INFO] - Timestep 2, input to next step: ---------------------------------GGGGGGGGGGGGGGGGGGGGGGGGGG
[2026-04-24 07:38:21,881][__main__][INFO] - Finished design in 3.04 minutes
