[2026-04-24 08:09:33,439][__main__][INFO] - Found GPU with device_name NVIDIA A100-SXM4-80GB. Will run RFdiffusion on NVIDIA A100-SXM4-80GB
Reading models from /lambda/nfs/manvi/Team_8_CS598GBL/RFdiffusion/rfdiffusion/inference/../../models
[2026-04-24 08:09:33,441][rfdiffusion.inference.model_runners][INFO] - Reading checkpoint from /lambda/nfs/manvi/Team_8_CS598GBL/RFdiffusion/rfdiffusion/inference/../../models/Base_ckpt.pt
This is inf_conf.ckpt_path
/lambda/nfs/manvi/Team_8_CS598GBL/RFdiffusion/rfdiffusion/inference/../../models/Base_ckpt.pt
Assembling -model, -diffuser and -preprocess configs from checkpoint
USING MODEL CONFIG: self._conf[model][n_extra_block] = 4
USING MODEL CONFIG: self._conf[model][n_main_block] = 32
USING MODEL CONFIG: self._conf[model][n_ref_block] = 4
USING MODEL CONFIG: self._conf[model][d_msa] = 256
USING MODEL CONFIG: self._conf[model][d_msa_full] = 64
USING MODEL CONFIG: self._conf[model][d_pair] = 128
USING MODEL CONFIG: self._conf[model][d_templ] = 64
USING MODEL CONFIG: self._conf[model][n_head_msa] = 8
USING MODEL CONFIG: self._conf[model][n_head_pair] = 4
USING MODEL CONFIG: self._conf[model][n_head_templ] = 4
USING MODEL CONFIG: self._conf[model][d_hidden] = 32
USING MODEL CONFIG: self._conf[model][d_hidden_templ] = 32
USING MODEL CONFIG: self._conf[model][p_drop] = 0.15
USING MODEL CONFIG: self._conf[model][SE3_param_full] = {'num_layers': 1, 'num_channels': 32, 'num_degrees': 2, 'n_heads': 4, 'div': 4, 'l0_in_features': 8, 'l0_out_features': 8, 'l1_in_features': 3, 'l1_out_features': 2, 'num_edge_features': 32}
USING MODEL CONFIG: self._conf[model][SE3_param_topk] = {'num_layers': 1, 'num_channels': 32, 'num_degrees': 2, 'n_heads': 4, 'div': 4, 'l0_in_features': 64, 'l0_out_features': 64, 'l1_in_features': 3, 'l1_out_features': 2, 'num_edge_features': 64}
USING MODEL CONFIG: self._conf[model][freeze_track_motif] = False
USING MODEL CONFIG: self._conf[model][use_motif_timestep] = True
USING MODEL CONFIG: self._conf[diffuser][T] = 50
USING MODEL CONFIG: self._conf[diffuser][b_0] = 0.01
USING MODEL CONFIG: self._conf[diffuser][b_T] = 0.07
USING MODEL CONFIG: self._conf[diffuser][schedule_type] = linear
USING MODEL CONFIG: self._conf[diffuser][so3_type] = igso3
USING MODEL CONFIG: self._conf[diffuser][crd_scale] = 0.25
USING MODEL CONFIG: self._conf[diffuser][so3_schedule_type] = linear
USING MODEL CONFIG: self._conf[diffuser][min_b] = 1.5
USING MODEL CONFIG: self._conf[diffuser][max_b] = 2.5
USING MODEL CONFIG: self._conf[diffuser][min_sigma] = 0.02
USING MODEL CONFIG: self._conf[diffuser][max_sigma] = 1.5
USING MODEL CONFIG: self._conf[preprocess][sidechain_input] = False
USING MODEL CONFIG: self._conf[preprocess][motif_sidechain_input] = True
USING MODEL CONFIG: self._conf[preprocess][d_t1d] = 22
USING MODEL CONFIG: self._conf[preprocess][d_t2d] = 44
USING MODEL CONFIG: self._conf[preprocess][prob_self_cond] = 0.5
USING MODEL CONFIG: self._conf[preprocess][str_self_cond] = True
USING MODEL CONFIG: self._conf[preprocess][predict_previous] = False
[2026-04-24 08:09:55,949][rfdiffusion.inference.model_runners][INFO] - Loading checkpoint.
[2026-04-24 08:10:01,556][rfdiffusion.diffusion][INFO] - Using cached IGSO3.
Successful diffuser __init__
[2026-04-24 08:10:01,574][__main__][INFO] - Making design /lambda/nfs/manvi/Team_8_CS598GBL/outputs/custom90_128_motif_scaffolding/fast_T20/len_094/mid/scaffold_0
[2026-04-24 08:10:01,579][rfdiffusion.inference.model_runners][INFO] - Using contig: ['18-31/A32-61/18-31']
With this beta schedule (linear schedule, beta_0 = 0.04, beta_T = 0.28), alpha_bar_T = 0.00013696048699785024
[2026-04-24 08:10:01,659][rfdiffusion.inference.model_runners][INFO] - Sequence init: -------------------GGGGGGGGGGGGGGGGGGGGGGGGGGGGGG-----------------------
[2026-04-24 08:10:03,830][rfdiffusion.inference.utils][INFO] - Sampled motif RMSD: 0.22
[2026-04-24 08:10:04,009][rfdiffusion.inference.model_runners][INFO] - Timestep 50, input to next step: -------------------GGGGGGGGGGGGGGGGGGGGGGGGGGGGGG-----------------------
[2026-04-24 08:10:05,869][rfdiffusion.inference.utils][INFO] - Sampled motif RMSD: 0.23
[2026-04-24 08:10:05,965][rfdiffusion.inference.model_runners][INFO] - Timestep 49, input to next step: -------------------GGGGGGGGGGGGGGGGGGGGGGGGGGGGGG-----------------------
[2026-04-24 08:10:06,993][rfdiffusion.inference.utils][INFO] - Sampled motif RMSD: 0.19
[2026-04-24 08:10:07,096][rfdiffusion.inference.model_runners][INFO] - Timestep 48, input to next step: -------------------GGGGGGGGGGGGGGGGGGGGGGGGGGGGGG-----------------------
[2026-04-24 08:10:08,718][rfdiffusion.inference.utils][INFO] - Sampled motif RMSD: 0.22
[2026-04-24 08:10:08,862][rfdiffusion.inference.model_runners][INFO] - Timestep 47, input to next step: -------------------GGGGGGGGGGGGGGGGGGGGGGGGGGGGGG-----------------------
[2026-04-24 08:10:11,401][rfdiffusion.inference.utils][INFO] - Sampled motif RMSD: 0.19
[2026-04-24 08:10:11,551][rfdiffusion.inference.model_runners][INFO] - Timestep 46, input to next step: -------------------GGGGGGGGGGGGGGGGGGGGGGGGGGGGGG-----------------------
[2026-04-24 08:10:14,015][rfdiffusion.inference.utils][INFO] - Sampled motif RMSD: 0.20
[2026-04-24 08:10:14,101][rfdiffusion.inference.model_runners][INFO] - Timestep 45, input to next step: -------------------GGGGGGGGGGGGGGGGGGGGGGGGGGGGGG-----------------------
[2026-04-24 08:10:16,090][rfdiffusion.inference.utils][INFO] - Sampled motif RMSD: 0.19
[2026-04-24 08:10:16,204][rfdiffusion.inference.model_runners][INFO] - Timestep 44, input to next step: -------------------GGGGGGGGGGGGGGGGGGGGGGGGGGGGGG-----------------------
[2026-04-24 08:10:17,932][rfdiffusion.inference.utils][INFO] - Sampled motif RMSD: 0.21
[2026-04-24 08:10:18,054][rfdiffusion.inference.model_runners][INFO] - Timestep 43, input to next step: -------------------GGGGGGGGGGGGGGGGGGGGGGGGGGGGGG-----------------------
[2026-04-24 08:10:19,951][rfdiffusion.inference.utils][INFO] - Sampled motif RMSD: 0.19
[2026-04-24 08:10:20,132][rfdiffusion.inference.model_runners][INFO] - Timestep 42, input to next step: -------------------GGGGGGGGGGGGGGGGGGGGGGGGGGGGGG-----------------------
[2026-04-24 08:10:22,471][rfdiffusion.inference.utils][INFO] - Sampled motif RMSD: 0.19
[2026-04-24 08:10:22,709][rfdiffusion.inference.model_runners][INFO] - Timestep 41, input to next step: -------------------GGGGGGGGGGGGGGGGGGGGGGGGGGGGGG-----------------------
[2026-04-24 08:10:24,031][rfdiffusion.inference.utils][INFO] - Sampled motif RMSD: 0.19
[2026-04-24 08:10:24,282][rfdiffusion.inference.model_runners][INFO] - Timestep 40, input to next step: -------------------GGGGGGGGGGGGGGGGGGGGGGGGGGGGGG-----------------------
[2026-04-24 08:10:26,543][rfdiffusion.inference.utils][INFO] - Sampled motif RMSD: 0.19
[2026-04-24 08:10:26,576][rfdiffusion.inference.model_runners][INFO] - Timestep 39, input to next step: -------------------GGGGGGGGGGGGGGGGGGGGGGGGGGGGGG-----------------------
[2026-04-24 08:10:28,566][rfdiffusion.inference.utils][INFO] - Sampled motif RMSD: 0.19
[2026-04-24 08:10:28,730][rfdiffusion.inference.model_runners][INFO] - Timestep 38, input to next step: -------------------GGGGGGGGGGGGGGGGGGGGGGGGGGGGGG-----------------------
[2026-04-24 08:10:30,828][rfdiffusion.inference.utils][INFO] - Sampled motif RMSD: 0.19
[2026-04-24 08:10:30,895][rfdiffusion.inference.model_runners][INFO] - Timestep 37, input to next step: -------------------GGGGGGGGGGGGGGGGGGGGGGGGGGGGGG-----------------------
[2026-04-24 08:10:32,968][rfdiffusion.inference.utils][INFO] - Sampled motif RMSD: 0.18
[2026-04-24 08:10:33,051][rfdiffusion.inference.model_runners][INFO] - Timestep 36, input to next step: -------------------GGGGGGGGGGGGGGGGGGGGGGGGGGGGGG-----------------------
[2026-04-24 08:10:35,745][rfdiffusion.inference.utils][INFO] - Sampled motif RMSD: 0.19
[2026-04-24 08:10:35,856][rfdiffusion.inference.model_runners][INFO] - Timestep 35, input to next step: -------------------GGGGGGGGGGGGGGGGGGGGGGGGGGGGGG-----------------------
[2026-04-24 08:10:37,822][rfdiffusion.inference.utils][INFO] - Sampled motif RMSD: 0.20
[2026-04-24 08:10:37,939][rfdiffusion.inference.model_runners][INFO] - Timestep 34, input to next step: -------------------GGGGGGGGGGGGGGGGGGGGGGGGGGGGGG-----------------------
[2026-04-24 08:10:40,115][rfdiffusion.inference.utils][INFO] - Sampled motif RMSD: 0.18
[2026-04-24 08:10:40,263][rfdiffusion.inference.model_runners][INFO] - Timestep 33, input to next step: -------------------GGGGGGGGGGGGGGGGGGGGGGGGGGGGGG-----------------------
[2026-04-24 08:10:42,491][rfdiffusion.inference.utils][INFO] - Sampled motif RMSD: 0.17
[2026-04-24 08:10:42,597][rfdiffusion.inference.model_runners][INFO] - Timestep 32, input to next step: -------------------GGGGGGGGGGGGGGGGGGGGGGGGGGGGGG-----------------------
[2026-04-24 08:10:44,754][rfdiffusion.inference.utils][INFO] - Sampled motif RMSD: 0.17
[2026-04-24 08:10:44,839][rfdiffusion.inference.model_runners][INFO] - Timestep 31, input to next step: -------------------GGGGGGGGGGGGGGGGGGGGGGGGGGGGGG-----------------------
[2026-04-24 08:10:47,334][rfdiffusion.inference.utils][INFO] - Sampled motif RMSD: 0.18
[2026-04-24 08:10:47,405][rfdiffusion.inference.model_runners][INFO] - Timestep 30, input to next step: -------------------GGGGGGGGGGGGGGGGGGGGGGGGGGGGGG-----------------------
[2026-04-24 08:10:50,292][rfdiffusion.inference.utils][INFO] - Sampled motif RMSD: 0.18
[2026-04-24 08:10:50,411][rfdiffusion.inference.model_runners][INFO] - Timestep 29, input to next step: -------------------GGGGGGGGGGGGGGGGGGGGGGGGGGGGGG-----------------------
[2026-04-24 08:10:52,924][rfdiffusion.inference.utils][INFO] - Sampled motif RMSD: 0.20
[2026-04-24 08:10:53,065][rfdiffusion.inference.model_runners][INFO] - Timestep 28, input to next step: -------------------GGGGGGGGGGGGGGGGGGGGGGGGGGGGGG-----------------------
[2026-04-24 08:10:55,822][rfdiffusion.inference.utils][INFO] - Sampled motif RMSD: 0.20
[2026-04-24 08:10:55,936][rfdiffusion.inference.model_runners][INFO] - Timestep 27, input to next step: -------------------GGGGGGGGGGGGGGGGGGGGGGGGGGGGGG-----------------------
[2026-04-24 08:10:59,500][rfdiffusion.inference.utils][INFO] - Sampled motif RMSD: 0.20
[2026-04-24 08:10:59,737][rfdiffusion.inference.model_runners][INFO] - Timestep 26, input to next step: -------------------GGGGGGGGGGGGGGGGGGGGGGGGGGGGGG-----------------------
[2026-04-24 08:11:02,511][rfdiffusion.inference.utils][INFO] - Sampled motif RMSD: 0.20
[2026-04-24 08:11:02,757][rfdiffusion.inference.model_runners][INFO] - Timestep 25, input to next step: -------------------GGGGGGGGGGGGGGGGGGGGGGGGGGGGGG-----------------------
[2026-04-24 08:11:04,694][rfdiffusion.inference.utils][INFO] - Sampled motif RMSD: 0.20
[2026-04-24 08:11:04,878][rfdiffusion.inference.model_runners][INFO] - Timestep 24, input to next step: -------------------GGGGGGGGGGGGGGGGGGGGGGGGGGGGGG-----------------------
[2026-04-24 08:11:06,572][rfdiffusion.inference.utils][INFO] - Sampled motif RMSD: 0.20
[2026-04-24 08:11:06,675][rfdiffusion.inference.model_runners][INFO] - Timestep 23, input to next step: -------------------GGGGGGGGGGGGGGGGGGGGGGGGGGGGGG-----------------------
[2026-04-24 08:11:08,778][rfdiffusion.inference.utils][INFO] - Sampled motif RMSD: 0.19
[2026-04-24 08:11:08,948][rfdiffusion.inference.model_runners][INFO] - Timestep 22, input to next step: -------------------GGGGGGGGGGGGGGGGGGGGGGGGGGGGGG-----------------------
[2026-04-24 08:11:11,494][rfdiffusion.inference.utils][INFO] - Sampled motif RMSD: 0.17
[2026-04-24 08:11:11,614][rfdiffusion.inference.model_runners][INFO] - Timestep 21, input to next step: -------------------GGGGGGGGGGGGGGGGGGGGGGGGGGGGGG-----------------------
[2026-04-24 08:11:14,083][rfdiffusion.inference.utils][INFO] - Sampled motif RMSD: 0.16
[2026-04-24 08:11:14,252][rfdiffusion.inference.model_runners][INFO] - Timestep 20, input to next step: -------------------GGGGGGGGGGGGGGGGGGGGGGGGGGGGGG-----------------------
[2026-04-24 08:11:16,715][rfdiffusion.inference.utils][INFO] - Sampled motif RMSD: 0.16
[2026-04-24 08:11:16,897][rfdiffusion.inference.model_runners][INFO] - Timestep 19, input to next step: -------------------GGGGGGGGGGGGGGGGGGGGGGGGGGGGGG-----------------------
[2026-04-24 08:11:19,552][rfdiffusion.inference.utils][INFO] - Sampled motif RMSD: 0.17
[2026-04-24 08:11:19,935][rfdiffusion.inference.model_runners][INFO] - Timestep 18, input to next step: -------------------GGGGGGGGGGGGGGGGGGGGGGGGGGGGGG-----------------------
[2026-04-24 08:11:22,853][rfdiffusion.inference.utils][INFO] - Sampled motif RMSD: 0.18
[2026-04-24 08:11:23,188][rfdiffusion.inference.model_runners][INFO] - Timestep 17, input to next step: -------------------GGGGGGGGGGGGGGGGGGGGGGGGGGGGGG-----------------------
[2026-04-24 08:11:25,314][rfdiffusion.inference.utils][INFO] - Sampled motif RMSD: 0.18
[2026-04-24 08:11:25,594][rfdiffusion.inference.model_runners][INFO] - Timestep 16, input to next step: -------------------GGGGGGGGGGGGGGGGGGGGGGGGGGGGGG-----------------------
[2026-04-24 08:11:28,080][rfdiffusion.inference.utils][INFO] - Sampled motif RMSD: 0.20
[2026-04-24 08:11:28,186][rfdiffusion.inference.model_runners][INFO] - Timestep 15, input to next step: -------------------GGGGGGGGGGGGGGGGGGGGGGGGGGGGGG-----------------------
[2026-04-24 08:11:30,740][rfdiffusion.inference.utils][INFO] - Sampled motif RMSD: 0.21
[2026-04-24 08:11:30,815][rfdiffusion.inference.model_runners][INFO] - Timestep 14, input to next step: -------------------GGGGGGGGGGGGGGGGGGGGGGGGGGGGGG-----------------------
[2026-04-24 08:11:33,577][rfdiffusion.inference.utils][INFO] - Sampled motif RMSD: 0.22
[2026-04-24 08:11:33,754][rfdiffusion.inference.model_runners][INFO] - Timestep 13, input to next step: -------------------GGGGGGGGGGGGGGGGGGGGGGGGGGGGGG-----------------------
[2026-04-24 08:11:35,969][rfdiffusion.inference.utils][INFO] - Sampled motif RMSD: 0.20
[2026-04-24 08:11:36,084][rfdiffusion.inference.model_runners][INFO] - Timestep 12, input to next step: -------------------GGGGGGGGGGGGGGGGGGGGGGGGGGGGGG-----------------------
[2026-04-24 08:11:38,465][rfdiffusion.inference.utils][INFO] - Sampled motif RMSD: 0.20
[2026-04-24 08:11:38,640][rfdiffusion.inference.model_runners][INFO] - Timestep 11, input to next step: -------------------GGGGGGGGGGGGGGGGGGGGGGGGGGGGGG-----------------------
[2026-04-24 08:11:40,781][rfdiffusion.inference.utils][INFO] - Sampled motif RMSD: 0.18
[2026-04-24 08:11:40,859][rfdiffusion.inference.model_runners][INFO] - Timestep 10, input to next step: -------------------GGGGGGGGGGGGGGGGGGGGGGGGGGGGGG-----------------------
[2026-04-24 08:11:43,098][rfdiffusion.inference.utils][INFO] - Sampled motif RMSD: 0.17
[2026-04-24 08:11:43,165][rfdiffusion.inference.model_runners][INFO] - Timestep 9, input to next step: -------------------GGGGGGGGGGGGGGGGGGGGGGGGGGGGGG-----------------------
[2026-04-24 08:11:45,509][rfdiffusion.inference.utils][INFO] - Sampled motif RMSD: 0.17
[2026-04-24 08:11:45,614][rfdiffusion.inference.model_runners][INFO] - Timestep 8, input to next step: -------------------GGGGGGGGGGGGGGGGGGGGGGGGGGGGGG-----------------------
[2026-04-24 08:11:47,962][rfdiffusion.inference.utils][INFO] - Sampled motif RMSD: 0.18
[2026-04-24 08:11:48,092][rfdiffusion.inference.model_runners][INFO] - Timestep 7, input to next step: -------------------GGGGGGGGGGGGGGGGGGGGGGGGGGGGGG-----------------------
[2026-04-24 08:11:49,736][rfdiffusion.inference.utils][INFO] - Sampled motif RMSD: 0.20
[2026-04-24 08:11:49,813][rfdiffusion.inference.model_runners][INFO] - Timestep 6, input to next step: -------------------GGGGGGGGGGGGGGGGGGGGGGGGGGGGGG-----------------------
[2026-04-24 08:11:51,512][rfdiffusion.inference.utils][INFO] - Sampled motif RMSD: 0.22
[2026-04-24 08:11:51,660][rfdiffusion.inference.model_runners][INFO] - Timestep 5, input to next step: -------------------GGGGGGGGGGGGGGGGGGGGGGGGGGGGGG-----------------------
[2026-04-24 08:11:53,881][rfdiffusion.inference.utils][INFO] - Sampled motif RMSD: 0.22
[2026-04-24 08:11:53,976][rfdiffusion.inference.model_runners][INFO] - Timestep 4, input to next step: -------------------GGGGGGGGGGGGGGGGGGGGGGGGGGGGGG-----------------------
[2026-04-24 08:11:55,713][rfdiffusion.inference.utils][INFO] - Sampled motif RMSD: 0.23
[2026-04-24 08:11:56,000][rfdiffusion.inference.model_runners][INFO] - Timestep 3, input to next step: -------------------GGGGGGGGGGGGGGGGGGGGGGGGGGGGGG-----------------------
[2026-04-24 08:11:58,515][rfdiffusion.inference.utils][INFO] - Sampled motif RMSD: 0.22
[2026-04-24 08:11:58,747][rfdiffusion.inference.model_runners][INFO] - Timestep 2, input to next step: -------------------GGGGGGGGGGGGGGGGGGGGGGGGGGGGGG-----------------------
[2026-04-24 08:12:01,952][__main__][INFO] - Finished design in 2.01 minutes
[2026-04-24 08:12:01,955][__main__][INFO] - Making design /lambda/nfs/manvi/Team_8_CS598GBL/outputs/custom90_128_motif_scaffolding/fast_T20/len_094/mid/scaffold_1
[2026-04-24 08:12:01,960][rfdiffusion.inference.model_runners][INFO] - Using contig: ['18-31/A32-61/18-31']
With this beta schedule (linear schedule, beta_0 = 0.04, beta_T = 0.28), alpha_bar_T = 0.00013696048699785024
[2026-04-24 08:12:02,062][rfdiffusion.inference.model_runners][INFO] - Sequence init: --------------------------GGGGGGGGGGGGGGGGGGGGGGGGGGGGGG------------------------
[2026-04-24 08:12:04,037][rfdiffusion.inference.utils][INFO] - Sampled motif RMSD: 0.24
[2026-04-24 08:12:04,112][rfdiffusion.inference.model_runners][INFO] - Timestep 50, input to next step: --------------------------GGGGGGGGGGGGGGGGGGGGGGGGGGGGGG------------------------
[2026-04-24 08:12:05,979][rfdiffusion.inference.utils][INFO] - Sampled motif RMSD: 0.22
[2026-04-24 08:12:06,175][rfdiffusion.inference.model_runners][INFO] - Timestep 49, input to next step: --------------------------GGGGGGGGGGGGGGGGGGGGGGGGGGGGGG------------------------
[2026-04-24 08:12:07,907][rfdiffusion.inference.utils][INFO] - Sampled motif RMSD: 0.23
[2026-04-24 08:12:08,092][rfdiffusion.inference.model_runners][INFO] - Timestep 48, input to next step: --------------------------GGGGGGGGGGGGGGGGGGGGGGGGGGGGGG------------------------
[2026-04-24 08:12:10,078][rfdiffusion.inference.utils][INFO] - Sampled motif RMSD: 0.21
[2026-04-24 08:12:10,146][rfdiffusion.inference.model_runners][INFO] - Timestep 47, input to next step: --------------------------GGGGGGGGGGGGGGGGGGGGGGGGGGGGGG------------------------
[2026-04-24 08:12:12,680][rfdiffusion.inference.utils][INFO] - Sampled motif RMSD: 0.21
[2026-04-24 08:12:12,754][rfdiffusion.inference.model_runners][INFO] - Timestep 46, input to next step: --------------------------GGGGGGGGGGGGGGGGGGGGGGGGGGGGGG------------------------
[2026-04-24 08:12:15,065][rfdiffusion.inference.utils][INFO] - Sampled motif RMSD: 0.18
[2026-04-24 08:12:15,212][rfdiffusion.inference.model_runners][INFO] - Timestep 45, input to next step: --------------------------GGGGGGGGGGGGGGGGGGGGGGGGGGGGGG------------------------
[2026-04-24 08:12:17,261][rfdiffusion.inference.utils][INFO] - Sampled motif RMSD: 0.19
[2026-04-24 08:12:17,505][rfdiffusion.inference.model_runners][INFO] - Timestep 44, input to next step: --------------------------GGGGGGGGGGGGGGGGGGGGGGGGGGGGGG------------------------
[2026-04-24 08:12:19,590][rfdiffusion.inference.utils][INFO] - Sampled motif RMSD: 0.23
[2026-04-24 08:12:19,766][rfdiffusion.inference.model_runners][INFO] - Timestep 43, input to next step: --------------------------GGGGGGGGGGGGGGGGGGGGGGGGGGGGGG------------------------
[2026-04-24 08:12:22,227][rfdiffusion.inference.utils][INFO] - Sampled motif RMSD: 0.23
[2026-04-24 08:12:22,346][rfdiffusion.inference.model_runners][INFO] - Timestep 42, input to next step: --------------------------GGGGGGGGGGGGGGGGGGGGGGGGGGGGGG------------------------
[2026-04-24 08:12:24,791][rfdiffusion.inference.utils][INFO] - Sampled motif RMSD: 0.24
[2026-04-24 08:12:24,928][rfdiffusion.inference.model_runners][INFO] - Timestep 41, input to next step: --------------------------GGGGGGGGGGGGGGGGGGGGGGGGGGGGGG------------------------
[2026-04-24 08:12:27,237][rfdiffusion.inference.utils][INFO] - Sampled motif RMSD: 0.23
[2026-04-24 08:12:27,340][rfdiffusion.inference.model_runners][INFO] - Timestep 40, input to next step: --------------------------GGGGGGGGGGGGGGGGGGGGGGGGGGGGGG------------------------
[2026-04-24 08:12:29,442][rfdiffusion.inference.utils][INFO] - Sampled motif RMSD: 0.21
[2026-04-24 08:12:29,581][rfdiffusion.inference.model_runners][INFO] - Timestep 39, input to next step: --------------------------GGGGGGGGGGGGGGGGGGGGGGGGGGGGGG------------------------
[2026-04-24 08:12:31,910][rfdiffusion.inference.utils][INFO] - Sampled motif RMSD: 0.22
[2026-04-24 08:12:32,062][rfdiffusion.inference.model_runners][INFO] - Timestep 38, input to next step: --------------------------GGGGGGGGGGGGGGGGGGGGGGGGGGGGGG------------------------
[2026-04-24 08:12:34,292][rfdiffusion.inference.utils][INFO] - Sampled motif RMSD: 0.22
[2026-04-24 08:12:34,702][rfdiffusion.inference.model_runners][INFO] - Timestep 37, input to next step: --------------------------GGGGGGGGGGGGGGGGGGGGGGGGGGGGGG------------------------
[2026-04-24 08:12:36,775][rfdiffusion.inference.utils][INFO] - Sampled motif RMSD: 0.24
[2026-04-24 08:12:37,041][rfdiffusion.inference.model_runners][INFO] - Timestep 36, input to next step: --------------------------GGGGGGGGGGGGGGGGGGGGGGGGGGGGGG------------------------
[2026-04-24 08:12:39,505][rfdiffusion.inference.utils][INFO] - Sampled motif RMSD: 0.24
[2026-04-24 08:12:39,678][rfdiffusion.inference.model_runners][INFO] - Timestep 35, input to next step: --------------------------GGGGGGGGGGGGGGGGGGGGGGGGGGGGGG------------------------
[2026-04-24 08:12:41,884][rfdiffusion.inference.utils][INFO] - Sampled motif RMSD: 0.27
[2026-04-24 08:12:42,050][rfdiffusion.inference.model_runners][INFO] - Timestep 34, input to next step: --------------------------GGGGGGGGGGGGGGGGGGGGGGGGGGGGGG------------------------
[2026-04-24 08:12:44,668][rfdiffusion.inference.utils][INFO] - Sampled motif RMSD: 0.29
[2026-04-24 08:12:44,875][rfdiffusion.inference.model_runners][INFO] - Timestep 33, input to next step: --------------------------GGGGGGGGGGGGGGGGGGGGGGGGGGGGGG------------------------
[2026-04-24 08:12:47,306][rfdiffusion.inference.utils][INFO] - Sampled motif RMSD: 0.27
[2026-04-24 08:12:47,430][rfdiffusion.inference.model_runners][INFO] - Timestep 32, input to next step: --------------------------GGGGGGGGGGGGGGGGGGGGGGGGGGGGGG------------------------
[2026-04-24 08:12:49,859][rfdiffusion.inference.utils][INFO] - Sampled motif RMSD: 0.28
[2026-04-24 08:12:50,005][rfdiffusion.inference.model_runners][INFO] - Timestep 31, input to next step: --------------------------GGGGGGGGGGGGGGGGGGGGGGGGGGGGGG------------------------
[2026-04-24 08:12:52,294][rfdiffusion.inference.utils][INFO] - Sampled motif RMSD: 0.27
[2026-04-24 08:12:52,399][rfdiffusion.inference.model_runners][INFO] - Timestep 30, input to next step: --------------------------GGGGGGGGGGGGGGGGGGGGGGGGGGGGGG------------------------
[2026-04-24 08:12:54,981][rfdiffusion.inference.utils][INFO] - Sampled motif RMSD: 0.26
[2026-04-24 08:12:55,066][rfdiffusion.inference.model_runners][INFO] - Timestep 29, input to next step: --------------------------GGGGGGGGGGGGGGGGGGGGGGGGGGGGGG------------------------
[2026-04-24 08:12:57,343][rfdiffusion.inference.utils][INFO] - Sampled motif RMSD: 0.24
[2026-04-24 08:12:57,428][rfdiffusion.inference.model_runners][INFO] - Timestep 28, input to next step: --------------------------GGGGGGGGGGGGGGGGGGGGGGGGGGGGGG------------------------
[2026-04-24 08:12:59,804][rfdiffusion.inference.utils][INFO] - Sampled motif RMSD: 0.22
[2026-04-24 08:12:59,864][rfdiffusion.inference.model_runners][INFO] - Timestep 27, input to next step: --------------------------GGGGGGGGGGGGGGGGGGGGGGGGGGGGGG------------------------
[2026-04-24 08:13:02,452][rfdiffusion.inference.utils][INFO] - Sampled motif RMSD: 0.19
[2026-04-24 08:13:02,486][rfdiffusion.inference.model_runners][INFO] - Timestep 26, input to next step: --------------------------GGGGGGGGGGGGGGGGGGGGGGGGGGGGGG------------------------
[2026-04-24 08:13:05,338][rfdiffusion.inference.utils][INFO] - Sampled motif RMSD: 0.19
[2026-04-24 08:13:05,400][rfdiffusion.inference.model_runners][INFO] - Timestep 25, input to next step: --------------------------GGGGGGGGGGGGGGGGGGGGGGGGGGGGGG------------------------
[2026-04-24 08:13:07,904][rfdiffusion.inference.utils][INFO] - Sampled motif RMSD: 0.19
[2026-04-24 08:13:08,043][rfdiffusion.inference.model_runners][INFO] - Timestep 24, input to next step: --------------------------GGGGGGGGGGGGGGGGGGGGGGGGGGGGGG------------------------
[2026-04-24 08:13:10,536][rfdiffusion.inference.utils][INFO] - Sampled motif RMSD: 0.19
[2026-04-24 08:13:10,803][rfdiffusion.inference.model_runners][INFO] - Timestep 23, input to next step: --------------------------GGGGGGGGGGGGGGGGGGGGGGGGGGGGGG------------------------
[2026-04-24 08:13:13,166][rfdiffusion.inference.utils][INFO] - Sampled motif RMSD: 0.19
[2026-04-24 08:13:13,351][rfdiffusion.inference.model_runners][INFO] - Timestep 22, input to next step: --------------------------GGGGGGGGGGGGGGGGGGGGGGGGGGGGGG------------------------
[2026-04-24 08:13:15,958][rfdiffusion.inference.utils][INFO] - Sampled motif RMSD: 0.19
[2026-04-24 08:13:16,056][rfdiffusion.inference.model_runners][INFO] - Timestep 21, input to next step: --------------------------GGGGGGGGGGGGGGGGGGGGGGGGGGGGGG------------------------
[2026-04-24 08:13:18,463][rfdiffusion.inference.utils][INFO] - Sampled motif RMSD: 0.18
[2026-04-24 08:13:18,600][rfdiffusion.inference.model_runners][INFO] - Timestep 20, input to next step: --------------------------GGGGGGGGGGGGGGGGGGGGGGGGGGGGGG------------------------
[2026-04-24 08:13:20,644][rfdiffusion.inference.utils][INFO] - Sampled motif RMSD: 0.19
[2026-04-24 08:13:20,875][rfdiffusion.inference.model_runners][INFO] - Timestep 19, input to next step: --------------------------GGGGGGGGGGGGGGGGGGGGGGGGGGGGGG------------------------
[2026-04-24 08:13:23,053][rfdiffusion.inference.utils][INFO] - Sampled motif RMSD: 0.19
[2026-04-24 08:13:23,335][rfdiffusion.inference.model_runners][INFO] - Timestep 18, input to next step: --------------------------GGGGGGGGGGGGGGGGGGGGGGGGGGGGGG------------------------
[2026-04-24 08:13:25,596][rfdiffusion.inference.utils][INFO] - Sampled motif RMSD: 0.17
[2026-04-24 08:13:25,814][rfdiffusion.inference.model_runners][INFO] - Timestep 17, input to next step: --------------------------GGGGGGGGGGGGGGGGGGGGGGGGGGGGGG------------------------
[2026-04-24 08:13:28,613][rfdiffusion.inference.utils][INFO] - Sampled motif RMSD: 0.17
[2026-04-24 08:13:28,708][rfdiffusion.inference.model_runners][INFO] - Timestep 16, input to next step: --------------------------GGGGGGGGGGGGGGGGGGGGGGGGGGGGGG------------------------
[2026-04-24 08:13:30,870][rfdiffusion.inference.utils][INFO] - Sampled motif RMSD: 0.17
[2026-04-24 08:13:30,941][rfdiffusion.inference.model_runners][INFO] - Timestep 15, input to next step: --------------------------GGGGGGGGGGGGGGGGGGGGGGGGGGGGGG------------------------
[2026-04-24 08:13:33,014][rfdiffusion.inference.utils][INFO] - Sampled motif RMSD: 0.16
[2026-04-24 08:13:33,098][rfdiffusion.inference.model_runners][INFO] - Timestep 14, input to next step: --------------------------GGGGGGGGGGGGGGGGGGGGGGGGGGGGGG------------------------
[2026-04-24 08:13:35,705][rfdiffusion.inference.utils][INFO] - Sampled motif RMSD: 0.15
[2026-04-24 08:13:35,804][rfdiffusion.inference.model_runners][INFO] - Timestep 13, input to next step: --------------------------GGGGGGGGGGGGGGGGGGGGGGGGGGGGGG------------------------
[2026-04-24 08:13:38,204][rfdiffusion.inference.utils][INFO] - Sampled motif RMSD: 0.15
[2026-04-24 08:13:38,308][rfdiffusion.inference.model_runners][INFO] - Timestep 12, input to next step: --------------------------GGGGGGGGGGGGGGGGGGGGGGGGGGGGGG------------------------
[2026-04-24 08:13:40,184][rfdiffusion.inference.utils][INFO] - Sampled motif RMSD: 0.15
[2026-04-24 08:13:40,362][rfdiffusion.inference.model_runners][INFO] - Timestep 11, input to next step: --------------------------GGGGGGGGGGGGGGGGGGGGGGGGGGGGGG------------------------
[2026-04-24 08:13:42,447][rfdiffusion.inference.utils][INFO] - Sampled motif RMSD: 0.16
[2026-04-24 08:13:42,605][rfdiffusion.inference.model_runners][INFO] - Timestep 10, input to next step: --------------------------GGGGGGGGGGGGGGGGGGGGGGGGGGGGGG------------------------
[2026-04-24 08:13:44,280][rfdiffusion.inference.utils][INFO] - Sampled motif RMSD: 0.16
[2026-04-24 08:13:44,440][rfdiffusion.inference.model_runners][INFO] - Timestep 9, input to next step: --------------------------GGGGGGGGGGGGGGGGGGGGGGGGGGGGGG------------------------
[2026-04-24 08:13:46,354][rfdiffusion.inference.utils][INFO] - Sampled motif RMSD: 0.17
[2026-04-24 08:13:46,512][rfdiffusion.inference.model_runners][INFO] - Timestep 8, input to next step: --------------------------GGGGGGGGGGGGGGGGGGGGGGGGGGGGGG------------------------
[2026-04-24 08:13:48,405][rfdiffusion.inference.utils][INFO] - Sampled motif RMSD: 0.17
[2026-04-24 08:13:48,585][rfdiffusion.inference.model_runners][INFO] - Timestep 7, input to next step: --------------------------GGGGGGGGGGGGGGGGGGGGGGGGGGGGGG------------------------
[2026-04-24 08:13:50,632][rfdiffusion.inference.utils][INFO] - Sampled motif RMSD: 0.18
[2026-04-24 08:13:50,876][rfdiffusion.inference.model_runners][INFO] - Timestep 6, input to next step: --------------------------GGGGGGGGGGGGGGGGGGGGGGGGGGGGGG------------------------
[2026-04-24 08:13:52,995][rfdiffusion.inference.utils][INFO] - Sampled motif RMSD: 0.19
[2026-04-24 08:13:53,137][rfdiffusion.inference.model_runners][INFO] - Timestep 5, input to next step: --------------------------GGGGGGGGGGGGGGGGGGGGGGGGGGGGGG------------------------
[2026-04-24 08:13:54,582][rfdiffusion.inference.utils][INFO] - Sampled motif RMSD: 0.20
[2026-04-24 08:13:54,692][rfdiffusion.inference.model_runners][INFO] - Timestep 4, input to next step: --------------------------GGGGGGGGGGGGGGGGGGGGGGGGGGGGGG------------------------
[2026-04-24 08:13:56,436][rfdiffusion.inference.utils][INFO] - Sampled motif RMSD: 0.20
[2026-04-24 08:13:56,573][rfdiffusion.inference.model_runners][INFO] - Timestep 3, input to next step: --------------------------GGGGGGGGGGGGGGGGGGGGGGGGGGGGGG------------------------
[2026-04-24 08:13:58,633][rfdiffusion.inference.utils][INFO] - Sampled motif RMSD: 0.21
[2026-04-24 08:13:58,812][rfdiffusion.inference.model_runners][INFO] - Timestep 2, input to next step: --------------------------GGGGGGGGGGGGGGGGGGGGGGGGGGGGGG------------------------
[2026-04-24 08:14:01,259][__main__][INFO] - Finished design in 1.99 minutes
