[2026-04-24 09:49:41,006][__main__][INFO] - Found GPU with device_name NVIDIA A100-SXM4-80GB. Will run RFdiffusion on NVIDIA A100-SXM4-80GB
Reading models from /lambda/nfs/manvi/Team_8_CS598GBL/RFdiffusion/rfdiffusion/inference/../../models
[2026-04-24 09:49:41,017][rfdiffusion.inference.model_runners][INFO] - Reading checkpoint from /lambda/nfs/manvi/Team_8_CS598GBL/RFdiffusion/rfdiffusion/inference/../../models/Base_ckpt.pt
This is inf_conf.ckpt_path
/lambda/nfs/manvi/Team_8_CS598GBL/RFdiffusion/rfdiffusion/inference/../../models/Base_ckpt.pt
Assembling -model, -diffuser and -preprocess configs from checkpoint
USING MODEL CONFIG: self._conf[model][n_extra_block] = 4
USING MODEL CONFIG: self._conf[model][n_main_block] = 32
USING MODEL CONFIG: self._conf[model][n_ref_block] = 4
USING MODEL CONFIG: self._conf[model][d_msa] = 256
USING MODEL CONFIG: self._conf[model][d_msa_full] = 64
USING MODEL CONFIG: self._conf[model][d_pair] = 128
USING MODEL CONFIG: self._conf[model][d_templ] = 64
USING MODEL CONFIG: self._conf[model][n_head_msa] = 8
USING MODEL CONFIG: self._conf[model][n_head_pair] = 4
USING MODEL CONFIG: self._conf[model][n_head_templ] = 4
USING MODEL CONFIG: self._conf[model][d_hidden] = 32
USING MODEL CONFIG: self._conf[model][d_hidden_templ] = 32
USING MODEL CONFIG: self._conf[model][p_drop] = 0.15
USING MODEL CONFIG: self._conf[model][SE3_param_full] = {'num_layers': 1, 'num_channels': 32, 'num_degrees': 2, 'n_heads': 4, 'div': 4, 'l0_in_features': 8, 'l0_out_features': 8, 'l1_in_features': 3, 'l1_out_features': 2, 'num_edge_features': 32}
USING MODEL CONFIG: self._conf[model][SE3_param_topk] = {'num_layers': 1, 'num_channels': 32, 'num_degrees': 2, 'n_heads': 4, 'div': 4, 'l0_in_features': 64, 'l0_out_features': 64, 'l1_in_features': 3, 'l1_out_features': 2, 'num_edge_features': 64}
USING MODEL CONFIG: self._conf[model][freeze_track_motif] = False
USING MODEL CONFIG: self._conf[model][use_motif_timestep] = True
USING MODEL CONFIG: self._conf[diffuser][T] = 50
USING MODEL CONFIG: self._conf[diffuser][b_0] = 0.01
USING MODEL CONFIG: self._conf[diffuser][b_T] = 0.07
USING MODEL CONFIG: self._conf[diffuser][schedule_type] = linear
USING MODEL CONFIG: self._conf[diffuser][so3_type] = igso3
USING MODEL CONFIG: self._conf[diffuser][crd_scale] = 0.25
USING MODEL CONFIG: self._conf[diffuser][so3_schedule_type] = linear
USING MODEL CONFIG: self._conf[diffuser][min_b] = 1.5
USING MODEL CONFIG: self._conf[diffuser][max_b] = 2.5
USING MODEL CONFIG: self._conf[diffuser][min_sigma] = 0.02
USING MODEL CONFIG: self._conf[diffuser][max_sigma] = 1.5
USING MODEL CONFIG: self._conf[preprocess][sidechain_input] = False
USING MODEL CONFIG: self._conf[preprocess][motif_sidechain_input] = True
USING MODEL CONFIG: self._conf[preprocess][d_t1d] = 22
USING MODEL CONFIG: self._conf[preprocess][d_t2d] = 44
USING MODEL CONFIG: self._conf[preprocess][prob_self_cond] = 0.5
USING MODEL CONFIG: self._conf[preprocess][str_self_cond] = True
USING MODEL CONFIG: self._conf[preprocess][predict_previous] = False
[2026-04-24 09:50:50,116][rfdiffusion.inference.model_runners][INFO] - Loading checkpoint.
[2026-04-24 09:51:06,564][rfdiffusion.diffusion][INFO] - Using cached IGSO3.
Successful diffuser __init__
[2026-04-24 09:51:06,628][__main__][INFO] - Making design /lambda/nfs/manvi/Team_8_CS598GBL/outputs/custom90_128_motif_scaffolding/low_noise/len_094/balanced/scaffold_0
[2026-04-24 09:51:06,658][rfdiffusion.inference.model_runners][INFO] - Using contig: ['18-31/A20-42/18-31']
With this beta schedule (linear schedule, beta_0 = 0.04, beta_T = 0.28), alpha_bar_T = 0.00013696048699785024
[2026-04-24 09:51:07,040][rfdiffusion.inference.model_runners][INFO] - Sequence init: -------------------------------GGGGGGGGGGGGGGGGGGGGGGG---------------------------
[2026-04-24 09:51:15,677][rfdiffusion.inference.utils][INFO] - Sampled motif RMSD: 0.22
[2026-04-24 09:51:15,756][rfdiffusion.inference.model_runners][INFO] - Timestep 50, input to next step: -------------------------------GGGGGGGGGGGGGGGGGGGGGGG---------------------------
[2026-04-24 09:51:18,564][rfdiffusion.inference.utils][INFO] - Sampled motif RMSD: 0.22
[2026-04-24 09:51:18,738][rfdiffusion.inference.model_runners][INFO] - Timestep 49, input to next step: -------------------------------GGGGGGGGGGGGGGGGGGGGGGG---------------------------
[2026-04-24 09:51:23,096][rfdiffusion.inference.utils][INFO] - Sampled motif RMSD: 0.21
[2026-04-24 09:51:23,287][rfdiffusion.inference.model_runners][INFO] - Timestep 48, input to next step: -------------------------------GGGGGGGGGGGGGGGGGGGGGGG---------------------------
[2026-04-24 09:51:26,549][rfdiffusion.inference.utils][INFO] - Sampled motif RMSD: 0.20
[2026-04-24 09:51:27,030][rfdiffusion.inference.model_runners][INFO] - Timestep 47, input to next step: -------------------------------GGGGGGGGGGGGGGGGGGGGGGG---------------------------
[2026-04-24 09:51:32,173][rfdiffusion.inference.utils][INFO] - Sampled motif RMSD: 0.19
[2026-04-24 09:51:32,417][rfdiffusion.inference.model_runners][INFO] - Timestep 46, input to next step: -------------------------------GGGGGGGGGGGGGGGGGGGGGGG---------------------------
[2026-04-24 09:51:36,943][rfdiffusion.inference.utils][INFO] - Sampled motif RMSD: 0.19
[2026-04-24 09:51:37,129][rfdiffusion.inference.model_runners][INFO] - Timestep 45, input to next step: -------------------------------GGGGGGGGGGGGGGGGGGGGGGG---------------------------
[2026-04-24 09:51:41,806][rfdiffusion.inference.utils][INFO] - Sampled motif RMSD: 0.20
[2026-04-24 09:51:42,165][rfdiffusion.inference.model_runners][INFO] - Timestep 44, input to next step: -------------------------------GGGGGGGGGGGGGGGGGGGGGGG---------------------------
[2026-04-24 09:51:47,990][rfdiffusion.inference.utils][INFO] - Sampled motif RMSD: 0.19
[2026-04-24 09:51:48,531][rfdiffusion.inference.model_runners][INFO] - Timestep 43, input to next step: -------------------------------GGGGGGGGGGGGGGGGGGGGGGG---------------------------
[2026-04-24 09:51:53,578][rfdiffusion.inference.utils][INFO] - Sampled motif RMSD: 0.18
[2026-04-24 09:51:54,081][rfdiffusion.inference.model_runners][INFO] - Timestep 42, input to next step: -------------------------------GGGGGGGGGGGGGGGGGGGGGGG---------------------------
[2026-04-24 09:52:00,820][rfdiffusion.inference.utils][INFO] - Sampled motif RMSD: 0.18
[2026-04-24 09:52:01,354][rfdiffusion.inference.model_runners][INFO] - Timestep 41, input to next step: -------------------------------GGGGGGGGGGGGGGGGGGGGGGG---------------------------
[2026-04-24 09:52:06,050][rfdiffusion.inference.utils][INFO] - Sampled motif RMSD: 0.18
[2026-04-24 09:52:06,422][rfdiffusion.inference.model_runners][INFO] - Timestep 40, input to next step: -------------------------------GGGGGGGGGGGGGGGGGGGGGGG---------------------------
[2026-04-24 09:52:11,413][rfdiffusion.inference.utils][INFO] - Sampled motif RMSD: 0.18
[2026-04-24 09:52:11,827][rfdiffusion.inference.model_runners][INFO] - Timestep 39, input to next step: -------------------------------GGGGGGGGGGGGGGGGGGGGGGG---------------------------
[2026-04-24 09:52:17,751][rfdiffusion.inference.utils][INFO] - Sampled motif RMSD: 0.18
[2026-04-24 09:52:18,030][rfdiffusion.inference.model_runners][INFO] - Timestep 38, input to next step: -------------------------------GGGGGGGGGGGGGGGGGGGGGGG---------------------------
[2026-04-24 09:52:21,954][rfdiffusion.inference.utils][INFO] - Sampled motif RMSD: 0.17
[2026-04-24 09:52:22,191][rfdiffusion.inference.model_runners][INFO] - Timestep 37, input to next step: -------------------------------GGGGGGGGGGGGGGGGGGGGGGG---------------------------
[2026-04-24 09:52:26,485][rfdiffusion.inference.utils][INFO] - Sampled motif RMSD: 0.18
[2026-04-24 09:52:26,701][rfdiffusion.inference.model_runners][INFO] - Timestep 36, input to next step: -------------------------------GGGGGGGGGGGGGGGGGGGGGGG---------------------------
[2026-04-24 09:52:31,581][rfdiffusion.inference.utils][INFO] - Sampled motif RMSD: 0.16
[2026-04-24 09:52:31,883][rfdiffusion.inference.model_runners][INFO] - Timestep 35, input to next step: -------------------------------GGGGGGGGGGGGGGGGGGGGGGG---------------------------
[2026-04-24 09:52:36,072][rfdiffusion.inference.utils][INFO] - Sampled motif RMSD: 0.16
[2026-04-24 09:52:36,422][rfdiffusion.inference.model_runners][INFO] - Timestep 34, input to next step: -------------------------------GGGGGGGGGGGGGGGGGGGGGGG---------------------------
[2026-04-24 09:52:40,940][rfdiffusion.inference.utils][INFO] - Sampled motif RMSD: 0.16
[2026-04-24 09:52:41,297][rfdiffusion.inference.model_runners][INFO] - Timestep 33, input to next step: -------------------------------GGGGGGGGGGGGGGGGGGGGGGG---------------------------
[2026-04-24 09:52:44,246][rfdiffusion.inference.utils][INFO] - Sampled motif RMSD: 0.17
[2026-04-24 09:52:44,527][rfdiffusion.inference.model_runners][INFO] - Timestep 32, input to next step: -------------------------------GGGGGGGGGGGGGGGGGGGGGGG---------------------------
[2026-04-24 09:52:48,190][rfdiffusion.inference.utils][INFO] - Sampled motif RMSD: 0.16
[2026-04-24 09:52:48,355][rfdiffusion.inference.model_runners][INFO] - Timestep 31, input to next step: -------------------------------GGGGGGGGGGGGGGGGGGGGGGG---------------------------
[2026-04-24 09:52:55,062][rfdiffusion.inference.utils][INFO] - Sampled motif RMSD: 0.17
[2026-04-24 09:52:55,419][rfdiffusion.inference.model_runners][INFO] - Timestep 30, input to next step: -------------------------------GGGGGGGGGGGGGGGGGGGGGGG---------------------------
[2026-04-24 09:52:59,847][rfdiffusion.inference.utils][INFO] - Sampled motif RMSD: 0.17
[2026-04-24 09:53:00,173][rfdiffusion.inference.model_runners][INFO] - Timestep 29, input to next step: -------------------------------GGGGGGGGGGGGGGGGGGGGGGG---------------------------
[2026-04-24 09:53:04,422][rfdiffusion.inference.utils][INFO] - Sampled motif RMSD: 0.17
[2026-04-24 09:53:04,798][rfdiffusion.inference.model_runners][INFO] - Timestep 28, input to next step: -------------------------------GGGGGGGGGGGGGGGGGGGGGGG---------------------------
[2026-04-24 09:53:11,848][rfdiffusion.inference.utils][INFO] - Sampled motif RMSD: 0.17
[2026-04-24 09:53:12,172][rfdiffusion.inference.model_runners][INFO] - Timestep 27, input to next step: -------------------------------GGGGGGGGGGGGGGGGGGGGGGG---------------------------
[2026-04-24 09:53:17,133][rfdiffusion.inference.utils][INFO] - Sampled motif RMSD: 0.17
[2026-04-24 09:53:17,623][rfdiffusion.inference.model_runners][INFO] - Timestep 26, input to next step: -------------------------------GGGGGGGGGGGGGGGGGGGGGGG---------------------------
[2026-04-24 09:53:23,147][rfdiffusion.inference.utils][INFO] - Sampled motif RMSD: 0.17
[2026-04-24 09:53:23,578][rfdiffusion.inference.model_runners][INFO] - Timestep 25, input to next step: -------------------------------GGGGGGGGGGGGGGGGGGGGGGG---------------------------
[2026-04-24 09:53:27,765][rfdiffusion.inference.utils][INFO] - Sampled motif RMSD: 0.17
[2026-04-24 09:53:28,075][rfdiffusion.inference.model_runners][INFO] - Timestep 24, input to next step: -------------------------------GGGGGGGGGGGGGGGGGGGGGGG---------------------------
[2026-04-24 09:53:33,985][rfdiffusion.inference.utils][INFO] - Sampled motif RMSD: 0.16
[2026-04-24 09:53:34,348][rfdiffusion.inference.model_runners][INFO] - Timestep 23, input to next step: -------------------------------GGGGGGGGGGGGGGGGGGGGGGG---------------------------
[2026-04-24 09:53:38,005][rfdiffusion.inference.utils][INFO] - Sampled motif RMSD: 0.15
[2026-04-24 09:53:38,255][rfdiffusion.inference.model_runners][INFO] - Timestep 22, input to next step: -------------------------------GGGGGGGGGGGGGGGGGGGGGGG---------------------------
[2026-04-24 09:53:45,810][rfdiffusion.inference.utils][INFO] - Sampled motif RMSD: 0.15
[2026-04-24 09:53:46,284][rfdiffusion.inference.model_runners][INFO] - Timestep 21, input to next step: -------------------------------GGGGGGGGGGGGGGGGGGGGGGG---------------------------
[2026-04-24 09:53:51,519][rfdiffusion.inference.utils][INFO] - Sampled motif RMSD: 0.14
[2026-04-24 09:53:51,936][rfdiffusion.inference.model_runners][INFO] - Timestep 20, input to next step: -------------------------------GGGGGGGGGGGGGGGGGGGGGGG---------------------------
[2026-04-24 09:53:56,835][rfdiffusion.inference.utils][INFO] - Sampled motif RMSD: 0.13
[2026-04-24 09:53:57,102][rfdiffusion.inference.model_runners][INFO] - Timestep 19, input to next step: -------------------------------GGGGGGGGGGGGGGGGGGGGGGG---------------------------
[2026-04-24 09:54:03,180][rfdiffusion.inference.utils][INFO] - Sampled motif RMSD: 0.13
[2026-04-24 09:54:03,554][rfdiffusion.inference.model_runners][INFO] - Timestep 18, input to next step: -------------------------------GGGGGGGGGGGGGGGGGGGGGGG---------------------------
[2026-04-24 09:54:07,699][rfdiffusion.inference.utils][INFO] - Sampled motif RMSD: 0.13
[2026-04-24 09:54:08,162][rfdiffusion.inference.model_runners][INFO] - Timestep 17, input to next step: -------------------------------GGGGGGGGGGGGGGGGGGGGGGG---------------------------
[2026-04-24 09:54:11,170][rfdiffusion.inference.utils][INFO] - Sampled motif RMSD: 0.14
[2026-04-24 09:54:11,474][rfdiffusion.inference.model_runners][INFO] - Timestep 16, input to next step: -------------------------------GGGGGGGGGGGGGGGGGGGGGGG---------------------------
[2026-04-24 09:54:15,866][rfdiffusion.inference.utils][INFO] - Sampled motif RMSD: 0.15
[2026-04-24 09:54:16,081][rfdiffusion.inference.model_runners][INFO] - Timestep 15, input to next step: -------------------------------GGGGGGGGGGGGGGGGGGGGGGG---------------------------
[2026-04-24 09:54:21,368][rfdiffusion.inference.utils][INFO] - Sampled motif RMSD: 0.13
[2026-04-24 09:54:21,787][rfdiffusion.inference.model_runners][INFO] - Timestep 14, input to next step: -------------------------------GGGGGGGGGGGGGGGGGGGGGGG---------------------------
[2026-04-24 09:54:26,874][rfdiffusion.inference.utils][INFO] - Sampled motif RMSD: 0.13
[2026-04-24 09:54:27,128][rfdiffusion.inference.model_runners][INFO] - Timestep 13, input to next step: -------------------------------GGGGGGGGGGGGGGGGGGGGGGG---------------------------
[2026-04-24 09:54:33,953][rfdiffusion.inference.utils][INFO] - Sampled motif RMSD: 0.13
[2026-04-24 09:54:34,446][rfdiffusion.inference.model_runners][INFO] - Timestep 12, input to next step: -------------------------------GGGGGGGGGGGGGGGGGGGGGGG---------------------------
[2026-04-24 09:54:38,866][rfdiffusion.inference.utils][INFO] - Sampled motif RMSD: 0.14
[2026-04-24 09:54:39,212][rfdiffusion.inference.model_runners][INFO] - Timestep 11, input to next step: -------------------------------GGGGGGGGGGGGGGGGGGGGGGG---------------------------
[2026-04-24 09:54:45,860][rfdiffusion.inference.utils][INFO] - Sampled motif RMSD: 0.13
[2026-04-24 09:54:46,372][rfdiffusion.inference.model_runners][INFO] - Timestep 10, input to next step: -------------------------------GGGGGGGGGGGGGGGGGGGGGGG---------------------------
[2026-04-24 09:54:51,531][rfdiffusion.inference.utils][INFO] - Sampled motif RMSD: 0.12
[2026-04-24 09:54:52,336][rfdiffusion.inference.model_runners][INFO] - Timestep 9, input to next step: -------------------------------GGGGGGGGGGGGGGGGGGGGGGG---------------------------
[2026-04-24 09:54:57,774][rfdiffusion.inference.utils][INFO] - Sampled motif RMSD: 0.12
[2026-04-24 09:54:57,937][rfdiffusion.inference.model_runners][INFO] - Timestep 8, input to next step: -------------------------------GGGGGGGGGGGGGGGGGGGGGGG---------------------------
[2026-04-24 09:55:02,997][rfdiffusion.inference.utils][INFO] - Sampled motif RMSD: 0.11
[2026-04-24 09:55:03,294][rfdiffusion.inference.model_runners][INFO] - Timestep 7, input to next step: -------------------------------GGGGGGGGGGGGGGGGGGGGGGG---------------------------
[2026-04-24 09:55:08,150][rfdiffusion.inference.utils][INFO] - Sampled motif RMSD: 0.11
[2026-04-24 09:55:08,457][rfdiffusion.inference.model_runners][INFO] - Timestep 6, input to next step: -------------------------------GGGGGGGGGGGGGGGGGGGGGGG---------------------------
[2026-04-24 09:55:15,183][rfdiffusion.inference.utils][INFO] - Sampled motif RMSD: 0.10
[2026-04-24 09:55:15,407][rfdiffusion.inference.model_runners][INFO] - Timestep 5, input to next step: -------------------------------GGGGGGGGGGGGGGGGGGGGGGG---------------------------
[2026-04-24 09:55:21,007][rfdiffusion.inference.utils][INFO] - Sampled motif RMSD: 0.09
[2026-04-24 09:55:21,416][rfdiffusion.inference.model_runners][INFO] - Timestep 4, input to next step: -------------------------------GGGGGGGGGGGGGGGGGGGGGGG---------------------------
[2026-04-24 09:55:27,458][rfdiffusion.inference.utils][INFO] - Sampled motif RMSD: 0.09
[2026-04-24 09:55:27,761][rfdiffusion.inference.model_runners][INFO] - Timestep 3, input to next step: -------------------------------GGGGGGGGGGGGGGGGGGGGGGG---------------------------
[2026-04-24 09:55:33,111][rfdiffusion.inference.utils][INFO] - Sampled motif RMSD: 0.10
[2026-04-24 09:55:33,478][rfdiffusion.inference.model_runners][INFO] - Timestep 2, input to next step: -------------------------------GGGGGGGGGGGGGGGGGGGGGGG---------------------------
[2026-04-24 09:55:43,387][__main__][INFO] - Finished design in 4.61 minutes
4-24 09:52:24,760][rfdiffusion.inference.model_runners][INFO] - Timestep 50, input to next step: ----------------------------GGGGGGGGGGGGGGGGGGGGGGG------------------------------
[2026-04-24 09:52:38,464][rfdiffusion.inference.utils][INFO] - Sampled motif RMSD: 0.14
[2026-04-24 09:52:38,718][rfdiffusion.inference.model_runners][INFO] - Timestep 49, input to next step: ----------------------------GGGGGGGGGGGGGGGGGGGGGGG------------------------------
[2026-04-24 09:52:47,977][rfdiffusion.inference.utils][INFO] - Sampled motif RMSD: 0.13
[2026-04-24 09:52:48,214][rfdiffusion.inference.model_runners][INFO] - Timestep 48, input to next step: ----------------------------GGGGGGGGGGGGGGGGGGGGGGG------------------------------
[2026-04-24 09:52:52,557][rfdiffusion.inference.utils][INFO] - Sampled motif RMSD: 0.14
[2026-04-24 09:52:52,998][rfdiffusion.inference.model_runners][INFO] - Timestep 47, input to next step: ----------------------------GGGGGGGGGGGGGGGGGGGGGGG------------------------------
[2026-04-24 09:53:00,390][rfdiffusion.inference.utils][INFO] - Sampled motif RMSD: 0.16
[2026-04-24 09:53:00,974][rfdiffusion.inference.model_runners][INFO] - Timestep 46, input to next step: ----------------------------GGGGGGGGGGGGGGGGGGGGGGG------------------------------
[2026-04-24 09:53:09,944][rfdiffusion.inference.utils][INFO] - Sampled motif RMSD: 0.15
[2026-04-24 09:53:10,371][rfdiffusion.inference.model_runners][INFO] - Timestep 45, input to next step: ----------------------------GGGGGGGGGGGGGGGGGGGGGGG------------------------------
[2026-04-24 09:53:13,778][rfdiffusion.inference.utils][INFO] - Sampled motif RMSD: 0.16
[2026-04-24 09:53:14,220][rfdiffusion.inference.model_runners][INFO] - Timestep 44, input to next step: ----------------------------GGGGGGGGGGGGGGGGGGGGGGG------------------------------
[2026-04-24 09:53:20,716][rfdiffusion.inference.utils][INFO] - Sampled motif RMSD: 0.15
[2026-04-24 09:53:21,185][rfdiffusion.inference.model_runners][INFO] - Timestep 43, input to next step: ----------------------------GGGGGGGGGGGGGGGGGGGGGGG------------------------------
[2026-04-24 09:53:29,235][rfdiffusion.inference.utils][INFO] - Sampled motif RMSD: 0.14
[2026-04-24 09:53:29,760][rfdiffusion.inference.model_runners][INFO] - Timestep 42, input to next step: ----------------------------GGGGGGGGGGGGGGGGGGGGGGG------------------------------
[2026-04-24 09:53:37,404][rfdiffusion.inference.utils][INFO] - Sampled motif RMSD: 0.15
[2026-04-24 09:53:37,961][rfdiffusion.inference.model_runners][INFO] - Timestep 41, input to next step: ----------------------------GGGGGGGGGGGGGGGGGGGGGGG------------------------------
[2026-04-24 09:53:45,682][rfdiffusion.inference.utils][INFO] - Sampled motif RMSD: 0.16
[2026-04-24 09:53:46,314][rfdiffusion.inference.model_runners][INFO] - Timestep 40, input to next step: ----------------------------GGGGGGGGGGGGGGGGGGGGGGG------------------------------
[2026-04-24 09:53:53,031][rfdiffusion.inference.utils][INFO] - Sampled motif RMSD: 0.15
[2026-04-24 09:53:53,517][rfdiffusion.inference.model_runners][INFO] - Timestep 39, input to next step: ----------------------------GGGGGGGGGGGGGGGGGGGGGGG------------------------------
[2026-04-24 09:54:01,717][rfdiffusion.inference.utils][INFO] - Sampled motif RMSD: 0.15
[2026-04-24 09:54:02,226][rfdiffusion.inference.model_runners][INFO] - Timestep 38, input to next step: ----------------------------GGGGGGGGGGGGGGGGGGGGGGG------------------------------
[2026-04-24 09:54:10,516][rfdiffusion.inference.utils][INFO] - Sampled motif RMSD: 0.14
[2026-04-24 09:54:10,823][rfdiffusion.inference.model_runners][INFO] - Timestep 37, input to next step: ----------------------------GGGGGGGGGGGGGGGGGGGGGGG------------------------------
[2026-04-24 09:54:19,094][rfdiffusion.inference.utils][INFO] - Sampled motif RMSD: 0.15
[2026-04-24 09:54:19,564][rfdiffusion.inference.model_runners][INFO] - Timestep 36, input to next step: ----------------------------GGGGGGGGGGGGGGGGGGGGGGG------------------------------
[2026-04-24 09:54:27,243][rfdiffusion.inference.utils][INFO] - Sampled motif RMSD: 0.16
[2026-04-24 09:54:27,983][rfdiffusion.inference.model_runners][INFO] - Timestep 35, input to next step: ----------------------------GGGGGGGGGGGGGGGGGGGGGGG------------------------------
[2026-04-24 09:54:35,203][rfdiffusion.inference.utils][INFO] - Sampled motif RMSD: 0.16
[2026-04-24 09:54:35,916][rfdiffusion.inference.model_runners][INFO] - Timestep 34, input to next step: ----------------------------GGGGGGGGGGGGGGGGGGGGGGG------------------------------
[2026-04-24 09:54:45,564][rfdiffusion.inference.utils][INFO] - Sampled motif RMSD: 0.16
[2026-04-24 09:54:46,240][rfdiffusion.inference.model_runners][INFO] - Timestep 33, input to next step: ----------------------------GGGGGGGGGGGGGGGGGGGGGGG------------------------------
[2026-04-24 09:54:50,320][rfdiffusion.inference.utils][INFO] - Sampled motif RMSD: 0.15
[2026-04-24 09:54:51,182][rfdiffusion.inference.model_runners][INFO] - Timestep 32, input to next step: ----------------------------GGGGGGGGGGGGGGGGGGGGGGG------------------------------
[2026-04-24 09:54:59,676][rfdiffusion.inference.utils][INFO] - Sampled motif RMSD: 0.14
[2026-04-24 09:55:00,187][rfdiffusion.inference.model_runners][INFO] - Timestep 31, input to next step: ----------------------------GGGGGGGGGGGGGGGGGGGGGGG------------------------------
[2026-04-24 09:55:08,011][rfdiffusion.inference.utils][INFO] - Sampled motif RMSD: 0.14
[2026-04-24 09:55:08,380][rfdiffusion.inference.model_runners][INFO] - Timestep 30, input to next step: ----------------------------GGGGGGGGGGGGGGGGGGGGGGG------------------------------
[2026-04-24 09:55:13,462][rfdiffusion.inference.utils][INFO] - Sampled motif RMSD: 0.15
[2026-04-24 09:55:14,006][rfdiffusion.inference.model_runners][INFO] - Timestep 29, input to next step: ----------------------------GGGGGGGGGGGGGGGGGGGGGGG------------------------------
[2026-04-24 09:55:21,687][rfdiffusion.inference.utils][INFO] - Sampled motif RMSD: 0.16
[2026-04-24 09:55:21,945][rfdiffusion.inference.model_runners][INFO] - Timestep 28, input to next step: ----------------------------GGGGGGGGGGGGGGGGGGGGGGG------------------------------
[2026-04-24 09:55:25,723][rfdiffusion.inference.utils][INFO] - Sampled motif RMSD: 0.15
[2026-04-24 09:55:26,315][rfdiffusion.inference.model_runners][INFO] - Timestep 27, input to next step: ----------------------------GGGGGGGGGGGGGGGGGGGGGGG------------------------------
[2026-04-24 09:55:31,979][rfdiffusion.inference.utils][INFO] - Sampled motif RMSD: 0.14
[2026-04-24 09:55:32,520][rfdiffusion.inference.model_runners][INFO] - Timestep 26, input to next step: ----------------------------GGGGGGGGGGGGGGGGGGGGGGG------------------------------
[2026-04-24 09:55:39,210][rfdiffusion.inference.utils][INFO] - Sampled motif RMSD: 0.13
[2026-04-24 09:55:39,657][rfdiffusion.inference.model_runners][INFO] - Timestep 25, input to next step: ----------------------------GGGGGGGGGGGGGGGGGGGGGGG------------------------------
[2026-04-24 09:55:48,038][rfdiffusion.inference.utils][INFO] - Sampled motif RMSD: 0.12
[2026-04-24 09:55:48,535][rfdiffusion.inference.model_runners][INFO] - Timestep 24, input to next step: ----------------------------GGGGGGGGGGGGGGGGGGGGGGG------------------------------
[2026-04-24 09:55:54,324][rfdiffusion.inference.utils][INFO] - Sampled motif RMSD: 0.12
[2026-04-24 09:55:54,992][rfdiffusion.inference.model_runners][INFO] - Timestep 23, input to next step: ----------------------------GGGGGGGGGGGGGGGGGGGGGGG------------------------------
[2026-04-24 09:56:00,857][rfdiffusion.inference.utils][INFO] - Sampled motif RMSD: 0.11
[2026-04-24 09:56:01,331][rfdiffusion.inference.model_runners][INFO] - Timestep 22, input to next step: ----------------------------GGGGGGGGGGGGGGGGGGGGGGG------------------------------
[2026-04-24 09:56:08,488][rfdiffusion.inference.utils][INFO] - Sampled motif RMSD: 0.11
[2026-04-24 09:56:08,899][rfdiffusion.inference.model_runners][INFO] - Timestep 21, input to next step: ----------------------------GGGGGGGGGGGGGGGGGGGGGGG------------------------------
[2026-04-24 09:56:14,628][rfdiffusion.inference.utils][INFO] - Sampled motif RMSD: 0.11
[2026-04-24 09:56:14,950][rfdiffusion.inference.model_runners][INFO] - Timestep 20, input to next step: ----------------------------GGGGGGGGGGGGGGGGGGGGGGG------------------------------
[2026-04-24 09:56:21,050][rfdiffusion.inference.utils][INFO] - Sampled motif RMSD: 0.10
[2026-04-24 09:56:21,499][rfdiffusion.inference.model_runners][INFO] - Timestep 19, input to next step: ----------------------------GGGGGGGGGGGGGGGGGGGGGGG------------------------------
[2026-04-24 09:56:28,717][rfdiffusion.inference.utils][INFO] - Sampled motif RMSD: 0.10
[2026-04-24 09:56:29,352][rfdiffusion.inference.model_runners][INFO] - Timestep 18, input to next step: ----------------------------GGGGGGGGGGGGGGGGGGGGGGG------------------------------
[2026-04-24 09:56:34,518][rfdiffusion.inference.utils][INFO] - Sampled motif RMSD: 0.12
[2026-04-24 09:56:35,391][rfdiffusion.inference.model_runners][INFO] - Timestep 17, input to next step: ----------------------------GGGGGGGGGGGGGGGGGGGGGGG------------------------------
[2026-04-24 09:56:42,920][rfdiffusion.inference.utils][INFO] - Sampled motif RMSD: 0.11
[2026-04-24 09:56:43,786][rfdiffusion.inference.model_runners][INFO] - Timestep 16, input to next step: ----------------------------GGGGGGGGGGGGGGGGGGGGGGG------------------------------
[2026-04-24 09:56:49,014][rfdiffusion.inference.utils][INFO] - Sampled motif RMSD: 0.12
[2026-04-24 09:56:49,583][rfdiffusion.inference.model_runners][INFO] - Timestep 15, input to next step: ----------------------------GGGGGGGGGGGGGGGGGGGGGGG------------------------------
[2026-04-24 09:56:54,240][rfdiffusion.inference.utils][INFO] - Sampled motif RMSD: 0.13
[2026-04-24 09:56:54,522][rfdiffusion.inference.model_runners][INFO] - Timestep 14, input to next step: ----------------------------GGGGGGGGGGGGGGGGGGGGGGG------------------------------
[2026-04-24 09:56:59,767][rfdiffusion.inference.utils][INFO] - Sampled motif RMSD: 0.12
[2026-04-24 09:57:00,019][rfdiffusion.inference.model_runners][INFO] - Timestep 13, input to next step: ----------------------------GGGGGGGGGGGGGGGGGGGGGGG------------------------------
[2026-04-24 09:57:04,593][rfdiffusion.inference.utils][INFO] - Sampled motif RMSD: 0.12
[2026-04-24 09:57:04,817][rfdiffusion.inference.model_runners][INFO] - Timestep 12, input to next step: ----------------------------GGGGGGGGGGGGGGGGGGGGGGG------------------------------
[2026-04-24 09:57:08,512][rfdiffusion.inference.utils][INFO] - Sampled motif RMSD: 0.12
[2026-04-24 09:57:08,607][rfdiffusion.inference.model_runners][INFO] - Timestep 11, input to next step: ----------------------------GGGGGGGGGGGGGGGGGGGGGGG------------------------------
[2026-04-24 09:57:12,853][rfdiffusion.inference.utils][INFO] - Sampled motif RMSD: 0.13
[2026-04-24 09:57:13,074][rfdiffusion.inference.model_runners][INFO] - Timestep 10, input to next step: ----------------------------GGGGGGGGGGGGGGGGGGGGGGG------------------------------
[2026-04-24 09:57:17,035][rfdiffusion.inference.utils][INFO] - Sampled motif RMSD: 0.13
[2026-04-24 09:57:17,217][rfdiffusion.inference.model_runners][INFO] - Timestep 9, input to next step: ----------------------------GGGGGGGGGGGGGGGGGGGGGGG------------------------------
[2026-04-24 09:57:21,817][rfdiffusion.inference.utils][INFO] - Sampled motif RMSD: 0.12
[2026-04-24 09:57:22,083][rfdiffusion.inference.model_runners][INFO] - Timestep 8, input to next step: ----------------------------GGGGGGGGGGGGGGGGGGGGGGG------------------------------
[2026-04-24 09:57:26,529][rfdiffusion.inference.utils][INFO] - Sampled motif RMSD: 0.11
[2026-04-24 09:57:26,911][rfdiffusion.inference.model_runners][INFO] - Timestep 7, input to next step: ----------------------------GGGGGGGGGGGGGGGGGGGGGGG------------------------------
[2026-04-24 09:57:32,196][rfdiffusion.inference.utils][INFO] - Sampled motif RMSD: 0.11
[2026-04-24 09:57:32,537][rfdiffusion.inference.model_runners][INFO] - Timestep 6, input to next step: ----------------------------GGGGGGGGGGGGGGGGGGGGGGG------------------------------
[2026-04-24 09:57:36,552][rfdiffusion.inference.utils][INFO] - Sampled motif RMSD: 0.12
[2026-04-24 09:57:36,778][rfdiffusion.inference.model_runners][INFO] - Timestep 5, input to next step: ----------------------------GGGGGGGGGGGGGGGGGGGGGGG------------------------------
[2026-04-24 09:57:41,223][rfdiffusion.inference.utils][INFO] - Sampled motif RMSD: 0.13
[2026-04-24 09:57:41,513][rfdiffusion.inference.model_runners][INFO] - Timestep 4, input to next step: ----------------------------GGGGGGGGGGGGGGGGGGGGGGG------------------------------
[2026-04-24 09:57:44,667][rfdiffusion.inference.utils][INFO] - Sampled motif RMSD: 0.12
[2026-04-24 09:57:44,958][rfdiffusion.inference.model_runners][INFO] - Timestep 3, input to next step: ----------------------------GGGGGGGGGGGGGGGGGGGGGGG------------------------------
[2026-04-24 09:57:47,808][rfdiffusion.inference.utils][INFO] - Sampled motif RMSD: 0.12
[2026-04-24 09:57:48,138][rfdiffusion.inference.model_runners][INFO] - Timestep 2, input to next step: ----------------------------GGGGGGGGGGGGGGGGGGGGGGG------------------------------
[2026-04-24 09:57:55,892][__main__][INFO] - Finished design in 5.72 minutes
