[2026-04-24 10:01:18,633][__main__][INFO] - Found GPU with device_name NVIDIA A100-SXM4-80GB. Will run RFdiffusion on NVIDIA A100-SXM4-80GB
Reading models from /lambda/nfs/manvi/Team_8_CS598GBL/RFdiffusion/rfdiffusion/inference/../../models
[2026-04-24 10:01:18,635][rfdiffusion.inference.model_runners][INFO] - Reading checkpoint from /lambda/nfs/manvi/Team_8_CS598GBL/RFdiffusion/rfdiffusion/inference/../../models/Base_ckpt.pt
This is inf_conf.ckpt_path
/lambda/nfs/manvi/Team_8_CS598GBL/RFdiffusion/rfdiffusion/inference/../../models/Base_ckpt.pt
Assembling -model, -diffuser and -preprocess configs from checkpoint
USING MODEL CONFIG: self._conf[model][n_extra_block] = 4
USING MODEL CONFIG: self._conf[model][n_main_block] = 32
USING MODEL CONFIG: self._conf[model][n_ref_block] = 4
USING MODEL CONFIG: self._conf[model][d_msa] = 256
USING MODEL CONFIG: self._conf[model][d_msa_full] = 64
USING MODEL CONFIG: self._conf[model][d_pair] = 128
USING MODEL CONFIG: self._conf[model][d_templ] = 64
USING MODEL CONFIG: self._conf[model][n_head_msa] = 8
USING MODEL CONFIG: self._conf[model][n_head_pair] = 4
USING MODEL CONFIG: self._conf[model][n_head_templ] = 4
USING MODEL CONFIG: self._conf[model][d_hidden] = 32
USING MODEL CONFIG: self._conf[model][d_hidden_templ] = 32
USING MODEL CONFIG: self._conf[model][p_drop] = 0.15
USING MODEL CONFIG: self._conf[model][SE3_param_full] = {'num_layers': 1, 'num_channels': 32, 'num_degrees': 2, 'n_heads': 4, 'div': 4, 'l0_in_features': 8, 'l0_out_features': 8, 'l1_in_features': 3, 'l1_out_features': 2, 'num_edge_features': 32}
USING MODEL CONFIG: self._conf[model][SE3_param_topk] = {'num_layers': 1, 'num_channels': 32, 'num_degrees': 2, 'n_heads': 4, 'div': 4, 'l0_in_features': 64, 'l0_out_features': 64, 'l1_in_features': 3, 'l1_out_features': 2, 'num_edge_features': 64}
USING MODEL CONFIG: self._conf[model][freeze_track_motif] = False
USING MODEL CONFIG: self._conf[model][use_motif_timestep] = True
USING MODEL CONFIG: self._conf[diffuser][T] = 50
USING MODEL CONFIG: self._conf[diffuser][b_0] = 0.01
USING MODEL CONFIG: self._conf[diffuser][b_T] = 0.07
USING MODEL CONFIG: self._conf[diffuser][schedule_type] = linear
USING MODEL CONFIG: self._conf[diffuser][so3_type] = igso3
USING MODEL CONFIG: self._conf[diffuser][crd_scale] = 0.25
USING MODEL CONFIG: self._conf[diffuser][so3_schedule_type] = linear
USING MODEL CONFIG: self._conf[diffuser][min_b] = 1.5
USING MODEL CONFIG: self._conf[diffuser][max_b] = 2.5
USING MODEL CONFIG: self._conf[diffuser][min_sigma] = 0.02
USING MODEL CONFIG: self._conf[diffuser][max_sigma] = 1.5
USING MODEL CONFIG: self._conf[preprocess][sidechain_input] = False
USING MODEL CONFIG: self._conf[preprocess][motif_sidechain_input] = True
USING MODEL CONFIG: self._conf[preprocess][d_t1d] = 22
USING MODEL CONFIG: self._conf[preprocess][d_t2d] = 44
USING MODEL CONFIG: self._conf[preprocess][prob_self_cond] = 0.5
USING MODEL CONFIG: self._conf[preprocess][str_self_cond] = True
USING MODEL CONFIG: self._conf[preprocess][predict_previous] = False
[2026-04-24 10:02:40,448][rfdiffusion.inference.model_runners][INFO] - Loading checkpoint.
[2026-04-24 10:03:07,627][rfdiffusion.diffusion][INFO] - Using cached IGSO3.
Successful diffuser __init__
[2026-04-24 10:03:07,798][__main__][INFO] - Making design /lambda/nfs/manvi/Team_8_CS598GBL/outputs/custom90_128_motif_scaffolding/low_noise/len_102/balanced/scaffold_0
[2026-04-24 10:03:07,847][rfdiffusion.inference.model_runners][INFO] - Using contig: ['20-34/A22-45/20-34']
With this beta schedule (linear schedule, beta_0 = 0.04, beta_T = 0.28), alpha_bar_T = 0.00013696048699785024
[2026-04-24 10:03:08,667][rfdiffusion.inference.model_runners][INFO] - Sequence init: ---------------------------GGGGGGGGGGGGGGGGGGGGGGGG---------------------------------
[2026-04-24 10:03:20,157][rfdiffusion.inference.utils][INFO] - Sampled motif RMSD: 0.27
[2026-04-24 10:03:20,561][rfdiffusion.inference.model_runners][INFO] - Timestep 50, input to next step: ---------------------------GGGGGGGGGGGGGGGGGGGGGGGG---------------------------------
[2026-04-24 10:03:27,621][rfdiffusion.inference.utils][INFO] - Sampled motif RMSD: 0.25
[2026-04-24 10:03:27,824][rfdiffusion.inference.model_runners][INFO] - Timestep 49, input to next step: ---------------------------GGGGGGGGGGGGGGGGGGGGGGGG---------------------------------
[2026-04-24 10:03:32,648][rfdiffusion.inference.utils][INFO] - Sampled motif RMSD: 0.26
[2026-04-24 10:03:32,890][rfdiffusion.inference.model_runners][INFO] - Timestep 48, input to next step: ---------------------------GGGGGGGGGGGGGGGGGGGGGGGG---------------------------------
[2026-04-24 10:03:38,862][rfdiffusion.inference.utils][INFO] - Sampled motif RMSD: 0.30
[2026-04-24 10:03:39,421][rfdiffusion.inference.model_runners][INFO] - Timestep 47, input to next step: ---------------------------GGGGGGGGGGGGGGGGGGGGGGGG---------------------------------
[2026-04-24 10:03:49,845][rfdiffusion.inference.utils][INFO] - Sampled motif RMSD: 0.28
[2026-04-24 10:03:50,366][rfdiffusion.inference.model_runners][INFO] - Timestep 46, input to next step: ---------------------------GGGGGGGGGGGGGGGGGGGGGGGG---------------------------------
[2026-04-24 10:03:58,221][rfdiffusion.inference.utils][INFO] - Sampled motif RMSD: 0.33
[2026-04-24 10:03:58,459][rfdiffusion.inference.model_runners][INFO] - Timestep 45, input to next step: ---------------------------GGGGGGGGGGGGGGGGGGGGGGGG---------------------------------
[2026-04-24 10:04:06,679][rfdiffusion.inference.utils][INFO] - Sampled motif RMSD: 0.37
[2026-04-24 10:04:07,101][rfdiffusion.inference.model_runners][INFO] - Timestep 44, input to next step: ---------------------------GGGGGGGGGGGGGGGGGGGGGGGG---------------------------------
[2026-04-24 10:04:13,342][rfdiffusion.inference.utils][INFO] - Sampled motif RMSD: 0.37
[2026-04-24 10:04:13,644][rfdiffusion.inference.model_runners][INFO] - Timestep 43, input to next step: ---------------------------GGGGGGGGGGGGGGGGGGGGGGGG---------------------------------
[2026-04-24 10:04:18,417][rfdiffusion.inference.utils][INFO] - Sampled motif RMSD: 0.36
[2026-04-24 10:04:18,724][rfdiffusion.inference.model_runners][INFO] - Timestep 42, input to next step: ---------------------------GGGGGGGGGGGGGGGGGGGGGGGG---------------------------------
[2026-04-24 10:04:22,129][rfdiffusion.inference.utils][INFO] - Sampled motif RMSD: 0.37
[2026-04-24 10:04:22,425][rfdiffusion.inference.model_runners][INFO] - Timestep 41, input to next step: ---------------------------GGGGGGGGGGGGGGGGGGGGGGGG---------------------------------
[2026-04-24 10:04:25,482][rfdiffusion.inference.utils][INFO] - Sampled motif RMSD: 0.34
[2026-04-24 10:04:25,625][rfdiffusion.inference.model_runners][INFO] - Timestep 40, input to next step: ---------------------------GGGGGGGGGGGGGGGGGGGGGGGG---------------------------------
[2026-04-24 10:04:29,189][rfdiffusion.inference.utils][INFO] - Sampled motif RMSD: 0.39
[2026-04-24 10:04:29,493][rfdiffusion.inference.model_runners][INFO] - Timestep 39, input to next step: ---------------------------GGGGGGGGGGGGGGGGGGGGGGGG---------------------------------
[2026-04-24 10:04:32,700][rfdiffusion.inference.utils][INFO] - Sampled motif RMSD: 0.42
[2026-04-24 10:04:32,910][rfdiffusion.inference.model_runners][INFO] - Timestep 38, input to next step: ---------------------------GGGGGGGGGGGGGGGGGGGGGGGG---------------------------------
[2026-04-24 10:04:36,684][rfdiffusion.inference.utils][INFO] - Sampled motif RMSD: 0.42
[2026-04-24 10:04:37,132][rfdiffusion.inference.model_runners][INFO] - Timestep 37, input to next step: ---------------------------GGGGGGGGGGGGGGGGGGGGGGGG---------------------------------
[2026-04-24 10:04:42,397][rfdiffusion.inference.utils][INFO] - Sampled motif RMSD: 0.47
[2026-04-24 10:04:42,608][rfdiffusion.inference.model_runners][INFO] - Timestep 36, input to next step: ---------------------------GGGGGGGGGGGGGGGGGGGGGGGG---------------------------------
[2026-04-24 10:04:46,509][rfdiffusion.inference.utils][INFO] - Sampled motif RMSD: 0.48
[2026-04-24 10:04:46,691][rfdiffusion.inference.model_runners][INFO] - Timestep 35, input to next step: ---------------------------GGGGGGGGGGGGGGGGGGGGGGGG---------------------------------
[2026-04-24 10:04:51,279][rfdiffusion.inference.utils][INFO] - Sampled motif RMSD: 0.49
[2026-04-24 10:04:51,558][rfdiffusion.inference.model_runners][INFO] - Timestep 34, input to next step: ---------------------------GGGGGGGGGGGGGGGGGGGGGGGG---------------------------------
[2026-04-24 10:04:55,299][rfdiffusion.inference.utils][INFO] - Sampled motif RMSD: 0.49
[2026-04-24 10:04:55,460][rfdiffusion.inference.model_runners][INFO] - Timestep 33, input to next step: ---------------------------GGGGGGGGGGGGGGGGGGGGGGGG---------------------------------
[2026-04-24 10:05:00,289][rfdiffusion.inference.utils][INFO] - Sampled motif RMSD: 0.52
[2026-04-24 10:05:00,690][rfdiffusion.inference.model_runners][INFO] - Timestep 32, input to next step: ---------------------------GGGGGGGGGGGGGGGGGGGGGGGG---------------------------------
[2026-04-24 10:05:04,677][rfdiffusion.inference.utils][INFO] - Sampled motif RMSD: 0.55
[2026-04-24 10:05:05,037][rfdiffusion.inference.model_runners][INFO] - Timestep 31, input to next step: ---------------------------GGGGGGGGGGGGGGGGGGGGGGGG---------------------------------
[2026-04-24 10:05:07,840][rfdiffusion.inference.utils][INFO] - Sampled motif RMSD: 0.53
[2026-04-24 10:05:08,258][rfdiffusion.inference.model_runners][INFO] - Timestep 30, input to next step: ---------------------------GGGGGGGGGGGGGGGGGGGGGGGG---------------------------------
[2026-04-24 10:05:13,711][rfdiffusion.inference.utils][INFO] - Sampled motif RMSD: 0.53
[2026-04-24 10:05:14,247][rfdiffusion.inference.model_runners][INFO] - Timestep 29, input to next step: ---------------------------GGGGGGGGGGGGGGGGGGGGGGGG---------------------------------
[2026-04-24 10:05:19,428][rfdiffusion.inference.utils][INFO] - Sampled motif RMSD: 0.53
[2026-04-24 10:05:19,784][rfdiffusion.inference.model_runners][INFO] - Timestep 28, input to next step: ---------------------------GGGGGGGGGGGGGGGGGGGGGGGG---------------------------------
[2026-04-24 10:05:25,368][rfdiffusion.inference.utils][INFO] - Sampled motif RMSD: 0.50
[2026-04-24 10:05:25,712][rfdiffusion.inference.model_runners][INFO] - Timestep 27, input to next step: ---------------------------GGGGGGGGGGGGGGGGGGGGGGGG---------------------------------
[2026-04-24 10:05:30,920][rfdiffusion.inference.utils][INFO] - Sampled motif RMSD: 0.49
[2026-04-24 10:05:31,360][rfdiffusion.inference.model_runners][INFO] - Timestep 26, input to next step: ---------------------------GGGGGGGGGGGGGGGGGGGGGGGG---------------------------------
[2026-04-24 10:05:38,186][rfdiffusion.inference.utils][INFO] - Sampled motif RMSD: 0.51
[2026-04-24 10:05:38,401][rfdiffusion.inference.model_runners][INFO] - Timestep 25, input to next step: ---------------------------GGGGGGGGGGGGGGGGGGGGGGGG---------------------------------
[2026-04-24 10:05:42,725][rfdiffusion.inference.utils][INFO] - Sampled motif RMSD: 0.48
[2026-04-24 10:05:43,140][rfdiffusion.inference.model_runners][INFO] - Timestep 24, input to next step: ---------------------------GGGGGGGGGGGGGGGGGGGGGGGG---------------------------------
[2026-04-24 10:05:47,911][rfdiffusion.inference.utils][INFO] - Sampled motif RMSD: 0.45
[2026-04-24 10:05:48,235][rfdiffusion.inference.model_runners][INFO] - Timestep 23, input to next step: ---------------------------GGGGGGGGGGGGGGGGGGGGGGGG---------------------------------
[2026-04-24 10:05:53,937][rfdiffusion.inference.utils][INFO] - Sampled motif RMSD: 0.46
[2026-04-24 10:05:54,195][rfdiffusion.inference.model_runners][INFO] - Timestep 22, input to next step: ---------------------------GGGGGGGGGGGGGGGGGGGGGGGG---------------------------------
[2026-04-24 10:05:59,295][rfdiffusion.inference.utils][INFO] - Sampled motif RMSD: 0.47
[2026-04-24 10:05:59,626][rfdiffusion.inference.model_runners][INFO] - Timestep 21, input to next step: ---------------------------GGGGGGGGGGGGGGGGGGGGGGGG---------------------------------
[2026-04-24 10:06:03,527][rfdiffusion.inference.utils][INFO] - Sampled motif RMSD: 0.47
[2026-04-24 10:06:03,737][rfdiffusion.inference.model_runners][INFO] - Timestep 20, input to next step: ---------------------------GGGGGGGGGGGGGGGGGGGGGGGG---------------------------------
[2026-04-24 10:06:08,596][rfdiffusion.inference.utils][INFO] - Sampled motif RMSD: 0.49
[2026-04-24 10:06:08,872][rfdiffusion.inference.model_runners][INFO] - Timestep 19, input to next step: ---------------------------GGGGGGGGGGGGGGGGGGGGGGGG---------------------------------
[2026-04-24 10:06:13,423][rfdiffusion.inference.utils][INFO] - Sampled motif RMSD: 0.50
[2026-04-24 10:06:13,816][rfdiffusion.inference.model_runners][INFO] - Timestep 18, input to next step: ---------------------------GGGGGGGGGGGGGGGGGGGGGGGG---------------------------------
[2026-04-24 10:06:19,381][rfdiffusion.inference.utils][INFO] - Sampled motif RMSD: 0.48
[2026-04-24 10:06:19,770][rfdiffusion.inference.model_runners][INFO] - Timestep 17, input to next step: ---------------------------GGGGGGGGGGGGGGGGGGGGGGGG---------------------------------
[2026-04-24 10:06:25,489][rfdiffusion.inference.utils][INFO] - Sampled motif RMSD: 0.47
[2026-04-24 10:06:25,853][rfdiffusion.inference.model_runners][INFO] - Timestep 16, input to next step: ---------------------------GGGGGGGGGGGGGGGGGGGGGGGG---------------------------------
[2026-04-24 10:06:31,936][rfdiffusion.inference.utils][INFO] - Sampled motif RMSD: 0.48
[2026-04-24 10:06:32,319][rfdiffusion.inference.model_runners][INFO] - Timestep 15, input to next step: ---------------------------GGGGGGGGGGGGGGGGGGGGGGGG---------------------------------
[2026-04-24 10:06:38,462][rfdiffusion.inference.utils][INFO] - Sampled motif RMSD: 0.48
[2026-04-24 10:06:38,899][rfdiffusion.inference.model_runners][INFO] - Timestep 14, input to next step: ---------------------------GGGGGGGGGGGGGGGGGGGGGGGG---------------------------------
[2026-04-24 10:06:44,360][rfdiffusion.inference.utils][INFO] - Sampled motif RMSD: 0.47
[2026-04-24 10:06:44,760][rfdiffusion.inference.model_runners][INFO] - Timestep 13, input to next step: ---------------------------GGGGGGGGGGGGGGGGGGGGGGGG---------------------------------
[2026-04-24 10:06:48,307][rfdiffusion.inference.utils][INFO] - Sampled motif RMSD: 0.46
[2026-04-24 10:06:48,595][rfdiffusion.inference.model_runners][INFO] - Timestep 12, input to next step: ---------------------------GGGGGGGGGGGGGGGGGGGGGGGG---------------------------------
[2026-04-24 10:06:55,839][rfdiffusion.inference.utils][INFO] - Sampled motif RMSD: 0.47
[2026-04-24 10:06:56,374][rfdiffusion.inference.model_runners][INFO] - Timestep 11, input to next step: ---------------------------GGGGGGGGGGGGGGGGGGGGGGGG---------------------------------
[2026-04-24 10:07:02,620][rfdiffusion.inference.utils][INFO] - Sampled motif RMSD: 0.47
[2026-04-24 10:07:02,987][rfdiffusion.inference.model_runners][INFO] - Timestep 10, input to next step: ---------------------------GGGGGGGGGGGGGGGGGGGGGGGG---------------------------------
[2026-04-24 10:07:10,330][rfdiffusion.inference.utils][INFO] - Sampled motif RMSD: 0.44
[2026-04-24 10:07:11,075][rfdiffusion.inference.model_runners][INFO] - Timestep 9, input to next step: ---------------------------GGGGGGGGGGGGGGGGGGGGGGGG---------------------------------
[2026-04-24 10:07:18,670][rfdiffusion.inference.utils][INFO] - Sampled motif RMSD: 0.43
[2026-04-24 10:07:19,091][rfdiffusion.inference.model_runners][INFO] - Timestep 8, input to next step: ---------------------------GGGGGGGGGGGGGGGGGGGGGGGG---------------------------------
[2026-04-24 10:07:27,572][rfdiffusion.inference.utils][INFO] - Sampled motif RMSD: 0.42
[2026-04-24 10:07:28,001][rfdiffusion.inference.model_runners][INFO] - Timestep 7, input to next step: ---------------------------GGGGGGGGGGGGGGGGGGGGGGGG---------------------------------
[2026-04-24 10:07:34,042][rfdiffusion.inference.utils][INFO] - Sampled motif RMSD: 0.42
[2026-04-24 10:07:34,503][rfdiffusion.inference.model_runners][INFO] - Timestep 6, input to next step: ---------------------------GGGGGGGGGGGGGGGGGGGGGGGG---------------------------------
[2026-04-24 10:07:39,832][rfdiffusion.inference.utils][INFO] - Sampled motif RMSD: 0.41
[2026-04-24 10:07:40,427][rfdiffusion.inference.model_runners][INFO] - Timestep 5, input to next step: ---------------------------GGGGGGGGGGGGGGGGGGGGGGGG---------------------------------
[2026-04-24 10:07:45,674][rfdiffusion.inference.utils][INFO] - Sampled motif RMSD: 0.39
[2026-04-24 10:07:46,142][rfdiffusion.inference.model_runners][INFO] - Timestep 4, input to next step: ---------------------------GGGGGGGGGGGGGGGGGGGGGGGG---------------------------------
[2026-04-24 10:07:53,286][rfdiffusion.inference.utils][INFO] - Sampled motif RMSD: 0.40
[2026-04-24 10:07:53,879][rfdiffusion.inference.model_runners][INFO] - Timestep 3, input to next step: ---------------------------GGGGGGGGGGGGGGGGGGGGGGGG---------------------------------
[2026-04-24 10:08:00,695][rfdiffusion.inference.utils][INFO] - Sampled motif RMSD: 0.39
[2026-04-24 10:08:01,228][rfdiffusion.inference.model_runners][INFO] - Timestep 2, input to next step: ---------------------------GGGGGGGGGGGGGGGGGGGGGGGG---------------------------------
[2026-04-24 10:08:12,055][__main__][INFO] - Finished design in 5.07 minutes
[2026-04-24 10:08:12,056][__main__][INFO] - Making design /lambda/nfs/manvi/Team_8_CS598GBL/outputs/custom90_128_motif_scaffolding/low_noise/len_102/balanced/scaffold_1
[2026-04-24 10:08:12,077][rfdiffusion.inference.model_runners][INFO] - Using contig: ['20-34/A22-45/20-34']
With this beta schedule (linear schedule, beta_0 = 0.04, beta_T = 0.28), alpha_bar_T = 0.00013696048699785024
[2026-04-24 10:08:12,468][rfdiffusion.inference.model_runners][INFO] - Sequence init: -----------------------------GGGGGGGGGGGGGGGGGGGGGGGG--------------------
[2026-04-24 10:08:18,846][rfdiffusion.inference.utils][INFO] - Sampled motif RMSD: 0.26
[2026-04-24 10:08:19,112][rfdiffusion.inference.model_runners][INFO] - Timestep 50, input to next step: -----------------------------GGGGGGGGGGGGGGGGGGGGGGGG--------------------
[2026-04-24 10:08:25,564][rfdiffusion.inference.utils][INFO] - Sampled motif RMSD: 0.24
[2026-04-24 10:08:25,734][rfdiffusion.inference.model_runners][INFO] - Timestep 49, input to next step: -----------------------------GGGGGGGGGGGGGGGGGGGGGGGG--------------------
[2026-04-24 10:08:31,016][rfdiffusion.inference.utils][INFO] - Sampled motif RMSD: 0.28
[2026-04-24 10:08:31,212][rfdiffusion.inference.model_runners][INFO] - Timestep 48, input to next step: -----------------------------GGGGGGGGGGGGGGGGGGGGGGGG--------------------
[2026-04-24 10:08:35,575][rfdiffusion.inference.utils][INFO] - Sampled motif RMSD: 0.26
[2026-04-24 10:08:36,018][rfdiffusion.inference.model_runners][INFO] - Timestep 47, input to next step: -----------------------------GGGGGGGGGGGGGGGGGGGGGGGG--------------------
[2026-04-24 10:08:42,302][rfdiffusion.inference.utils][INFO] - Sampled motif RMSD: 0.25
[2026-04-24 10:08:42,784][rfdiffusion.inference.model_runners][INFO] - Timestep 46, input to next step: -----------------------------GGGGGGGGGGGGGGGGGGGGGGGG--------------------
[2026-04-24 10:08:46,706][rfdiffusion.inference.utils][INFO] - Sampled motif RMSD: 0.22
[2026-04-24 10:08:47,269][rfdiffusion.inference.model_runners][INFO] - Timestep 45, input to next step: -----------------------------GGGGGGGGGGGGGGGGGGGGGGGG--------------------
[2026-04-24 10:08:52,447][rfdiffusion.inference.utils][INFO] - Sampled motif RMSD: 0.20
[2026-04-24 10:08:52,804][rfdiffusion.inference.model_runners][INFO] - Timestep 44, input to next step: -----------------------------GGGGGGGGGGGGGGGGGGGGGGGG--------------------
[2026-04-24 10:08:56,982][rfdiffusion.inference.utils][INFO] - Sampled motif RMSD: 0.25
[2026-04-24 10:08:57,546][rfdiffusion.inference.model_runners][INFO] - Timestep 43, input to next step: -----------------------------GGGGGGGGGGGGGGGGGGGGGGGG--------------------
[2026-04-24 10:09:05,976][rfdiffusion.inference.utils][INFO] - Sampled motif RMSD: 0.24
[2026-04-24 10:09:06,418][rfdiffusion.inference.model_runners][INFO] - Timestep 42, input to next step: -----------------------------GGGGGGGGGGGGGGGGGGGGGGGG--------------------
[2026-04-24 10:09:12,212][rfdiffusion.inference.utils][INFO] - Sampled motif RMSD: 0.27
[2026-04-24 10:09:12,775][rfdiffusion.inference.model_runners][INFO] - Timestep 41, input to next step: -----------------------------GGGGGGGGGGGGGGGGGGGGGGGG--------------------
[2026-04-24 10:09:19,873][rfdiffusion.inference.utils][INFO] - Sampled motif RMSD: 0.30
[2026-04-24 10:09:20,304][rfdiffusion.inference.model_runners][INFO] - Timestep 40, input to next step: -----------------------------GGGGGGGGGGGGGGGGGGGGGGGG--------------------
[2026-04-24 10:09:27,210][rfdiffusion.inference.utils][INFO] - Sampled motif RMSD: 0.30
[2026-04-24 10:09:27,506][rfdiffusion.inference.model_runners][INFO] - Timestep 39, input to next step: -----------------------------GGGGGGGGGGGGGGGGGGGGGGGG--------------------
[2026-04-24 10:09:33,223][rfdiffusion.inference.utils][INFO] - Sampled motif RMSD: 0.28
[2026-04-24 10:09:33,441][rfdiffusion.inference.model_runners][INFO] - Timestep 38, input to next step: -----------------------------GGGGGGGGGGGGGGGGGGGGGGGG--------------------
[2026-04-24 10:09:39,172][rfdiffusion.inference.utils][INFO] - Sampled motif RMSD: 0.27
[2026-04-24 10:09:39,741][rfdiffusion.inference.model_runners][INFO] - Timestep 37, input to next step: -----------------------------GGGGGGGGGGGGGGGGGGGGGGGG--------------------
[2026-04-24 10:09:46,321][rfdiffusion.inference.utils][INFO] - Sampled motif RMSD: 0.25
[2026-04-24 10:09:46,650][rfdiffusion.inference.model_runners][INFO] - Timestep 36, input to next step: -----------------------------GGGGGGGGGGGGGGGGGGGGGGGG--------------------
[2026-04-24 10:09:51,909][rfdiffusion.inference.utils][INFO] - Sampled motif RMSD: 0.24
[2026-04-24 10:09:52,374][rfdiffusion.inference.model_runners][INFO] - Timestep 35, input to next step: -----------------------------GGGGGGGGGGGGGGGGGGGGGGGG--------------------
[2026-04-24 10:09:56,884][rfdiffusion.inference.utils][INFO] - Sampled motif RMSD: 0.25
[2026-04-24 10:09:57,328][rfdiffusion.inference.model_runners][INFO] - Timestep 34, input to next step: -----------------------------GGGGGGGGGGGGGGGGGGGGGGGG--------------------
[2026-04-24 10:10:04,728][rfdiffusion.inference.utils][INFO] - Sampled motif RMSD: 0.26
[2026-04-24 10:10:05,307][rfdiffusion.inference.model_runners][INFO] - Timestep 33, input to next step: -----------------------------GGGGGGGGGGGGGGGGGGGGGGGG--------------------
[2026-04-24 10:10:10,250][rfdiffusion.inference.utils][INFO] - Sampled motif RMSD: 0.25
[2026-04-24 10:10:10,914][rfdiffusion.inference.model_runners][INFO] - Timestep 32, input to next step: -----------------------------GGGGGGGGGGGGGGGGGGGGGGGG--------------------
[2026-04-24 10:10:16,423][rfdiffusion.inference.utils][INFO] - Sampled motif RMSD: 0.26
[2026-04-24 10:10:16,690][rfdiffusion.inference.model_runners][INFO] - Timestep 31, input to next step: -----------------------------GGGGGGGGGGGGGGGGGGGGGGGG--------------------
[2026-04-24 10:10:21,834][rfdiffusion.inference.utils][INFO] - Sampled motif RMSD: 0.26
[2026-04-24 10:10:22,118][rfdiffusion.inference.model_runners][INFO] - Timestep 30, input to next step: -----------------------------GGGGGGGGGGGGGGGGGGGGGGGG--------------------
[2026-04-24 10:10:28,708][rfdiffusion.inference.utils][INFO] - Sampled motif RMSD: 0.26
[2026-04-24 10:10:29,186][rfdiffusion.inference.model_runners][INFO] - Timestep 29, input to next step: -----------------------------GGGGGGGGGGGGGGGGGGGGGGGG--------------------
[2026-04-24 10:10:34,951][rfdiffusion.inference.utils][INFO] - Sampled motif RMSD: 0.27
[2026-04-24 10:10:35,344][rfdiffusion.inference.model_runners][INFO] - Timestep 28, input to next step: -----------------------------GGGGGGGGGGGGGGGGGGGGGGGG--------------------
[2026-04-24 10:10:41,862][rfdiffusion.inference.utils][INFO] - Sampled motif RMSD: 0.26
[2026-04-24 10:10:42,174][rfdiffusion.inference.model_runners][INFO] - Timestep 27, input to next step: -----------------------------GGGGGGGGGGGGGGGGGGGGGGGG--------------------
[2026-04-24 10:10:47,289][rfdiffusion.inference.utils][INFO] - Sampled motif RMSD: 0.26
[2026-04-24 10:10:47,497][rfdiffusion.inference.model_runners][INFO] - Timestep 26, input to next step: -----------------------------GGGGGGGGGGGGGGGGGGGGGGGG--------------------
[2026-04-24 10:10:51,733][rfdiffusion.inference.utils][INFO] - Sampled motif RMSD: 0.27
[2026-04-24 10:10:52,012][rfdiffusion.inference.model_runners][INFO] - Timestep 25, input to next step: -----------------------------GGGGGGGGGGGGGGGGGGGGGGGG--------------------
[2026-04-24 10:10:57,354][rfdiffusion.inference.utils][INFO] - Sampled motif RMSD: 0.27
[2026-04-24 10:10:57,641][rfdiffusion.inference.model_runners][INFO] - Timestep 24, input to next step: -----------------------------GGGGGGGGGGGGGGGGGGGGGGGG--------------------
[2026-04-24 10:11:00,819][rfdiffusion.inference.utils][INFO] - Sampled motif RMSD: 0.28
[2026-04-24 10:11:01,274][rfdiffusion.inference.model_runners][INFO] - Timestep 23, input to next step: -----------------------------GGGGGGGGGGGGGGGGGGGGGGGG--------------------
[2026-04-24 10:11:05,873][rfdiffusion.inference.utils][INFO] - Sampled motif RMSD: 0.29
[2026-04-24 10:11:06,284][rfdiffusion.inference.model_runners][INFO] - Timestep 22, input to next step: -----------------------------GGGGGGGGGGGGGGGGGGGGGGGG--------------------
[2026-04-24 10:11:12,071][rfdiffusion.inference.utils][INFO] - Sampled motif RMSD: 0.27
[2026-04-24 10:11:12,407][rfdiffusion.inference.model_runners][INFO] - Timestep 21, input to next step: -----------------------------GGGGGGGGGGGGGGGGGGGGGGGG--------------------
[2026-04-24 10:11:18,422][rfdiffusion.inference.utils][INFO] - Sampled motif RMSD: 0.28
[2026-04-24 10:11:18,568][rfdiffusion.inference.model_runners][INFO] - Timestep 20, input to next step: -----------------------------GGGGGGGGGGGGGGGGGGGGGGGG--------------------
[2026-04-24 10:11:22,460][rfdiffusion.inference.utils][INFO] - Sampled motif RMSD: 0.28
[2026-04-24 10:11:22,805][rfdiffusion.inference.model_runners][INFO] - Timestep 19, input to next step: -----------------------------GGGGGGGGGGGGGGGGGGGGGGGG--------------------
[2026-04-24 10:11:27,159][rfdiffusion.inference.utils][INFO] - Sampled motif RMSD: 0.29
[2026-04-24 10:11:27,523][rfdiffusion.inference.model_runners][INFO] - Timestep 18, input to next step: -----------------------------GGGGGGGGGGGGGGGGGGGGGGGG--------------------
[2026-04-24 10:11:30,821][rfdiffusion.inference.utils][INFO] - Sampled motif RMSD: 0.27
[2026-04-24 10:11:31,206][rfdiffusion.inference.model_runners][INFO] - Timestep 17, input to next step: -----------------------------GGGGGGGGGGGGGGGGGGGGGGGG--------------------
[2026-04-24 10:11:34,756][rfdiffusion.inference.utils][INFO] - Sampled motif RMSD: 0.26
[2026-04-24 10:11:35,161][rfdiffusion.inference.model_runners][INFO] - Timestep 16, input to next step: -----------------------------GGGGGGGGGGGGGGGGGGGGGGGG--------------------
[2026-04-24 10:11:40,584][rfdiffusion.inference.utils][INFO] - Sampled motif RMSD: 0.27
[2026-04-24 10:11:40,925][rfdiffusion.inference.model_runners][INFO] - Timestep 15, input to next step: -----------------------------GGGGGGGGGGGGGGGGGGGGGGGG--------------------
[2026-04-24 10:11:43,898][rfdiffusion.inference.utils][INFO] - Sampled motif RMSD: 0.28
[2026-04-24 10:11:44,083][rfdiffusion.inference.model_runners][INFO] - Timestep 14, input to next step: -----------------------------GGGGGGGGGGGGGGGGGGGGGGGG--------------------
[2026-04-24 10:11:48,527][rfdiffusion.inference.utils][INFO] - Sampled motif RMSD: 0.26
[2026-04-24 10:11:48,704][rfdiffusion.inference.model_runners][INFO] - Timestep 13, input to next step: -----------------------------GGGGGGGGGGGGGGGGGGGGGGGG--------------------
[2026-04-24 10:11:54,500][rfdiffusion.inference.utils][INFO] - Sampled motif RMSD: 0.24
[2026-04-24 10:11:54,642][rfdiffusion.inference.model_runners][INFO] - Timestep 12, input to next step: -----------------------------GGGGGGGGGGGGGGGGGGGGGGGG--------------------
[2026-04-24 10:11:59,150][rfdiffusion.inference.utils][INFO] - Sampled motif RMSD: 0.23
[2026-04-24 10:11:59,298][rfdiffusion.inference.model_runners][INFO] - Timestep 11, input to next step: -----------------------------GGGGGGGGGGGGGGGGGGGGGGGG--------------------
[2026-04-24 10:12:03,907][rfdiffusion.inference.utils][INFO] - Sampled motif RMSD: 0.24
[2026-04-24 10:12:04,184][rfdiffusion.inference.model_runners][INFO] - Timestep 10, input to next step: -----------------------------GGGGGGGGGGGGGGGGGGGGGGGG--------------------
[2026-04-24 10:12:09,616][rfdiffusion.inference.utils][INFO] - Sampled motif RMSD: 0.24
[2026-04-24 10:12:10,019][rfdiffusion.inference.model_runners][INFO] - Timestep 9, input to next step: -----------------------------GGGGGGGGGGGGGGGGGGGGGGGG--------------------
[2026-04-24 10:12:14,361][rfdiffusion.inference.utils][INFO] - Sampled motif RMSD: 0.22
[2026-04-24 10:12:14,500][rfdiffusion.inference.model_runners][INFO] - Timestep 8, input to next step: -----------------------------GGGGGGGGGGGGGGGGGGGGGGGG--------------------
[2026-04-24 10:12:18,561][rfdiffusion.inference.utils][INFO] - Sampled motif RMSD: 0.24
[2026-04-24 10:12:18,757][rfdiffusion.inference.model_runners][INFO] - Timestep 7, input to next step: -----------------------------GGGGGGGGGGGGGGGGGGGGGGGG--------------------
[2026-04-24 10:12:23,537][rfdiffusion.inference.utils][INFO] - Sampled motif RMSD: 0.23
[2026-04-24 10:12:23,834][rfdiffusion.inference.model_runners][INFO] - Timestep 6, input to next step: -----------------------------GGGGGGGGGGGGGGGGGGGGGGGG--------------------
[2026-04-24 10:12:29,141][rfdiffusion.inference.utils][INFO] - Sampled motif RMSD: 0.22
[2026-04-24 10:12:29,519][rfdiffusion.inference.model_runners][INFO] - Timestep 5, input to next step: -----------------------------GGGGGGGGGGGGGGGGGGGGGGGG--------------------
[2026-04-24 10:12:33,056][rfdiffusion.inference.utils][INFO] - Sampled motif RMSD: 0.22
[2026-04-24 10:12:33,466][rfdiffusion.inference.model_runners][INFO] - Timestep 4, input to next step: -----------------------------GGGGGGGGGGGGGGGGGGGGGGGG--------------------
[2026-04-24 10:12:38,075][rfdiffusion.inference.utils][INFO] - Sampled motif RMSD: 0.22
[2026-04-24 10:12:38,315][rfdiffusion.inference.model_runners][INFO] - Timestep 3, input to next step: -----------------------------GGGGGGGGGGGGGGGGGGGGGGGG--------------------
[2026-04-24 10:12:43,299][rfdiffusion.inference.utils][INFO] - Sampled motif RMSD: 0.22
[2026-04-24 10:12:43,536][rfdiffusion.inference.model_runners][INFO] - Timestep 2, input to next step: -----------------------------GGGGGGGGGGGGGGGGGGGGGGGG--------------------
[2026-04-24 10:12:52,304][__main__][INFO] - Finished design in 4.67 minutes
