[2026-04-24 08:57:14,364][__main__][INFO] - Found GPU with device_name NVIDIA A100-SXM4-80GB. Will run RFdiffusion on NVIDIA A100-SXM4-80GB
Reading models from /lambda/nfs/manvi/Team_8_CS598GBL/RFdiffusion/rfdiffusion/inference/../../models
[2026-04-24 08:57:14,372][rfdiffusion.inference.model_runners][INFO] - Reading checkpoint from /lambda/nfs/manvi/Team_8_CS598GBL/RFdiffusion/rfdiffusion/inference/../../models/Base_ckpt.pt
This is inf_conf.ckpt_path
/lambda/nfs/manvi/Team_8_CS598GBL/RFdiffusion/rfdiffusion/inference/../../models/Base_ckpt.pt
Assembling -model, -diffuser and -preprocess configs from checkpoint
USING MODEL CONFIG: self._conf[model][n_extra_block] = 4
USING MODEL CONFIG: self._conf[model][n_main_block] = 32
USING MODEL CONFIG: self._conf[model][n_ref_block] = 4
USING MODEL CONFIG: self._conf[model][d_msa] = 256
USING MODEL CONFIG: self._conf[model][d_msa_full] = 64
USING MODEL CONFIG: self._conf[model][d_pair] = 128
USING MODEL CONFIG: self._conf[model][d_templ] = 64
USING MODEL CONFIG: self._conf[model][n_head_msa] = 8
USING MODEL CONFIG: self._conf[model][n_head_pair] = 4
USING MODEL CONFIG: self._conf[model][n_head_templ] = 4
USING MODEL CONFIG: self._conf[model][d_hidden] = 32
USING MODEL CONFIG: self._conf[model][d_hidden_templ] = 32
USING MODEL CONFIG: self._conf[model][p_drop] = 0.15
USING MODEL CONFIG: self._conf[model][SE3_param_full] = {'num_layers': 1, 'num_channels': 32, 'num_degrees': 2, 'n_heads': 4, 'div': 4, 'l0_in_features': 8, 'l0_out_features': 8, 'l1_in_features': 3, 'l1_out_features': 2, 'num_edge_features': 32}
USING MODEL CONFIG: self._conf[model][SE3_param_topk] = {'num_layers': 1, 'num_channels': 32, 'num_degrees': 2, 'n_heads': 4, 'div': 4, 'l0_in_features': 64, 'l0_out_features': 64, 'l1_in_features': 3, 'l1_out_features': 2, 'num_edge_features': 64}
USING MODEL CONFIG: self._conf[model][freeze_track_motif] = False
USING MODEL CONFIG: self._conf[model][use_motif_timestep] = True
USING MODEL CONFIG: self._conf[diffuser][T] = 50
USING MODEL CONFIG: self._conf[diffuser][b_0] = 0.01
USING MODEL CONFIG: self._conf[diffuser][b_T] = 0.07
USING MODEL CONFIG: self._conf[diffuser][schedule_type] = linear
USING MODEL CONFIG: self._conf[diffuser][so3_type] = igso3
USING MODEL CONFIG: self._conf[diffuser][crd_scale] = 0.25
USING MODEL CONFIG: self._conf[diffuser][so3_schedule_type] = linear
USING MODEL CONFIG: self._conf[diffuser][min_b] = 1.5
USING MODEL CONFIG: self._conf[diffuser][max_b] = 2.5
USING MODEL CONFIG: self._conf[diffuser][min_sigma] = 0.02
USING MODEL CONFIG: self._conf[diffuser][max_sigma] = 1.5
USING MODEL CONFIG: self._conf[preprocess][sidechain_input] = False
USING MODEL CONFIG: self._conf[preprocess][motif_sidechain_input] = True
USING MODEL CONFIG: self._conf[preprocess][d_t1d] = 22
USING MODEL CONFIG: self._conf[preprocess][d_t2d] = 44
USING MODEL CONFIG: self._conf[preprocess][prob_self_cond] = 0.5
USING MODEL CONFIG: self._conf[preprocess][str_self_cond] = True
USING MODEL CONFIG: self._conf[preprocess][predict_previous] = False
[2026-04-24 08:58:01,727][rfdiffusion.inference.model_runners][INFO] - Loading checkpoint.
[2026-04-24 08:58:16,310][rfdiffusion.diffusion][INFO] - Using cached IGSO3.
Successful diffuser __init__
[2026-04-24 08:58:16,352][__main__][INFO] - Making design /lambda/nfs/manvi/Team_8_CS598GBL/outputs/custom90_128_motif_scaffolding/fast_T20/len_113/short/scaffold_0
[2026-04-24 08:58:16,371][rfdiffusion.inference.model_runners][INFO] - Using contig: ['22-37/A49-63/22-37']
With this beta schedule (linear schedule, beta_0 = 0.04, beta_T = 0.28), alpha_bar_T = 0.00013696048699785024
[2026-04-24 08:58:16,876][rfdiffusion.inference.model_runners][INFO] - Sequence init: ------------------------------------GGGGGGGGGGGGGGG-----------------------------
[2026-04-24 08:58:26,318][rfdiffusion.inference.utils][INFO] - Sampled motif RMSD: 0.26
[2026-04-24 08:58:26,588][rfdiffusion.inference.model_runners][INFO] - Timestep 50, input to next step: ------------------------------------GGGGGGGGGGGGGGG-----------------------------
[2026-04-24 08:58:31,704][rfdiffusion.inference.utils][INFO] - Sampled motif RMSD: 0.15
[2026-04-24 08:58:31,907][rfdiffusion.inference.model_runners][INFO] - Timestep 49, input to next step: ------------------------------------GGGGGGGGGGGGGGG-----------------------------
[2026-04-24 08:58:36,336][rfdiffusion.inference.utils][INFO] - Sampled motif RMSD: 0.17
[2026-04-24 08:58:36,529][rfdiffusion.inference.model_runners][INFO] - Timestep 48, input to next step: ------------------------------------GGGGGGGGGGGGGGG-----------------------------
[2026-04-24 08:58:40,962][rfdiffusion.inference.utils][INFO] - Sampled motif RMSD: 0.16
[2026-04-24 08:58:41,214][rfdiffusion.inference.model_runners][INFO] - Timestep 47, input to next step: ------------------------------------GGGGGGGGGGGGGGG-----------------------------
[2026-04-24 08:58:46,028][rfdiffusion.inference.utils][INFO] - Sampled motif RMSD: 0.15
[2026-04-24 08:58:46,216][rfdiffusion.inference.model_runners][INFO] - Timestep 46, input to next step: ------------------------------------GGGGGGGGGGGGGGG-----------------------------
[2026-04-24 08:58:52,062][rfdiffusion.inference.utils][INFO] - Sampled motif RMSD: 0.14
[2026-04-24 08:58:52,300][rfdiffusion.inference.model_runners][INFO] - Timestep 45, input to next step: ------------------------------------GGGGGGGGGGGGGGG-----------------------------
[2026-04-24 08:58:57,188][rfdiffusion.inference.utils][INFO] - Sampled motif RMSD: 0.12
[2026-04-24 08:58:57,481][rfdiffusion.inference.model_runners][INFO] - Timestep 44, input to next step: ------------------------------------GGGGGGGGGGGGGGG-----------------------------
[2026-04-24 08:59:00,789][rfdiffusion.inference.utils][INFO] - Sampled motif RMSD: 0.13
[2026-04-24 08:59:01,199][rfdiffusion.inference.model_runners][INFO] - Timestep 43, input to next step: ------------------------------------GGGGGGGGGGGGGGG-----------------------------
[2026-04-24 08:59:04,470][rfdiffusion.inference.utils][INFO] - Sampled motif RMSD: 0.11
[2026-04-24 08:59:04,752][rfdiffusion.inference.model_runners][INFO] - Timestep 42, input to next step: ------------------------------------GGGGGGGGGGGGGGG-----------------------------
[2026-04-24 08:59:09,123][rfdiffusion.inference.utils][INFO] - Sampled motif RMSD: 0.14
[2026-04-24 08:59:09,395][rfdiffusion.inference.model_runners][INFO] - Timestep 41, input to next step: ------------------------------------GGGGGGGGGGGGGGG-----------------------------
[2026-04-24 08:59:13,829][rfdiffusion.inference.utils][INFO] - Sampled motif RMSD: 0.13
[2026-04-24 08:59:14,149][rfdiffusion.inference.model_runners][INFO] - Timestep 40, input to next step: ------------------------------------GGGGGGGGGGGGGGG-----------------------------
[2026-04-24 08:59:18,017][rfdiffusion.inference.utils][INFO] - Sampled motif RMSD: 0.13
[2026-04-24 08:59:18,369][rfdiffusion.inference.model_runners][INFO] - Timestep 39, input to next step: ------------------------------------GGGGGGGGGGGGGGG-----------------------------
[2026-04-24 08:59:21,475][rfdiffusion.inference.utils][INFO] - Sampled motif RMSD: 0.13
[2026-04-24 08:59:21,894][rfdiffusion.inference.model_runners][INFO] - Timestep 38, input to next step: ------------------------------------GGGGGGGGGGGGGGG-----------------------------
[2026-04-24 08:59:25,623][rfdiffusion.inference.utils][INFO] - Sampled motif RMSD: 0.12
[2026-04-24 08:59:25,841][rfdiffusion.inference.model_runners][INFO] - Timestep 37, input to next step: ------------------------------------GGGGGGGGGGGGGGG-----------------------------
[2026-04-24 08:59:30,762][rfdiffusion.inference.utils][INFO] - Sampled motif RMSD: 0.13
[2026-04-24 08:59:31,155][rfdiffusion.inference.model_runners][INFO] - Timestep 36, input to next step: ------------------------------------GGGGGGGGGGGGGGG-----------------------------
[2026-04-24 08:59:36,202][rfdiffusion.inference.utils][INFO] - Sampled motif RMSD: 0.13
[2026-04-24 08:59:36,513][rfdiffusion.inference.model_runners][INFO] - Timestep 35, input to next step: ------------------------------------GGGGGGGGGGGGGGG-----------------------------
[2026-04-24 08:59:40,445][rfdiffusion.inference.utils][INFO] - Sampled motif RMSD: 0.16
[2026-04-24 08:59:40,852][rfdiffusion.inference.model_runners][INFO] - Timestep 34, input to next step: ------------------------------------GGGGGGGGGGGGGGG-----------------------------
[2026-04-24 08:59:44,540][rfdiffusion.inference.utils][INFO] - Sampled motif RMSD: 0.15
[2026-04-24 08:59:44,697][rfdiffusion.inference.model_runners][INFO] - Timestep 33, input to next step: ------------------------------------GGGGGGGGGGGGGGG-----------------------------
[2026-04-24 08:59:48,930][rfdiffusion.inference.utils][INFO] - Sampled motif RMSD: 0.15
[2026-04-24 08:59:49,164][rfdiffusion.inference.model_runners][INFO] - Timestep 32, input to next step: ------------------------------------GGGGGGGGGGGGGGG-----------------------------
[2026-04-24 08:59:52,022][rfdiffusion.inference.utils][INFO] - Sampled motif RMSD: 0.15
[2026-04-24 08:59:52,253][rfdiffusion.inference.model_runners][INFO] - Timestep 31, input to next step: ------------------------------------GGGGGGGGGGGGGGG-----------------------------
[2026-04-24 08:59:55,973][rfdiffusion.inference.utils][INFO] - Sampled motif RMSD: 0.15
[2026-04-24 08:59:56,338][rfdiffusion.inference.model_runners][INFO] - Timestep 30, input to next step: ------------------------------------GGGGGGGGGGGGGGG-----------------------------
[2026-04-24 08:59:59,647][rfdiffusion.inference.utils][INFO] - Sampled motif RMSD: 0.16
[2026-04-24 09:00:00,042][rfdiffusion.inference.model_runners][INFO] - Timestep 29, input to next step: ------------------------------------GGGGGGGGGGGGGGG-----------------------------
[2026-04-24 09:00:04,093][rfdiffusion.inference.utils][INFO] - Sampled motif RMSD: 0.15
[2026-04-24 09:00:04,428][rfdiffusion.inference.model_runners][INFO] - Timestep 28, input to next step: ------------------------------------GGGGGGGGGGGGGGG-----------------------------
[2026-04-24 09:00:08,243][rfdiffusion.inference.utils][INFO] - Sampled motif RMSD: 0.19
[2026-04-24 09:00:08,608][rfdiffusion.inference.model_runners][INFO] - Timestep 27, input to next step: ------------------------------------GGGGGGGGGGGGGGG-----------------------------
[2026-04-24 09:00:13,134][rfdiffusion.inference.utils][INFO] - Sampled motif RMSD: 0.20
[2026-04-24 09:00:13,523][rfdiffusion.inference.model_runners][INFO] - Timestep 26, input to next step: ------------------------------------GGGGGGGGGGGGGGG-----------------------------
[2026-04-24 09:00:17,917][rfdiffusion.inference.utils][INFO] - Sampled motif RMSD: 0.22
[2026-04-24 09:00:18,230][rfdiffusion.inference.model_runners][INFO] - Timestep 25, input to next step: ------------------------------------GGGGGGGGGGGGGGG-----------------------------
[2026-04-24 09:00:22,456][rfdiffusion.inference.utils][INFO] - Sampled motif RMSD: 0.24
[2026-04-24 09:00:22,931][rfdiffusion.inference.model_runners][INFO] - Timestep 24, input to next step: ------------------------------------GGGGGGGGGGGGGGG-----------------------------
[2026-04-24 09:00:27,705][rfdiffusion.inference.utils][INFO] - Sampled motif RMSD: 0.23
[2026-04-24 09:00:28,005][rfdiffusion.inference.model_runners][INFO] - Timestep 23, input to next step: ------------------------------------GGGGGGGGGGGGGGG-----------------------------
[2026-04-24 09:00:32,566][rfdiffusion.inference.utils][INFO] - Sampled motif RMSD: 0.24
[2026-04-24 09:00:32,828][rfdiffusion.inference.model_runners][INFO] - Timestep 22, input to next step: ------------------------------------GGGGGGGGGGGGGGG-----------------------------
[2026-04-24 09:00:36,850][rfdiffusion.inference.utils][INFO] - Sampled motif RMSD: 0.25
[2026-04-24 09:00:37,179][rfdiffusion.inference.model_runners][INFO] - Timestep 21, input to next step: ------------------------------------GGGGGGGGGGGGGGG-----------------------------
[2026-04-24 09:00:41,314][rfdiffusion.inference.utils][INFO] - Sampled motif RMSD: 0.25
[2026-04-24 09:00:41,596][rfdiffusion.inference.model_runners][INFO] - Timestep 20, input to next step: ------------------------------------GGGGGGGGGGGGGGG-----------------------------
[2026-04-24 09:00:45,660][rfdiffusion.inference.utils][INFO] - Sampled motif RMSD: 0.25
[2026-04-24 09:00:46,081][rfdiffusion.inference.model_runners][INFO] - Timestep 19, input to next step: ------------------------------------GGGGGGGGGGGGGGG-----------------------------
[2026-04-24 09:00:50,824][rfdiffusion.inference.utils][INFO] - Sampled motif RMSD: 0.25
[2026-04-24 09:00:51,035][rfdiffusion.inference.model_runners][INFO] - Timestep 18, input to next step: ------------------------------------GGGGGGGGGGGGGGG-----------------------------
[2026-04-24 09:00:55,111][rfdiffusion.inference.utils][INFO] - Sampled motif RMSD: 0.25
[2026-04-24 09:00:55,304][rfdiffusion.inference.model_runners][INFO] - Timestep 17, input to next step: ------------------------------------GGGGGGGGGGGGGGG-----------------------------
[2026-04-24 09:01:00,039][rfdiffusion.inference.utils][INFO] - Sampled motif RMSD: 0.25
[2026-04-24 09:01:00,266][rfdiffusion.inference.model_runners][INFO] - Timestep 16, input to next step: ------------------------------------GGGGGGGGGGGGGGG-----------------------------
[2026-04-24 09:01:03,801][rfdiffusion.inference.utils][INFO] - Sampled motif RMSD: 0.25
[2026-04-24 09:01:04,282][rfdiffusion.inference.model_runners][INFO] - Timestep 15, input to next step: ------------------------------------GGGGGGGGGGGGGGG-----------------------------
[2026-04-24 09:01:09,914][rfdiffusion.inference.utils][INFO] - Sampled motif RMSD: 0.26
[2026-04-24 09:01:10,278][rfdiffusion.inference.model_runners][INFO] - Timestep 14, input to next step: ------------------------------------GGGGGGGGGGGGGGG-----------------------------
[2026-04-24 09:01:14,365][rfdiffusion.inference.utils][INFO] - Sampled motif RMSD: 0.26
[2026-04-24 09:01:14,720][rfdiffusion.inference.model_runners][INFO] - Timestep 13, input to next step: ------------------------------------GGGGGGGGGGGGGGG-----------------------------
[2026-04-24 09:01:18,995][rfdiffusion.inference.utils][INFO] - Sampled motif RMSD: 0.26
[2026-04-24 09:01:19,444][rfdiffusion.inference.model_runners][INFO] - Timestep 12, input to next step: ------------------------------------GGGGGGGGGGGGGGG-----------------------------
[2026-04-24 09:01:23,823][rfdiffusion.inference.utils][INFO] - Sampled motif RMSD: 0.24
[2026-04-24 09:01:24,090][rfdiffusion.inference.model_runners][INFO] - Timestep 11, input to next step: ------------------------------------GGGGGGGGGGGGGGG-----------------------------
[2026-04-24 09:01:28,685][rfdiffusion.inference.utils][INFO] - Sampled motif RMSD: 0.21
[2026-04-24 09:01:28,991][rfdiffusion.inference.model_runners][INFO] - Timestep 10, input to next step: ------------------------------------GGGGGGGGGGGGGGG-----------------------------
[2026-04-24 09:01:34,151][rfdiffusion.inference.utils][INFO] - Sampled motif RMSD: 0.19
[2026-04-24 09:01:34,390][rfdiffusion.inference.model_runners][INFO] - Timestep 9, input to next step: ------------------------------------GGGGGGGGGGGGGGG-----------------------------
[2026-04-24 09:01:38,936][rfdiffusion.inference.utils][INFO] - Sampled motif RMSD: 0.17
[2026-04-24 09:01:39,320][rfdiffusion.inference.model_runners][INFO] - Timestep 8, input to next step: ------------------------------------GGGGGGGGGGGGGGG-----------------------------
[2026-04-24 09:01:43,947][rfdiffusion.inference.utils][INFO] - Sampled motif RMSD: 0.17
[2026-04-24 09:01:44,249][rfdiffusion.inference.model_runners][INFO] - Timestep 7, input to next step: ------------------------------------GGGGGGGGGGGGGGG-----------------------------
[2026-04-24 09:01:49,308][rfdiffusion.inference.utils][INFO] - Sampled motif RMSD: 0.17
[2026-04-24 09:01:49,539][rfdiffusion.inference.model_runners][INFO] - Timestep 6, input to next step: ------------------------------------GGGGGGGGGGGGGGG-----------------------------
[2026-04-24 09:01:54,353][rfdiffusion.inference.utils][INFO] - Sampled motif RMSD: 0.16
[2026-04-24 09:01:54,555][rfdiffusion.inference.model_runners][INFO] - Timestep 5, input to next step: ------------------------------------GGGGGGGGGGGGGGG-----------------------------
[2026-04-24 09:01:58,414][rfdiffusion.inference.utils][INFO] - Sampled motif RMSD: 0.16
[2026-04-24 09:01:59,133][rfdiffusion.inference.model_runners][INFO] - Timestep 4, input to next step: ------------------------------------GGGGGGGGGGGGGGG-----------------------------
[2026-04-24 09:02:04,870][rfdiffusion.inference.utils][INFO] - Sampled motif RMSD: 0.16
[2026-04-24 09:02:05,068][rfdiffusion.inference.model_runners][INFO] - Timestep 3, input to next step: ------------------------------------GGGGGGGGGGGGGGG-----------------------------
[2026-04-24 09:02:09,246][rfdiffusion.inference.utils][INFO] - Sampled motif RMSD: 0.14
[2026-04-24 09:02:09,378][rfdiffusion.inference.model_runners][INFO] - Timestep 2, input to next step: ------------------------------------GGGGGGGGGGGGGGG-----------------------------
[2026-04-24 09:02:16,409][__main__][INFO] - Finished design in 4.00 minutes
[2026-04-24 09:02:16,418][__main__][INFO] - Making design /lambda/nfs/manvi/Team_8_CS598GBL/outputs/custom90_128_motif_scaffolding/fast_T20/len_113/short/scaffold_1
[2026-04-24 09:02:16,448][rfdiffusion.inference.model_runners][INFO] - Using contig: ['22-37/A49-63/22-37']
With this beta schedule (linear schedule, beta_0 = 0.04, beta_T = 0.28), alpha_bar_T = 0.00013696048699785024
[2026-04-24 09:02:17,034][rfdiffusion.inference.model_runners][INFO] - Sequence init: ------------------------------------GGGGGGGGGGGGGGG-------------------------
[2026-04-24 09:02:19,393][rfdiffusion.inference.utils][INFO] - Sampled motif RMSD: 0.24
[2026-04-24 09:02:19,696][rfdiffusion.inference.model_runners][INFO] - Timestep 50, input to next step: ------------------------------------GGGGGGGGGGGGGGG-------------------------
[2026-04-24 09:02:24,450][rfdiffusion.inference.utils][INFO] - Sampled motif RMSD: 0.16
[2026-04-24 09:02:24,906][rfdiffusion.inference.model_runners][INFO] - Timestep 49, input to next step: ------------------------------------GGGGGGGGGGGGGGG-------------------------
[2026-04-24 09:02:28,534][rfdiffusion.inference.utils][INFO] - Sampled motif RMSD: 0.14
[2026-04-24 09:02:28,735][rfdiffusion.inference.model_runners][INFO] - Timestep 48, input to next step: ------------------------------------GGGGGGGGGGGGGGG-------------------------
[2026-04-24 09:02:32,385][rfdiffusion.inference.utils][INFO] - Sampled motif RMSD: 0.12
[2026-04-24 09:02:32,602][rfdiffusion.inference.model_runners][INFO] - Timestep 47, input to next step: ------------------------------------GGGGGGGGGGGGGGG-------------------------
[2026-04-24 09:02:36,112][rfdiffusion.inference.utils][INFO] - Sampled motif RMSD: 0.12
[2026-04-24 09:02:36,250][rfdiffusion.inference.model_runners][INFO] - Timestep 46, input to next step: ------------------------------------GGGGGGGGGGGGGGG-------------------------
[2026-04-24 09:02:38,635][rfdiffusion.inference.utils][INFO] - Sampled motif RMSD: 0.12
[2026-04-24 09:02:38,964][rfdiffusion.inference.model_runners][INFO] - Timestep 45, input to next step: ------------------------------------GGGGGGGGGGGGGGG-------------------------
[2026-04-24 09:02:41,689][rfdiffusion.inference.utils][INFO] - Sampled motif RMSD: 0.12
[2026-04-24 09:02:42,046][rfdiffusion.inference.model_runners][INFO] - Timestep 44, input to next step: ------------------------------------GGGGGGGGGGGGGGG-------------------------
[2026-04-24 09:02:44,615][rfdiffusion.inference.utils][INFO] - Sampled motif RMSD: 0.13
[2026-04-24 09:02:44,805][rfdiffusion.inference.model_runners][INFO] - Timestep 43, input to next step: ------------------------------------GGGGGGGGGGGGGGG-------------------------
[2026-04-24 09:02:47,586][rfdiffusion.inference.utils][INFO] - Sampled motif RMSD: 0.12
[2026-04-24 09:02:47,863][rfdiffusion.inference.model_runners][INFO] - Timestep 42, input to next step: ------------------------------------GGGGGGGGGGGGGGG-------------------------
[2026-04-24 09:02:51,381][rfdiffusion.inference.utils][INFO] - Sampled motif RMSD: 0.11
[2026-04-24 09:02:51,639][rfdiffusion.inference.model_runners][INFO] - Timestep 41, input to next step: ------------------------------------GGGGGGGGGGGGGGG-------------------------
[2026-04-24 09:02:54,625][rfdiffusion.inference.utils][INFO] - Sampled motif RMSD: 0.12
[2026-04-24 09:02:54,990][rfdiffusion.inference.model_runners][INFO] - Timestep 40, input to next step: ------------------------------------GGGGGGGGGGGGGGG-------------------------
[2026-04-24 09:02:58,052][rfdiffusion.inference.utils][INFO] - Sampled motif RMSD: 0.11
[2026-04-24 09:02:58,369][rfdiffusion.inference.model_runners][INFO] - Timestep 39, input to next step: ------------------------------------GGGGGGGGGGGGGGG-------------------------
[2026-04-24 09:03:00,933][rfdiffusion.inference.utils][INFO] - Sampled motif RMSD: 0.11
[2026-04-24 09:03:01,262][rfdiffusion.inference.model_runners][INFO] - Timestep 38, input to next step: ------------------------------------GGGGGGGGGGGGGGG-------------------------
[2026-04-24 09:03:05,453][rfdiffusion.inference.utils][INFO] - Sampled motif RMSD: 0.12
[2026-04-24 09:03:05,823][rfdiffusion.inference.model_runners][INFO] - Timestep 37, input to next step: ------------------------------------GGGGGGGGGGGGGGG-------------------------
[2026-04-24 09:03:09,676][rfdiffusion.inference.utils][INFO] - Sampled motif RMSD: 0.13
[2026-04-24 09:03:10,048][rfdiffusion.inference.model_runners][INFO] - Timestep 36, input to next step: ------------------------------------GGGGGGGGGGGGGGG-------------------------
[2026-04-24 09:03:13,979][rfdiffusion.inference.utils][INFO] - Sampled motif RMSD: 0.13
[2026-04-24 09:03:14,335][rfdiffusion.inference.model_runners][INFO] - Timestep 35, input to next step: ------------------------------------GGGGGGGGGGGGGGG-------------------------
[2026-04-24 09:03:17,336][rfdiffusion.inference.utils][INFO] - Sampled motif RMSD: 0.13
[2026-04-24 09:03:17,772][rfdiffusion.inference.model_runners][INFO] - Timestep 34, input to next step: ------------------------------------GGGGGGGGGGGGGGG-------------------------
[2026-04-24 09:03:21,484][rfdiffusion.inference.utils][INFO] - Sampled motif RMSD: 0.14
[2026-04-24 09:03:21,836][rfdiffusion.inference.model_runners][INFO] - Timestep 33, input to next step: ------------------------------------GGGGGGGGGGGGGGG-------------------------
[2026-04-24 09:03:26,284][rfdiffusion.inference.utils][INFO] - Sampled motif RMSD: 0.15
[2026-04-24 09:03:26,607][rfdiffusion.inference.model_runners][INFO] - Timestep 32, input to next step: ------------------------------------GGGGGGGGGGGGGGG-------------------------
[2026-04-24 09:03:29,533][rfdiffusion.inference.utils][INFO] - Sampled motif RMSD: 0.14
[2026-04-24 09:03:29,697][rfdiffusion.inference.model_runners][INFO] - Timestep 31, input to next step: ------------------------------------GGGGGGGGGGGGGGG-------------------------
[2026-04-24 09:03:33,192][rfdiffusion.inference.utils][INFO] - Sampled motif RMSD: 0.14
[2026-04-24 09:03:33,398][rfdiffusion.inference.model_runners][INFO] - Timestep 30, input to next step: ------------------------------------GGGGGGGGGGGGGGG-------------------------
[2026-04-24 09:03:36,603][rfdiffusion.inference.utils][INFO] - Sampled motif RMSD: 0.13
[2026-04-24 09:03:36,768][rfdiffusion.inference.model_runners][INFO] - Timestep 29, input to next step: ------------------------------------GGGGGGGGGGGGGGG-------------------------
[2026-04-24 09:03:40,237][rfdiffusion.inference.utils][INFO] - Sampled motif RMSD: 0.14
[2026-04-24 09:03:40,409][rfdiffusion.inference.model_runners][INFO] - Timestep 28, input to next step: ------------------------------------GGGGGGGGGGGGGGG-------------------------
[2026-04-24 09:03:43,238][rfdiffusion.inference.utils][INFO] - Sampled motif RMSD: 0.14
[2026-04-24 09:03:43,427][rfdiffusion.inference.model_runners][INFO] - Timestep 27, input to next step: ------------------------------------GGGGGGGGGGGGGGG-------------------------
[2026-04-24 09:03:45,805][rfdiffusion.inference.utils][INFO] - Sampled motif RMSD: 0.15
[2026-04-24 09:03:46,014][rfdiffusion.inference.model_runners][INFO] - Timestep 26, input to next step: ------------------------------------GGGGGGGGGGGGGGG-------------------------
[2026-04-24 09:03:49,608][rfdiffusion.inference.utils][INFO] - Sampled motif RMSD: 0.14
[2026-04-24 09:03:49,985][rfdiffusion.inference.model_runners][INFO] - Timestep 25, input to next step: ------------------------------------GGGGGGGGGGGGGGG-------------------------
[2026-04-24 09:03:53,298][rfdiffusion.inference.utils][INFO] - Sampled motif RMSD: 0.14
[2026-04-24 09:03:53,551][rfdiffusion.inference.model_runners][INFO] - Timestep 24, input to next step: ------------------------------------GGGGGGGGGGGGGGG-------------------------
[2026-04-24 09:03:56,634][rfdiffusion.inference.utils][INFO] - Sampled motif RMSD: 0.14
[2026-04-24 09:03:56,731][rfdiffusion.inference.model_runners][INFO] - Timestep 23, input to next step: ------------------------------------GGGGGGGGGGGGGGG-------------------------
[2026-04-24 09:03:59,433][rfdiffusion.inference.utils][INFO] - Sampled motif RMSD: 0.15
[2026-04-24 09:03:59,723][rfdiffusion.inference.model_runners][INFO] - Timestep 22, input to next step: ------------------------------------GGGGGGGGGGGGGGG-------------------------
[2026-04-24 09:04:02,948][rfdiffusion.inference.utils][INFO] - Sampled motif RMSD: 0.16
[2026-04-24 09:04:03,136][rfdiffusion.inference.model_runners][INFO] - Timestep 21, input to next step: ------------------------------------GGGGGGGGGGGGGGG-------------------------
[2026-04-24 09:04:06,174][rfdiffusion.inference.utils][INFO] - Sampled motif RMSD: 0.15
[2026-04-24 09:04:06,319][rfdiffusion.inference.model_runners][INFO] - Timestep 20, input to next step: ------------------------------------GGGGGGGGGGGGGGG-------------------------
[2026-04-24 09:04:09,180][rfdiffusion.inference.utils][INFO] - Sampled motif RMSD: 0.17
[2026-04-24 09:04:09,429][rfdiffusion.inference.model_runners][INFO] - Timestep 19, input to next step: ------------------------------------GGGGGGGGGGGGGGG-------------------------
[2026-04-24 09:04:11,992][rfdiffusion.inference.utils][INFO] - Sampled motif RMSD: 0.14
[2026-04-24 09:04:12,232][rfdiffusion.inference.model_runners][INFO] - Timestep 18, input to next step: ------------------------------------GGGGGGGGGGGGGGG-------------------------
[2026-04-24 09:04:16,084][rfdiffusion.inference.utils][INFO] - Sampled motif RMSD: 0.14
[2026-04-24 09:04:16,344][rfdiffusion.inference.model_runners][INFO] - Timestep 17, input to next step: ------------------------------------GGGGGGGGGGGGGGG-------------------------
[2026-04-24 09:04:19,391][rfdiffusion.inference.utils][INFO] - Sampled motif RMSD: 0.13
[2026-04-24 09:04:19,499][rfdiffusion.inference.model_runners][INFO] - Timestep 16, input to next step: ------------------------------------GGGGGGGGGGGGGGG-------------------------
[2026-04-24 09:04:23,525][rfdiffusion.inference.utils][INFO] - Sampled motif RMSD: 0.13
[2026-04-24 09:04:23,806][rfdiffusion.inference.model_runners][INFO] - Timestep 15, input to next step: ------------------------------------GGGGGGGGGGGGGGG-------------------------
[2026-04-24 09:04:28,067][rfdiffusion.inference.utils][INFO] - Sampled motif RMSD: 0.13
[2026-04-24 09:04:28,263][rfdiffusion.inference.model_runners][INFO] - Timestep 14, input to next step: ------------------------------------GGGGGGGGGGGGGGG-------------------------
[2026-04-24 09:04:32,033][rfdiffusion.inference.utils][INFO] - Sampled motif RMSD: 0.14
[2026-04-24 09:04:32,255][rfdiffusion.inference.model_runners][INFO] - Timestep 13, input to next step: ------------------------------------GGGGGGGGGGGGGGG-------------------------
[2026-04-24 09:04:36,239][rfdiffusion.inference.utils][INFO] - Sampled motif RMSD: 0.15
[2026-04-24 09:04:36,506][rfdiffusion.inference.model_runners][INFO] - Timestep 12, input to next step: ------------------------------------GGGGGGGGGGGGGGG-------------------------
[2026-04-24 09:04:39,229][rfdiffusion.inference.utils][INFO] - Sampled motif RMSD: 0.15
[2026-04-24 09:04:39,421][rfdiffusion.inference.model_runners][INFO] - Timestep 11, input to next step: ------------------------------------GGGGGGGGGGGGGGG-------------------------
[2026-04-24 09:04:43,063][rfdiffusion.inference.utils][INFO] - Sampled motif RMSD: 0.17
[2026-04-24 09:04:43,281][rfdiffusion.inference.model_runners][INFO] - Timestep 10, input to next step: ------------------------------------GGGGGGGGGGGGGGG-------------------------
[2026-04-24 09:04:46,453][rfdiffusion.inference.utils][INFO] - Sampled motif RMSD: 0.17
[2026-04-24 09:04:46,682][rfdiffusion.inference.model_runners][INFO] - Timestep 9, input to next step: ------------------------------------GGGGGGGGGGGGGGG-------------------------
[2026-04-24 09:04:49,917][rfdiffusion.inference.utils][INFO] - Sampled motif RMSD: 0.17
[2026-04-24 09:04:50,114][rfdiffusion.inference.model_runners][INFO] - Timestep 8, input to next step: ------------------------------------GGGGGGGGGGGGGGG-------------------------
[2026-04-24 09:04:53,143][rfdiffusion.inference.utils][INFO] - Sampled motif RMSD: 0.17
[2026-04-24 09:04:53,350][rfdiffusion.inference.model_runners][INFO] - Timestep 7, input to next step: ------------------------------------GGGGGGGGGGGGGGG-------------------------
[2026-04-24 09:04:56,717][rfdiffusion.inference.utils][INFO] - Sampled motif RMSD: 0.16
[2026-04-24 09:04:57,017][rfdiffusion.inference.model_runners][INFO] - Timestep 6, input to next step: ------------------------------------GGGGGGGGGGGGGGG-------------------------
[2026-04-24 09:04:59,452][rfdiffusion.inference.utils][INFO] - Sampled motif RMSD: 0.16
[2026-04-24 09:04:59,808][rfdiffusion.inference.model_runners][INFO] - Timestep 5, input to next step: ------------------------------------GGGGGGGGGGGGGGG-------------------------
[2026-04-24 09:05:03,975][rfdiffusion.inference.utils][INFO] - Sampled motif RMSD: 0.16
[2026-04-24 09:05:04,318][rfdiffusion.inference.model_runners][INFO] - Timestep 4, input to next step: ------------------------------------GGGGGGGGGGGGGGG-------------------------
[2026-04-24 09:05:07,524][rfdiffusion.inference.utils][INFO] - Sampled motif RMSD: 0.16
[2026-04-24 09:05:07,860][rfdiffusion.inference.model_runners][INFO] - Timestep 3, input to next step: ------------------------------------GGGGGGGGGGGGGGG-------------------------
[2026-04-24 09:05:11,042][rfdiffusion.inference.utils][INFO] - Sampled motif RMSD: 0.18
[2026-04-24 09:05:11,334][rfdiffusion.inference.model_runners][INFO] - Timestep 2, input to next step: ------------------------------------GGGGGGGGGGGGGGG-------------------------
[2026-04-24 09:05:18,174][__main__][INFO] - Finished design in 3.03 minutes
