[2026-04-24 07:44:40,605][__main__][INFO] - Found GPU with device_name NVIDIA A100-SXM4-80GB. Will run RFdiffusion on NVIDIA A100-SXM4-80GB
Reading models from /lambda/nfs/manvi/Team_8_CS598GBL/RFdiffusion/rfdiffusion/inference/../../models
[2026-04-24 07:44:40,611][rfdiffusion.inference.model_runners][INFO] - Reading checkpoint from /lambda/nfs/manvi/Team_8_CS598GBL/RFdiffusion/rfdiffusion/inference/../../models/Base_ckpt.pt
This is inf_conf.ckpt_path
/lambda/nfs/manvi/Team_8_CS598GBL/RFdiffusion/rfdiffusion/inference/../../models/Base_ckpt.pt
Assembling -model, -diffuser and -preprocess configs from checkpoint
USING MODEL CONFIG: self._conf[model][n_extra_block] = 4
USING MODEL CONFIG: self._conf[model][n_main_block] = 32
USING MODEL CONFIG: self._conf[model][n_ref_block] = 4
USING MODEL CONFIG: self._conf[model][d_msa] = 256
USING MODEL CONFIG: self._conf[model][d_msa_full] = 64
USING MODEL CONFIG: self._conf[model][d_pair] = 128
USING MODEL CONFIG: self._conf[model][d_templ] = 64
USING MODEL CONFIG: self._conf[model][n_head_msa] = 8
USING MODEL CONFIG: self._conf[model][n_head_pair] = 4
USING MODEL CONFIG: self._conf[model][n_head_templ] = 4
USING MODEL CONFIG: self._conf[model][d_hidden] = 32
USING MODEL CONFIG: self._conf[model][d_hidden_templ] = 32
USING MODEL CONFIG: self._conf[model][p_drop] = 0.15
USING MODEL CONFIG: self._conf[model][SE3_param_full] = {'num_layers': 1, 'num_channels': 32, 'num_degrees': 2, 'n_heads': 4, 'div': 4, 'l0_in_features': 8, 'l0_out_features': 8, 'l1_in_features': 3, 'l1_out_features': 2, 'num_edge_features': 32}
USING MODEL CONFIG: self._conf[model][SE3_param_topk] = {'num_layers': 1, 'num_channels': 32, 'num_degrees': 2, 'n_heads': 4, 'div': 4, 'l0_in_features': 64, 'l0_out_features': 64, 'l1_in_features': 3, 'l1_out_features': 2, 'num_edge_features': 64}
USING MODEL CONFIG: self._conf[model][freeze_track_motif] = False
USING MODEL CONFIG: self._conf[model][use_motif_timestep] = True
USING MODEL CONFIG: self._conf[diffuser][T] = 50
USING MODEL CONFIG: self._conf[diffuser][b_0] = 0.01
USING MODEL CONFIG: self._conf[diffuser][b_T] = 0.07
USING MODEL CONFIG: self._conf[diffuser][schedule_type] = linear
USING MODEL CONFIG: self._conf[diffuser][so3_type] = igso3
USING MODEL CONFIG: self._conf[diffuser][crd_scale] = 0.25
USING MODEL CONFIG: self._conf[diffuser][so3_schedule_type] = linear
USING MODEL CONFIG: self._conf[diffuser][min_b] = 1.5
USING MODEL CONFIG: self._conf[diffuser][max_b] = 2.5
USING MODEL CONFIG: self._conf[diffuser][min_sigma] = 0.02
USING MODEL CONFIG: self._conf[diffuser][max_sigma] = 1.5
USING MODEL CONFIG: self._conf[preprocess][sidechain_input] = False
USING MODEL CONFIG: self._conf[preprocess][motif_sidechain_input] = True
USING MODEL CONFIG: self._conf[preprocess][d_t1d] = 22
USING MODEL CONFIG: self._conf[preprocess][d_t2d] = 44
USING MODEL CONFIG: self._conf[preprocess][prob_self_cond] = 0.5
USING MODEL CONFIG: self._conf[preprocess][str_self_cond] = True
USING MODEL CONFIG: self._conf[preprocess][predict_previous] = False
[2026-04-24 07:45:47,832][rfdiffusion.inference.model_runners][INFO] - Loading checkpoint.
[2026-04-24 07:46:12,113][rfdiffusion.diffusion][INFO] - Using cached IGSO3.
Successful diffuser __init__
[2026-04-24 07:46:12,223][__main__][INFO] - Making design /lambda/nfs/manvi/Team_8_CS598GBL/outputs/custom90_128_motif_scaffolding/default/len_125/cterm/scaffold_0
[2026-04-24 07:46:12,269][rfdiffusion.inference.model_runners][INFO] - Using contig: ['25-41/A99-125']
With this beta schedule (linear schedule, beta_0 = 0.04, beta_T = 0.28), alpha_bar_T = 0.00013696048699785024
[2026-04-24 07:46:12,859][rfdiffusion.inference.model_runners][INFO] - Sequence init: -------------------------GGGGGGGGGGGGGGGGGGGGGGGGGGG
[2026-04-24 07:46:22,535][rfdiffusion.inference.utils][INFO] - Sampled motif RMSD: 0.35
[2026-04-24 07:46:22,736][rfdiffusion.inference.model_runners][INFO] - Timestep 50, input to next step: -------------------------GGGGGGGGGGGGGGGGGGGGGGGGGGG
[2026-04-24 07:46:27,310][rfdiffusion.inference.utils][INFO] - Sampled motif RMSD: 0.22
[2026-04-24 07:46:27,728][rfdiffusion.inference.model_runners][INFO] - Timestep 49, input to next step: -------------------------GGGGGGGGGGGGGGGGGGGGGGGGGGG
[2026-04-24 07:46:30,894][rfdiffusion.inference.utils][INFO] - Sampled motif RMSD: 0.18
[2026-04-24 07:46:31,141][rfdiffusion.inference.model_runners][INFO] - Timestep 48, input to next step: -------------------------GGGGGGGGGGGGGGGGGGGGGGGGGGG
[2026-04-24 07:46:35,438][rfdiffusion.inference.utils][INFO] - Sampled motif RMSD: 0.20
[2026-04-24 07:46:35,714][rfdiffusion.inference.model_runners][INFO] - Timestep 47, input to next step: -------------------------GGGGGGGGGGGGGGGGGGGGGGGGGGG
[2026-04-24 07:46:39,169][rfdiffusion.inference.utils][INFO] - Sampled motif RMSD: 0.18
[2026-04-24 07:46:39,589][rfdiffusion.inference.model_runners][INFO] - Timestep 46, input to next step: -------------------------GGGGGGGGGGGGGGGGGGGGGGGGGGG
[2026-04-24 07:46:42,279][rfdiffusion.inference.utils][INFO] - Sampled motif RMSD: 0.18
[2026-04-24 07:46:42,590][rfdiffusion.inference.model_runners][INFO] - Timestep 45, input to next step: -------------------------GGGGGGGGGGGGGGGGGGGGGGGGGGG
[2026-04-24 07:46:46,440][rfdiffusion.inference.utils][INFO] - Sampled motif RMSD: 0.19
[2026-04-24 07:46:46,616][rfdiffusion.inference.model_runners][INFO] - Timestep 44, input to next step: -------------------------GGGGGGGGGGGGGGGGGGGGGGGGGGG
[2026-04-24 07:46:49,829][rfdiffusion.inference.utils][INFO] - Sampled motif RMSD: 0.19
[2026-04-24 07:46:50,057][rfdiffusion.inference.model_runners][INFO] - Timestep 43, input to next step: -------------------------GGGGGGGGGGGGGGGGGGGGGGGGGGG
[2026-04-24 07:46:53,514][rfdiffusion.inference.utils][INFO] - Sampled motif RMSD: 0.19
[2026-04-24 07:46:53,666][rfdiffusion.inference.model_runners][INFO] - Timestep 42, input to next step: -------------------------GGGGGGGGGGGGGGGGGGGGGGGGGGG
[2026-04-24 07:46:55,692][rfdiffusion.inference.utils][INFO] - Sampled motif RMSD: 0.21
[2026-04-24 07:46:56,055][rfdiffusion.inference.model_runners][INFO] - Timestep 41, input to next step: -------------------------GGGGGGGGGGGGGGGGGGGGGGGGGGG
[2026-04-24 07:46:59,201][rfdiffusion.inference.utils][INFO] - Sampled motif RMSD: 0.20
[2026-04-24 07:46:59,482][rfdiffusion.inference.model_runners][INFO] - Timestep 40, input to next step: -------------------------GGGGGGGGGGGGGGGGGGGGGGGGGGG
[2026-04-24 07:47:02,453][rfdiffusion.inference.utils][INFO] - Sampled motif RMSD: 0.20
[2026-04-24 07:47:02,684][rfdiffusion.inference.model_runners][INFO] - Timestep 39, input to next step: -------------------------GGGGGGGGGGGGGGGGGGGGGGGGGGG
[2026-04-24 07:47:06,398][rfdiffusion.inference.utils][INFO] - Sampled motif RMSD: 0.21
[2026-04-24 07:47:06,761][rfdiffusion.inference.model_runners][INFO] - Timestep 38, input to next step: -------------------------GGGGGGGGGGGGGGGGGGGGGGGGGGG
[2026-04-24 07:47:10,867][rfdiffusion.inference.utils][INFO] - Sampled motif RMSD: 0.22
[2026-04-24 07:47:11,063][rfdiffusion.inference.model_runners][INFO] - Timestep 37, input to next step: -------------------------GGGGGGGGGGGGGGGGGGGGGGGGGGG
[2026-04-24 07:47:13,876][rfdiffusion.inference.utils][INFO] - Sampled motif RMSD: 0.24
[2026-04-24 07:47:14,173][rfdiffusion.inference.model_runners][INFO] - Timestep 36, input to next step: -------------------------GGGGGGGGGGGGGGGGGGGGGGGGGGG
[2026-04-24 07:47:18,103][rfdiffusion.inference.utils][INFO] - Sampled motif RMSD: 0.23
[2026-04-24 07:47:18,508][rfdiffusion.inference.model_runners][INFO] - Timestep 35, input to next step: -------------------------GGGGGGGGGGGGGGGGGGGGGGGGGGG
[2026-04-24 07:47:22,678][rfdiffusion.inference.utils][INFO] - Sampled motif RMSD: 0.25
[2026-04-24 07:47:22,851][rfdiffusion.inference.model_runners][INFO] - Timestep 34, input to next step: -------------------------GGGGGGGGGGGGGGGGGGGGGGGGGGG
[2026-04-24 07:47:26,102][rfdiffusion.inference.utils][INFO] - Sampled motif RMSD: 0.22
[2026-04-24 07:47:26,499][rfdiffusion.inference.model_runners][INFO] - Timestep 33, input to next step: -------------------------GGGGGGGGGGGGGGGGGGGGGGGGGGG
[2026-04-24 07:47:30,483][rfdiffusion.inference.utils][INFO] - Sampled motif RMSD: 0.20
[2026-04-24 07:47:30,718][rfdiffusion.inference.model_runners][INFO] - Timestep 32, input to next step: -------------------------GGGGGGGGGGGGGGGGGGGGGGGGGGG
[2026-04-24 07:47:33,517][rfdiffusion.inference.utils][INFO] - Sampled motif RMSD: 0.18
[2026-04-24 07:47:33,920][rfdiffusion.inference.model_runners][INFO] - Timestep 31, input to next step: -------------------------GGGGGGGGGGGGGGGGGGGGGGGGGGG
[2026-04-24 07:47:36,943][rfdiffusion.inference.utils][INFO] - Sampled motif RMSD: 0.19
[2026-04-24 07:47:37,224][rfdiffusion.inference.model_runners][INFO] - Timestep 30, input to next step: -------------------------GGGGGGGGGGGGGGGGGGGGGGGGGGG
[2026-04-24 07:47:40,632][rfdiffusion.inference.utils][INFO] - Sampled motif RMSD: 0.18
[2026-04-24 07:47:40,857][rfdiffusion.inference.model_runners][INFO] - Timestep 29, input to next step: -------------------------GGGGGGGGGGGGGGGGGGGGGGGGGGG
[2026-04-24 07:47:44,357][rfdiffusion.inference.utils][INFO] - Sampled motif RMSD: 0.18
[2026-04-24 07:47:44,611][rfdiffusion.inference.model_runners][INFO] - Timestep 28, input to next step: -------------------------GGGGGGGGGGGGGGGGGGGGGGGGGGG
[2026-04-24 07:47:49,121][rfdiffusion.inference.utils][INFO] - Sampled motif RMSD: 0.19
[2026-04-24 07:47:49,342][rfdiffusion.inference.model_runners][INFO] - Timestep 27, input to next step: -------------------------GGGGGGGGGGGGGGGGGGGGGGGGGGG
[2026-04-24 07:47:53,397][rfdiffusion.inference.utils][INFO] - Sampled motif RMSD: 0.21
[2026-04-24 07:47:53,513][rfdiffusion.inference.model_runners][INFO] - Timestep 26, input to next step: -------------------------GGGGGGGGGGGGGGGGGGGGGGGGGGG
[2026-04-24 07:47:56,703][rfdiffusion.inference.utils][INFO] - Sampled motif RMSD: 0.21
[2026-04-24 07:47:57,055][rfdiffusion.inference.model_runners][INFO] - Timestep 25, input to next step: -------------------------GGGGGGGGGGGGGGGGGGGGGGGGGGG
[2026-04-24 07:47:59,985][rfdiffusion.inference.utils][INFO] - Sampled motif RMSD: 0.21
[2026-04-24 07:48:00,572][rfdiffusion.inference.model_runners][INFO] - Timestep 24, input to next step: -------------------------GGGGGGGGGGGGGGGGGGGGGGGGGGG
[2026-04-24 07:48:03,495][rfdiffusion.inference.utils][INFO] - Sampled motif RMSD: 0.22
[2026-04-24 07:48:03,887][rfdiffusion.inference.model_runners][INFO] - Timestep 23, input to next step: -------------------------GGGGGGGGGGGGGGGGGGGGGGGGGGG
[2026-04-24 07:48:06,957][rfdiffusion.inference.utils][INFO] - Sampled motif RMSD: 0.22
[2026-04-24 07:48:07,195][rfdiffusion.inference.model_runners][INFO] - Timestep 22, input to next step: -------------------------GGGGGGGGGGGGGGGGGGGGGGGGGGG
[2026-04-24 07:48:09,771][rfdiffusion.inference.utils][INFO] - Sampled motif RMSD: 0.22
[2026-04-24 07:48:10,544][rfdiffusion.inference.model_runners][INFO] - Timestep 21, input to next step: -------------------------GGGGGGGGGGGGGGGGGGGGGGGGGGG
[2026-04-24 07:48:13,074][rfdiffusion.inference.utils][INFO] - Sampled motif RMSD: 0.21
[2026-04-24 07:48:13,211][rfdiffusion.inference.model_runners][INFO] - Timestep 20, input to next step: -------------------------GGGGGGGGGGGGGGGGGGGGGGGGGGG
[2026-04-24 07:48:15,970][rfdiffusion.inference.utils][INFO] - Sampled motif RMSD: 0.22
[2026-04-24 07:48:16,095][rfdiffusion.inference.model_runners][INFO] - Timestep 19, input to next step: -------------------------GGGGGGGGGGGGGGGGGGGGGGGGGGG
[2026-04-24 07:48:20,184][rfdiffusion.inference.utils][INFO] - Sampled motif RMSD: 0.23
[2026-04-24 07:48:20,405][rfdiffusion.inference.model_runners][INFO] - Timestep 18, input to next step: -------------------------GGGGGGGGGGGGGGGGGGGGGGGGGGG
[2026-04-24 07:48:23,332][rfdiffusion.inference.utils][INFO] - Sampled motif RMSD: 0.23
[2026-04-24 07:48:23,620][rfdiffusion.inference.model_runners][INFO] - Timestep 17, input to next step: -------------------------GGGGGGGGGGGGGGGGGGGGGGGGGGG
[2026-04-24 07:48:27,412][rfdiffusion.inference.utils][INFO] - Sampled motif RMSD: 0.22
[2026-04-24 07:48:27,754][rfdiffusion.inference.model_runners][INFO] - Timestep 16, input to next step: -------------------------GGGGGGGGGGGGGGGGGGGGGGGGGGG
[2026-04-24 07:48:30,339][rfdiffusion.inference.utils][INFO] - Sampled motif RMSD: 0.21
[2026-04-24 07:48:30,579][rfdiffusion.inference.model_runners][INFO] - Timestep 15, input to next step: -------------------------GGGGGGGGGGGGGGGGGGGGGGGGGGG
[2026-04-24 07:48:34,375][rfdiffusion.inference.utils][INFO] - Sampled motif RMSD: 0.21
[2026-04-24 07:48:34,633][rfdiffusion.inference.model_runners][INFO] - Timestep 14, input to next step: -------------------------GGGGGGGGGGGGGGGGGGGGGGGGGGG
[2026-04-24 07:48:38,749][rfdiffusion.inference.utils][INFO] - Sampled motif RMSD: 0.21
[2026-04-24 07:48:39,046][rfdiffusion.inference.model_runners][INFO] - Timestep 13, input to next step: -------------------------GGGGGGGGGGGGGGGGGGGGGGGGGGG
[2026-04-24 07:48:41,893][rfdiffusion.inference.utils][INFO] - Sampled motif RMSD: 0.21
[2026-04-24 07:48:42,091][rfdiffusion.inference.model_runners][INFO] - Timestep 12, input to next step: -------------------------GGGGGGGGGGGGGGGGGGGGGGGGGGG
[2026-04-24 07:48:47,368][rfdiffusion.inference.utils][INFO] - Sampled motif RMSD: 0.22
[2026-04-24 07:48:47,708][rfdiffusion.inference.model_runners][INFO] - Timestep 11, input to next step: -------------------------GGGGGGGGGGGGGGGGGGGGGGGGGGG
[2026-04-24 07:48:51,036][rfdiffusion.inference.utils][INFO] - Sampled motif RMSD: 0.23
[2026-04-24 07:48:51,366][rfdiffusion.inference.model_runners][INFO] - Timestep 10, input to next step: -------------------------GGGGGGGGGGGGGGGGGGGGGGGGGGG
[2026-04-24 07:48:55,365][rfdiffusion.inference.utils][INFO] - Sampled motif RMSD: 0.24
[2026-04-24 07:48:55,753][rfdiffusion.inference.model_runners][INFO] - Timestep 9, input to next step: -------------------------GGGGGGGGGGGGGGGGGGGGGGGGGGG
[2026-04-24 07:48:59,654][rfdiffusion.inference.utils][INFO] - Sampled motif RMSD: 0.23
[2026-04-24 07:48:59,928][rfdiffusion.inference.model_runners][INFO] - Timestep 8, input to next step: -------------------------GGGGGGGGGGGGGGGGGGGGGGGGGGG
[2026-04-24 07:49:03,641][rfdiffusion.inference.utils][INFO] - Sampled motif RMSD: 0.25
[2026-04-24 07:49:03,826][rfdiffusion.inference.model_runners][INFO] - Timestep 7, input to next step: -------------------------GGGGGGGGGGGGGGGGGGGGGGGGGGG
[2026-04-24 07:49:07,390][rfdiffusion.inference.utils][INFO] - Sampled motif RMSD: 0.26
[2026-04-24 07:49:07,718][rfdiffusion.inference.model_runners][INFO] - Timestep 6, input to next step: -------------------------GGGGGGGGGGGGGGGGGGGGGGGGGGG
[2026-04-24 07:49:11,054][rfdiffusion.inference.utils][INFO] - Sampled motif RMSD: 0.23
[2026-04-24 07:49:11,334][rfdiffusion.inference.model_runners][INFO] - Timestep 5, input to next step: -------------------------GGGGGGGGGGGGGGGGGGGGGGGGGGG
[2026-04-24 07:49:14,805][rfdiffusion.inference.utils][INFO] - Sampled motif RMSD: 0.24
[2026-04-24 07:49:15,283][rfdiffusion.inference.model_runners][INFO] - Timestep 4, input to next step: -------------------------GGGGGGGGGGGGGGGGGGGGGGGGGGG
[2026-04-24 07:49:18,163][rfdiffusion.inference.utils][INFO] - Sampled motif RMSD: 0.27
[2026-04-24 07:49:18,371][rfdiffusion.inference.model_runners][INFO] - Timestep 3, input to next step: -------------------------GGGGGGGGGGGGGGGGGGGGGGGGGGG
[2026-04-24 07:49:22,249][rfdiffusion.inference.utils][INFO] - Sampled motif RMSD: 0.28
[2026-04-24 07:49:22,572][rfdiffusion.inference.model_runners][INFO] - Timestep 2, input to next step: -------------------------GGGGGGGGGGGGGGGGGGGGGGGGGGG
[2026-04-24 07:49:27,428][__main__][INFO] - Finished design in 3.25 minutes
[2026-04-24 07:49:27,429][__main__][INFO] - Making design /lambda/nfs/manvi/Team_8_CS598GBL/outputs/custom90_128_motif_scaffolding/default/len_125/cterm/scaffold_1
[2026-04-24 07:49:27,439][rfdiffusion.inference.model_runners][INFO] - Using contig: ['25-41/A99-125']
With this beta schedule (linear schedule, beta_0 = 0.04, beta_T = 0.28), alpha_bar_T = 0.00013696048699785024
[2026-04-24 07:49:27,693][rfdiffusion.inference.model_runners][INFO] - Sequence init: -----------------------------------------GGGGGGGGGGGGGGGGGGGGGGGGGGG
[2026-04-24 07:49:31,974][rfdiffusion.inference.utils][INFO] - Sampled motif RMSD: 0.41
[2026-04-24 07:49:32,486][rfdiffusion.inference.model_runners][INFO] - Timestep 50, input to next step: -----------------------------------------GGGGGGGGGGGGGGGGGGGGGGGGGGG
[2026-04-24 07:49:38,531][rfdiffusion.inference.utils][INFO] - Sampled motif RMSD: 0.28
[2026-04-24 07:49:38,726][rfdiffusion.inference.model_runners][INFO] - Timestep 49, input to next step: -----------------------------------------GGGGGGGGGGGGGGGGGGGGGGGGGGG
[2026-04-24 07:49:42,526][rfdiffusion.inference.utils][INFO] - Sampled motif RMSD: 0.26
[2026-04-24 07:49:42,693][rfdiffusion.inference.model_runners][INFO] - Timestep 48, input to next step: -----------------------------------------GGGGGGGGGGGGGGGGGGGGGGGGGGG
[2026-04-24 07:49:47,575][rfdiffusion.inference.utils][INFO] - Sampled motif RMSD: 0.22
[2026-04-24 07:49:47,846][rfdiffusion.inference.model_runners][INFO] - Timestep 47, input to next step: -----------------------------------------GGGGGGGGGGGGGGGGGGGGGGGGGGG
[2026-04-24 07:49:52,042][rfdiffusion.inference.utils][INFO] - Sampled motif RMSD: 0.22
[2026-04-24 07:49:52,603][rfdiffusion.inference.model_runners][INFO] - Timestep 46, input to next step: -----------------------------------------GGGGGGGGGGGGGGGGGGGGGGGGGGG
[2026-04-24 07:49:58,014][rfdiffusion.inference.utils][INFO] - Sampled motif RMSD: 0.25
[2026-04-24 07:49:58,277][rfdiffusion.inference.model_runners][INFO] - Timestep 45, input to next step: -----------------------------------------GGGGGGGGGGGGGGGGGGGGGGGGGGG
[2026-04-24 07:50:02,406][rfdiffusion.inference.utils][INFO] - Sampled motif RMSD: 0.23
[2026-04-24 07:50:02,597][rfdiffusion.inference.model_runners][INFO] - Timestep 44, input to next step: -----------------------------------------GGGGGGGGGGGGGGGGGGGGGGGGGGG
[2026-04-24 07:50:07,133][rfdiffusion.inference.utils][INFO] - Sampled motif RMSD: 0.22
[2026-04-24 07:50:07,385][rfdiffusion.inference.model_runners][INFO] - Timestep 43, input to next step: -----------------------------------------GGGGGGGGGGGGGGGGGGGGGGGGGGG
[2026-04-24 07:50:10,017][rfdiffusion.inference.utils][INFO] - Sampled motif RMSD: 0.21
[2026-04-24 07:50:10,498][rfdiffusion.inference.model_runners][INFO] - Timestep 42, input to next step: -----------------------------------------GGGGGGGGGGGGGGGGGGGGGGGGGGG
[2026-04-24 07:50:13,374][rfdiffusion.inference.utils][INFO] - Sampled motif RMSD: 0.22
[2026-04-24 07:50:13,643][rfdiffusion.inference.model_runners][INFO] - Timestep 41, input to next step: -----------------------------------------GGGGGGGGGGGGGGGGGGGGGGGGGGG
[2026-04-24 07:50:20,360][rfdiffusion.inference.utils][INFO] - Sampled motif RMSD: 0.23
[2026-04-24 07:50:20,811][rfdiffusion.inference.model_runners][INFO] - Timestep 40, input to next step: -----------------------------------------GGGGGGGGGGGGGGGGGGGGGGGGGGG
[2026-04-24 07:50:25,049][rfdiffusion.inference.utils][INFO] - Sampled motif RMSD: 0.24
[2026-04-24 07:50:25,453][rfdiffusion.inference.model_runners][INFO] - Timestep 39, input to next step: -----------------------------------------GGGGGGGGGGGGGGGGGGGGGGGGGGG
[2026-04-24 07:50:31,690][rfdiffusion.inference.utils][INFO] - Sampled motif RMSD: 0.26
[2026-04-24 07:50:31,961][rfdiffusion.inference.model_runners][INFO] - Timestep 38, input to next step: -----------------------------------------GGGGGGGGGGGGGGGGGGGGGGGGGGG
[2026-04-24 07:50:36,974][rfdiffusion.inference.utils][INFO] - Sampled motif RMSD: 0.25
[2026-04-24 07:50:37,235][rfdiffusion.inference.model_runners][INFO] - Timestep 37, input to next step: -----------------------------------------GGGGGGGGGGGGGGGGGGGGGGGGGGG
[2026-04-24 07:50:44,650][rfdiffusion.inference.utils][INFO] - Sampled motif RMSD: 0.28
[2026-04-24 07:50:45,147][rfdiffusion.inference.model_runners][INFO] - Timestep 36, input to next step: -----------------------------------------GGGGGGGGGGGGGGGGGGGGGGGGGGG
[2026-04-24 07:50:51,730][rfdiffusion.inference.utils][INFO] - Sampled motif RMSD: 0.32
[2026-04-24 07:50:52,115][rfdiffusion.inference.model_runners][INFO] - Timestep 35, input to next step: -----------------------------------------GGGGGGGGGGGGGGGGGGGGGGGGGGG
[2026-04-24 07:50:55,168][rfdiffusion.inference.utils][INFO] - Sampled motif RMSD: 0.31
[2026-04-24 07:50:55,360][rfdiffusion.inference.model_runners][INFO] - Timestep 34, input to next step: -----------------------------------------GGGGGGGGGGGGGGGGGGGGGGGGGGG
[2026-04-24 07:50:59,097][rfdiffusion.inference.utils][INFO] - Sampled motif RMSD: 0.34
[2026-04-24 07:50:59,413][rfdiffusion.inference.model_runners][INFO] - Timestep 33, input to next step: -----------------------------------------GGGGGGGGGGGGGGGGGGGGGGGGGGG
[2026-04-24 07:51:04,731][rfdiffusion.inference.utils][INFO] - Sampled motif RMSD: 0.34
[2026-04-24 07:51:05,064][rfdiffusion.inference.model_runners][INFO] - Timestep 32, input to next step: -----------------------------------------GGGGGGGGGGGGGGGGGGGGGGGGGGG
[2026-04-24 07:51:08,114][rfdiffusion.inference.utils][INFO] - Sampled motif RMSD: 0.31
[2026-04-24 07:51:08,375][rfdiffusion.inference.model_runners][INFO] - Timestep 31, input to next step: -----------------------------------------GGGGGGGGGGGGGGGGGGGGGGGGGGG
[2026-04-24 07:51:11,658][rfdiffusion.inference.utils][INFO] - Sampled motif RMSD: 0.29
[2026-04-24 07:51:11,947][rfdiffusion.inference.model_runners][INFO] - Timestep 30, input to next step: -----------------------------------------GGGGGGGGGGGGGGGGGGGGGGGGGGG
[2026-04-24 07:51:16,846][rfdiffusion.inference.utils][INFO] - Sampled motif RMSD: 0.26
[2026-04-24 07:51:17,225][rfdiffusion.inference.model_runners][INFO] - Timestep 29, input to next step: -----------------------------------------GGGGGGGGGGGGGGGGGGGGGGGGGGG
[2026-04-24 07:51:21,928][rfdiffusion.inference.utils][INFO] - Sampled motif RMSD: 0.25
[2026-04-24 07:51:22,140][rfdiffusion.inference.model_runners][INFO] - Timestep 28, input to next step: -----------------------------------------GGGGGGGGGGGGGGGGGGGGGGGGGGG
[2026-04-24 07:51:26,498][rfdiffusion.inference.utils][INFO] - Sampled motif RMSD: 0.23
[2026-04-24 07:51:26,726][rfdiffusion.inference.model_runners][INFO] - Timestep 27, input to next step: -----------------------------------------GGGGGGGGGGGGGGGGGGGGGGGGGGG
[2026-04-24 07:51:31,185][rfdiffusion.inference.utils][INFO] - Sampled motif RMSD: 0.22
[2026-04-24 07:51:31,511][rfdiffusion.inference.model_runners][INFO] - Timestep 26, input to next step: -----------------------------------------GGGGGGGGGGGGGGGGGGGGGGGGGGG
[2026-04-24 07:51:36,403][rfdiffusion.inference.utils][INFO] - Sampled motif RMSD: 0.23
[2026-04-24 07:51:36,754][rfdiffusion.inference.model_runners][INFO] - Timestep 25, input to next step: -----------------------------------------GGGGGGGGGGGGGGGGGGGGGGGGGGG
[2026-04-24 07:51:40,764][rfdiffusion.inference.utils][INFO] - Sampled motif RMSD: 0.24
[2026-04-24 07:51:41,077][rfdiffusion.inference.model_runners][INFO] - Timestep 24, input to next step: -----------------------------------------GGGGGGGGGGGGGGGGGGGGGGGGGGG
[2026-04-24 07:51:47,484][rfdiffusion.inference.utils][INFO] - Sampled motif RMSD: 0.25
[2026-04-24 07:51:47,772][rfdiffusion.inference.model_runners][INFO] - Timestep 23, input to next step: -----------------------------------------GGGGGGGGGGGGGGGGGGGGGGGGGGG
[2026-04-24 07:51:51,799][rfdiffusion.inference.utils][INFO] - Sampled motif RMSD: 0.27
[2026-04-24 07:51:52,065][rfdiffusion.inference.model_runners][INFO] - Timestep 22, input to next step: -----------------------------------------GGGGGGGGGGGGGGGGGGGGGGGGGGG
[2026-04-24 07:51:57,281][rfdiffusion.inference.utils][INFO] - Sampled motif RMSD: 0.29
[2026-04-24 07:51:57,528][rfdiffusion.inference.model_runners][INFO] - Timestep 21, input to next step: -----------------------------------------GGGGGGGGGGGGGGGGGGGGGGGGGGG
[2026-04-24 07:52:03,365][rfdiffusion.inference.utils][INFO] - Sampled motif RMSD: 0.30
[2026-04-24 07:52:03,807][rfdiffusion.inference.model_runners][INFO] - Timestep 20, input to next step: -----------------------------------------GGGGGGGGGGGGGGGGGGGGGGGGGGG
[2026-04-24 07:52:08,335][rfdiffusion.inference.utils][INFO] - Sampled motif RMSD: 0.30
[2026-04-24 07:52:08,542][rfdiffusion.inference.model_runners][INFO] - Timestep 19, input to next step: -----------------------------------------GGGGGGGGGGGGGGGGGGGGGGGGGGG
[2026-04-24 07:52:12,159][rfdiffusion.inference.utils][INFO] - Sampled motif RMSD: 0.31
[2026-04-24 07:52:12,354][rfdiffusion.inference.model_runners][INFO] - Timestep 18, input to next step: -----------------------------------------GGGGGGGGGGGGGGGGGGGGGGGGGGG
[2026-04-24 07:52:16,273][rfdiffusion.inference.utils][INFO] - Sampled motif RMSD: 0.35
[2026-04-24 07:52:16,650][rfdiffusion.inference.model_runners][INFO] - Timestep 17, input to next step: -----------------------------------------GGGGGGGGGGGGGGGGGGGGGGGGGGG
[2026-04-24 07:52:20,056][rfdiffusion.inference.utils][INFO] - Sampled motif RMSD: 0.38
[2026-04-24 07:52:20,397][rfdiffusion.inference.model_runners][INFO] - Timestep 16, input to next step: -----------------------------------------GGGGGGGGGGGGGGGGGGGGGGGGGGG
[2026-04-24 07:52:25,103][rfdiffusion.inference.utils][INFO] - Sampled motif RMSD: 0.38
[2026-04-24 07:52:25,454][rfdiffusion.inference.model_runners][INFO] - Timestep 15, input to next step: -----------------------------------------GGGGGGGGGGGGGGGGGGGGGGGGGGG
[2026-04-24 07:52:29,180][rfdiffusion.inference.utils][INFO] - Sampled motif RMSD: 0.39
[2026-04-24 07:52:29,559][rfdiffusion.inference.model_runners][INFO] - Timestep 14, input to next step: -----------------------------------------GGGGGGGGGGGGGGGGGGGGGGGGGGG
[2026-04-24 07:52:33,380][rfdiffusion.inference.utils][INFO] - Sampled motif RMSD: 0.39
[2026-04-24 07:52:33,554][rfdiffusion.inference.model_runners][INFO] - Timestep 13, input to next step: -----------------------------------------GGGGGGGGGGGGGGGGGGGGGGGGGGG
[2026-04-24 07:52:38,211][rfdiffusion.inference.utils][INFO] - Sampled motif RMSD: 0.44
[2026-04-24 07:52:38,594][rfdiffusion.inference.model_runners][INFO] - Timestep 12, input to next step: -----------------------------------------GGGGGGGGGGGGGGGGGGGGGGGGGGG
[2026-04-24 07:52:42,556][rfdiffusion.inference.utils][INFO] - Sampled motif RMSD: 0.44
[2026-04-24 07:52:42,850][rfdiffusion.inference.model_runners][INFO] - Timestep 11, input to next step: -----------------------------------------GGGGGGGGGGGGGGGGGGGGGGGGGGG
[2026-04-24 07:52:46,873][rfdiffusion.inference.utils][INFO] - Sampled motif RMSD: 0.41
[2026-04-24 07:52:47,014][rfdiffusion.inference.model_runners][INFO] - Timestep 10, input to next step: -----------------------------------------GGGGGGGGGGGGGGGGGGGGGGGGGGG
[2026-04-24 07:52:51,089][rfdiffusion.inference.utils][INFO] - Sampled motif RMSD: 0.42
[2026-04-24 07:52:51,486][rfdiffusion.inference.model_runners][INFO] - Timestep 9, input to next step: -----------------------------------------GGGGGGGGGGGGGGGGGGGGGGGGGGG
[2026-04-24 07:52:56,073][rfdiffusion.inference.utils][INFO] - Sampled motif RMSD: 0.42
[2026-04-24 07:52:56,352][rfdiffusion.inference.model_runners][INFO] - Timestep 8, input to next step: -----------------------------------------GGGGGGGGGGGGGGGGGGGGGGGGGGG
[2026-04-24 07:53:01,066][rfdiffusion.inference.utils][INFO] - Sampled motif RMSD: 0.42
[2026-04-24 07:53:01,353][rfdiffusion.inference.model_runners][INFO] - Timestep 7, input to next step: -----------------------------------------GGGGGGGGGGGGGGGGGGGGGGGGGGG
[2026-04-24 07:53:06,027][rfdiffusion.inference.utils][INFO] - Sampled motif RMSD: 0.43
[2026-04-24 07:53:06,399][rfdiffusion.inference.model_runners][INFO] - Timestep 6, input to next step: -----------------------------------------GGGGGGGGGGGGGGGGGGGGGGGGGGG
[2026-04-24 07:53:10,297][rfdiffusion.inference.utils][INFO] - Sampled motif RMSD: 0.43
[2026-04-24 07:53:10,673][rfdiffusion.inference.model_runners][INFO] - Timestep 5, input to next step: -----------------------------------------GGGGGGGGGGGGGGGGGGGGGGGGGGG
[2026-04-24 07:53:14,934][rfdiffusion.inference.utils][INFO] - Sampled motif RMSD: 0.42
[2026-04-24 07:53:15,335][rfdiffusion.inference.model_runners][INFO] - Timestep 4, input to next step: -----------------------------------------GGGGGGGGGGGGGGGGGGGGGGGGGGG
[2026-04-24 07:53:19,398][rfdiffusion.inference.utils][INFO] - Sampled motif RMSD: 0.41
[2026-04-24 07:53:19,750][rfdiffusion.inference.model_runners][INFO] - Timestep 3, input to next step: -----------------------------------------GGGGGGGGGGGGGGGGGGGGGGGGGGG
[2026-04-24 07:53:24,655][rfdiffusion.inference.utils][INFO] - Sampled motif RMSD: 0.40
[2026-04-24 07:53:24,952][rfdiffusion.inference.model_runners][INFO] - Timestep 2, input to next step: -----------------------------------------GGGGGGGGGGGGGGGGGGGGGGGGGGG
[2026-04-24 07:53:32,384][__main__][INFO] - Finished design in 4.08 minutes
