[2026-04-24 09:08:21,754][__main__][INFO] - Found GPU with device_name NVIDIA A100-SXM4-80GB. Will run RFdiffusion on NVIDIA A100-SXM4-80GB
Reading models from /lambda/nfs/manvi/Team_8_CS598GBL/RFdiffusion/rfdiffusion/inference/../../models
[2026-04-24 09:08:21,761][rfdiffusion.inference.model_runners][INFO] - Reading checkpoint from /lambda/nfs/manvi/Team_8_CS598GBL/RFdiffusion/rfdiffusion/inference/../../models/Base_ckpt.pt
This is inf_conf.ckpt_path
/lambda/nfs/manvi/Team_8_CS598GBL/RFdiffusion/rfdiffusion/inference/../../models/Base_ckpt.pt
Assembling -model, -diffuser and -preprocess configs from checkpoint
USING MODEL CONFIG: self._conf[model][n_extra_block] = 4
USING MODEL CONFIG: self._conf[model][n_main_block] = 32
USING MODEL CONFIG: self._conf[model][n_ref_block] = 4
USING MODEL CONFIG: self._conf[model][d_msa] = 256
USING MODEL CONFIG: self._conf[model][d_msa_full] = 64
USING MODEL CONFIG: self._conf[model][d_pair] = 128
USING MODEL CONFIG: self._conf[model][d_templ] = 64
USING MODEL CONFIG: self._conf[model][n_head_msa] = 8
USING MODEL CONFIG: self._conf[model][n_head_pair] = 4
USING MODEL CONFIG: self._conf[model][n_head_templ] = 4
USING MODEL CONFIG: self._conf[model][d_hidden] = 32
USING MODEL CONFIG: self._conf[model][d_hidden_templ] = 32
USING MODEL CONFIG: self._conf[model][p_drop] = 0.15
USING MODEL CONFIG: self._conf[model][SE3_param_full] = {'num_layers': 1, 'num_channels': 32, 'num_degrees': 2, 'n_heads': 4, 'div': 4, 'l0_in_features': 8, 'l0_out_features': 8, 'l1_in_features': 3, 'l1_out_features': 2, 'num_edge_features': 32}
USING MODEL CONFIG: self._conf[model][SE3_param_topk] = {'num_layers': 1, 'num_channels': 32, 'num_degrees': 2, 'n_heads': 4, 'div': 4, 'l0_in_features': 64, 'l0_out_features': 64, 'l1_in_features': 3, 'l1_out_features': 2, 'num_edge_features': 64}
USING MODEL CONFIG: self._conf[model][freeze_track_motif] = False
USING MODEL CONFIG: self._conf[model][use_motif_timestep] = True
USING MODEL CONFIG: self._conf[diffuser][T] = 50
USING MODEL CONFIG: self._conf[diffuser][b_0] = 0.01
USING MODEL CONFIG: self._conf[diffuser][b_T] = 0.07
USING MODEL CONFIG: self._conf[diffuser][schedule_type] = linear
USING MODEL CONFIG: self._conf[diffuser][so3_type] = igso3
USING MODEL CONFIG: self._conf[diffuser][crd_scale] = 0.25
USING MODEL CONFIG: self._conf[diffuser][so3_schedule_type] = linear
USING MODEL CONFIG: self._conf[diffuser][min_b] = 1.5
USING MODEL CONFIG: self._conf[diffuser][max_b] = 2.5
USING MODEL CONFIG: self._conf[diffuser][min_sigma] = 0.02
USING MODEL CONFIG: self._conf[diffuser][max_sigma] = 1.5
USING MODEL CONFIG: self._conf[preprocess][sidechain_input] = False
USING MODEL CONFIG: self._conf[preprocess][motif_sidechain_input] = True
USING MODEL CONFIG: self._conf[preprocess][d_t1d] = 22
USING MODEL CONFIG: self._conf[preprocess][d_t2d] = 44
USING MODEL CONFIG: self._conf[preprocess][prob_self_cond] = 0.5
USING MODEL CONFIG: self._conf[preprocess][str_self_cond] = True
USING MODEL CONFIG: self._conf[preprocess][predict_previous] = False
[2026-04-24 09:09:13,863][rfdiffusion.inference.model_runners][INFO] - Loading checkpoint.
[2026-04-24 09:09:32,162][rfdiffusion.diffusion][INFO] - Using cached IGSO3.
Successful diffuser __init__
[2026-04-24 09:09:32,249][__main__][INFO] - Making design /lambda/nfs/manvi/Team_8_CS598GBL/outputs/custom90_128_motif_scaffolding/fast_T20/len_119/short/scaffold_0
[2026-04-24 09:09:32,268][rfdiffusion.inference.model_runners][INFO] - Using contig: ['23-39/A52-66/23-39']
With this beta schedule (linear schedule, beta_0 = 0.04, beta_T = 0.28), alpha_bar_T = 0.00013696048699785024
[2026-04-24 09:09:32,520][rfdiffusion.inference.model_runners][INFO] - Sequence init: --------------------------GGGGGGGGGGGGGGG------------------------------------
[2026-04-24 09:09:42,988][rfdiffusion.inference.utils][INFO] - Sampled motif RMSD: 0.30
[2026-04-24 09:09:43,170][rfdiffusion.inference.model_runners][INFO] - Timestep 50, input to next step: --------------------------GGGGGGGGGGGGGGG------------------------------------
[2026-04-24 09:09:48,488][rfdiffusion.inference.utils][INFO] - Sampled motif RMSD: 0.31
[2026-04-24 09:09:48,865][rfdiffusion.inference.model_runners][INFO] - Timestep 49, input to next step: --------------------------GGGGGGGGGGGGGGG------------------------------------
[2026-04-24 09:09:54,151][rfdiffusion.inference.utils][INFO] - Sampled motif RMSD: 0.34
[2026-04-24 09:09:54,366][rfdiffusion.inference.model_runners][INFO] - Timestep 48, input to next step: --------------------------GGGGGGGGGGGGGGG------------------------------------
[2026-04-24 09:09:59,074][rfdiffusion.inference.utils][INFO] - Sampled motif RMSD: 0.31
[2026-04-24 09:09:59,363][rfdiffusion.inference.model_runners][INFO] - Timestep 47, input to next step: --------------------------GGGGGGGGGGGGGGG------------------------------------
[2026-04-24 09:10:06,438][rfdiffusion.inference.utils][INFO] - Sampled motif RMSD: 0.29
[2026-04-24 09:10:06,742][rfdiffusion.inference.model_runners][INFO] - Timestep 46, input to next step: --------------------------GGGGGGGGGGGGGGG------------------------------------
[2026-04-24 09:10:13,331][rfdiffusion.inference.utils][INFO] - Sampled motif RMSD: 0.27
[2026-04-24 09:10:13,758][rfdiffusion.inference.model_runners][INFO] - Timestep 45, input to next step: --------------------------GGGGGGGGGGGGGGG------------------------------------
[2026-04-24 09:10:19,178][rfdiffusion.inference.utils][INFO] - Sampled motif RMSD: 0.28
[2026-04-24 09:10:19,498][rfdiffusion.inference.model_runners][INFO] - Timestep 44, input to next step: --------------------------GGGGGGGGGGGGGGG------------------------------------
[2026-04-24 09:10:24,950][rfdiffusion.inference.utils][INFO] - Sampled motif RMSD: 0.26
[2026-04-24 09:10:25,238][rfdiffusion.inference.model_runners][INFO] - Timestep 43, input to next step: --------------------------GGGGGGGGGGGGGGG------------------------------------
[2026-04-24 09:10:29,549][rfdiffusion.inference.utils][INFO] - Sampled motif RMSD: 0.26
[2026-04-24 09:10:29,729][rfdiffusion.inference.model_runners][INFO] - Timestep 42, input to next step: --------------------------GGGGGGGGGGGGGGG------------------------------------
[2026-04-24 09:10:33,217][rfdiffusion.inference.utils][INFO] - Sampled motif RMSD: 0.27
[2026-04-24 09:10:33,402][rfdiffusion.inference.model_runners][INFO] - Timestep 41, input to next step: --------------------------GGGGGGGGGGGGGGG------------------------------------
[2026-04-24 09:10:38,204][rfdiffusion.inference.utils][INFO] - Sampled motif RMSD: 0.25
[2026-04-24 09:10:38,372][rfdiffusion.inference.model_runners][INFO] - Timestep 40, input to next step: --------------------------GGGGGGGGGGGGGGG------------------------------------
[2026-04-24 09:10:42,103][rfdiffusion.inference.utils][INFO] - Sampled motif RMSD: 0.25
[2026-04-24 09:10:42,346][rfdiffusion.inference.model_runners][INFO] - Timestep 39, input to next step: --------------------------GGGGGGGGGGGGGGG------------------------------------
[2026-04-24 09:10:46,644][rfdiffusion.inference.utils][INFO] - Sampled motif RMSD: 0.31
[2026-04-24 09:10:47,092][rfdiffusion.inference.model_runners][INFO] - Timestep 38, input to next step: --------------------------GGGGGGGGGGGGGGG------------------------------------
[2026-04-24 09:10:51,513][rfdiffusion.inference.utils][INFO] - Sampled motif RMSD: 0.30
[2026-04-24 09:10:51,825][rfdiffusion.inference.model_runners][INFO] - Timestep 37, input to next step: --------------------------GGGGGGGGGGGGGGG------------------------------------
[2026-04-24 09:10:56,510][rfdiffusion.inference.utils][INFO] - Sampled motif RMSD: 0.30
[2026-04-24 09:10:56,754][rfdiffusion.inference.model_runners][INFO] - Timestep 36, input to next step: --------------------------GGGGGGGGGGGGGGG------------------------------------
[2026-04-24 09:11:01,884][rfdiffusion.inference.utils][INFO] - Sampled motif RMSD: 0.30
[2026-04-24 09:11:02,248][rfdiffusion.inference.model_runners][INFO] - Timestep 35, input to next step: --------------------------GGGGGGGGGGGGGGG------------------------------------
[2026-04-24 09:11:05,438][rfdiffusion.inference.utils][INFO] - Sampled motif RMSD: 0.29
[2026-04-24 09:11:05,867][rfdiffusion.inference.model_runners][INFO] - Timestep 34, input to next step: --------------------------GGGGGGGGGGGGGGG------------------------------------
[2026-04-24 09:11:09,167][rfdiffusion.inference.utils][INFO] - Sampled motif RMSD: 0.26
[2026-04-24 09:11:09,433][rfdiffusion.inference.model_runners][INFO] - Timestep 33, input to next step: --------------------------GGGGGGGGGGGGGGG------------------------------------
[2026-04-24 09:11:14,499][rfdiffusion.inference.utils][INFO] - Sampled motif RMSD: 0.27
[2026-04-24 09:11:14,852][rfdiffusion.inference.model_runners][INFO] - Timestep 32, input to next step: --------------------------GGGGGGGGGGGGGGG------------------------------------
[2026-04-24 09:11:19,104][rfdiffusion.inference.utils][INFO] - Sampled motif RMSD: 0.28
[2026-04-24 09:11:19,701][rfdiffusion.inference.model_runners][INFO] - Timestep 31, input to next step: --------------------------GGGGGGGGGGGGGGG------------------------------------
[2026-04-24 09:11:24,267][rfdiffusion.inference.utils][INFO] - Sampled motif RMSD: 0.30
[2026-04-24 09:11:24,627][rfdiffusion.inference.model_runners][INFO] - Timestep 30, input to next step: --------------------------GGGGGGGGGGGGGGG------------------------------------
[2026-04-24 09:11:29,797][rfdiffusion.inference.utils][INFO] - Sampled motif RMSD: 0.34
[2026-04-24 09:11:30,237][rfdiffusion.inference.model_runners][INFO] - Timestep 29, input to next step: --------------------------GGGGGGGGGGGGGGG------------------------------------
[2026-04-24 09:11:33,256][rfdiffusion.inference.utils][INFO] - Sampled motif RMSD: 0.31
[2026-04-24 09:11:33,628][rfdiffusion.inference.model_runners][INFO] - Timestep 28, input to next step: --------------------------GGGGGGGGGGGGGGG------------------------------------
[2026-04-24 09:11:37,113][rfdiffusion.inference.utils][INFO] - Sampled motif RMSD: 0.31
[2026-04-24 09:11:37,379][rfdiffusion.inference.model_runners][INFO] - Timestep 27, input to next step: --------------------------GGGGGGGGGGGGGGG------------------------------------
[2026-04-24 09:11:41,401][rfdiffusion.inference.utils][INFO] - Sampled motif RMSD: 0.30
[2026-04-24 09:11:41,778][rfdiffusion.inference.model_runners][INFO] - Timestep 26, input to next step: --------------------------GGGGGGGGGGGGGGG------------------------------------
[2026-04-24 09:11:45,195][rfdiffusion.inference.utils][INFO] - Sampled motif RMSD: 0.30
[2026-04-24 09:11:45,481][rfdiffusion.inference.model_runners][INFO] - Timestep 25, input to next step: --------------------------GGGGGGGGGGGGGGG------------------------------------
[2026-04-24 09:11:51,055][rfdiffusion.inference.utils][INFO] - Sampled motif RMSD: 0.29
[2026-04-24 09:11:51,325][rfdiffusion.inference.model_runners][INFO] - Timestep 24, input to next step: --------------------------GGGGGGGGGGGGGGG------------------------------------
[2026-04-24 09:11:56,055][rfdiffusion.inference.utils][INFO] - Sampled motif RMSD: 0.29
[2026-04-24 09:11:56,418][rfdiffusion.inference.model_runners][INFO] - Timestep 23, input to next step: --------------------------GGGGGGGGGGGGGGG------------------------------------
[2026-04-24 09:11:59,815][rfdiffusion.inference.utils][INFO] - Sampled motif RMSD: 0.28
[2026-04-24 09:12:00,039][rfdiffusion.inference.model_runners][INFO] - Timestep 22, input to next step: --------------------------GGGGGGGGGGGGGGG------------------------------------
[2026-04-24 09:12:03,196][rfdiffusion.inference.utils][INFO] - Sampled motif RMSD: 0.27
[2026-04-24 09:12:03,455][rfdiffusion.inference.model_runners][INFO] - Timestep 21, input to next step: --------------------------GGGGGGGGGGGGGGG------------------------------------
[2026-04-24 09:12:07,197][rfdiffusion.inference.utils][INFO] - Sampled motif RMSD: 0.26
[2026-04-24 09:12:07,429][rfdiffusion.inference.model_runners][INFO] - Timestep 20, input to next step: --------------------------GGGGGGGGGGGGGGG------------------------------------
[2026-04-24 09:12:12,191][rfdiffusion.inference.utils][INFO] - Sampled motif RMSD: 0.25
[2026-04-24 09:12:12,587][rfdiffusion.inference.model_runners][INFO] - Timestep 19, input to next step: --------------------------GGGGGGGGGGGGGGG------------------------------------
[2026-04-24 09:12:15,581][rfdiffusion.inference.utils][INFO] - Sampled motif RMSD: 0.26
[2026-04-24 09:12:16,150][rfdiffusion.inference.model_runners][INFO] - Timestep 18, input to next step: --------------------------GGGGGGGGGGGGGGG------------------------------------
[2026-04-24 09:12:19,861][rfdiffusion.inference.utils][INFO] - Sampled motif RMSD: 0.25
[2026-04-24 09:12:20,314][rfdiffusion.inference.model_runners][INFO] - Timestep 17, input to next step: --------------------------GGGGGGGGGGGGGGG------------------------------------
[2026-04-24 09:12:24,219][rfdiffusion.inference.utils][INFO] - Sampled motif RMSD: 0.25
[2026-04-24 09:12:24,420][rfdiffusion.inference.model_runners][INFO] - Timestep 16, input to next step: --------------------------GGGGGGGGGGGGGGG------------------------------------
[2026-04-24 09:12:27,970][rfdiffusion.inference.utils][INFO] - Sampled motif RMSD: 0.25
[2026-04-24 09:12:28,270][rfdiffusion.inference.model_runners][INFO] - Timestep 15, input to next step: --------------------------GGGGGGGGGGGGGGG------------------------------------
[2026-04-24 09:12:31,483][rfdiffusion.inference.utils][INFO] - Sampled motif RMSD: 0.26
[2026-04-24 09:12:31,894][rfdiffusion.inference.model_runners][INFO] - Timestep 14, input to next step: --------------------------GGGGGGGGGGGGGGG------------------------------------
[2026-04-24 09:12:36,367][rfdiffusion.inference.utils][INFO] - Sampled motif RMSD: 0.26
[2026-04-24 09:12:36,544][rfdiffusion.inference.model_runners][INFO] - Timestep 13, input to next step: --------------------------GGGGGGGGGGGGGGG------------------------------------
[2026-04-24 09:12:40,493][rfdiffusion.inference.utils][INFO] - Sampled motif RMSD: 0.26
[2026-04-24 09:12:40,524][rfdiffusion.inference.model_runners][INFO] - Timestep 12, input to next step: --------------------------GGGGGGGGGGGGGGG------------------------------------
[2026-04-24 09:12:44,419][rfdiffusion.inference.utils][INFO] - Sampled motif RMSD: 0.26
[2026-04-24 09:12:44,616][rfdiffusion.inference.model_runners][INFO] - Timestep 11, input to next step: --------------------------GGGGGGGGGGGGGGG------------------------------------
[2026-04-24 09:12:48,201][rfdiffusion.inference.utils][INFO] - Sampled motif RMSD: 0.27
[2026-04-24 09:12:48,415][rfdiffusion.inference.model_runners][INFO] - Timestep 10, input to next step: --------------------------GGGGGGGGGGGGGGG------------------------------------
[2026-04-24 09:12:51,547][rfdiffusion.inference.utils][INFO] - Sampled motif RMSD: 0.26
[2026-04-24 09:12:51,763][rfdiffusion.inference.model_runners][INFO] - Timestep 9, input to next step: --------------------------GGGGGGGGGGGGGGG------------------------------------
[2026-04-24 09:12:54,879][rfdiffusion.inference.utils][INFO] - Sampled motif RMSD: 0.25
[2026-04-24 09:12:55,238][rfdiffusion.inference.model_runners][INFO] - Timestep 8, input to next step: --------------------------GGGGGGGGGGGGGGG------------------------------------
[2026-04-24 09:12:58,699][rfdiffusion.inference.utils][INFO] - Sampled motif RMSD: 0.25
[2026-04-24 09:12:58,977][rfdiffusion.inference.model_runners][INFO] - Timestep 7, input to next step: --------------------------GGGGGGGGGGGGGGG------------------------------------
[2026-04-24 09:13:02,734][rfdiffusion.inference.utils][INFO] - Sampled motif RMSD: 0.25
[2026-04-24 09:13:02,850][rfdiffusion.inference.model_runners][INFO] - Timestep 6, input to next step: --------------------------GGGGGGGGGGGGGGG------------------------------------
[2026-04-24 09:13:04,723][rfdiffusion.inference.utils][INFO] - Sampled motif RMSD: 0.26
[2026-04-24 09:13:04,982][rfdiffusion.inference.model_runners][INFO] - Timestep 5, input to next step: --------------------------GGGGGGGGGGGGGGG------------------------------------
[2026-04-24 09:13:07,849][rfdiffusion.inference.utils][INFO] - Sampled motif RMSD: 0.25
[2026-04-24 09:13:08,037][rfdiffusion.inference.model_runners][INFO] - Timestep 4, input to next step: --------------------------GGGGGGGGGGGGGGG------------------------------------
[2026-04-24 09:13:10,612][rfdiffusion.inference.utils][INFO] - Sampled motif RMSD: 0.25
[2026-04-24 09:13:10,786][rfdiffusion.inference.model_runners][INFO] - Timestep 3, input to next step: --------------------------GGGGGGGGGGGGGGG------------------------------------
[2026-04-24 09:13:12,758][rfdiffusion.inference.utils][INFO] - Sampled motif RMSD: 0.24
[2026-04-24 09:13:12,958][rfdiffusion.inference.model_runners][INFO] - Timestep 2, input to next step: --------------------------GGGGGGGGGGGGGGG------------------------------------
[2026-04-24 09:13:16,967][__main__][INFO] - Finished design in 3.75 minutes
