[2026-04-24 10:54:07,671][__main__][INFO] - Found GPU with device_name NVIDIA A100-SXM4-80GB. Will run RFdiffusion on NVIDIA A100-SXM4-80GB
Reading models from /lambda/nfs/manvi/Team_8_CS598GBL/RFdiffusion/rfdiffusion/inference/../../models
[2026-04-24 10:54:07,688][rfdiffusion.inference.model_runners][INFO] - Reading checkpoint from /lambda/nfs/manvi/Team_8_CS598GBL/RFdiffusion/rfdiffusion/inference/../../models/Base_ckpt.pt
This is inf_conf.ckpt_path
/lambda/nfs/manvi/Team_8_CS598GBL/RFdiffusion/rfdiffusion/inference/../../models/Base_ckpt.pt
Assembling -model, -diffuser and -preprocess configs from checkpoint
USING MODEL CONFIG: self._conf[model][n_extra_block] = 4
USING MODEL CONFIG: self._conf[model][n_main_block] = 32
USING MODEL CONFIG: self._conf[model][n_ref_block] = 4
USING MODEL CONFIG: self._conf[model][d_msa] = 256
USING MODEL CONFIG: self._conf[model][d_msa_full] = 64
USING MODEL CONFIG: self._conf[model][d_pair] = 128
USING MODEL CONFIG: self._conf[model][d_templ] = 64
USING MODEL CONFIG: self._conf[model][n_head_msa] = 8
USING MODEL CONFIG: self._conf[model][n_head_pair] = 4
USING MODEL CONFIG: self._conf[model][n_head_templ] = 4
USING MODEL CONFIG: self._conf[model][d_hidden] = 32
USING MODEL CONFIG: self._conf[model][d_hidden_templ] = 32
USING MODEL CONFIG: self._conf[model][p_drop] = 0.15
USING MODEL CONFIG: self._conf[model][SE3_param_full] = {'num_layers': 1, 'num_channels': 32, 'num_degrees': 2, 'n_heads': 4, 'div': 4, 'l0_in_features': 8, 'l0_out_features': 8, 'l1_in_features': 3, 'l1_out_features': 2, 'num_edge_features': 32}
USING MODEL CONFIG: self._conf[model][SE3_param_topk] = {'num_layers': 1, 'num_channels': 32, 'num_degrees': 2, 'n_heads': 4, 'div': 4, 'l0_in_features': 64, 'l0_out_features': 64, 'l1_in_features': 3, 'l1_out_features': 2, 'num_edge_features': 64}
USING MODEL CONFIG: self._conf[model][freeze_track_motif] = False
USING MODEL CONFIG: self._conf[model][use_motif_timestep] = True
USING MODEL CONFIG: self._conf[diffuser][T] = 50
USING MODEL CONFIG: self._conf[diffuser][b_0] = 0.01
USING MODEL CONFIG: self._conf[diffuser][b_T] = 0.07
USING MODEL CONFIG: self._conf[diffuser][schedule_type] = linear
USING MODEL CONFIG: self._conf[diffuser][so3_type] = igso3
USING MODEL CONFIG: self._conf[diffuser][crd_scale] = 0.25
USING MODEL CONFIG: self._conf[diffuser][so3_schedule_type] = linear
USING MODEL CONFIG: self._conf[diffuser][min_b] = 1.5
USING MODEL CONFIG: self._conf[diffuser][max_b] = 2.5
USING MODEL CONFIG: self._conf[diffuser][min_sigma] = 0.02
USING MODEL CONFIG: self._conf[diffuser][max_sigma] = 1.5
USING MODEL CONFIG: self._conf[preprocess][sidechain_input] = False
USING MODEL CONFIG: self._conf[preprocess][motif_sidechain_input] = True
USING MODEL CONFIG: self._conf[preprocess][d_t1d] = 22
USING MODEL CONFIG: self._conf[preprocess][d_t2d] = 44
USING MODEL CONFIG: self._conf[preprocess][prob_self_cond] = 0.5
USING MODEL CONFIG: self._conf[preprocess][str_self_cond] = True
USING MODEL CONFIG: self._conf[preprocess][predict_previous] = False
[2026-04-24 10:55:30,080][rfdiffusion.inference.model_runners][INFO] - Loading checkpoint.
[2026-04-24 10:55:51,726][rfdiffusion.diffusion][INFO] - Using cached IGSO3.
Successful diffuser __init__
[2026-04-24 10:55:51,786][__main__][INFO] - Making design /lambda/nfs/manvi/Team_8_CS598GBL/outputs/custom90_128_motif_scaffolding/low_noise/len_126/balanced/scaffold_0
[2026-04-24 10:55:51,805][rfdiffusion.inference.model_runners][INFO] - Using contig: ['25-42/A27-56/25-42']
With this beta schedule (linear schedule, beta_0 = 0.04, beta_T = 0.28), alpha_bar_T = 0.00013696048699785024
[2026-04-24 10:55:52,249][rfdiffusion.inference.model_runners][INFO] - Sequence init: -----------------------------------------GGGGGGGGGGGGGGGGGGGGGGGGGGGGGG--------------------------
[2026-04-24 10:55:59,854][rfdiffusion.inference.utils][INFO] - Sampled motif RMSD: 0.32
[2026-04-24 10:56:00,018][rfdiffusion.inference.model_runners][INFO] - Timestep 50, input to next step: -----------------------------------------GGGGGGGGGGGGGGGGGGGGGGGGGGGGGG--------------------------
[2026-04-24 10:56:05,522][rfdiffusion.inference.utils][INFO] - Sampled motif RMSD: 0.27
[2026-04-24 10:56:05,741][rfdiffusion.inference.model_runners][INFO] - Timestep 49, input to next step: -----------------------------------------GGGGGGGGGGGGGGGGGGGGGGGGGGGGGG--------------------------
[2026-04-24 10:56:12,844][rfdiffusion.inference.utils][INFO] - Sampled motif RMSD: 0.28
[2026-04-24 10:56:13,462][rfdiffusion.inference.model_runners][INFO] - Timestep 48, input to next step: -----------------------------------------GGGGGGGGGGGGGGGGGGGGGGGGGGGGGG--------------------------
[2026-04-24 10:56:20,924][rfdiffusion.inference.utils][INFO] - Sampled motif RMSD: 0.31
[2026-04-24 10:56:21,260][rfdiffusion.inference.model_runners][INFO] - Timestep 47, input to next step: -----------------------------------------GGGGGGGGGGGGGGGGGGGGGGGGGGGGGG--------------------------
[2026-04-24 10:56:29,837][rfdiffusion.inference.utils][INFO] - Sampled motif RMSD: 0.29
[2026-04-24 10:56:30,499][rfdiffusion.inference.model_runners][INFO] - Timestep 46, input to next step: -----------------------------------------GGGGGGGGGGGGGGGGGGGGGGGGGGGGGG--------------------------
[2026-04-24 10:56:40,959][rfdiffusion.inference.utils][INFO] - Sampled motif RMSD: 0.33
[2026-04-24 10:56:41,255][rfdiffusion.inference.model_runners][INFO] - Timestep 45, input to next step: -----------------------------------------GGGGGGGGGGGGGGGGGGGGGGGGGGGGGG--------------------------
[2026-04-24 10:56:47,154][rfdiffusion.inference.utils][INFO] - Sampled motif RMSD: 0.31
[2026-04-24 10:56:47,485][rfdiffusion.inference.model_runners][INFO] - Timestep 44, input to next step: -----------------------------------------GGGGGGGGGGGGGGGGGGGGGGGGGGGGGG--------------------------
[2026-04-24 10:56:50,343][rfdiffusion.inference.utils][INFO] - Sampled motif RMSD: 0.31
[2026-04-24 10:56:50,577][rfdiffusion.inference.model_runners][INFO] - Timestep 43, input to next step: -----------------------------------------GGGGGGGGGGGGGGGGGGGGGGGGGGGGGG--------------------------
[2026-04-24 10:56:54,101][rfdiffusion.inference.utils][INFO] - Sampled motif RMSD: 0.27
[2026-04-24 10:56:54,381][rfdiffusion.inference.model_runners][INFO] - Timestep 42, input to next step: -----------------------------------------GGGGGGGGGGGGGGGGGGGGGGGGGGGGGG--------------------------
[2026-04-24 10:56:58,403][rfdiffusion.inference.utils][INFO] - Sampled motif RMSD: 0.30
[2026-04-24 10:56:58,614][rfdiffusion.inference.model_runners][INFO] - Timestep 41, input to next step: -----------------------------------------GGGGGGGGGGGGGGGGGGGGGGGGGGGGGG--------------------------
[2026-04-24 10:57:03,526][rfdiffusion.inference.utils][INFO] - Sampled motif RMSD: 0.35
[2026-04-24 10:57:03,696][rfdiffusion.inference.model_runners][INFO] - Timestep 40, input to next step: -----------------------------------------GGGGGGGGGGGGGGGGGGGGGGGGGGGGGG--------------------------
[2026-04-24 10:57:07,204][rfdiffusion.inference.utils][INFO] - Sampled motif RMSD: 0.39
[2026-04-24 10:57:07,522][rfdiffusion.inference.model_runners][INFO] - Timestep 39, input to next step: -----------------------------------------GGGGGGGGGGGGGGGGGGGGGGGGGGGGGG--------------------------
[2026-04-24 10:57:12,016][rfdiffusion.inference.utils][INFO] - Sampled motif RMSD: 0.42
[2026-04-24 10:57:12,245][rfdiffusion.inference.model_runners][INFO] - Timestep 38, input to next step: -----------------------------------------GGGGGGGGGGGGGGGGGGGGGGGGGGGGGG--------------------------
[2026-04-24 10:57:18,241][rfdiffusion.inference.utils][INFO] - Sampled motif RMSD: 0.41
[2026-04-24 10:57:18,680][rfdiffusion.inference.model_runners][INFO] - Timestep 37, input to next step: -----------------------------------------GGGGGGGGGGGGGGGGGGGGGGGGGGGGGG--------------------------
[2026-04-24 10:57:22,672][rfdiffusion.inference.utils][INFO] - Sampled motif RMSD: 0.42
[2026-04-24 10:57:22,978][rfdiffusion.inference.model_runners][INFO] - Timestep 36, input to next step: -----------------------------------------GGGGGGGGGGGGGGGGGGGGGGGGGGGGGG--------------------------
[2026-04-24 10:57:28,063][rfdiffusion.inference.utils][INFO] - Sampled motif RMSD: 0.44
[2026-04-24 10:57:28,635][rfdiffusion.inference.model_runners][INFO] - Timestep 35, input to next step: -----------------------------------------GGGGGGGGGGGGGGGGGGGGGGGGGGGGGG--------------------------
[2026-04-24 10:57:33,767][rfdiffusion.inference.utils][INFO] - Sampled motif RMSD: 0.42
[2026-04-24 10:57:34,184][rfdiffusion.inference.model_runners][INFO] - Timestep 34, input to next step: -----------------------------------------GGGGGGGGGGGGGGGGGGGGGGGGGGGGGG--------------------------
[2026-04-24 10:57:39,932][rfdiffusion.inference.utils][INFO] - Sampled motif RMSD: 0.42
[2026-04-24 10:57:40,554][rfdiffusion.inference.model_runners][INFO] - Timestep 33, input to next step: -----------------------------------------GGGGGGGGGGGGGGGGGGGGGGGGGGGGGG--------------------------
[2026-04-24 10:57:44,407][rfdiffusion.inference.utils][INFO] - Sampled motif RMSD: 0.44
[2026-04-24 10:57:44,669][rfdiffusion.inference.model_runners][INFO] - Timestep 32, input to next step: -----------------------------------------GGGGGGGGGGGGGGGGGGGGGGGGGGGGGG--------------------------
[2026-04-24 10:57:49,842][rfdiffusion.inference.utils][INFO] - Sampled motif RMSD: 0.48
[2026-04-24 10:57:50,239][rfdiffusion.inference.model_runners][INFO] - Timestep 31, input to next step: -----------------------------------------GGGGGGGGGGGGGGGGGGGGGGGGGGGGGG--------------------------
[2026-04-24 10:57:56,118][rfdiffusion.inference.utils][INFO] - Sampled motif RMSD: 0.52
[2026-04-24 10:57:56,411][rfdiffusion.inference.model_runners][INFO] - Timestep 30, input to next step: -----------------------------------------GGGGGGGGGGGGGGGGGGGGGGGGGGGGGG--------------------------
[2026-04-24 10:58:00,289][rfdiffusion.inference.utils][INFO] - Sampled motif RMSD: 0.50
[2026-04-24 10:58:00,723][rfdiffusion.inference.model_runners][INFO] - Timestep 29, input to next step: -----------------------------------------GGGGGGGGGGGGGGGGGGGGGGGGGGGGGG--------------------------
[2026-04-24 10:58:07,338][rfdiffusion.inference.utils][INFO] - Sampled motif RMSD: 0.50
[2026-04-24 10:58:07,813][rfdiffusion.inference.model_runners][INFO] - Timestep 28, input to next step: -----------------------------------------GGGGGGGGGGGGGGGGGGGGGGGGGGGGGG--------------------------
[2026-04-24 10:58:12,968][rfdiffusion.inference.utils][INFO] - Sampled motif RMSD: 0.47
[2026-04-24 10:58:13,387][rfdiffusion.inference.model_runners][INFO] - Timestep 27, input to next step: -----------------------------------------GGGGGGGGGGGGGGGGGGGGGGGGGGGGGG--------------------------
[2026-04-24 10:58:18,171][rfdiffusion.inference.utils][INFO] - Sampled motif RMSD: 0.46
[2026-04-24 10:58:18,636][rfdiffusion.inference.model_runners][INFO] - Timestep 26, input to next step: -----------------------------------------GGGGGGGGGGGGGGGGGGGGGGGGGGGGGG--------------------------
[2026-04-24 10:58:21,690][rfdiffusion.inference.utils][INFO] - Sampled motif RMSD: 0.42
[2026-04-24 10:58:22,296][rfdiffusion.inference.model_runners][INFO] - Timestep 25, input to next step: -----------------------------------------GGGGGGGGGGGGGGGGGGGGGGGGGGGGGG--------------------------
[2026-04-24 10:58:28,429][rfdiffusion.inference.utils][INFO] - Sampled motif RMSD: 0.42
[2026-04-24 10:58:28,968][rfdiffusion.inference.model_runners][INFO] - Timestep 24, input to next step: -----------------------------------------GGGGGGGGGGGGGGGGGGGGGGGGGGGGGG--------------------------
[2026-04-24 10:58:34,301][rfdiffusion.inference.utils][INFO] - Sampled motif RMSD: 0.36
[2026-04-24 10:58:34,797][rfdiffusion.inference.model_runners][INFO] - Timestep 23, input to next step: -----------------------------------------GGGGGGGGGGGGGGGGGGGGGGGGGGGGGG--------------------------
[2026-04-24 10:58:40,049][rfdiffusion.inference.utils][INFO] - Sampled motif RMSD: 0.40
[2026-04-24 10:58:40,367][rfdiffusion.inference.model_runners][INFO] - Timestep 22, input to next step: -----------------------------------------GGGGGGGGGGGGGGGGGGGGGGGGGGGGGG--------------------------
[2026-04-24 10:58:44,182][rfdiffusion.inference.utils][INFO] - Sampled motif RMSD: 0.42
[2026-04-24 10:58:44,746][rfdiffusion.inference.model_runners][INFO] - Timestep 21, input to next step: -----------------------------------------GGGGGGGGGGGGGGGGGGGGGGGGGGGGGG--------------------------
[2026-04-24 10:58:50,104][rfdiffusion.inference.utils][INFO] - Sampled motif RMSD: 0.42
[2026-04-24 10:58:50,525][rfdiffusion.inference.model_runners][INFO] - Timestep 20, input to next step: -----------------------------------------GGGGGGGGGGGGGGGGGGGGGGGGGGGGGG--------------------------
[2026-04-24 10:58:55,281][rfdiffusion.inference.utils][INFO] - Sampled motif RMSD: 0.41
[2026-04-24 10:58:55,604][rfdiffusion.inference.model_runners][INFO] - Timestep 19, input to next step: -----------------------------------------GGGGGGGGGGGGGGGGGGGGGGGGGGGGGG--------------------------
[2026-04-24 10:59:01,602][rfdiffusion.inference.utils][INFO] - Sampled motif RMSD: 0.41
[2026-04-24 10:59:01,781][rfdiffusion.inference.model_runners][INFO] - Timestep 18, input to next step: -----------------------------------------GGGGGGGGGGGGGGGGGGGGGGGGGGGGGG--------------------------
[2026-04-24 10:59:05,750][rfdiffusion.inference.utils][INFO] - Sampled motif RMSD: 0.43
[2026-04-24 10:59:06,049][rfdiffusion.inference.model_runners][INFO] - Timestep 17, input to next step: -----------------------------------------GGGGGGGGGGGGGGGGGGGGGGGGGGGGGG--------------------------
[2026-04-24 10:59:12,004][rfdiffusion.inference.utils][INFO] - Sampled motif RMSD: 0.37
[2026-04-24 10:59:12,493][rfdiffusion.inference.model_runners][INFO] - Timestep 16, input to next step: -----------------------------------------GGGGGGGGGGGGGGGGGGGGGGGGGGGGGG--------------------------
[2026-04-24 10:59:17,373][rfdiffusion.inference.utils][INFO] - Sampled motif RMSD: 0.36
[2026-04-24 10:59:18,021][rfdiffusion.inference.model_runners][INFO] - Timestep 15, input to next step: -----------------------------------------GGGGGGGGGGGGGGGGGGGGGGGGGGGGGG--------------------------
[2026-04-24 10:59:23,637][rfdiffusion.inference.utils][INFO] - Sampled motif RMSD: 0.37
[2026-04-24 10:59:23,986][rfdiffusion.inference.model_runners][INFO] - Timestep 14, input to next step: -----------------------------------------GGGGGGGGGGGGGGGGGGGGGGGGGGGGGG--------------------------
[2026-04-24 10:59:29,470][rfdiffusion.inference.utils][INFO] - Sampled motif RMSD: 0.35
[2026-04-24 10:59:29,772][rfdiffusion.inference.model_runners][INFO] - Timestep 13, input to next step: -----------------------------------------GGGGGGGGGGGGGGGGGGGGGGGGGGGGGG--------------------------
[2026-04-24 10:59:34,097][rfdiffusion.inference.utils][INFO] - Sampled motif RMSD: 0.35
[2026-04-24 10:59:34,298][rfdiffusion.inference.model_runners][INFO] - Timestep 12, input to next step: -----------------------------------------GGGGGGGGGGGGGGGGGGGGGGGGGGGGGG--------------------------
[2026-04-24 10:59:39,162][rfdiffusion.inference.utils][INFO] - Sampled motif RMSD: 0.36
[2026-04-24 10:59:39,403][rfdiffusion.inference.model_runners][INFO] - Timestep 11, input to next step: -----------------------------------------GGGGGGGGGGGGGGGGGGGGGGGGGGGGGG--------------------------
[2026-04-24 10:59:43,335][rfdiffusion.inference.utils][INFO] - Sampled motif RMSD: 0.39
[2026-04-24 10:59:43,613][rfdiffusion.inference.model_runners][INFO] - Timestep 10, input to next step: -----------------------------------------GGGGGGGGGGGGGGGGGGGGGGGGGGGGGG--------------------------
[2026-04-24 10:59:48,419][rfdiffusion.inference.utils][INFO] - Sampled motif RMSD: 0.39
[2026-04-24 10:59:48,783][rfdiffusion.inference.model_runners][INFO] - Timestep 9, input to next step: -----------------------------------------GGGGGGGGGGGGGGGGGGGGGGGGGGGGGG--------------------------
[2026-04-24 10:59:52,599][rfdiffusion.inference.utils][INFO] - Sampled motif RMSD: 0.38
[2026-04-24 10:59:52,864][rfdiffusion.inference.model_runners][INFO] - Timestep 8, input to next step: -----------------------------------------GGGGGGGGGGGGGGGGGGGGGGGGGGGGGG--------------------------
[2026-04-24 10:59:57,923][rfdiffusion.inference.utils][INFO] - Sampled motif RMSD: 0.38
[2026-04-24 10:59:58,327][rfdiffusion.inference.model_runners][INFO] - Timestep 7, input to next step: -----------------------------------------GGGGGGGGGGGGGGGGGGGGGGGGGGGGGG--------------------------
[2026-04-24 11:00:02,451][rfdiffusion.inference.utils][INFO] - Sampled motif RMSD: 0.39
[2026-04-24 11:00:02,744][rfdiffusion.inference.model_runners][INFO] - Timestep 6, input to next step: -----------------------------------------GGGGGGGGGGGGGGGGGGGGGGGGGGGGGG--------------------------
[2026-04-24 11:00:06,367][rfdiffusion.inference.utils][INFO] - Sampled motif RMSD: 0.38
[2026-04-24 11:00:06,642][rfdiffusion.inference.model_runners][INFO] - Timestep 5, input to next step: -----------------------------------------GGGGGGGGGGGGGGGGGGGGGGGGGGGGGG--------------------------
[2026-04-24 11:00:10,394][rfdiffusion.inference.utils][INFO] - Sampled motif RMSD: 0.37
[2026-04-24 11:00:10,736][rfdiffusion.inference.model_runners][INFO] - Timestep 4, input to next step: -----------------------------------------GGGGGGGGGGGGGGGGGGGGGGGGGGGGGG--------------------------
[2026-04-24 11:00:12,655][rfdiffusion.inference.utils][INFO] - Sampled motif RMSD: 0.32
[2026-04-24 11:00:12,928][rfdiffusion.inference.model_runners][INFO] - Timestep 3, input to next step: -----------------------------------------GGGGGGGGGGGGGGGGGGGGGGGGGGGGGG--------------------------
[2026-04-24 11:00:15,568][rfdiffusion.inference.utils][INFO] - Sampled motif RMSD: 0.33
[2026-04-24 11:00:15,769][rfdiffusion.inference.model_runners][INFO] - Timestep 2, input to next step: -----------------------------------------GGGGGGGGGGGGGGGGGGGGGGGGGGGGGG--------------------------
[2026-04-24 11:00:20,796][__main__][INFO] - Finished design in 4.48 minutes
