[2026-04-24 07:24:32,266][__main__][INFO] - Found GPU with device_name NVIDIA A100-SXM4-80GB. Will run RFdiffusion on NVIDIA A100-SXM4-80GB
Reading models from /lambda/nfs/manvi/Team_8_CS598GBL/RFdiffusion/rfdiffusion/inference/../../models
[2026-04-24 07:24:32,274][rfdiffusion.inference.model_runners][INFO] - Reading checkpoint from /lambda/nfs/manvi/Team_8_CS598GBL/RFdiffusion/rfdiffusion/inference/../../models/Base_ckpt.pt
This is inf_conf.ckpt_path
/lambda/nfs/manvi/Team_8_CS598GBL/RFdiffusion/rfdiffusion/inference/../../models/Base_ckpt.pt
Assembling -model, -diffuser and -preprocess configs from checkpoint
USING MODEL CONFIG: self._conf[model][n_extra_block] = 4
USING MODEL CONFIG: self._conf[model][n_main_block] = 32
USING MODEL CONFIG: self._conf[model][n_ref_block] = 4
USING MODEL CONFIG: self._conf[model][d_msa] = 256
USING MODEL CONFIG: self._conf[model][d_msa_full] = 64
USING MODEL CONFIG: self._conf[model][d_pair] = 128
USING MODEL CONFIG: self._conf[model][d_templ] = 64
USING MODEL CONFIG: self._conf[model][n_head_msa] = 8
USING MODEL CONFIG: self._conf[model][n_head_pair] = 4
USING MODEL CONFIG: self._conf[model][n_head_templ] = 4
USING MODEL CONFIG: self._conf[model][d_hidden] = 32
USING MODEL CONFIG: self._conf[model][d_hidden_templ] = 32
USING MODEL CONFIG: self._conf[model][p_drop] = 0.15
USING MODEL CONFIG: self._conf[model][SE3_param_full] = {'num_layers': 1, 'num_channels': 32, 'num_degrees': 2, 'n_heads': 4, 'div': 4, 'l0_in_features': 8, 'l0_out_features': 8, 'l1_in_features': 3, 'l1_out_features': 2, 'num_edge_features': 32}
USING MODEL CONFIG: self._conf[model][SE3_param_topk] = {'num_layers': 1, 'num_channels': 32, 'num_degrees': 2, 'n_heads': 4, 'div': 4, 'l0_in_features': 64, 'l0_out_features': 64, 'l1_in_features': 3, 'l1_out_features': 2, 'num_edge_features': 64}
USING MODEL CONFIG: self._conf[model][freeze_track_motif] = False
USING MODEL CONFIG: self._conf[model][use_motif_timestep] = True
USING MODEL CONFIG: self._conf[diffuser][T] = 50
USING MODEL CONFIG: self._conf[diffuser][b_0] = 0.01
USING MODEL CONFIG: self._conf[diffuser][b_T] = 0.07
USING MODEL CONFIG: self._conf[diffuser][schedule_type] = linear
USING MODEL CONFIG: self._conf[diffuser][so3_type] = igso3
USING MODEL CONFIG: self._conf[diffuser][crd_scale] = 0.25
USING MODEL CONFIG: self._conf[diffuser][so3_schedule_type] = linear
USING MODEL CONFIG: self._conf[diffuser][min_b] = 1.5
USING MODEL CONFIG: self._conf[diffuser][max_b] = 2.5
USING MODEL CONFIG: self._conf[diffuser][min_sigma] = 0.02
USING MODEL CONFIG: self._conf[diffuser][max_sigma] = 1.5
USING MODEL CONFIG: self._conf[preprocess][sidechain_input] = False
USING MODEL CONFIG: self._conf[preprocess][motif_sidechain_input] = True
USING MODEL CONFIG: self._conf[preprocess][d_t1d] = 22
USING MODEL CONFIG: self._conf[preprocess][d_t2d] = 44
USING MODEL CONFIG: self._conf[preprocess][prob_self_cond] = 0.5
USING MODEL CONFIG: self._conf[preprocess][str_self_cond] = True
USING MODEL CONFIG: self._conf[preprocess][predict_previous] = False
[2026-04-24 07:25:38,018][rfdiffusion.inference.model_runners][INFO] - Loading checkpoint.
[2026-04-24 07:25:56,470][rfdiffusion.diffusion][INFO] - Using cached IGSO3.
Successful diffuser __init__
[2026-04-24 07:25:56,601][__main__][INFO] - Making design /lambda/nfs/manvi/Team_8_CS598GBL/outputs/custom90_128_motif_scaffolding/default/len_118/balanced/scaffold_0
[2026-04-24 07:25:56,642][rfdiffusion.inference.model_runners][INFO] - Using contig: ['23-39/A25-53/23-39']
With this beta schedule (linear schedule, beta_0 = 0.04, beta_T = 0.28), alpha_bar_T = 0.00013696048699785024
[2026-04-24 07:25:57,423][rfdiffusion.inference.model_runners][INFO] - Sequence init: ------------------------------GGGGGGGGGGGGGGGGGGGGGGGGGGGGG-----------------------------
[2026-04-24 07:26:07,433][rfdiffusion.inference.utils][INFO] - Sampled motif RMSD: 0.13
[2026-04-24 07:26:07,705][rfdiffusion.inference.model_runners][INFO] - Timestep 50, input to next step: ------------------------------GGGGGGGGGGGGGGGGGGGGGGGGGGGGG-----------------------------
[2026-04-24 07:26:14,959][rfdiffusion.inference.utils][INFO] - Sampled motif RMSD: 0.13
[2026-04-24 07:26:15,318][rfdiffusion.inference.model_runners][INFO] - Timestep 49, input to next step: ------------------------------GGGGGGGGGGGGGGGGGGGGGGGGGGGGG-----------------------------
[2026-04-24 07:26:21,475][rfdiffusion.inference.utils][INFO] - Sampled motif RMSD: 0.17
[2026-04-24 07:26:21,777][rfdiffusion.inference.model_runners][INFO] - Timestep 48, input to next step: ------------------------------GGGGGGGGGGGGGGGGGGGGGGGGGGGGG-----------------------------
[2026-04-24 07:26:26,749][rfdiffusion.inference.utils][INFO] - Sampled motif RMSD: 0.17
[2026-04-24 07:26:26,985][rfdiffusion.inference.model_runners][INFO] - Timestep 47, input to next step: ------------------------------GGGGGGGGGGGGGGGGGGGGGGGGGGGGG-----------------------------
[2026-04-24 07:26:32,763][rfdiffusion.inference.utils][INFO] - Sampled motif RMSD: 0.20
[2026-04-24 07:26:32,902][rfdiffusion.inference.model_runners][INFO] - Timestep 46, input to next step: ------------------------------GGGGGGGGGGGGGGGGGGGGGGGGGGGGG-----------------------------
[2026-04-24 07:26:41,020][rfdiffusion.inference.utils][INFO] - Sampled motif RMSD: 0.20
[2026-04-24 07:26:41,204][rfdiffusion.inference.model_runners][INFO] - Timestep 45, input to next step: ------------------------------GGGGGGGGGGGGGGGGGGGGGGGGGGGGG-----------------------------
[2026-04-24 07:26:47,327][rfdiffusion.inference.utils][INFO] - Sampled motif RMSD: 0.20
[2026-04-24 07:26:47,694][rfdiffusion.inference.model_runners][INFO] - Timestep 44, input to next step: ------------------------------GGGGGGGGGGGGGGGGGGGGGGGGGGGGG-----------------------------
[2026-04-24 07:26:53,191][rfdiffusion.inference.utils][INFO] - Sampled motif RMSD: 0.24
[2026-04-24 07:26:53,595][rfdiffusion.inference.model_runners][INFO] - Timestep 43, input to next step: ------------------------------GGGGGGGGGGGGGGGGGGGGGGGGGGGGG-----------------------------
[2026-04-24 07:26:59,521][rfdiffusion.inference.utils][INFO] - Sampled motif RMSD: 0.23
[2026-04-24 07:26:59,880][rfdiffusion.inference.model_runners][INFO] - Timestep 42, input to next step: ------------------------------GGGGGGGGGGGGGGGGGGGGGGGGGGGGG-----------------------------
[2026-04-24 07:27:03,902][rfdiffusion.inference.utils][INFO] - Sampled motif RMSD: 0.18
[2026-04-24 07:27:04,143][rfdiffusion.inference.model_runners][INFO] - Timestep 41, input to next step: ------------------------------GGGGGGGGGGGGGGGGGGGGGGGGGGGGG-----------------------------
[2026-04-24 07:27:09,096][rfdiffusion.inference.utils][INFO] - Sampled motif RMSD: 0.16
[2026-04-24 07:27:09,477][rfdiffusion.inference.model_runners][INFO] - Timestep 40, input to next step: ------------------------------GGGGGGGGGGGGGGGGGGGGGGGGGGGGG-----------------------------
[2026-04-24 07:27:14,511][rfdiffusion.inference.utils][INFO] - Sampled motif RMSD: 0.16
[2026-04-24 07:27:14,926][rfdiffusion.inference.model_runners][INFO] - Timestep 39, input to next step: ------------------------------GGGGGGGGGGGGGGGGGGGGGGGGGGGGG-----------------------------
[2026-04-24 07:27:19,480][rfdiffusion.inference.utils][INFO] - Sampled motif RMSD: 0.16
[2026-04-24 07:27:19,846][rfdiffusion.inference.model_runners][INFO] - Timestep 38, input to next step: ------------------------------GGGGGGGGGGGGGGGGGGGGGGGGGGGGG-----------------------------
[2026-04-24 07:27:22,625][rfdiffusion.inference.utils][INFO] - Sampled motif RMSD: 0.14
[2026-04-24 07:27:22,970][rfdiffusion.inference.model_runners][INFO] - Timestep 37, input to next step: ------------------------------GGGGGGGGGGGGGGGGGGGGGGGGGGGGG-----------------------------
[2026-04-24 07:27:27,046][rfdiffusion.inference.utils][INFO] - Sampled motif RMSD: 0.14
[2026-04-24 07:27:27,536][rfdiffusion.inference.model_runners][INFO] - Timestep 36, input to next step: ------------------------------GGGGGGGGGGGGGGGGGGGGGGGGGGGGG-----------------------------
[2026-04-24 07:27:31,020][rfdiffusion.inference.utils][INFO] - Sampled motif RMSD: 0.16
[2026-04-24 07:27:31,273][rfdiffusion.inference.model_runners][INFO] - Timestep 35, input to next step: ------------------------------GGGGGGGGGGGGGGGGGGGGGGGGGGGGG-----------------------------
[2026-04-24 07:27:35,488][rfdiffusion.inference.utils][INFO] - Sampled motif RMSD: 0.17
[2026-04-24 07:27:35,680][rfdiffusion.inference.model_runners][INFO] - Timestep 34, input to next step: ------------------------------GGGGGGGGGGGGGGGGGGGGGGGGGGGGG-----------------------------
[2026-04-24 07:27:39,140][rfdiffusion.inference.utils][INFO] - Sampled motif RMSD: 0.17
[2026-04-24 07:27:39,385][rfdiffusion.inference.model_runners][INFO] - Timestep 33, input to next step: ------------------------------GGGGGGGGGGGGGGGGGGGGGGGGGGGGG-----------------------------
[2026-04-24 07:27:43,814][rfdiffusion.inference.utils][INFO] - Sampled motif RMSD: 0.14
[2026-04-24 07:27:44,117][rfdiffusion.inference.model_runners][INFO] - Timestep 32, input to next step: ------------------------------GGGGGGGGGGGGGGGGGGGGGGGGGGGGG-----------------------------
[2026-04-24 07:27:48,837][rfdiffusion.inference.utils][INFO] - Sampled motif RMSD: 0.13
[2026-04-24 07:27:49,010][rfdiffusion.inference.model_runners][INFO] - Timestep 31, input to next step: ------------------------------GGGGGGGGGGGGGGGGGGGGGGGGGGGGG-----------------------------
[2026-04-24 07:27:51,600][rfdiffusion.inference.utils][INFO] - Sampled motif RMSD: 0.14
[2026-04-24 07:27:52,033][rfdiffusion.inference.model_runners][INFO] - Timestep 30, input to next step: ------------------------------GGGGGGGGGGGGGGGGGGGGGGGGGGGGG-----------------------------
[2026-04-24 07:27:56,089][rfdiffusion.inference.utils][INFO] - Sampled motif RMSD: 0.14
[2026-04-24 07:27:56,433][rfdiffusion.inference.model_runners][INFO] - Timestep 29, input to next step: ------------------------------GGGGGGGGGGGGGGGGGGGGGGGGGGGGG-----------------------------
[2026-04-24 07:28:00,967][rfdiffusion.inference.utils][INFO] - Sampled motif RMSD: 0.14
[2026-04-24 07:28:01,281][rfdiffusion.inference.model_runners][INFO] - Timestep 28, input to next step: ------------------------------GGGGGGGGGGGGGGGGGGGGGGGGGGGGG-----------------------------
[2026-04-24 07:28:04,665][rfdiffusion.inference.utils][INFO] - Sampled motif RMSD: 0.14
[2026-04-24 07:28:04,953][rfdiffusion.inference.model_runners][INFO] - Timestep 27, input to next step: ------------------------------GGGGGGGGGGGGGGGGGGGGGGGGGGGGG-----------------------------
[2026-04-24 07:28:09,038][rfdiffusion.inference.utils][INFO] - Sampled motif RMSD: 0.14
[2026-04-24 07:28:09,211][rfdiffusion.inference.model_runners][INFO] - Timestep 26, input to next step: ------------------------------GGGGGGGGGGGGGGGGGGGGGGGGGGGGG-----------------------------
[2026-04-24 07:28:12,987][rfdiffusion.inference.utils][INFO] - Sampled motif RMSD: 0.15
[2026-04-24 07:28:13,215][rfdiffusion.inference.model_runners][INFO] - Timestep 25, input to next step: ------------------------------GGGGGGGGGGGGGGGGGGGGGGGGGGGGG-----------------------------
[2026-04-24 07:28:17,035][rfdiffusion.inference.utils][INFO] - Sampled motif RMSD: 0.15
[2026-04-24 07:28:17,260][rfdiffusion.inference.model_runners][INFO] - Timestep 24, input to next step: ------------------------------GGGGGGGGGGGGGGGGGGGGGGGGGGGGG-----------------------------
[2026-04-24 07:28:22,367][rfdiffusion.inference.utils][INFO] - Sampled motif RMSD: 0.15
[2026-04-24 07:28:22,674][rfdiffusion.inference.model_runners][INFO] - Timestep 23, input to next step: ------------------------------GGGGGGGGGGGGGGGGGGGGGGGGGGGGG-----------------------------
[2026-04-24 07:28:27,101][rfdiffusion.inference.utils][INFO] - Sampled motif RMSD: 0.16
[2026-04-24 07:28:27,190][rfdiffusion.inference.model_runners][INFO] - Timestep 22, input to next step: ------------------------------GGGGGGGGGGGGGGGGGGGGGGGGGGGGG-----------------------------
[2026-04-24 07:28:31,836][rfdiffusion.inference.utils][INFO] - Sampled motif RMSD: 0.15
[2026-04-24 07:28:32,158][rfdiffusion.inference.model_runners][INFO] - Timestep 21, input to next step: ------------------------------GGGGGGGGGGGGGGGGGGGGGGGGGGGGG-----------------------------
[2026-04-24 07:28:36,213][rfdiffusion.inference.utils][INFO] - Sampled motif RMSD: 0.15
[2026-04-24 07:28:36,664][rfdiffusion.inference.model_runners][INFO] - Timestep 20, input to next step: ------------------------------GGGGGGGGGGGGGGGGGGGGGGGGGGGGG-----------------------------
[2026-04-24 07:28:41,159][rfdiffusion.inference.utils][INFO] - Sampled motif RMSD: 0.17
[2026-04-24 07:28:41,482][rfdiffusion.inference.model_runners][INFO] - Timestep 19, input to next step: ------------------------------GGGGGGGGGGGGGGGGGGGGGGGGGGGGG-----------------------------
[2026-04-24 07:28:44,932][rfdiffusion.inference.utils][INFO] - Sampled motif RMSD: 0.18
[2026-04-24 07:28:45,250][rfdiffusion.inference.model_runners][INFO] - Timestep 18, input to next step: ------------------------------GGGGGGGGGGGGGGGGGGGGGGGGGGGGG-----------------------------
[2026-04-24 07:28:50,528][rfdiffusion.inference.utils][INFO] - Sampled motif RMSD: 0.18
[2026-04-24 07:28:50,843][rfdiffusion.inference.model_runners][INFO] - Timestep 17, input to next step: ------------------------------GGGGGGGGGGGGGGGGGGGGGGGGGGGGG-----------------------------
[2026-04-24 07:28:54,879][rfdiffusion.inference.utils][INFO] - Sampled motif RMSD: 0.17
[2026-04-24 07:28:55,230][rfdiffusion.inference.model_runners][INFO] - Timestep 16, input to next step: ------------------------------GGGGGGGGGGGGGGGGGGGGGGGGGGGGG-----------------------------
[2026-04-24 07:28:58,820][rfdiffusion.inference.utils][INFO] - Sampled motif RMSD: 0.16
[2026-04-24 07:28:58,913][rfdiffusion.inference.model_runners][INFO] - Timestep 15, input to next step: ------------------------------GGGGGGGGGGGGGGGGGGGGGGGGGGGGG-----------------------------
[2026-04-24 07:29:02,420][rfdiffusion.inference.utils][INFO] - Sampled motif RMSD: 0.16
[2026-04-24 07:29:02,743][rfdiffusion.inference.model_runners][INFO] - Timestep 14, input to next step: ------------------------------GGGGGGGGGGGGGGGGGGGGGGGGGGGGG-----------------------------
[2026-04-24 07:29:06,764][rfdiffusion.inference.utils][INFO] - Sampled motif RMSD: 0.15
[2026-04-24 07:29:07,109][rfdiffusion.inference.model_runners][INFO] - Timestep 13, input to next step: ------------------------------GGGGGGGGGGGGGGGGGGGGGGGGGGGGG-----------------------------
[2026-04-24 07:29:11,073][rfdiffusion.inference.utils][INFO] - Sampled motif RMSD: 0.15
[2026-04-24 07:29:11,388][rfdiffusion.inference.model_runners][INFO] - Timestep 12, input to next step: ------------------------------GGGGGGGGGGGGGGGGGGGGGGGGGGGGG-----------------------------
[2026-04-24 07:29:15,087][rfdiffusion.inference.utils][INFO] - Sampled motif RMSD: 0.16
[2026-04-24 07:29:15,347][rfdiffusion.inference.model_runners][INFO] - Timestep 11, input to next step: ------------------------------GGGGGGGGGGGGGGGGGGGGGGGGGGGGG-----------------------------
[2026-04-24 07:29:18,943][rfdiffusion.inference.utils][INFO] - Sampled motif RMSD: 0.16
[2026-04-24 07:29:19,178][rfdiffusion.inference.model_runners][INFO] - Timestep 10, input to next step: ------------------------------GGGGGGGGGGGGGGGGGGGGGGGGGGGGG-----------------------------
[2026-04-24 07:29:23,579][rfdiffusion.inference.utils][INFO] - Sampled motif RMSD: 0.17
[2026-04-24 07:29:23,790][rfdiffusion.inference.model_runners][INFO] - Timestep 9, input to next step: ------------------------------GGGGGGGGGGGGGGGGGGGGGGGGGGGGG-----------------------------
[2026-04-24 07:29:27,106][rfdiffusion.inference.utils][INFO] - Sampled motif RMSD: 0.16
[2026-04-24 07:29:27,437][rfdiffusion.inference.model_runners][INFO] - Timestep 8, input to next step: ------------------------------GGGGGGGGGGGGGGGGGGGGGGGGGGGGG-----------------------------
[2026-04-24 07:29:30,351][rfdiffusion.inference.utils][INFO] - Sampled motif RMSD: 0.15
[2026-04-24 07:29:30,513][rfdiffusion.inference.model_runners][INFO] - Timestep 7, input to next step: ------------------------------GGGGGGGGGGGGGGGGGGGGGGGGGGGGG-----------------------------
[2026-04-24 07:29:33,760][rfdiffusion.inference.utils][INFO] - Sampled motif RMSD: 0.15
[2026-04-24 07:29:33,948][rfdiffusion.inference.model_runners][INFO] - Timestep 6, input to next step: ------------------------------GGGGGGGGGGGGGGGGGGGGGGGGGGGGG-----------------------------
[2026-04-24 07:29:35,997][rfdiffusion.inference.utils][INFO] - Sampled motif RMSD: 0.15
[2026-04-24 07:29:36,254][rfdiffusion.inference.model_runners][INFO] - Timestep 5, input to next step: ------------------------------GGGGGGGGGGGGGGGGGGGGGGGGGGGGG-----------------------------
[2026-04-24 07:29:39,031][rfdiffusion.inference.utils][INFO] - Sampled motif RMSD: 0.16
[2026-04-24 07:29:39,133][rfdiffusion.inference.model_runners][INFO] - Timestep 4, input to next step: ------------------------------GGGGGGGGGGGGGGGGGGGGGGGGGGGGG-----------------------------
[2026-04-24 07:29:42,290][rfdiffusion.inference.utils][INFO] - Sampled motif RMSD: 0.15
[2026-04-24 07:29:42,503][rfdiffusion.inference.model_runners][INFO] - Timestep 3, input to next step: ------------------------------GGGGGGGGGGGGGGGGGGGGGGGGGGGGG-----------------------------
[2026-04-24 07:29:45,614][rfdiffusion.inference.utils][INFO] - Sampled motif RMSD: 0.15
[2026-04-24 07:29:45,949][rfdiffusion.inference.model_runners][INFO] - Timestep 2, input to next step: ------------------------------GGGGGGGGGGGGGGGGGGGGGGGGGGGGG-----------------------------
[2026-04-24 07:29:51,879][__main__][INFO] - Finished design in 3.92 minutes
[2026-04-24 07:29:51,879][__main__][INFO] - Making design /lambda/nfs/manvi/Team_8_CS598GBL/outputs/custom90_128_motif_scaffolding/default/len_118/balanced/scaffold_1
[2026-04-24 07:29:51,900][rfdiffusion.inference.model_runners][INFO] - Using contig: ['23-39/A25-53/23-39']
With this beta schedule (linear schedule, beta_0 = 0.04, beta_T = 0.28), alpha_bar_T = 0.00013696048699785024
[2026-04-24 07:29:52,327][rfdiffusion.inference.model_runners][INFO] - Sequence init: ---------------------------------------GGGGGGGGGGGGGGGGGGGGGGGGGGGGG-------------------------
[2026-04-24 07:29:56,098][rfdiffusion.inference.utils][INFO] - Sampled motif RMSD: 0.16
[2026-04-24 07:29:56,376][rfdiffusion.inference.model_runners][INFO] - Timestep 50, input to next step: ---------------------------------------GGGGGGGGGGGGGGGGGGGGGGGGGGGGG-------------------------
[2026-04-24 07:30:00,059][rfdiffusion.inference.utils][INFO] - Sampled motif RMSD: 0.17
[2026-04-24 07:30:00,303][rfdiffusion.inference.model_runners][INFO] - Timestep 49, input to next step: ---------------------------------------GGGGGGGGGGGGGGGGGGGGGGGGGGGGG-------------------------
[2026-04-24 07:30:04,163][rfdiffusion.inference.utils][INFO] - Sampled motif RMSD: 0.16
[2026-04-24 07:30:04,369][rfdiffusion.inference.model_runners][INFO] - Timestep 48, input to next step: ---------------------------------------GGGGGGGGGGGGGGGGGGGGGGGGGGGGG-------------------------
[2026-04-24 07:30:07,415][rfdiffusion.inference.utils][INFO] - Sampled motif RMSD: 0.17
[2026-04-24 07:30:07,712][rfdiffusion.inference.model_runners][INFO] - Timestep 47, input to next step: ---------------------------------------GGGGGGGGGGGGGGGGGGGGGGGGGGGGG-------------------------
[2026-04-24 07:30:11,367][rfdiffusion.inference.utils][INFO] - Sampled motif RMSD: 0.13
[2026-04-24 07:30:11,703][rfdiffusion.inference.model_runners][INFO] - Timestep 46, input to next step: ---------------------------------------GGGGGGGGGGGGGGGGGGGGGGGGGGGGG-------------------------
[2026-04-24 07:30:14,834][rfdiffusion.inference.utils][INFO] - Sampled motif RMSD: 0.16
[2026-04-24 07:30:15,000][rfdiffusion.inference.model_runners][INFO] - Timestep 45, input to next step: ---------------------------------------GGGGGGGGGGGGGGGGGGGGGGGGGGGGG-------------------------
[2026-04-24 07:30:18,393][rfdiffusion.inference.utils][INFO] - Sampled motif RMSD: 0.15
[2026-04-24 07:30:18,461][rfdiffusion.inference.model_runners][INFO] - Timestep 44, input to next step: ---------------------------------------GGGGGGGGGGGGGGGGGGGGGGGGGGGGG-------------------------
[2026-04-24 07:30:22,157][rfdiffusion.inference.utils][INFO] - Sampled motif RMSD: 0.16
[2026-04-24 07:30:22,320][rfdiffusion.inference.model_runners][INFO] - Timestep 43, input to next step: ---------------------------------------GGGGGGGGGGGGGGGGGGGGGGGGGGGGG-------------------------
[2026-04-24 07:30:26,429][rfdiffusion.inference.utils][INFO] - Sampled motif RMSD: 0.16
[2026-04-24 07:30:26,607][rfdiffusion.inference.model_runners][INFO] - Timestep 42, input to next step: ---------------------------------------GGGGGGGGGGGGGGGGGGGGGGGGGGGGG-------------------------
[2026-04-24 07:30:30,036][rfdiffusion.inference.utils][INFO] - Sampled motif RMSD: 0.15
[2026-04-24 07:30:30,258][rfdiffusion.inference.model_runners][INFO] - Timestep 41, input to next step: ---------------------------------------GGGGGGGGGGGGGGGGGGGGGGGGGGGGG-------------------------
[2026-04-24 07:30:33,885][rfdiffusion.inference.utils][INFO] - Sampled motif RMSD: 0.13
[2026-04-24 07:30:34,124][rfdiffusion.inference.model_runners][INFO] - Timestep 40, input to next step: ---------------------------------------GGGGGGGGGGGGGGGGGGGGGGGGGGGGG-------------------------
[2026-04-24 07:30:38,296][rfdiffusion.inference.utils][INFO] - Sampled motif RMSD: 0.13
[2026-04-24 07:30:38,428][rfdiffusion.inference.model_runners][INFO] - Timestep 39, input to next step: ---------------------------------------GGGGGGGGGGGGGGGGGGGGGGGGGGGGG-------------------------
[2026-04-24 07:30:42,122][rfdiffusion.inference.utils][INFO] - Sampled motif RMSD: 0.13
[2026-04-24 07:30:42,331][rfdiffusion.inference.model_runners][INFO] - Timestep 38, input to next step: ---------------------------------------GGGGGGGGGGGGGGGGGGGGGGGGGGGGG-------------------------
[2026-04-24 07:30:46,399][rfdiffusion.inference.utils][INFO] - Sampled motif RMSD: 0.13
[2026-04-24 07:30:46,507][rfdiffusion.inference.model_runners][INFO] - Timestep 37, input to next step: ---------------------------------------GGGGGGGGGGGGGGGGGGGGGGGGGGGGG-------------------------
[2026-04-24 07:30:50,181][rfdiffusion.inference.utils][INFO] - Sampled motif RMSD: 0.14
[2026-04-24 07:30:50,367][rfdiffusion.inference.model_runners][INFO] - Timestep 36, input to next step: ---------------------------------------GGGGGGGGGGGGGGGGGGGGGGGGGGGGG-------------------------
[2026-04-24 07:30:53,675][rfdiffusion.inference.utils][INFO] - Sampled motif RMSD: 0.14
[2026-04-24 07:30:53,871][rfdiffusion.inference.model_runners][INFO] - Timestep 35, input to next step: ---------------------------------------GGGGGGGGGGGGGGGGGGGGGGGGGGGGG-------------------------
[2026-04-24 07:30:57,044][rfdiffusion.inference.utils][INFO] - Sampled motif RMSD: 0.15
[2026-04-24 07:30:57,253][rfdiffusion.inference.model_runners][INFO] - Timestep 34, input to next step: ---------------------------------------GGGGGGGGGGGGGGGGGGGGGGGGGGGGG-------------------------
[2026-04-24 07:31:00,261][rfdiffusion.inference.utils][INFO] - Sampled motif RMSD: 0.15
[2026-04-24 07:31:00,546][rfdiffusion.inference.model_runners][INFO] - Timestep 33, input to next step: ---------------------------------------GGGGGGGGGGGGGGGGGGGGGGGGGGGGG-------------------------
[2026-04-24 07:31:04,738][rfdiffusion.inference.utils][INFO] - Sampled motif RMSD: 0.16
[2026-04-24 07:31:05,060][rfdiffusion.inference.model_runners][INFO] - Timestep 32, input to next step: ---------------------------------------GGGGGGGGGGGGGGGGGGGGGGGGGGGGG-------------------------
[2026-04-24 07:31:08,047][rfdiffusion.inference.utils][INFO] - Sampled motif RMSD: 0.16
[2026-04-24 07:31:08,369][rfdiffusion.inference.model_runners][INFO] - Timestep 31, input to next step: ---------------------------------------GGGGGGGGGGGGGGGGGGGGGGGGGGGGG-------------------------
[2026-04-24 07:31:11,910][rfdiffusion.inference.utils][INFO] - Sampled motif RMSD: 0.15
[2026-04-24 07:31:12,144][rfdiffusion.inference.model_runners][INFO] - Timestep 30, input to next step: ---------------------------------------GGGGGGGGGGGGGGGGGGGGGGGGGGGGG-------------------------
[2026-04-24 07:31:15,871][rfdiffusion.inference.utils][INFO] - Sampled motif RMSD: 0.17
[2026-04-24 07:31:16,206][rfdiffusion.inference.model_runners][INFO] - Timestep 29, input to next step: ---------------------------------------GGGGGGGGGGGGGGGGGGGGGGGGGGGGG-------------------------
[2026-04-24 07:31:21,057][rfdiffusion.inference.utils][INFO] - Sampled motif RMSD: 0.17
[2026-04-24 07:31:21,379][rfdiffusion.inference.model_runners][INFO] - Timestep 28, input to next step: ---------------------------------------GGGGGGGGGGGGGGGGGGGGGGGGGGGGG-------------------------
[2026-04-24 07:31:24,959][rfdiffusion.inference.utils][INFO] - Sampled motif RMSD: 0.18
[2026-04-24 07:31:25,272][rfdiffusion.inference.model_runners][INFO] - Timestep 27, input to next step: ---------------------------------------GGGGGGGGGGGGGGGGGGGGGGGGGGGGG-------------------------
[2026-04-24 07:31:30,223][rfdiffusion.inference.utils][INFO] - Sampled motif RMSD: 0.17
[2026-04-24 07:31:30,508][rfdiffusion.inference.model_runners][INFO] - Timestep 26, input to next step: ---------------------------------------GGGGGGGGGGGGGGGGGGGGGGGGGGGGG-------------------------
[2026-04-24 07:31:34,013][rfdiffusion.inference.utils][INFO] - Sampled motif RMSD: 0.18
[2026-04-24 07:31:34,357][rfdiffusion.inference.model_runners][INFO] - Timestep 25, input to next step: ---------------------------------------GGGGGGGGGGGGGGGGGGGGGGGGGGGGG-------------------------
[2026-04-24 07:31:39,341][rfdiffusion.inference.utils][INFO] - Sampled motif RMSD: 0.17
[2026-04-24 07:31:39,699][rfdiffusion.inference.model_runners][INFO] - Timestep 24, input to next step: ---------------------------------------GGGGGGGGGGGGGGGGGGGGGGGGGGGGG-------------------------
[2026-04-24 07:31:43,453][rfdiffusion.inference.utils][INFO] - Sampled motif RMSD: 0.15
[2026-04-24 07:31:43,937][rfdiffusion.inference.model_runners][INFO] - Timestep 23, input to next step: ---------------------------------------GGGGGGGGGGGGGGGGGGGGGGGGGGGGG-------------------------
[2026-04-24 07:31:47,580][rfdiffusion.inference.utils][INFO] - Sampled motif RMSD: 0.15
[2026-04-24 07:31:48,042][rfdiffusion.inference.model_runners][INFO] - Timestep 22, input to next step: ---------------------------------------GGGGGGGGGGGGGGGGGGGGGGGGGGGGG-------------------------
[2026-04-24 07:31:51,851][rfdiffusion.inference.utils][INFO] - Sampled motif RMSD: 0.16
[2026-04-24 07:31:52,232][rfdiffusion.inference.model_runners][INFO] - Timestep 21, input to next step: ---------------------------------------GGGGGGGGGGGGGGGGGGGGGGGGGGGGG-------------------------
[2026-04-24 07:31:56,412][rfdiffusion.inference.utils][INFO] - Sampled motif RMSD: 0.16
[2026-04-24 07:31:56,638][rfdiffusion.inference.model_runners][INFO] - Timestep 20, input to next step: ---------------------------------------GGGGGGGGGGGGGGGGGGGGGGGGGGGGG-------------------------
[2026-04-24 07:32:00,507][rfdiffusion.inference.utils][INFO] - Sampled motif RMSD: 0.17
[2026-04-24 07:32:00,806][rfdiffusion.inference.model_runners][INFO] - Timestep 19, input to next step: ---------------------------------------GGGGGGGGGGGGGGGGGGGGGGGGGGGGG-------------------------
[2026-04-24 07:32:05,687][rfdiffusion.inference.utils][INFO] - Sampled motif RMSD: 0.16
[2026-04-24 07:32:06,016][rfdiffusion.inference.model_runners][INFO] - Timestep 18, input to next step: ---------------------------------------GGGGGGGGGGGGGGGGGGGGGGGGGGGGG-------------------------
[2026-04-24 07:32:09,933][rfdiffusion.inference.utils][INFO] - Sampled motif RMSD: 0.16
[2026-04-24 07:32:10,300][rfdiffusion.inference.model_runners][INFO] - Timestep 17, input to next step: ---------------------------------------GGGGGGGGGGGGGGGGGGGGGGGGGGGGG-------------------------
[2026-04-24 07:32:15,193][rfdiffusion.inference.utils][INFO] - Sampled motif RMSD: 0.17
[2026-04-24 07:32:15,769][rfdiffusion.inference.model_runners][INFO] - Timestep 16, input to next step: ---------------------------------------GGGGGGGGGGGGGGGGGGGGGGGGGGGGG-------------------------
[2026-04-24 07:32:21,189][rfdiffusion.inference.utils][INFO] - Sampled motif RMSD: 0.17
[2026-04-24 07:32:21,634][rfdiffusion.inference.model_runners][INFO] - Timestep 15, input to next step: ---------------------------------------GGGGGGGGGGGGGGGGGGGGGGGGGGGGG-------------------------
[2026-04-24 07:32:24,400][rfdiffusion.inference.utils][INFO] - Sampled motif RMSD: 0.16
[2026-04-24 07:32:24,629][rfdiffusion.inference.model_runners][INFO] - Timestep 14, input to next step: ---------------------------------------GGGGGGGGGGGGGGGGGGGGGGGGGGGGG-------------------------
[2026-04-24 07:32:29,795][rfdiffusion.inference.utils][INFO] - Sampled motif RMSD: 0.16
[2026-04-24 07:32:30,091][rfdiffusion.inference.model_runners][INFO] - Timestep 13, input to next step: ---------------------------------------GGGGGGGGGGGGGGGGGGGGGGGGGGGGG-------------------------
[2026-04-24 07:32:35,766][rfdiffusion.inference.utils][INFO] - Sampled motif RMSD: 0.16
[2026-04-24 07:32:36,018][rfdiffusion.inference.model_runners][INFO] - Timestep 12, input to next step: ---------------------------------------GGGGGGGGGGGGGGGGGGGGGGGGGGGGG-------------------------
[2026-04-24 07:32:41,047][rfdiffusion.inference.utils][INFO] - Sampled motif RMSD: 0.16
[2026-04-24 07:32:41,402][rfdiffusion.inference.model_runners][INFO] - Timestep 11, input to next step: ---------------------------------------GGGGGGGGGGGGGGGGGGGGGGGGGGGGG-------------------------
[2026-04-24 07:32:45,707][rfdiffusion.inference.utils][INFO] - Sampled motif RMSD: 0.16
[2026-04-24 07:32:45,964][rfdiffusion.inference.model_runners][INFO] - Timestep 10, input to next step: ---------------------------------------GGGGGGGGGGGGGGGGGGGGGGGGGGGGG-------------------------
[2026-04-24 07:32:50,821][rfdiffusion.inference.utils][INFO] - Sampled motif RMSD: 0.16
[2026-04-24 07:32:51,319][rfdiffusion.inference.model_runners][INFO] - Timestep 9, input to next step: ---------------------------------------GGGGGGGGGGGGGGGGGGGGGGGGGGGGG-------------------------
[2026-04-24 07:32:56,850][rfdiffusion.inference.utils][INFO] - Sampled motif RMSD: 0.15
[2026-04-24 07:32:57,087][rfdiffusion.inference.model_runners][INFO] - Timestep 8, input to next step: ---------------------------------------GGGGGGGGGGGGGGGGGGGGGGGGGGGGG-------------------------
[2026-04-24 07:33:03,028][rfdiffusion.inference.utils][INFO] - Sampled motif RMSD: 0.15
[2026-04-24 07:33:03,340][rfdiffusion.inference.model_runners][INFO] - Timestep 7, input to next step: ---------------------------------------GGGGGGGGGGGGGGGGGGGGGGGGGGGGG-------------------------
[2026-04-24 07:33:09,811][rfdiffusion.inference.utils][INFO] - Sampled motif RMSD: 0.16
[2026-04-24 07:33:10,089][rfdiffusion.inference.model_runners][INFO] - Timestep 6, input to next step: ---------------------------------------GGGGGGGGGGGGGGGGGGGGGGGGGGGGG-------------------------
[2026-04-24 07:33:15,431][rfdiffusion.inference.utils][INFO] - Sampled motif RMSD: 0.15
[2026-04-24 07:33:15,647][rfdiffusion.inference.model_runners][INFO] - Timestep 5, input to next step: ---------------------------------------GGGGGGGGGGGGGGGGGGGGGGGGGGGGG-------------------------
[2026-04-24 07:33:21,013][rfdiffusion.inference.utils][INFO] - Sampled motif RMSD: 0.16
[2026-04-24 07:33:21,527][rfdiffusion.inference.model_runners][INFO] - Timestep 4, input to next step: ---------------------------------------GGGGGGGGGGGGGGGGGGGGGGGGGGGGG-------------------------
[2026-04-24 07:33:27,303][rfdiffusion.inference.utils][INFO] - Sampled motif RMSD: 0.16
[2026-04-24 07:33:27,762][rfdiffusion.inference.model_runners][INFO] - Timestep 3, input to next step: ---------------------------------------GGGGGGGGGGGGGGGGGGGGGGGGGGGGG-------------------------
[2026-04-24 07:33:32,831][rfdiffusion.inference.utils][INFO] - Sampled motif RMSD: 0.17
[2026-04-24 07:33:33,185][rfdiffusion.inference.model_runners][INFO] - Timestep 2, input to next step: ---------------------------------------GGGGGGGGGGGGGGGGGGGGGGGGGGGGG-------------------------
[2026-04-24 07:33:42,557][__main__][INFO] - Finished design in 3.84 minutes
