[2026-04-24 09:17:08,935][__main__][INFO] - Found GPU with device_name NVIDIA A100-SXM4-80GB. Will run RFdiffusion on NVIDIA A100-SXM4-80GB
Reading models from /lambda/nfs/manvi/Team_8_CS598GBL/RFdiffusion/rfdiffusion/inference/../../models
[2026-04-24 09:17:08,971][rfdiffusion.inference.model_runners][INFO] - Reading checkpoint from /lambda/nfs/manvi/Team_8_CS598GBL/RFdiffusion/rfdiffusion/inference/../../models/Base_ckpt.pt
This is inf_conf.ckpt_path
/lambda/nfs/manvi/Team_8_CS598GBL/RFdiffusion/rfdiffusion/inference/../../models/Base_ckpt.pt
Assembling -model, -diffuser and -preprocess configs from checkpoint
USING MODEL CONFIG: self._conf[model][n_extra_block] = 4
USING MODEL CONFIG: self._conf[model][n_main_block] = 32
USING MODEL CONFIG: self._conf[model][n_ref_block] = 4
USING MODEL CONFIG: self._conf[model][d_msa] = 256
USING MODEL CONFIG: self._conf[model][d_msa_full] = 64
USING MODEL CONFIG: self._conf[model][d_pair] = 128
USING MODEL CONFIG: self._conf[model][d_templ] = 64
USING MODEL CONFIG: self._conf[model][n_head_msa] = 8
USING MODEL CONFIG: self._conf[model][n_head_pair] = 4
USING MODEL CONFIG: self._conf[model][n_head_templ] = 4
USING MODEL CONFIG: self._conf[model][d_hidden] = 32
USING MODEL CONFIG: self._conf[model][d_hidden_templ] = 32
USING MODEL CONFIG: self._conf[model][p_drop] = 0.15
USING MODEL CONFIG: self._conf[model][SE3_param_full] = {'num_layers': 1, 'num_channels': 32, 'num_degrees': 2, 'n_heads': 4, 'div': 4, 'l0_in_features': 8, 'l0_out_features': 8, 'l1_in_features': 3, 'l1_out_features': 2, 'num_edge_features': 32}
USING MODEL CONFIG: self._conf[model][SE3_param_topk] = {'num_layers': 1, 'num_channels': 32, 'num_degrees': 2, 'n_heads': 4, 'div': 4, 'l0_in_features': 64, 'l0_out_features': 64, 'l1_in_features': 3, 'l1_out_features': 2, 'num_edge_features': 64}
USING MODEL CONFIG: self._conf[model][freeze_track_motif] = False
USING MODEL CONFIG: self._conf[model][use_motif_timestep] = True
USING MODEL CONFIG: self._conf[diffuser][T] = 50
USING MODEL CONFIG: self._conf[diffuser][b_0] = 0.01
USING MODEL CONFIG: self._conf[diffuser][b_T] = 0.07
USING MODEL CONFIG: self._conf[diffuser][schedule_type] = linear
USING MODEL CONFIG: self._conf[diffuser][so3_type] = igso3
USING MODEL CONFIG: self._conf[diffuser][crd_scale] = 0.25
USING MODEL CONFIG: self._conf[diffuser][so3_schedule_type] = linear
USING MODEL CONFIG: self._conf[diffuser][min_b] = 1.5
USING MODEL CONFIG: self._conf[diffuser][max_b] = 2.5
USING MODEL CONFIG: self._conf[diffuser][min_sigma] = 0.02
USING MODEL CONFIG: self._conf[diffuser][max_sigma] = 1.5
USING MODEL CONFIG: self._conf[preprocess][sidechain_input] = False
USING MODEL CONFIG: self._conf[preprocess][motif_sidechain_input] = True
USING MODEL CONFIG: self._conf[preprocess][d_t1d] = 22
USING MODEL CONFIG: self._conf[preprocess][d_t2d] = 44
USING MODEL CONFIG: self._conf[preprocess][prob_self_cond] = 0.5
USING MODEL CONFIG: self._conf[preprocess][str_self_cond] = True
USING MODEL CONFIG: self._conf[preprocess][predict_previous] = False
[2026-04-24 09:18:12,094][rfdiffusion.inference.model_runners][INFO] - Loading checkpoint.
[2026-04-24 09:18:28,844][rfdiffusion.diffusion][INFO] - Using cached IGSO3.
Successful diffuser __init__
[2026-04-24 09:18:28,948][__main__][INFO] - Making design /lambda/nfs/manvi/Team_8_CS598GBL/outputs/custom90_128_motif_scaffolding/fast_T20/len_123/mid/scaffold_0
[2026-04-24 09:18:28,984][rfdiffusion.inference.model_runners][INFO] - Using contig: ['24-41/A43-79/24-41']
With this beta schedule (linear schedule, beta_0 = 0.04, beta_T = 0.28), alpha_bar_T = 0.00013696048699785024
[2026-04-24 09:18:29,691][rfdiffusion.inference.model_runners][INFO] - Sequence init: ----------------------------------------GGGGGGGGGGGGGGGGGGGGGGGGGGGGGGGGGGGGG--------------------------
[2026-04-24 09:18:36,112][rfdiffusion.inference.utils][INFO] - Sampled motif RMSD: 0.25
[2026-04-24 09:18:36,290][rfdiffusion.inference.model_runners][INFO] - Timestep 50, input to next step: ----------------------------------------GGGGGGGGGGGGGGGGGGGGGGGGGGGGGGGGGGGGG--------------------------
[2026-04-24 09:18:42,180][rfdiffusion.inference.utils][INFO] - Sampled motif RMSD: 0.18
[2026-04-24 09:18:42,313][rfdiffusion.inference.model_runners][INFO] - Timestep 49, input to next step: ----------------------------------------GGGGGGGGGGGGGGGGGGGGGGGGGGGGGGGGGGGGG--------------------------
[2026-04-24 09:18:47,126][rfdiffusion.inference.utils][INFO] - Sampled motif RMSD: 0.20
[2026-04-24 09:18:47,412][rfdiffusion.inference.model_runners][INFO] - Timestep 48, input to next step: ----------------------------------------GGGGGGGGGGGGGGGGGGGGGGGGGGGGGGGGGGGGG--------------------------
[2026-04-24 09:18:51,844][rfdiffusion.inference.utils][INFO] - Sampled motif RMSD: 0.26
[2026-04-24 09:18:52,038][rfdiffusion.inference.model_runners][INFO] - Timestep 47, input to next step: ----------------------------------------GGGGGGGGGGGGGGGGGGGGGGGGGGGGGGGGGGGGG--------------------------
[2026-04-24 09:18:54,803][rfdiffusion.inference.utils][INFO] - Sampled motif RMSD: 0.27
[2026-04-24 09:18:55,009][rfdiffusion.inference.model_runners][INFO] - Timestep 46, input to next step: ----------------------------------------GGGGGGGGGGGGGGGGGGGGGGGGGGGGGGGGGGGGG--------------------------
[2026-04-24 09:19:00,048][rfdiffusion.inference.utils][INFO] - Sampled motif RMSD: 0.25
[2026-04-24 09:19:00,249][rfdiffusion.inference.model_runners][INFO] - Timestep 45, input to next step: ----------------------------------------GGGGGGGGGGGGGGGGGGGGGGGGGGGGGGGGGGGGG--------------------------
[2026-04-24 09:19:04,370][rfdiffusion.inference.utils][INFO] - Sampled motif RMSD: 0.24
[2026-04-24 09:19:04,659][rfdiffusion.inference.model_runners][INFO] - Timestep 44, input to next step: ----------------------------------------GGGGGGGGGGGGGGGGGGGGGGGGGGGGGGGGGGGGG--------------------------
[2026-04-24 09:19:08,296][rfdiffusion.inference.utils][INFO] - Sampled motif RMSD: 0.25
[2026-04-24 09:19:08,507][rfdiffusion.inference.model_runners][INFO] - Timestep 43, input to next step: ----------------------------------------GGGGGGGGGGGGGGGGGGGGGGGGGGGGGGGGGGGGG--------------------------
[2026-04-24 09:19:11,742][rfdiffusion.inference.utils][INFO] - Sampled motif RMSD: 0.25
[2026-04-24 09:19:12,008][rfdiffusion.inference.model_runners][INFO] - Timestep 42, input to next step: ----------------------------------------GGGGGGGGGGGGGGGGGGGGGGGGGGGGGGGGGGGGG--------------------------
[2026-04-24 09:19:16,090][rfdiffusion.inference.utils][INFO] - Sampled motif RMSD: 0.23
[2026-04-24 09:19:16,277][rfdiffusion.inference.model_runners][INFO] - Timestep 41, input to next step: ----------------------------------------GGGGGGGGGGGGGGGGGGGGGGGGGGGGGGGGGGGGG--------------------------
[2026-04-24 09:19:19,507][rfdiffusion.inference.utils][INFO] - Sampled motif RMSD: 0.21
[2026-04-24 09:19:19,910][rfdiffusion.inference.model_runners][INFO] - Timestep 40, input to next step: ----------------------------------------GGGGGGGGGGGGGGGGGGGGGGGGGGGGGGGGGGGGG--------------------------
[2026-04-24 09:19:25,772][rfdiffusion.inference.utils][INFO] - Sampled motif RMSD: 0.21
[2026-04-24 09:19:25,999][rfdiffusion.inference.model_runners][INFO] - Timestep 39, input to next step: ----------------------------------------GGGGGGGGGGGGGGGGGGGGGGGGGGGGGGGGGGGGG--------------------------
[2026-04-24 09:19:30,872][rfdiffusion.inference.utils][INFO] - Sampled motif RMSD: 0.19
[2026-04-24 09:19:31,110][rfdiffusion.inference.model_runners][INFO] - Timestep 38, input to next step: ----------------------------------------GGGGGGGGGGGGGGGGGGGGGGGGGGGGGGGGGGGGG--------------------------
[2026-04-24 09:19:36,515][rfdiffusion.inference.utils][INFO] - Sampled motif RMSD: 0.20
[2026-04-24 09:19:36,649][rfdiffusion.inference.model_runners][INFO] - Timestep 37, input to next step: ----------------------------------------GGGGGGGGGGGGGGGGGGGGGGGGGGGGGGGGGGGGG--------------------------
[2026-04-24 09:19:41,639][rfdiffusion.inference.utils][INFO] - Sampled motif RMSD: 0.20
[2026-04-24 09:19:41,857][rfdiffusion.inference.model_runners][INFO] - Timestep 36, input to next step: ----------------------------------------GGGGGGGGGGGGGGGGGGGGGGGGGGGGGGGGGGGGG--------------------------
[2026-04-24 09:19:46,617][rfdiffusion.inference.utils][INFO] - Sampled motif RMSD: 0.20
[2026-04-24 09:19:47,050][rfdiffusion.inference.model_runners][INFO] - Timestep 35, input to next step: ----------------------------------------GGGGGGGGGGGGGGGGGGGGGGGGGGGGGGGGGGGGG--------------------------
[2026-04-24 09:19:51,164][rfdiffusion.inference.utils][INFO] - Sampled motif RMSD: 0.22
[2026-04-24 09:19:51,455][rfdiffusion.inference.model_runners][INFO] - Timestep 34, input to next step: ----------------------------------------GGGGGGGGGGGGGGGGGGGGGGGGGGGGGGGGGGGGG--------------------------
[2026-04-24 09:19:55,251][rfdiffusion.inference.utils][INFO] - Sampled motif RMSD: 0.22
[2026-04-24 09:19:55,695][rfdiffusion.inference.model_runners][INFO] - Timestep 33, input to next step: ----------------------------------------GGGGGGGGGGGGGGGGGGGGGGGGGGGGGGGGGGGGG--------------------------
[2026-04-24 09:19:58,727][rfdiffusion.inference.utils][INFO] - Sampled motif RMSD: 0.20
[2026-04-24 09:19:59,078][rfdiffusion.inference.model_runners][INFO] - Timestep 32, input to next step: ----------------------------------------GGGGGGGGGGGGGGGGGGGGGGGGGGGGGGGGGGGGG--------------------------
[2026-04-24 09:20:02,578][rfdiffusion.inference.utils][INFO] - Sampled motif RMSD: 0.18
[2026-04-24 09:20:02,832][rfdiffusion.inference.model_runners][INFO] - Timestep 31, input to next step: ----------------------------------------GGGGGGGGGGGGGGGGGGGGGGGGGGGGGGGGGGGGG--------------------------
[2026-04-24 09:20:07,316][rfdiffusion.inference.utils][INFO] - Sampled motif RMSD: 0.19
[2026-04-24 09:20:07,562][rfdiffusion.inference.model_runners][INFO] - Timestep 30, input to next step: ----------------------------------------GGGGGGGGGGGGGGGGGGGGGGGGGGGGGGGGGGGGG--------------------------
[2026-04-24 09:20:11,042][rfdiffusion.inference.utils][INFO] - Sampled motif RMSD: 0.22
[2026-04-24 09:20:11,374][rfdiffusion.inference.model_runners][INFO] - Timestep 29, input to next step: ----------------------------------------GGGGGGGGGGGGGGGGGGGGGGGGGGGGGGGGGGGGG--------------------------
[2026-04-24 09:20:15,185][rfdiffusion.inference.utils][INFO] - Sampled motif RMSD: 0.21
[2026-04-24 09:20:15,483][rfdiffusion.inference.model_runners][INFO] - Timestep 28, input to next step: ----------------------------------------GGGGGGGGGGGGGGGGGGGGGGGGGGGGGGGGGGGGG--------------------------
[2026-04-24 09:20:19,822][rfdiffusion.inference.utils][INFO] - Sampled motif RMSD: 0.20
[2026-04-24 09:20:20,216][rfdiffusion.inference.model_runners][INFO] - Timestep 27, input to next step: ----------------------------------------GGGGGGGGGGGGGGGGGGGGGGGGGGGGGGGGGGGGG--------------------------
[2026-04-24 09:20:24,664][rfdiffusion.inference.utils][INFO] - Sampled motif RMSD: 0.19
[2026-04-24 09:20:24,997][rfdiffusion.inference.model_runners][INFO] - Timestep 26, input to next step: ----------------------------------------GGGGGGGGGGGGGGGGGGGGGGGGGGGGGGGGGGGGG--------------------------
[2026-04-24 09:20:29,041][rfdiffusion.inference.utils][INFO] - Sampled motif RMSD: 0.20
[2026-04-24 09:20:29,269][rfdiffusion.inference.model_runners][INFO] - Timestep 25, input to next step: ----------------------------------------GGGGGGGGGGGGGGGGGGGGGGGGGGGGGGGGGGGGG--------------------------
[2026-04-24 09:20:34,198][rfdiffusion.inference.utils][INFO] - Sampled motif RMSD: 0.19
[2026-04-24 09:20:34,320][rfdiffusion.inference.model_runners][INFO] - Timestep 24, input to next step: ----------------------------------------GGGGGGGGGGGGGGGGGGGGGGGGGGGGGGGGGGGGG--------------------------
[2026-04-24 09:20:38,352][rfdiffusion.inference.utils][INFO] - Sampled motif RMSD: 0.21
[2026-04-24 09:20:38,525][rfdiffusion.inference.model_runners][INFO] - Timestep 23, input to next step: ----------------------------------------GGGGGGGGGGGGGGGGGGGGGGGGGGGGGGGGGGGGG--------------------------
[2026-04-24 09:20:42,853][rfdiffusion.inference.utils][INFO] - Sampled motif RMSD: 0.22
[2026-04-24 09:20:43,045][rfdiffusion.inference.model_runners][INFO] - Timestep 22, input to next step: ----------------------------------------GGGGGGGGGGGGGGGGGGGGGGGGGGGGGGGGGGGGG--------------------------
[2026-04-24 09:20:47,125][rfdiffusion.inference.utils][INFO] - Sampled motif RMSD: 0.23
[2026-04-24 09:20:47,343][rfdiffusion.inference.model_runners][INFO] - Timestep 21, input to next step: ----------------------------------------GGGGGGGGGGGGGGGGGGGGGGGGGGGGGGGGGGGGG--------------------------
[2026-04-24 09:20:50,827][rfdiffusion.inference.utils][INFO] - Sampled motif RMSD: 0.24
[2026-04-24 09:20:51,092][rfdiffusion.inference.model_runners][INFO] - Timestep 20, input to next step: ----------------------------------------GGGGGGGGGGGGGGGGGGGGGGGGGGGGGGGGGGGGG--------------------------
[2026-04-24 09:20:55,170][rfdiffusion.inference.utils][INFO] - Sampled motif RMSD: 0.25
[2026-04-24 09:20:55,360][rfdiffusion.inference.model_runners][INFO] - Timestep 19, input to next step: ----------------------------------------GGGGGGGGGGGGGGGGGGGGGGGGGGGGGGGGGGGGG--------------------------
[2026-04-24 09:20:59,233][rfdiffusion.inference.utils][INFO] - Sampled motif RMSD: 0.27
[2026-04-24 09:20:59,461][rfdiffusion.inference.model_runners][INFO] - Timestep 18, input to next step: ----------------------------------------GGGGGGGGGGGGGGGGGGGGGGGGGGGGGGGGGGGGG--------------------------
[2026-04-24 09:21:04,038][rfdiffusion.inference.utils][INFO] - Sampled motif RMSD: 0.30
[2026-04-24 09:21:04,195][rfdiffusion.inference.model_runners][INFO] - Timestep 17, input to next step: ----------------------------------------GGGGGGGGGGGGGGGGGGGGGGGGGGGGGGGGGGGGG--------------------------
[2026-04-24 09:21:07,926][rfdiffusion.inference.utils][INFO] - Sampled motif RMSD: 0.29
[2026-04-24 09:21:08,156][rfdiffusion.inference.model_runners][INFO] - Timestep 16, input to next step: ----------------------------------------GGGGGGGGGGGGGGGGGGGGGGGGGGGGGGGGGGGGG--------------------------
[2026-04-24 09:21:11,374][rfdiffusion.inference.utils][INFO] - Sampled motif RMSD: 0.27
[2026-04-24 09:21:11,691][rfdiffusion.inference.model_runners][INFO] - Timestep 15, input to next step: ----------------------------------------GGGGGGGGGGGGGGGGGGGGGGGGGGGGGGGGGGGGG--------------------------
[2026-04-24 09:21:15,777][rfdiffusion.inference.utils][INFO] - Sampled motif RMSD: 0.26
[2026-04-24 09:21:16,039][rfdiffusion.inference.model_runners][INFO] - Timestep 14, input to next step: ----------------------------------------GGGGGGGGGGGGGGGGGGGGGGGGGGGGGGGGGGGGG--------------------------
[2026-04-24 09:21:19,444][rfdiffusion.inference.utils][INFO] - Sampled motif RMSD: 0.24
[2026-04-24 09:21:19,591][rfdiffusion.inference.model_runners][INFO] - Timestep 13, input to next step: ----------------------------------------GGGGGGGGGGGGGGGGGGGGGGGGGGGGGGGGGGGGG--------------------------
[2026-04-24 09:21:23,649][rfdiffusion.inference.utils][INFO] - Sampled motif RMSD: 0.26
[2026-04-24 09:21:23,817][rfdiffusion.inference.model_runners][INFO] - Timestep 12, input to next step: ----------------------------------------GGGGGGGGGGGGGGGGGGGGGGGGGGGGGGGGGGGGG--------------------------
[2026-04-24 09:21:28,055][rfdiffusion.inference.utils][INFO] - Sampled motif RMSD: 0.26
[2026-04-24 09:21:28,306][rfdiffusion.inference.model_runners][INFO] - Timestep 11, input to next step: ----------------------------------------GGGGGGGGGGGGGGGGGGGGGGGGGGGGGGGGGGGGG--------------------------
[2026-04-24 09:21:32,822][rfdiffusion.inference.utils][INFO] - Sampled motif RMSD: 0.25
[2026-04-24 09:21:32,956][rfdiffusion.inference.model_runners][INFO] - Timestep 10, input to next step: ----------------------------------------GGGGGGGGGGGGGGGGGGGGGGGGGGGGGGGGGGGGG--------------------------
[2026-04-24 09:21:37,335][rfdiffusion.inference.utils][INFO] - Sampled motif RMSD: 0.26
[2026-04-24 09:21:37,573][rfdiffusion.inference.model_runners][INFO] - Timestep 9, input to next step: ----------------------------------------GGGGGGGGGGGGGGGGGGGGGGGGGGGGGGGGGGGGG--------------------------
[2026-04-24 09:21:41,376][rfdiffusion.inference.utils][INFO] - Sampled motif RMSD: 0.26
[2026-04-24 09:21:41,469][rfdiffusion.inference.model_runners][INFO] - Timestep 8, input to next step: ----------------------------------------GGGGGGGGGGGGGGGGGGGGGGGGGGGGGGGGGGGGG--------------------------
[2026-04-24 09:21:44,492][rfdiffusion.inference.utils][INFO] - Sampled motif RMSD: 0.24
[2026-04-24 09:21:44,649][rfdiffusion.inference.model_runners][INFO] - Timestep 7, input to next step: ----------------------------------------GGGGGGGGGGGGGGGGGGGGGGGGGGGGGGGGGGGGG--------------------------
[2026-04-24 09:21:48,645][rfdiffusion.inference.utils][INFO] - Sampled motif RMSD: 0.23
[2026-04-24 09:21:48,784][rfdiffusion.inference.model_runners][INFO] - Timestep 6, input to next step: ----------------------------------------GGGGGGGGGGGGGGGGGGGGGGGGGGGGGGGGGGGGG--------------------------
[2026-04-24 09:21:51,639][rfdiffusion.inference.utils][INFO] - Sampled motif RMSD: 0.23
[2026-04-24 09:21:51,887][rfdiffusion.inference.model_runners][INFO] - Timestep 5, input to next step: ----------------------------------------GGGGGGGGGGGGGGGGGGGGGGGGGGGGGGGGGGGGG--------------------------
[2026-04-24 09:21:55,092][rfdiffusion.inference.utils][INFO] - Sampled motif RMSD: 0.24
[2026-04-24 09:21:55,278][rfdiffusion.inference.model_runners][INFO] - Timestep 4, input to next step: ----------------------------------------GGGGGGGGGGGGGGGGGGGGGGGGGGGGGGGGGGGGG--------------------------
[2026-04-24 09:21:58,575][rfdiffusion.inference.utils][INFO] - Sampled motif RMSD: 0.23
[2026-04-24 09:21:58,690][rfdiffusion.inference.model_runners][INFO] - Timestep 3, input to next step: ----------------------------------------GGGGGGGGGGGGGGGGGGGGGGGGGGGGGGGGGGGGG--------------------------
[2026-04-24 09:22:01,472][rfdiffusion.inference.utils][INFO] - Sampled motif RMSD: 0.23
[2026-04-24 09:22:01,516][rfdiffusion.inference.model_runners][INFO] - Timestep 2, input to next step: ----------------------------------------GGGGGGGGGGGGGGGGGGGGGGGGGGGGGGGGGGGGG--------------------------
[2026-04-24 09:22:07,834][__main__][INFO] - Finished design in 3.65 minutes
