[2026-04-24 07:57:37,065][__main__][INFO] - Found GPU with device_name NVIDIA A100-SXM4-80GB. Will run RFdiffusion on NVIDIA A100-SXM4-80GB
Reading models from /lambda/nfs/manvi/Team_8_CS598GBL/RFdiffusion/rfdiffusion/inference/../../models
[2026-04-24 07:57:37,069][rfdiffusion.inference.model_runners][INFO] - Reading checkpoint from /lambda/nfs/manvi/Team_8_CS598GBL/RFdiffusion/rfdiffusion/inference/../../models/Base_ckpt.pt
This is inf_conf.ckpt_path
/lambda/nfs/manvi/Team_8_CS598GBL/RFdiffusion/rfdiffusion/inference/../../models/Base_ckpt.pt
Assembling -model, -diffuser and -preprocess configs from checkpoint
USING MODEL CONFIG: self._conf[model][n_extra_block] = 4
USING MODEL CONFIG: self._conf[model][n_main_block] = 32
USING MODEL CONFIG: self._conf[model][n_ref_block] = 4
USING MODEL CONFIG: self._conf[model][d_msa] = 256
USING MODEL CONFIG: self._conf[model][d_msa_full] = 64
USING MODEL CONFIG: self._conf[model][d_pair] = 128
USING MODEL CONFIG: self._conf[model][d_templ] = 64
USING MODEL CONFIG: self._conf[model][n_head_msa] = 8
USING MODEL CONFIG: self._conf[model][n_head_pair] = 4
USING MODEL CONFIG: self._conf[model][n_head_templ] = 4
USING MODEL CONFIG: self._conf[model][d_hidden] = 32
USING MODEL CONFIG: self._conf[model][d_hidden_templ] = 32
USING MODEL CONFIG: self._conf[model][p_drop] = 0.15
USING MODEL CONFIG: self._conf[model][SE3_param_full] = {'num_layers': 1, 'num_channels': 32, 'num_degrees': 2, 'n_heads': 4, 'div': 4, 'l0_in_features': 8, 'l0_out_features': 8, 'l1_in_features': 3, 'l1_out_features': 2, 'num_edge_features': 32}
USING MODEL CONFIG: self._conf[model][SE3_param_topk] = {'num_layers': 1, 'num_channels': 32, 'num_degrees': 2, 'n_heads': 4, 'div': 4, 'l0_in_features': 64, 'l0_out_features': 64, 'l1_in_features': 3, 'l1_out_features': 2, 'num_edge_features': 64}
USING MODEL CONFIG: self._conf[model][freeze_track_motif] = False
USING MODEL CONFIG: self._conf[model][use_motif_timestep] = True
USING MODEL CONFIG: self._conf[diffuser][T] = 50
USING MODEL CONFIG: self._conf[diffuser][b_0] = 0.01
USING MODEL CONFIG: self._conf[diffuser][b_T] = 0.07
USING MODEL CONFIG: self._conf[diffuser][schedule_type] = linear
USING MODEL CONFIG: self._conf[diffuser][so3_type] = igso3
USING MODEL CONFIG: self._conf[diffuser][crd_scale] = 0.25
USING MODEL CONFIG: self._conf[diffuser][so3_schedule_type] = linear
USING MODEL CONFIG: self._conf[diffuser][min_b] = 1.5
USING MODEL CONFIG: self._conf[diffuser][max_b] = 2.5
USING MODEL CONFIG: self._conf[diffuser][min_sigma] = 0.02
USING MODEL CONFIG: self._conf[diffuser][max_sigma] = 1.5
USING MODEL CONFIG: self._conf[preprocess][sidechain_input] = False
USING MODEL CONFIG: self._conf[preprocess][motif_sidechain_input] = True
USING MODEL CONFIG: self._conf[preprocess][d_t1d] = 22
USING MODEL CONFIG: self._conf[preprocess][d_t2d] = 44
USING MODEL CONFIG: self._conf[preprocess][prob_self_cond] = 0.5
USING MODEL CONFIG: self._conf[preprocess][str_self_cond] = True
USING MODEL CONFIG: self._conf[preprocess][predict_previous] = False
[2026-04-24 07:58:37,945][rfdiffusion.inference.model_runners][INFO] - Loading checkpoint.
[2026-04-24 07:59:02,103][rfdiffusion.diffusion][INFO] - Using cached IGSO3.
Successful diffuser __init__
[2026-04-24 07:59:02,181][__main__][INFO] - Making design /lambda/nfs/manvi/Team_8_CS598GBL/outputs/custom90_128_motif_scaffolding/fast_T20/len_091/nterm/scaffold_0
[2026-04-24 07:59:02,192][rfdiffusion.inference.model_runners][INFO] - Using contig: ['A1-20/18-30']
With this beta schedule (linear schedule, beta_0 = 0.04, beta_T = 0.28), alpha_bar_T = 0.00013696048699785024
[2026-04-24 07:59:02,398][rfdiffusion.inference.model_runners][INFO] - Sequence init: GGGGGGGGGGGGGGGGGGGG--------------------
[2026-04-24 07:59:10,449][rfdiffusion.inference.utils][INFO] - Sampled motif RMSD: 0.13
[2026-04-24 07:59:10,666][rfdiffusion.inference.model_runners][INFO] - Timestep 50, input to next step: GGGGGGGGGGGGGGGGGGGG--------------------
[2026-04-24 07:59:14,484][rfdiffusion.inference.utils][INFO] - Sampled motif RMSD: 0.09
[2026-04-24 07:59:14,915][rfdiffusion.inference.model_runners][INFO] - Timestep 49, input to next step: GGGGGGGGGGGGGGGGGGGG--------------------
[2026-04-24 07:59:18,393][rfdiffusion.inference.utils][INFO] - Sampled motif RMSD: 0.09
[2026-04-24 07:59:18,720][rfdiffusion.inference.model_runners][INFO] - Timestep 48, input to next step: GGGGGGGGGGGGGGGGGGGG--------------------
[2026-04-24 07:59:22,026][rfdiffusion.inference.utils][INFO] - Sampled motif RMSD: 0.09
[2026-04-24 07:59:22,457][rfdiffusion.inference.model_runners][INFO] - Timestep 47, input to next step: GGGGGGGGGGGGGGGGGGGG--------------------
[2026-04-24 07:59:25,623][rfdiffusion.inference.utils][INFO] - Sampled motif RMSD: 0.10
[2026-04-24 07:59:26,036][rfdiffusion.inference.model_runners][INFO] - Timestep 46, input to next step: GGGGGGGGGGGGGGGGGGGG--------------------
[2026-04-24 07:59:29,943][rfdiffusion.inference.utils][INFO] - Sampled motif RMSD: 0.11
[2026-04-24 07:59:30,284][rfdiffusion.inference.model_runners][INFO] - Timestep 45, input to next step: GGGGGGGGGGGGGGGGGGGG--------------------
[2026-04-24 07:59:33,448][rfdiffusion.inference.utils][INFO] - Sampled motif RMSD: 0.09
[2026-04-24 07:59:33,536][rfdiffusion.inference.model_runners][INFO] - Timestep 44, input to next step: GGGGGGGGGGGGGGGGGGGG--------------------
[2026-04-24 07:59:38,175][rfdiffusion.inference.utils][INFO] - Sampled motif RMSD: 0.10
[2026-04-24 07:59:38,577][rfdiffusion.inference.model_runners][INFO] - Timestep 43, input to next step: GGGGGGGGGGGGGGGGGGGG--------------------
[2026-04-24 07:59:43,570][rfdiffusion.inference.utils][INFO] - Sampled motif RMSD: 0.08
[2026-04-24 07:59:44,091][rfdiffusion.inference.model_runners][INFO] - Timestep 42, input to next step: GGGGGGGGGGGGGGGGGGGG--------------------
[2026-04-24 07:59:48,378][rfdiffusion.inference.utils][INFO] - Sampled motif RMSD: 0.08
[2026-04-24 07:59:48,721][rfdiffusion.inference.model_runners][INFO] - Timestep 41, input to next step: GGGGGGGGGGGGGGGGGGGG--------------------
[2026-04-24 07:59:52,938][rfdiffusion.inference.utils][INFO] - Sampled motif RMSD: 0.09
[2026-04-24 07:59:53,416][rfdiffusion.inference.model_runners][INFO] - Timestep 40, input to next step: GGGGGGGGGGGGGGGGGGGG--------------------
[2026-04-24 07:59:57,022][rfdiffusion.inference.utils][INFO] - Sampled motif RMSD: 0.09
[2026-04-24 07:59:57,326][rfdiffusion.inference.model_runners][INFO] - Timestep 39, input to next step: GGGGGGGGGGGGGGGGGGGG--------------------
[2026-04-24 08:00:00,196][rfdiffusion.inference.utils][INFO] - Sampled motif RMSD: 0.09
[2026-04-24 08:00:00,525][rfdiffusion.inference.model_runners][INFO] - Timestep 38, input to next step: GGGGGGGGGGGGGGGGGGGG--------------------
[2026-04-24 08:00:04,532][rfdiffusion.inference.utils][INFO] - Sampled motif RMSD: 0.09
[2026-04-24 08:00:04,902][rfdiffusion.inference.model_runners][INFO] - Timestep 37, input to next step: GGGGGGGGGGGGGGGGGGGG--------------------
[2026-04-24 08:00:07,571][rfdiffusion.inference.utils][INFO] - Sampled motif RMSD: 0.09
[2026-04-24 08:00:07,856][rfdiffusion.inference.model_runners][INFO] - Timestep 36, input to next step: GGGGGGGGGGGGGGGGGGGG--------------------
[2026-04-24 08:00:11,356][rfdiffusion.inference.utils][INFO] - Sampled motif RMSD: 0.09
[2026-04-24 08:00:11,544][rfdiffusion.inference.model_runners][INFO] - Timestep 35, input to next step: GGGGGGGGGGGGGGGGGGGG--------------------
[2026-04-24 08:00:15,484][rfdiffusion.inference.utils][INFO] - Sampled motif RMSD: 0.08
[2026-04-24 08:00:15,651][rfdiffusion.inference.model_runners][INFO] - Timestep 34, input to next step: GGGGGGGGGGGGGGGGGGGG--------------------
[2026-04-24 08:00:19,992][rfdiffusion.inference.utils][INFO] - Sampled motif RMSD: 0.09
[2026-04-24 08:00:20,162][rfdiffusion.inference.model_runners][INFO] - Timestep 33, input to next step: GGGGGGGGGGGGGGGGGGGG--------------------
[2026-04-24 08:00:22,499][rfdiffusion.inference.utils][INFO] - Sampled motif RMSD: 0.10
[2026-04-24 08:00:22,870][rfdiffusion.inference.model_runners][INFO] - Timestep 32, input to next step: GGGGGGGGGGGGGGGGGGGG--------------------
[2026-04-24 08:00:26,038][rfdiffusion.inference.utils][INFO] - Sampled motif RMSD: 0.11
[2026-04-24 08:00:26,428][rfdiffusion.inference.model_runners][INFO] - Timestep 31, input to next step: GGGGGGGGGGGGGGGGGGGG--------------------
[2026-04-24 08:00:30,825][rfdiffusion.inference.utils][INFO] - Sampled motif RMSD: 0.10
[2026-04-24 08:00:31,022][rfdiffusion.inference.model_runners][INFO] - Timestep 30, input to next step: GGGGGGGGGGGGGGGGGGGG--------------------
[2026-04-24 08:00:34,089][rfdiffusion.inference.utils][INFO] - Sampled motif RMSD: 0.09
[2026-04-24 08:00:34,388][rfdiffusion.inference.model_runners][INFO] - Timestep 29, input to next step: GGGGGGGGGGGGGGGGGGGG--------------------
[2026-04-24 08:00:37,558][rfdiffusion.inference.utils][INFO] - Sampled motif RMSD: 0.10
[2026-04-24 08:00:37,828][rfdiffusion.inference.model_runners][INFO] - Timestep 28, input to next step: GGGGGGGGGGGGGGGGGGGG--------------------
[2026-04-24 08:00:41,070][rfdiffusion.inference.utils][INFO] - Sampled motif RMSD: 0.10
[2026-04-24 08:00:41,327][rfdiffusion.inference.model_runners][INFO] - Timestep 27, input to next step: GGGGGGGGGGGGGGGGGGGG--------------------
[2026-04-24 08:00:45,428][rfdiffusion.inference.utils][INFO] - Sampled motif RMSD: 0.11
[2026-04-24 08:00:45,835][rfdiffusion.inference.model_runners][INFO] - Timestep 26, input to next step: GGGGGGGGGGGGGGGGGGGG--------------------
[2026-04-24 08:00:49,545][rfdiffusion.inference.utils][INFO] - Sampled motif RMSD: 0.12
[2026-04-24 08:00:49,972][rfdiffusion.inference.model_runners][INFO] - Timestep 25, input to next step: GGGGGGGGGGGGGGGGGGGG--------------------
[2026-04-24 08:00:53,493][rfdiffusion.inference.utils][INFO] - Sampled motif RMSD: 0.12
[2026-04-24 08:00:53,635][rfdiffusion.inference.model_runners][INFO] - Timestep 24, input to next step: GGGGGGGGGGGGGGGGGGGG--------------------
[2026-04-24 08:00:56,666][rfdiffusion.inference.utils][INFO] - Sampled motif RMSD: 0.14
[2026-04-24 08:00:56,998][rfdiffusion.inference.model_runners][INFO] - Timestep 23, input to next step: GGGGGGGGGGGGGGGGGGGG--------------------
[2026-04-24 08:00:59,656][rfdiffusion.inference.utils][INFO] - Sampled motif RMSD: 0.12
[2026-04-24 08:00:59,838][rfdiffusion.inference.model_runners][INFO] - Timestep 22, input to next step: GGGGGGGGGGGGGGGGGGGG--------------------
[2026-04-24 08:01:03,631][rfdiffusion.inference.utils][INFO] - Sampled motif RMSD: 0.11
[2026-04-24 08:01:04,073][rfdiffusion.inference.model_runners][INFO] - Timestep 21, input to next step: GGGGGGGGGGGGGGGGGGGG--------------------
[2026-04-24 08:01:07,352][rfdiffusion.inference.utils][INFO] - Sampled motif RMSD: 0.11
[2026-04-24 08:01:07,610][rfdiffusion.inference.model_runners][INFO] - Timestep 20, input to next step: GGGGGGGGGGGGGGGGGGGG--------------------
[2026-04-24 08:01:10,274][rfdiffusion.inference.utils][INFO] - Sampled motif RMSD: 0.10
[2026-04-24 08:01:10,607][rfdiffusion.inference.model_runners][INFO] - Timestep 19, input to next step: GGGGGGGGGGGGGGGGGGGG--------------------
[2026-04-24 08:01:13,378][rfdiffusion.inference.utils][INFO] - Sampled motif RMSD: 0.11
[2026-04-24 08:01:13,705][rfdiffusion.inference.model_runners][INFO] - Timestep 18, input to next step: GGGGGGGGGGGGGGGGGGGG--------------------
[2026-04-24 08:01:17,342][rfdiffusion.inference.utils][INFO] - Sampled motif RMSD: 0.11
[2026-04-24 08:01:17,700][rfdiffusion.inference.model_runners][INFO] - Timestep 17, input to next step: GGGGGGGGGGGGGGGGGGGG--------------------
[2026-04-24 08:01:21,779][rfdiffusion.inference.utils][INFO] - Sampled motif RMSD: 0.11
[2026-04-24 08:01:21,928][rfdiffusion.inference.model_runners][INFO] - Timestep 16, input to next step: GGGGGGGGGGGGGGGGGGGG--------------------
[2026-04-24 08:01:25,154][rfdiffusion.inference.utils][INFO] - Sampled motif RMSD: 0.13
[2026-04-24 08:01:25,491][rfdiffusion.inference.model_runners][INFO] - Timestep 15, input to next step: GGGGGGGGGGGGGGGGGGGG--------------------
[2026-04-24 08:01:28,328][rfdiffusion.inference.utils][INFO] - Sampled motif RMSD: 0.14
[2026-04-24 08:01:28,587][rfdiffusion.inference.model_runners][INFO] - Timestep 14, input to next step: GGGGGGGGGGGGGGGGGGGG--------------------
[2026-04-24 08:01:31,957][rfdiffusion.inference.utils][INFO] - Sampled motif RMSD: 0.13
[2026-04-24 08:01:32,393][rfdiffusion.inference.model_runners][INFO] - Timestep 13, input to next step: GGGGGGGGGGGGGGGGGGGG--------------------
[2026-04-24 08:01:35,099][rfdiffusion.inference.utils][INFO] - Sampled motif RMSD: 0.11
[2026-04-24 08:01:35,420][rfdiffusion.inference.model_runners][INFO] - Timestep 12, input to next step: GGGGGGGGGGGGGGGGGGGG--------------------
[2026-04-24 08:01:38,081][rfdiffusion.inference.utils][INFO] - Sampled motif RMSD: 0.11
[2026-04-24 08:01:38,494][rfdiffusion.inference.model_runners][INFO] - Timestep 11, input to next step: GGGGGGGGGGGGGGGGGGGG--------------------
[2026-04-24 08:01:40,932][rfdiffusion.inference.utils][INFO] - Sampled motif RMSD: 0.11
[2026-04-24 08:01:41,212][rfdiffusion.inference.model_runners][INFO] - Timestep 10, input to next step: GGGGGGGGGGGGGGGGGGGG--------------------
[2026-04-24 08:01:43,144][rfdiffusion.inference.utils][INFO] - Sampled motif RMSD: 0.11
[2026-04-24 08:01:43,354][rfdiffusion.inference.model_runners][INFO] - Timestep 9, input to next step: GGGGGGGGGGGGGGGGGGGG--------------------
[2026-04-24 08:01:46,001][rfdiffusion.inference.utils][INFO] - Sampled motif RMSD: 0.12
[2026-04-24 08:01:46,128][rfdiffusion.inference.model_runners][INFO] - Timestep 8, input to next step: GGGGGGGGGGGGGGGGGGGG--------------------
[2026-04-24 08:01:49,295][rfdiffusion.inference.utils][INFO] - Sampled motif RMSD: 0.12
[2026-04-24 08:01:49,434][rfdiffusion.inference.model_runners][INFO] - Timestep 7, input to next step: GGGGGGGGGGGGGGGGGGGG--------------------
[2026-04-24 08:01:52,366][rfdiffusion.inference.utils][INFO] - Sampled motif RMSD: 0.11
[2026-04-24 08:01:52,572][rfdiffusion.inference.model_runners][INFO] - Timestep 6, input to next step: GGGGGGGGGGGGGGGGGGGG--------------------
[2026-04-24 08:01:55,330][rfdiffusion.inference.utils][INFO] - Sampled motif RMSD: 0.11
[2026-04-24 08:01:55,788][rfdiffusion.inference.model_runners][INFO] - Timestep 5, input to next step: GGGGGGGGGGGGGGGGGGGG--------------------
[2026-04-24 08:01:58,572][rfdiffusion.inference.utils][INFO] - Sampled motif RMSD: 0.11
[2026-04-24 08:01:58,897][rfdiffusion.inference.model_runners][INFO] - Timestep 4, input to next step: GGGGGGGGGGGGGGGGGGGG--------------------
[2026-04-24 08:02:02,542][rfdiffusion.inference.utils][INFO] - Sampled motif RMSD: 0.12
[2026-04-24 08:02:02,800][rfdiffusion.inference.model_runners][INFO] - Timestep 3, input to next step: GGGGGGGGGGGGGGGGGGGG--------------------
[2026-04-24 08:02:06,269][rfdiffusion.inference.utils][INFO] - Sampled motif RMSD: 0.11
[2026-04-24 08:02:06,631][rfdiffusion.inference.model_runners][INFO] - Timestep 2, input to next step: GGGGGGGGGGGGGGGGGGGG--------------------
[2026-04-24 08:02:11,983][__main__][INFO] - Finished design in 3.16 minutes
[2026-04-24 08:02:11,984][__main__][INFO] - Making design /lambda/nfs/manvi/Team_8_CS598GBL/outputs/custom90_128_motif_scaffolding/fast_T20/len_091/nterm/scaffold_1
[2026-04-24 08:02:12,026][rfdiffusion.inference.model_runners][INFO] - Using contig: ['A1-20/18-30']
With this beta schedule (linear schedule, beta_0 = 0.04, beta_T = 0.28), alpha_bar_T = 0.00013696048699785024
[2026-04-24 08:02:12,534][rfdiffusion.inference.model_runners][INFO] - Sequence init: GGGGGGGGGGGGGGGGGGGG--------------------
[2026-04-24 08:02:15,839][rfdiffusion.inference.utils][INFO] - Sampled motif RMSD: 0.13
[2026-04-24 08:02:16,046][rfdiffusion.inference.model_runners][INFO] - Timestep 50, input to next step: GGGGGGGGGGGGGGGGGGGG--------------------
[2026-04-24 08:02:19,409][rfdiffusion.inference.utils][INFO] - Sampled motif RMSD: 0.09
[2026-04-24 08:02:19,554][rfdiffusion.inference.model_runners][INFO] - Timestep 49, input to next step: GGGGGGGGGGGGGGGGGGGG--------------------
[2026-04-24 08:02:23,135][rfdiffusion.inference.utils][INFO] - Sampled motif RMSD: 0.09
[2026-04-24 08:02:23,402][rfdiffusion.inference.model_runners][INFO] - Timestep 48, input to next step: GGGGGGGGGGGGGGGGGGGG--------------------
[2026-04-24 08:02:25,877][rfdiffusion.inference.utils][INFO] - Sampled motif RMSD: 0.08
[2026-04-24 08:02:26,235][rfdiffusion.inference.model_runners][INFO] - Timestep 47, input to next step: GGGGGGGGGGGGGGGGGGGG--------------------
[2026-04-24 08:02:30,508][rfdiffusion.inference.utils][INFO] - Sampled motif RMSD: 0.08
[2026-04-24 08:02:30,642][rfdiffusion.inference.model_runners][INFO] - Timestep 46, input to next step: GGGGGGGGGGGGGGGGGGGG--------------------
[2026-04-24 08:02:34,251][rfdiffusion.inference.utils][INFO] - Sampled motif RMSD: 0.08
[2026-04-24 08:02:34,401][rfdiffusion.inference.model_runners][INFO] - Timestep 45, input to next step: GGGGGGGGGGGGGGGGGGGG--------------------
[2026-04-24 08:02:38,101][rfdiffusion.inference.utils][INFO] - Sampled motif RMSD: 0.08
[2026-04-24 08:02:38,455][rfdiffusion.inference.model_runners][INFO] - Timestep 44, input to next step: GGGGGGGGGGGGGGGGGGGG--------------------
[2026-04-24 08:02:41,736][rfdiffusion.inference.utils][INFO] - Sampled motif RMSD: 0.08
[2026-04-24 08:02:42,184][rfdiffusion.inference.model_runners][INFO] - Timestep 43, input to next step: GGGGGGGGGGGGGGGGGGGG--------------------
[2026-04-24 08:02:46,628][rfdiffusion.inference.utils][INFO] - Sampled motif RMSD: 0.09
[2026-04-24 08:02:46,945][rfdiffusion.inference.model_runners][INFO] - Timestep 42, input to next step: GGGGGGGGGGGGGGGGGGGG--------------------
[2026-04-24 08:02:50,633][rfdiffusion.inference.utils][INFO] - Sampled motif RMSD: 0.08
[2026-04-24 08:02:51,153][rfdiffusion.inference.model_runners][INFO] - Timestep 41, input to next step: GGGGGGGGGGGGGGGGGGGG--------------------
[2026-04-24 08:02:53,418][rfdiffusion.inference.utils][INFO] - Sampled motif RMSD: 0.07
[2026-04-24 08:02:53,947][rfdiffusion.inference.model_runners][INFO] - Timestep 40, input to next step: GGGGGGGGGGGGGGGGGGGG--------------------
[2026-04-24 08:02:58,459][rfdiffusion.inference.utils][INFO] - Sampled motif RMSD: 0.07
[2026-04-24 08:02:58,843][rfdiffusion.inference.model_runners][INFO] - Timestep 39, input to next step: GGGGGGGGGGGGGGGGGGGG--------------------
[2026-04-24 08:03:02,894][rfdiffusion.inference.utils][INFO] - Sampled motif RMSD: 0.09
[2026-04-24 08:03:03,376][rfdiffusion.inference.model_runners][INFO] - Timestep 38, input to next step: GGGGGGGGGGGGGGGGGGGG--------------------
[2026-04-24 08:03:06,184][rfdiffusion.inference.utils][INFO] - Sampled motif RMSD: 0.08
[2026-04-24 08:03:06,489][rfdiffusion.inference.model_runners][INFO] - Timestep 37, input to next step: GGGGGGGGGGGGGGGGGGGG--------------------
[2026-04-24 08:03:10,389][rfdiffusion.inference.utils][INFO] - Sampled motif RMSD: 0.07
[2026-04-24 08:03:10,584][rfdiffusion.inference.model_runners][INFO] - Timestep 36, input to next step: GGGGGGGGGGGGGGGGGGGG--------------------
[2026-04-24 08:03:14,287][rfdiffusion.inference.utils][INFO] - Sampled motif RMSD: 0.08
[2026-04-24 08:03:14,571][rfdiffusion.inference.model_runners][INFO] - Timestep 35, input to next step: GGGGGGGGGGGGGGGGGGGG--------------------
[2026-04-24 08:03:18,280][rfdiffusion.inference.utils][INFO] - Sampled motif RMSD: 0.08
[2026-04-24 08:03:18,366][rfdiffusion.inference.model_runners][INFO] - Timestep 34, input to next step: GGGGGGGGGGGGGGGGGGGG--------------------
[2026-04-24 08:03:23,044][rfdiffusion.inference.utils][INFO] - Sampled motif RMSD: 0.07
[2026-04-24 08:03:23,198][rfdiffusion.inference.model_runners][INFO] - Timestep 33, input to next step: GGGGGGGGGGGGGGGGGGGG--------------------
[2026-04-24 08:03:25,791][rfdiffusion.inference.utils][INFO] - Sampled motif RMSD: 0.08
[2026-04-24 08:03:26,200][rfdiffusion.inference.model_runners][INFO] - Timestep 32, input to next step: GGGGGGGGGGGGGGGGGGGG--------------------
[2026-04-24 08:03:29,087][rfdiffusion.inference.utils][INFO] - Sampled motif RMSD: 0.08
[2026-04-24 08:03:29,529][rfdiffusion.inference.model_runners][INFO] - Timestep 31, input to next step: GGGGGGGGGGGGGGGGGGGG--------------------
[2026-04-24 08:03:32,364][rfdiffusion.inference.utils][INFO] - Sampled motif RMSD: 0.08
[2026-04-24 08:03:32,780][rfdiffusion.inference.model_runners][INFO] - Timestep 30, input to next step: GGGGGGGGGGGGGGGGGGGG--------------------
[2026-04-24 08:03:36,207][rfdiffusion.inference.utils][INFO] - Sampled motif RMSD: 0.08
[2026-04-24 08:03:36,752][rfdiffusion.inference.model_runners][INFO] - Timestep 29, input to next step: GGGGGGGGGGGGGGGGGGGG--------------------
[2026-04-24 08:03:39,614][rfdiffusion.inference.utils][INFO] - Sampled motif RMSD: 0.08
[2026-04-24 08:03:39,810][rfdiffusion.inference.model_runners][INFO] - Timestep 28, input to next step: GGGGGGGGGGGGGGGGGGGG--------------------
[2026-04-24 08:03:42,934][rfdiffusion.inference.utils][INFO] - Sampled motif RMSD: 0.08
[2026-04-24 08:03:43,260][rfdiffusion.inference.model_runners][INFO] - Timestep 27, input to next step: GGGGGGGGGGGGGGGGGGGG--------------------
[2026-04-24 08:03:46,676][rfdiffusion.inference.utils][INFO] - Sampled motif RMSD: 0.08
[2026-04-24 08:03:46,899][rfdiffusion.inference.model_runners][INFO] - Timestep 26, input to next step: GGGGGGGGGGGGGGGGGGGG--------------------
[2026-04-24 08:03:50,140][rfdiffusion.inference.utils][INFO] - Sampled motif RMSD: 0.08
[2026-04-24 08:03:50,431][rfdiffusion.inference.model_runners][INFO] - Timestep 25, input to next step: GGGGGGGGGGGGGGGGGGGG--------------------
[2026-04-24 08:03:54,413][rfdiffusion.inference.utils][INFO] - Sampled motif RMSD: 0.08
[2026-04-24 08:03:54,742][rfdiffusion.inference.model_runners][INFO] - Timestep 24, input to next step: GGGGGGGGGGGGGGGGGGGG--------------------
[2026-04-24 08:03:57,781][rfdiffusion.inference.utils][INFO] - Sampled motif RMSD: 0.08
[2026-04-24 08:03:58,057][rfdiffusion.inference.model_runners][INFO] - Timestep 23, input to next step: GGGGGGGGGGGGGGGGGGGG--------------------
[2026-04-24 08:04:01,339][rfdiffusion.inference.utils][INFO] - Sampled motif RMSD: 0.08
[2026-04-24 08:04:01,538][rfdiffusion.inference.model_runners][INFO] - Timestep 22, input to next step: GGGGGGGGGGGGGGGGGGGG--------------------
[2026-04-24 08:04:04,341][rfdiffusion.inference.utils][INFO] - Sampled motif RMSD: 0.08
[2026-04-24 08:04:04,549][rfdiffusion.inference.model_runners][INFO] - Timestep 21, input to next step: GGGGGGGGGGGGGGGGGGGG--------------------
[2026-04-24 08:04:07,763][rfdiffusion.inference.utils][INFO] - Sampled motif RMSD: 0.08
[2026-04-24 08:04:07,893][rfdiffusion.inference.model_runners][INFO] - Timestep 20, input to next step: GGGGGGGGGGGGGGGGGGGG--------------------
[2026-04-24 08:04:11,334][rfdiffusion.inference.utils][INFO] - Sampled motif RMSD: 0.08
[2026-04-24 08:04:11,824][rfdiffusion.inference.model_runners][INFO] - Timestep 19, input to next step: GGGGGGGGGGGGGGGGGGGG--------------------
[2026-04-24 08:04:15,073][rfdiffusion.inference.utils][INFO] - Sampled motif RMSD: 0.08
[2026-04-24 08:04:15,155][rfdiffusion.inference.model_runners][INFO] - Timestep 18, input to next step: GGGGGGGGGGGGGGGGGGGG--------------------
[2026-04-24 08:04:19,117][rfdiffusion.inference.utils][INFO] - Sampled motif RMSD: 0.08
[2026-04-24 08:04:19,392][rfdiffusion.inference.model_runners][INFO] - Timestep 17, input to next step: GGGGGGGGGGGGGGGGGGGG--------------------
[2026-04-24 08:04:23,248][rfdiffusion.inference.utils][INFO] - Sampled motif RMSD: 0.08
[2026-04-24 08:04:23,412][rfdiffusion.inference.model_runners][INFO] - Timestep 16, input to next step: GGGGGGGGGGGGGGGGGGGG--------------------
[2026-04-24 08:04:26,400][rfdiffusion.inference.utils][INFO] - Sampled motif RMSD: 0.08
[2026-04-24 08:04:26,512][rfdiffusion.inference.model_runners][INFO] - Timestep 15, input to next step: GGGGGGGGGGGGGGGGGGGG--------------------
[2026-04-24 08:04:29,947][rfdiffusion.inference.utils][INFO] - Sampled motif RMSD: 0.08
[2026-04-24 08:04:30,198][rfdiffusion.inference.model_runners][INFO] - Timestep 14, input to next step: GGGGGGGGGGGGGGGGGGGG--------------------
[2026-04-24 08:04:32,888][rfdiffusion.inference.utils][INFO] - Sampled motif RMSD: 0.08
[2026-04-24 08:04:33,368][rfdiffusion.inference.model_runners][INFO] - Timestep 13, input to next step: GGGGGGGGGGGGGGGGGGGG--------------------
[2026-04-24 08:04:36,321][rfdiffusion.inference.utils][INFO] - Sampled motif RMSD: 0.09
[2026-04-24 08:04:36,557][rfdiffusion.inference.model_runners][INFO] - Timestep 12, input to next step: GGGGGGGGGGGGGGGGGGGG--------------------
[2026-04-24 08:04:39,151][rfdiffusion.inference.utils][INFO] - Sampled motif RMSD: 0.09
[2026-04-24 08:04:39,387][rfdiffusion.inference.model_runners][INFO] - Timestep 11, input to next step: GGGGGGGGGGGGGGGGGGGG--------------------
[2026-04-24 08:04:43,458][rfdiffusion.inference.utils][INFO] - Sampled motif RMSD: 0.09
[2026-04-24 08:04:43,708][rfdiffusion.inference.model_runners][INFO] - Timestep 10, input to next step: GGGGGGGGGGGGGGGGGGGG--------------------
