[2026-04-24 07:27:45,890][__main__][INFO] - Found GPU with device_name NVIDIA A100-SXM4-80GB. Will run RFdiffusion on NVIDIA A100-SXM4-80GB
Reading models from /lambda/nfs/manvi/Team_8_CS598GBL/RFdiffusion/rfdiffusion/inference/../../models
[2026-04-24 07:27:45,891][rfdiffusion.inference.model_runners][INFO] - Reading checkpoint from /lambda/nfs/manvi/Team_8_CS598GBL/RFdiffusion/rfdiffusion/inference/../../models/Base_ckpt.pt
This is inf_conf.ckpt_path
/lambda/nfs/manvi/Team_8_CS598GBL/RFdiffusion/rfdiffusion/inference/../../models/Base_ckpt.pt
Assembling -model, -diffuser and -preprocess configs from checkpoint
USING MODEL CONFIG: self._conf[model][n_extra_block] = 4
USING MODEL CONFIG: self._conf[model][n_main_block] = 32
USING MODEL CONFIG: self._conf[model][n_ref_block] = 4
USING MODEL CONFIG: self._conf[model][d_msa] = 256
USING MODEL CONFIG: self._conf[model][d_msa_full] = 64
USING MODEL CONFIG: self._conf[model][d_pair] = 128
USING MODEL CONFIG: self._conf[model][d_templ] = 64
USING MODEL CONFIG: self._conf[model][n_head_msa] = 8
USING MODEL CONFIG: self._conf[model][n_head_pair] = 4
USING MODEL CONFIG: self._conf[model][n_head_templ] = 4
USING MODEL CONFIG: self._conf[model][d_hidden] = 32
USING MODEL CONFIG: self._conf[model][d_hidden_templ] = 32
USING MODEL CONFIG: self._conf[model][p_drop] = 0.15
USING MODEL CONFIG: self._conf[model][SE3_param_full] = {'num_layers': 1, 'num_channels': 32, 'num_degrees': 2, 'n_heads': 4, 'div': 4, 'l0_in_features': 8, 'l0_out_features': 8, 'l1_in_features': 3, 'l1_out_features': 2, 'num_edge_features': 32}
USING MODEL CONFIG: self._conf[model][SE3_param_topk] = {'num_layers': 1, 'num_channels': 32, 'num_degrees': 2, 'n_heads': 4, 'div': 4, 'l0_in_features': 64, 'l0_out_features': 64, 'l1_in_features': 3, 'l1_out_features': 2, 'num_edge_features': 64}
USING MODEL CONFIG: self._conf[model][freeze_track_motif] = False
USING MODEL CONFIG: self._conf[model][use_motif_timestep] = True
USING MODEL CONFIG: self._conf[diffuser][T] = 50
USING MODEL CONFIG: self._conf[diffuser][b_0] = 0.01
USING MODEL CONFIG: self._conf[diffuser][b_T] = 0.07
USING MODEL CONFIG: self._conf[diffuser][schedule_type] = linear
USING MODEL CONFIG: self._conf[diffuser][so3_type] = igso3
USING MODEL CONFIG: self._conf[diffuser][crd_scale] = 0.25
USING MODEL CONFIG: self._conf[diffuser][so3_schedule_type] = linear
USING MODEL CONFIG: self._conf[diffuser][min_b] = 1.5
USING MODEL CONFIG: self._conf[diffuser][max_b] = 2.5
USING MODEL CONFIG: self._conf[diffuser][min_sigma] = 0.02
USING MODEL CONFIG: self._conf[diffuser][max_sigma] = 1.5
USING MODEL CONFIG: self._conf[preprocess][sidechain_input] = False
USING MODEL CONFIG: self._conf[preprocess][motif_sidechain_input] = True
USING MODEL CONFIG: self._conf[preprocess][d_t1d] = 22
USING MODEL CONFIG: self._conf[preprocess][d_t2d] = 44
USING MODEL CONFIG: self._conf[preprocess][prob_self_cond] = 0.5
USING MODEL CONFIG: self._conf[preprocess][str_self_cond] = True
USING MODEL CONFIG: self._conf[preprocess][predict_previous] = False
[2026-04-24 07:28:49,587][rfdiffusion.inference.model_runners][INFO] - Loading checkpoint.
[2026-04-24 07:29:10,468][rfdiffusion.diffusion][INFO] - Using cached IGSO3.
Successful diffuser __init__
[2026-04-24 07:29:10,516][__main__][INFO] - Making design /lambda/nfs/manvi/Team_8_CS598GBL/outputs/custom90_128_motif_scaffolding/default/len_119/short/scaffold_0
[2026-04-24 07:29:10,531][rfdiffusion.inference.model_runners][INFO] - Using contig: ['23-39/A52-66/23-39']
With this beta schedule (linear schedule, beta_0 = 0.04, beta_T = 0.28), alpha_bar_T = 0.00013696048699785024
[2026-04-24 07:29:11,159][rfdiffusion.inference.model_runners][INFO] - Sequence init: --------------------------GGGGGGGGGGGGGGG---------------------------------------
[2026-04-24 07:29:20,847][rfdiffusion.inference.utils][INFO] - Sampled motif RMSD: 0.15
[2026-04-24 07:29:21,110][rfdiffusion.inference.model_runners][INFO] - Timestep 50, input to next step: --------------------------GGGGGGGGGGGGGGG---------------------------------------
[2026-04-24 07:29:26,671][rfdiffusion.inference.utils][INFO] - Sampled motif RMSD: 0.11
[2026-04-24 07:29:26,936][rfdiffusion.inference.model_runners][INFO] - Timestep 49, input to next step: --------------------------GGGGGGGGGGGGGGG---------------------------------------
[2026-04-24 07:29:31,646][rfdiffusion.inference.utils][INFO] - Sampled motif RMSD: 0.12
[2026-04-24 07:29:31,715][rfdiffusion.inference.model_runners][INFO] - Timestep 48, input to next step: --------------------------GGGGGGGGGGGGGGG---------------------------------------
[2026-04-24 07:29:36,505][rfdiffusion.inference.utils][INFO] - Sampled motif RMSD: 0.13
[2026-04-24 07:29:36,886][rfdiffusion.inference.model_runners][INFO] - Timestep 47, input to next step: --------------------------GGGGGGGGGGGGGGG---------------------------------------
[2026-04-24 07:29:40,135][rfdiffusion.inference.utils][INFO] - Sampled motif RMSD: 0.12
[2026-04-24 07:29:40,470][rfdiffusion.inference.model_runners][INFO] - Timestep 46, input to next step: --------------------------GGGGGGGGGGGGGGG---------------------------------------
[2026-04-24 07:29:42,914][rfdiffusion.inference.utils][INFO] - Sampled motif RMSD: 0.12
[2026-04-24 07:29:43,173][rfdiffusion.inference.model_runners][INFO] - Timestep 45, input to next step: --------------------------GGGGGGGGGGGGGGG---------------------------------------
[2026-04-24 07:29:46,160][rfdiffusion.inference.utils][INFO] - Sampled motif RMSD: 0.12
[2026-04-24 07:29:46,438][rfdiffusion.inference.model_runners][INFO] - Timestep 44, input to next step: --------------------------GGGGGGGGGGGGGGG---------------------------------------
[2026-04-24 07:29:50,690][rfdiffusion.inference.utils][INFO] - Sampled motif RMSD: 0.12
[2026-04-24 07:29:50,854][rfdiffusion.inference.model_runners][INFO] - Timestep 43, input to next step: --------------------------GGGGGGGGGGGGGGG---------------------------------------
[2026-04-24 07:29:57,218][rfdiffusion.inference.utils][INFO] - Sampled motif RMSD: 0.14
[2026-04-24 07:29:57,448][rfdiffusion.inference.model_runners][INFO] - Timestep 42, input to next step: --------------------------GGGGGGGGGGGGGGG---------------------------------------
[2026-04-24 07:30:02,503][rfdiffusion.inference.utils][INFO] - Sampled motif RMSD: 0.12
[2026-04-24 07:30:02,740][rfdiffusion.inference.model_runners][INFO] - Timestep 41, input to next step: --------------------------GGGGGGGGGGGGGGG---------------------------------------
[2026-04-24 07:30:06,563][rfdiffusion.inference.utils][INFO] - Sampled motif RMSD: 0.13
[2026-04-24 07:30:06,742][rfdiffusion.inference.model_runners][INFO] - Timestep 40, input to next step: --------------------------GGGGGGGGGGGGGGG---------------------------------------
[2026-04-24 07:30:09,705][rfdiffusion.inference.utils][INFO] - Sampled motif RMSD: 0.15
[2026-04-24 07:30:09,812][rfdiffusion.inference.model_runners][INFO] - Timestep 39, input to next step: --------------------------GGGGGGGGGGGGGGG---------------------------------------
[2026-04-24 07:30:13,353][rfdiffusion.inference.utils][INFO] - Sampled motif RMSD: 0.15
[2026-04-24 07:30:13,732][rfdiffusion.inference.model_runners][INFO] - Timestep 38, input to next step: --------------------------GGGGGGGGGGGGGGG---------------------------------------
[2026-04-24 07:30:16,554][rfdiffusion.inference.utils][INFO] - Sampled motif RMSD: 0.15
[2026-04-24 07:30:17,122][rfdiffusion.inference.model_runners][INFO] - Timestep 37, input to next step: --------------------------GGGGGGGGGGGGGGG---------------------------------------
[2026-04-24 07:30:20,387][rfdiffusion.inference.utils][INFO] - Sampled motif RMSD: 0.17
[2026-04-24 07:30:20,667][rfdiffusion.inference.model_runners][INFO] - Timestep 36, input to next step: --------------------------GGGGGGGGGGGGGGG---------------------------------------
[2026-04-24 07:30:24,289][rfdiffusion.inference.utils][INFO] - Sampled motif RMSD: 0.16
[2026-04-24 07:30:24,574][rfdiffusion.inference.model_runners][INFO] - Timestep 35, input to next step: --------------------------GGGGGGGGGGGGGGG---------------------------------------
[2026-04-24 07:30:28,010][rfdiffusion.inference.utils][INFO] - Sampled motif RMSD: 0.15
[2026-04-24 07:30:28,252][rfdiffusion.inference.model_runners][INFO] - Timestep 34, input to next step: --------------------------GGGGGGGGGGGGGGG---------------------------------------
[2026-04-24 07:30:31,423][rfdiffusion.inference.utils][INFO] - Sampled motif RMSD: 0.14
[2026-04-24 07:30:31,757][rfdiffusion.inference.model_runners][INFO] - Timestep 33, input to next step: --------------------------GGGGGGGGGGGGGGG---------------------------------------
[2026-04-24 07:30:34,991][rfdiffusion.inference.utils][INFO] - Sampled motif RMSD: 0.13
[2026-04-24 07:30:35,239][rfdiffusion.inference.model_runners][INFO] - Timestep 32, input to next step: --------------------------GGGGGGGGGGGGGGG---------------------------------------
[2026-04-24 07:30:38,982][rfdiffusion.inference.utils][INFO] - Sampled motif RMSD: 0.13
[2026-04-24 07:30:39,219][rfdiffusion.inference.model_runners][INFO] - Timestep 31, input to next step: --------------------------GGGGGGGGGGGGGGG---------------------------------------
[2026-04-24 07:30:42,957][rfdiffusion.inference.utils][INFO] - Sampled motif RMSD: 0.11
[2026-04-24 07:30:43,205][rfdiffusion.inference.model_runners][INFO] - Timestep 30, input to next step: --------------------------GGGGGGGGGGGGGGG---------------------------------------
[2026-04-24 07:30:46,716][rfdiffusion.inference.utils][INFO] - Sampled motif RMSD: 0.11
[2026-04-24 07:30:46,962][rfdiffusion.inference.model_runners][INFO] - Timestep 29, input to next step: --------------------------GGGGGGGGGGGGGGG---------------------------------------
[2026-04-24 07:30:50,050][rfdiffusion.inference.utils][INFO] - Sampled motif RMSD: 0.10
[2026-04-24 07:30:50,278][rfdiffusion.inference.model_runners][INFO] - Timestep 28, input to next step: --------------------------GGGGGGGGGGGGGGG---------------------------------------
[2026-04-24 07:30:53,726][rfdiffusion.inference.utils][INFO] - Sampled motif RMSD: 0.10
[2026-04-24 07:30:53,930][rfdiffusion.inference.model_runners][INFO] - Timestep 27, input to next step: --------------------------GGGGGGGGGGGGGGG---------------------------------------
[2026-04-24 07:30:56,679][rfdiffusion.inference.utils][INFO] - Sampled motif RMSD: 0.11
[2026-04-24 07:30:56,796][rfdiffusion.inference.model_runners][INFO] - Timestep 26, input to next step: --------------------------GGGGGGGGGGGGGGG---------------------------------------
[2026-04-24 07:31:00,611][rfdiffusion.inference.utils][INFO] - Sampled motif RMSD: 0.11
[2026-04-24 07:31:00,844][rfdiffusion.inference.model_runners][INFO] - Timestep 25, input to next step: --------------------------GGGGGGGGGGGGGGG---------------------------------------
[2026-04-24 07:31:03,701][rfdiffusion.inference.utils][INFO] - Sampled motif RMSD: 0.10
[2026-04-24 07:31:04,073][rfdiffusion.inference.model_runners][INFO] - Timestep 24, input to next step: --------------------------GGGGGGGGGGGGGGG---------------------------------------
[2026-04-24 07:31:08,015][rfdiffusion.inference.utils][INFO] - Sampled motif RMSD: 0.10
[2026-04-24 07:31:08,333][rfdiffusion.inference.model_runners][INFO] - Timestep 23, input to next step: --------------------------GGGGGGGGGGGGGGG---------------------------------------
[2026-04-24 07:31:12,893][rfdiffusion.inference.utils][INFO] - Sampled motif RMSD: 0.11
[2026-04-24 07:31:13,207][rfdiffusion.inference.model_runners][INFO] - Timestep 22, input to next step: --------------------------GGGGGGGGGGGGGGG---------------------------------------
[2026-04-24 07:31:16,012][rfdiffusion.inference.utils][INFO] - Sampled motif RMSD: 0.10
[2026-04-24 07:31:16,315][rfdiffusion.inference.model_runners][INFO] - Timestep 21, input to next step: --------------------------GGGGGGGGGGGGGGG---------------------------------------
[2026-04-24 07:31:19,344][rfdiffusion.inference.utils][INFO] - Sampled motif RMSD: 0.09
[2026-04-24 07:31:19,714][rfdiffusion.inference.model_runners][INFO] - Timestep 20, input to next step: --------------------------GGGGGGGGGGGGGGG---------------------------------------
[2026-04-24 07:31:23,805][rfdiffusion.inference.utils][INFO] - Sampled motif RMSD: 0.10
[2026-04-24 07:31:23,997][rfdiffusion.inference.model_runners][INFO] - Timestep 19, input to next step: --------------------------GGGGGGGGGGGGGGG---------------------------------------
[2026-04-24 07:31:28,645][rfdiffusion.inference.utils][INFO] - Sampled motif RMSD: 0.09
[2026-04-24 07:31:28,990][rfdiffusion.inference.model_runners][INFO] - Timestep 18, input to next step: --------------------------GGGGGGGGGGGGGGG---------------------------------------
[2026-04-24 07:31:33,277][rfdiffusion.inference.utils][INFO] - Sampled motif RMSD: 0.09
[2026-04-24 07:31:33,556][rfdiffusion.inference.model_runners][INFO] - Timestep 17, input to next step: --------------------------GGGGGGGGGGGGGGG---------------------------------------
[2026-04-24 07:31:37,501][rfdiffusion.inference.utils][INFO] - Sampled motif RMSD: 0.10
[2026-04-24 07:31:37,680][rfdiffusion.inference.model_runners][INFO] - Timestep 16, input to next step: --------------------------GGGGGGGGGGGGGGG---------------------------------------
[2026-04-24 07:31:41,267][rfdiffusion.inference.utils][INFO] - Sampled motif RMSD: 0.10
[2026-04-24 07:31:41,551][rfdiffusion.inference.model_runners][INFO] - Timestep 15, input to next step: --------------------------GGGGGGGGGGGGGGG---------------------------------------
[2026-04-24 07:31:45,019][rfdiffusion.inference.utils][INFO] - Sampled motif RMSD: 0.10
[2026-04-24 07:31:45,402][rfdiffusion.inference.model_runners][INFO] - Timestep 14, input to next step: --------------------------GGGGGGGGGGGGGGG---------------------------------------
[2026-04-24 07:31:48,627][rfdiffusion.inference.utils][INFO] - Sampled motif RMSD: 0.09
[2026-04-24 07:31:48,943][rfdiffusion.inference.model_runners][INFO] - Timestep 13, input to next step: --------------------------GGGGGGGGGGGGGGG---------------------------------------
[2026-04-24 07:31:52,578][rfdiffusion.inference.utils][INFO] - Sampled motif RMSD: 0.09
[2026-04-24 07:31:52,880][rfdiffusion.inference.model_runners][INFO] - Timestep 12, input to next step: --------------------------GGGGGGGGGGGGGGG---------------------------------------
[2026-04-24 07:31:56,907][rfdiffusion.inference.utils][INFO] - Sampled motif RMSD: 0.10
[2026-04-24 07:31:57,163][rfdiffusion.inference.model_runners][INFO] - Timestep 11, input to next step: --------------------------GGGGGGGGGGGGGGG---------------------------------------
[2026-04-24 07:32:01,629][rfdiffusion.inference.utils][INFO] - Sampled motif RMSD: 0.10
[2026-04-24 07:32:02,061][rfdiffusion.inference.model_runners][INFO] - Timestep 10, input to next step: --------------------------GGGGGGGGGGGGGGG---------------------------------------
[2026-04-24 07:32:06,718][rfdiffusion.inference.utils][INFO] - Sampled motif RMSD: 0.10
[2026-04-24 07:32:07,215][rfdiffusion.inference.model_runners][INFO] - Timestep 9, input to next step: --------------------------GGGGGGGGGGGGGGG---------------------------------------
[2026-04-24 07:32:09,875][rfdiffusion.inference.utils][INFO] - Sampled motif RMSD: 0.10
[2026-04-24 07:32:10,265][rfdiffusion.inference.model_runners][INFO] - Timestep 8, input to next step: --------------------------GGGGGGGGGGGGGGG---------------------------------------
[2026-04-24 07:32:14,026][rfdiffusion.inference.utils][INFO] - Sampled motif RMSD: 0.11
[2026-04-24 07:32:14,579][rfdiffusion.inference.model_runners][INFO] - Timestep 7, input to next step: --------------------------GGGGGGGGGGGGGGG---------------------------------------
[2026-04-24 07:32:18,673][rfdiffusion.inference.utils][INFO] - Sampled motif RMSD: 0.11
[2026-04-24 07:32:19,064][rfdiffusion.inference.model_runners][INFO] - Timestep 6, input to next step: --------------------------GGGGGGGGGGGGGGG---------------------------------------
[2026-04-24 07:32:24,428][rfdiffusion.inference.utils][INFO] - Sampled motif RMSD: 0.10
[2026-04-24 07:32:24,700][rfdiffusion.inference.model_runners][INFO] - Timestep 5, input to next step: --------------------------GGGGGGGGGGGGGGG---------------------------------------
[2026-04-24 07:32:30,128][rfdiffusion.inference.utils][INFO] - Sampled motif RMSD: 0.10
[2026-04-24 07:32:30,499][rfdiffusion.inference.model_runners][INFO] - Timestep 4, input to next step: --------------------------GGGGGGGGGGGGGGG---------------------------------------
[2026-04-24 07:32:34,720][rfdiffusion.inference.utils][INFO] - Sampled motif RMSD: 0.10
[2026-04-24 07:32:35,082][rfdiffusion.inference.model_runners][INFO] - Timestep 3, input to next step: --------------------------GGGGGGGGGGGGGGG---------------------------------------
[2026-04-24 07:32:39,680][rfdiffusion.inference.utils][INFO] - Sampled motif RMSD: 0.10
[2026-04-24 07:32:39,892][rfdiffusion.inference.model_runners][INFO] - Timestep 2, input to next step: --------------------------GGGGGGGGGGGGGGG---------------------------------------
[2026-04-24 07:32:48,854][__main__][INFO] - Finished design in 3.64 minutes
[2026-04-24 07:32:48,861][__main__][INFO] - Making design /lambda/nfs/manvi/Team_8_CS598GBL/outputs/custom90_128_motif_scaffolding/default/len_119/short/scaffold_1
[2026-04-24 07:32:48,901][rfdiffusion.inference.model_runners][INFO] - Using contig: ['23-39/A52-66/23-39']
With this beta schedule (linear schedule, beta_0 = 0.04, beta_T = 0.28), alpha_bar_T = 0.00013696048699785024
[2026-04-24 07:32:49,449][rfdiffusion.inference.model_runners][INFO] - Sequence init: ---------------------------------------GGGGGGGGGGGGGGG---------------------------------------
[2026-04-24 07:32:54,642][rfdiffusion.inference.utils][INFO] - Sampled motif RMSD: 0.19
[2026-04-24 07:32:55,119][rfdiffusion.inference.model_runners][INFO] - Timestep 50, input to next step: ---------------------------------------GGGGGGGGGGGGGGG---------------------------------------
[2026-04-24 07:33:00,903][rfdiffusion.inference.utils][INFO] - Sampled motif RMSD: 0.14
[2026-04-24 07:33:01,120][rfdiffusion.inference.model_runners][INFO] - Timestep 49, input to next step: ---------------------------------------GGGGGGGGGGGGGGG---------------------------------------
[2026-04-24 07:33:07,344][rfdiffusion.inference.utils][INFO] - Sampled motif RMSD: 0.12
[2026-04-24 07:33:07,654][rfdiffusion.inference.model_runners][INFO] - Timestep 48, input to next step: ---------------------------------------GGGGGGGGGGGGGGG---------------------------------------
[2026-04-24 07:33:10,840][rfdiffusion.inference.utils][INFO] - Sampled motif RMSD: 0.11
[2026-04-24 07:33:11,163][rfdiffusion.inference.model_runners][INFO] - Timestep 47, input to next step: ---------------------------------------GGGGGGGGGGGGGGG---------------------------------------
[2026-04-24 07:33:15,326][rfdiffusion.inference.utils][INFO] - Sampled motif RMSD: 0.10
[2026-04-24 07:33:15,605][rfdiffusion.inference.model_runners][INFO] - Timestep 46, input to next step: ---------------------------------------GGGGGGGGGGGGGGG---------------------------------------
[2026-04-24 07:33:20,863][rfdiffusion.inference.utils][INFO] - Sampled motif RMSD: 0.12
[2026-04-24 07:33:21,104][rfdiffusion.inference.model_runners][INFO] - Timestep 45, input to next step: ---------------------------------------GGGGGGGGGGGGGGG---------------------------------------
[2026-04-24 07:33:25,672][rfdiffusion.inference.utils][INFO] - Sampled motif RMSD: 0.11
[2026-04-24 07:33:26,045][rfdiffusion.inference.model_runners][INFO] - Timestep 44, input to next step: ---------------------------------------GGGGGGGGGGGGGGG---------------------------------------
[2026-04-24 07:33:31,292][rfdiffusion.inference.utils][INFO] - Sampled motif RMSD: 0.13
[2026-04-24 07:33:31,634][rfdiffusion.inference.model_runners][INFO] - Timestep 43, input to next step: ---------------------------------------GGGGGGGGGGGGGGG---------------------------------------
[2026-04-24 07:33:34,488][rfdiffusion.inference.utils][INFO] - Sampled motif RMSD: 0.12
[2026-04-24 07:33:34,752][rfdiffusion.inference.model_runners][INFO] - Timestep 42, input to next step: ---------------------------------------GGGGGGGGGGGGGGG---------------------------------------
[2026-04-24 07:33:38,619][rfdiffusion.inference.utils][INFO] - Sampled motif RMSD: 0.13
[2026-04-24 07:33:38,847][rfdiffusion.inference.model_runners][INFO] - Timestep 41, input to next step: ---------------------------------------GGGGGGGGGGGGGGG---------------------------------------
[2026-04-24 07:33:43,201][rfdiffusion.inference.utils][INFO] - Sampled motif RMSD: 0.14
[2026-04-24 07:33:43,580][rfdiffusion.inference.model_runners][INFO] - Timestep 40, input to next step: ---------------------------------------GGGGGGGGGGGGGGG---------------------------------------
[2026-04-24 07:33:48,354][rfdiffusion.inference.utils][INFO] - Sampled motif RMSD: 0.14
[2026-04-24 07:33:48,645][rfdiffusion.inference.model_runners][INFO] - Timestep 39, input to next step: ---------------------------------------GGGGGGGGGGGGGGG---------------------------------------
[2026-04-24 07:33:54,232][rfdiffusion.inference.utils][INFO] - Sampled motif RMSD: 0.13
[2026-04-24 07:33:54,475][rfdiffusion.inference.model_runners][INFO] - Timestep 38, input to next step: ---------------------------------------GGGGGGGGGGGGGGG---------------------------------------
[2026-04-24 07:33:59,365][rfdiffusion.inference.utils][INFO] - Sampled motif RMSD: 0.13
[2026-04-24 07:33:59,764][rfdiffusion.inference.model_runners][INFO] - Timestep 37, input to next step: ---------------------------------------GGGGGGGGGGGGGGG---------------------------------------
[2026-04-24 07:34:03,675][rfdiffusion.inference.utils][INFO] - Sampled motif RMSD: 0.12
[2026-04-24 07:34:03,986][rfdiffusion.inference.model_runners][INFO] - Timestep 36, input to next step: ---------------------------------------GGGGGGGGGGGGGGG---------------------------------------
[2026-04-24 07:34:07,438][rfdiffusion.inference.utils][INFO] - Sampled motif RMSD: 0.12
[2026-04-24 07:34:07,869][rfdiffusion.inference.model_runners][INFO] - Timestep 35, input to next step: ---------------------------------------GGGGGGGGGGGGGGG---------------------------------------
[2026-04-24 07:34:11,806][rfdiffusion.inference.utils][INFO] - Sampled motif RMSD: 0.12
[2026-04-24 07:34:11,969][rfdiffusion.inference.model_runners][INFO] - Timestep 34, input to next step: ---------------------------------------GGGGGGGGGGGGGGG---------------------------------------
[2026-04-24 07:34:16,816][rfdiffusion.inference.utils][INFO] - Sampled motif RMSD: 0.12
[2026-04-24 07:34:17,072][rfdiffusion.inference.model_runners][INFO] - Timestep 33, input to next step: ---------------------------------------GGGGGGGGGGGGGGG---------------------------------------
[2026-04-24 07:34:20,336][rfdiffusion.inference.utils][INFO] - Sampled motif RMSD: 0.11
[2026-04-24 07:34:20,961][rfdiffusion.inference.model_runners][INFO] - Timestep 32, input to next step: ---------------------------------------GGGGGGGGGGGGGGG---------------------------------------
[2026-04-24 07:34:24,884][rfdiffusion.inference.utils][INFO] - Sampled motif RMSD: 0.10
[2026-04-24 07:34:25,356][rfdiffusion.inference.model_runners][INFO] - Timestep 31, input to next step: ---------------------------------------GGGGGGGGGGGGGGG---------------------------------------
[2026-04-24 07:34:31,074][rfdiffusion.inference.utils][INFO] - Sampled motif RMSD: 0.11
[2026-04-24 07:34:31,491][rfdiffusion.inference.model_runners][INFO] - Timestep 30, input to next step: ---------------------------------------GGGGGGGGGGGGGGG---------------------------------------
[2026-04-24 07:34:34,748][rfdiffusion.inference.utils][INFO] - Sampled motif RMSD: 0.11
[2026-04-24 07:34:35,085][rfdiffusion.inference.model_runners][INFO] - Timestep 29, input to next step: ---------------------------------------GGGGGGGGGGGGGGG---------------------------------------
[2026-04-24 07:34:40,201][rfdiffusion.inference.utils][INFO] - Sampled motif RMSD: 0.09
[2026-04-24 07:34:40,579][rfdiffusion.inference.model_runners][INFO] - Timestep 28, input to next step: ---------------------------------------GGGGGGGGGGGGGGG---------------------------------------
[2026-04-24 07:34:45,495][rfdiffusion.inference.utils][INFO] - Sampled motif RMSD: 0.08
[2026-04-24 07:34:45,974][rfdiffusion.inference.model_runners][INFO] - Timestep 27, input to next step: ---------------------------------------GGGGGGGGGGGGGGG---------------------------------------
[2026-04-24 07:34:50,934][rfdiffusion.inference.utils][INFO] - Sampled motif RMSD: 0.08
[2026-04-24 07:34:51,156][rfdiffusion.inference.model_runners][INFO] - Timestep 26, input to next step: ---------------------------------------GGGGGGGGGGGGGGG---------------------------------------
[2026-04-24 07:34:56,359][rfdiffusion.inference.utils][INFO] - Sampled motif RMSD: 0.08
[2026-04-24 07:34:56,721][rfdiffusion.inference.model_runners][INFO] - Timestep 25, input to next step: ---------------------------------------GGGGGGGGGGGGGGG---------------------------------------
[2026-04-24 07:35:01,841][rfdiffusion.inference.utils][INFO] - Sampled motif RMSD: 0.08
[2026-04-24 07:35:02,205][rfdiffusion.inference.model_runners][INFO] - Timestep 24, input to next step: ---------------------------------------GGGGGGGGGGGGGGG---------------------------------------
[2026-04-24 07:35:06,139][rfdiffusion.inference.utils][INFO] - Sampled motif RMSD: 0.08
[2026-04-24 07:35:06,554][rfdiffusion.inference.model_runners][INFO] - Timestep 23, input to next step: ---------------------------------------GGGGGGGGGGGGGGG---------------------------------------
[2026-04-24 07:35:11,209][rfdiffusion.inference.utils][INFO] - Sampled motif RMSD: 0.09
[2026-04-24 07:35:11,564][rfdiffusion.inference.model_runners][INFO] - Timestep 22, input to next step: ---------------------------------------GGGGGGGGGGGGGGG---------------------------------------
[2026-04-24 07:35:14,956][rfdiffusion.inference.utils][INFO] - Sampled motif RMSD: 0.08
[2026-04-24 07:35:15,346][rfdiffusion.inference.model_runners][INFO] - Timestep 21, input to next step: ---------------------------------------GGGGGGGGGGGGGGG---------------------------------------
[2026-04-24 07:35:18,675][rfdiffusion.inference.utils][INFO] - Sampled motif RMSD: 0.08
[2026-04-24 07:35:18,881][rfdiffusion.inference.model_runners][INFO] - Timestep 20, input to next step: ---------------------------------------GGGGGGGGGGGGGGG---------------------------------------
[2026-04-24 07:35:22,662][rfdiffusion.inference.utils][INFO] - Sampled motif RMSD: 0.09
[2026-04-24 07:35:23,008][rfdiffusion.inference.model_runners][INFO] - Timestep 19, input to next step: ---------------------------------------GGGGGGGGGGGGGGG---------------------------------------
[2026-04-24 07:35:26,666][rfdiffusion.inference.utils][INFO] - Sampled motif RMSD: 0.10
[2026-04-24 07:35:26,874][rfdiffusion.inference.model_runners][INFO] - Timestep 18, input to next step: ---------------------------------------GGGGGGGGGGGGGGG---------------------------------------
[2026-04-24 07:35:30,863][rfdiffusion.inference.utils][INFO] - Sampled motif RMSD: 0.10
[2026-04-24 07:35:31,114][rfdiffusion.inference.model_runners][INFO] - Timestep 17, input to next step: ---------------------------------------GGGGGGGGGGGGGGG---------------------------------------
[2026-04-24 07:35:35,677][rfdiffusion.inference.utils][INFO] - Sampled motif RMSD: 0.11
[2026-04-24 07:35:35,951][rfdiffusion.inference.model_runners][INFO] - Timestep 16, input to next step: ---------------------------------------GGGGGGGGGGGGGGG---------------------------------------
[2026-04-24 07:35:41,605][rfdiffusion.inference.utils][INFO] - Sampled motif RMSD: 0.12
[2026-04-24 07:35:42,000][rfdiffusion.inference.model_runners][INFO] - Timestep 15, input to next step: ---------------------------------------GGGGGGGGGGGGGGG---------------------------------------
[2026-04-24 07:35:45,279][rfdiffusion.inference.utils][INFO] - Sampled motif RMSD: 0.12
[2026-04-24 07:35:45,620][rfdiffusion.inference.model_runners][INFO] - Timestep 14, input to next step: ---------------------------------------GGGGGGGGGGGGGGG---------------------------------------
[2026-04-24 07:35:51,267][rfdiffusion.inference.utils][INFO] - Sampled motif RMSD: 0.11
[2026-04-24 07:35:51,454][rfdiffusion.inference.model_runners][INFO] - Timestep 13, input to next step: ---------------------------------------GGGGGGGGGGGGGGG---------------------------------------
[2026-04-24 07:35:55,807][rfdiffusion.inference.utils][INFO] - Sampled motif RMSD: 0.13
[2026-04-24 07:35:56,187][rfdiffusion.inference.model_runners][INFO] - Timestep 12, input to next step: ---------------------------------------GGGGGGGGGGGGGGG---------------------------------------
[2026-04-24 07:35:59,844][rfdiffusion.inference.utils][INFO] - Sampled motif RMSD: 0.14
[2026-04-24 07:36:00,182][rfdiffusion.inference.model_runners][INFO] - Timestep 11, input to next step: ---------------------------------------GGGGGGGGGGGGGGG---------------------------------------
[2026-04-24 07:36:05,857][rfdiffusion.inference.utils][INFO] - Sampled motif RMSD: 0.14
[2026-04-24 07:36:06,057][rfdiffusion.inference.model_runners][INFO] - Timestep 10, input to next step: ---------------------------------------GGGGGGGGGGGGGGG---------------------------------------
[2026-04-24 07:36:10,552][rfdiffusion.inference.utils][INFO] - Sampled motif RMSD: 0.13
[2026-04-24 07:36:10,725][rfdiffusion.inference.model_runners][INFO] - Timestep 9, input to next step: ---------------------------------------GGGGGGGGGGGGGGG---------------------------------------
[2026-04-24 07:36:15,359][rfdiffusion.inference.utils][INFO] - Sampled motif RMSD: 0.12
[2026-04-24 07:36:15,584][rfdiffusion.inference.model_runners][INFO] - Timestep 8, input to next step: ---------------------------------------GGGGGGGGGGGGGGG---------------------------------------
[2026-04-24 07:36:20,008][rfdiffusion.inference.utils][INFO] - Sampled motif RMSD: 0.11
[2026-04-24 07:36:20,212][rfdiffusion.inference.model_runners][INFO] - Timestep 7, input to next step: ---------------------------------------GGGGGGGGGGGGGGG---------------------------------------
[2026-04-24 07:36:24,989][rfdiffusion.inference.utils][INFO] - Sampled motif RMSD: 0.11
[2026-04-24 07:36:25,417][rfdiffusion.inference.model_runners][INFO] - Timestep 6, input to next step: ---------------------------------------GGGGGGGGGGGGGGG---------------------------------------
[2026-04-24 07:36:29,921][rfdiffusion.inference.utils][INFO] - Sampled motif RMSD: 0.12
[2026-04-24 07:36:30,205][rfdiffusion.inference.model_runners][INFO] - Timestep 5, input to next step: ---------------------------------------GGGGGGGGGGGGGGG---------------------------------------
[2026-04-24 07:36:34,280][rfdiffusion.inference.utils][INFO] - Sampled motif RMSD: 0.12
[2026-04-24 07:36:34,576][rfdiffusion.inference.model_runners][INFO] - Timestep 4, input to next step: ---------------------------------------GGGGGGGGGGGGGGG---------------------------------------
[2026-04-24 07:36:38,428][rfdiffusion.inference.utils][INFO] - Sampled motif RMSD: 0.13
[2026-04-24 07:36:38,622][rfdiffusion.inference.model_runners][INFO] - Timestep 3, input to next step: ---------------------------------------GGGGGGGGGGGGGGG---------------------------------------
[2026-04-24 07:36:43,123][rfdiffusion.inference.utils][INFO] - Sampled motif RMSD: 0.14
[2026-04-24 07:36:43,417][rfdiffusion.inference.model_runners][INFO] - Timestep 2, input to next step: ---------------------------------------GGGGGGGGGGGGGGG---------------------------------------
[2026-04-24 07:36:52,187][__main__][INFO] - Finished design in 4.06 minutes
