[2026-04-24 06:09:34,561][__main__][INFO] - Found GPU with device_name NVIDIA A100-SXM4-80GB. Will run RFdiffusion on NVIDIA A100-SXM4-80GB
Reading models from /lambda/nfs/manvi/Team_8_CS598GBL/RFdiffusion/rfdiffusion/inference/../../models
[2026-04-24 06:09:34,565][rfdiffusion.inference.model_runners][INFO] - Reading checkpoint from /lambda/nfs/manvi/Team_8_CS598GBL/RFdiffusion/rfdiffusion/inference/../../models/Base_ckpt.pt
This is inf_conf.ckpt_path
/lambda/nfs/manvi/Team_8_CS598GBL/RFdiffusion/rfdiffusion/inference/../../models/Base_ckpt.pt
Assembling -model, -diffuser and -preprocess configs from checkpoint
USING MODEL CONFIG: self._conf[model][n_extra_block] = 4
USING MODEL CONFIG: self._conf[model][n_main_block] = 32
USING MODEL CONFIG: self._conf[model][n_ref_block] = 4
USING MODEL CONFIG: self._conf[model][d_msa] = 256
USING MODEL CONFIG: self._conf[model][d_msa_full] = 64
USING MODEL CONFIG: self._conf[model][d_pair] = 128
USING MODEL CONFIG: self._conf[model][d_templ] = 64
USING MODEL CONFIG: self._conf[model][n_head_msa] = 8
USING MODEL CONFIG: self._conf[model][n_head_pair] = 4
USING MODEL CONFIG: self._conf[model][n_head_templ] = 4
USING MODEL CONFIG: self._conf[model][d_hidden] = 32
USING MODEL CONFIG: self._conf[model][d_hidden_templ] = 32
USING MODEL CONFIG: self._conf[model][p_drop] = 0.15
USING MODEL CONFIG: self._conf[model][SE3_param_full] = {'num_layers': 1, 'num_channels': 32, 'num_degrees': 2, 'n_heads': 4, 'div': 4, 'l0_in_features': 8, 'l0_out_features': 8, 'l1_in_features': 3, 'l1_out_features': 2, 'num_edge_features': 32}
USING MODEL CONFIG: self._conf[model][SE3_param_topk] = {'num_layers': 1, 'num_channels': 32, 'num_degrees': 2, 'n_heads': 4, 'div': 4, 'l0_in_features': 64, 'l0_out_features': 64, 'l1_in_features': 3, 'l1_out_features': 2, 'num_edge_features': 64}
USING MODEL CONFIG: self._conf[model][freeze_track_motif] = False
USING MODEL CONFIG: self._conf[model][use_motif_timestep] = True
USING MODEL CONFIG: self._conf[diffuser][T] = 50
USING MODEL CONFIG: self._conf[diffuser][b_0] = 0.01
USING MODEL CONFIG: self._conf[diffuser][b_T] = 0.07
USING MODEL CONFIG: self._conf[diffuser][schedule_type] = linear
USING MODEL CONFIG: self._conf[diffuser][so3_type] = igso3
USING MODEL CONFIG: self._conf[diffuser][crd_scale] = 0.25
USING MODEL CONFIG: self._conf[diffuser][so3_schedule_type] = linear
USING MODEL CONFIG: self._conf[diffuser][min_b] = 1.5
USING MODEL CONFIG: self._conf[diffuser][max_b] = 2.5
USING MODEL CONFIG: self._conf[diffuser][min_sigma] = 0.02
USING MODEL CONFIG: self._conf[diffuser][max_sigma] = 1.5
USING MODEL CONFIG: self._conf[preprocess][sidechain_input] = False
USING MODEL CONFIG: self._conf[preprocess][motif_sidechain_input] = True
USING MODEL CONFIG: self._conf[preprocess][d_t1d] = 22
USING MODEL CONFIG: self._conf[preprocess][d_t2d] = 44
USING MODEL CONFIG: self._conf[preprocess][prob_self_cond] = 0.5
USING MODEL CONFIG: self._conf[preprocess][str_self_cond] = True
USING MODEL CONFIG: self._conf[preprocess][predict_previous] = False
[2026-04-24 06:10:19,048][rfdiffusion.inference.model_runners][INFO] - Loading checkpoint.
[2026-04-24 06:10:25,850][rfdiffusion.diffusion][INFO] - Using cached IGSO3.
Successful diffuser __init__
[2026-04-24 06:10:25,876][__main__][INFO] - Making design /lambda/nfs/manvi/Team_8_CS598GBL/outputs/custom90_128_motif_scaffolding/default/len_090/nterm/scaffold_0
[2026-04-24 06:10:25,882][rfdiffusion.inference.model_runners][INFO] - Using contig: ['A1-19/18-30']
With this beta schedule (linear schedule, beta_0 = 0.04, beta_T = 0.28), alpha_bar_T = 0.00013696048699785024
[2026-04-24 06:10:26,008][rfdiffusion.inference.model_runners][INFO] - Sequence init: GGGGGGGGGGGGGGGGGGG---------------------
[2026-04-24 06:10:28,613][rfdiffusion.inference.utils][INFO] - Sampled motif RMSD: 0.35
[2026-04-24 06:10:28,692][rfdiffusion.inference.model_runners][INFO] - Timestep 50, input to next step: GGGGGGGGGGGGGGGGGGG---------------------
[2026-04-24 06:10:30,430][rfdiffusion.inference.utils][INFO] - Sampled motif RMSD: 0.29
[2026-04-24 06:10:30,802][rfdiffusion.inference.model_runners][INFO] - Timestep 49, input to next step: GGGGGGGGGGGGGGGGGGG---------------------
[2026-04-24 06:10:33,237][rfdiffusion.inference.utils][INFO] - Sampled motif RMSD: 0.26
[2026-04-24 06:10:33,364][rfdiffusion.inference.model_runners][INFO] - Timestep 48, input to next step: GGGGGGGGGGGGGGGGGGG---------------------
[2026-04-24 06:10:36,078][rfdiffusion.inference.utils][INFO] - Sampled motif RMSD: 0.27
[2026-04-24 06:10:36,233][rfdiffusion.inference.model_runners][INFO] - Timestep 47, input to next step: GGGGGGGGGGGGGGGGGGG---------------------
[2026-04-24 06:10:38,943][rfdiffusion.inference.utils][INFO] - Sampled motif RMSD: 0.25
[2026-04-24 06:10:39,208][rfdiffusion.inference.model_runners][INFO] - Timestep 46, input to next step: GGGGGGGGGGGGGGGGGGG---------------------
[2026-04-24 06:10:41,823][rfdiffusion.inference.utils][INFO] - Sampled motif RMSD: 0.25
[2026-04-24 06:10:42,033][rfdiffusion.inference.model_runners][INFO] - Timestep 45, input to next step: GGGGGGGGGGGGGGGGGGG---------------------
[2026-04-24 06:10:45,830][rfdiffusion.inference.utils][INFO] - Sampled motif RMSD: 0.25
[2026-04-24 06:10:46,065][rfdiffusion.inference.model_runners][INFO] - Timestep 44, input to next step: GGGGGGGGGGGGGGGGGGG---------------------
[2026-04-24 06:10:50,346][rfdiffusion.inference.utils][INFO] - Sampled motif RMSD: 0.24
[2026-04-24 06:10:50,565][rfdiffusion.inference.model_runners][INFO] - Timestep 43, input to next step: GGGGGGGGGGGGGGGGGGG---------------------
[2026-04-24 06:10:54,613][rfdiffusion.inference.utils][INFO] - Sampled motif RMSD: 0.24
[2026-04-24 06:10:54,708][rfdiffusion.inference.model_runners][INFO] - Timestep 42, input to next step: GGGGGGGGGGGGGGGGGGG---------------------
[2026-04-24 06:10:58,338][rfdiffusion.inference.utils][INFO] - Sampled motif RMSD: 0.25
[2026-04-24 06:10:58,412][rfdiffusion.inference.model_runners][INFO] - Timestep 41, input to next step: GGGGGGGGGGGGGGGGGGG---------------------
[2026-04-24 06:11:02,865][rfdiffusion.inference.utils][INFO] - Sampled motif RMSD: 0.26
[2026-04-24 06:11:03,073][rfdiffusion.inference.model_runners][INFO] - Timestep 40, input to next step: GGGGGGGGGGGGGGGGGGG---------------------
[2026-04-24 06:11:07,823][rfdiffusion.inference.utils][INFO] - Sampled motif RMSD: 0.28
[2026-04-24 06:11:08,169][rfdiffusion.inference.model_runners][INFO] - Timestep 39, input to next step: GGGGGGGGGGGGGGGGGGG---------------------
[2026-04-24 06:11:12,170][rfdiffusion.inference.utils][INFO] - Sampled motif RMSD: 0.26
[2026-04-24 06:11:12,493][rfdiffusion.inference.model_runners][INFO] - Timestep 38, input to next step: GGGGGGGGGGGGGGGGGGG---------------------
[2026-04-24 06:11:15,816][rfdiffusion.inference.utils][INFO] - Sampled motif RMSD: 0.26
[2026-04-24 06:11:16,203][rfdiffusion.inference.model_runners][INFO] - Timestep 37, input to next step: GGGGGGGGGGGGGGGGGGG---------------------
[2026-04-24 06:11:19,851][rfdiffusion.inference.utils][INFO] - Sampled motif RMSD: 0.29
[2026-04-24 06:11:20,286][rfdiffusion.inference.model_runners][INFO] - Timestep 36, input to next step: GGGGGGGGGGGGGGGGGGG---------------------
[2026-04-24 06:11:23,545][rfdiffusion.inference.utils][INFO] - Sampled motif RMSD: 0.29
[2026-04-24 06:11:23,817][rfdiffusion.inference.model_runners][INFO] - Timestep 35, input to next step: GGGGGGGGGGGGGGGGGGG---------------------
[2026-04-24 06:11:28,250][rfdiffusion.inference.utils][INFO] - Sampled motif RMSD: 0.30
[2026-04-24 06:11:28,547][rfdiffusion.inference.model_runners][INFO] - Timestep 34, input to next step: GGGGGGGGGGGGGGGGGGG---------------------
[2026-04-24 06:11:31,542][rfdiffusion.inference.utils][INFO] - Sampled motif RMSD: 0.31
[2026-04-24 06:11:31,948][rfdiffusion.inference.model_runners][INFO] - Timestep 33, input to next step: GGGGGGGGGGGGGGGGGGG---------------------
[2026-04-24 06:11:35,600][rfdiffusion.inference.utils][INFO] - Sampled motif RMSD: 0.29
[2026-04-24 06:11:36,006][rfdiffusion.inference.model_runners][INFO] - Timestep 32, input to next step: GGGGGGGGGGGGGGGGGGG---------------------
[2026-04-24 06:11:39,905][rfdiffusion.inference.utils][INFO] - Sampled motif RMSD: 0.27
[2026-04-24 06:11:40,211][rfdiffusion.inference.model_runners][INFO] - Timestep 31, input to next step: GGGGGGGGGGGGGGGGGGG---------------------
[2026-04-24 06:11:44,391][rfdiffusion.inference.utils][INFO] - Sampled motif RMSD: 0.28
[2026-04-24 06:11:44,595][rfdiffusion.inference.model_runners][INFO] - Timestep 30, input to next step: GGGGGGGGGGGGGGGGGGG---------------------
[2026-04-24 06:11:48,819][rfdiffusion.inference.utils][INFO] - Sampled motif RMSD: 0.26
[2026-04-24 06:11:48,939][rfdiffusion.inference.model_runners][INFO] - Timestep 29, input to next step: GGGGGGGGGGGGGGGGGGG---------------------
[2026-04-24 06:11:52,407][rfdiffusion.inference.utils][INFO] - Sampled motif RMSD: 0.26
[2026-04-24 06:11:52,650][rfdiffusion.inference.model_runners][INFO] - Timestep 28, input to next step: GGGGGGGGGGGGGGGGGGG---------------------
[2026-04-24 06:11:57,151][rfdiffusion.inference.utils][INFO] - Sampled motif RMSD: 0.25
[2026-04-24 06:11:57,503][rfdiffusion.inference.model_runners][INFO] - Timestep 27, input to next step: GGGGGGGGGGGGGGGGGGG---------------------
[2026-04-24 06:12:01,605][rfdiffusion.inference.utils][INFO] - Sampled motif RMSD: 0.26
[2026-04-24 06:12:01,803][rfdiffusion.inference.model_runners][INFO] - Timestep 26, input to next step: GGGGGGGGGGGGGGGGGGG---------------------
[2026-04-24 06:12:06,447][rfdiffusion.inference.utils][INFO] - Sampled motif RMSD: 0.27
[2026-04-24 06:12:06,785][rfdiffusion.inference.model_runners][INFO] - Timestep 25, input to next step: GGGGGGGGGGGGGGGGGGG---------------------
[2026-04-24 06:12:09,951][rfdiffusion.inference.utils][INFO] - Sampled motif RMSD: 0.27
[2026-04-24 06:12:10,429][rfdiffusion.inference.model_runners][INFO] - Timestep 24, input to next step: GGGGGGGGGGGGGGGGGGG---------------------
[2026-04-24 06:12:13,915][rfdiffusion.inference.utils][INFO] - Sampled motif RMSD: 0.27
[2026-04-24 06:12:14,317][rfdiffusion.inference.model_runners][INFO] - Timestep 23, input to next step: GGGGGGGGGGGGGGGGGGG---------------------
[2026-04-24 06:12:18,024][rfdiffusion.inference.utils][INFO] - Sampled motif RMSD: 0.27
[2026-04-24 06:12:18,386][rfdiffusion.inference.model_runners][INFO] - Timestep 22, input to next step: GGGGGGGGGGGGGGGGGGG---------------------
[2026-04-24 06:12:21,970][rfdiffusion.inference.utils][INFO] - Sampled motif RMSD: 0.25
[2026-04-24 06:12:22,214][rfdiffusion.inference.model_runners][INFO] - Timestep 21, input to next step: GGGGGGGGGGGGGGGGGGG---------------------
[2026-04-24 06:12:26,178][rfdiffusion.inference.utils][INFO] - Sampled motif RMSD: 0.24
[2026-04-24 06:12:26,402][rfdiffusion.inference.model_runners][INFO] - Timestep 20, input to next step: GGGGGGGGGGGGGGGGGGG---------------------
[2026-04-24 06:12:29,716][rfdiffusion.inference.utils][INFO] - Sampled motif RMSD: 0.24
[2026-04-24 06:12:30,095][rfdiffusion.inference.model_runners][INFO] - Timestep 19, input to next step: GGGGGGGGGGGGGGGGGGG---------------------
[2026-04-24 06:12:33,274][rfdiffusion.inference.utils][INFO] - Sampled motif RMSD: 0.23
[2026-04-24 06:12:33,434][rfdiffusion.inference.model_runners][INFO] - Timestep 18, input to next step: GGGGGGGGGGGGGGGGGGG---------------------
[2026-04-24 06:12:37,867][rfdiffusion.inference.utils][INFO] - Sampled motif RMSD: 0.24
[2026-04-24 06:12:38,121][rfdiffusion.inference.model_runners][INFO] - Timestep 17, input to next step: GGGGGGGGGGGGGGGGGGG---------------------
[2026-04-24 06:12:40,011][rfdiffusion.inference.utils][INFO] - Sampled motif RMSD: 0.25
[2026-04-24 06:12:40,312][rfdiffusion.inference.model_runners][INFO] - Timestep 16, input to next step: GGGGGGGGGGGGGGGGGGG---------------------
[2026-04-24 06:12:43,491][rfdiffusion.inference.utils][INFO] - Sampled motif RMSD: 0.25
[2026-04-24 06:12:43,691][rfdiffusion.inference.model_runners][INFO] - Timestep 15, input to next step: GGGGGGGGGGGGGGGGGGG---------------------
[2026-04-24 06:12:46,171][rfdiffusion.inference.utils][INFO] - Sampled motif RMSD: 0.26
[2026-04-24 06:12:46,412][rfdiffusion.inference.model_runners][INFO] - Timestep 14, input to next step: GGGGGGGGGGGGGGGGGGG---------------------
[2026-04-24 06:12:50,489][rfdiffusion.inference.utils][INFO] - Sampled motif RMSD: 0.25
[2026-04-24 06:12:50,908][rfdiffusion.inference.model_runners][INFO] - Timestep 13, input to next step: GGGGGGGGGGGGGGGGGGG---------------------
[2026-04-24 06:12:53,529][rfdiffusion.inference.utils][INFO] - Sampled motif RMSD: 0.26
[2026-04-24 06:12:53,822][rfdiffusion.inference.model_runners][INFO] - Timestep 12, input to next step: GGGGGGGGGGGGGGGGGGG---------------------
[2026-04-24 06:12:56,803][rfdiffusion.inference.utils][INFO] - Sampled motif RMSD: 0.25
[2026-04-24 06:12:57,214][rfdiffusion.inference.model_runners][INFO] - Timestep 11, input to next step: GGGGGGGGGGGGGGGGGGG---------------------
[2026-04-24 06:13:00,378][rfdiffusion.inference.utils][INFO] - Sampled motif RMSD: 0.27
[2026-04-24 06:13:00,728][rfdiffusion.inference.model_runners][INFO] - Timestep 10, input to next step: GGGGGGGGGGGGGGGGGGG---------------------
[2026-04-24 06:13:04,289][rfdiffusion.inference.utils][INFO] - Sampled motif RMSD: 0.27
[2026-04-24 06:13:04,464][rfdiffusion.inference.model_runners][INFO] - Timestep 9, input to next step: GGGGGGGGGGGGGGGGGGG---------------------
[2026-04-24 06:13:07,833][rfdiffusion.inference.utils][INFO] - Sampled motif RMSD: 0.27
[2026-04-24 06:13:08,190][rfdiffusion.inference.model_runners][INFO] - Timestep 8, input to next step: GGGGGGGGGGGGGGGGGGG---------------------
[2026-04-24 06:13:11,661][rfdiffusion.inference.utils][INFO] - Sampled motif RMSD: 0.25
[2026-04-24 06:13:12,066][rfdiffusion.inference.model_runners][INFO] - Timestep 7, input to next step: GGGGGGGGGGGGGGGGGGG---------------------
[2026-04-24 06:13:17,471][rfdiffusion.inference.utils][INFO] - Sampled motif RMSD: 0.24
[2026-04-24 06:13:17,898][rfdiffusion.inference.model_runners][INFO] - Timestep 6, input to next step: GGGGGGGGGGGGGGGGGGG---------------------
[2026-04-24 06:13:22,885][rfdiffusion.inference.utils][INFO] - Sampled motif RMSD: 0.24
[2026-04-24 06:13:23,216][rfdiffusion.inference.model_runners][INFO] - Timestep 5, input to next step: GGGGGGGGGGGGGGGGGGG---------------------
[2026-04-24 06:13:27,568][rfdiffusion.inference.utils][INFO] - Sampled motif RMSD: 0.23
[2026-04-24 06:13:27,897][rfdiffusion.inference.model_runners][INFO] - Timestep 4, input to next step: GGGGGGGGGGGGGGGGGGG---------------------
[2026-04-24 06:13:31,987][rfdiffusion.inference.utils][INFO] - Sampled motif RMSD: 0.22
[2026-04-24 06:13:32,155][rfdiffusion.inference.model_runners][INFO] - Timestep 3, input to next step: GGGGGGGGGGGGGGGGGGG---------------------
[2026-04-24 06:13:35,049][rfdiffusion.inference.utils][INFO] - Sampled motif RMSD: 0.21
[2026-04-24 06:13:35,423][rfdiffusion.inference.model_runners][INFO] - Timestep 2, input to next step: GGGGGGGGGGGGGGGGGGG---------------------
[2026-04-24 06:13:40,966][__main__][INFO] - Finished design in 3.25 minutes
[2026-04-24 06:13:40,966][__main__][INFO] - Making design /lambda/nfs/manvi/Team_8_CS598GBL/outputs/custom90_128_motif_scaffolding/default/len_090/nterm/scaffold_1
[2026-04-24 06:13:41,006][rfdiffusion.inference.model_runners][INFO] - Using contig: ['A1-19/18-30']
With this beta schedule (linear schedule, beta_0 = 0.04, beta_T = 0.28), alpha_bar_T = 0.00013696048699785024
[2026-04-24 06:13:41,287][rfdiffusion.inference.model_runners][INFO] - Sequence init: GGGGGGGGGGGGGGGGGGG-------------------------
[2026-04-24 06:13:47,074][rfdiffusion.inference.utils][INFO] - Sampled motif RMSD: 0.35
[2026-04-24 06:13:47,430][rfdiffusion.inference.model_runners][INFO] - Timestep 50, input to next step: GGGGGGGGGGGGGGGGGGG-------------------------
[2026-04-24 06:13:50,612][rfdiffusion.inference.utils][INFO] - Sampled motif RMSD: 0.31
[2026-04-24 06:13:50,873][rfdiffusion.inference.model_runners][INFO] - Timestep 49, input to next step: GGGGGGGGGGGGGGGGGGG-------------------------
[2026-04-24 06:13:54,668][rfdiffusion.inference.utils][INFO] - Sampled motif RMSD: 0.30
[2026-04-24 06:13:55,015][rfdiffusion.inference.model_runners][INFO] - Timestep 48, input to next step: GGGGGGGGGGGGGGGGGGG-------------------------
[2026-04-24 06:13:58,602][rfdiffusion.inference.utils][INFO] - Sampled motif RMSD: 0.30
[2026-04-24 06:13:58,914][rfdiffusion.inference.model_runners][INFO] - Timestep 47, input to next step: GGGGGGGGGGGGGGGGGGG-------------------------
[2026-04-24 06:14:01,363][rfdiffusion.inference.utils][INFO] - Sampled motif RMSD: 0.29
[2026-04-24 06:14:01,634][rfdiffusion.inference.model_runners][INFO] - Timestep 46, input to next step: GGGGGGGGGGGGGGGGGGG-------------------------
[2026-04-24 06:14:05,405][rfdiffusion.inference.utils][INFO] - Sampled motif RMSD: 0.32
[2026-04-24 06:14:05,688][rfdiffusion.inference.model_runners][INFO] - Timestep 45, input to next step: GGGGGGGGGGGGGGGGGGG-------------------------
[2026-04-24 06:14:09,344][rfdiffusion.inference.utils][INFO] - Sampled motif RMSD: 0.32
[2026-04-24 06:14:09,647][rfdiffusion.inference.model_runners][INFO] - Timestep 44, input to next step: GGGGGGGGGGGGGGGGGGG-------------------------
[2026-04-24 06:14:12,961][rfdiffusion.inference.utils][INFO] - Sampled motif RMSD: 0.32
[2026-04-24 06:14:13,073][rfdiffusion.inference.model_runners][INFO] - Timestep 43, input to next step: GGGGGGGGGGGGGGGGGGG-------------------------
[2026-04-24 06:14:16,978][rfdiffusion.inference.utils][INFO] - Sampled motif RMSD: 0.32
[2026-04-24 06:14:17,141][rfdiffusion.inference.model_runners][INFO] - Timestep 42, input to next step: GGGGGGGGGGGGGGGGGGG-------------------------
[2026-04-24 06:14:19,774][rfdiffusion.inference.utils][INFO] - Sampled motif RMSD: 0.33
[2026-04-24 06:14:20,299][rfdiffusion.inference.model_runners][INFO] - Timestep 41, input to next step: GGGGGGGGGGGGGGGGGGG-------------------------
[2026-04-24 06:14:23,474][rfdiffusion.inference.utils][INFO] - Sampled motif RMSD: 0.32
[2026-04-24 06:14:23,835][rfdiffusion.inference.model_runners][INFO] - Timestep 40, input to next step: GGGGGGGGGGGGGGGGGGG-------------------------
[2026-04-24 06:14:28,538][rfdiffusion.inference.utils][INFO] - Sampled motif RMSD: 0.35
[2026-04-24 06:14:28,799][rfdiffusion.inference.model_runners][INFO] - Timestep 39, input to next step: GGGGGGGGGGGGGGGGGGG-------------------------
[2026-04-24 06:14:32,654][rfdiffusion.inference.utils][INFO] - Sampled motif RMSD: 0.38
[2026-04-24 06:14:32,850][rfdiffusion.inference.model_runners][INFO] - Timestep 38, input to next step: GGGGGGGGGGGGGGGGGGG-------------------------
[2026-04-24 06:14:38,145][rfdiffusion.inference.utils][INFO] - Sampled motif RMSD: 0.37
[2026-04-24 06:14:38,431][rfdiffusion.inference.model_runners][INFO] - Timestep 37, input to next step: GGGGGGGGGGGGGGGGGGG-------------------------
[2026-04-24 06:14:41,244][rfdiffusion.inference.utils][INFO] - Sampled motif RMSD: 0.35
[2026-04-24 06:14:41,366][rfdiffusion.inference.model_runners][INFO] - Timestep 36, input to next step: GGGGGGGGGGGGGGGGGGG-------------------------
[2026-04-24 06:14:43,275][rfdiffusion.inference.utils][INFO] - Sampled motif RMSD: 0.33
[2026-04-24 06:14:43,649][rfdiffusion.inference.model_runners][INFO] - Timestep 35, input to next step: GGGGGGGGGGGGGGGGGGG-------------------------
[2026-04-24 06:14:47,204][rfdiffusion.inference.utils][INFO] - Sampled motif RMSD: 0.30
[2026-04-24 06:14:47,692][rfdiffusion.inference.model_runners][INFO] - Timestep 34, input to next step: GGGGGGGGGGGGGGGGGGG-------------------------
[2026-04-24 06:14:51,542][rfdiffusion.inference.utils][INFO] - Sampled motif RMSD: 0.30
[2026-04-24 06:14:51,698][rfdiffusion.inference.model_runners][INFO] - Timestep 33, input to next step: GGGGGGGGGGGGGGGGGGG-------------------------
[2026-04-24 06:14:55,703][rfdiffusion.inference.utils][INFO] - Sampled motif RMSD: 0.30
[2026-04-24 06:14:55,826][rfdiffusion.inference.model_runners][INFO] - Timestep 32, input to next step: GGGGGGGGGGGGGGGGGGG-------------------------
[2026-04-24 06:15:00,013][rfdiffusion.inference.utils][INFO] - Sampled motif RMSD: 0.30
[2026-04-24 06:15:00,114][rfdiffusion.inference.model_runners][INFO] - Timestep 31, input to next step: GGGGGGGGGGGGGGGGGGG-------------------------
[2026-04-24 06:15:03,402][rfdiffusion.inference.utils][INFO] - Sampled motif RMSD: 0.29
[2026-04-24 06:15:03,649][rfdiffusion.inference.model_runners][INFO] - Timestep 30, input to next step: GGGGGGGGGGGGGGGGGGG-------------------------
[2026-04-24 06:15:06,485][rfdiffusion.inference.utils][INFO] - Sampled motif RMSD: 0.29
[2026-04-24 06:15:06,830][rfdiffusion.inference.model_runners][INFO] - Timestep 29, input to next step: GGGGGGGGGGGGGGGGGGG-------------------------
[2026-04-24 06:15:10,409][rfdiffusion.inference.utils][INFO] - Sampled motif RMSD: 0.29
[2026-04-24 06:15:10,771][rfdiffusion.inference.model_runners][INFO] - Timestep 28, input to next step: GGGGGGGGGGGGGGGGGGG-------------------------
[2026-04-24 06:15:13,894][rfdiffusion.inference.utils][INFO] - Sampled motif RMSD: 0.30
[2026-04-24 06:15:14,203][rfdiffusion.inference.model_runners][INFO] - Timestep 27, input to next step: GGGGGGGGGGGGGGGGGGG-------------------------
[2026-04-24 06:15:17,704][rfdiffusion.inference.utils][INFO] - Sampled motif RMSD: 0.28
[2026-04-24 06:15:17,932][rfdiffusion.inference.model_runners][INFO] - Timestep 26, input to next step: GGGGGGGGGGGGGGGGGGG-------------------------
[2026-04-24 06:15:22,086][rfdiffusion.inference.utils][INFO] - Sampled motif RMSD: 0.28
[2026-04-24 06:15:22,517][rfdiffusion.inference.model_runners][INFO] - Timestep 25, input to next step: GGGGGGGGGGGGGGGGGGG-------------------------
[2026-04-24 06:15:26,329][rfdiffusion.inference.utils][INFO] - Sampled motif RMSD: 0.27
[2026-04-24 06:15:26,562][rfdiffusion.inference.model_runners][INFO] - Timestep 24, input to next step: GGGGGGGGGGGGGGGGGGG-------------------------
[2026-04-24 06:15:30,257][rfdiffusion.inference.utils][INFO] - Sampled motif RMSD: 0.25
[2026-04-24 06:15:30,706][rfdiffusion.inference.model_runners][INFO] - Timestep 23, input to next step: GGGGGGGGGGGGGGGGGGG-------------------------
[2026-04-24 06:15:35,800][rfdiffusion.inference.utils][INFO] - Sampled motif RMSD: 0.26
[2026-04-24 06:15:36,136][rfdiffusion.inference.model_runners][INFO] - Timestep 22, input to next step: GGGGGGGGGGGGGGGGGGG-------------------------
[2026-04-24 06:15:38,869][rfdiffusion.inference.utils][INFO] - Sampled motif RMSD: 0.26
[2026-04-24 06:15:39,109][rfdiffusion.inference.model_runners][INFO] - Timestep 21, input to next step: GGGGGGGGGGGGGGGGGGG-------------------------
[2026-04-24 06:15:43,588][rfdiffusion.inference.utils][INFO] - Sampled motif RMSD: 0.26
[2026-04-24 06:15:43,805][rfdiffusion.inference.model_runners][INFO] - Timestep 20, input to next step: GGGGGGGGGGGGGGGGGGG-------------------------
[2026-04-24 06:15:47,424][rfdiffusion.inference.utils][INFO] - Sampled motif RMSD: 0.28
[2026-04-24 06:15:47,848][rfdiffusion.inference.model_runners][INFO] - Timestep 19, input to next step: GGGGGGGGGGGGGGGGGGG-------------------------
[2026-04-24 06:15:51,485][rfdiffusion.inference.utils][INFO] - Sampled motif RMSD: 0.29
[2026-04-24 06:15:51,999][rfdiffusion.inference.model_runners][INFO] - Timestep 18, input to next step: GGGGGGGGGGGGGGGGGGG-------------------------
[2026-04-24 06:15:55,014][rfdiffusion.inference.utils][INFO] - Sampled motif RMSD: 0.28
[2026-04-24 06:15:55,871][rfdiffusion.inference.model_runners][INFO] - Timestep 17, input to next step: GGGGGGGGGGGGGGGGGGG-------------------------
[2026-04-24 06:15:59,388][rfdiffusion.inference.utils][INFO] - Sampled motif RMSD: 0.28
[2026-04-24 06:15:59,663][rfdiffusion.inference.model_runners][INFO] - Timestep 16, input to next step: GGGGGGGGGGGGGGGGGGG-------------------------
[2026-04-24 06:16:04,483][rfdiffusion.inference.utils][INFO] - Sampled motif RMSD: 0.30
[2026-04-24 06:16:04,924][rfdiffusion.inference.model_runners][INFO] - Timestep 15, input to next step: GGGGGGGGGGGGGGGGGGG-------------------------
[2026-04-24 06:16:09,316][rfdiffusion.inference.utils][INFO] - Sampled motif RMSD: 0.30
[2026-04-24 06:16:09,591][rfdiffusion.inference.model_runners][INFO] - Timestep 14, input to next step: GGGGGGGGGGGGGGGGGGG-------------------------
[2026-04-24 06:16:13,746][rfdiffusion.inference.utils][INFO] - Sampled motif RMSD: 0.31
[2026-04-24 06:16:14,139][rfdiffusion.inference.model_runners][INFO] - Timestep 13, input to next step: GGGGGGGGGGGGGGGGGGG-------------------------
[2026-04-24 06:16:17,306][rfdiffusion.inference.utils][INFO] - Sampled motif RMSD: 0.30
[2026-04-24 06:16:17,724][rfdiffusion.inference.model_runners][INFO] - Timestep 12, input to next step: GGGGGGGGGGGGGGGGGGG-------------------------
[2026-04-24 06:16:20,771][rfdiffusion.inference.utils][INFO] - Sampled motif RMSD: 0.30
[2026-04-24 06:16:20,977][rfdiffusion.inference.model_runners][INFO] - Timestep 11, input to next step: GGGGGGGGGGGGGGGGGGG-------------------------
[2026-04-24 06:16:24,649][rfdiffusion.inference.utils][INFO] - Sampled motif RMSD: 0.29
[2026-04-24 06:16:24,923][rfdiffusion.inference.model_runners][INFO] - Timestep 10, input to next step: GGGGGGGGGGGGGGGGGGG-------------------------
[2026-04-24 06:16:28,035][rfdiffusion.inference.utils][INFO] - Sampled motif RMSD: 0.29
[2026-04-24 06:16:28,517][rfdiffusion.inference.model_runners][INFO] - Timestep 9, input to next step: GGGGGGGGGGGGGGGGGGG-------------------------
[2026-04-24 06:16:33,129][rfdiffusion.inference.utils][INFO] - Sampled motif RMSD: 0.29
[2026-04-24 06:16:33,572][rfdiffusion.inference.model_runners][INFO] - Timestep 8, input to next step: GGGGGGGGGGGGGGGGGGG-------------------------
[2026-04-24 06:16:36,782][rfdiffusion.inference.utils][INFO] - Sampled motif RMSD: 0.28
[2026-04-24 06:16:37,059][rfdiffusion.inference.model_runners][INFO] - Timestep 7, input to next step: GGGGGGGGGGGGGGGGGGG-------------------------
[2026-04-24 06:16:40,886][rfdiffusion.inference.utils][INFO] - Sampled motif RMSD: 0.29
[2026-04-24 06:16:41,531][rfdiffusion.inference.model_runners][INFO] - Timestep 6, input to next step: GGGGGGGGGGGGGGGGGGG-------------------------
[2026-04-24 06:16:45,471][rfdiffusion.inference.utils][INFO] - Sampled motif RMSD: 0.28
[2026-04-24 06:16:45,867][rfdiffusion.inference.model_runners][INFO] - Timestep 5, input to next step: GGGGGGGGGGGGGGGGGGG-------------------------
[2026-04-24 06:16:49,454][rfdiffusion.inference.utils][INFO] - Sampled motif RMSD: 0.28
[2026-04-24 06:16:49,866][rfdiffusion.inference.model_runners][INFO] - Timestep 4, input to next step: GGGGGGGGGGGGGGGGGGG-------------------------
[2026-04-24 06:16:54,028][rfdiffusion.inference.utils][INFO] - Sampled motif RMSD: 0.28
[2026-04-24 06:16:54,227][rfdiffusion.inference.model_runners][INFO] - Timestep 3, input to next step: GGGGGGGGGGGGGGGGGGG-------------------------
[2026-04-24 06:16:58,334][rfdiffusion.inference.utils][INFO] - Sampled motif RMSD: 0.27
[2026-04-24 06:16:58,721][rfdiffusion.inference.model_runners][INFO] - Timestep 2, input to next step: GGGGGGGGGGGGGGGGGGG-------------------------
[2026-04-24 06:17:04,319][__main__][INFO] - Finished design in 3.39 minutes
