[2026-04-24 08:05:13,075][__main__][INFO] - Found GPU with device_name NVIDIA A100-SXM4-80GB. Will run RFdiffusion on NVIDIA A100-SXM4-80GB
Reading models from /lambda/nfs/manvi/Team_8_CS598GBL/RFdiffusion/rfdiffusion/inference/../../models
[2026-04-24 08:05:13,078][rfdiffusion.inference.model_runners][INFO] - Reading checkpoint from /lambda/nfs/manvi/Team_8_CS598GBL/RFdiffusion/rfdiffusion/inference/../../models/Base_ckpt.pt
This is inf_conf.ckpt_path
/lambda/nfs/manvi/Team_8_CS598GBL/RFdiffusion/rfdiffusion/inference/../../models/Base_ckpt.pt
Assembling -model, -diffuser and -preprocess configs from checkpoint
USING MODEL CONFIG: self._conf[model][n_extra_block] = 4
USING MODEL CONFIG: self._conf[model][n_main_block] = 32
USING MODEL CONFIG: self._conf[model][n_ref_block] = 4
USING MODEL CONFIG: self._conf[model][d_msa] = 256
USING MODEL CONFIG: self._conf[model][d_msa_full] = 64
USING MODEL CONFIG: self._conf[model][d_pair] = 128
USING MODEL CONFIG: self._conf[model][d_templ] = 64
USING MODEL CONFIG: self._conf[model][n_head_msa] = 8
USING MODEL CONFIG: self._conf[model][n_head_pair] = 4
USING MODEL CONFIG: self._conf[model][n_head_templ] = 4
USING MODEL CONFIG: self._conf[model][d_hidden] = 32
USING MODEL CONFIG: self._conf[model][d_hidden_templ] = 32
USING MODEL CONFIG: self._conf[model][p_drop] = 0.15
USING MODEL CONFIG: self._conf[model][SE3_param_full] = {'num_layers': 1, 'num_channels': 32, 'num_degrees': 2, 'n_heads': 4, 'div': 4, 'l0_in_features': 8, 'l0_out_features': 8, 'l1_in_features': 3, 'l1_out_features': 2, 'num_edge_features': 32}
USING MODEL CONFIG: self._conf[model][SE3_param_topk] = {'num_layers': 1, 'num_channels': 32, 'num_degrees': 2, 'n_heads': 4, 'div': 4, 'l0_in_features': 64, 'l0_out_features': 64, 'l1_in_features': 3, 'l1_out_features': 2, 'num_edge_features': 64}
USING MODEL CONFIG: self._conf[model][freeze_track_motif] = False
USING MODEL CONFIG: self._conf[model][use_motif_timestep] = True
USING MODEL CONFIG: self._conf[diffuser][T] = 50
USING MODEL CONFIG: self._conf[diffuser][b_0] = 0.01
USING MODEL CONFIG: self._conf[diffuser][b_T] = 0.07
USING MODEL CONFIG: self._conf[diffuser][schedule_type] = linear
USING MODEL CONFIG: self._conf[diffuser][so3_type] = igso3
USING MODEL CONFIG: self._conf[diffuser][crd_scale] = 0.25
USING MODEL CONFIG: self._conf[diffuser][so3_schedule_type] = linear
USING MODEL CONFIG: self._conf[diffuser][min_b] = 1.5
USING MODEL CONFIG: self._conf[diffuser][max_b] = 2.5
USING MODEL CONFIG: self._conf[diffuser][min_sigma] = 0.02
USING MODEL CONFIG: self._conf[diffuser][max_sigma] = 1.5
USING MODEL CONFIG: self._conf[preprocess][sidechain_input] = False
USING MODEL CONFIG: self._conf[preprocess][motif_sidechain_input] = True
USING MODEL CONFIG: self._conf[preprocess][d_t1d] = 22
USING MODEL CONFIG: self._conf[preprocess][d_t2d] = 44
USING MODEL CONFIG: self._conf[preprocess][prob_self_cond] = 0.5
USING MODEL CONFIG: self._conf[preprocess][str_self_cond] = True
USING MODEL CONFIG: self._conf[preprocess][predict_previous] = False
[2026-04-24 08:05:40,602][rfdiffusion.inference.model_runners][INFO] - Loading checkpoint.
[2026-04-24 08:05:45,361][rfdiffusion.diffusion][INFO] - Using cached IGSO3.
Successful diffuser __init__
[2026-04-24 08:05:45,390][__main__][INFO] - Making design /lambda/nfs/manvi/Team_8_CS598GBL/outputs/custom90_128_motif_scaffolding/fast_T20/len_093/short/scaffold_0
[2026-04-24 08:05:45,395][rfdiffusion.inference.model_runners][INFO] - Using contig: ['18-31/A40-52/18-31']
With this beta schedule (linear schedule, beta_0 = 0.04, beta_T = 0.28), alpha_bar_T = 0.00013696048699785024
[2026-04-24 08:05:45,469][rfdiffusion.inference.model_runners][INFO] - Sequence init: -----------------------GGGGGGGGGGGGG---------------------------
[2026-04-24 08:05:47,914][rfdiffusion.inference.utils][INFO] - Sampled motif RMSD: 0.17
[2026-04-24 08:05:47,986][rfdiffusion.inference.model_runners][INFO] - Timestep 50, input to next step: -----------------------GGGGGGGGGGGGG---------------------------
[2026-04-24 08:05:49,543][rfdiffusion.inference.utils][INFO] - Sampled motif RMSD: 0.10
[2026-04-24 08:05:49,581][rfdiffusion.inference.model_runners][INFO] - Timestep 49, input to next step: -----------------------GGGGGGGGGGGGG---------------------------
[2026-04-24 08:05:51,252][rfdiffusion.inference.utils][INFO] - Sampled motif RMSD: 0.10
[2026-04-24 08:05:51,321][rfdiffusion.inference.model_runners][INFO] - Timestep 48, input to next step: -----------------------GGGGGGGGGGGGG---------------------------
[2026-04-24 08:05:53,117][rfdiffusion.inference.utils][INFO] - Sampled motif RMSD: 0.10
[2026-04-24 08:05:53,250][rfdiffusion.inference.model_runners][INFO] - Timestep 47, input to next step: -----------------------GGGGGGGGGGGGG---------------------------
[2026-04-24 08:05:55,012][rfdiffusion.inference.utils][INFO] - Sampled motif RMSD: 0.10
[2026-04-24 08:05:55,144][rfdiffusion.inference.model_runners][INFO] - Timestep 46, input to next step: -----------------------GGGGGGGGGGGGG---------------------------
[2026-04-24 08:05:57,297][rfdiffusion.inference.utils][INFO] - Sampled motif RMSD: 0.09
[2026-04-24 08:05:57,433][rfdiffusion.inference.model_runners][INFO] - Timestep 45, input to next step: -----------------------GGGGGGGGGGGGG---------------------------
[2026-04-24 08:05:59,615][rfdiffusion.inference.utils][INFO] - Sampled motif RMSD: 0.09
[2026-04-24 08:05:59,680][rfdiffusion.inference.model_runners][INFO] - Timestep 44, input to next step: -----------------------GGGGGGGGGGGGG---------------------------
[2026-04-24 08:06:02,047][rfdiffusion.inference.utils][INFO] - Sampled motif RMSD: 0.10
[2026-04-24 08:06:02,140][rfdiffusion.inference.model_runners][INFO] - Timestep 43, input to next step: -----------------------GGGGGGGGGGGGG---------------------------
[2026-04-24 08:06:04,252][rfdiffusion.inference.utils][INFO] - Sampled motif RMSD: 0.11
[2026-04-24 08:06:04,372][rfdiffusion.inference.model_runners][INFO] - Timestep 42, input to next step: -----------------------GGGGGGGGGGGGG---------------------------
[2026-04-24 08:06:06,606][rfdiffusion.inference.utils][INFO] - Sampled motif RMSD: 0.11
[2026-04-24 08:06:06,709][rfdiffusion.inference.model_runners][INFO] - Timestep 41, input to next step: -----------------------GGGGGGGGGGGGG---------------------------
[2026-04-24 08:06:07,891][rfdiffusion.inference.utils][INFO] - Sampled motif RMSD: 0.11
[2026-04-24 08:06:08,124][rfdiffusion.inference.model_runners][INFO] - Timestep 40, input to next step: -----------------------GGGGGGGGGGGGG---------------------------
[2026-04-24 08:06:10,410][rfdiffusion.inference.utils][INFO] - Sampled motif RMSD: 0.13
[2026-04-24 08:06:10,681][rfdiffusion.inference.model_runners][INFO] - Timestep 39, input to next step: -----------------------GGGGGGGGGGGGG---------------------------
[2026-04-24 08:06:11,900][rfdiffusion.inference.utils][INFO] - Sampled motif RMSD: 0.13
[2026-04-24 08:06:12,338][rfdiffusion.inference.model_runners][INFO] - Timestep 38, input to next step: -----------------------GGGGGGGGGGGGG---------------------------
[2026-04-24 08:06:14,527][rfdiffusion.inference.utils][INFO] - Sampled motif RMSD: 0.13
[2026-04-24 08:06:15,004][rfdiffusion.inference.model_runners][INFO] - Timestep 37, input to next step: -----------------------GGGGGGGGGGGGG---------------------------
[2026-04-24 08:06:17,121][rfdiffusion.inference.utils][INFO] - Sampled motif RMSD: 0.13
[2026-04-24 08:06:17,389][rfdiffusion.inference.model_runners][INFO] - Timestep 36, input to next step: -----------------------GGGGGGGGGGGGG---------------------------
[2026-04-24 08:06:19,373][rfdiffusion.inference.utils][INFO] - Sampled motif RMSD: 0.11
[2026-04-24 08:06:19,647][rfdiffusion.inference.model_runners][INFO] - Timestep 35, input to next step: -----------------------GGGGGGGGGGGGG---------------------------
[2026-04-24 08:06:21,622][rfdiffusion.inference.utils][INFO] - Sampled motif RMSD: 0.11
[2026-04-24 08:06:21,913][rfdiffusion.inference.model_runners][INFO] - Timestep 34, input to next step: -----------------------GGGGGGGGGGGGG---------------------------
[2026-04-24 08:06:24,102][rfdiffusion.inference.utils][INFO] - Sampled motif RMSD: 0.10
[2026-04-24 08:06:24,331][rfdiffusion.inference.model_runners][INFO] - Timestep 33, input to next step: -----------------------GGGGGGGGGGGGG---------------------------
[2026-04-24 08:06:27,403][rfdiffusion.inference.utils][INFO] - Sampled motif RMSD: 0.09
[2026-04-24 08:06:27,521][rfdiffusion.inference.model_runners][INFO] - Timestep 32, input to next step: -----------------------GGGGGGGGGGGGG---------------------------
[2026-04-24 08:06:29,835][rfdiffusion.inference.utils][INFO] - Sampled motif RMSD: 0.09
[2026-04-24 08:06:30,011][rfdiffusion.inference.model_runners][INFO] - Timestep 31, input to next step: -----------------------GGGGGGGGGGGGG---------------------------
[2026-04-24 08:06:32,097][rfdiffusion.inference.utils][INFO] - Sampled motif RMSD: 0.10
[2026-04-24 08:06:32,192][rfdiffusion.inference.model_runners][INFO] - Timestep 30, input to next step: -----------------------GGGGGGGGGGGGG---------------------------
[2026-04-24 08:06:34,379][rfdiffusion.inference.utils][INFO] - Sampled motif RMSD: 0.10
[2026-04-24 08:06:34,581][rfdiffusion.inference.model_runners][INFO] - Timestep 29, input to next step: -----------------------GGGGGGGGGGGGG---------------------------
[2026-04-24 08:06:37,053][rfdiffusion.inference.utils][INFO] - Sampled motif RMSD: 0.09
[2026-04-24 08:06:37,184][rfdiffusion.inference.model_runners][INFO] - Timestep 28, input to next step: -----------------------GGGGGGGGGGGGG---------------------------
[2026-04-24 08:06:39,168][rfdiffusion.inference.utils][INFO] - Sampled motif RMSD: 0.10
[2026-04-24 08:06:39,373][rfdiffusion.inference.model_runners][INFO] - Timestep 27, input to next step: -----------------------GGGGGGGGGGGGG---------------------------
[2026-04-24 08:06:41,484][rfdiffusion.inference.utils][INFO] - Sampled motif RMSD: 0.09
[2026-04-24 08:06:41,654][rfdiffusion.inference.model_runners][INFO] - Timestep 26, input to next step: -----------------------GGGGGGGGGGGGG---------------------------
[2026-04-24 08:06:43,641][rfdiffusion.inference.utils][INFO] - Sampled motif RMSD: 0.09
[2026-04-24 08:06:43,882][rfdiffusion.inference.model_runners][INFO] - Timestep 25, input to next step: -----------------------GGGGGGGGGGGGG---------------------------
[2026-04-24 08:06:46,026][rfdiffusion.inference.utils][INFO] - Sampled motif RMSD: 0.12
[2026-04-24 08:06:46,328][rfdiffusion.inference.model_runners][INFO] - Timestep 24, input to next step: -----------------------GGGGGGGGGGGGG---------------------------
[2026-04-24 08:06:48,328][rfdiffusion.inference.utils][INFO] - Sampled motif RMSD: 0.12
[2026-04-24 08:06:48,440][rfdiffusion.inference.model_runners][INFO] - Timestep 23, input to next step: -----------------------GGGGGGGGGGGGG---------------------------
[2026-04-24 08:06:50,484][rfdiffusion.inference.utils][INFO] - Sampled motif RMSD: 0.11
[2026-04-24 08:06:50,655][rfdiffusion.inference.model_runners][INFO] - Timestep 22, input to next step: -----------------------GGGGGGGGGGGGG---------------------------
[2026-04-24 08:06:52,546][rfdiffusion.inference.utils][INFO] - Sampled motif RMSD: 0.10
[2026-04-24 08:06:52,728][rfdiffusion.inference.model_runners][INFO] - Timestep 21, input to next step: -----------------------GGGGGGGGGGGGG---------------------------
[2026-04-24 08:06:54,861][rfdiffusion.inference.utils][INFO] - Sampled motif RMSD: 0.09
[2026-04-24 08:06:55,079][rfdiffusion.inference.model_runners][INFO] - Timestep 20, input to next step: -----------------------GGGGGGGGGGGGG---------------------------
[2026-04-24 08:06:57,059][rfdiffusion.inference.utils][INFO] - Sampled motif RMSD: 0.08
[2026-04-24 08:06:57,277][rfdiffusion.inference.model_runners][INFO] - Timestep 19, input to next step: -----------------------GGGGGGGGGGGGG---------------------------
[2026-04-24 08:06:59,855][rfdiffusion.inference.utils][INFO] - Sampled motif RMSD: 0.09
[2026-04-24 08:07:00,477][rfdiffusion.inference.model_runners][INFO] - Timestep 18, input to next step: -----------------------GGGGGGGGGGGGG---------------------------
[2026-04-24 08:07:02,950][rfdiffusion.inference.utils][INFO] - Sampled motif RMSD: 0.09
[2026-04-24 08:07:03,243][rfdiffusion.inference.model_runners][INFO] - Timestep 17, input to next step: -----------------------GGGGGGGGGGGGG---------------------------
[2026-04-24 08:07:04,849][rfdiffusion.inference.utils][INFO] - Sampled motif RMSD: 0.10
[2026-04-24 08:07:05,170][rfdiffusion.inference.model_runners][INFO] - Timestep 16, input to next step: -----------------------GGGGGGGGGGGGG---------------------------
[2026-04-24 08:07:07,228][rfdiffusion.inference.utils][INFO] - Sampled motif RMSD: 0.09
[2026-04-24 08:07:07,542][rfdiffusion.inference.model_runners][INFO] - Timestep 15, input to next step: -----------------------GGGGGGGGGGGGG---------------------------
[2026-04-24 08:07:09,256][rfdiffusion.inference.utils][INFO] - Sampled motif RMSD: 0.09
[2026-04-24 08:07:09,505][rfdiffusion.inference.model_runners][INFO] - Timestep 14, input to next step: -----------------------GGGGGGGGGGGGG---------------------------
[2026-04-24 08:07:11,606][rfdiffusion.inference.utils][INFO] - Sampled motif RMSD: 0.09
[2026-04-24 08:07:11,866][rfdiffusion.inference.model_runners][INFO] - Timestep 13, input to next step: -----------------------GGGGGGGGGGGGG---------------------------
[2026-04-24 08:07:14,294][rfdiffusion.inference.utils][INFO] - Sampled motif RMSD: 0.07
[2026-04-24 08:07:14,647][rfdiffusion.inference.model_runners][INFO] - Timestep 12, input to next step: -----------------------GGGGGGGGGGGGG---------------------------
[2026-04-24 08:07:17,263][rfdiffusion.inference.utils][INFO] - Sampled motif RMSD: 0.07
[2026-04-24 08:07:17,619][rfdiffusion.inference.model_runners][INFO] - Timestep 11, input to next step: -----------------------GGGGGGGGGGGGG---------------------------
[2026-04-24 08:07:20,315][rfdiffusion.inference.utils][INFO] - Sampled motif RMSD: 0.08
[2026-04-24 08:07:20,583][rfdiffusion.inference.model_runners][INFO] - Timestep 10, input to next step: -----------------------GGGGGGGGGGGGG---------------------------
[2026-04-24 08:07:23,192][rfdiffusion.inference.utils][INFO] - Sampled motif RMSD: 0.08
[2026-04-24 08:07:23,334][rfdiffusion.inference.model_runners][INFO] - Timestep 9, input to next step: -----------------------GGGGGGGGGGGGG---------------------------
[2026-04-24 08:07:25,105][rfdiffusion.inference.utils][INFO] - Sampled motif RMSD: 0.07
[2026-04-24 08:07:25,215][rfdiffusion.inference.model_runners][INFO] - Timestep 8, input to next step: -----------------------GGGGGGGGGGGGG---------------------------
[2026-04-24 08:07:27,145][rfdiffusion.inference.utils][INFO] - Sampled motif RMSD: 0.07
[2026-04-24 08:07:27,280][rfdiffusion.inference.model_runners][INFO] - Timestep 7, input to next step: -----------------------GGGGGGGGGGGGG---------------------------
[2026-04-24 08:07:29,058][rfdiffusion.inference.utils][INFO] - Sampled motif RMSD: 0.07
[2026-04-24 08:07:29,330][rfdiffusion.inference.model_runners][INFO] - Timestep 6, input to next step: -----------------------GGGGGGGGGGGGG---------------------------
[2026-04-24 08:07:31,071][rfdiffusion.inference.utils][INFO] - Sampled motif RMSD: 0.07
[2026-04-24 08:07:31,378][rfdiffusion.inference.model_runners][INFO] - Timestep 5, input to next step: -----------------------GGGGGGGGGGGGG---------------------------
[2026-04-24 08:07:33,112][rfdiffusion.inference.utils][INFO] - Sampled motif RMSD: 0.07
[2026-04-24 08:07:33,418][rfdiffusion.inference.model_runners][INFO] - Timestep 4, input to next step: -----------------------GGGGGGGGGGGGG---------------------------
[2026-04-24 08:07:35,514][rfdiffusion.inference.utils][INFO] - Sampled motif RMSD: 0.07
[2026-04-24 08:07:35,680][rfdiffusion.inference.model_runners][INFO] - Timestep 3, input to next step: -----------------------GGGGGGGGGGGGG---------------------------
[2026-04-24 08:07:37,050][rfdiffusion.inference.utils][INFO] - Sampled motif RMSD: 0.06
[2026-04-24 08:07:37,195][rfdiffusion.inference.model_runners][INFO] - Timestep 2, input to next step: -----------------------GGGGGGGGGGGGG---------------------------
[2026-04-24 08:07:39,906][__main__][INFO] - Finished design in 1.91 minutes
[2026-04-24 08:07:39,908][__main__][INFO] - Making design /lambda/nfs/manvi/Team_8_CS598GBL/outputs/custom90_128_motif_scaffolding/fast_T20/len_093/short/scaffold_1
[2026-04-24 08:07:39,924][rfdiffusion.inference.model_runners][INFO] - Using contig: ['18-31/A40-52/18-31']
With this beta schedule (linear schedule, beta_0 = 0.04, beta_T = 0.28), alpha_bar_T = 0.00013696048699785024
[2026-04-24 08:07:40,103][rfdiffusion.inference.model_runners][INFO] - Sequence init: ----------------------GGGGGGGGGGGGG---------------------
[2026-04-24 08:07:42,966][rfdiffusion.inference.utils][INFO] - Sampled motif RMSD: 0.17
[2026-04-24 08:07:43,297][rfdiffusion.inference.model_runners][INFO] - Timestep 50, input to next step: ----------------------GGGGGGGGGGGGG---------------------
[2026-04-24 08:07:45,031][rfdiffusion.inference.utils][INFO] - Sampled motif RMSD: 0.12
[2026-04-24 08:07:45,445][rfdiffusion.inference.model_runners][INFO] - Timestep 49, input to next step: ----------------------GGGGGGGGGGGGG---------------------
[2026-04-24 08:07:47,565][rfdiffusion.inference.utils][INFO] - Sampled motif RMSD: 0.11
[2026-04-24 08:07:47,806][rfdiffusion.inference.model_runners][INFO] - Timestep 48, input to next step: ----------------------GGGGGGGGGGGGG---------------------
[2026-04-24 08:07:50,300][rfdiffusion.inference.utils][INFO] - Sampled motif RMSD: 0.09
[2026-04-24 08:07:50,487][rfdiffusion.inference.model_runners][INFO] - Timestep 47, input to next step: ----------------------GGGGGGGGGGGGG---------------------
[2026-04-24 08:07:52,614][rfdiffusion.inference.utils][INFO] - Sampled motif RMSD: 0.08
[2026-04-24 08:07:52,782][rfdiffusion.inference.model_runners][INFO] - Timestep 46, input to next step: ----------------------GGGGGGGGGGGGG---------------------
[2026-04-24 08:07:55,489][rfdiffusion.inference.utils][INFO] - Sampled motif RMSD: 0.09
[2026-04-24 08:07:55,712][rfdiffusion.inference.model_runners][INFO] - Timestep 45, input to next step: ----------------------GGGGGGGGGGGGG---------------------
[2026-04-24 08:07:57,843][rfdiffusion.inference.utils][INFO] - Sampled motif RMSD: 0.09
[2026-04-24 08:07:57,986][rfdiffusion.inference.model_runners][INFO] - Timestep 44, input to next step: ----------------------GGGGGGGGGGGGG---------------------
[2026-04-24 08:08:00,468][rfdiffusion.inference.utils][INFO] - Sampled motif RMSD: 0.09
[2026-04-24 08:08:00,618][rfdiffusion.inference.model_runners][INFO] - Timestep 43, input to next step: ----------------------GGGGGGGGGGGGG---------------------
[2026-04-24 08:08:02,616][rfdiffusion.inference.utils][INFO] - Sampled motif RMSD: 0.08
[2026-04-24 08:08:02,774][rfdiffusion.inference.model_runners][INFO] - Timestep 42, input to next step: ----------------------GGGGGGGGGGGGG---------------------
[2026-04-24 08:08:04,753][rfdiffusion.inference.utils][INFO] - Sampled motif RMSD: 0.09
[2026-04-24 08:08:05,156][rfdiffusion.inference.model_runners][INFO] - Timestep 41, input to next step: ----------------------GGGGGGGGGGGGG---------------------
[2026-04-24 08:08:07,476][rfdiffusion.inference.utils][INFO] - Sampled motif RMSD: 0.09
[2026-04-24 08:08:07,861][rfdiffusion.inference.model_runners][INFO] - Timestep 40, input to next step: ----------------------GGGGGGGGGGGGG---------------------
[2026-04-24 08:08:09,941][rfdiffusion.inference.utils][INFO] - Sampled motif RMSD: 0.08
[2026-04-24 08:08:10,251][rfdiffusion.inference.model_runners][INFO] - Timestep 39, input to next step: ----------------------GGGGGGGGGGGGG---------------------
[2026-04-24 08:08:12,589][rfdiffusion.inference.utils][INFO] - Sampled motif RMSD: 0.09
[2026-04-24 08:08:12,924][rfdiffusion.inference.model_runners][INFO] - Timestep 38, input to next step: ----------------------GGGGGGGGGGGGG---------------------
[2026-04-24 08:08:15,338][rfdiffusion.inference.utils][INFO] - Sampled motif RMSD: 0.08
[2026-04-24 08:08:15,734][rfdiffusion.inference.model_runners][INFO] - Timestep 37, input to next step: ----------------------GGGGGGGGGGGGG---------------------
[2026-04-24 08:08:17,957][rfdiffusion.inference.utils][INFO] - Sampled motif RMSD: 0.08
[2026-04-24 08:08:18,207][rfdiffusion.inference.model_runners][INFO] - Timestep 36, input to next step: ----------------------GGGGGGGGGGGGG---------------------
[2026-04-24 08:08:20,304][rfdiffusion.inference.utils][INFO] - Sampled motif RMSD: 0.09
[2026-04-24 08:08:20,658][rfdiffusion.inference.model_runners][INFO] - Timestep 35, input to next step: ----------------------GGGGGGGGGGGGG---------------------
[2026-04-24 08:08:23,066][rfdiffusion.inference.utils][INFO] - Sampled motif RMSD: 0.09
[2026-04-24 08:08:23,270][rfdiffusion.inference.model_runners][INFO] - Timestep 34, input to next step: ----------------------GGGGGGGGGGGGG---------------------
[2026-04-24 08:08:25,165][rfdiffusion.inference.utils][INFO] - Sampled motif RMSD: 0.08
[2026-04-24 08:08:25,360][rfdiffusion.inference.model_runners][INFO] - Timestep 33, input to next step: ----------------------GGGGGGGGGGGGG---------------------
[2026-04-24 08:08:27,209][rfdiffusion.inference.utils][INFO] - Sampled motif RMSD: 0.06
[2026-04-24 08:08:27,417][rfdiffusion.inference.model_runners][INFO] - Timestep 32, input to next step: ----------------------GGGGGGGGGGGGG---------------------
[2026-04-24 08:08:29,270][rfdiffusion.inference.utils][INFO] - Sampled motif RMSD: 0.06
[2026-04-24 08:08:29,505][rfdiffusion.inference.model_runners][INFO] - Timestep 31, input to next step: ----------------------GGGGGGGGGGGGG---------------------
[2026-04-24 08:08:31,002][rfdiffusion.inference.utils][INFO] - Sampled motif RMSD: 0.06
[2026-04-24 08:08:31,232][rfdiffusion.inference.model_runners][INFO] - Timestep 30, input to next step: ----------------------GGGGGGGGGGGGG---------------------
[2026-04-24 08:08:32,771][rfdiffusion.inference.utils][INFO] - Sampled motif RMSD: 0.07
[2026-04-24 08:08:32,882][rfdiffusion.inference.model_runners][INFO] - Timestep 29, input to next step: ----------------------GGGGGGGGGGGGG---------------------
[2026-04-24 08:08:34,832][rfdiffusion.inference.utils][INFO] - Sampled motif RMSD: 0.06
[2026-04-24 08:08:35,002][rfdiffusion.inference.model_runners][INFO] - Timestep 28, input to next step: ----------------------GGGGGGGGGGGGG---------------------
[2026-04-24 08:08:36,688][rfdiffusion.inference.utils][INFO] - Sampled motif RMSD: 0.06
[2026-04-24 08:08:36,941][rfdiffusion.inference.model_runners][INFO] - Timestep 27, input to next step: ----------------------GGGGGGGGGGGGG---------------------
[2026-04-24 08:08:38,849][rfdiffusion.inference.utils][INFO] - Sampled motif RMSD: 0.06
[2026-04-24 08:08:38,956][rfdiffusion.inference.model_runners][INFO] - Timestep 26, input to next step: ----------------------GGGGGGGGGGGGG---------------------
[2026-04-24 08:08:40,783][rfdiffusion.inference.utils][INFO] - Sampled motif RMSD: 0.07
[2026-04-24 08:08:40,940][rfdiffusion.inference.model_runners][INFO] - Timestep 25, input to next step: ----------------------GGGGGGGGGGGGG---------------------
[2026-04-24 08:08:43,132][rfdiffusion.inference.utils][INFO] - Sampled motif RMSD: 0.06
[2026-04-24 08:08:43,283][rfdiffusion.inference.model_runners][INFO] - Timestep 24, input to next step: ----------------------GGGGGGGGGGGGG---------------------
[2026-04-24 08:08:45,318][rfdiffusion.inference.utils][INFO] - Sampled motif RMSD: 0.07
[2026-04-24 08:08:45,579][rfdiffusion.inference.model_runners][INFO] - Timestep 23, input to next step: ----------------------GGGGGGGGGGGGG---------------------
[2026-04-24 08:08:47,461][rfdiffusion.inference.utils][INFO] - Sampled motif RMSD: 0.08
[2026-04-24 08:08:47,646][rfdiffusion.inference.model_runners][INFO] - Timestep 22, input to next step: ----------------------GGGGGGGGGGGGG---------------------
[2026-04-24 08:08:50,112][rfdiffusion.inference.utils][INFO] - Sampled motif RMSD: 0.08
[2026-04-24 08:08:50,275][rfdiffusion.inference.model_runners][INFO] - Timestep 21, input to next step: ----------------------GGGGGGGGGGGGG---------------------
[2026-04-24 08:08:52,102][rfdiffusion.inference.utils][INFO] - Sampled motif RMSD: 0.08
[2026-04-24 08:08:52,385][rfdiffusion.inference.model_runners][INFO] - Timestep 20, input to next step: ----------------------GGGGGGGGGGGGG---------------------
[2026-04-24 08:08:54,208][rfdiffusion.inference.utils][INFO] - Sampled motif RMSD: 0.08
[2026-04-24 08:08:54,374][rfdiffusion.inference.model_runners][INFO] - Timestep 19, input to next step: ----------------------GGGGGGGGGGGGG---------------------
[2026-04-24 08:08:56,787][rfdiffusion.inference.utils][INFO] - Sampled motif RMSD: 0.06
[2026-04-24 08:08:56,872][rfdiffusion.inference.model_runners][INFO] - Timestep 18, input to next step: ----------------------GGGGGGGGGGGGG---------------------
[2026-04-24 08:08:59,071][rfdiffusion.inference.utils][INFO] - Sampled motif RMSD: 0.07
[2026-04-24 08:08:59,168][rfdiffusion.inference.model_runners][INFO] - Timestep 17, input to next step: ----------------------GGGGGGGGGGGGG---------------------
[2026-04-24 08:09:01,255][rfdiffusion.inference.utils][INFO] - Sampled motif RMSD: 0.07
[2026-04-24 08:09:01,431][rfdiffusion.inference.model_runners][INFO] - Timestep 16, input to next step: ----------------------GGGGGGGGGGGGG---------------------
[2026-04-24 08:09:03,000][rfdiffusion.inference.utils][INFO] - Sampled motif RMSD: 0.08
[2026-04-24 08:09:03,206][rfdiffusion.inference.model_runners][INFO] - Timestep 15, input to next step: ----------------------GGGGGGGGGGGGG---------------------
[2026-04-24 08:09:05,122][rfdiffusion.inference.utils][INFO] - Sampled motif RMSD: 0.08
[2026-04-24 08:09:05,250][rfdiffusion.inference.model_runners][INFO] - Timestep 14, input to next step: ----------------------GGGGGGGGGGGGG---------------------
[2026-04-24 08:09:07,877][rfdiffusion.inference.utils][INFO] - Sampled motif RMSD: 0.08
[2026-04-24 08:09:07,957][rfdiffusion.inference.model_runners][INFO] - Timestep 13, input to next step: ----------------------GGGGGGGGGGGGG---------------------
[2026-04-24 08:09:10,133][rfdiffusion.inference.utils][INFO] - Sampled motif RMSD: 0.09
[2026-04-24 08:09:10,168][rfdiffusion.inference.model_runners][INFO] - Timestep 12, input to next step: ----------------------GGGGGGGGGGGGG---------------------
[2026-04-24 08:09:11,987][rfdiffusion.inference.utils][INFO] - Sampled motif RMSD: 0.09
[2026-04-24 08:09:12,136][rfdiffusion.inference.model_runners][INFO] - Timestep 11, input to next step: ----------------------GGGGGGGGGGGGG---------------------
[2026-04-24 08:09:14,158][rfdiffusion.inference.utils][INFO] - Sampled motif RMSD: 0.09
[2026-04-24 08:09:14,237][rfdiffusion.inference.model_runners][INFO] - Timestep 10, input to next step: ----------------------GGGGGGGGGGGGG---------------------
[2026-04-24 08:09:15,670][rfdiffusion.inference.utils][INFO] - Sampled motif RMSD: 0.10
[2026-04-24 08:09:15,852][rfdiffusion.inference.model_runners][INFO] - Timestep 9, input to next step: ----------------------GGGGGGGGGGGGG---------------------
[2026-04-24 08:09:17,165][rfdiffusion.inference.utils][INFO] - Sampled motif RMSD: 0.09
[2026-04-24 08:09:17,407][rfdiffusion.inference.model_runners][INFO] - Timestep 8, input to next step: ----------------------GGGGGGGGGGGGG---------------------
[2026-04-24 08:09:19,058][rfdiffusion.inference.utils][INFO] - Sampled motif RMSD: 0.07
[2026-04-24 08:09:19,242][rfdiffusion.inference.model_runners][INFO] - Timestep 7, input to next step: ----------------------GGGGGGGGGGGGG---------------------
[2026-04-24 08:09:20,996][rfdiffusion.inference.utils][INFO] - Sampled motif RMSD: 0.07
[2026-04-24 08:09:21,233][rfdiffusion.inference.model_runners][INFO] - Timestep 6, input to next step: ----------------------GGGGGGGGGGGGG---------------------
[2026-04-24 08:09:23,220][rfdiffusion.inference.utils][INFO] - Sampled motif RMSD: 0.06
[2026-04-24 08:09:23,482][rfdiffusion.inference.model_runners][INFO] - Timestep 5, input to next step: ----------------------GGGGGGGGGGGGG---------------------
[2026-04-24 08:09:25,320][rfdiffusion.inference.utils][INFO] - Sampled motif RMSD: 0.06
[2026-04-24 08:09:25,479][rfdiffusion.inference.model_runners][INFO] - Timestep 4, input to next step: ----------------------GGGGGGGGGGGGG---------------------
[2026-04-24 08:09:27,092][rfdiffusion.inference.utils][INFO] - Sampled motif RMSD: 0.06
[2026-04-24 08:09:27,258][rfdiffusion.inference.model_runners][INFO] - Timestep 3, input to next step: ----------------------GGGGGGGGGGGGG---------------------
[2026-04-24 08:09:28,673][rfdiffusion.inference.utils][INFO] - Sampled motif RMSD: 0.06
[2026-04-24 08:09:28,741][rfdiffusion.inference.model_runners][INFO] - Timestep 2, input to next step: ----------------------GGGGGGGGGGGGG---------------------
[2026-04-24 08:09:30,325][__main__][INFO] - Finished design in 1.84 minutes
