[2026-04-24 10:09:56,853][__main__][INFO] - Found GPU with device_name NVIDIA A100-SXM4-80GB. Will run RFdiffusion on NVIDIA A100-SXM4-80GB
Reading models from /lambda/nfs/manvi/Team_8_CS598GBL/RFdiffusion/rfdiffusion/inference/../../models
[2026-04-24 10:09:56,864][rfdiffusion.inference.model_runners][INFO] - Reading checkpoint from /lambda/nfs/manvi/Team_8_CS598GBL/RFdiffusion/rfdiffusion/inference/../../models/Base_ckpt.pt
This is inf_conf.ckpt_path
/lambda/nfs/manvi/Team_8_CS598GBL/RFdiffusion/rfdiffusion/inference/../../models/Base_ckpt.pt
Assembling -model, -diffuser and -preprocess configs from checkpoint
USING MODEL CONFIG: self._conf[model][n_extra_block] = 4
USING MODEL CONFIG: self._conf[model][n_main_block] = 32
USING MODEL CONFIG: self._conf[model][n_ref_block] = 4
USING MODEL CONFIG: self._conf[model][d_msa] = 256
USING MODEL CONFIG: self._conf[model][d_msa_full] = 64
USING MODEL CONFIG: self._conf[model][d_pair] = 128
USING MODEL CONFIG: self._conf[model][d_templ] = 64
USING MODEL CONFIG: self._conf[model][n_head_msa] = 8
USING MODEL CONFIG: self._conf[model][n_head_pair] = 4
USING MODEL CONFIG: self._conf[model][n_head_templ] = 4
USING MODEL CONFIG: self._conf[model][d_hidden] = 32
USING MODEL CONFIG: self._conf[model][d_hidden_templ] = 32
USING MODEL CONFIG: self._conf[model][p_drop] = 0.15
USING MODEL CONFIG: self._conf[model][SE3_param_full] = {'num_layers': 1, 'num_channels': 32, 'num_degrees': 2, 'n_heads': 4, 'div': 4, 'l0_in_features': 8, 'l0_out_features': 8, 'l1_in_features': 3, 'l1_out_features': 2, 'num_edge_features': 32}
USING MODEL CONFIG: self._conf[model][SE3_param_topk] = {'num_layers': 1, 'num_channels': 32, 'num_degrees': 2, 'n_heads': 4, 'div': 4, 'l0_in_features': 64, 'l0_out_features': 64, 'l1_in_features': 3, 'l1_out_features': 2, 'num_edge_features': 64}
USING MODEL CONFIG: self._conf[model][freeze_track_motif] = False
USING MODEL CONFIG: self._conf[model][use_motif_timestep] = True
USING MODEL CONFIG: self._conf[diffuser][T] = 50
USING MODEL CONFIG: self._conf[diffuser][b_0] = 0.01
USING MODEL CONFIG: self._conf[diffuser][b_T] = 0.07
USING MODEL CONFIG: self._conf[diffuser][schedule_type] = linear
USING MODEL CONFIG: self._conf[diffuser][so3_type] = igso3
USING MODEL CONFIG: self._conf[diffuser][crd_scale] = 0.25
USING MODEL CONFIG: self._conf[diffuser][so3_schedule_type] = linear
USING MODEL CONFIG: self._conf[diffuser][min_b] = 1.5
USING MODEL CONFIG: self._conf[diffuser][max_b] = 2.5
USING MODEL CONFIG: self._conf[diffuser][min_sigma] = 0.02
USING MODEL CONFIG: self._conf[diffuser][max_sigma] = 1.5
USING MODEL CONFIG: self._conf[preprocess][sidechain_input] = False
USING MODEL CONFIG: self._conf[preprocess][motif_sidechain_input] = True
USING MODEL CONFIG: self._conf[preprocess][d_t1d] = 22
USING MODEL CONFIG: self._conf[preprocess][d_t2d] = 44
USING MODEL CONFIG: self._conf[preprocess][prob_self_cond] = 0.5
USING MODEL CONFIG: self._conf[preprocess][str_self_cond] = True
USING MODEL CONFIG: self._conf[preprocess][predict_previous] = False
[2026-04-24 10:11:29,585][rfdiffusion.inference.model_runners][INFO] - Loading checkpoint.
[2026-04-24 10:11:51,053][rfdiffusion.diffusion][INFO] - Using cached IGSO3.
Successful diffuser __init__
[2026-04-24 10:11:51,117][__main__][INFO] - Making design /lambda/nfs/manvi/Team_8_CS598GBL/outputs/custom90_128_motif_scaffolding/low_noise/len_107/mid/scaffold_0
[2026-04-24 10:11:51,134][rfdiffusion.inference.model_runners][INFO] - Using contig: ['21-35/A37-69/21-35']
With this beta schedule (linear schedule, beta_0 = 0.04, beta_T = 0.28), alpha_bar_T = 0.00013696048699785024
[2026-04-24 10:11:51,361][rfdiffusion.inference.model_runners][INFO] - Sequence init: ---------------------GGGGGGGGGGGGGGGGGGGGGGGGGGGGGGGGG-----------------------------
[2026-04-24 10:12:02,120][rfdiffusion.inference.utils][INFO] - Sampled motif RMSD: 0.17
[2026-04-24 10:12:02,461][rfdiffusion.inference.model_runners][INFO] - Timestep 50, input to next step: ---------------------GGGGGGGGGGGGGGGGGGGGGGGGGGGGGGGGG-----------------------------
[2026-04-24 10:12:08,328][rfdiffusion.inference.utils][INFO] - Sampled motif RMSD: 0.23
[2026-04-24 10:12:08,566][rfdiffusion.inference.model_runners][INFO] - Timestep 49, input to next step: ---------------------GGGGGGGGGGGGGGGGGGGGGGGGGGGGGGGGG-----------------------------
[2026-04-24 10:12:14,880][rfdiffusion.inference.utils][INFO] - Sampled motif RMSD: 0.21
[2026-04-24 10:12:15,215][rfdiffusion.inference.model_runners][INFO] - Timestep 48, input to next step: ---------------------GGGGGGGGGGGGGGGGGGGGGGGGGGGGGGGGG-----------------------------
[2026-04-24 10:12:20,086][rfdiffusion.inference.utils][INFO] - Sampled motif RMSD: 0.21
[2026-04-24 10:12:20,333][rfdiffusion.inference.model_runners][INFO] - Timestep 47, input to next step: ---------------------GGGGGGGGGGGGGGGGGGGGGGGGGGGGGGGGG-----------------------------
[2026-04-24 10:12:25,179][rfdiffusion.inference.utils][INFO] - Sampled motif RMSD: 0.18
[2026-04-24 10:12:25,517][rfdiffusion.inference.model_runners][INFO] - Timestep 46, input to next step: ---------------------GGGGGGGGGGGGGGGGGGGGGGGGGGGGGGGGG-----------------------------
[2026-04-24 10:12:31,294][rfdiffusion.inference.utils][INFO] - Sampled motif RMSD: 0.17
[2026-04-24 10:12:31,537][rfdiffusion.inference.model_runners][INFO] - Timestep 45, input to next step: ---------------------GGGGGGGGGGGGGGGGGGGGGGGGGGGGGGGGG-----------------------------
[2026-04-24 10:12:37,621][rfdiffusion.inference.utils][INFO] - Sampled motif RMSD: 0.18
[2026-04-24 10:12:37,849][rfdiffusion.inference.model_runners][INFO] - Timestep 44, input to next step: ---------------------GGGGGGGGGGGGGGGGGGGGGGGGGGGGGGGGG-----------------------------
[2026-04-24 10:12:43,816][rfdiffusion.inference.utils][INFO] - Sampled motif RMSD: 0.19
[2026-04-24 10:12:44,180][rfdiffusion.inference.model_runners][INFO] - Timestep 43, input to next step: ---------------------GGGGGGGGGGGGGGGGGGGGGGGGGGGGGGGGG-----------------------------
[2026-04-24 10:12:50,863][rfdiffusion.inference.utils][INFO] - Sampled motif RMSD: 0.20
[2026-04-24 10:12:51,161][rfdiffusion.inference.model_runners][INFO] - Timestep 42, input to next step: ---------------------GGGGGGGGGGGGGGGGGGGGGGGGGGGGGGGGG-----------------------------
[2026-04-24 10:12:58,040][rfdiffusion.inference.utils][INFO] - Sampled motif RMSD: 0.18
[2026-04-24 10:12:58,502][rfdiffusion.inference.model_runners][INFO] - Timestep 41, input to next step: ---------------------GGGGGGGGGGGGGGGGGGGGGGGGGGGGGGGGG-----------------------------
[2026-04-24 10:13:02,429][rfdiffusion.inference.utils][INFO] - Sampled motif RMSD: 0.20
[2026-04-24 10:13:02,917][rfdiffusion.inference.model_runners][INFO] - Timestep 40, input to next step: ---------------------GGGGGGGGGGGGGGGGGGGGGGGGGGGGGGGGG-----------------------------
[2026-04-24 10:13:08,369][rfdiffusion.inference.utils][INFO] - Sampled motif RMSD: 0.19
[2026-04-24 10:13:08,922][rfdiffusion.inference.model_runners][INFO] - Timestep 39, input to next step: ---------------------GGGGGGGGGGGGGGGGGGGGGGGGGGGGGGGGG-----------------------------
[2026-04-24 10:13:12,886][rfdiffusion.inference.utils][INFO] - Sampled motif RMSD: 0.18
[2026-04-24 10:13:13,240][rfdiffusion.inference.model_runners][INFO] - Timestep 38, input to next step: ---------------------GGGGGGGGGGGGGGGGGGGGGGGGGGGGGGGGG-----------------------------
[2026-04-24 10:13:17,381][rfdiffusion.inference.utils][INFO] - Sampled motif RMSD: 0.17
[2026-04-24 10:13:17,575][rfdiffusion.inference.model_runners][INFO] - Timestep 37, input to next step: ---------------------GGGGGGGGGGGGGGGGGGGGGGGGGGGGGGGGG-----------------------------
[2026-04-24 10:13:23,019][rfdiffusion.inference.utils][INFO] - Sampled motif RMSD: 0.16
[2026-04-24 10:13:23,313][rfdiffusion.inference.model_runners][INFO] - Timestep 36, input to next step: ---------------------GGGGGGGGGGGGGGGGGGGGGGGGGGGGGGGGG-----------------------------
[2026-04-24 10:13:28,384][rfdiffusion.inference.utils][INFO] - Sampled motif RMSD: 0.16
[2026-04-24 10:13:28,910][rfdiffusion.inference.model_runners][INFO] - Timestep 35, input to next step: ---------------------GGGGGGGGGGGGGGGGGGGGGGGGGGGGGGGGG-----------------------------
[2026-04-24 10:13:33,306][rfdiffusion.inference.utils][INFO] - Sampled motif RMSD: 0.16
[2026-04-24 10:13:33,675][rfdiffusion.inference.model_runners][INFO] - Timestep 34, input to next step: ---------------------GGGGGGGGGGGGGGGGGGGGGGGGGGGGGGGGG-----------------------------
[2026-04-24 10:13:37,297][rfdiffusion.inference.utils][INFO] - Sampled motif RMSD: 0.16
[2026-04-24 10:13:37,513][rfdiffusion.inference.model_runners][INFO] - Timestep 33, input to next step: ---------------------GGGGGGGGGGGGGGGGGGGGGGGGGGGGGGGGG-----------------------------
[2026-04-24 10:13:42,150][rfdiffusion.inference.utils][INFO] - Sampled motif RMSD: 0.17
[2026-04-24 10:13:42,549][rfdiffusion.inference.model_runners][INFO] - Timestep 32, input to next step: ---------------------GGGGGGGGGGGGGGGGGGGGGGGGGGGGGGGGG-----------------------------
[2026-04-24 10:13:48,468][rfdiffusion.inference.utils][INFO] - Sampled motif RMSD: 0.17
[2026-04-24 10:13:48,859][rfdiffusion.inference.model_runners][INFO] - Timestep 31, input to next step: ---------------------GGGGGGGGGGGGGGGGGGGGGGGGGGGGGGGGG-----------------------------
[2026-04-24 10:13:54,088][rfdiffusion.inference.utils][INFO] - Sampled motif RMSD: 0.16
[2026-04-24 10:13:54,286][rfdiffusion.inference.model_runners][INFO] - Timestep 30, input to next step: ---------------------GGGGGGGGGGGGGGGGGGGGGGGGGGGGGGGGG-----------------------------
[2026-04-24 10:13:59,433][rfdiffusion.inference.utils][INFO] - Sampled motif RMSD: 0.14
[2026-04-24 10:13:59,607][rfdiffusion.inference.model_runners][INFO] - Timestep 29, input to next step: ---------------------GGGGGGGGGGGGGGGGGGGGGGGGGGGGGGGGG-----------------------------
[2026-04-24 10:14:05,289][rfdiffusion.inference.utils][INFO] - Sampled motif RMSD: 0.13
[2026-04-24 10:14:05,619][rfdiffusion.inference.model_runners][INFO] - Timestep 28, input to next step: ---------------------GGGGGGGGGGGGGGGGGGGGGGGGGGGGGGGGG-----------------------------
[2026-04-24 10:14:10,956][rfdiffusion.inference.utils][INFO] - Sampled motif RMSD: 0.15
[2026-04-24 10:14:11,215][rfdiffusion.inference.model_runners][INFO] - Timestep 27, input to next step: ---------------------GGGGGGGGGGGGGGGGGGGGGGGGGGGGGGGGG-----------------------------
[2026-04-24 10:14:16,395][rfdiffusion.inference.utils][INFO] - Sampled motif RMSD: 0.15
[2026-04-24 10:14:17,048][rfdiffusion.inference.model_runners][INFO] - Timestep 26, input to next step: ---------------------GGGGGGGGGGGGGGGGGGGGGGGGGGGGGGGGG-----------------------------
[2026-04-24 10:14:22,094][rfdiffusion.inference.utils][INFO] - Sampled motif RMSD: 0.17
[2026-04-24 10:14:22,756][rfdiffusion.inference.model_runners][INFO] - Timestep 25, input to next step: ---------------------GGGGGGGGGGGGGGGGGGGGGGGGGGGGGGGGG-----------------------------
[2026-04-24 10:14:32,264][rfdiffusion.inference.utils][INFO] - Sampled motif RMSD: 0.17
[2026-04-24 10:14:32,599][rfdiffusion.inference.model_runners][INFO] - Timestep 24, input to next step: ---------------------GGGGGGGGGGGGGGGGGGGGGGGGGGGGGGGGG-----------------------------
[2026-04-24 10:14:39,605][rfdiffusion.inference.utils][INFO] - Sampled motif RMSD: 0.19
[2026-04-24 10:14:40,091][rfdiffusion.inference.model_runners][INFO] - Timestep 23, input to next step: ---------------------GGGGGGGGGGGGGGGGGGGGGGGGGGGGGGGGG-----------------------------
[2026-04-24 10:14:45,512][rfdiffusion.inference.utils][INFO] - Sampled motif RMSD: 0.19
[2026-04-24 10:14:45,747][rfdiffusion.inference.model_runners][INFO] - Timestep 22, input to next step: ---------------------GGGGGGGGGGGGGGGGGGGGGGGGGGGGGGGGG-----------------------------
[2026-04-24 10:14:50,158][rfdiffusion.inference.utils][INFO] - Sampled motif RMSD: 0.19
[2026-04-24 10:14:50,446][rfdiffusion.inference.model_runners][INFO] - Timestep 21, input to next step: ---------------------GGGGGGGGGGGGGGGGGGGGGGGGGGGGGGGGG-----------------------------
[2026-04-24 10:14:55,943][rfdiffusion.inference.utils][INFO] - Sampled motif RMSD: 0.21
[2026-04-24 10:14:56,241][rfdiffusion.inference.model_runners][INFO] - Timestep 20, input to next step: ---------------------GGGGGGGGGGGGGGGGGGGGGGGGGGGGGGGGG-----------------------------
[2026-04-24 10:15:01,663][rfdiffusion.inference.utils][INFO] - Sampled motif RMSD: 0.19
[2026-04-24 10:15:02,064][rfdiffusion.inference.model_runners][INFO] - Timestep 19, input to next step: ---------------------GGGGGGGGGGGGGGGGGGGGGGGGGGGGGGGGG-----------------------------
[2026-04-24 10:15:07,821][rfdiffusion.inference.utils][INFO] - Sampled motif RMSD: 0.19
[2026-04-24 10:15:08,099][rfdiffusion.inference.model_runners][INFO] - Timestep 18, input to next step: ---------------------GGGGGGGGGGGGGGGGGGGGGGGGGGGGGGGGG-----------------------------
[2026-04-24 10:15:14,930][rfdiffusion.inference.utils][INFO] - Sampled motif RMSD: 0.18
[2026-04-24 10:15:15,383][rfdiffusion.inference.model_runners][INFO] - Timestep 17, input to next step: ---------------------GGGGGGGGGGGGGGGGGGGGGGGGGGGGGGGGG-----------------------------
[2026-04-24 10:15:21,439][rfdiffusion.inference.utils][INFO] - Sampled motif RMSD: 0.17
[2026-04-24 10:15:21,758][rfdiffusion.inference.model_runners][INFO] - Timestep 16, input to next step: ---------------------GGGGGGGGGGGGGGGGGGGGGGGGGGGGGGGGG-----------------------------
[2026-04-24 10:15:27,952][rfdiffusion.inference.utils][INFO] - Sampled motif RMSD: 0.17
[2026-04-24 10:15:28,547][rfdiffusion.inference.model_runners][INFO] - Timestep 15, input to next step: ---------------------GGGGGGGGGGGGGGGGGGGGGGGGGGGGGGGGG-----------------------------
[2026-04-24 10:15:33,939][rfdiffusion.inference.utils][INFO] - Sampled motif RMSD: 0.15
[2026-04-24 10:15:34,371][rfdiffusion.inference.model_runners][INFO] - Timestep 14, input to next step: ---------------------GGGGGGGGGGGGGGGGGGGGGGGGGGGGGGGGG-----------------------------
[2026-04-24 10:15:40,008][rfdiffusion.inference.utils][INFO] - Sampled motif RMSD: 0.16
[2026-04-24 10:15:40,303][rfdiffusion.inference.model_runners][INFO] - Timestep 13, input to next step: ---------------------GGGGGGGGGGGGGGGGGGGGGGGGGGGGGGGGG-----------------------------
[2026-04-24 10:15:45,574][rfdiffusion.inference.utils][INFO] - Sampled motif RMSD: 0.16
[2026-04-24 10:15:46,141][rfdiffusion.inference.model_runners][INFO] - Timestep 12, input to next step: ---------------------GGGGGGGGGGGGGGGGGGGGGGGGGGGGGGGGG-----------------------------
[2026-04-24 10:15:51,259][rfdiffusion.inference.utils][INFO] - Sampled motif RMSD: 0.15
[2026-04-24 10:15:51,799][rfdiffusion.inference.model_runners][INFO] - Timestep 11, input to next step: ---------------------GGGGGGGGGGGGGGGGGGGGGGGGGGGGGGGGG-----------------------------
[2026-04-24 10:15:56,839][rfdiffusion.inference.utils][INFO] - Sampled motif RMSD: 0.14
[2026-04-24 10:15:57,159][rfdiffusion.inference.model_runners][INFO] - Timestep 10, input to next step: ---------------------GGGGGGGGGGGGGGGGGGGGGGGGGGGGGGGGG-----------------------------
[2026-04-24 10:16:02,795][rfdiffusion.inference.utils][INFO] - Sampled motif RMSD: 0.13
[2026-04-24 10:16:03,451][rfdiffusion.inference.model_runners][INFO] - Timestep 9, input to next step: ---------------------GGGGGGGGGGGGGGGGGGGGGGGGGGGGGGGGG-----------------------------
[2026-04-24 10:16:09,563][rfdiffusion.inference.utils][INFO] - Sampled motif RMSD: 0.13
[2026-04-24 10:16:10,398][rfdiffusion.inference.model_runners][INFO] - Timestep 8, input to next step: ---------------------GGGGGGGGGGGGGGGGGGGGGGGGGGGGGGGGG-----------------------------
[2026-04-24 10:16:16,492][rfdiffusion.inference.utils][INFO] - Sampled motif RMSD: 0.13
[2026-04-24 10:16:16,852][rfdiffusion.inference.model_runners][INFO] - Timestep 7, input to next step: ---------------------GGGGGGGGGGGGGGGGGGGGGGGGGGGGGGGGG-----------------------------
[2026-04-24 10:16:25,997][rfdiffusion.inference.utils][INFO] - Sampled motif RMSD: 0.12
[2026-04-24 10:16:26,419][rfdiffusion.inference.model_runners][INFO] - Timestep 6, input to next step: ---------------------GGGGGGGGGGGGGGGGGGGGGGGGGGGGGGGGG-----------------------------
[2026-04-24 10:16:31,534][rfdiffusion.inference.utils][INFO] - Sampled motif RMSD: 0.10
[2026-04-24 10:16:32,066][rfdiffusion.inference.model_runners][INFO] - Timestep 5, input to next step: ---------------------GGGGGGGGGGGGGGGGGGGGGGGGGGGGGGGGG-----------------------------
[2026-04-24 10:16:36,104][rfdiffusion.inference.utils][INFO] - Sampled motif RMSD: 0.12
[2026-04-24 10:16:36,472][rfdiffusion.inference.model_runners][INFO] - Timestep 4, input to next step: ---------------------GGGGGGGGGGGGGGGGGGGGGGGGGGGGGGGGG-----------------------------
[2026-04-24 10:16:45,184][rfdiffusion.inference.utils][INFO] - Sampled motif RMSD: 0.11
[2026-04-24 10:16:45,769][rfdiffusion.inference.model_runners][INFO] - Timestep 3, input to next step: ---------------------GGGGGGGGGGGGGGGGGGGGGGGGGGGGGGGGG-----------------------------
[2026-04-24 10:16:53,108][rfdiffusion.inference.utils][INFO] - Sampled motif RMSD: 0.12
[2026-04-24 10:16:53,618][rfdiffusion.inference.model_runners][INFO] - Timestep 2, input to next step: ---------------------GGGGGGGGGGGGGGGGGGGGGGGGGGGGGGGGG-----------------------------
[2026-04-24 10:17:06,536][__main__][INFO] - Finished design in 5.26 minutes
[2026-04-24 10:17:06,537][__main__][INFO] - Making design /lambda/nfs/manvi/Team_8_CS598GBL/outputs/custom90_128_motif_scaffolding/low_noise/len_107/mid/scaffold_1
[2026-04-24 10:17:06,551][rfdiffusion.inference.model_runners][INFO] - Using contig: ['21-35/A37-69/21-35']
With this beta schedule (linear schedule, beta_0 = 0.04, beta_T = 0.28), alpha_bar_T = 0.00013696048699785024
[2026-04-24 10:17:07,165][rfdiffusion.inference.model_runners][INFO] - Sequence init: --------------------------------GGGGGGGGGGGGGGGGGGGGGGGGGGGGGGGGG-------------------------
[2026-04-24 10:17:13,132][rfdiffusion.inference.utils][INFO] - Sampled motif RMSD: 0.17
[2026-04-24 10:17:13,317][rfdiffusion.inference.model_runners][INFO] - Timestep 50, input to next step: --------------------------------GGGGGGGGGGGGGGGGGGGGGGGGGGGGGGGGG-------------------------
[2026-04-24 10:17:16,231][rfdiffusion.inference.utils][INFO] - Sampled motif RMSD: 0.17
[2026-04-24 10:17:16,516][rfdiffusion.inference.model_runners][INFO] - Timestep 49, input to next step: --------------------------------GGGGGGGGGGGGGGGGGGGGGGGGGGGGGGGGG-------------------------
[2026-04-24 10:17:22,055][rfdiffusion.inference.utils][INFO] - Sampled motif RMSD: 0.19
[2026-04-24 10:17:22,288][rfdiffusion.inference.model_runners][INFO] - Timestep 48, input to next step: --------------------------------GGGGGGGGGGGGGGGGGGGGGGGGGGGGGGGGG-------------------------
[2026-04-24 10:17:28,845][rfdiffusion.inference.utils][INFO] - Sampled motif RMSD: 0.18
[2026-04-24 10:17:29,379][rfdiffusion.inference.model_runners][INFO] - Timestep 47, input to next step: --------------------------------GGGGGGGGGGGGGGGGGGGGGGGGGGGGGGGGG-------------------------
[2026-04-24 10:17:34,522][rfdiffusion.inference.utils][INFO] - Sampled motif RMSD: 0.19
[2026-04-24 10:17:34,942][rfdiffusion.inference.model_runners][INFO] - Timestep 46, input to next step: --------------------------------GGGGGGGGGGGGGGGGGGGGGGGGGGGGGGGGG-------------------------
[2026-04-24 10:17:41,215][rfdiffusion.inference.utils][INFO] - Sampled motif RMSD: 0.19
[2026-04-24 10:17:41,427][rfdiffusion.inference.model_runners][INFO] - Timestep 45, input to next step: --------------------------------GGGGGGGGGGGGGGGGGGGGGGGGGGGGGGGGG-------------------------
[2026-04-24 10:17:47,327][rfdiffusion.inference.utils][INFO] - Sampled motif RMSD: 0.17
[2026-04-24 10:17:47,674][rfdiffusion.inference.model_runners][INFO] - Timestep 44, input to next step: --------------------------------GGGGGGGGGGGGGGGGGGGGGGGGGGGGGGGGG-------------------------
[2026-04-24 10:17:54,268][rfdiffusion.inference.utils][INFO] - Sampled motif RMSD: 0.17
[2026-04-24 10:17:54,722][rfdiffusion.inference.model_runners][INFO] - Timestep 43, input to next step: --------------------------------GGGGGGGGGGGGGGGGGGGGGGGGGGGGGGGGG-------------------------
[2026-04-24 10:18:01,173][rfdiffusion.inference.utils][INFO] - Sampled motif RMSD: 0.20
[2026-04-24 10:18:01,405][rfdiffusion.inference.model_runners][INFO] - Timestep 42, input to next step: --------------------------------GGGGGGGGGGGGGGGGGGGGGGGGGGGGGGGGG-------------------------
[2026-04-24 10:18:07,578][rfdiffusion.inference.utils][INFO] - Sampled motif RMSD: 0.18
[2026-04-24 10:18:07,833][rfdiffusion.inference.model_runners][INFO] - Timestep 41, input to next step: --------------------------------GGGGGGGGGGGGGGGGGGGGGGGGGGGGGGGGG-------------------------
[2026-04-24 10:18:13,745][rfdiffusion.inference.utils][INFO] - Sampled motif RMSD: 0.16
[2026-04-24 10:18:13,963][rfdiffusion.inference.model_runners][INFO] - Timestep 40, input to next step: --------------------------------GGGGGGGGGGGGGGGGGGGGGGGGGGGGGGGGG-------------------------
[2026-04-24 10:18:20,076][rfdiffusion.inference.utils][INFO] - Sampled motif RMSD: 0.15
[2026-04-24 10:18:20,650][rfdiffusion.inference.model_runners][INFO] - Timestep 39, input to next step: --------------------------------GGGGGGGGGGGGGGGGGGGGGGGGGGGGGGGGG-------------------------
[2026-04-24 10:18:27,184][rfdiffusion.inference.utils][INFO] - Sampled motif RMSD: 0.17
[2026-04-24 10:18:27,444][rfdiffusion.inference.model_runners][INFO] - Timestep 38, input to next step: --------------------------------GGGGGGGGGGGGGGGGGGGGGGGGGGGGGGGGG-------------------------
[2026-04-24 10:18:33,270][rfdiffusion.inference.utils][INFO] - Sampled motif RMSD: 0.17
[2026-04-24 10:18:33,571][rfdiffusion.inference.model_runners][INFO] - Timestep 37, input to next step: --------------------------------GGGGGGGGGGGGGGGGGGGGGGGGGGGGGGGGG-------------------------
[2026-04-24 10:18:39,758][rfdiffusion.inference.utils][INFO] - Sampled motif RMSD: 0.16
[2026-04-24 10:18:40,023][rfdiffusion.inference.model_runners][INFO] - Timestep 36, input to next step: --------------------------------GGGGGGGGGGGGGGGGGGGGGGGGGGGGGGGGG-------------------------
[2026-04-24 10:18:45,713][rfdiffusion.inference.utils][INFO] - Sampled motif RMSD: 0.15
[2026-04-24 10:18:46,160][rfdiffusion.inference.model_runners][INFO] - Timestep 35, input to next step: --------------------------------GGGGGGGGGGGGGGGGGGGGGGGGGGGGGGGGG-------------------------
[2026-04-24 10:18:50,435][rfdiffusion.inference.utils][INFO] - Sampled motif RMSD: 0.16
[2026-04-24 10:18:50,912][rfdiffusion.inference.model_runners][INFO] - Timestep 34, input to next step: --------------------------------GGGGGGGGGGGGGGGGGGGGGGGGGGGGGGGGG-------------------------
[2026-04-24 10:18:54,443][rfdiffusion.inference.utils][INFO] - Sampled motif RMSD: 0.15
[2026-04-24 10:18:54,723][rfdiffusion.inference.model_runners][INFO] - Timestep 33, input to next step: --------------------------------GGGGGGGGGGGGGGGGGGGGGGGGGGGGGGGGG-------------------------
[2026-04-24 10:18:59,955][rfdiffusion.inference.utils][INFO] - Sampled motif RMSD: 0.14
[2026-04-24 10:19:00,289][rfdiffusion.inference.model_runners][INFO] - Timestep 32, input to next step: --------------------------------GGGGGGGGGGGGGGGGGGGGGGGGGGGGGGGGG-------------------------
[2026-04-24 10:19:03,640][rfdiffusion.inference.utils][INFO] - Sampled motif RMSD: 0.16
[2026-04-24 10:19:04,090][rfdiffusion.inference.model_runners][INFO] - Timestep 31, input to next step: --------------------------------GGGGGGGGGGGGGGGGGGGGGGGGGGGGGGGGG-------------------------
[2026-04-24 10:19:08,052][rfdiffusion.inference.utils][INFO] - Sampled motif RMSD: 0.15
[2026-04-24 10:19:08,233][rfdiffusion.inference.model_runners][INFO] - Timestep 30, input to next step: --------------------------------GGGGGGGGGGGGGGGGGGGGGGGGGGGGGGGGG-------------------------
[2026-04-24 10:19:12,029][rfdiffusion.inference.utils][INFO] - Sampled motif RMSD: 0.15
[2026-04-24 10:19:12,259][rfdiffusion.inference.model_runners][INFO] - Timestep 29, input to next step: --------------------------------GGGGGGGGGGGGGGGGGGGGGGGGGGGGGGGGG-------------------------
[2026-04-24 10:19:15,460][rfdiffusion.inference.utils][INFO] - Sampled motif RMSD: 0.15
[2026-04-24 10:19:15,660][rfdiffusion.inference.model_runners][INFO] - Timestep 28, input to next step: --------------------------------GGGGGGGGGGGGGGGGGGGGGGGGGGGGGGGGG-------------------------
[2026-04-24 10:19:19,131][rfdiffusion.inference.utils][INFO] - Sampled motif RMSD: 0.13
[2026-04-24 10:19:19,527][rfdiffusion.inference.model_runners][INFO] - Timestep 27, input to next step: --------------------------------GGGGGGGGGGGGGGGGGGGGGGGGGGGGGGGGG-------------------------
[2026-04-24 10:19:23,593][rfdiffusion.inference.utils][INFO] - Sampled motif RMSD: 0.13
[2026-04-24 10:19:24,081][rfdiffusion.inference.model_runners][INFO] - Timestep 26, input to next step: --------------------------------GGGGGGGGGGGGGGGGGGGGGGGGGGGGGGGGG-------------------------
[2026-04-24 10:19:28,737][rfdiffusion.inference.utils][INFO] - Sampled motif RMSD: 0.13
[2026-04-24 10:19:29,116][rfdiffusion.inference.model_runners][INFO] - Timestep 25, input to next step: --------------------------------GGGGGGGGGGGGGGGGGGGGGGGGGGGGGGGGG-------------------------
[2026-04-24 10:19:33,312][rfdiffusion.inference.utils][INFO] - Sampled motif RMSD: 0.13
[2026-04-24 10:19:33,689][rfdiffusion.inference.model_runners][INFO] - Timestep 24, input to next step: --------------------------------GGGGGGGGGGGGGGGGGGGGGGGGGGGGGGGGG-------------------------
[2026-04-24 10:19:38,212][rfdiffusion.inference.utils][INFO] - Sampled motif RMSD: 0.13
[2026-04-24 10:19:38,654][rfdiffusion.inference.model_runners][INFO] - Timestep 23, input to next step: --------------------------------GGGGGGGGGGGGGGGGGGGGGGGGGGGGGGGGG-------------------------
[2026-04-24 10:19:41,548][rfdiffusion.inference.utils][INFO] - Sampled motif RMSD: 0.12
[2026-04-24 10:19:41,903][rfdiffusion.inference.model_runners][INFO] - Timestep 22, input to next step: --------------------------------GGGGGGGGGGGGGGGGGGGGGGGGGGGGGGGGG-------------------------
[2026-04-24 10:19:46,678][rfdiffusion.inference.utils][INFO] - Sampled motif RMSD: 0.12
[2026-04-24 10:19:47,026][rfdiffusion.inference.model_runners][INFO] - Timestep 21, input to next step: --------------------------------GGGGGGGGGGGGGGGGGGGGGGGGGGGGGGGGG-------------------------
[2026-04-24 10:19:51,519][rfdiffusion.inference.utils][INFO] - Sampled motif RMSD: 0.12
[2026-04-24 10:19:51,768][rfdiffusion.inference.model_runners][INFO] - Timestep 20, input to next step: --------------------------------GGGGGGGGGGGGGGGGGGGGGGGGGGGGGGGGG-------------------------
[2026-04-24 10:19:56,720][rfdiffusion.inference.utils][INFO] - Sampled motif RMSD: 0.12
[2026-04-24 10:19:56,970][rfdiffusion.inference.model_runners][INFO] - Timestep 19, input to next step: --------------------------------GGGGGGGGGGGGGGGGGGGGGGGGGGGGGGGGG-------------------------
[2026-04-24 10:20:02,080][rfdiffusion.inference.utils][INFO] - Sampled motif RMSD: 0.12
[2026-04-24 10:20:02,453][rfdiffusion.inference.model_runners][INFO] - Timestep 18, input to next step: --------------------------------GGGGGGGGGGGGGGGGGGGGGGGGGGGGGGGGG-------------------------
[2026-04-24 10:20:07,291][rfdiffusion.inference.utils][INFO] - Sampled motif RMSD: 0.11
[2026-04-24 10:20:07,710][rfdiffusion.inference.model_runners][INFO] - Timestep 17, input to next step: --------------------------------GGGGGGGGGGGGGGGGGGGGGGGGGGGGGGGGG-------------------------
[2026-04-24 10:20:13,915][rfdiffusion.inference.utils][INFO] - Sampled motif RMSD: 0.12
[2026-04-24 10:20:14,268][rfdiffusion.inference.model_runners][INFO] - Timestep 16, input to next step: --------------------------------GGGGGGGGGGGGGGGGGGGGGGGGGGGGGGGGG-------------------------
[2026-04-24 10:20:19,164][rfdiffusion.inference.utils][INFO] - Sampled motif RMSD: 0.11
[2026-04-24 10:20:19,581][rfdiffusion.inference.model_runners][INFO] - Timestep 15, input to next step: --------------------------------GGGGGGGGGGGGGGGGGGGGGGGGGGGGGGGGG-------------------------
[2026-04-24 10:20:25,782][rfdiffusion.inference.utils][INFO] - Sampled motif RMSD: 0.11
[2026-04-24 10:20:26,111][rfdiffusion.inference.model_runners][INFO] - Timestep 14, input to next step: --------------------------------GGGGGGGGGGGGGGGGGGGGGGGGGGGGGGGGG-------------------------
[2026-04-24 10:20:30,472][rfdiffusion.inference.utils][INFO] - Sampled motif RMSD: 0.11
[2026-04-24 10:20:30,626][rfdiffusion.inference.model_runners][INFO] - Timestep 13, input to next step: --------------------------------GGGGGGGGGGGGGGGGGGGGGGGGGGGGGGGGG-------------------------
[2026-04-24 10:20:35,120][rfdiffusion.inference.utils][INFO] - Sampled motif RMSD: 0.11
[2026-04-24 10:20:35,261][rfdiffusion.inference.model_runners][INFO] - Timestep 12, input to next step: --------------------------------GGGGGGGGGGGGGGGGGGGGGGGGGGGGGGGGG-------------------------
[2026-04-24 10:20:40,054][rfdiffusion.inference.utils][INFO] - Sampled motif RMSD: 0.11
[2026-04-24 10:20:40,228][rfdiffusion.inference.model_runners][INFO] - Timestep 11, input to next step: --------------------------------GGGGGGGGGGGGGGGGGGGGGGGGGGGGGGGGG-------------------------
[2026-04-24 10:20:45,502][rfdiffusion.inference.utils][INFO] - Sampled motif RMSD: 0.12
[2026-04-24 10:20:45,786][rfdiffusion.inference.model_runners][INFO] - Timestep 10, input to next step: --------------------------------GGGGGGGGGGGGGGGGGGGGGGGGGGGGGGGGG-------------------------
[2026-04-24 10:20:49,792][rfdiffusion.inference.utils][INFO] - Sampled motif RMSD: 0.12
[2026-04-24 10:20:50,058][rfdiffusion.inference.model_runners][INFO] - Timestep 9, input to next step: --------------------------------GGGGGGGGGGGGGGGGGGGGGGGGGGGGGGGGG-------------------------
[2026-04-24 10:20:54,996][rfdiffusion.inference.utils][INFO] - Sampled motif RMSD: 0.12
[2026-04-24 10:20:55,377][rfdiffusion.inference.model_runners][INFO] - Timestep 8, input to next step: --------------------------------GGGGGGGGGGGGGGGGGGGGGGGGGGGGGGGGG-------------------------
[2026-04-24 10:21:00,106][rfdiffusion.inference.utils][INFO] - Sampled motif RMSD: 0.12
[2026-04-24 10:21:00,542][rfdiffusion.inference.model_runners][INFO] - Timestep 7, input to next step: --------------------------------GGGGGGGGGGGGGGGGGGGGGGGGGGGGGGGGG-------------------------
[2026-04-24 10:21:03,555][rfdiffusion.inference.utils][INFO] - Sampled motif RMSD: 0.11
[2026-04-24 10:21:04,040][rfdiffusion.inference.model_runners][INFO] - Timestep 6, input to next step: --------------------------------GGGGGGGGGGGGGGGGGGGGGGGGGGGGGGGGG-------------------------
[2026-04-24 10:21:08,906][rfdiffusion.inference.utils][INFO] - Sampled motif RMSD: 0.11
[2026-04-24 10:21:09,178][rfdiffusion.inference.model_runners][INFO] - Timestep 5, input to next step: --------------------------------GGGGGGGGGGGGGGGGGGGGGGGGGGGGGGGGG-------------------------
[2026-04-24 10:21:13,346][rfdiffusion.inference.utils][INFO] - Sampled motif RMSD: 0.12
[2026-04-24 10:21:13,655][rfdiffusion.inference.model_runners][INFO] - Timestep 4, input to next step: --------------------------------GGGGGGGGGGGGGGGGGGGGGGGGGGGGGGGGG-------------------------
[2026-04-24 10:21:18,138][rfdiffusion.inference.utils][INFO] - Sampled motif RMSD: 0.13
[2026-04-24 10:21:18,523][rfdiffusion.inference.model_runners][INFO] - Timestep 3, input to next step: --------------------------------GGGGGGGGGGGGGGGGGGGGGGGGGGGGGGGGG-------------------------
[2026-04-24 10:21:22,380][rfdiffusion.inference.utils][INFO] - Sampled motif RMSD: 0.13
[2026-04-24 10:21:22,935][rfdiffusion.inference.model_runners][INFO] - Timestep 2, input to next step: --------------------------------GGGGGGGGGGGGGGGGGGGGGGGGGGGGGGGGG-------------------------
[2026-04-24 10:21:32,950][__main__][INFO] - Finished design in 4.44 minutes
