[2026-04-24 10:01:13,038][__main__][INFO] - Found GPU with device_name NVIDIA A100-SXM4-80GB. Will run RFdiffusion on NVIDIA A100-SXM4-80GB
Reading models from /lambda/nfs/manvi/Team_8_CS598GBL/RFdiffusion/rfdiffusion/inference/../../models
[2026-04-24 10:01:13,094][rfdiffusion.inference.model_runners][INFO] - Reading checkpoint from /lambda/nfs/manvi/Team_8_CS598GBL/RFdiffusion/rfdiffusion/inference/../../models/Base_ckpt.pt
This is inf_conf.ckpt_path
/lambda/nfs/manvi/Team_8_CS598GBL/RFdiffusion/rfdiffusion/inference/../../models/Base_ckpt.pt
Assembling -model, -diffuser and -preprocess configs from checkpoint
USING MODEL CONFIG: self._conf[model][n_extra_block] = 4
USING MODEL CONFIG: self._conf[model][n_main_block] = 32
USING MODEL CONFIG: self._conf[model][n_ref_block] = 4
USING MODEL CONFIG: self._conf[model][d_msa] = 256
USING MODEL CONFIG: self._conf[model][d_msa_full] = 64
USING MODEL CONFIG: self._conf[model][d_pair] = 128
USING MODEL CONFIG: self._conf[model][d_templ] = 64
USING MODEL CONFIG: self._conf[model][n_head_msa] = 8
USING MODEL CONFIG: self._conf[model][n_head_pair] = 4
USING MODEL CONFIG: self._conf[model][n_head_templ] = 4
USING MODEL CONFIG: self._conf[model][d_hidden] = 32
USING MODEL CONFIG: self._conf[model][d_hidden_templ] = 32
USING MODEL CONFIG: self._conf[model][p_drop] = 0.15
USING MODEL CONFIG: self._conf[model][SE3_param_full] = {'num_layers': 1, 'num_channels': 32, 'num_degrees': 2, 'n_heads': 4, 'div': 4, 'l0_in_features': 8, 'l0_out_features': 8, 'l1_in_features': 3, 'l1_out_features': 2, 'num_edge_features': 32}
USING MODEL CONFIG: self._conf[model][SE3_param_topk] = {'num_layers': 1, 'num_channels': 32, 'num_degrees': 2, 'n_heads': 4, 'div': 4, 'l0_in_features': 64, 'l0_out_features': 64, 'l1_in_features': 3, 'l1_out_features': 2, 'num_edge_features': 64}
USING MODEL CONFIG: self._conf[model][freeze_track_motif] = False
USING MODEL CONFIG: self._conf[model][use_motif_timestep] = True
USING MODEL CONFIG: self._conf[diffuser][T] = 50
USING MODEL CONFIG: self._conf[diffuser][b_0] = 0.01
USING MODEL CONFIG: self._conf[diffuser][b_T] = 0.07
USING MODEL CONFIG: self._conf[diffuser][schedule_type] = linear
USING MODEL CONFIG: self._conf[diffuser][so3_type] = igso3
USING MODEL CONFIG: self._conf[diffuser][crd_scale] = 0.25
USING MODEL CONFIG: self._conf[diffuser][so3_schedule_type] = linear
USING MODEL CONFIG: self._conf[diffuser][min_b] = 1.5
USING MODEL CONFIG: self._conf[diffuser][max_b] = 2.5
USING MODEL CONFIG: self._conf[diffuser][min_sigma] = 0.02
USING MODEL CONFIG: self._conf[diffuser][max_sigma] = 1.5
USING MODEL CONFIG: self._conf[preprocess][sidechain_input] = False
USING MODEL CONFIG: self._conf[preprocess][motif_sidechain_input] = True
USING MODEL CONFIG: self._conf[preprocess][d_t1d] = 22
USING MODEL CONFIG: self._conf[preprocess][d_t2d] = 44
USING MODEL CONFIG: self._conf[preprocess][prob_self_cond] = 0.5
USING MODEL CONFIG: self._conf[preprocess][str_self_cond] = True
USING MODEL CONFIG: self._conf[preprocess][predict_previous] = False
[2026-04-24 10:02:49,396][rfdiffusion.inference.model_runners][INFO] - Loading checkpoint.
[2026-04-24 10:03:17,707][rfdiffusion.diffusion][INFO] - Using cached IGSO3.
Successful diffuser __init__
[2026-04-24 10:03:17,796][__main__][INFO] - Making design /lambda/nfs/manvi/Team_8_CS598GBL/outputs/custom90_128_motif_scaffolding/low_noise/len_102/cterm/scaffold_0
[2026-04-24 10:03:17,826][rfdiffusion.inference.model_runners][INFO] - Using contig: ['20-34/A81-102']
With this beta schedule (linear schedule, beta_0 = 0.04, beta_T = 0.28), alpha_bar_T = 0.00013696048699785024
[2026-04-24 10:03:18,370][rfdiffusion.inference.model_runners][INFO] - Sequence init: --------------------------GGGGGGGGGGGGGGGGGGGGGG
[2026-04-24 10:03:28,482][rfdiffusion.inference.utils][INFO] - Sampled motif RMSD: 0.20
[2026-04-24 10:03:28,815][rfdiffusion.inference.model_runners][INFO] - Timestep 50, input to next step: --------------------------GGGGGGGGGGGGGGGGGGGGGG
[2026-04-24 10:03:33,458][rfdiffusion.inference.utils][INFO] - Sampled motif RMSD: 0.11
[2026-04-24 10:03:33,950][rfdiffusion.inference.model_runners][INFO] - Timestep 49, input to next step: --------------------------GGGGGGGGGGGGGGGGGGGGGG
[2026-04-24 10:03:39,164][rfdiffusion.inference.utils][INFO] - Sampled motif RMSD: 0.14
[2026-04-24 10:03:39,830][rfdiffusion.inference.model_runners][INFO] - Timestep 48, input to next step: --------------------------GGGGGGGGGGGGGGGGGGGGGG
[2026-04-24 10:03:45,144][rfdiffusion.inference.utils][INFO] - Sampled motif RMSD: 0.13
[2026-04-24 10:03:45,545][rfdiffusion.inference.model_runners][INFO] - Timestep 47, input to next step: --------------------------GGGGGGGGGGGGGGGGGGGGGG
[2026-04-24 10:03:51,444][rfdiffusion.inference.utils][INFO] - Sampled motif RMSD: 0.14
[2026-04-24 10:03:51,945][rfdiffusion.inference.model_runners][INFO] - Timestep 46, input to next step: --------------------------GGGGGGGGGGGGGGGGGGGGGG
[2026-04-24 10:03:57,458][rfdiffusion.inference.utils][INFO] - Sampled motif RMSD: 0.14
[2026-04-24 10:03:57,867][rfdiffusion.inference.model_runners][INFO] - Timestep 45, input to next step: --------------------------GGGGGGGGGGGGGGGGGGGGGG
[2026-04-24 10:04:03,412][rfdiffusion.inference.utils][INFO] - Sampled motif RMSD: 0.13
[2026-04-24 10:04:03,630][rfdiffusion.inference.model_runners][INFO] - Timestep 44, input to next step: --------------------------GGGGGGGGGGGGGGGGGGGGGG
[2026-04-24 10:04:06,973][rfdiffusion.inference.utils][INFO] - Sampled motif RMSD: 0.14
[2026-04-24 10:04:07,452][rfdiffusion.inference.model_runners][INFO] - Timestep 43, input to next step: --------------------------GGGGGGGGGGGGGGGGGGGGGG
[2026-04-24 10:04:11,452][rfdiffusion.inference.utils][INFO] - Sampled motif RMSD: 0.15
[2026-04-24 10:04:11,856][rfdiffusion.inference.model_runners][INFO] - Timestep 42, input to next step: --------------------------GGGGGGGGGGGGGGGGGGGGGG
[2026-04-24 10:04:15,662][rfdiffusion.inference.utils][INFO] - Sampled motif RMSD: 0.17
[2026-04-24 10:04:16,026][rfdiffusion.inference.model_runners][INFO] - Timestep 41, input to next step: --------------------------GGGGGGGGGGGGGGGGGGGGGG
[2026-04-24 10:04:19,657][rfdiffusion.inference.utils][INFO] - Sampled motif RMSD: 0.17
[2026-04-24 10:04:19,876][rfdiffusion.inference.model_runners][INFO] - Timestep 40, input to next step: --------------------------GGGGGGGGGGGGGGGGGGGGGG
[2026-04-24 10:04:23,514][rfdiffusion.inference.utils][INFO] - Sampled motif RMSD: 0.17
[2026-04-24 10:04:23,815][rfdiffusion.inference.model_runners][INFO] - Timestep 39, input to next step: --------------------------GGGGGGGGGGGGGGGGGGGGGG
[2026-04-24 10:04:26,996][rfdiffusion.inference.utils][INFO] - Sampled motif RMSD: 0.14
[2026-04-24 10:04:27,310][rfdiffusion.inference.model_runners][INFO] - Timestep 38, input to next step: --------------------------GGGGGGGGGGGGGGGGGGGGGG
[2026-04-24 10:04:30,704][rfdiffusion.inference.utils][INFO] - Sampled motif RMSD: 0.15
[2026-04-24 10:04:30,912][rfdiffusion.inference.model_runners][INFO] - Timestep 37, input to next step: --------------------------GGGGGGGGGGGGGGGGGGGGGG
[2026-04-24 10:04:33,932][rfdiffusion.inference.utils][INFO] - Sampled motif RMSD: 0.15
[2026-04-24 10:04:34,290][rfdiffusion.inference.model_runners][INFO] - Timestep 36, input to next step: --------------------------GGGGGGGGGGGGGGGGGGGGGG
[2026-04-24 10:04:37,391][rfdiffusion.inference.utils][INFO] - Sampled motif RMSD: 0.15
[2026-04-24 10:04:37,636][rfdiffusion.inference.model_runners][INFO] - Timestep 35, input to next step: --------------------------GGGGGGGGGGGGGGGGGGGGGG
[2026-04-24 10:04:41,436][rfdiffusion.inference.utils][INFO] - Sampled motif RMSD: 0.18
[2026-04-24 10:04:41,687][rfdiffusion.inference.model_runners][INFO] - Timestep 34, input to next step: --------------------------GGGGGGGGGGGGGGGGGGGGGG
[2026-04-24 10:04:45,241][rfdiffusion.inference.utils][INFO] - Sampled motif RMSD: 0.18
[2026-04-24 10:04:45,575][rfdiffusion.inference.model_runners][INFO] - Timestep 33, input to next step: --------------------------GGGGGGGGGGGGGGGGGGGGGG
[2026-04-24 10:04:48,904][rfdiffusion.inference.utils][INFO] - Sampled motif RMSD: 0.19
[2026-04-24 10:04:49,057][rfdiffusion.inference.model_runners][INFO] - Timestep 32, input to next step: --------------------------GGGGGGGGGGGGGGGGGGGGGG
[2026-04-24 10:04:53,707][rfdiffusion.inference.utils][INFO] - Sampled motif RMSD: 0.19
[2026-04-24 10:04:54,009][rfdiffusion.inference.model_runners][INFO] - Timestep 31, input to next step: --------------------------GGGGGGGGGGGGGGGGGGGGGG
[2026-04-24 10:04:56,084][rfdiffusion.inference.utils][INFO] - Sampled motif RMSD: 0.16
[2026-04-24 10:04:56,425][rfdiffusion.inference.model_runners][INFO] - Timestep 30, input to next step: --------------------------GGGGGGGGGGGGGGGGGGGGGG
[2026-04-24 10:05:00,320][rfdiffusion.inference.utils][INFO] - Sampled motif RMSD: 0.14
[2026-04-24 10:05:00,713][rfdiffusion.inference.model_runners][INFO] - Timestep 29, input to next step: --------------------------GGGGGGGGGGGGGGGGGGGGGG
[2026-04-24 10:05:05,481][rfdiffusion.inference.utils][INFO] - Sampled motif RMSD: 0.14
[2026-04-24 10:05:05,792][rfdiffusion.inference.model_runners][INFO] - Timestep 28, input to next step: --------------------------GGGGGGGGGGGGGGGGGGGGGG
[2026-04-24 10:05:09,883][rfdiffusion.inference.utils][INFO] - Sampled motif RMSD: 0.14
[2026-04-24 10:05:10,349][rfdiffusion.inference.model_runners][INFO] - Timestep 27, input to next step: --------------------------GGGGGGGGGGGGGGGGGGGGGG
[2026-04-24 10:05:15,104][rfdiffusion.inference.utils][INFO] - Sampled motif RMSD: 0.17
[2026-04-24 10:05:15,643][rfdiffusion.inference.model_runners][INFO] - Timestep 26, input to next step: --------------------------GGGGGGGGGGGGGGGGGGGGGG
[2026-04-24 10:05:20,525][rfdiffusion.inference.utils][INFO] - Sampled motif RMSD: 0.20
[2026-04-24 10:05:20,969][rfdiffusion.inference.model_runners][INFO] - Timestep 25, input to next step: --------------------------GGGGGGGGGGGGGGGGGGGGGG
[2026-04-24 10:05:27,308][rfdiffusion.inference.utils][INFO] - Sampled motif RMSD: 0.21
[2026-04-24 10:05:27,694][rfdiffusion.inference.model_runners][INFO] - Timestep 24, input to next step: --------------------------GGGGGGGGGGGGGGGGGGGGGG
[2026-04-24 10:05:33,223][rfdiffusion.inference.utils][INFO] - Sampled motif RMSD: 0.22
[2026-04-24 10:05:33,434][rfdiffusion.inference.model_runners][INFO] - Timestep 23, input to next step: --------------------------GGGGGGGGGGGGGGGGGGGGGG
[2026-04-24 10:05:39,092][rfdiffusion.inference.utils][INFO] - Sampled motif RMSD: 0.22
[2026-04-24 10:05:39,304][rfdiffusion.inference.model_runners][INFO] - Timestep 22, input to next step: --------------------------GGGGGGGGGGGGGGGGGGGGGG
[2026-04-24 10:05:42,680][rfdiffusion.inference.utils][INFO] - Sampled motif RMSD: 0.22
[2026-04-24 10:05:43,007][rfdiffusion.inference.model_runners][INFO] - Timestep 21, input to next step: --------------------------GGGGGGGGGGGGGGGGGGGGGG
[2026-04-24 10:05:47,002][rfdiffusion.inference.utils][INFO] - Sampled motif RMSD: 0.22
[2026-04-24 10:05:47,413][rfdiffusion.inference.model_runners][INFO] - Timestep 20, input to next step: --------------------------GGGGGGGGGGGGGGGGGGGGGG
[2026-04-24 10:05:51,604][rfdiffusion.inference.utils][INFO] - Sampled motif RMSD: 0.18
[2026-04-24 10:05:51,920][rfdiffusion.inference.model_runners][INFO] - Timestep 19, input to next step: --------------------------GGGGGGGGGGGGGGGGGGGGGG
[2026-04-24 10:05:55,315][rfdiffusion.inference.utils][INFO] - Sampled motif RMSD: 0.18
[2026-04-24 10:05:55,643][rfdiffusion.inference.model_runners][INFO] - Timestep 18, input to next step: --------------------------GGGGGGGGGGGGGGGGGGGGGG
[2026-04-24 10:06:00,373][rfdiffusion.inference.utils][INFO] - Sampled motif RMSD: 0.15
[2026-04-24 10:06:00,713][rfdiffusion.inference.model_runners][INFO] - Timestep 17, input to next step: --------------------------GGGGGGGGGGGGGGGGGGGGGG
[2026-04-24 10:06:05,896][rfdiffusion.inference.utils][INFO] - Sampled motif RMSD: 0.13
[2026-04-24 10:06:06,173][rfdiffusion.inference.model_runners][INFO] - Timestep 16, input to next step: --------------------------GGGGGGGGGGGGGGGGGGGGGG
[2026-04-24 10:06:10,720][rfdiffusion.inference.utils][INFO] - Sampled motif RMSD: 0.12
[2026-04-24 10:06:11,165][rfdiffusion.inference.model_runners][INFO] - Timestep 15, input to next step: --------------------------GGGGGGGGGGGGGGGGGGGGGG
[2026-04-24 10:06:17,190][rfdiffusion.inference.utils][INFO] - Sampled motif RMSD: 0.12
[2026-04-24 10:06:17,711][rfdiffusion.inference.model_runners][INFO] - Timestep 14, input to next step: --------------------------GGGGGGGGGGGGGGGGGGGGGG
[2026-04-24 10:06:24,574][rfdiffusion.inference.utils][INFO] - Sampled motif RMSD: 0.13
[2026-04-24 10:06:24,803][rfdiffusion.inference.model_runners][INFO] - Timestep 13, input to next step: --------------------------GGGGGGGGGGGGGGGGGGGGGG
[2026-04-24 10:06:31,577][rfdiffusion.inference.utils][INFO] - Sampled motif RMSD: 0.13
[2026-04-24 10:06:31,985][rfdiffusion.inference.model_runners][INFO] - Timestep 12, input to next step: --------------------------GGGGGGGGGGGGGGGGGGGGGG
[2026-04-24 10:06:38,061][rfdiffusion.inference.utils][INFO] - Sampled motif RMSD: 0.15
[2026-04-24 10:06:38,482][rfdiffusion.inference.model_runners][INFO] - Timestep 11, input to next step: --------------------------GGGGGGGGGGGGGGGGGGGGGG
[2026-04-24 10:06:43,296][rfdiffusion.inference.utils][INFO] - Sampled motif RMSD: 0.17
[2026-04-24 10:06:43,600][rfdiffusion.inference.model_runners][INFO] - Timestep 10, input to next step: --------------------------GGGGGGGGGGGGGGGGGGGGGG
[2026-04-24 10:06:48,150][rfdiffusion.inference.utils][INFO] - Sampled motif RMSD: 0.16
[2026-04-24 10:06:48,407][rfdiffusion.inference.model_runners][INFO] - Timestep 9, input to next step: --------------------------GGGGGGGGGGGGGGGGGGGGGG
[2026-04-24 10:06:53,253][rfdiffusion.inference.utils][INFO] - Sampled motif RMSD: 0.16
[2026-04-24 10:06:53,733][rfdiffusion.inference.model_runners][INFO] - Timestep 8, input to next step: --------------------------GGGGGGGGGGGGGGGGGGGGGG
[2026-04-24 10:06:59,015][rfdiffusion.inference.utils][INFO] - Sampled motif RMSD: 0.18
[2026-04-24 10:06:59,419][rfdiffusion.inference.model_runners][INFO] - Timestep 7, input to next step: --------------------------GGGGGGGGGGGGGGGGGGGGGG
[2026-04-24 10:07:03,674][rfdiffusion.inference.utils][INFO] - Sampled motif RMSD: 0.19
[2026-04-24 10:07:04,274][rfdiffusion.inference.model_runners][INFO] - Timestep 6, input to next step: --------------------------GGGGGGGGGGGGGGGGGGGGGG
[2026-04-24 10:07:08,820][rfdiffusion.inference.utils][INFO] - Sampled motif RMSD: 0.18
[2026-04-24 10:07:09,215][rfdiffusion.inference.model_runners][INFO] - Timestep 5, input to next step: --------------------------GGGGGGGGGGGGGGGGGGGGGG
[2026-04-24 10:07:12,927][rfdiffusion.inference.utils][INFO] - Sampled motif RMSD: 0.17
[2026-04-24 10:07:13,460][rfdiffusion.inference.model_runners][INFO] - Timestep 4, input to next step: --------------------------GGGGGGGGGGGGGGGGGGGGGG
[2026-04-24 10:07:16,481][rfdiffusion.inference.utils][INFO] - Sampled motif RMSD: 0.15
[2026-04-24 10:07:16,678][rfdiffusion.inference.model_runners][INFO] - Timestep 3, input to next step: --------------------------GGGGGGGGGGGGGGGGGGGGGG
[2026-04-24 10:07:21,303][rfdiffusion.inference.utils][INFO] - Sampled motif RMSD: 0.14
[2026-04-24 10:07:21,753][rfdiffusion.inference.model_runners][INFO] - Timestep 2, input to next step: --------------------------GGGGGGGGGGGGGGGGGGGGGG
[2026-04-24 10:07:26,335][__main__][INFO] - Finished design in 4.14 minutes
[2026-04-24 10:07:26,336][__main__][INFO] - Making design /lambda/nfs/manvi/Team_8_CS598GBL/outputs/custom90_128_motif_scaffolding/low_noise/len_102/cterm/scaffold_1
[2026-04-24 10:07:26,362][rfdiffusion.inference.model_runners][INFO] - Using contig: ['20-34/A81-102']
With this beta schedule (linear schedule, beta_0 = 0.04, beta_T = 0.28), alpha_bar_T = 0.00013696048699785024
[2026-04-24 10:07:26,799][rfdiffusion.inference.model_runners][INFO] - Sequence init: -----------------------------GGGGGGGGGGGGGGGGGGGGGG
[2026-04-24 10:07:32,565][rfdiffusion.inference.utils][INFO] - Sampled motif RMSD: 0.16
[2026-04-24 10:07:33,064][rfdiffusion.inference.model_runners][INFO] - Timestep 50, input to next step: -----------------------------GGGGGGGGGGGGGGGGGGGGGG
[2026-04-24 10:07:38,032][rfdiffusion.inference.utils][INFO] - Sampled motif RMSD: 0.15
[2026-04-24 10:07:38,474][rfdiffusion.inference.model_runners][INFO] - Timestep 49, input to next step: -----------------------------GGGGGGGGGGGGGGGGGGGGGG
[2026-04-24 10:07:42,622][rfdiffusion.inference.utils][INFO] - Sampled motif RMSD: 0.17
[2026-04-24 10:07:42,986][rfdiffusion.inference.model_runners][INFO] - Timestep 48, input to next step: -----------------------------GGGGGGGGGGGGGGGGGGGGGG
[2026-04-24 10:07:48,179][rfdiffusion.inference.utils][INFO] - Sampled motif RMSD: 0.15
[2026-04-24 10:07:48,562][rfdiffusion.inference.model_runners][INFO] - Timestep 47, input to next step: -----------------------------GGGGGGGGGGGGGGGGGGGGGG
[2026-04-24 10:07:53,217][rfdiffusion.inference.utils][INFO] - Sampled motif RMSD: 0.14
[2026-04-24 10:07:53,651][rfdiffusion.inference.model_runners][INFO] - Timestep 46, input to next step: -----------------------------GGGGGGGGGGGGGGGGGGGGGG
[2026-04-24 10:07:59,465][rfdiffusion.inference.utils][INFO] - Sampled motif RMSD: 0.13
[2026-04-24 10:07:59,915][rfdiffusion.inference.model_runners][INFO] - Timestep 45, input to next step: -----------------------------GGGGGGGGGGGGGGGGGGGGGG
[2026-04-24 10:08:06,287][rfdiffusion.inference.utils][INFO] - Sampled motif RMSD: 0.15
[2026-04-24 10:08:06,858][rfdiffusion.inference.model_runners][INFO] - Timestep 44, input to next step: -----------------------------GGGGGGGGGGGGGGGGGGGGGG
[2026-04-24 10:08:11,233][rfdiffusion.inference.utils][INFO] - Sampled motif RMSD: 0.11
[2026-04-24 10:08:11,339][rfdiffusion.inference.model_runners][INFO] - Timestep 43, input to next step: -----------------------------GGGGGGGGGGGGGGGGGGGGGG
[2026-04-24 10:08:17,456][rfdiffusion.inference.utils][INFO] - Sampled motif RMSD: 0.10
[2026-04-24 10:08:17,829][rfdiffusion.inference.model_runners][INFO] - Timestep 42, input to next step: -----------------------------GGGGGGGGGGGGGGGGGGGGGG
[2026-04-24 10:08:21,304][rfdiffusion.inference.utils][INFO] - Sampled motif RMSD: 0.10
[2026-04-24 10:08:21,686][rfdiffusion.inference.model_runners][INFO] - Timestep 41, input to next step: -----------------------------GGGGGGGGGGGGGGGGGGGGGG
[2026-04-24 10:08:26,198][rfdiffusion.inference.utils][INFO] - Sampled motif RMSD: 0.09
[2026-04-24 10:08:26,525][rfdiffusion.inference.model_runners][INFO] - Timestep 40, input to next step: -----------------------------GGGGGGGGGGGGGGGGGGGGGG
[2026-04-24 10:08:31,084][rfdiffusion.inference.utils][INFO] - Sampled motif RMSD: 0.09
[2026-04-24 10:08:31,279][rfdiffusion.inference.model_runners][INFO] - Timestep 39, input to next step: -----------------------------GGGGGGGGGGGGGGGGGGGGGG
[2026-04-24 10:08:37,325][rfdiffusion.inference.utils][INFO] - Sampled motif RMSD: 0.09
[2026-04-24 10:08:37,637][rfdiffusion.inference.model_runners][INFO] - Timestep 38, input to next step: -----------------------------GGGGGGGGGGGGGGGGGGGGGG
[2026-04-24 10:08:43,251][rfdiffusion.inference.utils][INFO] - Sampled motif RMSD: 0.10
[2026-04-24 10:08:43,614][rfdiffusion.inference.model_runners][INFO] - Timestep 37, input to next step: -----------------------------GGGGGGGGGGGGGGGGGGGGGG
[2026-04-24 10:08:49,575][rfdiffusion.inference.utils][INFO] - Sampled motif RMSD: 0.12
[2026-04-24 10:08:49,920][rfdiffusion.inference.model_runners][INFO] - Timestep 36, input to next step: -----------------------------GGGGGGGGGGGGGGGGGGGGGG
[2026-04-24 10:08:55,277][rfdiffusion.inference.utils][INFO] - Sampled motif RMSD: 0.12
[2026-04-24 10:08:55,528][rfdiffusion.inference.model_runners][INFO] - Timestep 35, input to next step: -----------------------------GGGGGGGGGGGGGGGGGGGGGG
[2026-04-24 10:09:00,321][rfdiffusion.inference.utils][INFO] - Sampled motif RMSD: 0.13
[2026-04-24 10:09:00,704][rfdiffusion.inference.model_runners][INFO] - Timestep 34, input to next step: -----------------------------GGGGGGGGGGGGGGGGGGGGGG
[2026-04-24 10:09:05,477][rfdiffusion.inference.utils][INFO] - Sampled motif RMSD: 0.14
[2026-04-24 10:09:05,701][rfdiffusion.inference.model_runners][INFO] - Timestep 33, input to next step: -----------------------------GGGGGGGGGGGGGGGGGGGGGG
[2026-04-24 10:09:11,616][rfdiffusion.inference.utils][INFO] - Sampled motif RMSD: 0.13
[2026-04-24 10:09:12,204][rfdiffusion.inference.model_runners][INFO] - Timestep 32, input to next step: -----------------------------GGGGGGGGGGGGGGGGGGGGGG
[2026-04-24 10:09:16,263][rfdiffusion.inference.utils][INFO] - Sampled motif RMSD: 0.13
[2026-04-24 10:09:16,825][rfdiffusion.inference.model_runners][INFO] - Timestep 31, input to next step: -----------------------------GGGGGGGGGGGGGGGGGGGGGG
[2026-04-24 10:09:21,351][rfdiffusion.inference.utils][INFO] - Sampled motif RMSD: 0.11
[2026-04-24 10:09:21,621][rfdiffusion.inference.model_runners][INFO] - Timestep 30, input to next step: -----------------------------GGGGGGGGGGGGGGGGGGGGGG
[2026-04-24 10:09:27,191][rfdiffusion.inference.utils][INFO] - Sampled motif RMSD: 0.11
[2026-04-24 10:09:27,370][rfdiffusion.inference.model_runners][INFO] - Timestep 29, input to next step: -----------------------------GGGGGGGGGGGGGGGGGGGGGG
[2026-04-24 10:09:33,304][rfdiffusion.inference.utils][INFO] - Sampled motif RMSD: 0.10
[2026-04-24 10:09:33,449][rfdiffusion.inference.model_runners][INFO] - Timestep 28, input to next step: -----------------------------GGGGGGGGGGGGGGGGGGGGGG
[2026-04-24 10:09:38,398][rfdiffusion.inference.utils][INFO] - Sampled motif RMSD: 0.10
[2026-04-24 10:09:38,549][rfdiffusion.inference.model_runners][INFO] - Timestep 27, input to next step: -----------------------------GGGGGGGGGGGGGGGGGGGGGG
[2026-04-24 10:09:42,522][rfdiffusion.inference.utils][INFO] - Sampled motif RMSD: 0.10
[2026-04-24 10:09:42,908][rfdiffusion.inference.model_runners][INFO] - Timestep 26, input to next step: -----------------------------GGGGGGGGGGGGGGGGGGGGGG
[2026-04-24 10:09:47,068][rfdiffusion.inference.utils][INFO] - Sampled motif RMSD: 0.10
[2026-04-24 10:09:47,389][rfdiffusion.inference.model_runners][INFO] - Timestep 25, input to next step: -----------------------------GGGGGGGGGGGGGGGGGGGGGG
[2026-04-24 10:09:51,202][rfdiffusion.inference.utils][INFO] - Sampled motif RMSD: 0.10
[2026-04-24 10:09:51,684][rfdiffusion.inference.model_runners][INFO] - Timestep 24, input to next step: -----------------------------GGGGGGGGGGGGGGGGGGGGGG
[2026-04-24 10:09:56,099][rfdiffusion.inference.utils][INFO] - Sampled motif RMSD: 0.11
[2026-04-24 10:09:56,295][rfdiffusion.inference.model_runners][INFO] - Timestep 23, input to next step: -----------------------------GGGGGGGGGGGGGGGGGGGGGG
[2026-04-24 10:10:02,072][rfdiffusion.inference.utils][INFO] - Sampled motif RMSD: 0.10
[2026-04-24 10:10:02,366][rfdiffusion.inference.model_runners][INFO] - Timestep 22, input to next step: -----------------------------GGGGGGGGGGGGGGGGGGGGGG
[2026-04-24 10:10:07,702][rfdiffusion.inference.utils][INFO] - Sampled motif RMSD: 0.13
[2026-04-24 10:10:08,164][rfdiffusion.inference.model_runners][INFO] - Timestep 21, input to next step: -----------------------------GGGGGGGGGGGGGGGGGGGGGG
[2026-04-24 10:10:12,172][rfdiffusion.inference.utils][INFO] - Sampled motif RMSD: 0.13
[2026-04-24 10:10:12,707][rfdiffusion.inference.model_runners][INFO] - Timestep 20, input to next step: -----------------------------GGGGGGGGGGGGGGGGGGGGGG
[2026-04-24 10:10:17,895][rfdiffusion.inference.utils][INFO] - Sampled motif RMSD: 0.14
[2026-04-24 10:10:18,201][rfdiffusion.inference.model_runners][INFO] - Timestep 19, input to next step: -----------------------------GGGGGGGGGGGGGGGGGGGGGG
[2026-04-24 10:10:22,195][rfdiffusion.inference.utils][INFO] - Sampled motif RMSD: 0.16
[2026-04-24 10:10:22,463][rfdiffusion.inference.model_runners][INFO] - Timestep 18, input to next step: -----------------------------GGGGGGGGGGGGGGGGGGGGGG
[2026-04-24 10:10:27,662][rfdiffusion.inference.utils][INFO] - Sampled motif RMSD: 0.17
[2026-04-24 10:10:27,760][rfdiffusion.inference.model_runners][INFO] - Timestep 17, input to next step: -----------------------------GGGGGGGGGGGGGGGGGGGGGG
[2026-04-24 10:10:33,290][rfdiffusion.inference.utils][INFO] - Sampled motif RMSD: 0.17
[2026-04-24 10:10:33,401][rfdiffusion.inference.model_runners][INFO] - Timestep 16, input to next step: -----------------------------GGGGGGGGGGGGGGGGGGGGGG
[2026-04-24 10:10:38,126][rfdiffusion.inference.utils][INFO] - Sampled motif RMSD: 0.17
[2026-04-24 10:10:38,313][rfdiffusion.inference.model_runners][INFO] - Timestep 15, input to next step: -----------------------------GGGGGGGGGGGGGGGGGGGGGG
[2026-04-24 10:10:41,864][rfdiffusion.inference.utils][INFO] - Sampled motif RMSD: 0.18
[2026-04-24 10:10:42,166][rfdiffusion.inference.model_runners][INFO] - Timestep 14, input to next step: -----------------------------GGGGGGGGGGGGGGGGGGGGGG
[2026-04-24 10:10:46,740][rfdiffusion.inference.utils][INFO] - Sampled motif RMSD: 0.20
[2026-04-24 10:10:46,936][rfdiffusion.inference.model_runners][INFO] - Timestep 13, input to next step: -----------------------------GGGGGGGGGGGGGGGGGGGGGG
[2026-04-24 10:10:51,121][rfdiffusion.inference.utils][INFO] - Sampled motif RMSD: 0.21
[2026-04-24 10:10:51,421][rfdiffusion.inference.model_runners][INFO] - Timestep 12, input to next step: -----------------------------GGGGGGGGGGGGGGGGGGGGGG
[2026-04-24 10:10:55,493][rfdiffusion.inference.utils][INFO] - Sampled motif RMSD: 0.18
[2026-04-24 10:10:55,861][rfdiffusion.inference.model_runners][INFO] - Timestep 11, input to next step: -----------------------------GGGGGGGGGGGGGGGGGGGGGG
[2026-04-24 10:11:00,667][rfdiffusion.inference.utils][INFO] - Sampled motif RMSD: 0.15
[2026-04-24 10:11:00,805][rfdiffusion.inference.model_runners][INFO] - Timestep 10, input to next step: -----------------------------GGGGGGGGGGGGGGGGGGGGGG
[2026-04-24 10:11:05,416][rfdiffusion.inference.utils][INFO] - Sampled motif RMSD: 0.12
[2026-04-24 10:11:05,778][rfdiffusion.inference.model_runners][INFO] - Timestep 9, input to next step: -----------------------------GGGGGGGGGGGGGGGGGGGGGG
[2026-04-24 10:11:10,783][rfdiffusion.inference.utils][INFO] - Sampled motif RMSD: 0.10
[2026-04-24 10:11:11,006][rfdiffusion.inference.model_runners][INFO] - Timestep 8, input to next step: -----------------------------GGGGGGGGGGGGGGGGGGGGGG
[2026-04-24 10:11:15,279][rfdiffusion.inference.utils][INFO] - Sampled motif RMSD: 0.10
[2026-04-24 10:11:15,540][rfdiffusion.inference.model_runners][INFO] - Timestep 7, input to next step: -----------------------------GGGGGGGGGGGGGGGGGGGGGG
[2026-04-24 10:11:18,878][rfdiffusion.inference.utils][INFO] - Sampled motif RMSD: 0.12
[2026-04-24 10:11:19,120][rfdiffusion.inference.model_runners][INFO] - Timestep 6, input to next step: -----------------------------GGGGGGGGGGGGGGGGGGGGGG
[2026-04-24 10:11:22,621][rfdiffusion.inference.utils][INFO] - Sampled motif RMSD: 0.12
[2026-04-24 10:11:22,906][rfdiffusion.inference.model_runners][INFO] - Timestep 5, input to next step: -----------------------------GGGGGGGGGGGGGGGGGGGGGG
[2026-04-24 10:11:25,254][rfdiffusion.inference.utils][INFO] - Sampled motif RMSD: 0.12
[2026-04-24 10:11:25,623][rfdiffusion.inference.model_runners][INFO] - Timestep 4, input to next step: -----------------------------GGGGGGGGGGGGGGGGGGGGGG
[2026-04-24 10:11:29,532][rfdiffusion.inference.utils][INFO] - Sampled motif RMSD: 0.11
[2026-04-24 10:11:29,891][rfdiffusion.inference.model_runners][INFO] - Timestep 3, input to next step: -----------------------------GGGGGGGGGGGGGGGGGGGGGG
[2026-04-24 10:11:33,226][rfdiffusion.inference.utils][INFO] - Sampled motif RMSD: 0.10
[2026-04-24 10:11:33,491][rfdiffusion.inference.model_runners][INFO] - Timestep 2, input to next step: -----------------------------GGGGGGGGGGGGGGGGGGGGGG
[2026-04-24 10:11:39,610][__main__][INFO] - Finished design in 4.22 minutes
