[2026-04-24 10:22:50,989][__main__][INFO] - Found GPU with device_name NVIDIA A100-SXM4-80GB. Will run RFdiffusion on NVIDIA A100-SXM4-80GB
Reading models from /lambda/nfs/manvi/Team_8_CS598GBL/RFdiffusion/rfdiffusion/inference/../../models
[2026-04-24 10:22:50,994][rfdiffusion.inference.model_runners][INFO] - Reading checkpoint from /lambda/nfs/manvi/Team_8_CS598GBL/RFdiffusion/rfdiffusion/inference/../../models/Base_ckpt.pt
This is inf_conf.ckpt_path
/lambda/nfs/manvi/Team_8_CS598GBL/RFdiffusion/rfdiffusion/inference/../../models/Base_ckpt.pt
Assembling -model, -diffuser and -preprocess configs from checkpoint
USING MODEL CONFIG: self._conf[model][n_extra_block] = 4
USING MODEL CONFIG: self._conf[model][n_main_block] = 32
USING MODEL CONFIG: self._conf[model][n_ref_block] = 4
USING MODEL CONFIG: self._conf[model][d_msa] = 256
USING MODEL CONFIG: self._conf[model][d_msa_full] = 64
USING MODEL CONFIG: self._conf[model][d_pair] = 128
USING MODEL CONFIG: self._conf[model][d_templ] = 64
USING MODEL CONFIG: self._conf[model][n_head_msa] = 8
USING MODEL CONFIG: self._conf[model][n_head_pair] = 4
USING MODEL CONFIG: self._conf[model][n_head_templ] = 4
USING MODEL CONFIG: self._conf[model][d_hidden] = 32
USING MODEL CONFIG: self._conf[model][d_hidden_templ] = 32
USING MODEL CONFIG: self._conf[model][p_drop] = 0.15
USING MODEL CONFIG: self._conf[model][SE3_param_full] = {'num_layers': 1, 'num_channels': 32, 'num_degrees': 2, 'n_heads': 4, 'div': 4, 'l0_in_features': 8, 'l0_out_features': 8, 'l1_in_features': 3, 'l1_out_features': 2, 'num_edge_features': 32}
USING MODEL CONFIG: self._conf[model][SE3_param_topk] = {'num_layers': 1, 'num_channels': 32, 'num_degrees': 2, 'n_heads': 4, 'div': 4, 'l0_in_features': 64, 'l0_out_features': 64, 'l1_in_features': 3, 'l1_out_features': 2, 'num_edge_features': 64}
USING MODEL CONFIG: self._conf[model][freeze_track_motif] = False
USING MODEL CONFIG: self._conf[model][use_motif_timestep] = True
USING MODEL CONFIG: self._conf[diffuser][T] = 50
USING MODEL CONFIG: self._conf[diffuser][b_0] = 0.01
USING MODEL CONFIG: self._conf[diffuser][b_T] = 0.07
USING MODEL CONFIG: self._conf[diffuser][schedule_type] = linear
USING MODEL CONFIG: self._conf[diffuser][so3_type] = igso3
USING MODEL CONFIG: self._conf[diffuser][crd_scale] = 0.25
USING MODEL CONFIG: self._conf[diffuser][so3_schedule_type] = linear
USING MODEL CONFIG: self._conf[diffuser][min_b] = 1.5
USING MODEL CONFIG: self._conf[diffuser][max_b] = 2.5
USING MODEL CONFIG: self._conf[diffuser][min_sigma] = 0.02
USING MODEL CONFIG: self._conf[diffuser][max_sigma] = 1.5
USING MODEL CONFIG: self._conf[preprocess][sidechain_input] = False
USING MODEL CONFIG: self._conf[preprocess][motif_sidechain_input] = True
USING MODEL CONFIG: self._conf[preprocess][d_t1d] = 22
USING MODEL CONFIG: self._conf[preprocess][d_t2d] = 44
USING MODEL CONFIG: self._conf[preprocess][prob_self_cond] = 0.5
USING MODEL CONFIG: self._conf[preprocess][str_self_cond] = True
USING MODEL CONFIG: self._conf[preprocess][predict_previous] = False
[2026-04-24 10:24:10,820][rfdiffusion.inference.model_runners][INFO] - Loading checkpoint.
[2026-04-24 10:24:30,319][rfdiffusion.diffusion][INFO] - Using cached IGSO3.
Successful diffuser __init__
[2026-04-24 10:24:30,369][__main__][INFO] - Making design /lambda/nfs/manvi/Team_8_CS598GBL/outputs/custom90_128_motif_scaffolding/low_noise/len_114/nterm/scaffold_0
[2026-04-24 10:24:30,380][rfdiffusion.inference.model_runners][INFO] - Using contig: ['A1-25/22-38']
With this beta schedule (linear schedule, beta_0 = 0.04, beta_T = 0.28), alpha_bar_T = 0.00013696048699785024
[2026-04-24 10:24:30,547][rfdiffusion.inference.model_runners][INFO] - Sequence init: GGGGGGGGGGGGGGGGGGGGGGGGG--------------------------------
[2026-04-24 10:24:40,723][rfdiffusion.inference.utils][INFO] - Sampled motif RMSD: 0.12
[2026-04-24 10:24:41,037][rfdiffusion.inference.model_runners][INFO] - Timestep 50, input to next step: GGGGGGGGGGGGGGGGGGGGGGGGG--------------------------------
[2026-04-24 10:24:46,390][rfdiffusion.inference.utils][INFO] - Sampled motif RMSD: 0.13
[2026-04-24 10:24:46,738][rfdiffusion.inference.model_runners][INFO] - Timestep 49, input to next step: GGGGGGGGGGGGGGGGGGGGGGGGG--------------------------------
[2026-04-24 10:24:52,003][rfdiffusion.inference.utils][INFO] - Sampled motif RMSD: 0.14
[2026-04-24 10:24:52,254][rfdiffusion.inference.model_runners][INFO] - Timestep 48, input to next step: GGGGGGGGGGGGGGGGGGGGGGGGG--------------------------------
[2026-04-24 10:24:58,008][rfdiffusion.inference.utils][INFO] - Sampled motif RMSD: 0.14
[2026-04-24 10:24:58,287][rfdiffusion.inference.model_runners][INFO] - Timestep 47, input to next step: GGGGGGGGGGGGGGGGGGGGGGGGG--------------------------------
[2026-04-24 10:25:03,670][rfdiffusion.inference.utils][INFO] - Sampled motif RMSD: 0.14
[2026-04-24 10:25:03,923][rfdiffusion.inference.model_runners][INFO] - Timestep 46, input to next step: GGGGGGGGGGGGGGGGGGGGGGGGG--------------------------------
[2026-04-24 10:25:07,979][rfdiffusion.inference.utils][INFO] - Sampled motif RMSD: 0.15
[2026-04-24 10:25:08,458][rfdiffusion.inference.model_runners][INFO] - Timestep 45, input to next step: GGGGGGGGGGGGGGGGGGGGGGGGG--------------------------------
[2026-04-24 10:25:12,788][rfdiffusion.inference.utils][INFO] - Sampled motif RMSD: 0.14
[2026-04-24 10:25:13,152][rfdiffusion.inference.model_runners][INFO] - Timestep 44, input to next step: GGGGGGGGGGGGGGGGGGGGGGGGG--------------------------------
[2026-04-24 10:25:16,850][rfdiffusion.inference.utils][INFO] - Sampled motif RMSD: 0.14
[2026-04-24 10:25:17,176][rfdiffusion.inference.model_runners][INFO] - Timestep 43, input to next step: GGGGGGGGGGGGGGGGGGGGGGGGG--------------------------------
[2026-04-24 10:25:21,905][rfdiffusion.inference.utils][INFO] - Sampled motif RMSD: 0.14
[2026-04-24 10:25:22,314][rfdiffusion.inference.model_runners][INFO] - Timestep 42, input to next step: GGGGGGGGGGGGGGGGGGGGGGGGG--------------------------------
[2026-04-24 10:25:25,810][rfdiffusion.inference.utils][INFO] - Sampled motif RMSD: 0.14
[2026-04-24 10:25:26,177][rfdiffusion.inference.model_runners][INFO] - Timestep 41, input to next step: GGGGGGGGGGGGGGGGGGGGGGGGG--------------------------------
[2026-04-24 10:25:29,935][rfdiffusion.inference.utils][INFO] - Sampled motif RMSD: 0.14
[2026-04-24 10:25:30,236][rfdiffusion.inference.model_runners][INFO] - Timestep 40, input to next step: GGGGGGGGGGGGGGGGGGGGGGGGG--------------------------------
[2026-04-24 10:25:33,668][rfdiffusion.inference.utils][INFO] - Sampled motif RMSD: 0.14
[2026-04-24 10:25:34,104][rfdiffusion.inference.model_runners][INFO] - Timestep 39, input to next step: GGGGGGGGGGGGGGGGGGGGGGGGG--------------------------------
[2026-04-24 10:25:39,080][rfdiffusion.inference.utils][INFO] - Sampled motif RMSD: 0.15
[2026-04-24 10:25:39,388][rfdiffusion.inference.model_runners][INFO] - Timestep 38, input to next step: GGGGGGGGGGGGGGGGGGGGGGGGG--------------------------------
[2026-04-24 10:25:43,205][rfdiffusion.inference.utils][INFO] - Sampled motif RMSD: 0.14
[2026-04-24 10:25:43,348][rfdiffusion.inference.model_runners][INFO] - Timestep 37, input to next step: GGGGGGGGGGGGGGGGGGGGGGGGG--------------------------------
[2026-04-24 10:25:48,136][rfdiffusion.inference.utils][INFO] - Sampled motif RMSD: 0.14
[2026-04-24 10:25:48,342][rfdiffusion.inference.model_runners][INFO] - Timestep 36, input to next step: GGGGGGGGGGGGGGGGGGGGGGGGG--------------------------------
[2026-04-24 10:25:52,718][rfdiffusion.inference.utils][INFO] - Sampled motif RMSD: 0.14
[2026-04-24 10:25:52,952][rfdiffusion.inference.model_runners][INFO] - Timestep 35, input to next step: GGGGGGGGGGGGGGGGGGGGGGGGG--------------------------------
[2026-04-24 10:25:57,045][rfdiffusion.inference.utils][INFO] - Sampled motif RMSD: 0.13
[2026-04-24 10:25:57,404][rfdiffusion.inference.model_runners][INFO] - Timestep 34, input to next step: GGGGGGGGGGGGGGGGGGGGGGGGG--------------------------------
[2026-04-24 10:26:00,422][rfdiffusion.inference.utils][INFO] - Sampled motif RMSD: 0.14
[2026-04-24 10:26:00,729][rfdiffusion.inference.model_runners][INFO] - Timestep 33, input to next step: GGGGGGGGGGGGGGGGGGGGGGGGG--------------------------------
[2026-04-24 10:26:05,452][rfdiffusion.inference.utils][INFO] - Sampled motif RMSD: 0.15
[2026-04-24 10:26:05,787][rfdiffusion.inference.model_runners][INFO] - Timestep 32, input to next step: GGGGGGGGGGGGGGGGGGGGGGGGG--------------------------------
[2026-04-24 10:26:09,771][rfdiffusion.inference.utils][INFO] - Sampled motif RMSD: 0.15
[2026-04-24 10:26:10,051][rfdiffusion.inference.model_runners][INFO] - Timestep 31, input to next step: GGGGGGGGGGGGGGGGGGGGGGGGG--------------------------------
[2026-04-24 10:26:13,177][rfdiffusion.inference.utils][INFO] - Sampled motif RMSD: 0.14
[2026-04-24 10:26:13,465][rfdiffusion.inference.model_runners][INFO] - Timestep 30, input to next step: GGGGGGGGGGGGGGGGGGGGGGGGG--------------------------------
[2026-04-24 10:26:17,862][rfdiffusion.inference.utils][INFO] - Sampled motif RMSD: 0.14
[2026-04-24 10:26:18,012][rfdiffusion.inference.model_runners][INFO] - Timestep 29, input to next step: GGGGGGGGGGGGGGGGGGGGGGGGG--------------------------------
[2026-04-24 10:26:23,427][rfdiffusion.inference.utils][INFO] - Sampled motif RMSD: 0.14
[2026-04-24 10:26:23,618][rfdiffusion.inference.model_runners][INFO] - Timestep 28, input to next step: GGGGGGGGGGGGGGGGGGGGGGGGG--------------------------------
[2026-04-24 10:26:26,516][rfdiffusion.inference.utils][INFO] - Sampled motif RMSD: 0.15
[2026-04-24 10:26:26,881][rfdiffusion.inference.model_runners][INFO] - Timestep 27, input to next step: GGGGGGGGGGGGGGGGGGGGGGGGG--------------------------------
[2026-04-24 10:26:31,418][rfdiffusion.inference.utils][INFO] - Sampled motif RMSD: 0.15
[2026-04-24 10:26:31,856][rfdiffusion.inference.model_runners][INFO] - Timestep 26, input to next step: GGGGGGGGGGGGGGGGGGGGGGGGG--------------------------------
[2026-04-24 10:26:35,683][rfdiffusion.inference.utils][INFO] - Sampled motif RMSD: 0.15
[2026-04-24 10:26:35,999][rfdiffusion.inference.model_runners][INFO] - Timestep 25, input to next step: GGGGGGGGGGGGGGGGGGGGGGGGG--------------------------------
[2026-04-24 10:26:40,252][rfdiffusion.inference.utils][INFO] - Sampled motif RMSD: 0.15
[2026-04-24 10:26:40,636][rfdiffusion.inference.model_runners][INFO] - Timestep 24, input to next step: GGGGGGGGGGGGGGGGGGGGGGGGG--------------------------------
[2026-04-24 10:26:45,174][rfdiffusion.inference.utils][INFO] - Sampled motif RMSD: 0.15
[2026-04-24 10:26:45,396][rfdiffusion.inference.model_runners][INFO] - Timestep 23, input to next step: GGGGGGGGGGGGGGGGGGGGGGGGG--------------------------------
[2026-04-24 10:26:51,336][rfdiffusion.inference.utils][INFO] - Sampled motif RMSD: 0.16
[2026-04-24 10:26:51,592][rfdiffusion.inference.model_runners][INFO] - Timestep 22, input to next step: GGGGGGGGGGGGGGGGGGGGGGGGG--------------------------------
[2026-04-24 10:26:55,556][rfdiffusion.inference.utils][INFO] - Sampled motif RMSD: 0.15
[2026-04-24 10:26:55,838][rfdiffusion.inference.model_runners][INFO] - Timestep 21, input to next step: GGGGGGGGGGGGGGGGGGGGGGGGG--------------------------------
[2026-04-24 10:27:00,549][rfdiffusion.inference.utils][INFO] - Sampled motif RMSD: 0.16
[2026-04-24 10:27:00,734][rfdiffusion.inference.model_runners][INFO] - Timestep 20, input to next step: GGGGGGGGGGGGGGGGGGGGGGGGG--------------------------------
[2026-04-24 10:27:04,686][rfdiffusion.inference.utils][INFO] - Sampled motif RMSD: 0.15
[2026-04-24 10:27:05,000][rfdiffusion.inference.model_runners][INFO] - Timestep 19, input to next step: GGGGGGGGGGGGGGGGGGGGGGGGG--------------------------------
[2026-04-24 10:27:08,529][rfdiffusion.inference.utils][INFO] - Sampled motif RMSD: 0.15
[2026-04-24 10:27:08,855][rfdiffusion.inference.model_runners][INFO] - Timestep 18, input to next step: GGGGGGGGGGGGGGGGGGGGGGGGG--------------------------------
[2026-04-24 10:27:11,686][rfdiffusion.inference.utils][INFO] - Sampled motif RMSD: 0.15
[2026-04-24 10:27:11,922][rfdiffusion.inference.model_runners][INFO] - Timestep 17, input to next step: GGGGGGGGGGGGGGGGGGGGGGGGG--------------------------------
[2026-04-24 10:27:16,324][rfdiffusion.inference.utils][INFO] - Sampled motif RMSD: 0.15
[2026-04-24 10:27:16,748][rfdiffusion.inference.model_runners][INFO] - Timestep 16, input to next step: GGGGGGGGGGGGGGGGGGGGGGGGG--------------------------------
[2026-04-24 10:27:18,973][rfdiffusion.inference.utils][INFO] - Sampled motif RMSD: 0.15
[2026-04-24 10:27:19,227][rfdiffusion.inference.model_runners][INFO] - Timestep 15, input to next step: GGGGGGGGGGGGGGGGGGGGGGGGG--------------------------------
[2026-04-24 10:27:23,416][rfdiffusion.inference.utils][INFO] - Sampled motif RMSD: 0.15
[2026-04-24 10:27:23,685][rfdiffusion.inference.model_runners][INFO] - Timestep 14, input to next step: GGGGGGGGGGGGGGGGGGGGGGGGG--------------------------------
[2026-04-24 10:27:29,172][rfdiffusion.inference.utils][INFO] - Sampled motif RMSD: 0.14
[2026-04-24 10:27:29,560][rfdiffusion.inference.model_runners][INFO] - Timestep 13, input to next step: GGGGGGGGGGGGGGGGGGGGGGGGG--------------------------------
[2026-04-24 10:27:32,662][rfdiffusion.inference.utils][INFO] - Sampled motif RMSD: 0.14
[2026-04-24 10:27:33,240][rfdiffusion.inference.model_runners][INFO] - Timestep 12, input to next step: GGGGGGGGGGGGGGGGGGGGGGGGG--------------------------------
[2026-04-24 10:27:37,885][rfdiffusion.inference.utils][INFO] - Sampled motif RMSD: 0.13
[2026-04-24 10:27:38,240][rfdiffusion.inference.model_runners][INFO] - Timestep 11, input to next step: GGGGGGGGGGGGGGGGGGGGGGGGG--------------------------------
[2026-04-24 10:27:41,733][rfdiffusion.inference.utils][INFO] - Sampled motif RMSD: 0.13
[2026-04-24 10:27:42,259][rfdiffusion.inference.model_runners][INFO] - Timestep 10, input to next step: GGGGGGGGGGGGGGGGGGGGGGGGG--------------------------------
[2026-04-24 10:27:47,420][rfdiffusion.inference.utils][INFO] - Sampled motif RMSD: 0.13
[2026-04-24 10:27:47,869][rfdiffusion.inference.model_runners][INFO] - Timestep 9, input to next step: GGGGGGGGGGGGGGGGGGGGGGGGG--------------------------------
[2026-04-24 10:27:52,675][rfdiffusion.inference.utils][INFO] - Sampled motif RMSD: 0.13
[2026-04-24 10:27:53,048][rfdiffusion.inference.model_runners][INFO] - Timestep 8, input to next step: GGGGGGGGGGGGGGGGGGGGGGGGG--------------------------------
[2026-04-24 10:27:58,982][rfdiffusion.inference.utils][INFO] - Sampled motif RMSD: 0.12
[2026-04-24 10:27:59,620][rfdiffusion.inference.model_runners][INFO] - Timestep 7, input to next step: GGGGGGGGGGGGGGGGGGGGGGGGG--------------------------------
[2026-04-24 10:28:04,757][rfdiffusion.inference.utils][INFO] - Sampled motif RMSD: 0.12
[2026-04-24 10:28:05,322][rfdiffusion.inference.model_runners][INFO] - Timestep 6, input to next step: GGGGGGGGGGGGGGGGGGGGGGGGG--------------------------------
[2026-04-24 10:28:09,517][rfdiffusion.inference.utils][INFO] - Sampled motif RMSD: 0.13
[2026-04-24 10:28:09,993][rfdiffusion.inference.model_runners][INFO] - Timestep 5, input to next step: GGGGGGGGGGGGGGGGGGGGGGGGG--------------------------------
[2026-04-24 10:28:16,161][rfdiffusion.inference.utils][INFO] - Sampled motif RMSD: 0.13
[2026-04-24 10:28:16,601][rfdiffusion.inference.model_runners][INFO] - Timestep 4, input to next step: GGGGGGGGGGGGGGGGGGGGGGGGG--------------------------------
[2026-04-24 10:28:20,863][rfdiffusion.inference.utils][INFO] - Sampled motif RMSD: 0.13
[2026-04-24 10:28:21,189][rfdiffusion.inference.model_runners][INFO] - Timestep 3, input to next step: GGGGGGGGGGGGGGGGGGGGGGGGG--------------------------------
[2026-04-24 10:28:26,239][rfdiffusion.inference.utils][INFO] - Sampled motif RMSD: 0.13
[2026-04-24 10:28:26,645][rfdiffusion.inference.model_runners][INFO] - Timestep 2, input to next step: GGGGGGGGGGGGGGGGGGGGGGGGG--------------------------------
[2026-04-24 10:28:32,844][__main__][INFO] - Finished design in 4.04 minutes
[2026-04-24 10:28:32,845][__main__][INFO] - Making design /lambda/nfs/manvi/Team_8_CS598GBL/outputs/custom90_128_motif_scaffolding/low_noise/len_114/nterm/scaffold_1
[2026-04-24 10:28:32,859][rfdiffusion.inference.model_runners][INFO] - Using contig: ['A1-25/22-38']
With this beta schedule (linear schedule, beta_0 = 0.04, beta_T = 0.28), alpha_bar_T = 0.00013696048699785024
[2026-04-24 10:28:33,036][rfdiffusion.inference.model_runners][INFO] - Sequence init: GGGGGGGGGGGGGGGGGGGGGGGGG------------------------------
[2026-04-24 10:28:39,208][rfdiffusion.inference.utils][INFO] - Sampled motif RMSD: 0.13
[2026-04-24 10:28:39,478][rfdiffusion.inference.model_runners][INFO] - Timestep 50, input to next step: GGGGGGGGGGGGGGGGGGGGGGGGG------------------------------
[2026-04-24 10:28:43,957][rfdiffusion.inference.utils][INFO] - Sampled motif RMSD: 0.12
[2026-04-24 10:28:44,179][rfdiffusion.inference.model_runners][INFO] - Timestep 49, input to next step: GGGGGGGGGGGGGGGGGGGGGGGGG------------------------------
[2026-04-24 10:28:47,755][rfdiffusion.inference.utils][INFO] - Sampled motif RMSD: 0.11
[2026-04-24 10:28:48,232][rfdiffusion.inference.model_runners][INFO] - Timestep 48, input to next step: GGGGGGGGGGGGGGGGGGGGGGGGG------------------------------
[2026-04-24 10:28:53,554][rfdiffusion.inference.utils][INFO] - Sampled motif RMSD: 0.13
[2026-04-24 10:28:53,876][rfdiffusion.inference.model_runners][INFO] - Timestep 47, input to next step: GGGGGGGGGGGGGGGGGGGGGGGGG------------------------------
[2026-04-24 10:28:59,634][rfdiffusion.inference.utils][INFO] - Sampled motif RMSD: 0.14
[2026-04-24 10:29:00,004][rfdiffusion.inference.model_runners][INFO] - Timestep 46, input to next step: GGGGGGGGGGGGGGGGGGGGGGGGG------------------------------
[2026-04-24 10:29:06,827][rfdiffusion.inference.utils][INFO] - Sampled motif RMSD: 0.15
[2026-04-24 10:29:07,348][rfdiffusion.inference.model_runners][INFO] - Timestep 45, input to next step: GGGGGGGGGGGGGGGGGGGGGGGGG------------------------------
[2026-04-24 10:29:11,579][rfdiffusion.inference.utils][INFO] - Sampled motif RMSD: 0.15
[2026-04-24 10:29:11,998][rfdiffusion.inference.model_runners][INFO] - Timestep 44, input to next step: GGGGGGGGGGGGGGGGGGGGGGGGG------------------------------
[2026-04-24 10:29:16,107][rfdiffusion.inference.utils][INFO] - Sampled motif RMSD: 0.15
[2026-04-24 10:29:16,604][rfdiffusion.inference.model_runners][INFO] - Timestep 43, input to next step: GGGGGGGGGGGGGGGGGGGGGGGGG------------------------------
[2026-04-24 10:29:21,829][rfdiffusion.inference.utils][INFO] - Sampled motif RMSD: 0.14
[2026-04-24 10:29:22,173][rfdiffusion.inference.model_runners][INFO] - Timestep 42, input to next step: GGGGGGGGGGGGGGGGGGGGGGGGG------------------------------
[2026-04-24 10:29:27,598][rfdiffusion.inference.utils][INFO] - Sampled motif RMSD: 0.15
[2026-04-24 10:29:27,907][rfdiffusion.inference.model_runners][INFO] - Timestep 41, input to next step: GGGGGGGGGGGGGGGGGGGGGGGGG------------------------------
[2026-04-24 10:29:33,624][rfdiffusion.inference.utils][INFO] - Sampled motif RMSD: 0.16
[2026-04-24 10:29:34,065][rfdiffusion.inference.model_runners][INFO] - Timestep 40, input to next step: GGGGGGGGGGGGGGGGGGGGGGGGG------------------------------
[2026-04-24 10:29:40,173][rfdiffusion.inference.utils][INFO] - Sampled motif RMSD: 0.15
[2026-04-24 10:29:40,471][rfdiffusion.inference.model_runners][INFO] - Timestep 39, input to next step: GGGGGGGGGGGGGGGGGGGGGGGGG------------------------------
[2026-04-24 10:29:46,456][rfdiffusion.inference.utils][INFO] - Sampled motif RMSD: 0.14
[2026-04-24 10:29:46,782][rfdiffusion.inference.model_runners][INFO] - Timestep 38, input to next step: GGGGGGGGGGGGGGGGGGGGGGGGG------------------------------
[2026-04-24 10:29:51,776][rfdiffusion.inference.utils][INFO] - Sampled motif RMSD: 0.15
[2026-04-24 10:29:51,991][rfdiffusion.inference.model_runners][INFO] - Timestep 37, input to next step: GGGGGGGGGGGGGGGGGGGGGGGGG------------------------------
[2026-04-24 10:29:55,476][rfdiffusion.inference.utils][INFO] - Sampled motif RMSD: 0.15
[2026-04-24 10:29:55,913][rfdiffusion.inference.model_runners][INFO] - Timestep 36, input to next step: GGGGGGGGGGGGGGGGGGGGGGGGG------------------------------
[2026-04-24 10:30:00,729][rfdiffusion.inference.utils][INFO] - Sampled motif RMSD: 0.15
[2026-04-24 10:30:01,086][rfdiffusion.inference.model_runners][INFO] - Timestep 35, input to next step: GGGGGGGGGGGGGGGGGGGGGGGGG------------------------------
[2026-04-24 10:30:06,119][rfdiffusion.inference.utils][INFO] - Sampled motif RMSD: 0.15
[2026-04-24 10:30:06,472][rfdiffusion.inference.model_runners][INFO] - Timestep 34, input to next step: GGGGGGGGGGGGGGGGGGGGGGGGG------------------------------
[2026-04-24 10:30:09,741][rfdiffusion.inference.utils][INFO] - Sampled motif RMSD: 0.15
[2026-04-24 10:30:09,900][rfdiffusion.inference.model_runners][INFO] - Timestep 33, input to next step: GGGGGGGGGGGGGGGGGGGGGGGGG------------------------------
[2026-04-24 10:30:16,122][rfdiffusion.inference.utils][INFO] - Sampled motif RMSD: 0.16
[2026-04-24 10:30:16,529][rfdiffusion.inference.model_runners][INFO] - Timestep 32, input to next step: GGGGGGGGGGGGGGGGGGGGGGGGG------------------------------
[2026-04-24 10:30:21,808][rfdiffusion.inference.utils][INFO] - Sampled motif RMSD: 0.16
[2026-04-24 10:30:22,247][rfdiffusion.inference.model_runners][INFO] - Timestep 31, input to next step: GGGGGGGGGGGGGGGGGGGGGGGGG------------------------------
[2026-04-24 10:30:25,878][rfdiffusion.inference.utils][INFO] - Sampled motif RMSD: 0.15
[2026-04-24 10:30:33,169][rfdiffusion.inference.model_runners][INFO] - Timestep 30, input to next step: GGGGGGGGGGGGGGGGGGGGGGGGG------------------------------
[2026-04-24 10:30:39,262][rfdiffusion.inference.utils][INFO] - Sampled motif RMSD: 0.16
[2026-04-24 10:30:39,738][rfdiffusion.inference.model_runners][INFO] - Timestep 29, input to next step: GGGGGGGGGGGGGGGGGGGGGGGGG------------------------------
[2026-04-24 10:30:47,842][rfdiffusion.inference.utils][INFO] - Sampled motif RMSD: 0.15
[2026-04-24 10:30:48,215][rfdiffusion.inference.model_runners][INFO] - Timestep 28, input to next step: GGGGGGGGGGGGGGGGGGGGGGGGG------------------------------
[2026-04-24 10:30:53,319][rfdiffusion.inference.utils][INFO] - Sampled motif RMSD: 0.14
[2026-04-24 10:30:53,775][rfdiffusion.inference.model_runners][INFO] - Timestep 27, input to next step: GGGGGGGGGGGGGGGGGGGGGGGGG------------------------------
[2026-04-24 10:30:58,838][rfdiffusion.inference.utils][INFO] - Sampled motif RMSD: 0.14
[2026-04-24 10:30:59,152][rfdiffusion.inference.model_runners][INFO] - Timestep 26, input to next step: GGGGGGGGGGGGGGGGGGGGGGGGG------------------------------
[2026-04-24 10:31:03,905][rfdiffusion.inference.utils][INFO] - Sampled motif RMSD: 0.13
[2026-04-24 10:31:04,305][rfdiffusion.inference.model_runners][INFO] - Timestep 25, input to next step: GGGGGGGGGGGGGGGGGGGGGGGGG------------------------------
[2026-04-24 10:31:10,614][rfdiffusion.inference.utils][INFO] - Sampled motif RMSD: 0.14
[2026-04-24 10:31:10,859][rfdiffusion.inference.model_runners][INFO] - Timestep 24, input to next step: GGGGGGGGGGGGGGGGGGGGGGGGG------------------------------
[2026-04-24 10:31:15,479][rfdiffusion.inference.utils][INFO] - Sampled motif RMSD: 0.14
[2026-04-24 10:31:16,041][rfdiffusion.inference.model_runners][INFO] - Timestep 23, input to next step: GGGGGGGGGGGGGGGGGGGGGGGGG------------------------------
[2026-04-24 10:31:20,588][rfdiffusion.inference.utils][INFO] - Sampled motif RMSD: 0.12
[2026-04-24 10:31:21,042][rfdiffusion.inference.model_runners][INFO] - Timestep 22, input to next step: GGGGGGGGGGGGGGGGGGGGGGGGG------------------------------
[2026-04-24 10:31:29,205][rfdiffusion.inference.utils][INFO] - Sampled motif RMSD: 0.12
[2026-04-24 10:31:29,498][rfdiffusion.inference.model_runners][INFO] - Timestep 21, input to next step: GGGGGGGGGGGGGGGGGGGGGGGGG------------------------------
[2026-04-24 10:31:36,256][rfdiffusion.inference.utils][INFO] - Sampled motif RMSD: 0.12
[2026-04-24 10:31:36,617][rfdiffusion.inference.model_runners][INFO] - Timestep 20, input to next step: GGGGGGGGGGGGGGGGGGGGGGGGG------------------------------
[2026-04-24 10:31:43,406][rfdiffusion.inference.utils][INFO] - Sampled motif RMSD: 0.10
[2026-04-24 10:31:43,609][rfdiffusion.inference.model_runners][INFO] - Timestep 19, input to next step: GGGGGGGGGGGGGGGGGGGGGGGGG------------------------------
[2026-04-24 10:31:49,256][rfdiffusion.inference.utils][INFO] - Sampled motif RMSD: 0.10
[2026-04-24 10:31:49,564][rfdiffusion.inference.model_runners][INFO] - Timestep 18, input to next step: GGGGGGGGGGGGGGGGGGGGGGGGG------------------------------
[2026-04-24 10:31:55,352][rfdiffusion.inference.utils][INFO] - Sampled motif RMSD: 0.10
[2026-04-24 10:31:55,673][rfdiffusion.inference.model_runners][INFO] - Timestep 17, input to next step: GGGGGGGGGGGGGGGGGGGGGGGGG------------------------------
[2026-04-24 10:31:59,645][rfdiffusion.inference.utils][INFO] - Sampled motif RMSD: 0.12
[2026-04-24 10:32:00,094][rfdiffusion.inference.model_runners][INFO] - Timestep 16, input to next step: GGGGGGGGGGGGGGGGGGGGGGGGG------------------------------
[2026-04-24 10:32:05,977][rfdiffusion.inference.utils][INFO] - Sampled motif RMSD: 0.12
[2026-04-24 10:32:06,340][rfdiffusion.inference.model_runners][INFO] - Timestep 15, input to next step: GGGGGGGGGGGGGGGGGGGGGGGGG------------------------------
[2026-04-24 10:32:12,758][rfdiffusion.inference.utils][INFO] - Sampled motif RMSD: 0.11
[2026-04-24 10:32:13,019][rfdiffusion.inference.model_runners][INFO] - Timestep 14, input to next step: GGGGGGGGGGGGGGGGGGGGGGGGG------------------------------
[2026-04-24 10:32:17,972][rfdiffusion.inference.utils][INFO] - Sampled motif RMSD: 0.12
[2026-04-24 10:32:18,251][rfdiffusion.inference.model_runners][INFO] - Timestep 13, input to next step: GGGGGGGGGGGGGGGGGGGGGGGGG------------------------------
[2026-04-24 10:32:23,590][rfdiffusion.inference.utils][INFO] - Sampled motif RMSD: 0.11
[2026-04-24 10:32:23,836][rfdiffusion.inference.model_runners][INFO] - Timestep 12, input to next step: GGGGGGGGGGGGGGGGGGGGGGGGG------------------------------
[2026-04-24 10:32:28,352][rfdiffusion.inference.utils][INFO] - Sampled motif RMSD: 0.12
[2026-04-24 10:32:28,498][rfdiffusion.inference.model_runners][INFO] - Timestep 11, input to next step: GGGGGGGGGGGGGGGGGGGGGGGGG------------------------------
[2026-04-24 10:32:32,394][rfdiffusion.inference.utils][INFO] - Sampled motif RMSD: 0.12
[2026-04-24 10:32:32,685][rfdiffusion.inference.model_runners][INFO] - Timestep 10, input to next step: GGGGGGGGGGGGGGGGGGGGGGGGG------------------------------
[2026-04-24 10:32:37,255][rfdiffusion.inference.utils][INFO] - Sampled motif RMSD: 0.12
[2026-04-24 10:32:37,551][rfdiffusion.inference.model_runners][INFO] - Timestep 9, input to next step: GGGGGGGGGGGGGGGGGGGGGGGGG------------------------------
[2026-04-24 10:32:42,299][rfdiffusion.inference.utils][INFO] - Sampled motif RMSD: 0.12
[2026-04-24 10:32:42,829][rfdiffusion.inference.model_runners][INFO] - Timestep 8, input to next step: GGGGGGGGGGGGGGGGGGGGGGGGG------------------------------
[2026-04-24 10:32:46,573][rfdiffusion.inference.utils][INFO] - Sampled motif RMSD: 0.11
[2026-04-24 10:32:46,870][rfdiffusion.inference.model_runners][INFO] - Timestep 7, input to next step: GGGGGGGGGGGGGGGGGGGGGGGGG------------------------------
[2026-04-24 10:32:50,214][rfdiffusion.inference.utils][INFO] - Sampled motif RMSD: 0.11
[2026-04-24 10:32:50,443][rfdiffusion.inference.model_runners][INFO] - Timestep 6, input to next step: GGGGGGGGGGGGGGGGGGGGGGGGG------------------------------
[2026-04-24 10:32:53,234][rfdiffusion.inference.utils][INFO] - Sampled motif RMSD: 0.12
[2026-04-24 10:32:53,620][rfdiffusion.inference.model_runners][INFO] - Timestep 5, input to next step: GGGGGGGGGGGGGGGGGGGGGGGGG------------------------------
[2026-04-24 10:32:58,947][rfdiffusion.inference.utils][INFO] - Sampled motif RMSD: 0.12
[2026-04-24 10:32:59,457][rfdiffusion.inference.model_runners][INFO] - Timestep 4, input to next step: GGGGGGGGGGGGGGGGGGGGGGGGG------------------------------
[2026-04-24 10:33:03,433][rfdiffusion.inference.utils][INFO] - Sampled motif RMSD: 0.11
[2026-04-24 10:33:03,915][rfdiffusion.inference.model_runners][INFO] - Timestep 3, input to next step: GGGGGGGGGGGGGGGGGGGGGGGGG------------------------------
[2026-04-24 10:33:06,480][rfdiffusion.inference.utils][INFO] - Sampled motif RMSD: 0.11
[2026-04-24 10:33:06,820][rfdiffusion.inference.model_runners][INFO] - Timestep 2, input to next step: GGGGGGGGGGGGGGGGGGGGGGGGG------------------------------
[2026-04-24 10:33:14,683][__main__][INFO] - Finished design in 4.70 minutes
