[2026-04-24 10:53:48,137][__main__][INFO] - Found GPU with device_name NVIDIA A100-SXM4-80GB. Will run RFdiffusion on NVIDIA A100-SXM4-80GB
Reading models from /lambda/nfs/manvi/Team_8_CS598GBL/RFdiffusion/rfdiffusion/inference/../../models
[2026-04-24 10:53:48,146][rfdiffusion.inference.model_runners][INFO] - Reading checkpoint from /lambda/nfs/manvi/Team_8_CS598GBL/RFdiffusion/rfdiffusion/inference/../../models/Base_ckpt.pt
This is inf_conf.ckpt_path
/lambda/nfs/manvi/Team_8_CS598GBL/RFdiffusion/rfdiffusion/inference/../../models/Base_ckpt.pt
Assembling -model, -diffuser and -preprocess configs from checkpoint
USING MODEL CONFIG: self._conf[model][n_extra_block] = 4
USING MODEL CONFIG: self._conf[model][n_main_block] = 32
USING MODEL CONFIG: self._conf[model][n_ref_block] = 4
USING MODEL CONFIG: self._conf[model][d_msa] = 256
USING MODEL CONFIG: self._conf[model][d_msa_full] = 64
USING MODEL CONFIG: self._conf[model][d_pair] = 128
USING MODEL CONFIG: self._conf[model][d_templ] = 64
USING MODEL CONFIG: self._conf[model][n_head_msa] = 8
USING MODEL CONFIG: self._conf[model][n_head_pair] = 4
USING MODEL CONFIG: self._conf[model][n_head_templ] = 4
USING MODEL CONFIG: self._conf[model][d_hidden] = 32
USING MODEL CONFIG: self._conf[model][d_hidden_templ] = 32
USING MODEL CONFIG: self._conf[model][p_drop] = 0.15
USING MODEL CONFIG: self._conf[model][SE3_param_full] = {'num_layers': 1, 'num_channels': 32, 'num_degrees': 2, 'n_heads': 4, 'div': 4, 'l0_in_features': 8, 'l0_out_features': 8, 'l1_in_features': 3, 'l1_out_features': 2, 'num_edge_features': 32}
USING MODEL CONFIG: self._conf[model][SE3_param_topk] = {'num_layers': 1, 'num_channels': 32, 'num_degrees': 2, 'n_heads': 4, 'div': 4, 'l0_in_features': 64, 'l0_out_features': 64, 'l1_in_features': 3, 'l1_out_features': 2, 'num_edge_features': 64}
USING MODEL CONFIG: self._conf[model][freeze_track_motif] = False
USING MODEL CONFIG: self._conf[model][use_motif_timestep] = True
USING MODEL CONFIG: self._conf[diffuser][T] = 50
USING MODEL CONFIG: self._conf[diffuser][b_0] = 0.01
USING MODEL CONFIG: self._conf[diffuser][b_T] = 0.07
USING MODEL CONFIG: self._conf[diffuser][schedule_type] = linear
USING MODEL CONFIG: self._conf[diffuser][so3_type] = igso3
USING MODEL CONFIG: self._conf[diffuser][crd_scale] = 0.25
USING MODEL CONFIG: self._conf[diffuser][so3_schedule_type] = linear
USING MODEL CONFIG: self._conf[diffuser][min_b] = 1.5
USING MODEL CONFIG: self._conf[diffuser][max_b] = 2.5
USING MODEL CONFIG: self._conf[diffuser][min_sigma] = 0.02
USING MODEL CONFIG: self._conf[diffuser][max_sigma] = 1.5
USING MODEL CONFIG: self._conf[preprocess][sidechain_input] = False
USING MODEL CONFIG: self._conf[preprocess][motif_sidechain_input] = True
USING MODEL CONFIG: self._conf[preprocess][d_t1d] = 22
USING MODEL CONFIG: self._conf[preprocess][d_t2d] = 44
USING MODEL CONFIG: self._conf[preprocess][prob_self_cond] = 0.5
USING MODEL CONFIG: self._conf[preprocess][str_self_cond] = True
USING MODEL CONFIG: self._conf[preprocess][predict_previous] = False
[2026-04-24 10:55:10,300][rfdiffusion.inference.model_runners][INFO] - Loading checkpoint.
[2026-04-24 10:55:29,400][rfdiffusion.diffusion][INFO] - Using cached IGSO3.
Successful diffuser __init__
[2026-04-24 10:55:29,463][__main__][INFO] - Making design /lambda/nfs/manvi/Team_8_CS598GBL/outputs/custom90_128_motif_scaffolding/low_noise/len_126/cterm/scaffold_0
[2026-04-24 10:55:29,494][rfdiffusion.inference.model_runners][INFO] - Using contig: ['25-42/A100-126']
With this beta schedule (linear schedule, beta_0 = 0.04, beta_T = 0.28), alpha_bar_T = 0.00013696048699785024
[2026-04-24 10:55:29,696][rfdiffusion.inference.model_runners][INFO] - Sequence init: -----------------------------------GGGGGGGGGGGGGGGGGGGGGGGGGGG
[2026-04-24 10:55:39,127][rfdiffusion.inference.utils][INFO] - Sampled motif RMSD: 0.31
[2026-04-24 10:55:39,313][rfdiffusion.inference.model_runners][INFO] - Timestep 50, input to next step: -----------------------------------GGGGGGGGGGGGGGGGGGGGGGGGGGG
[2026-04-24 10:55:43,495][rfdiffusion.inference.utils][INFO] - Sampled motif RMSD: 0.31
[2026-04-24 10:55:43,774][rfdiffusion.inference.model_runners][INFO] - Timestep 49, input to next step: -----------------------------------GGGGGGGGGGGGGGGGGGGGGGGGGGG
[2026-04-24 10:55:46,801][rfdiffusion.inference.utils][INFO] - Sampled motif RMSD: 0.30
[2026-04-24 10:55:46,990][rfdiffusion.inference.model_runners][INFO] - Timestep 48, input to next step: -----------------------------------GGGGGGGGGGGGGGGGGGGGGGGGGGG
[2026-04-24 10:55:50,029][rfdiffusion.inference.utils][INFO] - Sampled motif RMSD: 0.29
[2026-04-24 10:55:50,185][rfdiffusion.inference.model_runners][INFO] - Timestep 47, input to next step: -----------------------------------GGGGGGGGGGGGGGGGGGGGGGGGGGG
[2026-04-24 10:55:52,104][rfdiffusion.inference.utils][INFO] - Sampled motif RMSD: 0.30
[2026-04-24 10:55:52,377][rfdiffusion.inference.model_runners][INFO] - Timestep 46, input to next step: -----------------------------------GGGGGGGGGGGGGGGGGGGGGGGGGGG
[2026-04-24 10:55:55,040][rfdiffusion.inference.utils][INFO] - Sampled motif RMSD: 0.30
[2026-04-24 10:55:55,192][rfdiffusion.inference.model_runners][INFO] - Timestep 45, input to next step: -----------------------------------GGGGGGGGGGGGGGGGGGGGGGGGGGG
[2026-04-24 10:55:57,271][rfdiffusion.inference.utils][INFO] - Sampled motif RMSD: 0.29
[2026-04-24 10:55:57,468][rfdiffusion.inference.model_runners][INFO] - Timestep 44, input to next step: -----------------------------------GGGGGGGGGGGGGGGGGGGGGGGGGGG
[2026-04-24 10:56:00,851][rfdiffusion.inference.utils][INFO] - Sampled motif RMSD: 0.30
[2026-04-24 10:56:01,156][rfdiffusion.inference.model_runners][INFO] - Timestep 43, input to next step: -----------------------------------GGGGGGGGGGGGGGGGGGGGGGGGGGG
[2026-04-24 10:56:04,525][rfdiffusion.inference.utils][INFO] - Sampled motif RMSD: 0.32
[2026-04-24 10:56:04,676][rfdiffusion.inference.model_runners][INFO] - Timestep 42, input to next step: -----------------------------------GGGGGGGGGGGGGGGGGGGGGGGGGGG
[2026-04-24 10:56:08,551][rfdiffusion.inference.utils][INFO] - Sampled motif RMSD: 0.31
[2026-04-24 10:56:08,790][rfdiffusion.inference.model_runners][INFO] - Timestep 41, input to next step: -----------------------------------GGGGGGGGGGGGGGGGGGGGGGGGGGG
[2026-04-24 10:56:12,375][rfdiffusion.inference.utils][INFO] - Sampled motif RMSD: 0.30
[2026-04-24 10:56:12,820][rfdiffusion.inference.model_runners][INFO] - Timestep 40, input to next step: -----------------------------------GGGGGGGGGGGGGGGGGGGGGGGGGGG
[2026-04-24 10:56:18,833][rfdiffusion.inference.utils][INFO] - Sampled motif RMSD: 0.28
[2026-04-24 10:56:19,183][rfdiffusion.inference.model_runners][INFO] - Timestep 39, input to next step: -----------------------------------GGGGGGGGGGGGGGGGGGGGGGGGGGG
[2026-04-24 10:56:24,389][rfdiffusion.inference.utils][INFO] - Sampled motif RMSD: 0.28
[2026-04-24 10:56:24,714][rfdiffusion.inference.model_runners][INFO] - Timestep 38, input to next step: -----------------------------------GGGGGGGGGGGGGGGGGGGGGGGGGGG
[2026-04-24 10:56:28,963][rfdiffusion.inference.utils][INFO] - Sampled motif RMSD: 0.27
[2026-04-24 10:56:29,334][rfdiffusion.inference.model_runners][INFO] - Timestep 37, input to next step: -----------------------------------GGGGGGGGGGGGGGGGGGGGGGGGGGG
[2026-04-24 10:56:35,804][rfdiffusion.inference.utils][INFO] - Sampled motif RMSD: 0.27
[2026-04-24 10:56:36,185][rfdiffusion.inference.model_runners][INFO] - Timestep 36, input to next step: -----------------------------------GGGGGGGGGGGGGGGGGGGGGGGGGGG
[2026-04-24 10:56:41,440][rfdiffusion.inference.utils][INFO] - Sampled motif RMSD: 0.29
[2026-04-24 10:56:41,953][rfdiffusion.inference.model_runners][INFO] - Timestep 35, input to next step: -----------------------------------GGGGGGGGGGGGGGGGGGGGGGGGGGG
[2026-04-24 10:56:45,220][rfdiffusion.inference.utils][INFO] - Sampled motif RMSD: 0.26
[2026-04-24 10:56:45,556][rfdiffusion.inference.model_runners][INFO] - Timestep 34, input to next step: -----------------------------------GGGGGGGGGGGGGGGGGGGGGGGGGGG
[2026-04-24 10:56:49,732][rfdiffusion.inference.utils][INFO] - Sampled motif RMSD: 0.25
[2026-04-24 10:56:49,883][rfdiffusion.inference.model_runners][INFO] - Timestep 33, input to next step: -----------------------------------GGGGGGGGGGGGGGGGGGGGGGGGGGG
[2026-04-24 10:56:53,142][rfdiffusion.inference.utils][INFO] - Sampled motif RMSD: 0.24
[2026-04-24 10:56:53,357][rfdiffusion.inference.model_runners][INFO] - Timestep 32, input to next step: -----------------------------------GGGGGGGGGGGGGGGGGGGGGGGGGGG
[2026-04-24 10:56:56,146][rfdiffusion.inference.utils][INFO] - Sampled motif RMSD: 0.25
[2026-04-24 10:56:56,302][rfdiffusion.inference.model_runners][INFO] - Timestep 31, input to next step: -----------------------------------GGGGGGGGGGGGGGGGGGGGGGGGGGG
[2026-04-24 10:57:00,126][rfdiffusion.inference.utils][INFO] - Sampled motif RMSD: 0.25
[2026-04-24 10:57:00,567][rfdiffusion.inference.model_runners][INFO] - Timestep 30, input to next step: -----------------------------------GGGGGGGGGGGGGGGGGGGGGGGGGGG
[2026-04-24 10:57:04,786][rfdiffusion.inference.utils][INFO] - Sampled motif RMSD: 0.27
[2026-04-24 10:57:05,057][rfdiffusion.inference.model_runners][INFO] - Timestep 29, input to next step: -----------------------------------GGGGGGGGGGGGGGGGGGGGGGGGGGG
[2026-04-24 10:57:08,311][rfdiffusion.inference.utils][INFO] - Sampled motif RMSD: 0.29
[2026-04-24 10:57:08,630][rfdiffusion.inference.model_runners][INFO] - Timestep 28, input to next step: -----------------------------------GGGGGGGGGGGGGGGGGGGGGGGGGGG
[2026-04-24 10:57:13,627][rfdiffusion.inference.utils][INFO] - Sampled motif RMSD: 0.29
[2026-04-24 10:57:14,225][rfdiffusion.inference.model_runners][INFO] - Timestep 27, input to next step: -----------------------------------GGGGGGGGGGGGGGGGGGGGGGGGGGG
[2026-04-24 10:57:17,859][rfdiffusion.inference.utils][INFO] - Sampled motif RMSD: 0.28
[2026-04-24 10:57:18,158][rfdiffusion.inference.model_runners][INFO] - Timestep 26, input to next step: -----------------------------------GGGGGGGGGGGGGGGGGGGGGGGGGGG
[2026-04-24 10:57:23,198][rfdiffusion.inference.utils][INFO] - Sampled motif RMSD: 0.28
[2026-04-24 10:57:23,508][rfdiffusion.inference.model_runners][INFO] - Timestep 25, input to next step: -----------------------------------GGGGGGGGGGGGGGGGGGGGGGGGGGG
[2026-04-24 10:57:27,925][rfdiffusion.inference.utils][INFO] - Sampled motif RMSD: 0.27
[2026-04-24 10:57:28,458][rfdiffusion.inference.model_runners][INFO] - Timestep 24, input to next step: -----------------------------------GGGGGGGGGGGGGGGGGGGGGGGGGGG
[2026-04-24 10:57:33,302][rfdiffusion.inference.utils][INFO] - Sampled motif RMSD: 0.28
[2026-04-24 10:57:33,474][rfdiffusion.inference.model_runners][INFO] - Timestep 23, input to next step: -----------------------------------GGGGGGGGGGGGGGGGGGGGGGGGGGG
[2026-04-24 10:57:38,482][rfdiffusion.inference.utils][INFO] - Sampled motif RMSD: 0.30
[2026-04-24 10:57:38,820][rfdiffusion.inference.model_runners][INFO] - Timestep 22, input to next step: -----------------------------------GGGGGGGGGGGGGGGGGGGGGGGGGGG
[2026-04-24 10:57:43,342][rfdiffusion.inference.utils][INFO] - Sampled motif RMSD: 0.32
[2026-04-24 10:57:43,581][rfdiffusion.inference.model_runners][INFO] - Timestep 21, input to next step: -----------------------------------GGGGGGGGGGGGGGGGGGGGGGGGGGG
[2026-04-24 10:57:46,601][rfdiffusion.inference.utils][INFO] - Sampled motif RMSD: 0.29
[2026-04-24 10:57:47,090][rfdiffusion.inference.model_runners][INFO] - Timestep 20, input to next step: -----------------------------------GGGGGGGGGGGGGGGGGGGGGGGGGGG
[2026-04-24 10:57:51,754][rfdiffusion.inference.utils][INFO] - Sampled motif RMSD: 0.28
[2026-04-24 10:57:52,289][rfdiffusion.inference.model_runners][INFO] - Timestep 19, input to next step: -----------------------------------GGGGGGGGGGGGGGGGGGGGGGGGGGG
[2026-04-24 10:57:56,526][rfdiffusion.inference.utils][INFO] - Sampled motif RMSD: 0.28
[2026-04-24 10:57:56,789][rfdiffusion.inference.model_runners][INFO] - Timestep 18, input to next step: -----------------------------------GGGGGGGGGGGGGGGGGGGGGGGGGGG
[2026-04-24 10:58:01,612][rfdiffusion.inference.utils][INFO] - Sampled motif RMSD: 0.27
[2026-04-24 10:58:02,193][rfdiffusion.inference.model_runners][INFO] - Timestep 17, input to next step: -----------------------------------GGGGGGGGGGGGGGGGGGGGGGGGGGG
[2026-04-24 10:58:07,262][rfdiffusion.inference.utils][INFO] - Sampled motif RMSD: 0.27
[2026-04-24 10:58:07,745][rfdiffusion.inference.model_runners][INFO] - Timestep 16, input to next step: -----------------------------------GGGGGGGGGGGGGGGGGGGGGGGGGGG
[2026-04-24 10:58:11,352][rfdiffusion.inference.utils][INFO] - Sampled motif RMSD: 0.27
[2026-04-24 10:58:11,832][rfdiffusion.inference.model_runners][INFO] - Timestep 15, input to next step: -----------------------------------GGGGGGGGGGGGGGGGGGGGGGGGGGG
[2026-04-24 10:58:15,858][rfdiffusion.inference.utils][INFO] - Sampled motif RMSD: 0.26
[2026-04-24 10:58:16,283][rfdiffusion.inference.model_runners][INFO] - Timestep 14, input to next step: -----------------------------------GGGGGGGGGGGGGGGGGGGGGGGGGGG
[2026-04-24 10:58:21,176][rfdiffusion.inference.utils][INFO] - Sampled motif RMSD: 0.26
[2026-04-24 10:58:21,658][rfdiffusion.inference.model_runners][INFO] - Timestep 13, input to next step: -----------------------------------GGGGGGGGGGGGGGGGGGGGGGGGGGG
[2026-04-24 10:58:26,709][rfdiffusion.inference.utils][INFO] - Sampled motif RMSD: 0.24
[2026-04-24 10:58:27,012][rfdiffusion.inference.model_runners][INFO] - Timestep 12, input to next step: -----------------------------------GGGGGGGGGGGGGGGGGGGGGGGGGGG
[2026-04-24 10:58:35,124][rfdiffusion.inference.utils][INFO] - Sampled motif RMSD: 0.25
[2026-04-24 10:58:35,575][rfdiffusion.inference.model_runners][INFO] - Timestep 11, input to next step: -----------------------------------GGGGGGGGGGGGGGGGGGGGGGGGGGG
[2026-04-24 10:58:41,929][rfdiffusion.inference.utils][INFO] - Sampled motif RMSD: 0.24
[2026-04-24 10:58:42,535][rfdiffusion.inference.model_runners][INFO] - Timestep 10, input to next step: -----------------------------------GGGGGGGGGGGGGGGGGGGGGGGGGGG
[2026-04-24 10:58:47,531][rfdiffusion.inference.utils][INFO] - Sampled motif RMSD: 0.22
[2026-04-24 10:58:48,125][rfdiffusion.inference.model_runners][INFO] - Timestep 9, input to next step: -----------------------------------GGGGGGGGGGGGGGGGGGGGGGGGGGG
[2026-04-24 10:58:54,285][rfdiffusion.inference.utils][INFO] - Sampled motif RMSD: 0.24
[2026-04-24 10:58:54,610][rfdiffusion.inference.model_runners][INFO] - Timestep 8, input to next step: -----------------------------------GGGGGGGGGGGGGGGGGGGGGGGGGGG
[2026-04-24 10:58:59,873][rfdiffusion.inference.utils][INFO] - Sampled motif RMSD: 0.24
[2026-04-24 10:59:00,196][rfdiffusion.inference.model_runners][INFO] - Timestep 7, input to next step: -----------------------------------GGGGGGGGGGGGGGGGGGGGGGGGGGG
[2026-04-24 10:59:05,229][rfdiffusion.inference.utils][INFO] - Sampled motif RMSD: 0.25
[2026-04-24 10:59:05,501][rfdiffusion.inference.model_runners][INFO] - Timestep 6, input to next step: -----------------------------------GGGGGGGGGGGGGGGGGGGGGGGGGGG
[2026-04-24 10:59:10,384][rfdiffusion.inference.utils][INFO] - Sampled motif RMSD: 0.24
[2026-04-24 10:59:10,690][rfdiffusion.inference.model_runners][INFO] - Timestep 5, input to next step: -----------------------------------GGGGGGGGGGGGGGGGGGGGGGGGGGG
[2026-04-24 10:59:15,963][rfdiffusion.inference.utils][INFO] - Sampled motif RMSD: 0.25
[2026-04-24 10:59:16,298][rfdiffusion.inference.model_runners][INFO] - Timestep 4, input to next step: -----------------------------------GGGGGGGGGGGGGGGGGGGGGGGGGGG
[2026-04-24 10:59:20,918][rfdiffusion.inference.utils][INFO] - Sampled motif RMSD: 0.27
[2026-04-24 10:59:21,300][rfdiffusion.inference.model_runners][INFO] - Timestep 3, input to next step: -----------------------------------GGGGGGGGGGGGGGGGGGGGGGGGGGG
[2026-04-24 10:59:25,339][rfdiffusion.inference.utils][INFO] - Sampled motif RMSD: 0.26
[2026-04-24 10:59:25,717][rfdiffusion.inference.model_runners][INFO] - Timestep 2, input to next step: -----------------------------------GGGGGGGGGGGGGGGGGGGGGGGGGGG
[2026-04-24 10:59:33,050][__main__][INFO] - Finished design in 4.06 minutes
