[2026-04-24 09:42:18,380][__main__][INFO] - Found GPU with device_name NVIDIA A100-SXM4-80GB. Will run RFdiffusion on NVIDIA A100-SXM4-80GB
Reading models from /lambda/nfs/manvi/Team_8_CS598GBL/RFdiffusion/rfdiffusion/inference/../../models
[2026-04-24 09:42:18,388][rfdiffusion.inference.model_runners][INFO] - Reading checkpoint from /lambda/nfs/manvi/Team_8_CS598GBL/RFdiffusion/rfdiffusion/inference/../../models/Base_ckpt.pt
This is inf_conf.ckpt_path
/lambda/nfs/manvi/Team_8_CS598GBL/RFdiffusion/rfdiffusion/inference/../../models/Base_ckpt.pt
Assembling -model, -diffuser and -preprocess configs from checkpoint
USING MODEL CONFIG: self._conf[model][n_extra_block] = 4
USING MODEL CONFIG: self._conf[model][n_main_block] = 32
USING MODEL CONFIG: self._conf[model][n_ref_block] = 4
USING MODEL CONFIG: self._conf[model][d_msa] = 256
USING MODEL CONFIG: self._conf[model][d_msa_full] = 64
USING MODEL CONFIG: self._conf[model][d_pair] = 128
USING MODEL CONFIG: self._conf[model][d_templ] = 64
USING MODEL CONFIG: self._conf[model][n_head_msa] = 8
USING MODEL CONFIG: self._conf[model][n_head_pair] = 4
USING MODEL CONFIG: self._conf[model][n_head_templ] = 4
USING MODEL CONFIG: self._conf[model][d_hidden] = 32
USING MODEL CONFIG: self._conf[model][d_hidden_templ] = 32
USING MODEL CONFIG: self._conf[model][p_drop] = 0.15
USING MODEL CONFIG: self._conf[model][SE3_param_full] = {'num_layers': 1, 'num_channels': 32, 'num_degrees': 2, 'n_heads': 4, 'div': 4, 'l0_in_features': 8, 'l0_out_features': 8, 'l1_in_features': 3, 'l1_out_features': 2, 'num_edge_features': 32}
USING MODEL CONFIG: self._conf[model][SE3_param_topk] = {'num_layers': 1, 'num_channels': 32, 'num_degrees': 2, 'n_heads': 4, 'div': 4, 'l0_in_features': 64, 'l0_out_features': 64, 'l1_in_features': 3, 'l1_out_features': 2, 'num_edge_features': 64}
USING MODEL CONFIG: self._conf[model][freeze_track_motif] = False
USING MODEL CONFIG: self._conf[model][use_motif_timestep] = True
USING MODEL CONFIG: self._conf[diffuser][T] = 50
USING MODEL CONFIG: self._conf[diffuser][b_0] = 0.01
USING MODEL CONFIG: self._conf[diffuser][b_T] = 0.07
USING MODEL CONFIG: self._conf[diffuser][schedule_type] = linear
USING MODEL CONFIG: self._conf[diffuser][so3_type] = igso3
USING MODEL CONFIG: self._conf[diffuser][crd_scale] = 0.25
USING MODEL CONFIG: self._conf[diffuser][so3_schedule_type] = linear
USING MODEL CONFIG: self._conf[diffuser][min_b] = 1.5
USING MODEL CONFIG: self._conf[diffuser][max_b] = 2.5
USING MODEL CONFIG: self._conf[diffuser][min_sigma] = 0.02
USING MODEL CONFIG: self._conf[diffuser][max_sigma] = 1.5
USING MODEL CONFIG: self._conf[preprocess][sidechain_input] = False
USING MODEL CONFIG: self._conf[preprocess][motif_sidechain_input] = True
USING MODEL CONFIG: self._conf[preprocess][d_t1d] = 22
USING MODEL CONFIG: self._conf[preprocess][d_t2d] = 44
USING MODEL CONFIG: self._conf[preprocess][prob_self_cond] = 0.5
USING MODEL CONFIG: self._conf[preprocess][str_self_cond] = True
USING MODEL CONFIG: self._conf[preprocess][predict_previous] = False
[2026-04-24 09:43:09,730][rfdiffusion.inference.model_runners][INFO] - Loading checkpoint.
[2026-04-24 09:43:16,585][rfdiffusion.diffusion][INFO] - Using cached IGSO3.
Successful diffuser __init__
[2026-04-24 09:43:16,608][__main__][INFO] - Making design /lambda/nfs/manvi/Team_8_CS598GBL/outputs/custom90_128_motif_scaffolding/low_noise/len_092/nterm/scaffold_0
[2026-04-24 09:43:16,614][rfdiffusion.inference.model_runners][INFO] - Using contig: ['A1-20/18-30']
With this beta schedule (linear schedule, beta_0 = 0.04, beta_T = 0.28), alpha_bar_T = 0.00013696048699785024
[2026-04-24 09:43:16,702][rfdiffusion.inference.model_runners][INFO] - Sequence init: GGGGGGGGGGGGGGGGGGGG------------------------
[2026-04-24 09:43:19,451][rfdiffusion.inference.utils][INFO] - Sampled motif RMSD: 0.25
[2026-04-24 09:43:19,525][rfdiffusion.inference.model_runners][INFO] - Timestep 50, input to next step: GGGGGGGGGGGGGGGGGGGG------------------------
[2026-04-24 09:43:20,688][rfdiffusion.inference.utils][INFO] - Sampled motif RMSD: 0.28
[2026-04-24 09:43:20,753][rfdiffusion.inference.model_runners][INFO] - Timestep 49, input to next step: GGGGGGGGGGGGGGGGGGGG------------------------
[2026-04-24 09:43:21,709][rfdiffusion.inference.utils][INFO] - Sampled motif RMSD: 0.27
[2026-04-24 09:43:21,742][rfdiffusion.inference.model_runners][INFO] - Timestep 48, input to next step: GGGGGGGGGGGGGGGGGGGG------------------------
[2026-04-24 09:43:22,696][rfdiffusion.inference.utils][INFO] - Sampled motif RMSD: 0.27
[2026-04-24 09:43:22,840][rfdiffusion.inference.model_runners][INFO] - Timestep 47, input to next step: GGGGGGGGGGGGGGGGGGGG------------------------
[2026-04-24 09:43:24,596][rfdiffusion.inference.utils][INFO] - Sampled motif RMSD: 0.27
[2026-04-24 09:43:24,683][rfdiffusion.inference.model_runners][INFO] - Timestep 46, input to next step: GGGGGGGGGGGGGGGGGGGG------------------------
[2026-04-24 09:43:25,834][rfdiffusion.inference.utils][INFO] - Sampled motif RMSD: 0.25
[2026-04-24 09:43:25,908][rfdiffusion.inference.model_runners][INFO] - Timestep 45, input to next step: GGGGGGGGGGGGGGGGGGGG------------------------
[2026-04-24 09:43:27,452][rfdiffusion.inference.utils][INFO] - Sampled motif RMSD: 0.22
[2026-04-24 09:43:27,574][rfdiffusion.inference.model_runners][INFO] - Timestep 44, input to next step: GGGGGGGGGGGGGGGGGGGG------------------------
[2026-04-24 09:43:29,222][rfdiffusion.inference.utils][INFO] - Sampled motif RMSD: 0.18
[2026-04-24 09:43:29,367][rfdiffusion.inference.model_runners][INFO] - Timestep 43, input to next step: GGGGGGGGGGGGGGGGGGGG------------------------
[2026-04-24 09:43:30,866][rfdiffusion.inference.utils][INFO] - Sampled motif RMSD: 0.17
[2026-04-24 09:43:30,965][rfdiffusion.inference.model_runners][INFO] - Timestep 42, input to next step: GGGGGGGGGGGGGGGGGGGG------------------------
[2026-04-24 09:43:32,219][rfdiffusion.inference.utils][INFO] - Sampled motif RMSD: 0.16
[2026-04-24 09:43:32,409][rfdiffusion.inference.model_runners][INFO] - Timestep 41, input to next step: GGGGGGGGGGGGGGGGGGGG------------------------
[2026-04-24 09:43:33,792][rfdiffusion.inference.utils][INFO] - Sampled motif RMSD: 0.17
[2026-04-24 09:43:33,943][rfdiffusion.inference.model_runners][INFO] - Timestep 40, input to next step: GGGGGGGGGGGGGGGGGGGG------------------------
[2026-04-24 09:43:36,430][rfdiffusion.inference.utils][INFO] - Sampled motif RMSD: 0.16
[2026-04-24 09:43:36,726][rfdiffusion.inference.model_runners][INFO] - Timestep 39, input to next step: GGGGGGGGGGGGGGGGGGGG------------------------
[2026-04-24 09:43:39,638][rfdiffusion.inference.utils][INFO] - Sampled motif RMSD: 0.14
[2026-04-24 09:43:40,025][rfdiffusion.inference.model_runners][INFO] - Timestep 38, input to next step: GGGGGGGGGGGGGGGGGGGG------------------------
[2026-04-24 09:43:42,243][rfdiffusion.inference.utils][INFO] - Sampled motif RMSD: 0.13
[2026-04-24 09:43:42,490][rfdiffusion.inference.model_runners][INFO] - Timestep 37, input to next step: GGGGGGGGGGGGGGGGGGGG------------------------
[2026-04-24 09:43:45,589][rfdiffusion.inference.utils][INFO] - Sampled motif RMSD: 0.14
[2026-04-24 09:43:45,786][rfdiffusion.inference.model_runners][INFO] - Timestep 36, input to next step: GGGGGGGGGGGGGGGGGGGG------------------------
[2026-04-24 09:43:48,214][rfdiffusion.inference.utils][INFO] - Sampled motif RMSD: 0.16
[2026-04-24 09:43:48,353][rfdiffusion.inference.model_runners][INFO] - Timestep 35, input to next step: GGGGGGGGGGGGGGGGGGGG------------------------
[2026-04-24 09:43:51,071][rfdiffusion.inference.utils][INFO] - Sampled motif RMSD: 0.16
[2026-04-24 09:43:51,267][rfdiffusion.inference.model_runners][INFO] - Timestep 34, input to next step: GGGGGGGGGGGGGGGGGGGG------------------------
[2026-04-24 09:43:53,334][rfdiffusion.inference.utils][INFO] - Sampled motif RMSD: 0.16
[2026-04-24 09:43:53,572][rfdiffusion.inference.model_runners][INFO] - Timestep 33, input to next step: GGGGGGGGGGGGGGGGGGGG------------------------
[2026-04-24 09:43:55,576][rfdiffusion.inference.utils][INFO] - Sampled motif RMSD: 0.16
[2026-04-24 09:43:55,723][rfdiffusion.inference.model_runners][INFO] - Timestep 32, input to next step: GGGGGGGGGGGGGGGGGGGG------------------------
[2026-04-24 09:43:57,322][rfdiffusion.inference.utils][INFO] - Sampled motif RMSD: 0.16
[2026-04-24 09:43:57,429][rfdiffusion.inference.model_runners][INFO] - Timestep 31, input to next step: GGGGGGGGGGGGGGGGGGGG------------------------
[2026-04-24 09:43:59,505][rfdiffusion.inference.utils][INFO] - Sampled motif RMSD: 0.18
[2026-04-24 09:43:59,755][rfdiffusion.inference.model_runners][INFO] - Timestep 30, input to next step: GGGGGGGGGGGGGGGGGGGG------------------------
[2026-04-24 09:44:01,159][rfdiffusion.inference.utils][INFO] - Sampled motif RMSD: 0.20
[2026-04-24 09:44:01,347][rfdiffusion.inference.model_runners][INFO] - Timestep 29, input to next step: GGGGGGGGGGGGGGGGGGGG------------------------
[2026-04-24 09:44:02,942][rfdiffusion.inference.utils][INFO] - Sampled motif RMSD: 0.19
[2026-04-24 09:44:03,133][rfdiffusion.inference.model_runners][INFO] - Timestep 28, input to next step: GGGGGGGGGGGGGGGGGGGG------------------------
[2026-04-24 09:44:04,795][rfdiffusion.inference.utils][INFO] - Sampled motif RMSD: 0.17
[2026-04-24 09:44:05,103][rfdiffusion.inference.model_runners][INFO] - Timestep 27, input to next step: GGGGGGGGGGGGGGGGGGGG------------------------
[2026-04-24 09:44:07,292][rfdiffusion.inference.utils][INFO] - Sampled motif RMSD: 0.18
[2026-04-24 09:44:07,581][rfdiffusion.inference.model_runners][INFO] - Timestep 26, input to next step: GGGGGGGGGGGGGGGGGGGG------------------------
[2026-04-24 09:44:10,017][rfdiffusion.inference.utils][INFO] - Sampled motif RMSD: 0.16
[2026-04-24 09:44:10,156][rfdiffusion.inference.model_runners][INFO] - Timestep 25, input to next step: GGGGGGGGGGGGGGGGGGGG------------------------
[2026-04-24 09:44:12,808][rfdiffusion.inference.utils][INFO] - Sampled motif RMSD: 0.17
[2026-04-24 09:44:12,908][rfdiffusion.inference.model_runners][INFO] - Timestep 24, input to next step: GGGGGGGGGGGGGGGGGGGG------------------------
[2026-04-24 09:44:15,303][rfdiffusion.inference.utils][INFO] - Sampled motif RMSD: 0.19
[2026-04-24 09:44:15,580][rfdiffusion.inference.model_runners][INFO] - Timestep 23, input to next step: GGGGGGGGGGGGGGGGGGGG------------------------
[2026-04-24 09:44:17,742][rfdiffusion.inference.utils][INFO] - Sampled motif RMSD: 0.18
[2026-04-24 09:44:18,037][rfdiffusion.inference.model_runners][INFO] - Timestep 22, input to next step: GGGGGGGGGGGGGGGGGGGG------------------------
[2026-04-24 09:44:20,955][rfdiffusion.inference.utils][INFO] - Sampled motif RMSD: 0.17
[2026-04-24 09:44:21,200][rfdiffusion.inference.model_runners][INFO] - Timestep 21, input to next step: GGGGGGGGGGGGGGGGGGGG------------------------
[2026-04-24 09:44:24,640][rfdiffusion.inference.utils][INFO] - Sampled motif RMSD: 0.14
[2026-04-24 09:44:24,771][rfdiffusion.inference.model_runners][INFO] - Timestep 20, input to next step: GGGGGGGGGGGGGGGGGGGG------------------------
[2026-04-24 09:44:27,501][rfdiffusion.inference.utils][INFO] - Sampled motif RMSD: 0.11
[2026-04-24 09:44:27,697][rfdiffusion.inference.model_runners][INFO] - Timestep 19, input to next step: GGGGGGGGGGGGGGGGGGGG------------------------
[2026-04-24 09:44:29,957][rfdiffusion.inference.utils][INFO] - Sampled motif RMSD: 0.10
[2026-04-24 09:44:30,172][rfdiffusion.inference.model_runners][INFO] - Timestep 18, input to next step: GGGGGGGGGGGGGGGGGGGG------------------------
[2026-04-24 09:44:32,477][rfdiffusion.inference.utils][INFO] - Sampled motif RMSD: 0.10
[2026-04-24 09:44:32,693][rfdiffusion.inference.model_runners][INFO] - Timestep 17, input to next step: GGGGGGGGGGGGGGGGGGGG------------------------
[2026-04-24 09:44:35,100][rfdiffusion.inference.utils][INFO] - Sampled motif RMSD: 0.10
[2026-04-24 09:44:35,303][rfdiffusion.inference.model_runners][INFO] - Timestep 16, input to next step: GGGGGGGGGGGGGGGGGGGG------------------------
[2026-04-24 09:44:38,266][rfdiffusion.inference.utils][INFO] - Sampled motif RMSD: 0.12
[2026-04-24 09:44:38,541][rfdiffusion.inference.model_runners][INFO] - Timestep 15, input to next step: GGGGGGGGGGGGGGGGGGGG------------------------
[2026-04-24 09:44:40,760][rfdiffusion.inference.utils][INFO] - Sampled motif RMSD: 0.13
[2026-04-24 09:44:41,414][rfdiffusion.inference.model_runners][INFO] - Timestep 14, input to next step: GGGGGGGGGGGGGGGGGGGG------------------------
[2026-04-24 09:44:43,794][rfdiffusion.inference.utils][INFO] - Sampled motif RMSD: 0.13
[2026-04-24 09:44:44,209][rfdiffusion.inference.model_runners][INFO] - Timestep 13, input to next step: GGGGGGGGGGGGGGGGGGGG------------------------
[2026-04-24 09:44:47,203][rfdiffusion.inference.utils][INFO] - Sampled motif RMSD: 0.14
[2026-04-24 09:44:47,686][rfdiffusion.inference.model_runners][INFO] - Timestep 12, input to next step: GGGGGGGGGGGGGGGGGGGG------------------------
[2026-04-24 09:44:51,207][rfdiffusion.inference.utils][INFO] - Sampled motif RMSD: 0.11
[2026-04-24 09:44:51,617][rfdiffusion.inference.model_runners][INFO] - Timestep 11, input to next step: GGGGGGGGGGGGGGGGGGGG------------------------
[2026-04-24 09:44:54,695][rfdiffusion.inference.utils][INFO] - Sampled motif RMSD: 0.12
[2026-04-24 09:44:54,993][rfdiffusion.inference.model_runners][INFO] - Timestep 10, input to next step: GGGGGGGGGGGGGGGGGGGG------------------------
[2026-04-24 09:44:57,062][rfdiffusion.inference.utils][INFO] - Sampled motif RMSD: 0.10
[2026-04-24 09:44:57,235][rfdiffusion.inference.model_runners][INFO] - Timestep 9, input to next step: GGGGGGGGGGGGGGGGGGGG------------------------
[2026-04-24 09:45:00,138][rfdiffusion.inference.utils][INFO] - Sampled motif RMSD: 0.10
[2026-04-24 09:45:00,295][rfdiffusion.inference.model_runners][INFO] - Timestep 8, input to next step: GGGGGGGGGGGGGGGGGGGG------------------------
[2026-04-24 09:45:03,436][rfdiffusion.inference.utils][INFO] - Sampled motif RMSD: 0.09
[2026-04-24 09:45:03,689][rfdiffusion.inference.model_runners][INFO] - Timestep 7, input to next step: GGGGGGGGGGGGGGGGGGGG------------------------
[2026-04-24 09:45:05,937][rfdiffusion.inference.utils][INFO] - Sampled motif RMSD: 0.10
[2026-04-24 09:45:06,075][rfdiffusion.inference.model_runners][INFO] - Timestep 6, input to next step: GGGGGGGGGGGGGGGGGGGG------------------------
[2026-04-24 09:45:09,422][rfdiffusion.inference.utils][INFO] - Sampled motif RMSD: 0.09
[2026-04-24 09:45:09,637][rfdiffusion.inference.model_runners][INFO] - Timestep 5, input to next step: GGGGGGGGGGGGGGGGGGGG------------------------
[2026-04-24 09:45:12,432][rfdiffusion.inference.utils][INFO] - Sampled motif RMSD: 0.10
[2026-04-24 09:45:12,776][rfdiffusion.inference.model_runners][INFO] - Timestep 4, input to next step: GGGGGGGGGGGGGGGGGGGG------------------------
[2026-04-24 09:45:15,161][rfdiffusion.inference.utils][INFO] - Sampled motif RMSD: 0.11
[2026-04-24 09:45:15,476][rfdiffusion.inference.model_runners][INFO] - Timestep 3, input to next step: GGGGGGGGGGGGGGGGGGGG------------------------
[2026-04-24 09:45:18,326][rfdiffusion.inference.utils][INFO] - Sampled motif RMSD: 0.11
[2026-04-24 09:45:18,497][rfdiffusion.inference.model_runners][INFO] - Timestep 2, input to next step: GGGGGGGGGGGGGGGGGGGG------------------------
[2026-04-24 09:45:22,384][__main__][INFO] - Finished design in 2.10 minutes
[2026-04-24 09:45:22,385][__main__][INFO] - Making design /lambda/nfs/manvi/Team_8_CS598GBL/outputs/custom90_128_motif_scaffolding/low_noise/len_092/nterm/scaffold_1
[2026-04-24 09:45:22,394][rfdiffusion.inference.model_runners][INFO] - Using contig: ['A1-20/18-30']
With this beta schedule (linear schedule, beta_0 = 0.04, beta_T = 0.28), alpha_bar_T = 0.00013696048699785024
[2026-04-24 09:45:22,681][rfdiffusion.inference.model_runners][INFO] - Sequence init: GGGGGGGGGGGGGGGGGGGG--------------------
[2026-04-24 09:45:27,015][rfdiffusion.inference.utils][INFO] - Sampled motif RMSD: 0.22
[2026-04-24 09:45:27,190][rfdiffusion.inference.model_runners][INFO] - Timestep 50, input to next step: GGGGGGGGGGGGGGGGGGGG--------------------
[2026-04-24 09:45:30,381][rfdiffusion.inference.utils][INFO] - Sampled motif RMSD: 0.21
[2026-04-24 09:45:30,685][rfdiffusion.inference.model_runners][INFO] - Timestep 49, input to next step: GGGGGGGGGGGGGGGGGGGG--------------------
[2026-04-24 09:45:33,340][rfdiffusion.inference.utils][INFO] - Sampled motif RMSD: 0.20
[2026-04-24 09:45:33,544][rfdiffusion.inference.model_runners][INFO] - Timestep 48, input to next step: GGGGGGGGGGGGGGGGGGGG--------------------
[2026-04-24 09:45:36,995][rfdiffusion.inference.utils][INFO] - Sampled motif RMSD: 0.20
[2026-04-24 09:45:37,210][rfdiffusion.inference.model_runners][INFO] - Timestep 47, input to next step: GGGGGGGGGGGGGGGGGGGG--------------------
[2026-04-24 09:45:38,897][rfdiffusion.inference.utils][INFO] - Sampled motif RMSD: 0.22
[2026-04-24 09:45:39,400][rfdiffusion.inference.model_runners][INFO] - Timestep 46, input to next step: GGGGGGGGGGGGGGGGGGGG--------------------
[2026-04-24 09:45:42,259][rfdiffusion.inference.utils][INFO] - Sampled motif RMSD: 0.23
[2026-04-24 09:45:42,619][rfdiffusion.inference.model_runners][INFO] - Timestep 45, input to next step: GGGGGGGGGGGGGGGGGGGG--------------------
[2026-04-24 09:45:45,316][rfdiffusion.inference.utils][INFO] - Sampled motif RMSD: 0.21
[2026-04-24 09:45:45,408][rfdiffusion.inference.model_runners][INFO] - Timestep 44, input to next step: GGGGGGGGGGGGGGGGGGGG--------------------
[2026-04-24 09:45:48,459][rfdiffusion.inference.utils][INFO] - Sampled motif RMSD: 0.19
[2026-04-24 09:45:48,696][rfdiffusion.inference.model_runners][INFO] - Timestep 43, input to next step: GGGGGGGGGGGGGGGGGGGG--------------------
[2026-04-24 09:45:51,473][rfdiffusion.inference.utils][INFO] - Sampled motif RMSD: 0.21
[2026-04-24 09:45:51,769][rfdiffusion.inference.model_runners][INFO] - Timestep 42, input to next step: GGGGGGGGGGGGGGGGGGGG--------------------
[2026-04-24 09:45:54,897][rfdiffusion.inference.utils][INFO] - Sampled motif RMSD: 0.20
[2026-04-24 09:45:55,045][rfdiffusion.inference.model_runners][INFO] - Timestep 41, input to next step: GGGGGGGGGGGGGGGGGGGG--------------------
[2026-04-24 09:45:57,652][rfdiffusion.inference.utils][INFO] - Sampled motif RMSD: 0.20
[2026-04-24 09:45:57,885][rfdiffusion.inference.model_runners][INFO] - Timestep 40, input to next step: GGGGGGGGGGGGGGGGGGGG--------------------
[2026-04-24 09:46:00,755][rfdiffusion.inference.utils][INFO] - Sampled motif RMSD: 0.21
[2026-04-24 09:46:00,979][rfdiffusion.inference.model_runners][INFO] - Timestep 39, input to next step: GGGGGGGGGGGGGGGGGGGG--------------------
[2026-04-24 09:46:03,310][rfdiffusion.inference.utils][INFO] - Sampled motif RMSD: 0.22
[2026-04-24 09:46:03,582][rfdiffusion.inference.model_runners][INFO] - Timestep 38, input to next step: GGGGGGGGGGGGGGGGGGGG--------------------
[2026-04-24 09:46:06,380][rfdiffusion.inference.utils][INFO] - Sampled motif RMSD: 0.21
[2026-04-24 09:46:06,641][rfdiffusion.inference.model_runners][INFO] - Timestep 37, input to next step: GGGGGGGGGGGGGGGGGGGG--------------------
[2026-04-24 09:46:09,096][rfdiffusion.inference.utils][INFO] - Sampled motif RMSD: 0.20
[2026-04-24 09:46:09,392][rfdiffusion.inference.model_runners][INFO] - Timestep 36, input to next step: GGGGGGGGGGGGGGGGGGGG--------------------
[2026-04-24 09:46:11,645][rfdiffusion.inference.utils][INFO] - Sampled motif RMSD: 0.19
[2026-04-24 09:46:11,905][rfdiffusion.inference.model_runners][INFO] - Timestep 35, input to next step: GGGGGGGGGGGGGGGGGGGG--------------------
[2026-04-24 09:46:14,501][rfdiffusion.inference.utils][INFO] - Sampled motif RMSD: 0.17
[2026-04-24 09:46:14,629][rfdiffusion.inference.model_runners][INFO] - Timestep 34, input to next step: GGGGGGGGGGGGGGGGGGGG--------------------
[2026-04-24 09:46:17,119][rfdiffusion.inference.utils][INFO] - Sampled motif RMSD: 0.17
[2026-04-24 09:46:17,211][rfdiffusion.inference.model_runners][INFO] - Timestep 33, input to next step: GGGGGGGGGGGGGGGGGGGG--------------------
[2026-04-24 09:46:20,058][rfdiffusion.inference.utils][INFO] - Sampled motif RMSD: 0.18
[2026-04-24 09:46:20,292][rfdiffusion.inference.model_runners][INFO] - Timestep 32, input to next step: GGGGGGGGGGGGGGGGGGGG--------------------
[2026-04-24 09:46:22,437][rfdiffusion.inference.utils][INFO] - Sampled motif RMSD: 0.15
[2026-04-24 09:46:22,698][rfdiffusion.inference.model_runners][INFO] - Timestep 31, input to next step: GGGGGGGGGGGGGGGGGGGG--------------------
[2026-04-24 09:46:25,668][rfdiffusion.inference.utils][INFO] - Sampled motif RMSD: 0.14
[2026-04-24 09:46:25,879][rfdiffusion.inference.model_runners][INFO] - Timestep 30, input to next step: GGGGGGGGGGGGGGGGGGGG--------------------
[2026-04-24 09:46:29,141][rfdiffusion.inference.utils][INFO] - Sampled motif RMSD: 0.15
[2026-04-24 09:46:29,332][rfdiffusion.inference.model_runners][INFO] - Timestep 29, input to next step: GGGGGGGGGGGGGGGGGGGG--------------------
[2026-04-24 09:46:32,084][rfdiffusion.inference.utils][INFO] - Sampled motif RMSD: 0.15
[2026-04-24 09:46:32,258][rfdiffusion.inference.model_runners][INFO] - Timestep 28, input to next step: GGGGGGGGGGGGGGGGGGGG--------------------
[2026-04-24 09:46:35,278][rfdiffusion.inference.utils][INFO] - Sampled motif RMSD: 0.16
[2026-04-24 09:46:35,428][rfdiffusion.inference.model_runners][INFO] - Timestep 27, input to next step: GGGGGGGGGGGGGGGGGGGG--------------------
[2026-04-24 09:46:38,235][rfdiffusion.inference.utils][INFO] - Sampled motif RMSD: 0.16
[2026-04-24 09:46:38,485][rfdiffusion.inference.model_runners][INFO] - Timestep 26, input to next step: GGGGGGGGGGGGGGGGGGGG--------------------
[2026-04-24 09:46:41,610][rfdiffusion.inference.utils][INFO] - Sampled motif RMSD: 0.17
[2026-04-24 09:46:42,019][rfdiffusion.inference.model_runners][INFO] - Timestep 25, input to next step: GGGGGGGGGGGGGGGGGGGG--------------------
[2026-04-24 09:46:45,546][rfdiffusion.inference.utils][INFO] - Sampled motif RMSD: 0.18
[2026-04-24 09:46:46,071][rfdiffusion.inference.model_runners][INFO] - Timestep 24, input to next step: GGGGGGGGGGGGGGGGGGGG--------------------
[2026-04-24 09:46:49,060][rfdiffusion.inference.utils][INFO] - Sampled motif RMSD: 0.16
[2026-04-24 09:46:49,354][rfdiffusion.inference.model_runners][INFO] - Timestep 23, input to next step: GGGGGGGGGGGGGGGGGGGG--------------------
[2026-04-24 09:46:51,801][rfdiffusion.inference.utils][INFO] - Sampled motif RMSD: 0.16
[2026-04-24 09:46:52,073][rfdiffusion.inference.model_runners][INFO] - Timestep 22, input to next step: GGGGGGGGGGGGGGGGGGGG--------------------
[2026-04-24 09:46:55,467][rfdiffusion.inference.utils][INFO] - Sampled motif RMSD: 0.16
[2026-04-24 09:46:55,743][rfdiffusion.inference.model_runners][INFO] - Timestep 21, input to next step: GGGGGGGGGGGGGGGGGGGG--------------------
[2026-04-24 09:46:58,544][rfdiffusion.inference.utils][INFO] - Sampled motif RMSD: 0.14
[2026-04-24 09:46:58,715][rfdiffusion.inference.model_runners][INFO] - Timestep 20, input to next step: GGGGGGGGGGGGGGGGGGGG--------------------
[2026-04-24 09:47:01,980][rfdiffusion.inference.utils][INFO] - Sampled motif RMSD: 0.14
[2026-04-24 09:47:02,173][rfdiffusion.inference.model_runners][INFO] - Timestep 19, input to next step: GGGGGGGGGGGGGGGGGGGG--------------------
[2026-04-24 09:47:05,101][rfdiffusion.inference.utils][INFO] - Sampled motif RMSD: 0.15
[2026-04-24 09:47:05,181][rfdiffusion.inference.model_runners][INFO] - Timestep 18, input to next step: GGGGGGGGGGGGGGGGGGGG--------------------
[2026-04-24 09:47:08,238][rfdiffusion.inference.utils][INFO] - Sampled motif RMSD: 0.17
[2026-04-24 09:47:08,386][rfdiffusion.inference.model_runners][INFO] - Timestep 17, input to next step: GGGGGGGGGGGGGGGGGGGG--------------------
[2026-04-24 09:47:11,777][rfdiffusion.inference.utils][INFO] - Sampled motif RMSD: 0.17
[2026-04-24 09:47:12,015][rfdiffusion.inference.model_runners][INFO] - Timestep 16, input to next step: GGGGGGGGGGGGGGGGGGGG--------------------
[2026-04-24 09:47:14,681][rfdiffusion.inference.utils][INFO] - Sampled motif RMSD: 0.17
[2026-04-24 09:47:14,855][rfdiffusion.inference.model_runners][INFO] - Timestep 15, input to next step: GGGGGGGGGGGGGGGGGGGG--------------------
[2026-04-24 09:47:17,563][rfdiffusion.inference.utils][INFO] - Sampled motif RMSD: 0.16
[2026-04-24 09:47:17,700][rfdiffusion.inference.model_runners][INFO] - Timestep 14, input to next step: GGGGGGGGGGGGGGGGGGGG--------------------
[2026-04-24 09:47:19,547][rfdiffusion.inference.utils][INFO] - Sampled motif RMSD: 0.15
[2026-04-24 09:47:19,827][rfdiffusion.inference.model_runners][INFO] - Timestep 13, input to next step: GGGGGGGGGGGGGGGGGGGG--------------------
[2026-04-24 09:47:22,628][rfdiffusion.inference.utils][INFO] - Sampled motif RMSD: 0.14
[2026-04-24 09:47:22,765][rfdiffusion.inference.model_runners][INFO] - Timestep 12, input to next step: GGGGGGGGGGGGGGGGGGGG--------------------
[2026-04-24 09:47:25,171][rfdiffusion.inference.utils][INFO] - Sampled motif RMSD: 0.12
[2026-04-24 09:47:25,548][rfdiffusion.inference.model_runners][INFO] - Timestep 11, input to next step: GGGGGGGGGGGGGGGGGGGG--------------------
[2026-04-24 09:47:28,354][rfdiffusion.inference.utils][INFO] - Sampled motif RMSD: 0.11
[2026-04-24 09:47:28,754][rfdiffusion.inference.model_runners][INFO] - Timestep 10, input to next step: GGGGGGGGGGGGGGGGGGGG--------------------
[2026-04-24 09:47:30,701][rfdiffusion.inference.utils][INFO] - Sampled motif RMSD: 0.11
[2026-04-24 09:47:30,890][rfdiffusion.inference.model_runners][INFO] - Timestep 9, input to next step: GGGGGGGGGGGGGGGGGGGG--------------------
[2026-04-24 09:47:34,125][rfdiffusion.inference.utils][INFO] - Sampled motif RMSD: 0.11
[2026-04-24 09:47:34,321][rfdiffusion.inference.model_runners][INFO] - Timestep 8, input to next step: GGGGGGGGGGGGGGGGGGGG--------------------
[2026-04-24 09:47:36,494][rfdiffusion.inference.utils][INFO] - Sampled motif RMSD: 0.11
[2026-04-24 09:47:36,742][rfdiffusion.inference.model_runners][INFO] - Timestep 7, input to next step: GGGGGGGGGGGGGGGGGGGG--------------------
[2026-04-24 09:47:39,092][rfdiffusion.inference.utils][INFO] - Sampled motif RMSD: 0.10
[2026-04-24 09:47:39,336][rfdiffusion.inference.model_runners][INFO] - Timestep 6, input to next step: GGGGGGGGGGGGGGGGGGGG--------------------
[2026-04-24 09:47:41,584][rfdiffusion.inference.utils][INFO] - Sampled motif RMSD: 0.13
[2026-04-24 09:47:41,738][rfdiffusion.inference.model_runners][INFO] - Timestep 5, input to next step: GGGGGGGGGGGGGGGGGGGG--------------------
[2026-04-24 09:47:44,331][rfdiffusion.inference.utils][INFO] - Sampled motif RMSD: 0.12
[2026-04-24 09:47:44,643][rfdiffusion.inference.model_runners][INFO] - Timestep 4, input to next step: GGGGGGGGGGGGGGGGGGGG--------------------
[2026-04-24 09:47:47,098][rfdiffusion.inference.utils][INFO] - Sampled motif RMSD: 0.11
[2026-04-24 09:47:47,214][rfdiffusion.inference.model_runners][INFO] - Timestep 3, input to next step: GGGGGGGGGGGGGGGGGGGG--------------------
[2026-04-24 09:47:48,925][rfdiffusion.inference.utils][INFO] - Sampled motif RMSD: 0.13
[2026-04-24 09:47:49,306][rfdiffusion.inference.model_runners][INFO] - Timestep 2, input to next step: GGGGGGGGGGGGGGGGGGGG--------------------
[2026-04-24 09:47:52,246][__main__][INFO] - Finished design in 2.50 minutes
