[2026-04-24 08:56:55,939][__main__][INFO] - Found GPU with device_name NVIDIA A100-SXM4-80GB. Will run RFdiffusion on NVIDIA A100-SXM4-80GB
Reading models from /lambda/nfs/manvi/Team_8_CS598GBL/RFdiffusion/rfdiffusion/inference/../../models
[2026-04-24 08:56:55,942][rfdiffusion.inference.model_runners][INFO] - Reading checkpoint from /lambda/nfs/manvi/Team_8_CS598GBL/RFdiffusion/rfdiffusion/inference/../../models/Base_ckpt.pt
This is inf_conf.ckpt_path
/lambda/nfs/manvi/Team_8_CS598GBL/RFdiffusion/rfdiffusion/inference/../../models/Base_ckpt.pt
Assembling -model, -diffuser and -preprocess configs from checkpoint
USING MODEL CONFIG: self._conf[model][n_extra_block] = 4
USING MODEL CONFIG: self._conf[model][n_main_block] = 32
USING MODEL CONFIG: self._conf[model][n_ref_block] = 4
USING MODEL CONFIG: self._conf[model][d_msa] = 256
USING MODEL CONFIG: self._conf[model][d_msa_full] = 64
USING MODEL CONFIG: self._conf[model][d_pair] = 128
USING MODEL CONFIG: self._conf[model][d_templ] = 64
USING MODEL CONFIG: self._conf[model][n_head_msa] = 8
USING MODEL CONFIG: self._conf[model][n_head_pair] = 4
USING MODEL CONFIG: self._conf[model][n_head_templ] = 4
USING MODEL CONFIG: self._conf[model][d_hidden] = 32
USING MODEL CONFIG: self._conf[model][d_hidden_templ] = 32
USING MODEL CONFIG: self._conf[model][p_drop] = 0.15
USING MODEL CONFIG: self._conf[model][SE3_param_full] = {'num_layers': 1, 'num_channels': 32, 'num_degrees': 2, 'n_heads': 4, 'div': 4, 'l0_in_features': 8, 'l0_out_features': 8, 'l1_in_features': 3, 'l1_out_features': 2, 'num_edge_features': 32}
USING MODEL CONFIG: self._conf[model][SE3_param_topk] = {'num_layers': 1, 'num_channels': 32, 'num_degrees': 2, 'n_heads': 4, 'div': 4, 'l0_in_features': 64, 'l0_out_features': 64, 'l1_in_features': 3, 'l1_out_features': 2, 'num_edge_features': 64}
USING MODEL CONFIG: self._conf[model][freeze_track_motif] = False
USING MODEL CONFIG: self._conf[model][use_motif_timestep] = True
USING MODEL CONFIG: self._conf[diffuser][T] = 50
USING MODEL CONFIG: self._conf[diffuser][b_0] = 0.01
USING MODEL CONFIG: self._conf[diffuser][b_T] = 0.07
USING MODEL CONFIG: self._conf[diffuser][schedule_type] = linear
USING MODEL CONFIG: self._conf[diffuser][so3_type] = igso3
USING MODEL CONFIG: self._conf[diffuser][crd_scale] = 0.25
USING MODEL CONFIG: self._conf[diffuser][so3_schedule_type] = linear
USING MODEL CONFIG: self._conf[diffuser][min_b] = 1.5
USING MODEL CONFIG: self._conf[diffuser][max_b] = 2.5
USING MODEL CONFIG: self._conf[diffuser][min_sigma] = 0.02
USING MODEL CONFIG: self._conf[diffuser][max_sigma] = 1.5
USING MODEL CONFIG: self._conf[preprocess][sidechain_input] = False
USING MODEL CONFIG: self._conf[preprocess][motif_sidechain_input] = True
USING MODEL CONFIG: self._conf[preprocess][d_t1d] = 22
USING MODEL CONFIG: self._conf[preprocess][d_t2d] = 44
USING MODEL CONFIG: self._conf[preprocess][prob_self_cond] = 0.5
USING MODEL CONFIG: self._conf[preprocess][str_self_cond] = True
USING MODEL CONFIG: self._conf[preprocess][predict_previous] = False
[2026-04-24 08:57:47,927][rfdiffusion.inference.model_runners][INFO] - Loading checkpoint.
[2026-04-24 08:58:01,684][rfdiffusion.diffusion][INFO] - Using cached IGSO3.
Successful diffuser __init__
[2026-04-24 08:58:01,730][__main__][INFO] - Making design /lambda/nfs/manvi/Team_8_CS598GBL/outputs/custom90_128_motif_scaffolding/fast_T20/len_112/nterm/scaffold_0
[2026-04-24 08:58:01,742][rfdiffusion.inference.model_runners][INFO] - Using contig: ['A1-24/22-37']
With this beta schedule (linear schedule, beta_0 = 0.04, beta_T = 0.28), alpha_bar_T = 0.00013696048699785024
[2026-04-24 08:58:01,961][rfdiffusion.inference.model_runners][INFO] - Sequence init: GGGGGGGGGGGGGGGGGGGGGGGG----------------------------------
[2026-04-24 08:58:07,116][rfdiffusion.inference.utils][INFO] - Sampled motif RMSD: 0.26
[2026-04-24 08:58:07,497][rfdiffusion.inference.model_runners][INFO] - Timestep 50, input to next step: GGGGGGGGGGGGGGGGGGGGGGGG----------------------------------
[2026-04-24 08:58:09,498][rfdiffusion.inference.utils][INFO] - Sampled motif RMSD: 0.27
[2026-04-24 08:58:09,641][rfdiffusion.inference.model_runners][INFO] - Timestep 49, input to next step: GGGGGGGGGGGGGGGGGGGGGGGG----------------------------------
[2026-04-24 08:58:12,280][rfdiffusion.inference.utils][INFO] - Sampled motif RMSD: 0.28
[2026-04-24 08:58:12,486][rfdiffusion.inference.model_runners][INFO] - Timestep 48, input to next step: GGGGGGGGGGGGGGGGGGGGGGGG----------------------------------
[2026-04-24 08:58:16,016][rfdiffusion.inference.utils][INFO] - Sampled motif RMSD: 0.29
[2026-04-24 08:58:16,281][rfdiffusion.inference.model_runners][INFO] - Timestep 47, input to next step: GGGGGGGGGGGGGGGGGGGGGGGG----------------------------------
[2026-04-24 08:58:19,558][rfdiffusion.inference.utils][INFO] - Sampled motif RMSD: 0.27
[2026-04-24 08:58:19,786][rfdiffusion.inference.model_runners][INFO] - Timestep 46, input to next step: GGGGGGGGGGGGGGGGGGGGGGGG----------------------------------
[2026-04-24 08:58:22,009][rfdiffusion.inference.utils][INFO] - Sampled motif RMSD: 0.27
[2026-04-24 08:58:22,351][rfdiffusion.inference.model_runners][INFO] - Timestep 45, input to next step: GGGGGGGGGGGGGGGGGGGGGGGG----------------------------------
[2026-04-24 08:58:26,028][rfdiffusion.inference.utils][INFO] - Sampled motif RMSD: 0.28
[2026-04-24 08:58:26,224][rfdiffusion.inference.model_runners][INFO] - Timestep 44, input to next step: GGGGGGGGGGGGGGGGGGGGGGGG----------------------------------
[2026-04-24 08:58:28,877][rfdiffusion.inference.utils][INFO] - Sampled motif RMSD: 0.30
[2026-04-24 08:58:29,300][rfdiffusion.inference.model_runners][INFO] - Timestep 43, input to next step: GGGGGGGGGGGGGGGGGGGGGGGG----------------------------------
[2026-04-24 08:58:32,055][rfdiffusion.inference.utils][INFO] - Sampled motif RMSD: 0.31
[2026-04-24 08:58:32,266][rfdiffusion.inference.model_runners][INFO] - Timestep 42, input to next step: GGGGGGGGGGGGGGGGGGGGGGGG----------------------------------
[2026-04-24 08:58:35,946][rfdiffusion.inference.utils][INFO] - Sampled motif RMSD: 0.29
[2026-04-24 08:58:36,089][rfdiffusion.inference.model_runners][INFO] - Timestep 41, input to next step: GGGGGGGGGGGGGGGGGGGGGGGG----------------------------------
[2026-04-24 08:58:39,227][rfdiffusion.inference.utils][INFO] - Sampled motif RMSD: 0.30
[2026-04-24 08:58:39,355][rfdiffusion.inference.model_runners][INFO] - Timestep 40, input to next step: GGGGGGGGGGGGGGGGGGGGGGGG----------------------------------
[2026-04-24 08:58:42,399][rfdiffusion.inference.utils][INFO] - Sampled motif RMSD: 0.31
[2026-04-24 08:58:42,667][rfdiffusion.inference.model_runners][INFO] - Timestep 39, input to next step: GGGGGGGGGGGGGGGGGGGGGGGG----------------------------------
[2026-04-24 08:58:45,396][rfdiffusion.inference.utils][INFO] - Sampled motif RMSD: 0.33
[2026-04-24 08:58:45,615][rfdiffusion.inference.model_runners][INFO] - Timestep 38, input to next step: GGGGGGGGGGGGGGGGGGGGGGGG----------------------------------
[2026-04-24 08:58:49,178][rfdiffusion.inference.utils][INFO] - Sampled motif RMSD: 0.33
[2026-04-24 08:58:49,399][rfdiffusion.inference.model_runners][INFO] - Timestep 37, input to next step: GGGGGGGGGGGGGGGGGGGGGGGG----------------------------------
[2026-04-24 08:58:52,668][rfdiffusion.inference.utils][INFO] - Sampled motif RMSD: 0.33
[2026-04-24 08:58:53,030][rfdiffusion.inference.model_runners][INFO] - Timestep 36, input to next step: GGGGGGGGGGGGGGGGGGGGGGGG----------------------------------
[2026-04-24 08:58:55,582][rfdiffusion.inference.utils][INFO] - Sampled motif RMSD: 0.34
[2026-04-24 08:58:55,890][rfdiffusion.inference.model_runners][INFO] - Timestep 35, input to next step: GGGGGGGGGGGGGGGGGGGGGGGG----------------------------------
[2026-04-24 08:58:59,337][rfdiffusion.inference.utils][INFO] - Sampled motif RMSD: 0.33
[2026-04-24 08:58:59,455][rfdiffusion.inference.model_runners][INFO] - Timestep 34, input to next step: GGGGGGGGGGGGGGGGGGGGGGGG----------------------------------
[2026-04-24 08:59:02,961][rfdiffusion.inference.utils][INFO] - Sampled motif RMSD: 0.32
[2026-04-24 08:59:03,172][rfdiffusion.inference.model_runners][INFO] - Timestep 33, input to next step: GGGGGGGGGGGGGGGGGGGGGGGG----------------------------------
[2026-04-24 08:59:06,016][rfdiffusion.inference.utils][INFO] - Sampled motif RMSD: 0.33
[2026-04-24 08:59:06,366][rfdiffusion.inference.model_runners][INFO] - Timestep 32, input to next step: GGGGGGGGGGGGGGGGGGGGGGGG----------------------------------
[2026-04-24 08:59:09,303][rfdiffusion.inference.utils][INFO] - Sampled motif RMSD: 0.33
[2026-04-24 08:59:09,552][rfdiffusion.inference.model_runners][INFO] - Timestep 31, input to next step: GGGGGGGGGGGGGGGGGGGGGGGG----------------------------------
[2026-04-24 08:59:14,198][rfdiffusion.inference.utils][INFO] - Sampled motif RMSD: 0.33
[2026-04-24 08:59:14,553][rfdiffusion.inference.model_runners][INFO] - Timestep 30, input to next step: GGGGGGGGGGGGGGGGGGGGGGGG----------------------------------
[2026-04-24 08:59:17,240][rfdiffusion.inference.utils][INFO] - Sampled motif RMSD: 0.34
[2026-04-24 08:59:17,531][rfdiffusion.inference.model_runners][INFO] - Timestep 29, input to next step: GGGGGGGGGGGGGGGGGGGGGGGG----------------------------------
[2026-04-24 08:59:21,177][rfdiffusion.inference.utils][INFO] - Sampled motif RMSD: 0.34
[2026-04-24 08:59:21,462][rfdiffusion.inference.model_runners][INFO] - Timestep 28, input to next step: GGGGGGGGGGGGGGGGGGGGGGGG----------------------------------
[2026-04-24 08:59:26,425][rfdiffusion.inference.utils][INFO] - Sampled motif RMSD: 0.34
[2026-04-24 08:59:26,863][rfdiffusion.inference.model_runners][INFO] - Timestep 27, input to next step: GGGGGGGGGGGGGGGGGGGGGGGG----------------------------------
[2026-04-24 08:59:29,645][rfdiffusion.inference.utils][INFO] - Sampled motif RMSD: 0.36
[2026-04-24 08:59:30,126][rfdiffusion.inference.model_runners][INFO] - Timestep 26, input to next step: GGGGGGGGGGGGGGGGGGGGGGGG----------------------------------
[2026-04-24 08:59:34,036][rfdiffusion.inference.utils][INFO] - Sampled motif RMSD: 0.37
[2026-04-24 08:59:34,394][rfdiffusion.inference.model_runners][INFO] - Timestep 25, input to next step: GGGGGGGGGGGGGGGGGGGGGGGG----------------------------------
[2026-04-24 08:59:37,340][rfdiffusion.inference.utils][INFO] - Sampled motif RMSD: 0.37
[2026-04-24 08:59:37,505][rfdiffusion.inference.model_runners][INFO] - Timestep 24, input to next step: GGGGGGGGGGGGGGGGGGGGGGGG----------------------------------
[2026-04-24 08:59:41,255][rfdiffusion.inference.utils][INFO] - Sampled motif RMSD: 0.36
[2026-04-24 08:59:41,486][rfdiffusion.inference.model_runners][INFO] - Timestep 23, input to next step: GGGGGGGGGGGGGGGGGGGGGGGG----------------------------------
[2026-04-24 08:59:45,226][rfdiffusion.inference.utils][INFO] - Sampled motif RMSD: 0.37
[2026-04-24 08:59:45,435][rfdiffusion.inference.model_runners][INFO] - Timestep 22, input to next step: GGGGGGGGGGGGGGGGGGGGGGGG----------------------------------
[2026-04-24 08:59:49,657][rfdiffusion.inference.utils][INFO] - Sampled motif RMSD: 0.38
[2026-04-24 08:59:49,942][rfdiffusion.inference.model_runners][INFO] - Timestep 21, input to next step: GGGGGGGGGGGGGGGGGGGGGGGG----------------------------------
[2026-04-24 08:59:53,795][rfdiffusion.inference.utils][INFO] - Sampled motif RMSD: 0.37
[2026-04-24 08:59:54,012][rfdiffusion.inference.model_runners][INFO] - Timestep 20, input to next step: GGGGGGGGGGGGGGGGGGGGGGGG----------------------------------
[2026-04-24 08:59:58,909][rfdiffusion.inference.utils][INFO] - Sampled motif RMSD: 0.37
[2026-04-24 08:59:59,346][rfdiffusion.inference.model_runners][INFO] - Timestep 19, input to next step: GGGGGGGGGGGGGGGGGGGGGGGG----------------------------------
[2026-04-24 09:00:03,645][rfdiffusion.inference.utils][INFO] - Sampled motif RMSD: 0.37
[2026-04-24 09:00:03,941][rfdiffusion.inference.model_runners][INFO] - Timestep 18, input to next step: GGGGGGGGGGGGGGGGGGGGGGGG----------------------------------
[2026-04-24 09:00:07,748][rfdiffusion.inference.utils][INFO] - Sampled motif RMSD: 0.36
[2026-04-24 09:00:08,113][rfdiffusion.inference.model_runners][INFO] - Timestep 17, input to next step: GGGGGGGGGGGGGGGGGGGGGGGG----------------------------------
[2026-04-24 09:00:12,110][rfdiffusion.inference.utils][INFO] - Sampled motif RMSD: 0.36
[2026-04-24 09:00:12,470][rfdiffusion.inference.model_runners][INFO] - Timestep 16, input to next step: GGGGGGGGGGGGGGGGGGGGGGGG----------------------------------
[2026-04-24 09:00:16,201][rfdiffusion.inference.utils][INFO] - Sampled motif RMSD: 0.36
[2026-04-24 09:00:16,584][rfdiffusion.inference.model_runners][INFO] - Timestep 15, input to next step: GGGGGGGGGGGGGGGGGGGGGGGG----------------------------------
[2026-04-24 09:00:20,896][rfdiffusion.inference.utils][INFO] - Sampled motif RMSD: 0.35
[2026-04-24 09:00:21,276][rfdiffusion.inference.model_runners][INFO] - Timestep 14, input to next step: GGGGGGGGGGGGGGGGGGGGGGGG----------------------------------
[2026-04-24 09:00:26,115][rfdiffusion.inference.utils][INFO] - Sampled motif RMSD: 0.36
[2026-04-24 09:00:26,588][rfdiffusion.inference.model_runners][INFO] - Timestep 13, input to next step: GGGGGGGGGGGGGGGGGGGGGGGG----------------------------------
[2026-04-24 09:00:31,803][rfdiffusion.inference.utils][INFO] - Sampled motif RMSD: 0.36
[2026-04-24 09:00:32,173][rfdiffusion.inference.model_runners][INFO] - Timestep 12, input to next step: GGGGGGGGGGGGGGGGGGGGGGGG----------------------------------
[2026-04-24 09:00:35,350][rfdiffusion.inference.utils][INFO] - Sampled motif RMSD: 0.39
[2026-04-24 09:00:35,550][rfdiffusion.inference.model_runners][INFO] - Timestep 11, input to next step: GGGGGGGGGGGGGGGGGGGGGGGG----------------------------------
[2026-04-24 09:00:40,649][rfdiffusion.inference.utils][INFO] - Sampled motif RMSD: 0.38
[2026-04-24 09:00:40,978][rfdiffusion.inference.model_runners][INFO] - Timestep 10, input to next step: GGGGGGGGGGGGGGGGGGGGGGGG----------------------------------
[2026-04-24 09:00:45,147][rfdiffusion.inference.utils][INFO] - Sampled motif RMSD: 0.38
[2026-04-24 09:00:45,496][rfdiffusion.inference.model_runners][INFO] - Timestep 9, input to next step: GGGGGGGGGGGGGGGGGGGGGGGG----------------------------------
[2026-04-24 09:00:49,894][rfdiffusion.inference.utils][INFO] - Sampled motif RMSD: 0.36
[2026-04-24 09:00:50,237][rfdiffusion.inference.model_runners][INFO] - Timestep 8, input to next step: GGGGGGGGGGGGGGGGGGGGGGGG----------------------------------
[2026-04-24 09:00:53,970][rfdiffusion.inference.utils][INFO] - Sampled motif RMSD: 0.35
[2026-04-24 09:00:54,206][rfdiffusion.inference.model_runners][INFO] - Timestep 7, input to next step: GGGGGGGGGGGGGGGGGGGGGGGG----------------------------------
[2026-04-24 09:00:58,843][rfdiffusion.inference.utils][INFO] - Sampled motif RMSD: 0.36
[2026-04-24 09:00:59,133][rfdiffusion.inference.model_runners][INFO] - Timestep 6, input to next step: GGGGGGGGGGGGGGGGGGGGGGGG----------------------------------
[2026-04-24 09:01:02,911][rfdiffusion.inference.utils][INFO] - Sampled motif RMSD: 0.36
[2026-04-24 09:01:03,115][rfdiffusion.inference.model_runners][INFO] - Timestep 5, input to next step: GGGGGGGGGGGGGGGGGGGGGGGG----------------------------------
[2026-04-24 09:01:07,845][rfdiffusion.inference.utils][INFO] - Sampled motif RMSD: 0.38
[2026-04-24 09:01:08,227][rfdiffusion.inference.model_runners][INFO] - Timestep 4, input to next step: GGGGGGGGGGGGGGGGGGGGGGGG----------------------------------
[2026-04-24 09:01:13,472][rfdiffusion.inference.utils][INFO] - Sampled motif RMSD: 0.38
[2026-04-24 09:01:13,711][rfdiffusion.inference.model_runners][INFO] - Timestep 3, input to next step: GGGGGGGGGGGGGGGGGGGGGGGG----------------------------------
[2026-04-24 09:01:18,274][rfdiffusion.inference.utils][INFO] - Sampled motif RMSD: 0.38
[2026-04-24 09:01:18,562][rfdiffusion.inference.model_runners][INFO] - Timestep 2, input to next step: GGGGGGGGGGGGGGGGGGGGGGGG----------------------------------
[2026-04-24 09:01:23,920][__main__][INFO] - Finished design in 3.37 minutes
