[2026-04-24 09:35:43,766][__main__][INFO] - Found GPU with device_name NVIDIA A100-SXM4-80GB. Will run RFdiffusion on NVIDIA A100-SXM4-80GB
Reading models from /lambda/nfs/manvi/Team_8_CS598GBL/RFdiffusion/rfdiffusion/inference/../../models
[2026-04-24 09:35:43,767][rfdiffusion.inference.model_runners][INFO] - Reading checkpoint from /lambda/nfs/manvi/Team_8_CS598GBL/RFdiffusion/rfdiffusion/inference/../../models/Base_ckpt.pt
This is inf_conf.ckpt_path
/lambda/nfs/manvi/Team_8_CS598GBL/RFdiffusion/rfdiffusion/inference/../../models/Base_ckpt.pt
Assembling -model, -diffuser and -preprocess configs from checkpoint
USING MODEL CONFIG: self._conf[model][n_extra_block] = 4
USING MODEL CONFIG: self._conf[model][n_main_block] = 32
USING MODEL CONFIG: self._conf[model][n_ref_block] = 4
USING MODEL CONFIG: self._conf[model][d_msa] = 256
USING MODEL CONFIG: self._conf[model][d_msa_full] = 64
USING MODEL CONFIG: self._conf[model][d_pair] = 128
USING MODEL CONFIG: self._conf[model][d_templ] = 64
USING MODEL CONFIG: self._conf[model][n_head_msa] = 8
USING MODEL CONFIG: self._conf[model][n_head_pair] = 4
USING MODEL CONFIG: self._conf[model][n_head_templ] = 4
USING MODEL CONFIG: self._conf[model][d_hidden] = 32
USING MODEL CONFIG: self._conf[model][d_hidden_templ] = 32
USING MODEL CONFIG: self._conf[model][p_drop] = 0.15
USING MODEL CONFIG: self._conf[model][SE3_param_full] = {'num_layers': 1, 'num_channels': 32, 'num_degrees': 2, 'n_heads': 4, 'div': 4, 'l0_in_features': 8, 'l0_out_features': 8, 'l1_in_features': 3, 'l1_out_features': 2, 'num_edge_features': 32}
USING MODEL CONFIG: self._conf[model][SE3_param_topk] = {'num_layers': 1, 'num_channels': 32, 'num_degrees': 2, 'n_heads': 4, 'div': 4, 'l0_in_features': 64, 'l0_out_features': 64, 'l1_in_features': 3, 'l1_out_features': 2, 'num_edge_features': 64}
USING MODEL CONFIG: self._conf[model][freeze_track_motif] = False
USING MODEL CONFIG: self._conf[model][use_motif_timestep] = True
USING MODEL CONFIG: self._conf[diffuser][T] = 50
USING MODEL CONFIG: self._conf[diffuser][b_0] = 0.01
USING MODEL CONFIG: self._conf[diffuser][b_T] = 0.07
USING MODEL CONFIG: self._conf[diffuser][schedule_type] = linear
USING MODEL CONFIG: self._conf[diffuser][so3_type] = igso3
USING MODEL CONFIG: self._conf[diffuser][crd_scale] = 0.25
USING MODEL CONFIG: self._conf[diffuser][so3_schedule_type] = linear
USING MODEL CONFIG: self._conf[diffuser][min_b] = 1.5
USING MODEL CONFIG: self._conf[diffuser][max_b] = 2.5
USING MODEL CONFIG: self._conf[diffuser][min_sigma] = 0.02
USING MODEL CONFIG: self._conf[diffuser][max_sigma] = 1.5
USING MODEL CONFIG: self._conf[preprocess][sidechain_input] = False
USING MODEL CONFIG: self._conf[preprocess][motif_sidechain_input] = True
USING MODEL CONFIG: self._conf[preprocess][d_t1d] = 22
USING MODEL CONFIG: self._conf[preprocess][d_t2d] = 44
USING MODEL CONFIG: self._conf[preprocess][prob_self_cond] = 0.5
USING MODEL CONFIG: self._conf[preprocess][str_self_cond] = True
USING MODEL CONFIG: self._conf[preprocess][predict_previous] = False
[2026-04-24 09:36:23,308][rfdiffusion.inference.model_runners][INFO] - Loading checkpoint.
[2026-04-24 09:36:29,940][rfdiffusion.diffusion][INFO] - Using cached IGSO3.
Successful diffuser __init__
[2026-04-24 09:36:29,971][__main__][INFO] - Making design /lambda/nfs/manvi/Team_8_CS598GBL/outputs/custom90_128_motif_scaffolding/low_noise/len_092/mid/scaffold_0
[2026-04-24 09:36:29,978][rfdiffusion.inference.model_runners][INFO] - Using contig: ['18-30/A32-59/18-30']
With this beta schedule (linear schedule, beta_0 = 0.04, beta_T = 0.28), alpha_bar_T = 0.00013696048699785024
[2026-04-24 09:36:30,078][rfdiffusion.inference.model_runners][INFO] - Sequence init: ------------------GGGGGGGGGGGGGGGGGGGGGGGGGGGG-------------------------
[2026-04-24 09:36:34,529][rfdiffusion.inference.utils][INFO] - Sampled motif RMSD: 0.22
[2026-04-24 09:36:34,576][rfdiffusion.inference.model_runners][INFO] - Timestep 50, input to next step: ------------------GGGGGGGGGGGGGGGGGGGGGGGGGGGG-------------------------
[2026-04-24 09:36:37,565][rfdiffusion.inference.utils][INFO] - Sampled motif RMSD: 0.16
[2026-04-24 09:36:37,815][rfdiffusion.inference.model_runners][INFO] - Timestep 49, input to next step: ------------------GGGGGGGGGGGGGGGGGGGGGGGGGGGG-------------------------
[2026-04-24 09:36:40,187][rfdiffusion.inference.utils][INFO] - Sampled motif RMSD: 0.16
[2026-04-24 09:36:40,352][rfdiffusion.inference.model_runners][INFO] - Timestep 48, input to next step: ------------------GGGGGGGGGGGGGGGGGGGGGGGGGGGG-------------------------
[2026-04-24 09:36:42,575][rfdiffusion.inference.utils][INFO] - Sampled motif RMSD: 0.17
[2026-04-24 09:36:42,793][rfdiffusion.inference.model_runners][INFO] - Timestep 47, input to next step: ------------------GGGGGGGGGGGGGGGGGGGGGGGGGGGG-------------------------
[2026-04-24 09:36:45,999][rfdiffusion.inference.utils][INFO] - Sampled motif RMSD: 0.15
[2026-04-24 09:36:46,107][rfdiffusion.inference.model_runners][INFO] - Timestep 46, input to next step: ------------------GGGGGGGGGGGGGGGGGGGGGGGGGGGG-------------------------
[2026-04-24 09:36:49,286][rfdiffusion.inference.utils][INFO] - Sampled motif RMSD: 0.15
[2026-04-24 09:36:49,532][rfdiffusion.inference.model_runners][INFO] - Timestep 45, input to next step: ------------------GGGGGGGGGGGGGGGGGGGGGGGGGGGG-------------------------
[2026-04-24 09:36:53,358][rfdiffusion.inference.utils][INFO] - Sampled motif RMSD: 0.16
[2026-04-24 09:36:53,474][rfdiffusion.inference.model_runners][INFO] - Timestep 44, input to next step: ------------------GGGGGGGGGGGGGGGGGGGGGGGGGGGG-------------------------
[2026-04-24 09:36:56,841][rfdiffusion.inference.utils][INFO] - Sampled motif RMSD: 0.15
[2026-04-24 09:36:57,101][rfdiffusion.inference.model_runners][INFO] - Timestep 43, input to next step: ------------------GGGGGGGGGGGGGGGGGGGGGGGGGGGG-------------------------
[2026-04-24 09:37:00,102][rfdiffusion.inference.utils][INFO] - Sampled motif RMSD: 0.15
[2026-04-24 09:37:00,289][rfdiffusion.inference.model_runners][INFO] - Timestep 42, input to next step: ------------------GGGGGGGGGGGGGGGGGGGGGGGGGGGG-------------------------
[2026-04-24 09:37:04,177][rfdiffusion.inference.utils][INFO] - Sampled motif RMSD: 0.15
[2026-04-24 09:37:04,414][rfdiffusion.inference.model_runners][INFO] - Timestep 41, input to next step: ------------------GGGGGGGGGGGGGGGGGGGGGGGGGGGG-------------------------
[2026-04-24 09:37:07,501][rfdiffusion.inference.utils][INFO] - Sampled motif RMSD: 0.14
[2026-04-24 09:37:07,861][rfdiffusion.inference.model_runners][INFO] - Timestep 40, input to next step: ------------------GGGGGGGGGGGGGGGGGGGGGGGGGGGG-------------------------
[2026-04-24 09:37:12,157][rfdiffusion.inference.utils][INFO] - Sampled motif RMSD: 0.14
[2026-04-24 09:37:12,537][rfdiffusion.inference.model_runners][INFO] - Timestep 39, input to next step: ------------------GGGGGGGGGGGGGGGGGGGGGGGGGGGG-------------------------
[2026-04-24 09:37:15,594][rfdiffusion.inference.utils][INFO] - Sampled motif RMSD: 0.14
[2026-04-24 09:37:16,010][rfdiffusion.inference.model_runners][INFO] - Timestep 38, input to next step: ------------------GGGGGGGGGGGGGGGGGGGGGGGGGGGG-------------------------
[2026-04-24 09:37:20,077][rfdiffusion.inference.utils][INFO] - Sampled motif RMSD: 0.13
[2026-04-24 09:37:20,260][rfdiffusion.inference.model_runners][INFO] - Timestep 37, input to next step: ------------------GGGGGGGGGGGGGGGGGGGGGGGGGGGG-------------------------
[2026-04-24 09:37:23,291][rfdiffusion.inference.utils][INFO] - Sampled motif RMSD: 0.13
[2026-04-24 09:37:23,565][rfdiffusion.inference.model_runners][INFO] - Timestep 36, input to next step: ------------------GGGGGGGGGGGGGGGGGGGGGGGGGGGG-------------------------
[2026-04-24 09:37:26,338][rfdiffusion.inference.utils][INFO] - Sampled motif RMSD: 0.12
[2026-04-24 09:37:26,451][rfdiffusion.inference.model_runners][INFO] - Timestep 35, input to next step: ------------------GGGGGGGGGGGGGGGGGGGGGGGGGGGG-------------------------
[2026-04-24 09:37:31,754][rfdiffusion.inference.utils][INFO] - Sampled motif RMSD: 0.11
[2026-04-24 09:37:32,144][rfdiffusion.inference.model_runners][INFO] - Timestep 34, input to next step: ------------------GGGGGGGGGGGGGGGGGGGGGGGGGGGG-------------------------
[2026-04-24 09:37:37,764][rfdiffusion.inference.utils][INFO] - Sampled motif RMSD: 0.12
[2026-04-24 09:37:38,016][rfdiffusion.inference.model_runners][INFO] - Timestep 33, input to next step: ------------------GGGGGGGGGGGGGGGGGGGGGGGGGGGG-------------------------
[2026-04-24 09:37:39,851][rfdiffusion.inference.utils][INFO] - Sampled motif RMSD: 0.12
[2026-04-24 09:37:40,311][rfdiffusion.inference.model_runners][INFO] - Timestep 32, input to next step: ------------------GGGGGGGGGGGGGGGGGGGGGGGGGGGG-------------------------
[2026-04-24 09:37:45,093][rfdiffusion.inference.utils][INFO] - Sampled motif RMSD: 0.11
[2026-04-24 09:37:45,363][rfdiffusion.inference.model_runners][INFO] - Timestep 31, input to next step: ------------------GGGGGGGGGGGGGGGGGGGGGGGGGGGG-------------------------
[2026-04-24 09:37:48,465][rfdiffusion.inference.utils][INFO] - Sampled motif RMSD: 0.11
[2026-04-24 09:37:48,679][rfdiffusion.inference.model_runners][INFO] - Timestep 30, input to next step: ------------------GGGGGGGGGGGGGGGGGGGGGGGGGGGG-------------------------
[2026-04-24 09:37:52,063][rfdiffusion.inference.utils][INFO] - Sampled motif RMSD: 0.11
[2026-04-24 09:37:52,403][rfdiffusion.inference.model_runners][INFO] - Timestep 29, input to next step: ------------------GGGGGGGGGGGGGGGGGGGGGGGGGGGG-------------------------
[2026-04-24 09:37:56,314][rfdiffusion.inference.utils][INFO] - Sampled motif RMSD: 0.10
[2026-04-24 09:37:56,605][rfdiffusion.inference.model_runners][INFO] - Timestep 28, input to next step: ------------------GGGGGGGGGGGGGGGGGGGGGGGGGGGG-------------------------
[2026-04-24 09:38:00,184][rfdiffusion.inference.utils][INFO] - Sampled motif RMSD: 0.11
[2026-04-24 09:38:00,515][rfdiffusion.inference.model_runners][INFO] - Timestep 27, input to next step: ------------------GGGGGGGGGGGGGGGGGGGGGGGGGGGG-------------------------
[2026-04-24 09:38:04,217][rfdiffusion.inference.utils][INFO] - Sampled motif RMSD: 0.11
[2026-04-24 09:38:04,407][rfdiffusion.inference.model_runners][INFO] - Timestep 26, input to next step: ------------------GGGGGGGGGGGGGGGGGGGGGGGGGGGG-------------------------
[2026-04-24 09:38:07,877][rfdiffusion.inference.utils][INFO] - Sampled motif RMSD: 0.11
[2026-04-24 09:38:08,063][rfdiffusion.inference.model_runners][INFO] - Timestep 25, input to next step: ------------------GGGGGGGGGGGGGGGGGGGGGGGGGGGG-------------------------
[2026-04-24 09:38:11,893][rfdiffusion.inference.utils][INFO] - Sampled motif RMSD: 0.10
[2026-04-24 09:38:12,074][rfdiffusion.inference.model_runners][INFO] - Timestep 24, input to next step: ------------------GGGGGGGGGGGGGGGGGGGGGGGGGGGG-------------------------
[2026-04-24 09:38:15,946][rfdiffusion.inference.utils][INFO] - Sampled motif RMSD: 0.11
[2026-04-24 09:38:16,145][rfdiffusion.inference.model_runners][INFO] - Timestep 23, input to next step: ------------------GGGGGGGGGGGGGGGGGGGGGGGGGGGG-------------------------
[2026-04-24 09:38:19,828][rfdiffusion.inference.utils][INFO] - Sampled motif RMSD: 0.12
[2026-04-24 09:38:20,147][rfdiffusion.inference.model_runners][INFO] - Timestep 22, input to next step: ------------------GGGGGGGGGGGGGGGGGGGGGGGGGGGG-------------------------
[2026-04-24 09:38:24,942][rfdiffusion.inference.utils][INFO] - Sampled motif RMSD: 0.12
[2026-04-24 09:38:25,213][rfdiffusion.inference.model_runners][INFO] - Timestep 21, input to next step: ------------------GGGGGGGGGGGGGGGGGGGGGGGGGGGG-------------------------
[2026-04-24 09:38:29,257][rfdiffusion.inference.utils][INFO] - Sampled motif RMSD: 0.12
[2026-04-24 09:38:29,627][rfdiffusion.inference.model_runners][INFO] - Timestep 20, input to next step: ------------------GGGGGGGGGGGGGGGGGGGGGGGGGGGG-------------------------
[2026-04-24 09:38:33,559][rfdiffusion.inference.utils][INFO] - Sampled motif RMSD: 0.13
[2026-04-24 09:38:33,739][rfdiffusion.inference.model_runners][INFO] - Timestep 19, input to next step: ------------------GGGGGGGGGGGGGGGGGGGGGGGGGGGG-------------------------
[2026-04-24 09:38:37,435][rfdiffusion.inference.utils][INFO] - Sampled motif RMSD: 0.13
[2026-04-24 09:38:37,695][rfdiffusion.inference.model_runners][INFO] - Timestep 18, input to next step: ------------------GGGGGGGGGGGGGGGGGGGGGGGGGGGG-------------------------
[2026-04-24 09:38:42,154][rfdiffusion.inference.utils][INFO] - Sampled motif RMSD: 0.13
[2026-04-24 09:38:42,492][rfdiffusion.inference.model_runners][INFO] - Timestep 17, input to next step: ------------------GGGGGGGGGGGGGGGGGGGGGGGGGGGG-------------------------
[2026-04-24 09:38:46,242][rfdiffusion.inference.utils][INFO] - Sampled motif RMSD: 0.12
[2026-04-24 09:38:46,455][rfdiffusion.inference.model_runners][INFO] - Timestep 16, input to next step: ------------------GGGGGGGGGGGGGGGGGGGGGGGGGGGG-------------------------
[2026-04-24 09:38:50,097][rfdiffusion.inference.utils][INFO] - Sampled motif RMSD: 0.11
[2026-04-24 09:38:50,300][rfdiffusion.inference.model_runners][INFO] - Timestep 15, input to next step: ------------------GGGGGGGGGGGGGGGGGGGGGGGGGGGG-------------------------
[2026-04-24 09:38:53,524][rfdiffusion.inference.utils][INFO] - Sampled motif RMSD: 0.11
[2026-04-24 09:38:53,666][rfdiffusion.inference.model_runners][INFO] - Timestep 14, input to next step: ------------------GGGGGGGGGGGGGGGGGGGGGGGGGGGG-------------------------
[2026-04-24 09:38:57,190][rfdiffusion.inference.utils][INFO] - Sampled motif RMSD: 0.10
[2026-04-24 09:38:57,348][rfdiffusion.inference.model_runners][INFO] - Timestep 13, input to next step: ------------------GGGGGGGGGGGGGGGGGGGGGGGGGGGG-------------------------
[2026-04-24 09:39:01,374][rfdiffusion.inference.utils][INFO] - Sampled motif RMSD: 0.10
[2026-04-24 09:39:01,454][rfdiffusion.inference.model_runners][INFO] - Timestep 12, input to next step: ------------------GGGGGGGGGGGGGGGGGGGGGGGGGGGG-------------------------
[2026-04-24 09:39:05,428][rfdiffusion.inference.utils][INFO] - Sampled motif RMSD: 0.10
[2026-04-24 09:39:05,820][rfdiffusion.inference.model_runners][INFO] - Timestep 11, input to next step: ------------------GGGGGGGGGGGGGGGGGGGGGGGGGGGG-------------------------
[2026-04-24 09:39:08,952][rfdiffusion.inference.utils][INFO] - Sampled motif RMSD: 0.10
[2026-04-24 09:39:09,247][rfdiffusion.inference.model_runners][INFO] - Timestep 10, input to next step: ------------------GGGGGGGGGGGGGGGGGGGGGGGGGGGG-------------------------
[2026-04-24 09:39:12,736][rfdiffusion.inference.utils][INFO] - Sampled motif RMSD: 0.10
[2026-04-24 09:39:13,038][rfdiffusion.inference.model_runners][INFO] - Timestep 9, input to next step: ------------------GGGGGGGGGGGGGGGGGGGGGGGGGGGG-------------------------
[2026-04-24 09:39:16,002][rfdiffusion.inference.utils][INFO] - Sampled motif RMSD: 0.10
[2026-04-24 09:39:16,366][rfdiffusion.inference.model_runners][INFO] - Timestep 8, input to next step: ------------------GGGGGGGGGGGGGGGGGGGGGGGGGGGG-------------------------
[2026-04-24 09:39:20,100][rfdiffusion.inference.utils][INFO] - Sampled motif RMSD: 0.10
[2026-04-24 09:39:20,328][rfdiffusion.inference.model_runners][INFO] - Timestep 7, input to next step: ------------------GGGGGGGGGGGGGGGGGGGGGGGGGGGG-------------------------
[2026-04-24 09:39:23,246][rfdiffusion.inference.utils][INFO] - Sampled motif RMSD: 0.11
[2026-04-24 09:39:23,491][rfdiffusion.inference.model_runners][INFO] - Timestep 6, input to next step: ------------------GGGGGGGGGGGGGGGGGGGGGGGGGGGG-------------------------
[2026-04-24 09:39:26,583][rfdiffusion.inference.utils][INFO] - Sampled motif RMSD: 0.11
[2026-04-24 09:39:26,983][rfdiffusion.inference.model_runners][INFO] - Timestep 5, input to next step: ------------------GGGGGGGGGGGGGGGGGGGGGGGGGGGG-------------------------
[2026-04-24 09:39:29,439][rfdiffusion.inference.utils][INFO] - Sampled motif RMSD: 0.10
[2026-04-24 09:39:29,720][rfdiffusion.inference.model_runners][INFO] - Timestep 4, input to next step: ------------------GGGGGGGGGGGGGGGGGGGGGGGGGGGG-------------------------
[2026-04-24 09:39:32,641][rfdiffusion.inference.utils][INFO] - Sampled motif RMSD: 0.11
[2026-04-24 09:39:33,075][rfdiffusion.inference.model_runners][INFO] - Timestep 3, input to next step: ------------------GGGGGGGGGGGGGGGGGGGGGGGGGGGG-------------------------
[2026-04-24 09:39:36,123][rfdiffusion.inference.utils][INFO] - Sampled motif RMSD: 0.10
[2026-04-24 09:39:36,483][rfdiffusion.inference.model_runners][INFO] - Timestep 2, input to next step: ------------------GGGGGGGGGGGGGGGGGGGGGGGGGGGG-------------------------
[2026-04-24 09:39:43,249][__main__][INFO] - Finished design in 3.22 minutes
[2026-04-24 09:39:43,249][__main__][INFO] - Making design /lambda/nfs/manvi/Team_8_CS598GBL/outputs/custom90_128_motif_scaffolding/low_noise/len_092/mid/scaffold_1
[2026-04-24 09:39:43,256][rfdiffusion.inference.model_runners][INFO] - Using contig: ['18-30/A32-59/18-30']
With this beta schedule (linear schedule, beta_0 = 0.04, beta_T = 0.28), alpha_bar_T = 0.00013696048699785024
[2026-04-24 09:39:43,674][rfdiffusion.inference.model_runners][INFO] - Sequence init: ----------------------------GGGGGGGGGGGGGGGGGGGGGGGGGGGG------------------------
[2026-04-24 09:39:48,023][rfdiffusion.inference.utils][INFO] - Sampled motif RMSD: 0.20
[2026-04-24 09:39:48,197][rfdiffusion.inference.model_runners][INFO] - Timestep 50, input to next step: ----------------------------GGGGGGGGGGGGGGGGGGGGGGGGGGGG------------------------
[2026-04-24 09:39:52,537][rfdiffusion.inference.utils][INFO] - Sampled motif RMSD: 0.14
[2026-04-24 09:39:52,613][rfdiffusion.inference.model_runners][INFO] - Timestep 49, input to next step: ----------------------------GGGGGGGGGGGGGGGGGGGGGGGGGGGG------------------------
[2026-04-24 09:39:56,748][rfdiffusion.inference.utils][INFO] - Sampled motif RMSD: 0.14
[2026-04-24 09:39:56,919][rfdiffusion.inference.model_runners][INFO] - Timestep 48, input to next step: ----------------------------GGGGGGGGGGGGGGGGGGGGGGGGGGGG------------------------
[2026-04-24 09:40:00,614][rfdiffusion.inference.utils][INFO] - Sampled motif RMSD: 0.13
[2026-04-24 09:40:00,829][rfdiffusion.inference.model_runners][INFO] - Timestep 47, input to next step: ----------------------------GGGGGGGGGGGGGGGGGGGGGGGGGGGG------------------------
[2026-04-24 09:40:04,165][rfdiffusion.inference.utils][INFO] - Sampled motif RMSD: 0.13
[2026-04-24 09:40:04,379][rfdiffusion.inference.model_runners][INFO] - Timestep 46, input to next step: ----------------------------GGGGGGGGGGGGGGGGGGGGGGGGGGGG------------------------
[2026-04-24 09:40:08,299][rfdiffusion.inference.utils][INFO] - Sampled motif RMSD: 0.13
[2026-04-24 09:40:08,488][rfdiffusion.inference.model_runners][INFO] - Timestep 45, input to next step: ----------------------------GGGGGGGGGGGGGGGGGGGGGGGGGGGG------------------------
[2026-04-24 09:40:10,713][rfdiffusion.inference.utils][INFO] - Sampled motif RMSD: 0.13
[2026-04-24 09:40:10,968][rfdiffusion.inference.model_runners][INFO] - Timestep 44, input to next step: ----------------------------GGGGGGGGGGGGGGGGGGGGGGGGGGGG------------------------
[2026-04-24 09:40:14,212][rfdiffusion.inference.utils][INFO] - Sampled motif RMSD: 0.12
[2026-04-24 09:40:14,540][rfdiffusion.inference.model_runners][INFO] - Timestep 43, input to next step: ----------------------------GGGGGGGGGGGGGGGGGGGGGGGGGGGG------------------------
[2026-04-24 09:40:18,509][rfdiffusion.inference.utils][INFO] - Sampled motif RMSD: 0.15
[2026-04-24 09:40:18,934][rfdiffusion.inference.model_runners][INFO] - Timestep 42, input to next step: ----------------------------GGGGGGGGGGGGGGGGGGGGGGGGGGGG------------------------
[2026-04-24 09:40:21,880][rfdiffusion.inference.utils][INFO] - Sampled motif RMSD: 0.15
[2026-04-24 09:40:22,240][rfdiffusion.inference.model_runners][INFO] - Timestep 41, input to next step: ----------------------------GGGGGGGGGGGGGGGGGGGGGGGGGGGG------------------------
[2026-04-24 09:40:25,496][rfdiffusion.inference.utils][INFO] - Sampled motif RMSD: 0.15
[2026-04-24 09:40:25,736][rfdiffusion.inference.model_runners][INFO] - Timestep 40, input to next step: ----------------------------GGGGGGGGGGGGGGGGGGGGGGGGGGGG------------------------
[2026-04-24 09:40:29,045][rfdiffusion.inference.utils][INFO] - Sampled motif RMSD: 0.15
[2026-04-24 09:40:29,203][rfdiffusion.inference.model_runners][INFO] - Timestep 39, input to next step: ----------------------------GGGGGGGGGGGGGGGGGGGGGGGGGGGG------------------------
[2026-04-24 09:40:32,574][rfdiffusion.inference.utils][INFO] - Sampled motif RMSD: 0.15
[2026-04-24 09:40:32,871][rfdiffusion.inference.model_runners][INFO] - Timestep 38, input to next step: ----------------------------GGGGGGGGGGGGGGGGGGGGGGGGGGGG------------------------
[2026-04-24 09:40:35,035][rfdiffusion.inference.utils][INFO] - Sampled motif RMSD: 0.14
[2026-04-24 09:40:35,436][rfdiffusion.inference.model_runners][INFO] - Timestep 37, input to next step: ----------------------------GGGGGGGGGGGGGGGGGGGGGGGGGGGG------------------------
[2026-04-24 09:40:38,719][rfdiffusion.inference.utils][INFO] - Sampled motif RMSD: 0.14
[2026-04-24 09:40:39,119][rfdiffusion.inference.model_runners][INFO] - Timestep 36, input to next step: ----------------------------GGGGGGGGGGGGGGGGGGGGGGGGGGGG------------------------
[2026-04-24 09:40:42,289][rfdiffusion.inference.utils][INFO] - Sampled motif RMSD: 0.14
[2026-04-24 09:40:42,748][rfdiffusion.inference.model_runners][INFO] - Timestep 35, input to next step: ----------------------------GGGGGGGGGGGGGGGGGGGGGGGGGGGG------------------------
[2026-04-24 09:40:47,170][rfdiffusion.inference.utils][INFO] - Sampled motif RMSD: 0.14
[2026-04-24 09:40:47,398][rfdiffusion.inference.model_runners][INFO] - Timestep 34, input to next step: ----------------------------GGGGGGGGGGGGGGGGGGGGGGGGGGGG------------------------
[2026-04-24 09:40:51,448][rfdiffusion.inference.utils][INFO] - Sampled motif RMSD: 0.14
[2026-04-24 09:40:51,881][rfdiffusion.inference.model_runners][INFO] - Timestep 33, input to next step: ----------------------------GGGGGGGGGGGGGGGGGGGGGGGGGGGG------------------------
[2026-04-24 09:40:54,709][rfdiffusion.inference.utils][INFO] - Sampled motif RMSD: 0.13
[2026-04-24 09:40:54,924][rfdiffusion.inference.model_runners][INFO] - Timestep 32, input to next step: ----------------------------GGGGGGGGGGGGGGGGGGGGGGGGGGGG------------------------
[2026-04-24 09:40:59,264][rfdiffusion.inference.utils][INFO] - Sampled motif RMSD: 0.13
[2026-04-24 09:40:59,649][rfdiffusion.inference.model_runners][INFO] - Timestep 31, input to next step: ----------------------------GGGGGGGGGGGGGGGGGGGGGGGGGGGG------------------------
[2026-04-24 09:41:03,076][rfdiffusion.inference.utils][INFO] - Sampled motif RMSD: 0.13
[2026-04-24 09:41:03,349][rfdiffusion.inference.model_runners][INFO] - Timestep 30, input to next step: ----------------------------GGGGGGGGGGGGGGGGGGGGGGGGGGGG------------------------
[2026-04-24 09:41:06,523][rfdiffusion.inference.utils][INFO] - Sampled motif RMSD: 0.15
[2026-04-24 09:41:06,790][rfdiffusion.inference.model_runners][INFO] - Timestep 29, input to next step: ----------------------------GGGGGGGGGGGGGGGGGGGGGGGGGGGG------------------------
[2026-04-24 09:41:11,238][rfdiffusion.inference.utils][INFO] - Sampled motif RMSD: 0.15
[2026-04-24 09:41:11,532][rfdiffusion.inference.model_runners][INFO] - Timestep 28, input to next step: ----------------------------GGGGGGGGGGGGGGGGGGGGGGGGGGGG------------------------
[2026-04-24 09:41:14,865][rfdiffusion.inference.utils][INFO] - Sampled motif RMSD: 0.14
[2026-04-24 09:41:15,097][rfdiffusion.inference.model_runners][INFO] - Timestep 27, input to next step: ----------------------------GGGGGGGGGGGGGGGGGGGGGGGGGGGG------------------------
[2026-04-24 09:41:18,436][rfdiffusion.inference.utils][INFO] - Sampled motif RMSD: 0.12
[2026-04-24 09:41:18,671][rfdiffusion.inference.model_runners][INFO] - Timestep 26, input to next step: ----------------------------GGGGGGGGGGGGGGGGGGGGGGGGGGGG------------------------
[2026-04-24 09:41:23,274][rfdiffusion.inference.utils][INFO] - Sampled motif RMSD: 0.13
[2026-04-24 09:41:23,415][rfdiffusion.inference.model_runners][INFO] - Timestep 25, input to next step: ----------------------------GGGGGGGGGGGGGGGGGGGGGGGGGGGG------------------------
[2026-04-24 09:41:27,398][rfdiffusion.inference.utils][INFO] - Sampled motif RMSD: 0.12
[2026-04-24 09:41:27,596][rfdiffusion.inference.model_runners][INFO] - Timestep 24, input to next step: ----------------------------GGGGGGGGGGGGGGGGGGGGGGGGGGGG------------------------
[2026-04-24 09:41:31,431][rfdiffusion.inference.utils][INFO] - Sampled motif RMSD: 0.11
[2026-04-24 09:41:31,563][rfdiffusion.inference.model_runners][INFO] - Timestep 23, input to next step: ----------------------------GGGGGGGGGGGGGGGGGGGGGGGGGGGG------------------------
[2026-04-24 09:41:35,231][rfdiffusion.inference.utils][INFO] - Sampled motif RMSD: 0.10
[2026-04-24 09:41:35,489][rfdiffusion.inference.model_runners][INFO] - Timestep 22, input to next step: ----------------------------GGGGGGGGGGGGGGGGGGGGGGGGGGGG------------------------
[2026-04-24 09:41:39,500][rfdiffusion.inference.utils][INFO] - Sampled motif RMSD: 0.11
[2026-04-24 09:41:39,818][rfdiffusion.inference.model_runners][INFO] - Timestep 21, input to next step: ----------------------------GGGGGGGGGGGGGGGGGGGGGGGGGGGG------------------------
[2026-04-24 09:41:43,419][rfdiffusion.inference.utils][INFO] - Sampled motif RMSD: 0.12
[2026-04-24 09:41:43,623][rfdiffusion.inference.model_runners][INFO] - Timestep 20, input to next step: ----------------------------GGGGGGGGGGGGGGGGGGGGGGGGGGGG------------------------
[2026-04-24 09:41:47,168][rfdiffusion.inference.utils][INFO] - Sampled motif RMSD: 0.11
[2026-04-24 09:41:47,317][rfdiffusion.inference.model_runners][INFO] - Timestep 19, input to next step: ----------------------------GGGGGGGGGGGGGGGGGGGGGGGGGGGG------------------------
[2026-04-24 09:41:50,923][rfdiffusion.inference.utils][INFO] - Sampled motif RMSD: 0.11
[2026-04-24 09:41:51,114][rfdiffusion.inference.model_runners][INFO] - Timestep 18, input to next step: ----------------------------GGGGGGGGGGGGGGGGGGGGGGGGGGGG------------------------
[2026-04-24 09:41:54,358][rfdiffusion.inference.utils][INFO] - Sampled motif RMSD: 0.11
[2026-04-24 09:41:54,504][rfdiffusion.inference.model_runners][INFO] - Timestep 17, input to next step: ----------------------------GGGGGGGGGGGGGGGGGGGGGGGGGGGG------------------------
[2026-04-24 09:41:58,389][rfdiffusion.inference.utils][INFO] - Sampled motif RMSD: 0.12
[2026-04-24 09:41:58,700][rfdiffusion.inference.model_runners][INFO] - Timestep 16, input to next step: ----------------------------GGGGGGGGGGGGGGGGGGGGGGGGGGGG------------------------
[2026-04-24 09:42:02,073][rfdiffusion.inference.utils][INFO] - Sampled motif RMSD: 0.13
[2026-04-24 09:42:02,249][rfdiffusion.inference.model_runners][INFO] - Timestep 15, input to next step: ----------------------------GGGGGGGGGGGGGGGGGGGGGGGGGGGG------------------------
[2026-04-24 09:42:06,012][rfdiffusion.inference.utils][INFO] - Sampled motif RMSD: 0.13
[2026-04-24 09:42:06,192][rfdiffusion.inference.model_runners][INFO] - Timestep 14, input to next step: ----------------------------GGGGGGGGGGGGGGGGGGGGGGGGGGGG------------------------
[2026-04-24 09:42:09,916][rfdiffusion.inference.utils][INFO] - Sampled motif RMSD: 0.12
[2026-04-24 09:42:10,194][rfdiffusion.inference.model_runners][INFO] - Timestep 13, input to next step: ----------------------------GGGGGGGGGGGGGGGGGGGGGGGGGGGG------------------------
[2026-04-24 09:42:13,351][rfdiffusion.inference.utils][INFO] - Sampled motif RMSD: 0.11
[2026-04-24 09:42:13,610][rfdiffusion.inference.model_runners][INFO] - Timestep 12, input to next step: ----------------------------GGGGGGGGGGGGGGGGGGGGGGGGGGGG------------------------
[2026-04-24 09:42:17,308][rfdiffusion.inference.utils][INFO] - Sampled motif RMSD: 0.10
[2026-04-24 09:42:17,623][rfdiffusion.inference.model_runners][INFO] - Timestep 11, input to next step: ----------------------------GGGGGGGGGGGGGGGGGGGGGGGGGGGG------------------------
[2026-04-24 09:42:20,393][rfdiffusion.inference.utils][INFO] - Sampled motif RMSD: 0.11
[2026-04-24 09:42:20,541][rfdiffusion.inference.model_runners][INFO] - Timestep 10, input to next step: ----------------------------GGGGGGGGGGGGGGGGGGGGGGGGGGGG------------------------
[2026-04-24 09:42:23,155][rfdiffusion.inference.utils][INFO] - Sampled motif RMSD: 0.10
[2026-04-24 09:42:23,230][rfdiffusion.inference.model_runners][INFO] - Timestep 9, input to next step: ----------------------------GGGGGGGGGGGGGGGGGGGGGGGGGGGG------------------------
[2026-04-24 09:42:26,105][rfdiffusion.inference.utils][INFO] - Sampled motif RMSD: 0.10
[2026-04-24 09:42:26,174][rfdiffusion.inference.model_runners][INFO] - Timestep 8, input to next step: ----------------------------GGGGGGGGGGGGGGGGGGGGGGGGGGGG------------------------
[2026-04-24 09:42:28,308][rfdiffusion.inference.utils][INFO] - Sampled motif RMSD: 0.10
[2026-04-24 09:42:28,503][rfdiffusion.inference.model_runners][INFO] - Timestep 7, input to next step: ----------------------------GGGGGGGGGGGGGGGGGGGGGGGGGGGG------------------------
[2026-04-24 09:42:29,971][rfdiffusion.inference.utils][INFO] - Sampled motif RMSD: 0.10
[2026-04-24 09:42:30,220][rfdiffusion.inference.model_runners][INFO] - Timestep 6, input to next step: ----------------------------GGGGGGGGGGGGGGGGGGGGGGGGGGGG------------------------
[2026-04-24 09:42:32,216][rfdiffusion.inference.utils][INFO] - Sampled motif RMSD: 0.10
[2026-04-24 09:42:32,405][rfdiffusion.inference.model_runners][INFO] - Timestep 5, input to next step: ----------------------------GGGGGGGGGGGGGGGGGGGGGGGGGGGG------------------------
[2026-04-24 09:42:34,699][rfdiffusion.inference.utils][INFO] - Sampled motif RMSD: 0.09
[2026-04-24 09:42:34,769][rfdiffusion.inference.model_runners][INFO] - Timestep 4, input to next step: ----------------------------GGGGGGGGGGGGGGGGGGGGGGGGGGGG------------------------
[2026-04-24 09:42:36,692][rfdiffusion.inference.utils][INFO] - Sampled motif RMSD: 0.10
[2026-04-24 09:42:36,813][rfdiffusion.inference.model_runners][INFO] - Timestep 3, input to next step: ----------------------------GGGGGGGGGGGGGGGGGGGGGGGGGGGG------------------------
[2026-04-24 09:42:38,229][rfdiffusion.inference.utils][INFO] - Sampled motif RMSD: 0.10
[2026-04-24 09:42:38,424][rfdiffusion.inference.model_runners][INFO] - Timestep 2, input to next step: ----------------------------GGGGGGGGGGGGGGGGGGGGGGGGGGGG------------------------
[2026-04-24 09:42:42,448][__main__][INFO] - Finished design in 2.99 minutes
