[2026-04-24 07:12:03,801][__main__][INFO] - Found GPU with device_name NVIDIA A100-SXM4-80GB. Will run RFdiffusion on NVIDIA A100-SXM4-80GB
Reading models from /lambda/nfs/manvi/Team_8_CS598GBL/RFdiffusion/rfdiffusion/inference/../../models
[2026-04-24 07:12:03,802][rfdiffusion.inference.model_runners][INFO] - Reading checkpoint from /lambda/nfs/manvi/Team_8_CS598GBL/RFdiffusion/rfdiffusion/inference/../../models/Base_ckpt.pt
This is inf_conf.ckpt_path
/lambda/nfs/manvi/Team_8_CS598GBL/RFdiffusion/rfdiffusion/inference/../../models/Base_ckpt.pt
Assembling -model, -diffuser and -preprocess configs from checkpoint
USING MODEL CONFIG: self._conf[model][n_extra_block] = 4
USING MODEL CONFIG: self._conf[model][n_main_block] = 32
USING MODEL CONFIG: self._conf[model][n_ref_block] = 4
USING MODEL CONFIG: self._conf[model][d_msa] = 256
USING MODEL CONFIG: self._conf[model][d_msa_full] = 64
USING MODEL CONFIG: self._conf[model][d_pair] = 128
USING MODEL CONFIG: self._conf[model][d_templ] = 64
USING MODEL CONFIG: self._conf[model][n_head_msa] = 8
USING MODEL CONFIG: self._conf[model][n_head_pair] = 4
USING MODEL CONFIG: self._conf[model][n_head_templ] = 4
USING MODEL CONFIG: self._conf[model][d_hidden] = 32
USING MODEL CONFIG: self._conf[model][d_hidden_templ] = 32
USING MODEL CONFIG: self._conf[model][p_drop] = 0.15
USING MODEL CONFIG: self._conf[model][SE3_param_full] = {'num_layers': 1, 'num_channels': 32, 'num_degrees': 2, 'n_heads': 4, 'div': 4, 'l0_in_features': 8, 'l0_out_features': 8, 'l1_in_features': 3, 'l1_out_features': 2, 'num_edge_features': 32}
USING MODEL CONFIG: self._conf[model][SE3_param_topk] = {'num_layers': 1, 'num_channels': 32, 'num_degrees': 2, 'n_heads': 4, 'div': 4, 'l0_in_features': 64, 'l0_out_features': 64, 'l1_in_features': 3, 'l1_out_features': 2, 'num_edge_features': 64}
USING MODEL CONFIG: self._conf[model][freeze_track_motif] = False
USING MODEL CONFIG: self._conf[model][use_motif_timestep] = True
USING MODEL CONFIG: self._conf[diffuser][T] = 50
USING MODEL CONFIG: self._conf[diffuser][b_0] = 0.01
USING MODEL CONFIG: self._conf[diffuser][b_T] = 0.07
USING MODEL CONFIG: self._conf[diffuser][schedule_type] = linear
USING MODEL CONFIG: self._conf[diffuser][so3_type] = igso3
USING MODEL CONFIG: self._conf[diffuser][crd_scale] = 0.25
USING MODEL CONFIG: self._conf[diffuser][so3_schedule_type] = linear
USING MODEL CONFIG: self._conf[diffuser][min_b] = 1.5
USING MODEL CONFIG: self._conf[diffuser][max_b] = 2.5
USING MODEL CONFIG: self._conf[diffuser][min_sigma] = 0.02
USING MODEL CONFIG: self._conf[diffuser][max_sigma] = 1.5
USING MODEL CONFIG: self._conf[preprocess][sidechain_input] = False
USING MODEL CONFIG: self._conf[preprocess][motif_sidechain_input] = True
USING MODEL CONFIG: self._conf[preprocess][d_t1d] = 22
USING MODEL CONFIG: self._conf[preprocess][d_t2d] = 44
USING MODEL CONFIG: self._conf[preprocess][prob_self_cond] = 0.5
USING MODEL CONFIG: self._conf[preprocess][str_self_cond] = True
USING MODEL CONFIG: self._conf[preprocess][predict_previous] = False
[2026-04-24 07:12:54,002][rfdiffusion.inference.model_runners][INFO] - Loading checkpoint.
[2026-04-24 07:13:10,344][rfdiffusion.diffusion][INFO] - Using cached IGSO3.
Successful diffuser __init__
[2026-04-24 07:13:10,374][__main__][INFO] - Making design /lambda/nfs/manvi/Team_8_CS598GBL/outputs/custom90_128_motif_scaffolding/default/len_114/cterm/scaffold_0
[2026-04-24 07:13:10,386][rfdiffusion.inference.model_runners][INFO] - Using contig: ['22-38/A90-114']
With this beta schedule (linear schedule, beta_0 = 0.04, beta_T = 0.28), alpha_bar_T = 0.00013696048699785024
[2026-04-24 07:13:10,538][rfdiffusion.inference.model_runners][INFO] - Sequence init: --------------------------GGGGGGGGGGGGGGGGGGGGGGGGG
[2026-04-24 07:13:17,622][rfdiffusion.inference.utils][INFO] - Sampled motif RMSD: 0.12
[2026-04-24 07:13:18,033][rfdiffusion.inference.model_runners][INFO] - Timestep 50, input to next step: --------------------------GGGGGGGGGGGGGGGGGGGGGGGGG
[2026-04-24 07:13:20,648][rfdiffusion.inference.utils][INFO] - Sampled motif RMSD: 0.09
[2026-04-24 07:13:20,788][rfdiffusion.inference.model_runners][INFO] - Timestep 49, input to next step: --------------------------GGGGGGGGGGGGGGGGGGGGGGGGG
[2026-04-24 07:13:25,287][rfdiffusion.inference.utils][INFO] - Sampled motif RMSD: 0.09
[2026-04-24 07:13:25,646][rfdiffusion.inference.model_runners][INFO] - Timestep 48, input to next step: --------------------------GGGGGGGGGGGGGGGGGGGGGGGGG
[2026-04-24 07:13:30,027][rfdiffusion.inference.utils][INFO] - Sampled motif RMSD: 0.08
[2026-04-24 07:13:30,387][rfdiffusion.inference.model_runners][INFO] - Timestep 47, input to next step: --------------------------GGGGGGGGGGGGGGGGGGGGGGGGG
[2026-04-24 07:13:34,205][rfdiffusion.inference.utils][INFO] - Sampled motif RMSD: 0.09
[2026-04-24 07:13:34,449][rfdiffusion.inference.model_runners][INFO] - Timestep 46, input to next step: --------------------------GGGGGGGGGGGGGGGGGGGGGGGGG
[2026-04-24 07:13:38,841][rfdiffusion.inference.utils][INFO] - Sampled motif RMSD: 0.09
[2026-04-24 07:13:39,102][rfdiffusion.inference.model_runners][INFO] - Timestep 45, input to next step: --------------------------GGGGGGGGGGGGGGGGGGGGGGGGG
[2026-04-24 07:13:42,257][rfdiffusion.inference.utils][INFO] - Sampled motif RMSD: 0.09
[2026-04-24 07:13:42,503][rfdiffusion.inference.model_runners][INFO] - Timestep 44, input to next step: --------------------------GGGGGGGGGGGGGGGGGGGGGGGGG
[2026-04-24 07:13:47,011][rfdiffusion.inference.utils][INFO] - Sampled motif RMSD: 0.08
[2026-04-24 07:13:47,201][rfdiffusion.inference.model_runners][INFO] - Timestep 43, input to next step: --------------------------GGGGGGGGGGGGGGGGGGGGGGGGG
[2026-04-24 07:13:52,866][rfdiffusion.inference.utils][INFO] - Sampled motif RMSD: 0.09
[2026-04-24 07:13:53,397][rfdiffusion.inference.model_runners][INFO] - Timestep 42, input to next step: --------------------------GGGGGGGGGGGGGGGGGGGGGGGGG
[2026-04-24 07:13:56,729][rfdiffusion.inference.utils][INFO] - Sampled motif RMSD: 0.09
[2026-04-24 07:13:56,944][rfdiffusion.inference.model_runners][INFO] - Timestep 41, input to next step: --------------------------GGGGGGGGGGGGGGGGGGGGGGGGG
[2026-04-24 07:14:01,083][rfdiffusion.inference.utils][INFO] - Sampled motif RMSD: 0.09
[2026-04-24 07:14:01,372][rfdiffusion.inference.model_runners][INFO] - Timestep 40, input to next step: --------------------------GGGGGGGGGGGGGGGGGGGGGGGGG
[2026-04-24 07:14:05,613][rfdiffusion.inference.utils][INFO] - Sampled motif RMSD: 0.09
[2026-04-24 07:14:05,726][rfdiffusion.inference.model_runners][INFO] - Timestep 39, input to next step: --------------------------GGGGGGGGGGGGGGGGGGGGGGGGG
[2026-04-24 07:14:09,076][rfdiffusion.inference.utils][INFO] - Sampled motif RMSD: 0.10
[2026-04-24 07:14:09,279][rfdiffusion.inference.model_runners][INFO] - Timestep 38, input to next step: --------------------------GGGGGGGGGGGGGGGGGGGGGGGGG
[2026-04-24 07:14:12,945][rfdiffusion.inference.utils][INFO] - Sampled motif RMSD: 0.12
[2026-04-24 07:14:13,198][rfdiffusion.inference.model_runners][INFO] - Timestep 37, input to next step: --------------------------GGGGGGGGGGGGGGGGGGGGGGGGG
[2026-04-24 07:14:17,159][rfdiffusion.inference.utils][INFO] - Sampled motif RMSD: 0.10
[2026-04-24 07:14:17,504][rfdiffusion.inference.model_runners][INFO] - Timestep 36, input to next step: --------------------------GGGGGGGGGGGGGGGGGGGGGGGGG
[2026-04-24 07:14:21,499][rfdiffusion.inference.utils][INFO] - Sampled motif RMSD: 0.11
[2026-04-24 07:14:21,760][rfdiffusion.inference.model_runners][INFO] - Timestep 35, input to next step: --------------------------GGGGGGGGGGGGGGGGGGGGGGGGG
[2026-04-24 07:14:24,886][rfdiffusion.inference.utils][INFO] - Sampled motif RMSD: 0.12
[2026-04-24 07:14:25,042][rfdiffusion.inference.model_runners][INFO] - Timestep 34, input to next step: --------------------------GGGGGGGGGGGGGGGGGGGGGGGGG
[2026-04-24 07:14:28,061][rfdiffusion.inference.utils][INFO] - Sampled motif RMSD: 0.10
[2026-04-24 07:14:28,428][rfdiffusion.inference.model_runners][INFO] - Timestep 33, input to next step: --------------------------GGGGGGGGGGGGGGGGGGGGGGGGG
[2026-04-24 07:14:32,024][rfdiffusion.inference.utils][INFO] - Sampled motif RMSD: 0.09
[2026-04-24 07:14:32,290][rfdiffusion.inference.model_runners][INFO] - Timestep 32, input to next step: --------------------------GGGGGGGGGGGGGGGGGGGGGGGGG
[2026-04-24 07:14:36,588][rfdiffusion.inference.utils][INFO] - Sampled motif RMSD: 0.08
[2026-04-24 07:14:36,944][rfdiffusion.inference.model_runners][INFO] - Timestep 31, input to next step: --------------------------GGGGGGGGGGGGGGGGGGGGGGGGG
[2026-04-24 07:14:41,197][rfdiffusion.inference.utils][INFO] - Sampled motif RMSD: 0.08
[2026-04-24 07:14:41,441][rfdiffusion.inference.model_runners][INFO] - Timestep 30, input to next step: --------------------------GGGGGGGGGGGGGGGGGGGGGGGGG
[2026-04-24 07:14:46,919][rfdiffusion.inference.utils][INFO] - Sampled motif RMSD: 0.08
[2026-04-24 07:14:47,109][rfdiffusion.inference.model_runners][INFO] - Timestep 29, input to next step: --------------------------GGGGGGGGGGGGGGGGGGGGGGGGG
[2026-04-24 07:14:51,721][rfdiffusion.inference.utils][INFO] - Sampled motif RMSD: 0.10
[2026-04-24 07:14:52,086][rfdiffusion.inference.model_runners][INFO] - Timestep 28, input to next step: --------------------------GGGGGGGGGGGGGGGGGGGGGGGGG
[2026-04-24 07:14:55,431][rfdiffusion.inference.utils][INFO] - Sampled motif RMSD: 0.08
[2026-04-24 07:14:55,819][rfdiffusion.inference.model_runners][INFO] - Timestep 27, input to next step: --------------------------GGGGGGGGGGGGGGGGGGGGGGGGG
[2026-04-24 07:14:59,447][rfdiffusion.inference.utils][INFO] - Sampled motif RMSD: 0.09
[2026-04-24 07:14:59,715][rfdiffusion.inference.model_runners][INFO] - Timestep 26, input to next step: --------------------------GGGGGGGGGGGGGGGGGGGGGGGGG
[2026-04-24 07:15:04,338][rfdiffusion.inference.utils][INFO] - Sampled motif RMSD: 0.07
[2026-04-24 07:15:04,629][rfdiffusion.inference.model_runners][INFO] - Timestep 25, input to next step: --------------------------GGGGGGGGGGGGGGGGGGGGGGGGG
[2026-04-24 07:15:08,487][rfdiffusion.inference.utils][INFO] - Sampled motif RMSD: 0.07
[2026-04-24 07:15:08,749][rfdiffusion.inference.model_runners][INFO] - Timestep 24, input to next step: --------------------------GGGGGGGGGGGGGGGGGGGGGGGGG
[2026-04-24 07:15:13,096][rfdiffusion.inference.utils][INFO] - Sampled motif RMSD: 0.06
[2026-04-24 07:15:13,252][rfdiffusion.inference.model_runners][INFO] - Timestep 23, input to next step: --------------------------GGGGGGGGGGGGGGGGGGGGGGGGG
[2026-04-24 07:15:17,302][rfdiffusion.inference.utils][INFO] - Sampled motif RMSD: 0.07
[2026-04-24 07:15:17,483][rfdiffusion.inference.model_runners][INFO] - Timestep 22, input to next step: --------------------------GGGGGGGGGGGGGGGGGGGGGGGGG
[2026-04-24 07:15:21,185][rfdiffusion.inference.utils][INFO] - Sampled motif RMSD: 0.07
[2026-04-24 07:15:21,567][rfdiffusion.inference.model_runners][INFO] - Timestep 21, input to next step: --------------------------GGGGGGGGGGGGGGGGGGGGGGGGG
[2026-04-24 07:15:25,167][rfdiffusion.inference.utils][INFO] - Sampled motif RMSD: 0.08
[2026-04-24 07:15:25,418][rfdiffusion.inference.model_runners][INFO] - Timestep 20, input to next step: --------------------------GGGGGGGGGGGGGGGGGGGGGGGGG
[2026-04-24 07:15:29,757][rfdiffusion.inference.utils][INFO] - Sampled motif RMSD: 0.07
[2026-04-24 07:15:30,075][rfdiffusion.inference.model_runners][INFO] - Timestep 19, input to next step: --------------------------GGGGGGGGGGGGGGGGGGGGGGGGG
[2026-04-24 07:15:34,195][rfdiffusion.inference.utils][INFO] - Sampled motif RMSD: 0.08
[2026-04-24 07:15:34,573][rfdiffusion.inference.model_runners][INFO] - Timestep 18, input to next step: --------------------------GGGGGGGGGGGGGGGGGGGGGGGGG
[2026-04-24 07:15:39,121][rfdiffusion.inference.utils][INFO] - Sampled motif RMSD: 0.07
[2026-04-24 07:15:39,571][rfdiffusion.inference.model_runners][INFO] - Timestep 17, input to next step: --------------------------GGGGGGGGGGGGGGGGGGGGGGGGG
[2026-04-24 07:15:43,946][rfdiffusion.inference.utils][INFO] - Sampled motif RMSD: 0.06
[2026-04-24 07:15:44,455][rfdiffusion.inference.model_runners][INFO] - Timestep 16, input to next step: --------------------------GGGGGGGGGGGGGGGGGGGGGGGGG
[2026-04-24 07:15:49,029][rfdiffusion.inference.utils][INFO] - Sampled motif RMSD: 0.06
[2026-04-24 07:15:49,326][rfdiffusion.inference.model_runners][INFO] - Timestep 15, input to next step: --------------------------GGGGGGGGGGGGGGGGGGGGGGGGG
[2026-04-24 07:15:52,515][rfdiffusion.inference.utils][INFO] - Sampled motif RMSD: 0.06
[2026-04-24 07:15:52,736][rfdiffusion.inference.model_runners][INFO] - Timestep 14, input to next step: --------------------------GGGGGGGGGGGGGGGGGGGGGGGGG
[2026-04-24 07:15:56,834][rfdiffusion.inference.utils][INFO] - Sampled motif RMSD: 0.06
[2026-04-24 07:15:57,063][rfdiffusion.inference.model_runners][INFO] - Timestep 13, input to next step: --------------------------GGGGGGGGGGGGGGGGGGGGGGGGG
[2026-04-24 07:16:01,470][rfdiffusion.inference.utils][INFO] - Sampled motif RMSD: 0.06
[2026-04-24 07:16:02,022][rfdiffusion.inference.model_runners][INFO] - Timestep 12, input to next step: --------------------------GGGGGGGGGGGGGGGGGGGGGGGGG
[2026-04-24 07:16:06,267][rfdiffusion.inference.utils][INFO] - Sampled motif RMSD: 0.06
[2026-04-24 07:16:06,666][rfdiffusion.inference.model_runners][INFO] - Timestep 11, input to next step: --------------------------GGGGGGGGGGGGGGGGGGGGGGGGG
[2026-04-24 07:16:10,789][rfdiffusion.inference.utils][INFO] - Sampled motif RMSD: 0.07
[2026-04-24 07:16:10,967][rfdiffusion.inference.model_runners][INFO] - Timestep 10, input to next step: --------------------------GGGGGGGGGGGGGGGGGGGGGGGGG
[2026-04-24 07:16:14,625][rfdiffusion.inference.utils][INFO] - Sampled motif RMSD: 0.06
[2026-04-24 07:16:14,774][rfdiffusion.inference.model_runners][INFO] - Timestep 9, input to next step: --------------------------GGGGGGGGGGGGGGGGGGGGGGGGG
[2026-04-24 07:16:18,629][rfdiffusion.inference.utils][INFO] - Sampled motif RMSD: 0.06
[2026-04-24 07:16:18,834][rfdiffusion.inference.model_runners][INFO] - Timestep 8, input to next step: --------------------------GGGGGGGGGGGGGGGGGGGGGGGGG
[2026-04-24 07:16:23,494][rfdiffusion.inference.utils][INFO] - Sampled motif RMSD: 0.07
[2026-04-24 07:16:23,778][rfdiffusion.inference.model_runners][INFO] - Timestep 7, input to next step: --------------------------GGGGGGGGGGGGGGGGGGGGGGGGG
[2026-04-24 07:16:28,249][rfdiffusion.inference.utils][INFO] - Sampled motif RMSD: 0.08
[2026-04-24 07:16:28,478][rfdiffusion.inference.model_runners][INFO] - Timestep 6, input to next step: --------------------------GGGGGGGGGGGGGGGGGGGGGGGGG
[2026-04-24 07:16:32,094][rfdiffusion.inference.utils][INFO] - Sampled motif RMSD: 0.09
[2026-04-24 07:16:32,421][rfdiffusion.inference.model_runners][INFO] - Timestep 5, input to next step: --------------------------GGGGGGGGGGGGGGGGGGGGGGGGG
[2026-04-24 07:16:36,536][rfdiffusion.inference.utils][INFO] - Sampled motif RMSD: 0.07
[2026-04-24 07:16:36,933][rfdiffusion.inference.model_runners][INFO] - Timestep 4, input to next step: --------------------------GGGGGGGGGGGGGGGGGGGGGGGGG
[2026-04-24 07:16:41,598][rfdiffusion.inference.utils][INFO] - Sampled motif RMSD: 0.06
[2026-04-24 07:16:41,862][rfdiffusion.inference.model_runners][INFO] - Timestep 3, input to next step: --------------------------GGGGGGGGGGGGGGGGGGGGGGGGG
[2026-04-24 07:16:45,407][rfdiffusion.inference.utils][INFO] - Sampled motif RMSD: 0.06
[2026-04-24 07:16:45,776][rfdiffusion.inference.model_runners][INFO] - Timestep 2, input to next step: --------------------------GGGGGGGGGGGGGGGGGGGGGGGGG
[2026-04-24 07:16:51,815][__main__][INFO] - Finished design in 3.69 minutes
[2026-04-24 07:16:51,824][__main__][INFO] - Making design /lambda/nfs/manvi/Team_8_CS598GBL/outputs/custom90_128_motif_scaffolding/default/len_114/cterm/scaffold_1
[2026-04-24 07:16:51,858][rfdiffusion.inference.model_runners][INFO] - Using contig: ['22-38/A90-114']
With this beta schedule (linear schedule, beta_0 = 0.04, beta_T = 0.28), alpha_bar_T = 0.00013696048699785024
[2026-04-24 07:16:52,260][rfdiffusion.inference.model_runners][INFO] - Sequence init: ------------------------------------GGGGGGGGGGGGGGGGGGGGGGGGG
[2026-04-24 07:16:59,088][rfdiffusion.inference.utils][INFO] - Sampled motif RMSD: 0.13
[2026-04-24 07:16:59,340][rfdiffusion.inference.model_runners][INFO] - Timestep 50, input to next step: ------------------------------------GGGGGGGGGGGGGGGGGGGGGGGGG
[2026-04-24 07:17:03,840][rfdiffusion.inference.utils][INFO] - Sampled motif RMSD: 0.11
[2026-04-24 07:17:04,294][rfdiffusion.inference.model_runners][INFO] - Timestep 49, input to next step: ------------------------------------GGGGGGGGGGGGGGGGGGGGGGGGG
[2026-04-24 07:17:08,837][rfdiffusion.inference.utils][INFO] - Sampled motif RMSD: 0.11
[2026-04-24 07:17:09,533][rfdiffusion.inference.model_runners][INFO] - Timestep 48, input to next step: ------------------------------------GGGGGGGGGGGGGGGGGGGGGGGGG
[2026-04-24 07:17:13,357][rfdiffusion.inference.utils][INFO] - Sampled motif RMSD: 0.11
[2026-04-24 07:17:13,870][rfdiffusion.inference.model_runners][INFO] - Timestep 47, input to next step: ------------------------------------GGGGGGGGGGGGGGGGGGGGGGGGG
[2026-04-24 07:17:17,371][rfdiffusion.inference.utils][INFO] - Sampled motif RMSD: 0.10
[2026-04-24 07:17:17,909][rfdiffusion.inference.model_runners][INFO] - Timestep 46, input to next step: ------------------------------------GGGGGGGGGGGGGGGGGGGGGGGGG
[2026-04-24 07:17:22,764][rfdiffusion.inference.utils][INFO] - Sampled motif RMSD: 0.09
[2026-04-24 07:17:23,033][rfdiffusion.inference.model_runners][INFO] - Timestep 45, input to next step: ------------------------------------GGGGGGGGGGGGGGGGGGGGGGGGG
[2026-04-24 07:17:27,399][rfdiffusion.inference.utils][INFO] - Sampled motif RMSD: 0.09
[2026-04-24 07:17:27,818][rfdiffusion.inference.model_runners][INFO] - Timestep 44, input to next step: ------------------------------------GGGGGGGGGGGGGGGGGGGGGGGGG
[2026-04-24 07:17:32,151][rfdiffusion.inference.utils][INFO] - Sampled motif RMSD: 0.09
[2026-04-24 07:17:32,747][rfdiffusion.inference.model_runners][INFO] - Timestep 43, input to next step: ------------------------------------GGGGGGGGGGGGGGGGGGGGGGGGG
[2026-04-24 07:17:35,905][rfdiffusion.inference.utils][INFO] - Sampled motif RMSD: 0.09
[2026-04-24 07:17:36,340][rfdiffusion.inference.model_runners][INFO] - Timestep 42, input to next step: ------------------------------------GGGGGGGGGGGGGGGGGGGGGGGGG
[2026-04-24 07:17:40,311][rfdiffusion.inference.utils][INFO] - Sampled motif RMSD: 0.10
[2026-04-24 07:17:40,550][rfdiffusion.inference.model_runners][INFO] - Timestep 41, input to next step: ------------------------------------GGGGGGGGGGGGGGGGGGGGGGGGG
[2026-04-24 07:17:44,835][rfdiffusion.inference.utils][INFO] - Sampled motif RMSD: 0.10
[2026-04-24 07:17:45,344][rfdiffusion.inference.model_runners][INFO] - Timestep 40, input to next step: ------------------------------------GGGGGGGGGGGGGGGGGGGGGGGGG
[2026-04-24 07:17:49,100][rfdiffusion.inference.utils][INFO] - Sampled motif RMSD: 0.13
[2026-04-24 07:17:49,715][rfdiffusion.inference.model_runners][INFO] - Timestep 39, input to next step: ------------------------------------GGGGGGGGGGGGGGGGGGGGGGGGG
[2026-04-24 07:17:53,527][rfdiffusion.inference.utils][INFO] - Sampled motif RMSD: 0.13
[2026-04-24 07:17:53,848][rfdiffusion.inference.model_runners][INFO] - Timestep 38, input to next step: ------------------------------------GGGGGGGGGGGGGGGGGGGGGGGGG
[2026-04-24 07:17:56,765][rfdiffusion.inference.utils][INFO] - Sampled motif RMSD: 0.12
[2026-04-24 07:17:57,169][rfdiffusion.inference.model_runners][INFO] - Timestep 37, input to next step: ------------------------------------GGGGGGGGGGGGGGGGGGGGGGGGG
[2026-04-24 07:18:01,551][rfdiffusion.inference.utils][INFO] - Sampled motif RMSD: 0.10
[2026-04-24 07:18:01,844][rfdiffusion.inference.model_runners][INFO] - Timestep 36, input to next step: ------------------------------------GGGGGGGGGGGGGGGGGGGGGGGGG
[2026-04-24 07:18:05,998][rfdiffusion.inference.utils][INFO] - Sampled motif RMSD: 0.10
[2026-04-24 07:18:06,310][rfdiffusion.inference.model_runners][INFO] - Timestep 35, input to next step: ------------------------------------GGGGGGGGGGGGGGGGGGGGGGGGG
[2026-04-24 07:18:08,910][rfdiffusion.inference.utils][INFO] - Sampled motif RMSD: 0.10
[2026-04-24 07:18:09,093][rfdiffusion.inference.model_runners][INFO] - Timestep 34, input to next step: ------------------------------------GGGGGGGGGGGGGGGGGGGGGGGGG
[2026-04-24 07:18:12,567][rfdiffusion.inference.utils][INFO] - Sampled motif RMSD: 0.10
[2026-04-24 07:18:12,926][rfdiffusion.inference.model_runners][INFO] - Timestep 33, input to next step: ------------------------------------GGGGGGGGGGGGGGGGGGGGGGGGG
[2026-04-24 07:18:18,647][rfdiffusion.inference.utils][INFO] - Sampled motif RMSD: 0.10
[2026-04-24 07:18:19,043][rfdiffusion.inference.model_runners][INFO] - Timestep 32, input to next step: ------------------------------------GGGGGGGGGGGGGGGGGGGGGGGGG
[2026-04-24 07:18:23,942][rfdiffusion.inference.utils][INFO] - Sampled motif RMSD: 0.12
[2026-04-24 07:18:24,281][rfdiffusion.inference.model_runners][INFO] - Timestep 31, input to next step: ------------------------------------GGGGGGGGGGGGGGGGGGGGGGGGG
[2026-04-24 07:18:28,919][rfdiffusion.inference.utils][INFO] - Sampled motif RMSD: 0.12
[2026-04-24 07:18:29,251][rfdiffusion.inference.model_runners][INFO] - Timestep 30, input to next step: ------------------------------------GGGGGGGGGGGGGGGGGGGGGGGGG
[2026-04-24 07:18:33,656][rfdiffusion.inference.utils][INFO] - Sampled motif RMSD: 0.12
[2026-04-24 07:18:33,966][rfdiffusion.inference.model_runners][INFO] - Timestep 29, input to next step: ------------------------------------GGGGGGGGGGGGGGGGGGGGGGGGG
[2026-04-24 07:18:38,939][rfdiffusion.inference.utils][INFO] - Sampled motif RMSD: 0.12
[2026-04-24 07:18:39,181][rfdiffusion.inference.model_runners][INFO] - Timestep 28, input to next step: ------------------------------------GGGGGGGGGGGGGGGGGGGGGGGGG
[2026-04-24 07:18:42,461][rfdiffusion.inference.utils][INFO] - Sampled motif RMSD: 0.11
[2026-04-24 07:18:42,843][rfdiffusion.inference.model_runners][INFO] - Timestep 27, input to next step: ------------------------------------GGGGGGGGGGGGGGGGGGGGGGGGG
[2026-04-24 07:18:46,762][rfdiffusion.inference.utils][INFO] - Sampled motif RMSD: 0.11
[2026-04-24 07:18:47,085][rfdiffusion.inference.model_runners][INFO] - Timestep 26, input to next step: ------------------------------------GGGGGGGGGGGGGGGGGGGGGGGGG
[2026-04-24 07:18:51,196][rfdiffusion.inference.utils][INFO] - Sampled motif RMSD: 0.11
[2026-04-24 07:18:51,514][rfdiffusion.inference.model_runners][INFO] - Timestep 25, input to next step: ------------------------------------GGGGGGGGGGGGGGGGGGGGGGGGG
[2026-04-24 07:18:54,877][rfdiffusion.inference.utils][INFO] - Sampled motif RMSD: 0.11
[2026-04-24 07:18:55,103][rfdiffusion.inference.model_runners][INFO] - Timestep 24, input to next step: ------------------------------------GGGGGGGGGGGGGGGGGGGGGGGGG
[2026-04-24 07:18:58,677][rfdiffusion.inference.utils][INFO] - Sampled motif RMSD: 0.13
[2026-04-24 07:18:58,951][rfdiffusion.inference.model_runners][INFO] - Timestep 23, input to next step: ------------------------------------GGGGGGGGGGGGGGGGGGGGGGGGG
[2026-04-24 07:19:02,548][rfdiffusion.inference.utils][INFO] - Sampled motif RMSD: 0.12
[2026-04-24 07:19:02,720][rfdiffusion.inference.model_runners][INFO] - Timestep 22, input to next step: ------------------------------------GGGGGGGGGGGGGGGGGGGGGGGGG
[2026-04-24 07:19:07,098][rfdiffusion.inference.utils][INFO] - Sampled motif RMSD: 0.11
[2026-04-24 07:19:07,341][rfdiffusion.inference.model_runners][INFO] - Timestep 21, input to next step: ------------------------------------GGGGGGGGGGGGGGGGGGGGGGGGG
[2026-04-24 07:19:09,747][rfdiffusion.inference.utils][INFO] - Sampled motif RMSD: 0.12
[2026-04-24 07:19:09,907][rfdiffusion.inference.model_runners][INFO] - Timestep 20, input to next step: ------------------------------------GGGGGGGGGGGGGGGGGGGGGGGGG
[2026-04-24 07:19:14,033][rfdiffusion.inference.utils][INFO] - Sampled motif RMSD: 0.12
[2026-04-24 07:19:14,161][rfdiffusion.inference.model_runners][INFO] - Timestep 19, input to next step: ------------------------------------GGGGGGGGGGGGGGGGGGGGGGGGG
[2026-04-24 07:19:18,443][rfdiffusion.inference.utils][INFO] - Sampled motif RMSD: 0.13
[2026-04-24 07:19:18,602][rfdiffusion.inference.model_runners][INFO] - Timestep 18, input to next step: ------------------------------------GGGGGGGGGGGGGGGGGGGGGGGGG
[2026-04-24 07:19:22,032][rfdiffusion.inference.utils][INFO] - Sampled motif RMSD: 0.11
[2026-04-24 07:19:22,208][rfdiffusion.inference.model_runners][INFO] - Timestep 17, input to next step: ------------------------------------GGGGGGGGGGGGGGGGGGGGGGGGG
[2026-04-24 07:19:25,403][rfdiffusion.inference.utils][INFO] - Sampled motif RMSD: 0.12
[2026-04-24 07:19:25,686][rfdiffusion.inference.model_runners][INFO] - Timestep 16, input to next step: ------------------------------------GGGGGGGGGGGGGGGGGGGGGGGGG
[2026-04-24 07:19:27,863][rfdiffusion.inference.utils][INFO] - Sampled motif RMSD: 0.12
[2026-04-24 07:19:28,123][rfdiffusion.inference.model_runners][INFO] - Timestep 15, input to next step: ------------------------------------GGGGGGGGGGGGGGGGGGGGGGGGG
[2026-04-24 07:19:31,551][rfdiffusion.inference.utils][INFO] - Sampled motif RMSD: 0.12
[2026-04-24 07:19:31,904][rfdiffusion.inference.model_runners][INFO] - Timestep 14, input to next step: ------------------------------------GGGGGGGGGGGGGGGGGGGGGGGGG
[2026-04-24 07:19:34,713][rfdiffusion.inference.utils][INFO] - Sampled motif RMSD: 0.12
[2026-04-24 07:19:34,985][rfdiffusion.inference.model_runners][INFO] - Timestep 13, input to next step: ------------------------------------GGGGGGGGGGGGGGGGGGGGGGGGG
[2026-04-24 07:19:38,452][rfdiffusion.inference.utils][INFO] - Sampled motif RMSD: 0.10
[2026-04-24 07:19:38,764][rfdiffusion.inference.model_runners][INFO] - Timestep 12, input to next step: ------------------------------------GGGGGGGGGGGGGGGGGGGGGGGGG
[2026-04-24 07:19:42,954][rfdiffusion.inference.utils][INFO] - Sampled motif RMSD: 0.10
[2026-04-24 07:19:43,189][rfdiffusion.inference.model_runners][INFO] - Timestep 11, input to next step: ------------------------------------GGGGGGGGGGGGGGGGGGGGGGGGG
[2026-04-24 07:19:46,017][rfdiffusion.inference.utils][INFO] - Sampled motif RMSD: 0.10
[2026-04-24 07:19:46,248][rfdiffusion.inference.model_runners][INFO] - Timestep 10, input to next step: ------------------------------------GGGGGGGGGGGGGGGGGGGGGGGGG
[2026-04-24 07:19:49,577][rfdiffusion.inference.utils][INFO] - Sampled motif RMSD: 0.10
[2026-04-24 07:19:49,875][rfdiffusion.inference.model_runners][INFO] - Timestep 9, input to next step: ------------------------------------GGGGGGGGGGGGGGGGGGGGGGGGG
[2026-04-24 07:19:51,911][rfdiffusion.inference.utils][INFO] - Sampled motif RMSD: 0.10
[2026-04-24 07:19:52,185][rfdiffusion.inference.model_runners][INFO] - Timestep 8, input to next step: ------------------------------------GGGGGGGGGGGGGGGGGGGGGGGGG
[2026-04-24 07:19:56,025][rfdiffusion.inference.utils][INFO] - Sampled motif RMSD: 0.10
[2026-04-24 07:19:56,290][rfdiffusion.inference.model_runners][INFO] - Timestep 7, input to next step: ------------------------------------GGGGGGGGGGGGGGGGGGGGGGGGG
[2026-04-24 07:20:01,415][rfdiffusion.inference.utils][INFO] - Sampled motif RMSD: 0.10
[2026-04-24 07:20:01,854][rfdiffusion.inference.model_runners][INFO] - Timestep 6, input to next step: ------------------------------------GGGGGGGGGGGGGGGGGGGGGGGGG
[2026-04-24 07:20:06,542][rfdiffusion.inference.utils][INFO] - Sampled motif RMSD: 0.11
[2026-04-24 07:20:06,793][rfdiffusion.inference.model_runners][INFO] - Timestep 5, input to next step: ------------------------------------GGGGGGGGGGGGGGGGGGGGGGGGG
[2026-04-24 07:20:10,200][rfdiffusion.inference.utils][INFO] - Sampled motif RMSD: 0.10
[2026-04-24 07:20:10,424][rfdiffusion.inference.model_runners][INFO] - Timestep 4, input to next step: ------------------------------------GGGGGGGGGGGGGGGGGGGGGGGGG
[2026-04-24 07:20:13,882][rfdiffusion.inference.utils][INFO] - Sampled motif RMSD: 0.09
[2026-04-24 07:20:14,196][rfdiffusion.inference.model_runners][INFO] - Timestep 3, input to next step: ------------------------------------GGGGGGGGGGGGGGGGGGGGGGGGG
[2026-04-24 07:20:18,355][rfdiffusion.inference.utils][INFO] - Sampled motif RMSD: 0.09
[2026-04-24 07:20:18,814][rfdiffusion.inference.model_runners][INFO] - Timestep 2, input to next step: ------------------------------------GGGGGGGGGGGGGGGGGGGGGGGGG
[2026-04-24 07:20:24,355][__main__][INFO] - Finished design in 3.54 minutes
