[2026-04-24 09:22:12,748][__main__][INFO] - Found GPU with device_name NVIDIA A100-SXM4-80GB. Will run RFdiffusion on NVIDIA A100-SXM4-80GB
Reading models from /lambda/nfs/manvi/Team_8_CS598GBL/RFdiffusion/rfdiffusion/inference/../../models
[2026-04-24 09:22:12,762][rfdiffusion.inference.model_runners][INFO] - Reading checkpoint from /lambda/nfs/manvi/Team_8_CS598GBL/RFdiffusion/rfdiffusion/inference/../../models/Base_ckpt.pt
This is inf_conf.ckpt_path
/lambda/nfs/manvi/Team_8_CS598GBL/RFdiffusion/rfdiffusion/inference/../../models/Base_ckpt.pt
Assembling -model, -diffuser and -preprocess configs from checkpoint
USING MODEL CONFIG: self._conf[model][n_extra_block] = 4
USING MODEL CONFIG: self._conf[model][n_main_block] = 32
USING MODEL CONFIG: self._conf[model][n_ref_block] = 4
USING MODEL CONFIG: self._conf[model][d_msa] = 256
USING MODEL CONFIG: self._conf[model][d_msa_full] = 64
USING MODEL CONFIG: self._conf[model][d_pair] = 128
USING MODEL CONFIG: self._conf[model][d_templ] = 64
USING MODEL CONFIG: self._conf[model][n_head_msa] = 8
USING MODEL CONFIG: self._conf[model][n_head_pair] = 4
USING MODEL CONFIG: self._conf[model][n_head_templ] = 4
USING MODEL CONFIG: self._conf[model][d_hidden] = 32
USING MODEL CONFIG: self._conf[model][d_hidden_templ] = 32
USING MODEL CONFIG: self._conf[model][p_drop] = 0.15
USING MODEL CONFIG: self._conf[model][SE3_param_full] = {'num_layers': 1, 'num_channels': 32, 'num_degrees': 2, 'n_heads': 4, 'div': 4, 'l0_in_features': 8, 'l0_out_features': 8, 'l1_in_features': 3, 'l1_out_features': 2, 'num_edge_features': 32}
USING MODEL CONFIG: self._conf[model][SE3_param_topk] = {'num_layers': 1, 'num_channels': 32, 'num_degrees': 2, 'n_heads': 4, 'div': 4, 'l0_in_features': 64, 'l0_out_features': 64, 'l1_in_features': 3, 'l1_out_features': 2, 'num_edge_features': 64}
USING MODEL CONFIG: self._conf[model][freeze_track_motif] = False
USING MODEL CONFIG: self._conf[model][use_motif_timestep] = True
USING MODEL CONFIG: self._conf[diffuser][T] = 50
USING MODEL CONFIG: self._conf[diffuser][b_0] = 0.01
USING MODEL CONFIG: self._conf[diffuser][b_T] = 0.07
USING MODEL CONFIG: self._conf[diffuser][schedule_type] = linear
USING MODEL CONFIG: self._conf[diffuser][so3_type] = igso3
USING MODEL CONFIG: self._conf[diffuser][crd_scale] = 0.25
USING MODEL CONFIG: self._conf[diffuser][so3_schedule_type] = linear
USING MODEL CONFIG: self._conf[diffuser][min_b] = 1.5
USING MODEL CONFIG: self._conf[diffuser][max_b] = 2.5
USING MODEL CONFIG: self._conf[diffuser][min_sigma] = 0.02
USING MODEL CONFIG: self._conf[diffuser][max_sigma] = 1.5
USING MODEL CONFIG: self._conf[preprocess][sidechain_input] = False
USING MODEL CONFIG: self._conf[preprocess][motif_sidechain_input] = True
USING MODEL CONFIG: self._conf[preprocess][d_t1d] = 22
USING MODEL CONFIG: self._conf[preprocess][d_t2d] = 44
USING MODEL CONFIG: self._conf[preprocess][prob_self_cond] = 0.5
USING MODEL CONFIG: self._conf[preprocess][str_self_cond] = True
USING MODEL CONFIG: self._conf[preprocess][predict_previous] = False
[2026-04-24 09:22:59,583][rfdiffusion.inference.model_runners][INFO] - Loading checkpoint.
[2026-04-24 09:23:16,062][rfdiffusion.diffusion][INFO] - Using cached IGSO3.
Successful diffuser __init__
[2026-04-24 09:23:16,113][__main__][INFO] - Making design /lambda/nfs/manvi/Team_8_CS598GBL/outputs/custom90_128_motif_scaffolding/fast_T20/len_126/mid/scaffold_0
[2026-04-24 09:23:16,133][rfdiffusion.inference.model_runners][INFO] - Using contig: ['25-42/A44-81/25-42']
With this beta schedule (linear schedule, beta_0 = 0.04, beta_T = 0.28), alpha_bar_T = 0.00013696048699785024
[2026-04-24 09:23:16,465][rfdiffusion.inference.model_runners][INFO] - Sequence init: -----------------------------------GGGGGGGGGGGGGGGGGGGGGGGGGGGGGGGGGGGGGG-------------------------------------
[2026-04-24 09:23:25,637][rfdiffusion.inference.utils][INFO] - Sampled motif RMSD: 0.18
[2026-04-24 09:23:25,767][rfdiffusion.inference.model_runners][INFO] - Timestep 50, input to next step: -----------------------------------GGGGGGGGGGGGGGGGGGGGGGGGGGGGGGGGGGGGGG-------------------------------------
[2026-04-24 09:23:33,579][rfdiffusion.inference.utils][INFO] - Sampled motif RMSD: 0.18
[2026-04-24 09:23:33,734][rfdiffusion.inference.model_runners][INFO] - Timestep 49, input to next step: -----------------------------------GGGGGGGGGGGGGGGGGGGGGGGGGGGGGGGGGGGGGG-------------------------------------
[2026-04-24 09:23:38,878][rfdiffusion.inference.utils][INFO] - Sampled motif RMSD: 0.20
[2026-04-24 09:23:39,244][rfdiffusion.inference.model_runners][INFO] - Timestep 48, input to next step: -----------------------------------GGGGGGGGGGGGGGGGGGGGGGGGGGGGGGGGGGGGGG-------------------------------------
[2026-04-24 09:23:45,203][rfdiffusion.inference.utils][INFO] - Sampled motif RMSD: 0.15
[2026-04-24 09:23:45,499][rfdiffusion.inference.model_runners][INFO] - Timestep 47, input to next step: -----------------------------------GGGGGGGGGGGGGGGGGGGGGGGGGGGGGGGGGGGGGG-------------------------------------
[2026-04-24 09:23:52,743][rfdiffusion.inference.utils][INFO] - Sampled motif RMSD: 0.14
[2026-04-24 09:23:52,953][rfdiffusion.inference.model_runners][INFO] - Timestep 46, input to next step: -----------------------------------GGGGGGGGGGGGGGGGGGGGGGGGGGGGGGGGGGGGGG-------------------------------------
[2026-04-24 09:23:57,654][rfdiffusion.inference.utils][INFO] - Sampled motif RMSD: 0.14
[2026-04-24 09:23:57,749][rfdiffusion.inference.model_runners][INFO] - Timestep 45, input to next step: -----------------------------------GGGGGGGGGGGGGGGGGGGGGGGGGGGGGGGGGGGGGG-------------------------------------
[2026-04-24 09:24:02,504][rfdiffusion.inference.utils][INFO] - Sampled motif RMSD: 0.18
[2026-04-24 09:24:02,735][rfdiffusion.inference.model_runners][INFO] - Timestep 44, input to next step: -----------------------------------GGGGGGGGGGGGGGGGGGGGGGGGGGGGGGGGGGGGGG-------------------------------------
[2026-04-24 09:24:08,482][rfdiffusion.inference.utils][INFO] - Sampled motif RMSD: 0.18
[2026-04-24 09:24:08,635][rfdiffusion.inference.model_runners][INFO] - Timestep 43, input to next step: -----------------------------------GGGGGGGGGGGGGGGGGGGGGGGGGGGGGGGGGGGGGG-------------------------------------
[2026-04-24 09:24:13,197][rfdiffusion.inference.utils][INFO] - Sampled motif RMSD: 0.20
[2026-04-24 09:24:13,369][rfdiffusion.inference.model_runners][INFO] - Timestep 42, input to next step: -----------------------------------GGGGGGGGGGGGGGGGGGGGGGGGGGGGGGGGGGGGGG-------------------------------------
[2026-04-24 09:24:18,381][rfdiffusion.inference.utils][INFO] - Sampled motif RMSD: 0.18
[2026-04-24 09:24:18,775][rfdiffusion.inference.model_runners][INFO] - Timestep 41, input to next step: -----------------------------------GGGGGGGGGGGGGGGGGGGGGGGGGGGGGGGGGGGGGG-------------------------------------
[2026-04-24 09:24:27,111][rfdiffusion.inference.utils][INFO] - Sampled motif RMSD: 0.20
[2026-04-24 09:24:27,377][rfdiffusion.inference.model_runners][INFO] - Timestep 40, input to next step: -----------------------------------GGGGGGGGGGGGGGGGGGGGGGGGGGGGGGGGGGGGGG-------------------------------------
[2026-04-24 09:24:34,408][rfdiffusion.inference.utils][INFO] - Sampled motif RMSD: 0.21
[2026-04-24 09:24:34,866][rfdiffusion.inference.model_runners][INFO] - Timestep 39, input to next step: -----------------------------------GGGGGGGGGGGGGGGGGGGGGGGGGGGGGGGGGGGGGG-------------------------------------
[2026-04-24 09:24:42,129][rfdiffusion.inference.utils][INFO] - Sampled motif RMSD: 0.20
[2026-04-24 09:24:42,375][rfdiffusion.inference.model_runners][INFO] - Timestep 38, input to next step: -----------------------------------GGGGGGGGGGGGGGGGGGGGGGGGGGGGGGGGGGGGGG-------------------------------------
[2026-04-24 09:24:49,058][rfdiffusion.inference.utils][INFO] - Sampled motif RMSD: 0.20
[2026-04-24 09:24:49,298][rfdiffusion.inference.model_runners][INFO] - Timestep 37, input to next step: -----------------------------------GGGGGGGGGGGGGGGGGGGGGGGGGGGGGGGGGGGGGG-------------------------------------
[2026-04-24 09:24:56,229][rfdiffusion.inference.utils][INFO] - Sampled motif RMSD: 0.18
[2026-04-24 09:24:56,507][rfdiffusion.inference.model_runners][INFO] - Timestep 36, input to next step: -----------------------------------GGGGGGGGGGGGGGGGGGGGGGGGGGGGGGGGGGGGGG-------------------------------------
[2026-04-24 09:25:00,621][rfdiffusion.inference.utils][INFO] - Sampled motif RMSD: 0.18
[2026-04-24 09:25:00,915][rfdiffusion.inference.model_runners][INFO] - Timestep 35, input to next step: -----------------------------------GGGGGGGGGGGGGGGGGGGGGGGGGGGGGGGGGGGGGG-------------------------------------
[2026-04-24 09:25:06,202][rfdiffusion.inference.utils][INFO] - Sampled motif RMSD: 0.17
[2026-04-24 09:25:06,561][rfdiffusion.inference.model_runners][INFO] - Timestep 34, input to next step: -----------------------------------GGGGGGGGGGGGGGGGGGGGGGGGGGGGGGGGGGGGGG-------------------------------------
[2026-04-24 09:25:11,482][rfdiffusion.inference.utils][INFO] - Sampled motif RMSD: 0.18
[2026-04-24 09:25:11,952][rfdiffusion.inference.model_runners][INFO] - Timestep 33, input to next step: -----------------------------------GGGGGGGGGGGGGGGGGGGGGGGGGGGGGGGGGGGGGG-------------------------------------
[2026-04-24 09:25:18,348][rfdiffusion.inference.utils][INFO] - Sampled motif RMSD: 0.17
[2026-04-24 09:25:18,857][rfdiffusion.inference.model_runners][INFO] - Timestep 32, input to next step: -----------------------------------GGGGGGGGGGGGGGGGGGGGGGGGGGGGGGGGGGGGGG-------------------------------------
[2026-04-24 09:25:24,938][rfdiffusion.inference.utils][INFO] - Sampled motif RMSD: 0.17
[2026-04-24 09:25:25,154][rfdiffusion.inference.model_runners][INFO] - Timestep 31, input to next step: -----------------------------------GGGGGGGGGGGGGGGGGGGGGGGGGGGGGGGGGGGGGG-------------------------------------
[2026-04-24 09:25:31,096][rfdiffusion.inference.utils][INFO] - Sampled motif RMSD: 0.18
[2026-04-24 09:25:31,288][rfdiffusion.inference.model_runners][INFO] - Timestep 30, input to next step: -----------------------------------GGGGGGGGGGGGGGGGGGGGGGGGGGGGGGGGGGGGGG-------------------------------------
[2026-04-24 09:25:38,513][rfdiffusion.inference.utils][INFO] - Sampled motif RMSD: 0.17
[2026-04-24 09:25:38,729][rfdiffusion.inference.model_runners][INFO] - Timestep 29, input to next step: -----------------------------------GGGGGGGGGGGGGGGGGGGGGGGGGGGGGGGGGGGGGG-------------------------------------
[2026-04-24 09:25:42,519][rfdiffusion.inference.utils][INFO] - Sampled motif RMSD: 0.17
[2026-04-24 09:25:42,765][rfdiffusion.inference.model_runners][INFO] - Timestep 28, input to next step: -----------------------------------GGGGGGGGGGGGGGGGGGGGGGGGGGGGGGGGGGGGGG-------------------------------------
[2026-04-24 09:25:49,743][rfdiffusion.inference.utils][INFO] - Sampled motif RMSD: 0.17
[2026-04-24 09:25:49,955][rfdiffusion.inference.model_runners][INFO] - Timestep 27, input to next step: -----------------------------------GGGGGGGGGGGGGGGGGGGGGGGGGGGGGGGGGGGGGG-------------------------------------
[2026-04-24 09:25:55,104][rfdiffusion.inference.utils][INFO] - Sampled motif RMSD: 0.19
[2026-04-24 09:25:55,451][rfdiffusion.inference.model_runners][INFO] - Timestep 26, input to next step: -----------------------------------GGGGGGGGGGGGGGGGGGGGGGGGGGGGGGGGGGGGGG-------------------------------------
[2026-04-24 09:26:00,526][rfdiffusion.inference.utils][INFO] - Sampled motif RMSD: 0.18
[2026-04-24 09:26:01,149][rfdiffusion.inference.model_runners][INFO] - Timestep 25, input to next step: -----------------------------------GGGGGGGGGGGGGGGGGGGGGGGGGGGGGGGGGGGGGG-------------------------------------
[2026-04-24 09:26:07,114][rfdiffusion.inference.utils][INFO] - Sampled motif RMSD: 0.17
[2026-04-24 09:26:07,332][rfdiffusion.inference.model_runners][INFO] - Timestep 24, input to next step: -----------------------------------GGGGGGGGGGGGGGGGGGGGGGGGGGGGGGGGGGGGGG-------------------------------------
[2026-04-24 09:26:14,549][rfdiffusion.inference.utils][INFO] - Sampled motif RMSD: 0.16
[2026-04-24 09:26:14,930][rfdiffusion.inference.model_runners][INFO] - Timestep 23, input to next step: -----------------------------------GGGGGGGGGGGGGGGGGGGGGGGGGGGGGGGGGGGGGG-------------------------------------
[2026-04-24 09:26:19,075][rfdiffusion.inference.utils][INFO] - Sampled motif RMSD: 0.15
[2026-04-24 09:26:19,345][rfdiffusion.inference.model_runners][INFO] - Timestep 22, input to next step: -----------------------------------GGGGGGGGGGGGGGGGGGGGGGGGGGGGGGGGGGGGGG-------------------------------------
[2026-04-24 09:26:23,000][rfdiffusion.inference.utils][INFO] - Sampled motif RMSD: 0.13
[2026-04-24 09:26:23,332][rfdiffusion.inference.model_runners][INFO] - Timestep 21, input to next step: -----------------------------------GGGGGGGGGGGGGGGGGGGGGGGGGGGGGGGGGGGGGG-------------------------------------
[2026-04-24 09:26:28,123][rfdiffusion.inference.utils][INFO] - Sampled motif RMSD: 0.14
[2026-04-24 09:26:28,418][rfdiffusion.inference.model_runners][INFO] - Timestep 20, input to next step: -----------------------------------GGGGGGGGGGGGGGGGGGGGGGGGGGGGGGGGGGGGGG-------------------------------------
[2026-04-24 09:26:33,528][rfdiffusion.inference.utils][INFO] - Sampled motif RMSD: 0.15
[2026-04-24 09:26:33,910][rfdiffusion.inference.model_runners][INFO] - Timestep 19, input to next step: -----------------------------------GGGGGGGGGGGGGGGGGGGGGGGGGGGGGGGGGGGGGG-------------------------------------
[2026-04-24 09:26:39,404][rfdiffusion.inference.utils][INFO] - Sampled motif RMSD: 0.17
[2026-04-24 09:26:39,699][rfdiffusion.inference.model_runners][INFO] - Timestep 18, input to next step: -----------------------------------GGGGGGGGGGGGGGGGGGGGGGGGGGGGGGGGGGGGGG-------------------------------------
[2026-04-24 09:26:44,597][rfdiffusion.inference.utils][INFO] - Sampled motif RMSD: 0.18
[2026-04-24 09:26:44,839][rfdiffusion.inference.model_runners][INFO] - Timestep 17, input to next step: -----------------------------------GGGGGGGGGGGGGGGGGGGGGGGGGGGGGGGGGGGGGG-------------------------------------
[2026-04-24 09:26:48,641][rfdiffusion.inference.utils][INFO] - Sampled motif RMSD: 0.17
[2026-04-24 09:26:49,155][rfdiffusion.inference.model_runners][INFO] - Timestep 16, input to next step: -----------------------------------GGGGGGGGGGGGGGGGGGGGGGGGGGGGGGGGGGGGGG-------------------------------------
[2026-04-24 09:26:52,702][rfdiffusion.inference.utils][INFO] - Sampled motif RMSD: 0.17
[2026-04-24 09:26:53,032][rfdiffusion.inference.model_runners][INFO] - Timestep 15, input to next step: -----------------------------------GGGGGGGGGGGGGGGGGGGGGGGGGGGGGGGGGGGGGG-------------------------------------
[2026-04-24 09:26:58,030][rfdiffusion.inference.utils][INFO] - Sampled motif RMSD: 0.17
[2026-04-24 09:26:58,223][rfdiffusion.inference.model_runners][INFO] - Timestep 14, input to next step: -----------------------------------GGGGGGGGGGGGGGGGGGGGGGGGGGGGGGGGGGGGGG-------------------------------------
[2026-04-24 09:27:02,705][rfdiffusion.inference.utils][INFO] - Sampled motif RMSD: 0.18
[2026-04-24 09:27:03,013][rfdiffusion.inference.model_runners][INFO] - Timestep 13, input to next step: -----------------------------------GGGGGGGGGGGGGGGGGGGGGGGGGGGGGGGGGGGGGG-------------------------------------
[2026-04-24 09:27:06,903][rfdiffusion.inference.utils][INFO] - Sampled motif RMSD: 0.17
[2026-04-24 09:27:07,144][rfdiffusion.inference.model_runners][INFO] - Timestep 12, input to next step: -----------------------------------GGGGGGGGGGGGGGGGGGGGGGGGGGGGGGGGGGGGGG-------------------------------------
[2026-04-24 09:27:11,952][rfdiffusion.inference.utils][INFO] - Sampled motif RMSD: 0.16
[2026-04-24 09:27:12,249][rfdiffusion.inference.model_runners][INFO] - Timestep 11, input to next step: -----------------------------------GGGGGGGGGGGGGGGGGGGGGGGGGGGGGGGGGGGGGG-------------------------------------
[2026-04-24 09:27:17,753][rfdiffusion.inference.utils][INFO] - Sampled motif RMSD: 0.17
[2026-04-24 09:27:17,989][rfdiffusion.inference.model_runners][INFO] - Timestep 10, input to next step: -----------------------------------GGGGGGGGGGGGGGGGGGGGGGGGGGGGGGGGGGGGGG-------------------------------------
[2026-04-24 09:27:22,367][rfdiffusion.inference.utils][INFO] - Sampled motif RMSD: 0.17
[2026-04-24 09:27:22,611][rfdiffusion.inference.model_runners][INFO] - Timestep 9, input to next step: -----------------------------------GGGGGGGGGGGGGGGGGGGGGGGGGGGGGGGGGGGGGG-------------------------------------
[2026-04-24 09:27:27,974][rfdiffusion.inference.utils][INFO] - Sampled motif RMSD: 0.17
[2026-04-24 09:27:28,277][rfdiffusion.inference.model_runners][INFO] - Timestep 8, input to next step: -----------------------------------GGGGGGGGGGGGGGGGGGGGGGGGGGGGGGGGGGGGGG-------------------------------------
[2026-04-24 09:27:32,511][rfdiffusion.inference.utils][INFO] - Sampled motif RMSD: 0.17
[2026-04-24 09:27:32,922][rfdiffusion.inference.model_runners][INFO] - Timestep 7, input to next step: -----------------------------------GGGGGGGGGGGGGGGGGGGGGGGGGGGGGGGGGGGGGG-------------------------------------
[2026-04-24 09:27:37,457][rfdiffusion.inference.utils][INFO] - Sampled motif RMSD: 0.17
[2026-04-24 09:27:37,822][rfdiffusion.inference.model_runners][INFO] - Timestep 6, input to next step: -----------------------------------GGGGGGGGGGGGGGGGGGGGGGGGGGGGGGGGGGGGGG-------------------------------------
[2026-04-24 09:27:41,248][rfdiffusion.inference.utils][INFO] - Sampled motif RMSD: 0.17
[2026-04-24 09:27:41,526][rfdiffusion.inference.model_runners][INFO] - Timestep 5, input to next step: -----------------------------------GGGGGGGGGGGGGGGGGGGGGGGGGGGGGGGGGGGGGG-------------------------------------
[2026-04-24 09:27:45,826][rfdiffusion.inference.utils][INFO] - Sampled motif RMSD: 0.17
[2026-04-24 09:27:46,037][rfdiffusion.inference.model_runners][INFO] - Timestep 4, input to next step: -----------------------------------GGGGGGGGGGGGGGGGGGGGGGGGGGGGGGGGGGGGGG-------------------------------------
[2026-04-24 09:27:50,656][rfdiffusion.inference.utils][INFO] - Sampled motif RMSD: 0.17
[2026-04-24 09:27:50,903][rfdiffusion.inference.model_runners][INFO] - Timestep 3, input to next step: -----------------------------------GGGGGGGGGGGGGGGGGGGGGGGGGGGGGGGGGGGGGG-------------------------------------
[2026-04-24 09:27:55,401][rfdiffusion.inference.utils][INFO] - Sampled motif RMSD: 0.16
[2026-04-24 09:27:55,541][rfdiffusion.inference.model_runners][INFO] - Timestep 2, input to next step: -----------------------------------GGGGGGGGGGGGGGGGGGGGGGGGGGGGGGGGGGGGGG-------------------------------------
[2026-04-24 09:28:04,336][__main__][INFO] - Finished design in 4.80 minutes
