[2026-04-24 09:49:39,109][__main__][INFO] - Found GPU with device_name NVIDIA A100-SXM4-80GB. Will run RFdiffusion on NVIDIA A100-SXM4-80GB
Reading models from /lambda/nfs/manvi/Team_8_CS598GBL/RFdiffusion/rfdiffusion/inference/../../models
[2026-04-24 09:49:39,112][rfdiffusion.inference.model_runners][INFO] - Reading checkpoint from /lambda/nfs/manvi/Team_8_CS598GBL/RFdiffusion/rfdiffusion/inference/../../models/Base_ckpt.pt
This is inf_conf.ckpt_path
/lambda/nfs/manvi/Team_8_CS598GBL/RFdiffusion/rfdiffusion/inference/../../models/Base_ckpt.pt
Assembling -model, -diffuser and -preprocess configs from checkpoint
USING MODEL CONFIG: self._conf[model][n_extra_block] = 4
USING MODEL CONFIG: self._conf[model][n_main_block] = 32
USING MODEL CONFIG: self._conf[model][n_ref_block] = 4
USING MODEL CONFIG: self._conf[model][d_msa] = 256
USING MODEL CONFIG: self._conf[model][d_msa_full] = 64
USING MODEL CONFIG: self._conf[model][d_pair] = 128
USING MODEL CONFIG: self._conf[model][d_templ] = 64
USING MODEL CONFIG: self._conf[model][n_head_msa] = 8
USING MODEL CONFIG: self._conf[model][n_head_pair] = 4
USING MODEL CONFIG: self._conf[model][n_head_templ] = 4
USING MODEL CONFIG: self._conf[model][d_hidden] = 32
USING MODEL CONFIG: self._conf[model][d_hidden_templ] = 32
USING MODEL CONFIG: self._conf[model][p_drop] = 0.15
USING MODEL CONFIG: self._conf[model][SE3_param_full] = {'num_layers': 1, 'num_channels': 32, 'num_degrees': 2, 'n_heads': 4, 'div': 4, 'l0_in_features': 8, 'l0_out_features': 8, 'l1_in_features': 3, 'l1_out_features': 2, 'num_edge_features': 32}
USING MODEL CONFIG: self._conf[model][SE3_param_topk] = {'num_layers': 1, 'num_channels': 32, 'num_degrees': 2, 'n_heads': 4, 'div': 4, 'l0_in_features': 64, 'l0_out_features': 64, 'l1_in_features': 3, 'l1_out_features': 2, 'num_edge_features': 64}
USING MODEL CONFIG: self._conf[model][freeze_track_motif] = False
USING MODEL CONFIG: self._conf[model][use_motif_timestep] = True
USING MODEL CONFIG: self._conf[diffuser][T] = 50
USING MODEL CONFIG: self._conf[diffuser][b_0] = 0.01
USING MODEL CONFIG: self._conf[diffuser][b_T] = 0.07
USING MODEL CONFIG: self._conf[diffuser][schedule_type] = linear
USING MODEL CONFIG: self._conf[diffuser][so3_type] = igso3
USING MODEL CONFIG: self._conf[diffuser][crd_scale] = 0.25
USING MODEL CONFIG: self._conf[diffuser][so3_schedule_type] = linear
USING MODEL CONFIG: self._conf[diffuser][min_b] = 1.5
USING MODEL CONFIG: self._conf[diffuser][max_b] = 2.5
USING MODEL CONFIG: self._conf[diffuser][min_sigma] = 0.02
USING MODEL CONFIG: self._conf[diffuser][max_sigma] = 1.5
USING MODEL CONFIG: self._conf[preprocess][sidechain_input] = False
USING MODEL CONFIG: self._conf[preprocess][motif_sidechain_input] = True
USING MODEL CONFIG: self._conf[preprocess][d_t1d] = 22
USING MODEL CONFIG: self._conf[preprocess][d_t2d] = 44
USING MODEL CONFIG: self._conf[preprocess][prob_self_cond] = 0.5
USING MODEL CONFIG: self._conf[preprocess][str_self_cond] = True
USING MODEL CONFIG: self._conf[preprocess][predict_previous] = False
[2026-04-24 09:51:11,403][rfdiffusion.inference.model_runners][INFO] - Loading checkpoint.
[2026-04-24 09:51:23,993][rfdiffusion.diffusion][INFO] - Using cached IGSO3.
Successful diffuser __init__
[2026-04-24 09:51:24,028][__main__][INFO] - Making design /lambda/nfs/manvi/Team_8_CS598GBL/outputs/custom90_128_motif_scaffolding/low_noise/len_095/nterm/scaffold_0
[2026-04-24 09:51:24,036][rfdiffusion.inference.model_runners][INFO] - Using contig: ['A1-20/19-31']
With this beta schedule (linear schedule, beta_0 = 0.04, beta_T = 0.28), alpha_bar_T = 0.00013696048699785024
[2026-04-24 09:51:24,283][rfdiffusion.inference.model_runners][INFO] - Sequence init: GGGGGGGGGGGGGGGGGGGG------------------------------
[2026-04-24 09:51:31,755][rfdiffusion.inference.utils][INFO] - Sampled motif RMSD: 0.24
[2026-04-24 09:51:31,846][rfdiffusion.inference.model_runners][INFO] - Timestep 50, input to next step: GGGGGGGGGGGGGGGGGGGG------------------------------
[2026-04-24 09:51:37,786][rfdiffusion.inference.utils][INFO] - Sampled motif RMSD: 0.22
[2026-04-24 09:51:38,154][rfdiffusion.inference.model_runners][INFO] - Timestep 49, input to next step: GGGGGGGGGGGGGGGGGGGG------------------------------
[2026-04-24 09:51:44,912][rfdiffusion.inference.utils][INFO] - Sampled motif RMSD: 0.19
[2026-04-24 09:51:45,236][rfdiffusion.inference.model_runners][INFO] - Timestep 48, input to next step: GGGGGGGGGGGGGGGGGGGG------------------------------
[2026-04-24 09:51:50,398][rfdiffusion.inference.utils][INFO] - Sampled motif RMSD: 0.22
[2026-04-24 09:51:50,849][rfdiffusion.inference.model_runners][INFO] - Timestep 47, input to next step: GGGGGGGGGGGGGGGGGGGG------------------------------
[2026-04-24 09:51:57,368][rfdiffusion.inference.utils][INFO] - Sampled motif RMSD: 0.23
[2026-04-24 09:51:57,940][rfdiffusion.inference.model_runners][INFO] - Timestep 46, input to next step: GGGGGGGGGGGGGGGGGGGG------------------------------
[2026-04-24 09:52:03,780][rfdiffusion.inference.utils][INFO] - Sampled motif RMSD: 0.23
[2026-04-24 09:52:04,030][rfdiffusion.inference.model_runners][INFO] - Timestep 45, input to next step: GGGGGGGGGGGGGGGGGGGG------------------------------
[2026-04-24 09:52:08,294][rfdiffusion.inference.utils][INFO] - Sampled motif RMSD: 0.22
[2026-04-24 09:52:08,864][rfdiffusion.inference.model_runners][INFO] - Timestep 44, input to next step: GGGGGGGGGGGGGGGGGGGG------------------------------
[2026-04-24 09:52:15,511][rfdiffusion.inference.utils][INFO] - Sampled motif RMSD: 0.22
[2026-04-24 09:52:16,000][rfdiffusion.inference.model_runners][INFO] - Timestep 43, input to next step: GGGGGGGGGGGGGGGGGGGG------------------------------
[2026-04-24 09:52:22,119][rfdiffusion.inference.utils][INFO] - Sampled motif RMSD: 0.20
[2026-04-24 09:52:22,534][rfdiffusion.inference.model_runners][INFO] - Timestep 42, input to next step: GGGGGGGGGGGGGGGGGGGG------------------------------
[2026-04-24 09:52:28,925][rfdiffusion.inference.utils][INFO] - Sampled motif RMSD: 0.18
[2026-04-24 09:52:29,334][rfdiffusion.inference.model_runners][INFO] - Timestep 41, input to next step: GGGGGGGGGGGGGGGGGGGG------------------------------
[2026-04-24 09:52:35,224][rfdiffusion.inference.utils][INFO] - Sampled motif RMSD: 0.18
[2026-04-24 09:52:35,697][rfdiffusion.inference.model_runners][INFO] - Timestep 40, input to next step: GGGGGGGGGGGGGGGGGGGG------------------------------
[2026-04-24 09:52:41,726][rfdiffusion.inference.utils][INFO] - Sampled motif RMSD: 0.18
[2026-04-24 09:52:42,173][rfdiffusion.inference.model_runners][INFO] - Timestep 39, input to next step: GGGGGGGGGGGGGGGGGGGG------------------------------
[2026-04-24 09:52:49,075][rfdiffusion.inference.utils][INFO] - Sampled motif RMSD: 0.17
[2026-04-24 09:52:49,667][rfdiffusion.inference.model_runners][INFO] - Timestep 38, input to next step: GGGGGGGGGGGGGGGGGGGG------------------------------
[2026-04-24 09:52:56,356][rfdiffusion.inference.utils][INFO] - Sampled motif RMSD: 0.16
[2026-04-24 09:52:56,827][rfdiffusion.inference.model_runners][INFO] - Timestep 37, input to next step: GGGGGGGGGGGGGGGGGGGG------------------------------
[2026-04-24 09:53:03,360][rfdiffusion.inference.utils][INFO] - Sampled motif RMSD: 0.16
[2026-04-24 09:53:03,920][rfdiffusion.inference.model_runners][INFO] - Timestep 36, input to next step: GGGGGGGGGGGGGGGGGGGG------------------------------
[2026-04-24 09:53:07,236][rfdiffusion.inference.utils][INFO] - Sampled motif RMSD: 0.15
[2026-04-24 09:53:07,788][rfdiffusion.inference.model_runners][INFO] - Timestep 35, input to next step: GGGGGGGGGGGGGGGGGGGG------------------------------
[2026-04-24 09:53:10,697][rfdiffusion.inference.utils][INFO] - Sampled motif RMSD: 0.15
[2026-04-24 09:53:11,098][rfdiffusion.inference.model_runners][INFO] - Timestep 34, input to next step: GGGGGGGGGGGGGGGGGGGG------------------------------
[2026-04-24 09:53:16,974][rfdiffusion.inference.utils][INFO] - Sampled motif RMSD: 0.15
[2026-04-24 09:53:17,354][rfdiffusion.inference.model_runners][INFO] - Timestep 33, input to next step: GGGGGGGGGGGGGGGGGGGG------------------------------
[2026-04-24 09:53:23,509][rfdiffusion.inference.utils][INFO] - Sampled motif RMSD: 0.15
[2026-04-24 09:53:24,031][rfdiffusion.inference.model_runners][INFO] - Timestep 32, input to next step: GGGGGGGGGGGGGGGGGGGG------------------------------
[2026-04-24 09:53:30,509][rfdiffusion.inference.utils][INFO] - Sampled motif RMSD: 0.16
[2026-04-24 09:53:30,980][rfdiffusion.inference.model_runners][INFO] - Timestep 31, input to next step: GGGGGGGGGGGGGGGGGGGG------------------------------
[2026-04-24 09:53:36,685][rfdiffusion.inference.utils][INFO] - Sampled motif RMSD: 0.16
[2026-04-24 09:53:37,036][rfdiffusion.inference.model_runners][INFO] - Timestep 30, input to next step: GGGGGGGGGGGGGGGGGGGG------------------------------
[2026-04-24 09:53:44,960][rfdiffusion.inference.utils][INFO] - Sampled motif RMSD: 0.16
[2026-04-24 09:53:45,516][rfdiffusion.inference.model_runners][INFO] - Timestep 29, input to next step: GGGGGGGGGGGGGGGGGGGG------------------------------
[2026-04-24 09:53:53,281][rfdiffusion.inference.utils][INFO] - Sampled motif RMSD: 0.16
[2026-04-24 09:53:53,896][rfdiffusion.inference.model_runners][INFO] - Timestep 28, input to next step: GGGGGGGGGGGGGGGGGGGG------------------------------
[2026-04-24 09:54:00,824][rfdiffusion.inference.utils][INFO] - Sampled motif RMSD: 0.16
[2026-04-24 09:54:01,408][rfdiffusion.inference.model_runners][INFO] - Timestep 27, input to next step: GGGGGGGGGGGGGGGGGGGG------------------------------
[2026-04-24 09:54:06,802][rfdiffusion.inference.utils][INFO] - Sampled motif RMSD: 0.15
[2026-04-24 09:54:07,729][rfdiffusion.inference.model_runners][INFO] - Timestep 26, input to next step: GGGGGGGGGGGGGGGGGGGG------------------------------
[2026-04-24 09:54:12,238][rfdiffusion.inference.utils][INFO] - Sampled motif RMSD: 0.15
[2026-04-24 09:54:12,734][rfdiffusion.inference.model_runners][INFO] - Timestep 25, input to next step: GGGGGGGGGGGGGGGGGGGG------------------------------
[2026-04-24 09:54:18,774][rfdiffusion.inference.utils][INFO] - Sampled motif RMSD: 0.15
[2026-04-24 09:54:19,244][rfdiffusion.inference.model_runners][INFO] - Timestep 24, input to next step: GGGGGGGGGGGGGGGGGGGG------------------------------
[2026-04-24 09:54:23,758][rfdiffusion.inference.utils][INFO] - Sampled motif RMSD: 0.15
[2026-04-24 09:54:24,135][rfdiffusion.inference.model_runners][INFO] - Timestep 23, input to next step: GGGGGGGGGGGGGGGGGGGG------------------------------
[2026-04-24 09:54:27,247][rfdiffusion.inference.utils][INFO] - Sampled motif RMSD: 0.16
[2026-04-24 09:54:28,066][rfdiffusion.inference.model_runners][INFO] - Timestep 22, input to next step: GGGGGGGGGGGGGGGGGGGG------------------------------
[2026-04-24 09:54:33,976][rfdiffusion.inference.utils][INFO] - Sampled motif RMSD: 0.16
[2026-04-24 09:54:34,503][rfdiffusion.inference.model_runners][INFO] - Timestep 21, input to next step: GGGGGGGGGGGGGGGGGGGG------------------------------
[2026-04-24 09:54:41,396][rfdiffusion.inference.utils][INFO] - Sampled motif RMSD: 0.17
[2026-04-24 09:54:41,977][rfdiffusion.inference.model_runners][INFO] - Timestep 20, input to next step: GGGGGGGGGGGGGGGGGGGG------------------------------
[2026-04-24 09:54:47,189][rfdiffusion.inference.utils][INFO] - Sampled motif RMSD: 0.16
[2026-04-24 09:54:47,567][rfdiffusion.inference.model_runners][INFO] - Timestep 19, input to next step: GGGGGGGGGGGGGGGGGGGG------------------------------
[2026-04-24 09:54:54,743][rfdiffusion.inference.utils][INFO] - Sampled motif RMSD: 0.17
[2026-04-24 09:54:55,014][rfdiffusion.inference.model_runners][INFO] - Timestep 18, input to next step: GGGGGGGGGGGGGGGGGGGG------------------------------
[2026-04-24 09:55:02,748][rfdiffusion.inference.utils][INFO] - Sampled motif RMSD: 0.17
[2026-04-24 09:55:02,992][rfdiffusion.inference.model_runners][INFO] - Timestep 17, input to next step: GGGGGGGGGGGGGGGGGGGG------------------------------
[2026-04-24 09:55:10,436][rfdiffusion.inference.utils][INFO] - Sampled motif RMSD: 0.15
[2026-04-24 09:55:10,966][rfdiffusion.inference.model_runners][INFO] - Timestep 16, input to next step: GGGGGGGGGGGGGGGGGGGG------------------------------
[2026-04-24 09:55:18,214][rfdiffusion.inference.utils][INFO] - Sampled motif RMSD: 0.15
[2026-04-24 09:55:18,764][rfdiffusion.inference.model_runners][INFO] - Timestep 15, input to next step: GGGGGGGGGGGGGGGGGGGG------------------------------
[2026-04-24 09:55:23,643][rfdiffusion.inference.utils][INFO] - Sampled motif RMSD: 0.16
[2026-04-24 09:55:24,153][rfdiffusion.inference.model_runners][INFO] - Timestep 14, input to next step: GGGGGGGGGGGGGGGGGGGG------------------------------
[2026-04-24 09:55:30,183][rfdiffusion.inference.utils][INFO] - Sampled motif RMSD: 0.15
[2026-04-24 09:55:30,623][rfdiffusion.inference.model_runners][INFO] - Timestep 13, input to next step: GGGGGGGGGGGGGGGGGGGG------------------------------
[2026-04-24 09:55:37,421][rfdiffusion.inference.utils][INFO] - Sampled motif RMSD: 0.15
[2026-04-24 09:55:37,708][rfdiffusion.inference.model_runners][INFO] - Timestep 12, input to next step: GGGGGGGGGGGGGGGGGGGG------------------------------
[2026-04-24 09:55:44,799][rfdiffusion.inference.utils][INFO] - Sampled motif RMSD: 0.15
[2026-04-24 09:55:45,154][rfdiffusion.inference.model_runners][INFO] - Timestep 11, input to next step: GGGGGGGGGGGGGGGGGGGG------------------------------
[2026-04-24 09:55:51,477][rfdiffusion.inference.utils][INFO] - Sampled motif RMSD: 0.13
[2026-04-24 09:55:51,727][rfdiffusion.inference.model_runners][INFO] - Timestep 10, input to next step: GGGGGGGGGGGGGGGGGGGG------------------------------
[2026-04-24 09:55:59,379][rfdiffusion.inference.utils][INFO] - Sampled motif RMSD: 0.13
[2026-04-24 09:55:59,565][rfdiffusion.inference.model_runners][INFO] - Timestep 9, input to next step: GGGGGGGGGGGGGGGGGGGG------------------------------
[2026-04-24 09:56:04,388][rfdiffusion.inference.utils][INFO] - Sampled motif RMSD: 0.14
[2026-04-24 09:56:05,061][rfdiffusion.inference.model_runners][INFO] - Timestep 8, input to next step: GGGGGGGGGGGGGGGGGGGG------------------------------
[2026-04-24 09:56:10,265][rfdiffusion.inference.utils][INFO] - Sampled motif RMSD: 0.13
[2026-04-24 09:56:10,739][rfdiffusion.inference.model_runners][INFO] - Timestep 7, input to next step: GGGGGGGGGGGGGGGGGGGG------------------------------
[2026-04-24 09:56:14,813][rfdiffusion.inference.utils][INFO] - Sampled motif RMSD: 0.12
[2026-04-24 09:56:15,314][rfdiffusion.inference.model_runners][INFO] - Timestep 6, input to next step: GGGGGGGGGGGGGGGGGGGG------------------------------
[2026-04-24 09:56:21,232][rfdiffusion.inference.utils][INFO] - Sampled motif RMSD: 0.11
[2026-04-24 09:56:21,829][rfdiffusion.inference.model_runners][INFO] - Timestep 5, input to next step: GGGGGGGGGGGGGGGGGGGG------------------------------
[2026-04-24 09:56:27,577][rfdiffusion.inference.utils][INFO] - Sampled motif RMSD: 0.12
[2026-04-24 09:56:27,905][rfdiffusion.inference.model_runners][INFO] - Timestep 4, input to next step: GGGGGGGGGGGGGGGGGGGG------------------------------
[2026-04-24 09:56:33,966][rfdiffusion.inference.utils][INFO] - Sampled motif RMSD: 0.13
[2026-04-24 09:56:34,580][rfdiffusion.inference.model_runners][INFO] - Timestep 3, input to next step: GGGGGGGGGGGGGGGGGGGG------------------------------
[2026-04-24 09:56:41,415][rfdiffusion.inference.utils][INFO] - Sampled motif RMSD: 0.14
[2026-04-24 09:56:42,049][rfdiffusion.inference.model_runners][INFO] - Timestep 2, input to next step: GGGGGGGGGGGGGGGGGGGG------------------------------
[2026-04-24 09:56:48,663][__main__][INFO] - Finished design in 5.41 minutes
[2026-04-24 09:56:48,664][__main__][INFO] - Making design /lambda/nfs/manvi/Team_8_CS598GBL/outputs/custom90_128_motif_scaffolding/low_noise/len_095/nterm/scaffold_1
[2026-04-24 09:56:48,664][__main__][INFO] - (cautious mode) Skipping this design because /lambda/nfs/manvi/Team_8_CS598GBL/outputs/custom90_128_motif_scaffolding/low_noise/len_095/nterm/scaffold_1.pdb already exists.
fdiffusion.inference.utils][INFO] - Sampled motif RMSD: 0.23
[2026-04-24 09:52:29,959][rfdiffusion.inference.model_runners][INFO] - Timestep 50, input to next step: GGGGGGGGGGGGGGGGGGGG----------------------
[2026-04-24 09:52:33,698][rfdiffusion.inference.utils][INFO] - Sampled motif RMSD: 0.19
[2026-04-24 09:52:34,034][rfdiffusion.inference.model_runners][INFO] - Timestep 49, input to next step: GGGGGGGGGGGGGGGGGGGG----------------------
[2026-04-24 09:52:37,932][rfdiffusion.inference.utils][INFO] - Sampled motif RMSD: 0.18
[2026-04-24 09:52:38,184][rfdiffusion.inference.model_runners][INFO] - Timestep 48, input to next step: GGGGGGGGGGGGGGGGGGGG----------------------
[2026-04-24 09:52:43,787][rfdiffusion.inference.utils][INFO] - Sampled motif RMSD: 0.17
[2026-04-24 09:52:44,041][rfdiffusion.inference.model_runners][INFO] - Timestep 47, input to next step: GGGGGGGGGGGGGGGGGGGG----------------------
[2026-04-24 09:52:48,593][rfdiffusion.inference.utils][INFO] - Sampled motif RMSD: 0.18
[2026-04-24 09:52:48,925][rfdiffusion.inference.model_runners][INFO] - Timestep 46, input to next step: GGGGGGGGGGGGGGGGGGGG----------------------
[2026-04-24 09:52:55,145][rfdiffusion.inference.utils][INFO] - Sampled motif RMSD: 0.18
[2026-04-24 09:52:55,519][rfdiffusion.inference.model_runners][INFO] - Timestep 45, input to next step: GGGGGGGGGGGGGGGGGGGG----------------------
[2026-04-24 09:52:59,318][rfdiffusion.inference.utils][INFO] - Sampled motif RMSD: 0.17
[2026-04-24 09:52:59,575][rfdiffusion.inference.model_runners][INFO] - Timestep 44, input to next step: GGGGGGGGGGGGGGGGGGGG----------------------
[2026-04-24 09:53:04,882][rfdiffusion.inference.utils][INFO] - Sampled motif RMSD: 0.17
[2026-04-24 09:53:05,218][rfdiffusion.inference.model_runners][INFO] - Timestep 43, input to next step: GGGGGGGGGGGGGGGGGGGG----------------------
[2026-04-24 09:53:09,970][rfdiffusion.inference.utils][INFO] - Sampled motif RMSD: 0.19
[2026-04-24 09:53:10,410][rfdiffusion.inference.model_runners][INFO] - Timestep 42, input to next step: GGGGGGGGGGGGGGGGGGGG----------------------
[2026-04-24 09:53:14,322][rfdiffusion.inference.utils][INFO] - Sampled motif RMSD: 0.19
[2026-04-24 09:53:14,801][rfdiffusion.inference.model_runners][INFO] - Timestep 41, input to next step: GGGGGGGGGGGGGGGGGGGG----------------------
[2026-04-24 09:53:19,697][rfdiffusion.inference.utils][INFO] - Sampled motif RMSD: 0.20
[2026-04-24 09:53:20,047][rfdiffusion.inference.model_runners][INFO] - Timestep 40, input to next step: GGGGGGGGGGGGGGGGGGGG----------------------
[2026-04-24 09:53:23,356][rfdiffusion.inference.utils][INFO] - Sampled motif RMSD: 0.20
[2026-04-24 09:53:23,742][rfdiffusion.inference.model_runners][INFO] - Timestep 39, input to next step: GGGGGGGGGGGGGGGGGGGG----------------------
[2026-04-24 09:53:28,359][rfdiffusion.inference.utils][INFO] - Sampled motif RMSD: 0.21
[2026-04-24 09:53:28,787][rfdiffusion.inference.model_runners][INFO] - Timestep 38, input to next step: GGGGGGGGGGGGGGGGGGGG----------------------
[2026-04-24 09:53:34,564][rfdiffusion.inference.utils][INFO] - Sampled motif RMSD: 0.20
[2026-04-24 09:53:34,938][rfdiffusion.inference.model_runners][INFO] - Timestep 37, input to next step: GGGGGGGGGGGGGGGGGGGG----------------------
[2026-04-24 09:53:38,897][rfdiffusion.inference.utils][INFO] - Sampled motif RMSD: 0.20
[2026-04-24 09:53:39,244][rfdiffusion.inference.model_runners][INFO] - Timestep 36, input to next step: GGGGGGGGGGGGGGGGGGGG----------------------
[2026-04-24 09:53:43,196][rfdiffusion.inference.utils][INFO] - Sampled motif RMSD: 0.21
[2026-04-24 09:53:43,666][rfdiffusion.inference.model_runners][INFO] - Timestep 35, input to next step: GGGGGGGGGGGGGGGGGGGG----------------------
[2026-04-24 09:53:48,304][rfdiffusion.inference.utils][INFO] - Sampled motif RMSD: 0.22
[2026-04-24 09:53:48,649][rfdiffusion.inference.model_runners][INFO] - Timestep 34, input to next step: GGGGGGGGGGGGGGGGGGGG----------------------
[2026-04-24 09:53:53,600][rfdiffusion.inference.utils][INFO] - Sampled motif RMSD: 0.20
[2026-04-24 09:53:54,010][rfdiffusion.inference.model_runners][INFO] - Timestep 33, input to next step: GGGGGGGGGGGGGGGGGGGG----------------------
[2026-04-24 09:53:57,681][rfdiffusion.inference.utils][INFO] - Sampled motif RMSD: 0.20
[2026-04-24 09:53:57,929][rfdiffusion.inference.model_runners][INFO] - Timestep 32, input to next step: GGGGGGGGGGGGGGGGGGGG----------------------
[2026-04-24 09:54:02,715][rfdiffusion.inference.utils][INFO] - Sampled motif RMSD: 0.19
[2026-04-24 09:54:03,020][rfdiffusion.inference.model_runners][INFO] - Timestep 31, input to next step: GGGGGGGGGGGGGGGGGGGG----------------------
[2026-04-24 09:54:07,103][rfdiffusion.inference.utils][INFO] - Sampled motif RMSD: 0.19
[2026-04-24 09:54:07,856][rfdiffusion.inference.model_runners][INFO] - Timestep 30, input to next step: GGGGGGGGGGGGGGGGGGGG----------------------
[2026-04-24 09:54:11,978][rfdiffusion.inference.utils][INFO] - Sampled motif RMSD: 0.18
[2026-04-24 09:54:12,503][rfdiffusion.inference.model_runners][INFO] - Timestep 29, input to next step: GGGGGGGGGGGGGGGGGGGG----------------------
[2026-04-24 09:54:17,384][rfdiffusion.inference.utils][INFO] - Sampled motif RMSD: 0.18
[2026-04-24 09:54:17,591][rfdiffusion.inference.model_runners][INFO] - Timestep 28, input to next step: GGGGGGGGGGGGGGGGGGGG----------------------
[2026-04-24 09:54:22,017][rfdiffusion.inference.utils][INFO] - Sampled motif RMSD: 0.18
[2026-04-24 09:54:22,628][rfdiffusion.inference.model_runners][INFO] - Timestep 27, input to next step: GGGGGGGGGGGGGGGGGGGG----------------------
[2026-04-24 09:54:26,561][rfdiffusion.inference.utils][INFO] - Sampled motif RMSD: 0.20
[2026-04-24 09:54:27,203][rfdiffusion.inference.model_runners][INFO] - Timestep 26, input to next step: GGGGGGGGGGGGGGGGGGGG----------------------
[2026-04-24 09:54:32,588][rfdiffusion.inference.utils][INFO] - Sampled motif RMSD: 0.19
[2026-04-24 09:54:32,770][rfdiffusion.inference.model_runners][INFO] - Timestep 25, input to next step: GGGGGGGGGGGGGGGGGGGG----------------------
[2026-04-24 09:54:38,473][rfdiffusion.inference.utils][INFO] - Sampled motif RMSD: 0.19
[2026-04-24 09:54:38,722][rfdiffusion.inference.model_runners][INFO] - Timestep 24, input to next step: GGGGGGGGGGGGGGGGGGGG----------------------
[2026-04-24 09:54:42,871][rfdiffusion.inference.utils][INFO] - Sampled motif RMSD: 0.19
[2026-04-24 09:54:43,514][rfdiffusion.inference.model_runners][INFO] - Timestep 23, input to next step: GGGGGGGGGGGGGGGGGGGG----------------------
[2026-04-24 09:54:50,058][rfdiffusion.inference.utils][INFO] - Sampled motif RMSD: 0.18
[2026-04-24 09:54:50,672][rfdiffusion.inference.model_runners][INFO] - Timestep 22, input to next step: GGGGGGGGGGGGGGGGGGGG----------------------
[2026-04-24 09:54:55,671][rfdiffusion.inference.utils][INFO] - Sampled motif RMSD: 0.18
[2026-04-24 09:54:55,999][rfdiffusion.inference.model_runners][INFO] - Timestep 21, input to next step: GGGGGGGGGGGGGGGGGGGG----------------------
[2026-04-24 09:55:01,062][rfdiffusion.inference.utils][INFO] - Sampled motif RMSD: 0.18
[2026-04-24 09:55:01,406][rfdiffusion.inference.model_runners][INFO] - Timestep 20, input to next step: GGGGGGGGGGGGGGGGGGGG----------------------
[2026-04-24 09:55:06,112][rfdiffusion.inference.utils][INFO] - Sampled motif RMSD: 0.20
[2026-04-24 09:55:06,554][rfdiffusion.inference.model_runners][INFO] - Timestep 19, input to next step: GGGGGGGGGGGGGGGGGGGG----------------------
[2026-04-24 09:55:12,672][rfdiffusion.inference.utils][INFO] - Sampled motif RMSD: 0.20
[2026-04-24 09:55:13,054][rfdiffusion.inference.model_runners][INFO] - Timestep 18, input to next step: GGGGGGGGGGGGGGGGGGGG----------------------
[2026-04-24 09:55:16,171][rfdiffusion.inference.utils][INFO] - Sampled motif RMSD: 0.18
[2026-04-24 09:55:16,780][rfdiffusion.inference.model_runners][INFO] - Timestep 17, input to next step: GGGGGGGGGGGGGGGGGGGG----------------------
[2026-04-24 09:55:22,830][rfdiffusion.inference.utils][INFO] - Sampled motif RMSD: 0.18
[2026-04-24 09:55:23,133][rfdiffusion.inference.model_runners][INFO] - Timestep 16, input to next step: GGGGGGGGGGGGGGGGGGGG----------------------
[2026-04-24 09:55:28,185][rfdiffusion.inference.utils][INFO] - Sampled motif RMSD: 0.18
[2026-04-24 09:55:28,571][rfdiffusion.inference.model_runners][INFO] - Timestep 15, input to next step: GGGGGGGGGGGGGGGGGGGG----------------------
[2026-04-24 09:55:32,317][rfdiffusion.inference.utils][INFO] - Sampled motif RMSD: 0.18
[2026-04-24 09:55:32,493][rfdiffusion.inference.model_runners][INFO] - Timestep 14, input to next step: GGGGGGGGGGGGGGGGGGGG----------------------
[2026-04-24 09:55:37,556][rfdiffusion.inference.utils][INFO] - Sampled motif RMSD: 0.18
[2026-04-24 09:55:37,710][rfdiffusion.inference.model_runners][INFO] - Timestep 13, input to next step: GGGGGGGGGGGGGGGGGGGG----------------------
[2026-04-24 09:55:40,989][rfdiffusion.inference.utils][INFO] - Sampled motif RMSD: 0.17
[2026-04-24 09:55:41,249][rfdiffusion.inference.model_runners][INFO] - Timestep 12, input to next step: GGGGGGGGGGGGGGGGGGGG----------------------
[2026-04-24 09:55:45,588][rfdiffusion.inference.utils][INFO] - Sampled motif RMSD: 0.17
[2026-04-24 09:55:45,957][rfdiffusion.inference.model_runners][INFO] - Timestep 11, input to next step: GGGGGGGGGGGGGGGGGGGG----------------------
[2026-04-24 09:55:50,617][rfdiffusion.inference.utils][INFO] - Sampled motif RMSD: 0.17
[2026-04-24 09:55:50,979][rfdiffusion.inference.model_runners][INFO] - Timestep 10, input to next step: GGGGGGGGGGGGGGGGGGGG----------------------
[2026-04-24 09:55:53,899][rfdiffusion.inference.utils][INFO] - Sampled motif RMSD: 0.17
[2026-04-24 09:55:54,118][rfdiffusion.inference.model_runners][INFO] - Timestep 9, input to next step: GGGGGGGGGGGGGGGGGGGG----------------------
[2026-04-24 09:55:58,194][rfdiffusion.inference.utils][INFO] - Sampled motif RMSD: 0.17
[2026-04-24 09:55:58,609][rfdiffusion.inference.model_runners][INFO] - Timestep 8, input to next step: GGGGGGGGGGGGGGGGGGGG----------------------
[2026-04-24 09:56:03,064][rfdiffusion.inference.utils][INFO] - Sampled motif RMSD: 0.17
[2026-04-24 09:56:03,700][rfdiffusion.inference.model_runners][INFO] - Timestep 7, input to next step: GGGGGGGGGGGGGGGGGGGG----------------------
[2026-04-24 09:56:06,600][rfdiffusion.inference.utils][INFO] - Sampled motif RMSD: 0.16
[2026-04-24 09:56:06,877][rfdiffusion.inference.model_runners][INFO] - Timestep 6, input to next step: GGGGGGGGGGGGGGGGGGGG----------------------
[2026-04-24 09:56:09,656][rfdiffusion.inference.utils][INFO] - Sampled motif RMSD: 0.16
[2026-04-24 09:56:10,191][rfdiffusion.inference.model_runners][INFO] - Timestep 5, input to next step: GGGGGGGGGGGGGGGGGGGG----------------------
[2026-04-24 09:56:13,834][rfdiffusion.inference.utils][INFO] - Sampled motif RMSD: 0.16
[2026-04-24 09:56:14,077][rfdiffusion.inference.model_runners][INFO] - Timestep 4, input to next step: GGGGGGGGGGGGGGGGGGGG----------------------
[2026-04-24 09:56:16,385][rfdiffusion.inference.utils][INFO] - Sampled motif RMSD: 0.17
[2026-04-24 09:56:17,223][rfdiffusion.inference.model_runners][INFO] - Timestep 3, input to next step: GGGGGGGGGGGGGGGGGGGG----------------------
[2026-04-24 09:56:20,566][rfdiffusion.inference.utils][INFO] - Sampled motif RMSD: 0.16
[2026-04-24 09:56:20,730][rfdiffusion.inference.model_runners][INFO] - Timestep 2, input to next step: GGGGGGGGGGGGGGGGGGGG----------------------
[2026-04-24 09:56:26,908][__main__][INFO] - Finished design in 4.06 minutes
