[2026-04-24 10:30:58,096][__main__][INFO] - Found GPU with device_name NVIDIA A100-SXM4-80GB. Will run RFdiffusion on NVIDIA A100-SXM4-80GB
Reading models from /lambda/nfs/manvi/Team_8_CS598GBL/RFdiffusion/rfdiffusion/inference/../../models
[2026-04-24 10:30:58,113][rfdiffusion.inference.model_runners][INFO] - Reading checkpoint from /lambda/nfs/manvi/Team_8_CS598GBL/RFdiffusion/rfdiffusion/inference/../../models/Base_ckpt.pt
This is inf_conf.ckpt_path
/lambda/nfs/manvi/Team_8_CS598GBL/RFdiffusion/rfdiffusion/inference/../../models/Base_ckpt.pt
Assembling -model, -diffuser and -preprocess configs from checkpoint
USING MODEL CONFIG: self._conf[model][n_extra_block] = 4
USING MODEL CONFIG: self._conf[model][n_main_block] = 32
USING MODEL CONFIG: self._conf[model][n_ref_block] = 4
USING MODEL CONFIG: self._conf[model][d_msa] = 256
USING MODEL CONFIG: self._conf[model][d_msa_full] = 64
USING MODEL CONFIG: self._conf[model][d_pair] = 128
USING MODEL CONFIG: self._conf[model][d_templ] = 64
USING MODEL CONFIG: self._conf[model][n_head_msa] = 8
USING MODEL CONFIG: self._conf[model][n_head_pair] = 4
USING MODEL CONFIG: self._conf[model][n_head_templ] = 4
USING MODEL CONFIG: self._conf[model][d_hidden] = 32
USING MODEL CONFIG: self._conf[model][d_hidden_templ] = 32
USING MODEL CONFIG: self._conf[model][p_drop] = 0.15
USING MODEL CONFIG: self._conf[model][SE3_param_full] = {'num_layers': 1, 'num_channels': 32, 'num_degrees': 2, 'n_heads': 4, 'div': 4, 'l0_in_features': 8, 'l0_out_features': 8, 'l1_in_features': 3, 'l1_out_features': 2, 'num_edge_features': 32}
USING MODEL CONFIG: self._conf[model][SE3_param_topk] = {'num_layers': 1, 'num_channels': 32, 'num_degrees': 2, 'n_heads': 4, 'div': 4, 'l0_in_features': 64, 'l0_out_features': 64, 'l1_in_features': 3, 'l1_out_features': 2, 'num_edge_features': 64}
USING MODEL CONFIG: self._conf[model][freeze_track_motif] = False
USING MODEL CONFIG: self._conf[model][use_motif_timestep] = True
USING MODEL CONFIG: self._conf[diffuser][T] = 50
USING MODEL CONFIG: self._conf[diffuser][b_0] = 0.01
USING MODEL CONFIG: self._conf[diffuser][b_T] = 0.07
USING MODEL CONFIG: self._conf[diffuser][schedule_type] = linear
USING MODEL CONFIG: self._conf[diffuser][so3_type] = igso3
USING MODEL CONFIG: self._conf[diffuser][crd_scale] = 0.25
USING MODEL CONFIG: self._conf[diffuser][so3_schedule_type] = linear
USING MODEL CONFIG: self._conf[diffuser][min_b] = 1.5
USING MODEL CONFIG: self._conf[diffuser][max_b] = 2.5
USING MODEL CONFIG: self._conf[diffuser][min_sigma] = 0.02
USING MODEL CONFIG: self._conf[diffuser][max_sigma] = 1.5
USING MODEL CONFIG: self._conf[preprocess][sidechain_input] = False
USING MODEL CONFIG: self._conf[preprocess][motif_sidechain_input] = True
USING MODEL CONFIG: self._conf[preprocess][d_t1d] = 22
USING MODEL CONFIG: self._conf[preprocess][d_t2d] = 44
USING MODEL CONFIG: self._conf[preprocess][prob_self_cond] = 0.5
USING MODEL CONFIG: self._conf[preprocess][str_self_cond] = True
USING MODEL CONFIG: self._conf[preprocess][predict_previous] = False
[2026-04-24 10:32:28,372][rfdiffusion.inference.model_runners][INFO] - Loading checkpoint.
[2026-04-24 10:32:55,538][rfdiffusion.diffusion][INFO] - Using cached IGSO3.
Successful diffuser __init__
[2026-04-24 10:32:55,581][__main__][INFO] - Making design /lambda/nfs/manvi/Team_8_CS598GBL/outputs/custom90_128_motif_scaffolding/low_noise/len_118/short/scaffold_0
[2026-04-24 10:32:55,601][rfdiffusion.inference.model_runners][INFO] - Using contig: ['23-39/A51-66/23-39']
With this beta schedule (linear schedule, beta_0 = 0.04, beta_T = 0.28), alpha_bar_T = 0.00013696048699785024
[2026-04-24 10:32:56,347][rfdiffusion.inference.model_runners][INFO] - Sequence init: ------------------------------------GGGGGGGGGGGGGGGG--------------------------------
[2026-04-24 10:33:07,722][rfdiffusion.inference.utils][INFO] - Sampled motif RMSD: 0.19
[2026-04-24 10:33:08,094][rfdiffusion.inference.model_runners][INFO] - Timestep 50, input to next step: ------------------------------------GGGGGGGGGGGGGGGG--------------------------------
[2026-04-24 10:33:14,831][rfdiffusion.inference.utils][INFO] - Sampled motif RMSD: 0.15
[2026-04-24 10:33:15,273][rfdiffusion.inference.model_runners][INFO] - Timestep 49, input to next step: ------------------------------------GGGGGGGGGGGGGGGG--------------------------------
[2026-04-24 10:33:22,685][rfdiffusion.inference.utils][INFO] - Sampled motif RMSD: 0.15
[2026-04-24 10:33:23,075][rfdiffusion.inference.model_runners][INFO] - Timestep 48, input to next step: ------------------------------------GGGGGGGGGGGGGGGG--------------------------------
[2026-04-24 10:33:29,157][rfdiffusion.inference.utils][INFO] - Sampled motif RMSD: 0.15
[2026-04-24 10:33:29,430][rfdiffusion.inference.model_runners][INFO] - Timestep 47, input to next step: ------------------------------------GGGGGGGGGGGGGGGG--------------------------------
[2026-04-24 10:33:38,345][rfdiffusion.inference.utils][INFO] - Sampled motif RMSD: 0.17
[2026-04-24 10:33:38,645][rfdiffusion.inference.model_runners][INFO] - Timestep 46, input to next step: ------------------------------------GGGGGGGGGGGGGGGG--------------------------------
[2026-04-24 10:33:47,285][rfdiffusion.inference.utils][INFO] - Sampled motif RMSD: 0.18
[2026-04-24 10:33:47,474][rfdiffusion.inference.model_runners][INFO] - Timestep 45, input to next step: ------------------------------------GGGGGGGGGGGGGGGG--------------------------------
[2026-04-24 10:33:52,636][rfdiffusion.inference.utils][INFO] - Sampled motif RMSD: 0.18
[2026-04-24 10:33:52,963][rfdiffusion.inference.model_runners][INFO] - Timestep 44, input to next step: ------------------------------------GGGGGGGGGGGGGGGG--------------------------------
[2026-04-24 10:33:57,294][rfdiffusion.inference.utils][INFO] - Sampled motif RMSD: 0.17
[2026-04-24 10:33:57,599][rfdiffusion.inference.model_runners][INFO] - Timestep 43, input to next step: ------------------------------------GGGGGGGGGGGGGGGG--------------------------------
[2026-04-24 10:34:01,886][rfdiffusion.inference.utils][INFO] - Sampled motif RMSD: 0.16
[2026-04-24 10:34:02,189][rfdiffusion.inference.model_runners][INFO] - Timestep 42, input to next step: ------------------------------------GGGGGGGGGGGGGGGG--------------------------------
[2026-04-24 10:34:05,933][rfdiffusion.inference.utils][INFO] - Sampled motif RMSD: 0.15
[2026-04-24 10:34:06,280][rfdiffusion.inference.model_runners][INFO] - Timestep 41, input to next step: ------------------------------------GGGGGGGGGGGGGGGG--------------------------------
[2026-04-24 10:34:08,989][rfdiffusion.inference.utils][INFO] - Sampled motif RMSD: 0.14
[2026-04-24 10:34:09,486][rfdiffusion.inference.model_runners][INFO] - Timestep 40, input to next step: ------------------------------------GGGGGGGGGGGGGGGG--------------------------------
[2026-04-24 10:34:14,602][rfdiffusion.inference.utils][INFO] - Sampled motif RMSD: 0.13
[2026-04-24 10:34:15,171][rfdiffusion.inference.model_runners][INFO] - Timestep 39, input to next step: ------------------------------------GGGGGGGGGGGGGGGG--------------------------------
[2026-04-24 10:34:18,824][rfdiffusion.inference.utils][INFO] - Sampled motif RMSD: 0.14
[2026-04-24 10:34:19,349][rfdiffusion.inference.model_runners][INFO] - Timestep 38, input to next step: ------------------------------------GGGGGGGGGGGGGGGG--------------------------------
[2026-04-24 10:34:22,343][rfdiffusion.inference.utils][INFO] - Sampled motif RMSD: 0.13
[2026-04-24 10:34:22,718][rfdiffusion.inference.model_runners][INFO] - Timestep 37, input to next step: ------------------------------------GGGGGGGGGGGGGGGG--------------------------------
[2026-04-24 10:34:27,081][rfdiffusion.inference.utils][INFO] - Sampled motif RMSD: 0.13
[2026-04-24 10:34:27,520][rfdiffusion.inference.model_runners][INFO] - Timestep 36, input to next step: ------------------------------------GGGGGGGGGGGGGGGG--------------------------------
[2026-04-24 10:34:32,000][rfdiffusion.inference.utils][INFO] - Sampled motif RMSD: 0.15
[2026-04-24 10:34:32,475][rfdiffusion.inference.model_runners][INFO] - Timestep 35, input to next step: ------------------------------------GGGGGGGGGGGGGGGG--------------------------------
[2026-04-24 10:34:38,321][rfdiffusion.inference.utils][INFO] - Sampled motif RMSD: 0.16
[2026-04-24 10:34:38,643][rfdiffusion.inference.model_runners][INFO] - Timestep 34, input to next step: ------------------------------------GGGGGGGGGGGGGGGG--------------------------------
[2026-04-24 10:34:43,176][rfdiffusion.inference.utils][INFO] - Sampled motif RMSD: 0.20
[2026-04-24 10:34:43,370][rfdiffusion.inference.model_runners][INFO] - Timestep 33, input to next step: ------------------------------------GGGGGGGGGGGGGGGG--------------------------------
[2026-04-24 10:34:48,615][rfdiffusion.inference.utils][INFO] - Sampled motif RMSD: 0.26
[2026-04-24 10:34:48,935][rfdiffusion.inference.model_runners][INFO] - Timestep 32, input to next step: ------------------------------------GGGGGGGGGGGGGGGG--------------------------------
[2026-04-24 10:34:53,028][rfdiffusion.inference.utils][INFO] - Sampled motif RMSD: 0.29
[2026-04-24 10:34:53,350][rfdiffusion.inference.model_runners][INFO] - Timestep 31, input to next step: ------------------------------------GGGGGGGGGGGGGGGG--------------------------------
[2026-04-24 10:34:58,140][rfdiffusion.inference.utils][INFO] - Sampled motif RMSD: 0.29
[2026-04-24 10:34:58,381][rfdiffusion.inference.model_runners][INFO] - Timestep 30, input to next step: ------------------------------------GGGGGGGGGGGGGGGG--------------------------------
[2026-04-24 10:35:03,867][rfdiffusion.inference.utils][INFO] - Sampled motif RMSD: 0.28
[2026-04-24 10:35:04,137][rfdiffusion.inference.model_runners][INFO] - Timestep 29, input to next step: ------------------------------------GGGGGGGGGGGGGGGG--------------------------------
[2026-04-24 10:35:09,785][rfdiffusion.inference.utils][INFO] - Sampled motif RMSD: 0.29
[2026-04-24 10:35:10,142][rfdiffusion.inference.model_runners][INFO] - Timestep 28, input to next step: ------------------------------------GGGGGGGGGGGGGGGG--------------------------------
[2026-04-24 10:35:16,352][rfdiffusion.inference.utils][INFO] - Sampled motif RMSD: 0.27
[2026-04-24 10:35:16,742][rfdiffusion.inference.model_runners][INFO] - Timestep 27, input to next step: ------------------------------------GGGGGGGGGGGGGGGG--------------------------------
[2026-04-24 10:35:24,173][rfdiffusion.inference.utils][INFO] - Sampled motif RMSD: 0.25
[2026-04-24 10:35:24,434][rfdiffusion.inference.model_runners][INFO] - Timestep 26, input to next step: ------------------------------------GGGGGGGGGGGGGGGG--------------------------------
[2026-04-24 10:35:29,839][rfdiffusion.inference.utils][INFO] - Sampled motif RMSD: 0.24
[2026-04-24 10:35:30,210][rfdiffusion.inference.model_runners][INFO] - Timestep 25, input to next step: ------------------------------------GGGGGGGGGGGGGGGG--------------------------------
[2026-04-24 10:35:36,574][rfdiffusion.inference.utils][INFO] - Sampled motif RMSD: 0.23
[2026-04-24 10:35:36,905][rfdiffusion.inference.model_runners][INFO] - Timestep 24, input to next step: ------------------------------------GGGGGGGGGGGGGGGG--------------------------------
[2026-04-24 10:35:42,275][rfdiffusion.inference.utils][INFO] - Sampled motif RMSD: 0.22
[2026-04-24 10:35:42,618][rfdiffusion.inference.model_runners][INFO] - Timestep 23, input to next step: ------------------------------------GGGGGGGGGGGGGGGG--------------------------------
[2026-04-24 10:35:47,741][rfdiffusion.inference.utils][INFO] - Sampled motif RMSD: 0.22
[2026-04-24 10:35:48,017][rfdiffusion.inference.model_runners][INFO] - Timestep 22, input to next step: ------------------------------------GGGGGGGGGGGGGGGG--------------------------------
[2026-04-24 10:35:52,682][rfdiffusion.inference.utils][INFO] - Sampled motif RMSD: 0.22
[2026-04-24 10:35:53,164][rfdiffusion.inference.model_runners][INFO] - Timestep 21, input to next step: ------------------------------------GGGGGGGGGGGGGGGG--------------------------------
[2026-04-24 10:35:57,390][rfdiffusion.inference.utils][INFO] - Sampled motif RMSD: 0.24
[2026-04-24 10:35:57,829][rfdiffusion.inference.model_runners][INFO] - Timestep 20, input to next step: ------------------------------------GGGGGGGGGGGGGGGG--------------------------------
[2026-04-24 10:36:05,120][rfdiffusion.inference.utils][INFO] - Sampled motif RMSD: 0.23
[2026-04-24 10:36:05,492][rfdiffusion.inference.model_runners][INFO] - Timestep 19, input to next step: ------------------------------------GGGGGGGGGGGGGGGG--------------------------------
[2026-04-24 10:36:11,301][rfdiffusion.inference.utils][INFO] - Sampled motif RMSD: 0.24
[2026-04-24 10:36:11,579][rfdiffusion.inference.model_runners][INFO] - Timestep 18, input to next step: ------------------------------------GGGGGGGGGGGGGGGG--------------------------------
[2026-04-24 10:36:17,156][rfdiffusion.inference.utils][INFO] - Sampled motif RMSD: 0.24
[2026-04-24 10:36:17,647][rfdiffusion.inference.model_runners][INFO] - Timestep 17, input to next step: ------------------------------------GGGGGGGGGGGGGGGG--------------------------------
[2026-04-24 10:36:23,112][rfdiffusion.inference.utils][INFO] - Sampled motif RMSD: 0.24
[2026-04-24 10:36:23,516][rfdiffusion.inference.model_runners][INFO] - Timestep 16, input to next step: ------------------------------------GGGGGGGGGGGGGGGG--------------------------------
[2026-04-24 10:36:30,705][rfdiffusion.inference.utils][INFO] - Sampled motif RMSD: 0.26
[2026-04-24 10:36:30,960][rfdiffusion.inference.model_runners][INFO] - Timestep 15, input to next step: ------------------------------------GGGGGGGGGGGGGGGG--------------------------------
[2026-04-24 10:36:36,518][rfdiffusion.inference.utils][INFO] - Sampled motif RMSD: 0.27
[2026-04-24 10:36:36,745][rfdiffusion.inference.model_runners][INFO] - Timestep 14, input to next step: ------------------------------------GGGGGGGGGGGGGGGG--------------------------------
[2026-04-24 10:36:43,908][rfdiffusion.inference.utils][INFO] - Sampled motif RMSD: 0.27
[2026-04-24 10:36:44,415][rfdiffusion.inference.model_runners][INFO] - Timestep 13, input to next step: ------------------------------------GGGGGGGGGGGGGGGG--------------------------------
[2026-04-24 10:36:47,693][rfdiffusion.inference.utils][INFO] - Sampled motif RMSD: 0.27
[2026-04-24 10:36:48,362][rfdiffusion.inference.model_runners][INFO] - Timestep 12, input to next step: ------------------------------------GGGGGGGGGGGGGGGG--------------------------------
[2026-04-24 10:36:56,609][rfdiffusion.inference.utils][INFO] - Sampled motif RMSD: 0.27
[2026-04-24 10:36:57,074][rfdiffusion.inference.model_runners][INFO] - Timestep 11, input to next step: ------------------------------------GGGGGGGGGGGGGGGG--------------------------------
[2026-04-24 10:37:01,417][rfdiffusion.inference.utils][INFO] - Sampled motif RMSD: 0.26
[2026-04-24 10:37:01,971][rfdiffusion.inference.model_runners][INFO] - Timestep 10, input to next step: ------------------------------------GGGGGGGGGGGGGGGG--------------------------------
[2026-04-24 10:37:07,527][rfdiffusion.inference.utils][INFO] - Sampled motif RMSD: 0.26
[2026-04-24 10:37:08,046][rfdiffusion.inference.model_runners][INFO] - Timestep 9, input to next step: ------------------------------------GGGGGGGGGGGGGGGG--------------------------------
[2026-04-24 10:37:16,026][rfdiffusion.inference.utils][INFO] - Sampled motif RMSD: 0.27
[2026-04-24 10:37:16,500][rfdiffusion.inference.model_runners][INFO] - Timestep 8, input to next step: ------------------------------------GGGGGGGGGGGGGGGG--------------------------------
[2026-04-24 10:37:23,167][rfdiffusion.inference.utils][INFO] - Sampled motif RMSD: 0.26
[2026-04-24 10:37:23,607][rfdiffusion.inference.model_runners][INFO] - Timestep 7, input to next step: ------------------------------------GGGGGGGGGGGGGGGG--------------------------------
[2026-04-24 10:37:29,795][rfdiffusion.inference.utils][INFO] - Sampled motif RMSD: 0.26
[2026-04-24 10:37:30,060][rfdiffusion.inference.model_runners][INFO] - Timestep 6, input to next step: ------------------------------------GGGGGGGGGGGGGGGG--------------------------------
[2026-04-24 10:37:36,885][rfdiffusion.inference.utils][INFO] - Sampled motif RMSD: 0.26
[2026-04-24 10:37:37,293][rfdiffusion.inference.model_runners][INFO] - Timestep 5, input to next step: ------------------------------------GGGGGGGGGGGGGGGG--------------------------------
[2026-04-24 10:37:44,384][rfdiffusion.inference.utils][INFO] - Sampled motif RMSD: 0.23
[2026-04-24 10:37:44,875][rfdiffusion.inference.model_runners][INFO] - Timestep 4, input to next step: ------------------------------------GGGGGGGGGGGGGGGG--------------------------------
[2026-04-24 10:37:51,981][rfdiffusion.inference.utils][INFO] - Sampled motif RMSD: 0.24
[2026-04-24 10:37:52,403][rfdiffusion.inference.model_runners][INFO] - Timestep 3, input to next step: ------------------------------------GGGGGGGGGGGGGGGG--------------------------------
[2026-04-24 10:38:00,530][rfdiffusion.inference.utils][INFO] - Sampled motif RMSD: 0.23
[2026-04-24 10:38:01,098][rfdiffusion.inference.model_runners][INFO] - Timestep 2, input to next step: ------------------------------------GGGGGGGGGGGGGGGG--------------------------------
[2026-04-24 10:38:16,103][__main__][INFO] - Finished design in 5.34 minutes
[2026-04-24 10:38:16,104][__main__][INFO] - Making design /lambda/nfs/manvi/Team_8_CS598GBL/outputs/custom90_128_motif_scaffolding/low_noise/len_118/short/scaffold_1
[2026-04-24 10:38:16,134][rfdiffusion.inference.model_runners][INFO] - Using contig: ['23-39/A51-66/23-39']
With this beta schedule (linear schedule, beta_0 = 0.04, beta_T = 0.28), alpha_bar_T = 0.00013696048699785024
[2026-04-24 10:38:16,571][rfdiffusion.inference.model_runners][INFO] - Sequence init: -------------------------------GGGGGGGGGGGGGGGG--------------------------------------
[2026-04-24 10:38:24,236][rfdiffusion.inference.utils][INFO] - Sampled motif RMSD: 0.21
[2026-04-24 10:38:24,526][rfdiffusion.inference.model_runners][INFO] - Timestep 50, input to next step: -------------------------------GGGGGGGGGGGGGGGG--------------------------------------
[2026-04-24 10:38:32,037][rfdiffusion.inference.utils][INFO] - Sampled motif RMSD: 0.21
[2026-04-24 10:38:32,359][rfdiffusion.inference.model_runners][INFO] - Timestep 49, input to next step: -------------------------------GGGGGGGGGGGGGGGG--------------------------------------
[2026-04-24 10:38:37,992][rfdiffusion.inference.utils][INFO] - Sampled motif RMSD: 0.20
[2026-04-24 10:38:38,407][rfdiffusion.inference.model_runners][INFO] - Timestep 48, input to next step: -------------------------------GGGGGGGGGGGGGGGG--------------------------------------
[2026-04-24 10:38:44,419][rfdiffusion.inference.utils][INFO] - Sampled motif RMSD: 0.22
[2026-04-24 10:38:44,721][rfdiffusion.inference.model_runners][INFO] - Timestep 47, input to next step: -------------------------------GGGGGGGGGGGGGGGG--------------------------------------
[2026-04-24 10:38:52,675][rfdiffusion.inference.utils][INFO] - Sampled motif RMSD: 0.22
[2026-04-24 10:38:53,205][rfdiffusion.inference.model_runners][INFO] - Timestep 46, input to next step: -------------------------------GGGGGGGGGGGGGGGG--------------------------------------
[2026-04-24 10:38:58,250][rfdiffusion.inference.utils][INFO] - Sampled motif RMSD: 0.21
[2026-04-24 10:38:58,655][rfdiffusion.inference.model_runners][INFO] - Timestep 45, input to next step: -------------------------------GGGGGGGGGGGGGGGG--------------------------------------
[2026-04-24 10:39:05,599][rfdiffusion.inference.utils][INFO] - Sampled motif RMSD: 0.23
[2026-04-24 10:39:06,068][rfdiffusion.inference.model_runners][INFO] - Timestep 44, input to next step: -------------------------------GGGGGGGGGGGGGGGG--------------------------------------
[2026-04-24 10:39:12,908][rfdiffusion.inference.utils][INFO] - Sampled motif RMSD: 0.22
[2026-04-24 10:39:13,483][rfdiffusion.inference.model_runners][INFO] - Timestep 43, input to next step: -------------------------------GGGGGGGGGGGGGGGG--------------------------------------
[2026-04-24 10:39:21,041][rfdiffusion.inference.utils][INFO] - Sampled motif RMSD: 0.22
[2026-04-24 10:39:21,923][rfdiffusion.inference.model_runners][INFO] - Timestep 42, input to next step: -------------------------------GGGGGGGGGGGGGGGG--------------------------------------
[2026-04-24 10:39:30,087][rfdiffusion.inference.utils][INFO] - Sampled motif RMSD: 0.21
[2026-04-24 10:39:30,795][rfdiffusion.inference.model_runners][INFO] - Timestep 41, input to next step: -------------------------------GGGGGGGGGGGGGGGG--------------------------------------
[2026-04-24 10:39:37,108][rfdiffusion.inference.utils][INFO] - Sampled motif RMSD: 0.23
[2026-04-24 10:39:37,681][rfdiffusion.inference.model_runners][INFO] - Timestep 40, input to next step: -------------------------------GGGGGGGGGGGGGGGG--------------------------------------
[2026-04-24 10:39:40,582][rfdiffusion.inference.utils][INFO] - Sampled motif RMSD: 0.26
[2026-04-24 10:39:40,931][rfdiffusion.inference.model_runners][INFO] - Timestep 39, input to next step: -------------------------------GGGGGGGGGGGGGGGG--------------------------------------
[2026-04-24 10:39:44,032][rfdiffusion.inference.utils][INFO] - Sampled motif RMSD: 0.30
[2026-04-24 10:39:44,451][rfdiffusion.inference.model_runners][INFO] - Timestep 38, input to next step: -------------------------------GGGGGGGGGGGGGGGG--------------------------------------
[2026-04-24 10:39:47,916][rfdiffusion.inference.utils][INFO] - Sampled motif RMSD: 0.32
[2026-04-24 10:39:48,288][rfdiffusion.inference.model_runners][INFO] - Timestep 37, input to next step: -------------------------------GGGGGGGGGGGGGGGG--------------------------------------
[2026-04-24 10:39:52,181][rfdiffusion.inference.utils][INFO] - Sampled motif RMSD: 0.29
[2026-04-24 10:39:52,520][rfdiffusion.inference.model_runners][INFO] - Timestep 36, input to next step: -------------------------------GGGGGGGGGGGGGGGG--------------------------------------
[2026-04-24 10:39:56,024][rfdiffusion.inference.utils][INFO] - Sampled motif RMSD: 0.26
[2026-04-24 10:39:56,437][rfdiffusion.inference.model_runners][INFO] - Timestep 35, input to next step: -------------------------------GGGGGGGGGGGGGGGG--------------------------------------
[2026-04-24 10:39:59,674][rfdiffusion.inference.utils][INFO] - Sampled motif RMSD: 0.26
[2026-04-24 10:39:59,905][rfdiffusion.inference.model_runners][INFO] - Timestep 34, input to next step: -------------------------------GGGGGGGGGGGGGGGG--------------------------------------
[2026-04-24 10:40:03,729][rfdiffusion.inference.utils][INFO] - Sampled motif RMSD: 0.26
[2026-04-24 10:40:03,861][rfdiffusion.inference.model_runners][INFO] - Timestep 33, input to next step: -------------------------------GGGGGGGGGGGGGGGG--------------------------------------
[2026-04-24 10:40:07,832][rfdiffusion.inference.utils][INFO] - Sampled motif RMSD: 0.26
[2026-04-24 10:40:08,174][rfdiffusion.inference.model_runners][INFO] - Timestep 32, input to next step: -------------------------------GGGGGGGGGGGGGGGG--------------------------------------
[2026-04-24 10:40:11,179][rfdiffusion.inference.utils][INFO] - Sampled motif RMSD: 0.26
[2026-04-24 10:40:11,447][rfdiffusion.inference.model_runners][INFO] - Timestep 31, input to next step: -------------------------------GGGGGGGGGGGGGGGG--------------------------------------
[2026-04-24 10:40:15,133][rfdiffusion.inference.utils][INFO] - Sampled motif RMSD: 0.25
[2026-04-24 10:40:15,476][rfdiffusion.inference.model_runners][INFO] - Timestep 30, input to next step: -------------------------------GGGGGGGGGGGGGGGG--------------------------------------
[2026-04-24 10:40:19,978][rfdiffusion.inference.utils][INFO] - Sampled motif RMSD: 0.26
[2026-04-24 10:40:20,339][rfdiffusion.inference.model_runners][INFO] - Timestep 29, input to next step: -------------------------------GGGGGGGGGGGGGGGG--------------------------------------
[2026-04-24 10:40:25,707][rfdiffusion.inference.utils][INFO] - Sampled motif RMSD: 0.28
[2026-04-24 10:40:25,990][rfdiffusion.inference.model_runners][INFO] - Timestep 28, input to next step: -------------------------------GGGGGGGGGGGGGGGG--------------------------------------
[2026-04-24 10:40:29,795][rfdiffusion.inference.utils][INFO] - Sampled motif RMSD: 0.32
[2026-04-24 10:40:30,062][rfdiffusion.inference.model_runners][INFO] - Timestep 27, input to next step: -------------------------------GGGGGGGGGGGGGGGG--------------------------------------
[2026-04-24 10:40:33,555][rfdiffusion.inference.utils][INFO] - Sampled motif RMSD: 0.32
[2026-04-24 10:40:33,673][rfdiffusion.inference.model_runners][INFO] - Timestep 26, input to next step: -------------------------------GGGGGGGGGGGGGGGG--------------------------------------
[2026-04-24 10:40:37,693][rfdiffusion.inference.utils][INFO] - Sampled motif RMSD: 0.32
[2026-04-24 10:40:37,957][rfdiffusion.inference.model_runners][INFO] - Timestep 25, input to next step: -------------------------------GGGGGGGGGGGGGGGG--------------------------------------
[2026-04-24 10:40:41,433][rfdiffusion.inference.utils][INFO] - Sampled motif RMSD: 0.33
[2026-04-24 10:40:41,588][rfdiffusion.inference.model_runners][INFO] - Timestep 24, input to next step: -------------------------------GGGGGGGGGGGGGGGG--------------------------------------
[2026-04-24 10:40:45,323][rfdiffusion.inference.utils][INFO] - Sampled motif RMSD: 0.34
[2026-04-24 10:40:45,468][rfdiffusion.inference.model_runners][INFO] - Timestep 23, input to next step: -------------------------------GGGGGGGGGGGGGGGG--------------------------------------
[2026-04-24 10:40:48,679][rfdiffusion.inference.utils][INFO] - Sampled motif RMSD: 0.33
[2026-04-24 10:40:48,963][rfdiffusion.inference.model_runners][INFO] - Timestep 22, input to next step: -------------------------------GGGGGGGGGGGGGGGG--------------------------------------
[2026-04-24 10:40:53,698][rfdiffusion.inference.utils][INFO] - Sampled motif RMSD: 0.33
[2026-04-24 10:40:54,122][rfdiffusion.inference.model_runners][INFO] - Timestep 21, input to next step: -------------------------------GGGGGGGGGGGGGGGG--------------------------------------
[2026-04-24 10:40:57,066][rfdiffusion.inference.utils][INFO] - Sampled motif RMSD: 0.37
[2026-04-24 10:40:57,291][rfdiffusion.inference.model_runners][INFO] - Timestep 20, input to next step: -------------------------------GGGGGGGGGGGGGGGG--------------------------------------
[2026-04-24 10:41:01,057][rfdiffusion.inference.utils][INFO] - Sampled motif RMSD: 0.38
[2026-04-24 10:41:01,351][rfdiffusion.inference.model_runners][INFO] - Timestep 19, input to next step: -------------------------------GGGGGGGGGGGGGGGG--------------------------------------
[2026-04-24 10:41:03,788][rfdiffusion.inference.utils][INFO] - Sampled motif RMSD: 0.41
[2026-04-24 10:41:04,091][rfdiffusion.inference.model_runners][INFO] - Timestep 18, input to next step: -------------------------------GGGGGGGGGGGGGGGG--------------------------------------
[2026-04-24 10:41:07,375][rfdiffusion.inference.utils][INFO] - Sampled motif RMSD: 0.42
[2026-04-24 10:41:07,650][rfdiffusion.inference.model_runners][INFO] - Timestep 17, input to next step: -------------------------------GGGGGGGGGGGGGGGG--------------------------------------
[2026-04-24 10:41:11,273][rfdiffusion.inference.utils][INFO] - Sampled motif RMSD: 0.46
[2026-04-24 10:41:11,656][rfdiffusion.inference.model_runners][INFO] - Timestep 16, input to next step: -------------------------------GGGGGGGGGGGGGGGG--------------------------------------
[2026-04-24 10:41:15,742][rfdiffusion.inference.utils][INFO] - Sampled motif RMSD: 0.49
[2026-04-24 10:41:15,965][rfdiffusion.inference.model_runners][INFO] - Timestep 15, input to next step: -------------------------------GGGGGGGGGGGGGGGG--------------------------------------
[2026-04-24 10:41:19,218][rfdiffusion.inference.utils][INFO] - Sampled motif RMSD: 0.52
[2026-04-24 10:41:19,493][rfdiffusion.inference.model_runners][INFO] - Timestep 14, input to next step: -------------------------------GGGGGGGGGGGGGGGG--------------------------------------
[2026-04-24 10:41:22,903][rfdiffusion.inference.utils][INFO] - Sampled motif RMSD: 0.51
[2026-04-24 10:41:23,233][rfdiffusion.inference.model_runners][INFO] - Timestep 13, input to next step: -------------------------------GGGGGGGGGGGGGGGG--------------------------------------
[2026-04-24 10:41:27,132][rfdiffusion.inference.utils][INFO] - Sampled motif RMSD: 0.51
[2026-04-24 10:41:27,309][rfdiffusion.inference.model_runners][INFO] - Timestep 12, input to next step: -------------------------------GGGGGGGGGGGGGGGG--------------------------------------
[2026-04-24 10:41:30,748][rfdiffusion.inference.utils][INFO] - Sampled motif RMSD: 0.49
[2026-04-24 10:41:31,001][rfdiffusion.inference.model_runners][INFO] - Timestep 11, input to next step: -------------------------------GGGGGGGGGGGGGGGG--------------------------------------
[2026-04-24 10:41:34,540][rfdiffusion.inference.utils][INFO] - Sampled motif RMSD: 0.48
[2026-04-24 10:41:34,838][rfdiffusion.inference.model_runners][INFO] - Timestep 10, input to next step: -------------------------------GGGGGGGGGGGGGGGG--------------------------------------
[2026-04-24 10:41:37,716][rfdiffusion.inference.utils][INFO] - Sampled motif RMSD: 0.47
[2026-04-24 10:41:37,861][rfdiffusion.inference.model_runners][INFO] - Timestep 9, input to next step: -------------------------------GGGGGGGGGGGGGGGG--------------------------------------
[2026-04-24 10:41:41,773][rfdiffusion.inference.utils][INFO] - Sampled motif RMSD: 0.46
[2026-04-24 10:41:42,027][rfdiffusion.inference.model_runners][INFO] - Timestep 8, input to next step: -------------------------------GGGGGGGGGGGGGGGG--------------------------------------
[2026-04-24 10:41:45,450][rfdiffusion.inference.utils][INFO] - Sampled motif RMSD: 0.47
[2026-04-24 10:41:45,785][rfdiffusion.inference.model_runners][INFO] - Timestep 7, input to next step: -------------------------------GGGGGGGGGGGGGGGG--------------------------------------
[2026-04-24 10:41:49,147][rfdiffusion.inference.utils][INFO] - Sampled motif RMSD: 0.46
[2026-04-24 10:41:49,490][rfdiffusion.inference.model_runners][INFO] - Timestep 6, input to next step: -------------------------------GGGGGGGGGGGGGGGG--------------------------------------
[2026-04-24 10:41:53,032][rfdiffusion.inference.utils][INFO] - Sampled motif RMSD: 0.44
[2026-04-24 10:41:53,352][rfdiffusion.inference.model_runners][INFO] - Timestep 5, input to next step: -------------------------------GGGGGGGGGGGGGGGG--------------------------------------
[2026-04-24 10:41:56,832][rfdiffusion.inference.utils][INFO] - Sampled motif RMSD: 0.45
[2026-04-24 10:41:57,056][rfdiffusion.inference.model_runners][INFO] - Timestep 4, input to next step: -------------------------------GGGGGGGGGGGGGGGG--------------------------------------
[2026-04-24 10:41:59,454][rfdiffusion.inference.utils][INFO] - Sampled motif RMSD: 0.44
[2026-04-24 10:41:59,702][rfdiffusion.inference.model_runners][INFO] - Timestep 3, input to next step: -------------------------------GGGGGGGGGGGGGGGG--------------------------------------
[2026-04-24 10:42:02,975][rfdiffusion.inference.utils][INFO] - Sampled motif RMSD: 0.42
[2026-04-24 10:42:03,140][rfdiffusion.inference.model_runners][INFO] - Timestep 2, input to next step: -------------------------------GGGGGGGGGGGGGGGG--------------------------------------
[2026-04-24 10:42:08,948][__main__][INFO] - Finished design in 3.88 minutes
