[2026-04-24 10:26:45,349][__main__][INFO] - Found GPU with device_name NVIDIA A100-SXM4-80GB. Will run RFdiffusion on NVIDIA A100-SXM4-80GB
Reading models from /lambda/nfs/manvi/Team_8_CS598GBL/RFdiffusion/rfdiffusion/inference/../../models
[2026-04-24 10:26:45,351][rfdiffusion.inference.model_runners][INFO] - Reading checkpoint from /lambda/nfs/manvi/Team_8_CS598GBL/RFdiffusion/rfdiffusion/inference/../../models/Base_ckpt.pt
This is inf_conf.ckpt_path
/lambda/nfs/manvi/Team_8_CS598GBL/RFdiffusion/rfdiffusion/inference/../../models/Base_ckpt.pt
Assembling -model, -diffuser and -preprocess configs from checkpoint
USING MODEL CONFIG: self._conf[model][n_extra_block] = 4
USING MODEL CONFIG: self._conf[model][n_main_block] = 32
USING MODEL CONFIG: self._conf[model][n_ref_block] = 4
USING MODEL CONFIG: self._conf[model][d_msa] = 256
USING MODEL CONFIG: self._conf[model][d_msa_full] = 64
USING MODEL CONFIG: self._conf[model][d_pair] = 128
USING MODEL CONFIG: self._conf[model][d_templ] = 64
USING MODEL CONFIG: self._conf[model][n_head_msa] = 8
USING MODEL CONFIG: self._conf[model][n_head_pair] = 4
USING MODEL CONFIG: self._conf[model][n_head_templ] = 4
USING MODEL CONFIG: self._conf[model][d_hidden] = 32
USING MODEL CONFIG: self._conf[model][d_hidden_templ] = 32
USING MODEL CONFIG: self._conf[model][p_drop] = 0.15
USING MODEL CONFIG: self._conf[model][SE3_param_full] = {'num_layers': 1, 'num_channels': 32, 'num_degrees': 2, 'n_heads': 4, 'div': 4, 'l0_in_features': 8, 'l0_out_features': 8, 'l1_in_features': 3, 'l1_out_features': 2, 'num_edge_features': 32}
USING MODEL CONFIG: self._conf[model][SE3_param_topk] = {'num_layers': 1, 'num_channels': 32, 'num_degrees': 2, 'n_heads': 4, 'div': 4, 'l0_in_features': 64, 'l0_out_features': 64, 'l1_in_features': 3, 'l1_out_features': 2, 'num_edge_features': 64}
USING MODEL CONFIG: self._conf[model][freeze_track_motif] = False
USING MODEL CONFIG: self._conf[model][use_motif_timestep] = True
USING MODEL CONFIG: self._conf[diffuser][T] = 50
USING MODEL CONFIG: self._conf[diffuser][b_0] = 0.01
USING MODEL CONFIG: self._conf[diffuser][b_T] = 0.07
USING MODEL CONFIG: self._conf[diffuser][schedule_type] = linear
USING MODEL CONFIG: self._conf[diffuser][so3_type] = igso3
USING MODEL CONFIG: self._conf[diffuser][crd_scale] = 0.25
USING MODEL CONFIG: self._conf[diffuser][so3_schedule_type] = linear
USING MODEL CONFIG: self._conf[diffuser][min_b] = 1.5
USING MODEL CONFIG: self._conf[diffuser][max_b] = 2.5
USING MODEL CONFIG: self._conf[diffuser][min_sigma] = 0.02
USING MODEL CONFIG: self._conf[diffuser][max_sigma] = 1.5
USING MODEL CONFIG: self._conf[preprocess][sidechain_input] = False
USING MODEL CONFIG: self._conf[preprocess][motif_sidechain_input] = True
USING MODEL CONFIG: self._conf[preprocess][d_t1d] = 22
USING MODEL CONFIG: self._conf[preprocess][d_t2d] = 44
USING MODEL CONFIG: self._conf[preprocess][prob_self_cond] = 0.5
USING MODEL CONFIG: self._conf[preprocess][str_self_cond] = True
USING MODEL CONFIG: self._conf[preprocess][predict_previous] = False
[2026-04-24 10:28:14,157][rfdiffusion.inference.model_runners][INFO] - Loading checkpoint.
[2026-04-24 10:28:42,657][rfdiffusion.diffusion][INFO] - Using cached IGSO3.
Successful diffuser __init__
[2026-04-24 10:28:42,717][__main__][INFO] - Making design /lambda/nfs/manvi/Team_8_CS598GBL/outputs/custom90_128_motif_scaffolding/low_noise/len_117/mid/scaffold_0
[2026-04-24 10:28:42,765][rfdiffusion.inference.model_runners][INFO] - Using contig: ['23-39/A40-76/23-39']
With this beta schedule (linear schedule, beta_0 = 0.04, beta_T = 0.28), alpha_bar_T = 0.00013696048699785024
[2026-04-24 10:28:43,679][rfdiffusion.inference.model_runners][INFO] - Sequence init: ----------------------------GGGGGGGGGGGGGGGGGGGGGGGGGGGGGGGGGGGGG---------------------------------
[2026-04-24 10:28:58,682][rfdiffusion.inference.utils][INFO] - Sampled motif RMSD: 0.21
[2026-04-24 10:28:58,912][rfdiffusion.inference.model_runners][INFO] - Timestep 50, input to next step: ----------------------------GGGGGGGGGGGGGGGGGGGGGGGGGGGGGGGGGGGGG---------------------------------
[2026-04-24 10:29:08,987][rfdiffusion.inference.utils][INFO] - Sampled motif RMSD: 0.16
[2026-04-24 10:29:09,139][rfdiffusion.inference.model_runners][INFO] - Timestep 49, input to next step: ----------------------------GGGGGGGGGGGGGGGGGGGGGGGGGGGGGGGGGGGGG---------------------------------
[2026-04-24 10:29:21,336][rfdiffusion.inference.utils][INFO] - Sampled motif RMSD: 0.15
[2026-04-24 10:29:21,494][rfdiffusion.inference.model_runners][INFO] - Timestep 48, input to next step: ----------------------------GGGGGGGGGGGGGGGGGGGGGGGGGGGGGGGGGGGGG---------------------------------
[2026-04-24 10:29:30,127][rfdiffusion.inference.utils][INFO] - Sampled motif RMSD: 0.17
[2026-04-24 10:29:30,761][rfdiffusion.inference.model_runners][INFO] - Timestep 47, input to next step: ----------------------------GGGGGGGGGGGGGGGGGGGGGGGGGGGGGGGGGGGGG---------------------------------
[2026-04-24 10:29:41,834][rfdiffusion.inference.utils][INFO] - Sampled motif RMSD: 0.16
[2026-04-24 10:29:42,277][rfdiffusion.inference.model_runners][INFO] - Timestep 46, input to next step: ----------------------------GGGGGGGGGGGGGGGGGGGGGGGGGGGGGGGGGGGGG---------------------------------
[2026-04-24 10:29:54,701][rfdiffusion.inference.utils][INFO] - Sampled motif RMSD: 0.15
[2026-04-24 10:29:55,120][rfdiffusion.inference.model_runners][INFO] - Timestep 45, input to next step: ----------------------------GGGGGGGGGGGGGGGGGGGGGGGGGGGGGGGGGGGGG---------------------------------
[2026-04-24 10:30:03,772][rfdiffusion.inference.utils][INFO] - Sampled motif RMSD: 0.15
[2026-04-24 10:30:04,174][rfdiffusion.inference.model_runners][INFO] - Timestep 44, input to next step: ----------------------------GGGGGGGGGGGGGGGGGGGGGGGGGGGGGGGGGGGGG---------------------------------
[2026-04-24 10:30:13,109][rfdiffusion.inference.utils][INFO] - Sampled motif RMSD: 0.14
[2026-04-24 10:30:13,552][rfdiffusion.inference.model_runners][INFO] - Timestep 43, input to next step: ----------------------------GGGGGGGGGGGGGGGGGGGGGGGGGGGGGGGGGGGGG---------------------------------
[2026-04-24 10:30:21,017][rfdiffusion.inference.utils][INFO] - Sampled motif RMSD: 0.14
[2026-04-24 10:30:21,390][rfdiffusion.inference.model_runners][INFO] - Timestep 42, input to next step: ----------------------------GGGGGGGGGGGGGGGGGGGGGGGGGGGGGGGGGGGGG---------------------------------
[2026-04-24 10:30:25,620][rfdiffusion.inference.utils][INFO] - Sampled motif RMSD: 0.13
[2026-04-24 10:30:33,266][rfdiffusion.inference.model_runners][INFO] - Timestep 41, input to next step: ----------------------------GGGGGGGGGGGGGGGGGGGGGGGGGGGGGGGGGGGGG---------------------------------
[2026-04-24 10:30:42,105][rfdiffusion.inference.utils][INFO] - Sampled motif RMSD: 0.12
[2026-04-24 10:30:43,148][rfdiffusion.inference.model_runners][INFO] - Timestep 40, input to next step: ----------------------------GGGGGGGGGGGGGGGGGGGGGGGGGGGGGGGGGGGGG---------------------------------
[2026-04-24 10:30:51,671][rfdiffusion.inference.utils][INFO] - Sampled motif RMSD: 0.12
[2026-04-24 10:30:51,951][rfdiffusion.inference.model_runners][INFO] - Timestep 39, input to next step: ----------------------------GGGGGGGGGGGGGGGGGGGGGGGGGGGGGGGGGGGGG---------------------------------
[2026-04-24 10:30:57,799][rfdiffusion.inference.utils][INFO] - Sampled motif RMSD: 0.12
[2026-04-24 10:30:58,163][rfdiffusion.inference.model_runners][INFO] - Timestep 38, input to next step: ----------------------------GGGGGGGGGGGGGGGGGGGGGGGGGGGGGGGGGGGGG---------------------------------
[2026-04-24 10:31:05,004][rfdiffusion.inference.utils][INFO] - Sampled motif RMSD: 0.12
[2026-04-24 10:31:05,065][rfdiffusion.inference.model_runners][INFO] - Timestep 37, input to next step: ----------------------------GGGGGGGGGGGGGGGGGGGGGGGGGGGGGGGGGGGGG---------------------------------
[2026-04-24 10:31:11,396][rfdiffusion.inference.utils][INFO] - Sampled motif RMSD: 0.11
[2026-04-24 10:31:11,482][rfdiffusion.inference.model_runners][INFO] - Timestep 36, input to next step: ----------------------------GGGGGGGGGGGGGGGGGGGGGGGGGGGGGGGGGGGGG---------------------------------
[2026-04-24 10:31:17,692][rfdiffusion.inference.utils][INFO] - Sampled motif RMSD: 0.12
[2026-04-24 10:31:18,131][rfdiffusion.inference.model_runners][INFO] - Timestep 35, input to next step: ----------------------------GGGGGGGGGGGGGGGGGGGGGGGGGGGGGGGGGGGGG---------------------------------
[2026-04-24 10:31:24,199][rfdiffusion.inference.utils][INFO] - Sampled motif RMSD: 0.11
[2026-04-24 10:31:24,536][rfdiffusion.inference.model_runners][INFO] - Timestep 34, input to next step: ----------------------------GGGGGGGGGGGGGGGGGGGGGGGGGGGGGGGGGGGGG---------------------------------
[2026-04-24 10:31:28,982][rfdiffusion.inference.utils][INFO] - Sampled motif RMSD: 0.11
[2026-04-24 10:31:29,263][rfdiffusion.inference.model_runners][INFO] - Timestep 33, input to next step: ----------------------------GGGGGGGGGGGGGGGGGGGGGGGGGGGGGGGGGGGGG---------------------------------
[2026-04-24 10:31:35,729][rfdiffusion.inference.utils][INFO] - Sampled motif RMSD: 0.12
[2026-04-24 10:31:36,052][rfdiffusion.inference.model_runners][INFO] - Timestep 32, input to next step: ----------------------------GGGGGGGGGGGGGGGGGGGGGGGGGGGGGGGGGGGGG---------------------------------
[2026-04-24 10:31:43,491][rfdiffusion.inference.utils][INFO] - Sampled motif RMSD: 0.13
[2026-04-24 10:31:43,796][rfdiffusion.inference.model_runners][INFO] - Timestep 31, input to next step: ----------------------------GGGGGGGGGGGGGGGGGGGGGGGGGGGGGGGGGGGGG---------------------------------
[2026-04-24 10:31:50,513][rfdiffusion.inference.utils][INFO] - Sampled motif RMSD: 0.12
[2026-04-24 10:31:50,954][rfdiffusion.inference.model_runners][INFO] - Timestep 30, input to next step: ----------------------------GGGGGGGGGGGGGGGGGGGGGGGGGGGGGGGGGGGGG---------------------------------
[2026-04-24 10:31:56,955][rfdiffusion.inference.utils][INFO] - Sampled motif RMSD: 0.12
[2026-04-24 10:31:57,278][rfdiffusion.inference.model_runners][INFO] - Timestep 29, input to next step: ----------------------------GGGGGGGGGGGGGGGGGGGGGGGGGGGGGGGGGGGGG---------------------------------
[2026-04-24 10:32:02,873][rfdiffusion.inference.utils][INFO] - Sampled motif RMSD: 0.12
[2026-04-24 10:32:03,480][rfdiffusion.inference.model_runners][INFO] - Timestep 28, input to next step: ----------------------------GGGGGGGGGGGGGGGGGGGGGGGGGGGGGGGGGGGGG---------------------------------
[2026-04-24 10:32:08,064][rfdiffusion.inference.utils][INFO] - Sampled motif RMSD: 0.12
[2026-04-24 10:32:08,580][rfdiffusion.inference.model_runners][INFO] - Timestep 27, input to next step: ----------------------------GGGGGGGGGGGGGGGGGGGGGGGGGGGGGGGGGGGGG---------------------------------
[2026-04-24 10:32:15,928][rfdiffusion.inference.utils][INFO] - Sampled motif RMSD: 0.11
[2026-04-24 10:32:16,480][rfdiffusion.inference.model_runners][INFO] - Timestep 26, input to next step: ----------------------------GGGGGGGGGGGGGGGGGGGGGGGGGGGGGGGGGGGGG---------------------------------
[2026-04-24 10:32:23,262][rfdiffusion.inference.utils][INFO] - Sampled motif RMSD: 0.13
[2026-04-24 10:32:23,489][rfdiffusion.inference.model_runners][INFO] - Timestep 25, input to next step: ----------------------------GGGGGGGGGGGGGGGGGGGGGGGGGGGGGGGGGGGGG---------------------------------
[2026-04-24 10:32:28,110][rfdiffusion.inference.utils][INFO] - Sampled motif RMSD: 0.13
[2026-04-24 10:32:28,280][rfdiffusion.inference.model_runners][INFO] - Timestep 24, input to next step: ----------------------------GGGGGGGGGGGGGGGGGGGGGGGGGGGGGGGGGGGGG---------------------------------
[2026-04-24 10:32:33,777][rfdiffusion.inference.utils][INFO] - Sampled motif RMSD: 0.13
[2026-04-24 10:32:34,040][rfdiffusion.inference.model_runners][INFO] - Timestep 23, input to next step: ----------------------------GGGGGGGGGGGGGGGGGGGGGGGGGGGGGGGGGGGGG---------------------------------
[2026-04-24 10:32:39,371][rfdiffusion.inference.utils][INFO] - Sampled motif RMSD: 0.12
[2026-04-24 10:32:39,614][rfdiffusion.inference.model_runners][INFO] - Timestep 22, input to next step: ----------------------------GGGGGGGGGGGGGGGGGGGGGGGGGGGGGGGGGGGGG---------------------------------
[2026-04-24 10:32:44,869][rfdiffusion.inference.utils][INFO] - Sampled motif RMSD: 0.13
[2026-04-24 10:32:45,085][rfdiffusion.inference.model_runners][INFO] - Timestep 21, input to next step: ----------------------------GGGGGGGGGGGGGGGGGGGGGGGGGGGGGGGGGGGGG---------------------------------
[2026-04-24 10:32:49,233][rfdiffusion.inference.utils][INFO] - Sampled motif RMSD: 0.12
[2026-04-24 10:32:49,461][rfdiffusion.inference.model_runners][INFO] - Timestep 20, input to next step: ----------------------------GGGGGGGGGGGGGGGGGGGGGGGGGGGGGGGGGGGGG---------------------------------
[2026-04-24 10:32:53,606][rfdiffusion.inference.utils][INFO] - Sampled motif RMSD: 0.12
[2026-04-24 10:32:53,908][rfdiffusion.inference.model_runners][INFO] - Timestep 19, input to next step: ----------------------------GGGGGGGGGGGGGGGGGGGGGGGGGGGGGGGGGGGGG---------------------------------
[2026-04-24 10:32:58,378][rfdiffusion.inference.utils][INFO] - Sampled motif RMSD: 0.12
[2026-04-24 10:32:58,624][rfdiffusion.inference.model_runners][INFO] - Timestep 18, input to next step: ----------------------------GGGGGGGGGGGGGGGGGGGGGGGGGGGGGGGGGGGGG---------------------------------
[2026-04-24 10:33:04,728][rfdiffusion.inference.utils][INFO] - Sampled motif RMSD: 0.12
[2026-04-24 10:33:05,060][rfdiffusion.inference.model_runners][INFO] - Timestep 17, input to next step: ----------------------------GGGGGGGGGGGGGGGGGGGGGGGGGGGGGGGGGGGGG---------------------------------
[2026-04-24 10:33:11,122][rfdiffusion.inference.utils][INFO] - Sampled motif RMSD: 0.12
[2026-04-24 10:33:11,406][rfdiffusion.inference.model_runners][INFO] - Timestep 16, input to next step: ----------------------------GGGGGGGGGGGGGGGGGGGGGGGGGGGGGGGGGGGGG---------------------------------
[2026-04-24 10:33:16,655][rfdiffusion.inference.utils][INFO] - Sampled motif RMSD: 0.12
[2026-04-24 10:33:17,111][rfdiffusion.inference.model_runners][INFO] - Timestep 15, input to next step: ----------------------------GGGGGGGGGGGGGGGGGGGGGGGGGGGGGGGGGGGGG---------------------------------
[2026-04-24 10:33:21,495][rfdiffusion.inference.utils][INFO] - Sampled motif RMSD: 0.12
[2026-04-24 10:33:21,816][rfdiffusion.inference.model_runners][INFO] - Timestep 14, input to next step: ----------------------------GGGGGGGGGGGGGGGGGGGGGGGGGGGGGGGGGGGGG---------------------------------
[2026-04-24 10:33:26,949][rfdiffusion.inference.utils][INFO] - Sampled motif RMSD: 0.12
[2026-04-24 10:33:27,236][rfdiffusion.inference.model_runners][INFO] - Timestep 13, input to next step: ----------------------------GGGGGGGGGGGGGGGGGGGGGGGGGGGGGGGGGGGGG---------------------------------
[2026-04-24 10:33:31,277][rfdiffusion.inference.utils][INFO] - Sampled motif RMSD: 0.11
[2026-04-24 10:33:31,517][rfdiffusion.inference.model_runners][INFO] - Timestep 12, input to next step: ----------------------------GGGGGGGGGGGGGGGGGGGGGGGGGGGGGGGGGGGGG---------------------------------
[2026-04-24 10:33:35,250][rfdiffusion.inference.utils][INFO] - Sampled motif RMSD: 0.12
[2026-04-24 10:33:35,411][rfdiffusion.inference.model_runners][INFO] - Timestep 11, input to next step: ----------------------------GGGGGGGGGGGGGGGGGGGGGGGGGGGGGGGGGGGGG---------------------------------
[2026-04-24 10:33:40,138][rfdiffusion.inference.utils][INFO] - Sampled motif RMSD: 0.12
[2026-04-24 10:33:40,317][rfdiffusion.inference.model_runners][INFO] - Timestep 10, input to next step: ----------------------------GGGGGGGGGGGGGGGGGGGGGGGGGGGGGGGGGGGGG---------------------------------
[2026-04-24 10:33:44,876][rfdiffusion.inference.utils][INFO] - Sampled motif RMSD: 0.12
[2026-04-24 10:33:45,097][rfdiffusion.inference.model_runners][INFO] - Timestep 9, input to next step: ----------------------------GGGGGGGGGGGGGGGGGGGGGGGGGGGGGGGGGGGGG---------------------------------
[2026-04-24 10:33:49,075][rfdiffusion.inference.utils][INFO] - Sampled motif RMSD: 0.11
[2026-04-24 10:33:49,354][rfdiffusion.inference.model_runners][INFO] - Timestep 8, input to next step: ----------------------------GGGGGGGGGGGGGGGGGGGGGGGGGGGGGGGGGGGGG---------------------------------
[2026-04-24 10:33:53,732][rfdiffusion.inference.utils][INFO] - Sampled motif RMSD: 0.11
[2026-04-24 10:33:54,070][rfdiffusion.inference.model_runners][INFO] - Timestep 7, input to next step: ----------------------------GGGGGGGGGGGGGGGGGGGGGGGGGGGGGGGGGGGGG---------------------------------
[2026-04-24 10:33:57,827][rfdiffusion.inference.utils][INFO] - Sampled motif RMSD: 0.11
[2026-04-24 10:33:58,046][rfdiffusion.inference.model_runners][INFO] - Timestep 6, input to next step: ----------------------------GGGGGGGGGGGGGGGGGGGGGGGGGGGGGGGGGGGGG---------------------------------
[2026-04-24 10:34:02,868][rfdiffusion.inference.utils][INFO] - Sampled motif RMSD: 0.11
[2026-04-24 10:34:03,053][rfdiffusion.inference.model_runners][INFO] - Timestep 5, input to next step: ----------------------------GGGGGGGGGGGGGGGGGGGGGGGGGGGGGGGGGGGGG---------------------------------
[2026-04-24 10:34:07,130][rfdiffusion.inference.utils][INFO] - Sampled motif RMSD: 0.10
[2026-04-24 10:34:07,312][rfdiffusion.inference.model_runners][INFO] - Timestep 4, input to next step: ----------------------------GGGGGGGGGGGGGGGGGGGGGGGGGGGGGGGGGGGGG---------------------------------
[2026-04-24 10:34:12,303][rfdiffusion.inference.utils][INFO] - Sampled motif RMSD: 0.10
[2026-04-24 10:34:12,462][rfdiffusion.inference.model_runners][INFO] - Timestep 3, input to next step: ----------------------------GGGGGGGGGGGGGGGGGGGGGGGGGGGGGGGGGGGGG---------------------------------
[2026-04-24 10:34:17,032][rfdiffusion.inference.utils][INFO] - Sampled motif RMSD: 0.11
[2026-04-24 10:34:17,281][rfdiffusion.inference.model_runners][INFO] - Timestep 2, input to next step: ----------------------------GGGGGGGGGGGGGGGGGGGGGGGGGGGGGGGGGGGGG---------------------------------
[2026-04-24 10:34:25,905][__main__][INFO] - Finished design in 5.72 minutes
[2026-04-24 10:34:25,908][__main__][INFO] - Making design /lambda/nfs/manvi/Team_8_CS598GBL/outputs/custom90_128_motif_scaffolding/low_noise/len_117/mid/scaffold_1
[2026-04-24 10:34:25,923][rfdiffusion.inference.model_runners][INFO] - Using contig: ['23-39/A40-76/23-39']
With this beta schedule (linear schedule, beta_0 = 0.04, beta_T = 0.28), alpha_bar_T = 0.00013696048699785024
[2026-04-24 10:34:26,336][rfdiffusion.inference.model_runners][INFO] - Sequence init: -----------------------------GGGGGGGGGGGGGGGGGGGGGGGGGGGGGGGGGGGGG--------------------------------------
[2026-04-24 10:34:29,613][rfdiffusion.inference.utils][INFO] - Sampled motif RMSD: 0.19
[2026-04-24 10:34:29,891][rfdiffusion.inference.model_runners][INFO] - Timestep 50, input to next step: -----------------------------GGGGGGGGGGGGGGGGGGGGGGGGGGGGGGGGGGGGG--------------------------------------
[2026-04-24 10:34:34,824][rfdiffusion.inference.utils][INFO] - Sampled motif RMSD: 0.11
[2026-04-24 10:34:35,091][rfdiffusion.inference.model_runners][INFO] - Timestep 49, input to next step: -----------------------------GGGGGGGGGGGGGGGGGGGGGGGGGGGGGGGGGGGGG--------------------------------------
[2026-04-24 10:34:39,277][rfdiffusion.inference.utils][INFO] - Sampled motif RMSD: 0.10
[2026-04-24 10:34:39,564][rfdiffusion.inference.model_runners][INFO] - Timestep 48, input to next step: -----------------------------GGGGGGGGGGGGGGGGGGGGGGGGGGGGGGGGGGGGG--------------------------------------
[2026-04-24 10:34:44,393][rfdiffusion.inference.utils][INFO] - Sampled motif RMSD: 0.10
[2026-04-24 10:34:44,679][rfdiffusion.inference.model_runners][INFO] - Timestep 47, input to next step: -----------------------------GGGGGGGGGGGGGGGGGGGGGGGGGGGGGGGGGGGGG--------------------------------------
[2026-04-24 10:34:49,258][rfdiffusion.inference.utils][INFO] - Sampled motif RMSD: 0.10
[2026-04-24 10:34:49,539][rfdiffusion.inference.model_runners][INFO] - Timestep 46, input to next step: -----------------------------GGGGGGGGGGGGGGGGGGGGGGGGGGGGGGGGGGGGG--------------------------------------
[2026-04-24 10:34:54,952][rfdiffusion.inference.utils][INFO] - Sampled motif RMSD: 0.10
[2026-04-24 10:34:55,282][rfdiffusion.inference.model_runners][INFO] - Timestep 45, input to next step: -----------------------------GGGGGGGGGGGGGGGGGGGGGGGGGGGGGGGGGGGGG--------------------------------------
[2026-04-24 10:35:00,447][rfdiffusion.inference.utils][INFO] - Sampled motif RMSD: 0.10
[2026-04-24 10:35:00,915][rfdiffusion.inference.model_runners][INFO] - Timestep 44, input to next step: -----------------------------GGGGGGGGGGGGGGGGGGGGGGGGGGGGGGGGGGGGG--------------------------------------
[2026-04-24 10:35:06,716][rfdiffusion.inference.utils][INFO] - Sampled motif RMSD: 0.10
[2026-04-24 10:35:07,096][rfdiffusion.inference.model_runners][INFO] - Timestep 43, input to next step: -----------------------------GGGGGGGGGGGGGGGGGGGGGGGGGGGGGGGGGGGGG--------------------------------------
[2026-04-24 10:35:12,765][rfdiffusion.inference.utils][INFO] - Sampled motif RMSD: 0.10
[2026-04-24 10:35:13,179][rfdiffusion.inference.model_runners][INFO] - Timestep 42, input to next step: -----------------------------GGGGGGGGGGGGGGGGGGGGGGGGGGGGGGGGGGGGG--------------------------------------
[2026-04-24 10:35:18,533][rfdiffusion.inference.utils][INFO] - Sampled motif RMSD: 0.10
[2026-04-24 10:35:18,957][rfdiffusion.inference.model_runners][INFO] - Timestep 41, input to next step: -----------------------------GGGGGGGGGGGGGGGGGGGGGGGGGGGGGGGGGGGGG--------------------------------------
[2026-04-24 10:35:23,810][rfdiffusion.inference.utils][INFO] - Sampled motif RMSD: 0.11
[2026-04-24 10:35:24,092][rfdiffusion.inference.model_runners][INFO] - Timestep 40, input to next step: -----------------------------GGGGGGGGGGGGGGGGGGGGGGGGGGGGGGGGGGGGG--------------------------------------
[2026-04-24 10:35:28,108][rfdiffusion.inference.utils][INFO] - Sampled motif RMSD: 0.11
[2026-04-24 10:35:28,489][rfdiffusion.inference.model_runners][INFO] - Timestep 39, input to next step: -----------------------------GGGGGGGGGGGGGGGGGGGGGGGGGGGGGGGGGGGGG--------------------------------------
[2026-04-24 10:35:34,695][rfdiffusion.inference.utils][INFO] - Sampled motif RMSD: 0.10
[2026-04-24 10:35:35,052][rfdiffusion.inference.model_runners][INFO] - Timestep 38, input to next step: -----------------------------GGGGGGGGGGGGGGGGGGGGGGGGGGGGGGGGGGGGG--------------------------------------
[2026-04-24 10:35:39,838][rfdiffusion.inference.utils][INFO] - Sampled motif RMSD: 0.10
[2026-04-24 10:35:40,236][rfdiffusion.inference.model_runners][INFO] - Timestep 37, input to next step: -----------------------------GGGGGGGGGGGGGGGGGGGGGGGGGGGGGGGGGGGGG--------------------------------------
[2026-04-24 10:35:45,052][rfdiffusion.inference.utils][INFO] - Sampled motif RMSD: 0.11
[2026-04-24 10:35:45,480][rfdiffusion.inference.model_runners][INFO] - Timestep 36, input to next step: -----------------------------GGGGGGGGGGGGGGGGGGGGGGGGGGGGGGGGGGGGG--------------------------------------
[2026-04-24 10:35:49,696][rfdiffusion.inference.utils][INFO] - Sampled motif RMSD: 0.11
[2026-04-24 10:35:50,120][rfdiffusion.inference.model_runners][INFO] - Timestep 35, input to next step: -----------------------------GGGGGGGGGGGGGGGGGGGGGGGGGGGGGGGGGGGGG--------------------------------------
[2026-04-24 10:35:54,182][rfdiffusion.inference.utils][INFO] - Sampled motif RMSD: 0.10
[2026-04-24 10:35:54,775][rfdiffusion.inference.model_runners][INFO] - Timestep 34, input to next step: -----------------------------GGGGGGGGGGGGGGGGGGGGGGGGGGGGGGGGGGGGG--------------------------------------
[2026-04-24 10:36:01,673][rfdiffusion.inference.utils][INFO] - Sampled motif RMSD: 0.10
[2026-04-24 10:36:02,102][rfdiffusion.inference.model_runners][INFO] - Timestep 33, input to next step: -----------------------------GGGGGGGGGGGGGGGGGGGGGGGGGGGGGGGGGGGGG--------------------------------------
[2026-04-24 10:36:06,867][rfdiffusion.inference.utils][INFO] - Sampled motif RMSD: 0.10
[2026-04-24 10:36:07,569][rfdiffusion.inference.model_runners][INFO] - Timestep 32, input to next step: -----------------------------GGGGGGGGGGGGGGGGGGGGGGGGGGGGGGGGGGGGG--------------------------------------
[2026-04-24 10:36:14,475][rfdiffusion.inference.utils][INFO] - Sampled motif RMSD: 0.10
[2026-04-24 10:36:14,755][rfdiffusion.inference.model_runners][INFO] - Timestep 31, input to next step: -----------------------------GGGGGGGGGGGGGGGGGGGGGGGGGGGGGGGGGGGGG--------------------------------------
[2026-04-24 10:36:18,647][rfdiffusion.inference.utils][INFO] - Sampled motif RMSD: 0.09
[2026-04-24 10:36:19,055][rfdiffusion.inference.model_runners][INFO] - Timestep 30, input to next step: -----------------------------GGGGGGGGGGGGGGGGGGGGGGGGGGGGGGGGGGGGG--------------------------------------
[2026-04-24 10:36:24,161][rfdiffusion.inference.utils][INFO] - Sampled motif RMSD: 0.10
[2026-04-24 10:36:24,442][rfdiffusion.inference.model_runners][INFO] - Timestep 29, input to next step: -----------------------------GGGGGGGGGGGGGGGGGGGGGGGGGGGGGGGGGGGGG--------------------------------------
[2026-04-24 10:36:30,026][rfdiffusion.inference.utils][INFO] - Sampled motif RMSD: 0.10
[2026-04-24 10:36:30,292][rfdiffusion.inference.model_runners][INFO] - Timestep 28, input to next step: -----------------------------GGGGGGGGGGGGGGGGGGGGGGGGGGGGGGGGGGGGG--------------------------------------
[2026-04-24 10:36:35,494][rfdiffusion.inference.utils][INFO] - Sampled motif RMSD: 0.09
[2026-04-24 10:36:35,982][rfdiffusion.inference.model_runners][INFO] - Timestep 27, input to next step: -----------------------------GGGGGGGGGGGGGGGGGGGGGGGGGGGGGGGGGGGGG--------------------------------------
[2026-04-24 10:36:40,124][rfdiffusion.inference.utils][INFO] - Sampled motif RMSD: 0.08
[2026-04-24 10:36:40,641][rfdiffusion.inference.model_runners][INFO] - Timestep 26, input to next step: -----------------------------GGGGGGGGGGGGGGGGGGGGGGGGGGGGGGGGGGGGG--------------------------------------
[2026-04-24 10:36:46,631][rfdiffusion.inference.utils][INFO] - Sampled motif RMSD: 0.08
[2026-04-24 10:36:46,789][rfdiffusion.inference.model_runners][INFO] - Timestep 25, input to next step: -----------------------------GGGGGGGGGGGGGGGGGGGGGGGGGGGGGGGGGGGGG--------------------------------------
[2026-04-24 10:36:53,140][rfdiffusion.inference.utils][INFO] - Sampled motif RMSD: 0.08
[2026-04-24 10:36:53,476][rfdiffusion.inference.model_runners][INFO] - Timestep 24, input to next step: -----------------------------GGGGGGGGGGGGGGGGGGGGGGGGGGGGGGGGGGGGG--------------------------------------
[2026-04-24 10:36:59,274][rfdiffusion.inference.utils][INFO] - Sampled motif RMSD: 0.09
[2026-04-24 10:36:59,500][rfdiffusion.inference.model_runners][INFO] - Timestep 23, input to next step: -----------------------------GGGGGGGGGGGGGGGGGGGGGGGGGGGGGGGGGGGGG--------------------------------------
[2026-04-24 10:37:05,996][rfdiffusion.inference.utils][INFO] - Sampled motif RMSD: 0.09
[2026-04-24 10:37:06,213][rfdiffusion.inference.model_runners][INFO] - Timestep 22, input to next step: -----------------------------GGGGGGGGGGGGGGGGGGGGGGGGGGGGGGGGGGGGG--------------------------------------
[2026-04-24 10:37:11,905][rfdiffusion.inference.utils][INFO] - Sampled motif RMSD: 0.09
[2026-04-24 10:37:12,330][rfdiffusion.inference.model_runners][INFO] - Timestep 21, input to next step: -----------------------------GGGGGGGGGGGGGGGGGGGGGGGGGGGGGGGGGGGGG--------------------------------------
[2026-04-24 10:37:17,615][rfdiffusion.inference.utils][INFO] - Sampled motif RMSD: 0.09
[2026-04-24 10:37:17,967][rfdiffusion.inference.model_runners][INFO] - Timestep 20, input to next step: -----------------------------GGGGGGGGGGGGGGGGGGGGGGGGGGGGGGGGGGGGG--------------------------------------
[2026-04-24 10:37:23,690][rfdiffusion.inference.utils][INFO] - Sampled motif RMSD: 0.09
[2026-04-24 10:37:24,025][rfdiffusion.inference.model_runners][INFO] - Timestep 19, input to next step: -----------------------------GGGGGGGGGGGGGGGGGGGGGGGGGGGGGGGGGGGGG--------------------------------------
[2026-04-24 10:37:29,737][rfdiffusion.inference.utils][INFO] - Sampled motif RMSD: 0.10
[2026-04-24 10:37:30,038][rfdiffusion.inference.model_runners][INFO] - Timestep 18, input to next step: -----------------------------GGGGGGGGGGGGGGGGGGGGGGGGGGGGGGGGGGGGG--------------------------------------
[2026-04-24 10:37:36,780][rfdiffusion.inference.utils][INFO] - Sampled motif RMSD: 0.10
[2026-04-24 10:37:37,056][rfdiffusion.inference.model_runners][INFO] - Timestep 17, input to next step: -----------------------------GGGGGGGGGGGGGGGGGGGGGGGGGGGGGGGGGGGGG--------------------------------------
[2026-04-24 10:37:42,723][rfdiffusion.inference.utils][INFO] - Sampled motif RMSD: 0.09
[2026-04-24 10:37:43,086][rfdiffusion.inference.model_runners][INFO] - Timestep 16, input to next step: -----------------------------GGGGGGGGGGGGGGGGGGGGGGGGGGGGGGGGGGGGG--------------------------------------
[2026-04-24 10:37:47,663][rfdiffusion.inference.utils][INFO] - Sampled motif RMSD: 0.09
[2026-04-24 10:37:48,115][rfdiffusion.inference.model_runners][INFO] - Timestep 15, input to next step: -----------------------------GGGGGGGGGGGGGGGGGGGGGGGGGGGGGGGGGGGGG--------------------------------------
[2026-04-24 10:37:54,110][rfdiffusion.inference.utils][INFO] - Sampled motif RMSD: 0.09
[2026-04-24 10:37:54,542][rfdiffusion.inference.model_runners][INFO] - Timestep 14, input to next step: -----------------------------GGGGGGGGGGGGGGGGGGGGGGGGGGGGGGGGGGGGG--------------------------------------
[2026-04-24 10:38:00,634][rfdiffusion.inference.utils][INFO] - Sampled motif RMSD: 0.09
[2026-04-24 10:38:01,061][rfdiffusion.inference.model_runners][INFO] - Timestep 13, input to next step: -----------------------------GGGGGGGGGGGGGGGGGGGGGGGGGGGGGGGGGGGGG--------------------------------------
[2026-04-24 10:38:06,857][rfdiffusion.inference.utils][INFO] - Sampled motif RMSD: 0.09
[2026-04-24 10:38:07,033][rfdiffusion.inference.model_runners][INFO] - Timestep 12, input to next step: -----------------------------GGGGGGGGGGGGGGGGGGGGGGGGGGGGGGGGGGGGG--------------------------------------
[2026-04-24 10:38:10,870][rfdiffusion.inference.utils][INFO] - Sampled motif RMSD: 0.09
[2026-04-24 10:38:11,318][rfdiffusion.inference.model_runners][INFO] - Timestep 11, input to next step: -----------------------------GGGGGGGGGGGGGGGGGGGGGGGGGGGGGGGGGGGGG--------------------------------------
[2026-04-24 10:38:16,792][rfdiffusion.inference.utils][INFO] - Sampled motif RMSD: 0.09
[2026-04-24 10:38:17,097][rfdiffusion.inference.model_runners][INFO] - Timestep 10, input to next step: -----------------------------GGGGGGGGGGGGGGGGGGGGGGGGGGGGGGGGGGGGG--------------------------------------
[2026-04-24 10:38:24,335][rfdiffusion.inference.utils][INFO] - Sampled motif RMSD: 0.09
[2026-04-24 10:38:24,473][rfdiffusion.inference.model_runners][INFO] - Timestep 9, input to next step: -----------------------------GGGGGGGGGGGGGGGGGGGGGGGGGGGGGGGGGGGGG--------------------------------------
[2026-04-24 10:38:31,932][rfdiffusion.inference.utils][INFO] - Sampled motif RMSD: 0.09
[2026-04-24 10:38:32,335][rfdiffusion.inference.model_runners][INFO] - Timestep 8, input to next step: -----------------------------GGGGGGGGGGGGGGGGGGGGGGGGGGGGGGGGGGGGG--------------------------------------
[2026-04-24 10:38:38,089][rfdiffusion.inference.utils][INFO] - Sampled motif RMSD: 0.09
[2026-04-24 10:38:38,482][rfdiffusion.inference.model_runners][INFO] - Timestep 7, input to next step: -----------------------------GGGGGGGGGGGGGGGGGGGGGGGGGGGGGGGGGGGGG--------------------------------------
[2026-04-24 10:38:44,582][rfdiffusion.inference.utils][INFO] - Sampled motif RMSD: 0.09
[2026-04-24 10:38:45,013][rfdiffusion.inference.model_runners][INFO] - Timestep 6, input to next step: -----------------------------GGGGGGGGGGGGGGGGGGGGGGGGGGGGGGGGGGGGG--------------------------------------
[2026-04-24 10:38:51,254][rfdiffusion.inference.utils][INFO] - Sampled motif RMSD: 0.09
[2026-04-24 10:38:51,505][rfdiffusion.inference.model_runners][INFO] - Timestep 5, input to next step: -----------------------------GGGGGGGGGGGGGGGGGGGGGGGGGGGGGGGGGGGGG--------------------------------------
[2026-04-24 10:38:58,078][rfdiffusion.inference.utils][INFO] - Sampled motif RMSD: 0.09
[2026-04-24 10:38:58,491][rfdiffusion.inference.model_runners][INFO] - Timestep 4, input to next step: -----------------------------GGGGGGGGGGGGGGGGGGGGGGGGGGGGGGGGGGGGG--------------------------------------
[2026-04-24 10:39:04,476][rfdiffusion.inference.utils][INFO] - Sampled motif RMSD: 0.09
[2026-04-24 10:39:04,818][rfdiffusion.inference.model_runners][INFO] - Timestep 3, input to next step: -----------------------------GGGGGGGGGGGGGGGGGGGGGGGGGGGGGGGGGGGGG--------------------------------------
[2026-04-24 10:39:10,116][rfdiffusion.inference.utils][INFO] - Sampled motif RMSD: 0.09
[2026-04-24 10:39:10,567][rfdiffusion.inference.model_runners][INFO] - Timestep 2, input to next step: -----------------------------GGGGGGGGGGGGGGGGGGGGGGGGGGGGGGGGGGGGG--------------------------------------
[2026-04-24 10:39:18,384][__main__][INFO] - Finished design in 4.87 minutes
