[2026-04-24 07:38:37,144][__main__][INFO] - Found GPU with device_name NVIDIA A100-SXM4-80GB. Will run RFdiffusion on NVIDIA A100-SXM4-80GB
Reading models from /lambda/nfs/manvi/Team_8_CS598GBL/RFdiffusion/rfdiffusion/inference/../../models
[2026-04-24 07:38:37,146][rfdiffusion.inference.model_runners][INFO] - Reading checkpoint from /lambda/nfs/manvi/Team_8_CS598GBL/RFdiffusion/rfdiffusion/inference/../../models/Base_ckpt.pt
This is inf_conf.ckpt_path
/lambda/nfs/manvi/Team_8_CS598GBL/RFdiffusion/rfdiffusion/inference/../../models/Base_ckpt.pt
Assembling -model, -diffuser and -preprocess configs from checkpoint
USING MODEL CONFIG: self._conf[model][n_extra_block] = 4
USING MODEL CONFIG: self._conf[model][n_main_block] = 32
USING MODEL CONFIG: self._conf[model][n_ref_block] = 4
USING MODEL CONFIG: self._conf[model][d_msa] = 256
USING MODEL CONFIG: self._conf[model][d_msa_full] = 64
USING MODEL CONFIG: self._conf[model][d_pair] = 128
USING MODEL CONFIG: self._conf[model][d_templ] = 64
USING MODEL CONFIG: self._conf[model][n_head_msa] = 8
USING MODEL CONFIG: self._conf[model][n_head_pair] = 4
USING MODEL CONFIG: self._conf[model][n_head_templ] = 4
USING MODEL CONFIG: self._conf[model][d_hidden] = 32
USING MODEL CONFIG: self._conf[model][d_hidden_templ] = 32
USING MODEL CONFIG: self._conf[model][p_drop] = 0.15
USING MODEL CONFIG: self._conf[model][SE3_param_full] = {'num_layers': 1, 'num_channels': 32, 'num_degrees': 2, 'n_heads': 4, 'div': 4, 'l0_in_features': 8, 'l0_out_features': 8, 'l1_in_features': 3, 'l1_out_features': 2, 'num_edge_features': 32}
USING MODEL CONFIG: self._conf[model][SE3_param_topk] = {'num_layers': 1, 'num_channels': 32, 'num_degrees': 2, 'n_heads': 4, 'div': 4, 'l0_in_features': 64, 'l0_out_features': 64, 'l1_in_features': 3, 'l1_out_features': 2, 'num_edge_features': 64}
USING MODEL CONFIG: self._conf[model][freeze_track_motif] = False
USING MODEL CONFIG: self._conf[model][use_motif_timestep] = True
USING MODEL CONFIG: self._conf[diffuser][T] = 50
USING MODEL CONFIG: self._conf[diffuser][b_0] = 0.01
USING MODEL CONFIG: self._conf[diffuser][b_T] = 0.07
USING MODEL CONFIG: self._conf[diffuser][schedule_type] = linear
USING MODEL CONFIG: self._conf[diffuser][so3_type] = igso3
USING MODEL CONFIG: self._conf[diffuser][crd_scale] = 0.25
USING MODEL CONFIG: self._conf[diffuser][so3_schedule_type] = linear
USING MODEL CONFIG: self._conf[diffuser][min_b] = 1.5
USING MODEL CONFIG: self._conf[diffuser][max_b] = 2.5
USING MODEL CONFIG: self._conf[diffuser][min_sigma] = 0.02
USING MODEL CONFIG: self._conf[diffuser][max_sigma] = 1.5
USING MODEL CONFIG: self._conf[preprocess][sidechain_input] = False
USING MODEL CONFIG: self._conf[preprocess][motif_sidechain_input] = True
USING MODEL CONFIG: self._conf[preprocess][d_t1d] = 22
USING MODEL CONFIG: self._conf[preprocess][d_t2d] = 44
USING MODEL CONFIG: self._conf[preprocess][prob_self_cond] = 0.5
USING MODEL CONFIG: self._conf[preprocess][str_self_cond] = True
USING MODEL CONFIG: self._conf[preprocess][predict_previous] = False
[2026-04-24 07:39:30,607][rfdiffusion.inference.model_runners][INFO] - Loading checkpoint.
[2026-04-24 07:39:46,530][rfdiffusion.diffusion][INFO] - Using cached IGSO3.
Successful diffuser __init__
[2026-04-24 07:39:46,579][__main__][INFO] - Making design /lambda/nfs/manvi/Team_8_CS598GBL/outputs/custom90_128_motif_scaffolding/default/len_123/balanced/scaffold_0
[2026-04-24 07:39:46,596][rfdiffusion.inference.model_runners][INFO] - Using contig: ['24-41/A27-55/24-41']
With this beta schedule (linear schedule, beta_0 = 0.04, beta_T = 0.28), alpha_bar_T = 0.00013696048699785024
[2026-04-24 07:39:47,014][rfdiffusion.inference.model_runners][INFO] - Sequence init: ------------------------GGGGGGGGGGGGGGGGGGGGGGGGGGGGG-----------------------------------
[2026-04-24 07:39:56,705][rfdiffusion.inference.utils][INFO] - Sampled motif RMSD: 0.16
[2026-04-24 07:39:57,040][rfdiffusion.inference.model_runners][INFO] - Timestep 50, input to next step: ------------------------GGGGGGGGGGGGGGGGGGGGGGGGGGGGG-----------------------------------
[2026-04-24 07:40:03,701][rfdiffusion.inference.utils][INFO] - Sampled motif RMSD: 0.12
[2026-04-24 07:40:04,028][rfdiffusion.inference.model_runners][INFO] - Timestep 49, input to next step: ------------------------GGGGGGGGGGGGGGGGGGGGGGGGGGGGG-----------------------------------
[2026-04-24 07:40:09,678][rfdiffusion.inference.utils][INFO] - Sampled motif RMSD: 0.11
[2026-04-24 07:40:09,956][rfdiffusion.inference.model_runners][INFO] - Timestep 48, input to next step: ------------------------GGGGGGGGGGGGGGGGGGGGGGGGGGGGG-----------------------------------
[2026-04-24 07:40:14,762][rfdiffusion.inference.utils][INFO] - Sampled motif RMSD: 0.11
[2026-04-24 07:40:15,121][rfdiffusion.inference.model_runners][INFO] - Timestep 47, input to next step: ------------------------GGGGGGGGGGGGGGGGGGGGGGGGGGGGG-----------------------------------
[2026-04-24 07:40:21,910][rfdiffusion.inference.utils][INFO] - Sampled motif RMSD: 0.12
[2026-04-24 07:40:22,314][rfdiffusion.inference.model_runners][INFO] - Timestep 46, input to next step: ------------------------GGGGGGGGGGGGGGGGGGGGGGGGGGGGG-----------------------------------
[2026-04-24 07:40:26,027][rfdiffusion.inference.utils][INFO] - Sampled motif RMSD: 0.11
[2026-04-24 07:40:26,308][rfdiffusion.inference.model_runners][INFO] - Timestep 45, input to next step: ------------------------GGGGGGGGGGGGGGGGGGGGGGGGGGGGG-----------------------------------
[2026-04-24 07:40:31,284][rfdiffusion.inference.utils][INFO] - Sampled motif RMSD: 0.10
[2026-04-24 07:40:31,683][rfdiffusion.inference.model_runners][INFO] - Timestep 44, input to next step: ------------------------GGGGGGGGGGGGGGGGGGGGGGGGGGGGG-----------------------------------
[2026-04-24 07:40:35,176][rfdiffusion.inference.utils][INFO] - Sampled motif RMSD: 0.10
[2026-04-24 07:40:35,432][rfdiffusion.inference.model_runners][INFO] - Timestep 43, input to next step: ------------------------GGGGGGGGGGGGGGGGGGGGGGGGGGGGG-----------------------------------
[2026-04-24 07:40:38,867][rfdiffusion.inference.utils][INFO] - Sampled motif RMSD: 0.11
[2026-04-24 07:40:39,089][rfdiffusion.inference.model_runners][INFO] - Timestep 42, input to next step: ------------------------GGGGGGGGGGGGGGGGGGGGGGGGGGGGG-----------------------------------
[2026-04-24 07:40:42,864][rfdiffusion.inference.utils][INFO] - Sampled motif RMSD: 0.10
[2026-04-24 07:40:43,124][rfdiffusion.inference.model_runners][INFO] - Timestep 41, input to next step: ------------------------GGGGGGGGGGGGGGGGGGGGGGGGGGGGG-----------------------------------
[2026-04-24 07:40:47,616][rfdiffusion.inference.utils][INFO] - Sampled motif RMSD: 0.10
[2026-04-24 07:40:47,851][rfdiffusion.inference.model_runners][INFO] - Timestep 40, input to next step: ------------------------GGGGGGGGGGGGGGGGGGGGGGGGGGGGG-----------------------------------
[2026-04-24 07:40:52,828][rfdiffusion.inference.utils][INFO] - Sampled motif RMSD: 0.10
[2026-04-24 07:40:53,093][rfdiffusion.inference.model_runners][INFO] - Timestep 39, input to next step: ------------------------GGGGGGGGGGGGGGGGGGGGGGGGGGGGG-----------------------------------
[2026-04-24 07:40:56,084][rfdiffusion.inference.utils][INFO] - Sampled motif RMSD: 0.09
[2026-04-24 07:40:56,356][rfdiffusion.inference.model_runners][INFO] - Timestep 38, input to next step: ------------------------GGGGGGGGGGGGGGGGGGGGGGGGGGGGG-----------------------------------
[2026-04-24 07:40:59,738][rfdiffusion.inference.utils][INFO] - Sampled motif RMSD: 0.09
[2026-04-24 07:40:59,945][rfdiffusion.inference.model_runners][INFO] - Timestep 37, input to next step: ------------------------GGGGGGGGGGGGGGGGGGGGGGGGGGGGG-----------------------------------
[2026-04-24 07:41:03,874][rfdiffusion.inference.utils][INFO] - Sampled motif RMSD: 0.09
[2026-04-24 07:41:04,037][rfdiffusion.inference.model_runners][INFO] - Timestep 36, input to next step: ------------------------GGGGGGGGGGGGGGGGGGGGGGGGGGGGG-----------------------------------
[2026-04-24 07:41:07,953][rfdiffusion.inference.utils][INFO] - Sampled motif RMSD: 0.09
[2026-04-24 07:41:08,290][rfdiffusion.inference.model_runners][INFO] - Timestep 35, input to next step: ------------------------GGGGGGGGGGGGGGGGGGGGGGGGGGGGG-----------------------------------
[2026-04-24 07:41:12,485][rfdiffusion.inference.utils][INFO] - Sampled motif RMSD: 0.09
[2026-04-24 07:41:12,739][rfdiffusion.inference.model_runners][INFO] - Timestep 34, input to next step: ------------------------GGGGGGGGGGGGGGGGGGGGGGGGGGGGG-----------------------------------
[2026-04-24 07:41:18,344][rfdiffusion.inference.utils][INFO] - Sampled motif RMSD: 0.09
[2026-04-24 07:41:18,703][rfdiffusion.inference.model_runners][INFO] - Timestep 33, input to next step: ------------------------GGGGGGGGGGGGGGGGGGGGGGGGGGGGG-----------------------------------
[2026-04-24 07:41:23,064][rfdiffusion.inference.utils][INFO] - Sampled motif RMSD: 0.09
[2026-04-24 07:41:23,158][rfdiffusion.inference.model_runners][INFO] - Timestep 32, input to next step: ------------------------GGGGGGGGGGGGGGGGGGGGGGGGGGGGG-----------------------------------
[2026-04-24 07:41:28,148][rfdiffusion.inference.utils][INFO] - Sampled motif RMSD: 0.08
[2026-04-24 07:41:28,517][rfdiffusion.inference.model_runners][INFO] - Timestep 31, input to next step: ------------------------GGGGGGGGGGGGGGGGGGGGGGGGGGGGG-----------------------------------
[2026-04-24 07:41:32,114][rfdiffusion.inference.utils][INFO] - Sampled motif RMSD: 0.09
[2026-04-24 07:41:32,461][rfdiffusion.inference.model_runners][INFO] - Timestep 30, input to next step: ------------------------GGGGGGGGGGGGGGGGGGGGGGGGGGGGG-----------------------------------
[2026-04-24 07:41:36,814][rfdiffusion.inference.utils][INFO] - Sampled motif RMSD: 0.08
[2026-04-24 07:41:37,092][rfdiffusion.inference.model_runners][INFO] - Timestep 29, input to next step: ------------------------GGGGGGGGGGGGGGGGGGGGGGGGGGGGG-----------------------------------
[2026-04-24 07:41:41,668][rfdiffusion.inference.utils][INFO] - Sampled motif RMSD: 0.08
[2026-04-24 07:41:41,996][rfdiffusion.inference.model_runners][INFO] - Timestep 28, input to next step: ------------------------GGGGGGGGGGGGGGGGGGGGGGGGGGGGG-----------------------------------
[2026-04-24 07:41:45,297][rfdiffusion.inference.utils][INFO] - Sampled motif RMSD: 0.10
[2026-04-24 07:41:45,584][rfdiffusion.inference.model_runners][INFO] - Timestep 27, input to next step: ------------------------GGGGGGGGGGGGGGGGGGGGGGGGGGGGG-----------------------------------
[2026-04-24 07:41:50,793][rfdiffusion.inference.utils][INFO] - Sampled motif RMSD: 0.10
[2026-04-24 07:41:51,106][rfdiffusion.inference.model_runners][INFO] - Timestep 26, input to next step: ------------------------GGGGGGGGGGGGGGGGGGGGGGGGGGGGG-----------------------------------
[2026-04-24 07:41:56,414][rfdiffusion.inference.utils][INFO] - Sampled motif RMSD: 0.10
[2026-04-24 07:41:56,872][rfdiffusion.inference.model_runners][INFO] - Timestep 25, input to next step: ------------------------GGGGGGGGGGGGGGGGGGGGGGGGGGGGG-----------------------------------
[2026-04-24 07:42:01,616][rfdiffusion.inference.utils][INFO] - Sampled motif RMSD: 0.10
[2026-04-24 07:42:01,922][rfdiffusion.inference.model_runners][INFO] - Timestep 24, input to next step: ------------------------GGGGGGGGGGGGGGGGGGGGGGGGGGGGG-----------------------------------
[2026-04-24 07:42:06,385][rfdiffusion.inference.utils][INFO] - Sampled motif RMSD: 0.10
[2026-04-24 07:42:06,584][rfdiffusion.inference.model_runners][INFO] - Timestep 23, input to next step: ------------------------GGGGGGGGGGGGGGGGGGGGGGGGGGGGG-----------------------------------
[2026-04-24 07:42:11,359][rfdiffusion.inference.utils][INFO] - Sampled motif RMSD: 0.09
[2026-04-24 07:42:11,575][rfdiffusion.inference.model_runners][INFO] - Timestep 22, input to next step: ------------------------GGGGGGGGGGGGGGGGGGGGGGGGGGGGG-----------------------------------
[2026-04-24 07:42:15,329][rfdiffusion.inference.utils][INFO] - Sampled motif RMSD: 0.10
[2026-04-24 07:42:15,604][rfdiffusion.inference.model_runners][INFO] - Timestep 21, input to next step: ------------------------GGGGGGGGGGGGGGGGGGGGGGGGGGGGG-----------------------------------
[2026-04-24 07:42:20,018][rfdiffusion.inference.utils][INFO] - Sampled motif RMSD: 0.09
[2026-04-24 07:42:20,332][rfdiffusion.inference.model_runners][INFO] - Timestep 20, input to next step: ------------------------GGGGGGGGGGGGGGGGGGGGGGGGGGGGG-----------------------------------
[2026-04-24 07:42:25,060][rfdiffusion.inference.utils][INFO] - Sampled motif RMSD: 0.10
[2026-04-24 07:42:25,515][rfdiffusion.inference.model_runners][INFO] - Timestep 19, input to next step: ------------------------GGGGGGGGGGGGGGGGGGGGGGGGGGGGG-----------------------------------
[2026-04-24 07:42:30,655][rfdiffusion.inference.utils][INFO] - Sampled motif RMSD: 0.10
[2026-04-24 07:42:31,200][rfdiffusion.inference.model_runners][INFO] - Timestep 18, input to next step: ------------------------GGGGGGGGGGGGGGGGGGGGGGGGGGGGG-----------------------------------
[2026-04-24 07:42:36,202][rfdiffusion.inference.utils][INFO] - Sampled motif RMSD: 0.09
[2026-04-24 07:42:36,426][rfdiffusion.inference.model_runners][INFO] - Timestep 17, input to next step: ------------------------GGGGGGGGGGGGGGGGGGGGGGGGGGGGG-----------------------------------
[2026-04-24 07:42:41,339][rfdiffusion.inference.utils][INFO] - Sampled motif RMSD: 0.10
[2026-04-24 07:42:41,620][rfdiffusion.inference.model_runners][INFO] - Timestep 16, input to next step: ------------------------GGGGGGGGGGGGGGGGGGGGGGGGGGGGG-----------------------------------
[2026-04-24 07:42:45,628][rfdiffusion.inference.utils][INFO] - Sampled motif RMSD: 0.10
[2026-04-24 07:42:45,848][rfdiffusion.inference.model_runners][INFO] - Timestep 15, input to next step: ------------------------GGGGGGGGGGGGGGGGGGGGGGGGGGGGG-----------------------------------
[2026-04-24 07:42:50,543][rfdiffusion.inference.utils][INFO] - Sampled motif RMSD: 0.09
[2026-04-24 07:42:50,746][rfdiffusion.inference.model_runners][INFO] - Timestep 14, input to next step: ------------------------GGGGGGGGGGGGGGGGGGGGGGGGGGGGG-----------------------------------
[2026-04-24 07:42:55,208][rfdiffusion.inference.utils][INFO] - Sampled motif RMSD: 0.10
[2026-04-24 07:42:55,487][rfdiffusion.inference.model_runners][INFO] - Timestep 13, input to next step: ------------------------GGGGGGGGGGGGGGGGGGGGGGGGGGGGG-----------------------------------
[2026-04-24 07:43:00,060][rfdiffusion.inference.utils][INFO] - Sampled motif RMSD: 0.10
[2026-04-24 07:43:00,170][rfdiffusion.inference.model_runners][INFO] - Timestep 12, input to next step: ------------------------GGGGGGGGGGGGGGGGGGGGGGGGGGGGG-----------------------------------
[2026-04-24 07:43:03,999][rfdiffusion.inference.utils][INFO] - Sampled motif RMSD: 0.11
[2026-04-24 07:43:04,177][rfdiffusion.inference.model_runners][INFO] - Timestep 11, input to next step: ------------------------GGGGGGGGGGGGGGGGGGGGGGGGGGGGG-----------------------------------
[2026-04-24 07:43:07,929][rfdiffusion.inference.utils][INFO] - Sampled motif RMSD: 0.11
[2026-04-24 07:43:08,179][rfdiffusion.inference.model_runners][INFO] - Timestep 10, input to next step: ------------------------GGGGGGGGGGGGGGGGGGGGGGGGGGGGG-----------------------------------
[2026-04-24 07:43:13,456][rfdiffusion.inference.utils][INFO] - Sampled motif RMSD: 0.11
[2026-04-24 07:43:13,760][rfdiffusion.inference.model_runners][INFO] - Timestep 9, input to next step: ------------------------GGGGGGGGGGGGGGGGGGGGGGGGGGGGG-----------------------------------
[2026-04-24 07:43:18,035][rfdiffusion.inference.utils][INFO] - Sampled motif RMSD: 0.11
[2026-04-24 07:43:18,248][rfdiffusion.inference.model_runners][INFO] - Timestep 8, input to next step: ------------------------GGGGGGGGGGGGGGGGGGGGGGGGGGGGG-----------------------------------
[2026-04-24 07:43:22,225][rfdiffusion.inference.utils][INFO] - Sampled motif RMSD: 0.11
[2026-04-24 07:43:22,446][rfdiffusion.inference.model_runners][INFO] - Timestep 7, input to next step: ------------------------GGGGGGGGGGGGGGGGGGGGGGGGGGGGG-----------------------------------
[2026-04-24 07:43:25,977][rfdiffusion.inference.utils][INFO] - Sampled motif RMSD: 0.11
[2026-04-24 07:43:26,444][rfdiffusion.inference.model_runners][INFO] - Timestep 6, input to next step: ------------------------GGGGGGGGGGGGGGGGGGGGGGGGGGGGG-----------------------------------
[2026-04-24 07:43:31,521][rfdiffusion.inference.utils][INFO] - Sampled motif RMSD: 0.11
[2026-04-24 07:43:31,635][rfdiffusion.inference.model_runners][INFO] - Timestep 5, input to next step: ------------------------GGGGGGGGGGGGGGGGGGGGGGGGGGGGG-----------------------------------
[2026-04-24 07:43:35,463][rfdiffusion.inference.utils][INFO] - Sampled motif RMSD: 0.11
[2026-04-24 07:43:35,883][rfdiffusion.inference.model_runners][INFO] - Timestep 4, input to next step: ------------------------GGGGGGGGGGGGGGGGGGGGGGGGGGGGG-----------------------------------
[2026-04-24 07:43:40,849][rfdiffusion.inference.utils][INFO] - Sampled motif RMSD: 0.11
[2026-04-24 07:43:41,445][rfdiffusion.inference.model_runners][INFO] - Timestep 3, input to next step: ------------------------GGGGGGGGGGGGGGGGGGGGGGGGGGGGG-----------------------------------
[2026-04-24 07:43:45,622][rfdiffusion.inference.utils][INFO] - Sampled motif RMSD: 0.10
[2026-04-24 07:43:45,913][rfdiffusion.inference.model_runners][INFO] - Timestep 2, input to next step: ------------------------GGGGGGGGGGGGGGGGGGGGGGGGGGGGG-----------------------------------
[2026-04-24 07:43:52,897][__main__][INFO] - Finished design in 4.11 minutes
[2026-04-24 07:43:52,898][__main__][INFO] - Making design /lambda/nfs/manvi/Team_8_CS598GBL/outputs/custom90_128_motif_scaffolding/default/len_123/balanced/scaffold_1
[2026-04-24 07:43:52,933][rfdiffusion.inference.model_runners][INFO] - Using contig: ['24-41/A27-55/24-41']
With this beta schedule (linear schedule, beta_0 = 0.04, beta_T = 0.28), alpha_bar_T = 0.00013696048699785024
[2026-04-24 07:43:53,407][rfdiffusion.inference.model_runners][INFO] - Sequence init: --------------------------GGGGGGGGGGGGGGGGGGGGGGGGGGGGG-------------------------------
[2026-04-24 07:43:57,813][rfdiffusion.inference.utils][INFO] - Sampled motif RMSD: 0.15
[2026-04-24 07:43:58,110][rfdiffusion.inference.model_runners][INFO] - Timestep 50, input to next step: --------------------------GGGGGGGGGGGGGGGGGGGGGGGGGGGGG-------------------------------
[2026-04-24 07:44:02,085][rfdiffusion.inference.utils][INFO] - Sampled motif RMSD: 0.11
[2026-04-24 07:44:02,417][rfdiffusion.inference.model_runners][INFO] - Timestep 49, input to next step: --------------------------GGGGGGGGGGGGGGGGGGGGGGGGGGGGG-------------------------------
[2026-04-24 07:44:06,851][rfdiffusion.inference.utils][INFO] - Sampled motif RMSD: 0.10
[2026-04-24 07:44:07,198][rfdiffusion.inference.model_runners][INFO] - Timestep 48, input to next step: --------------------------GGGGGGGGGGGGGGGGGGGGGGGGGGGGG-------------------------------
[2026-04-24 07:44:11,966][rfdiffusion.inference.utils][INFO] - Sampled motif RMSD: 0.12
[2026-04-24 07:44:12,229][rfdiffusion.inference.model_runners][INFO] - Timestep 47, input to next step: --------------------------GGGGGGGGGGGGGGGGGGGGGGGGGGGGG-------------------------------
[2026-04-24 07:44:17,069][rfdiffusion.inference.utils][INFO] - Sampled motif RMSD: 0.13
[2026-04-24 07:44:17,390][rfdiffusion.inference.model_runners][INFO] - Timestep 46, input to next step: --------------------------GGGGGGGGGGGGGGGGGGGGGGGGGGGGG-------------------------------
[2026-04-24 07:44:22,029][rfdiffusion.inference.utils][INFO] - Sampled motif RMSD: 0.13
[2026-04-24 07:44:22,402][rfdiffusion.inference.model_runners][INFO] - Timestep 45, input to next step: --------------------------GGGGGGGGGGGGGGGGGGGGGGGGGGGGG-------------------------------
[2026-04-24 07:44:26,341][rfdiffusion.inference.utils][INFO] - Sampled motif RMSD: 0.13
[2026-04-24 07:44:26,798][rfdiffusion.inference.model_runners][INFO] - Timestep 44, input to next step: --------------------------GGGGGGGGGGGGGGGGGGGGGGGGGGGGG-------------------------------
[2026-04-24 07:44:31,195][rfdiffusion.inference.utils][INFO] - Sampled motif RMSD: 0.13
[2026-04-24 07:44:31,548][rfdiffusion.inference.model_runners][INFO] - Timestep 43, input to next step: --------------------------GGGGGGGGGGGGGGGGGGGGGGGGGGGGG-------------------------------
[2026-04-24 07:44:36,051][rfdiffusion.inference.utils][INFO] - Sampled motif RMSD: 0.13
[2026-04-24 07:44:36,403][rfdiffusion.inference.model_runners][INFO] - Timestep 42, input to next step: --------------------------GGGGGGGGGGGGGGGGGGGGGGGGGGGGG-------------------------------
[2026-04-24 07:44:40,905][rfdiffusion.inference.utils][INFO] - Sampled motif RMSD: 0.13
[2026-04-24 07:44:41,082][rfdiffusion.inference.model_runners][INFO] - Timestep 41, input to next step: --------------------------GGGGGGGGGGGGGGGGGGGGGGGGGGGGG-------------------------------
[2026-04-24 07:44:44,493][rfdiffusion.inference.utils][INFO] - Sampled motif RMSD: 0.12
[2026-04-24 07:44:44,696][rfdiffusion.inference.model_runners][INFO] - Timestep 40, input to next step: --------------------------GGGGGGGGGGGGGGGGGGGGGGGGGGGGG-------------------------------
[2026-04-24 07:44:48,618][rfdiffusion.inference.utils][INFO] - Sampled motif RMSD: 0.11
[2026-04-24 07:44:48,919][rfdiffusion.inference.model_runners][INFO] - Timestep 39, input to next step: --------------------------GGGGGGGGGGGGGGGGGGGGGGGGGGGGG-------------------------------
[2026-04-24 07:44:53,620][rfdiffusion.inference.utils][INFO] - Sampled motif RMSD: 0.12
[2026-04-24 07:44:53,806][rfdiffusion.inference.model_runners][INFO] - Timestep 38, input to next step: --------------------------GGGGGGGGGGGGGGGGGGGGGGGGGGGGG-------------------------------
[2026-04-24 07:44:57,284][rfdiffusion.inference.utils][INFO] - Sampled motif RMSD: 0.10
[2026-04-24 07:44:57,532][rfdiffusion.inference.model_runners][INFO] - Timestep 37, input to next step: --------------------------GGGGGGGGGGGGGGGGGGGGGGGGGGGGG-------------------------------
[2026-04-24 07:45:02,403][rfdiffusion.inference.utils][INFO] - Sampled motif RMSD: 0.10
[2026-04-24 07:45:02,715][rfdiffusion.inference.model_runners][INFO] - Timestep 36, input to next step: --------------------------GGGGGGGGGGGGGGGGGGGGGGGGGGGGG-------------------------------
[2026-04-24 07:45:06,664][rfdiffusion.inference.utils][INFO] - Sampled motif RMSD: 0.10
[2026-04-24 07:45:06,843][rfdiffusion.inference.model_runners][INFO] - Timestep 35, input to next step: --------------------------GGGGGGGGGGGGGGGGGGGGGGGGGGGGG-------------------------------
[2026-04-24 07:45:12,391][rfdiffusion.inference.utils][INFO] - Sampled motif RMSD: 0.09
[2026-04-24 07:45:12,816][rfdiffusion.inference.model_runners][INFO] - Timestep 34, input to next step: --------------------------GGGGGGGGGGGGGGGGGGGGGGGGGGGGG-------------------------------
[2026-04-24 07:45:16,791][rfdiffusion.inference.utils][INFO] - Sampled motif RMSD: 0.10
[2026-04-24 07:45:17,105][rfdiffusion.inference.model_runners][INFO] - Timestep 33, input to next step: --------------------------GGGGGGGGGGGGGGGGGGGGGGGGGGGGG-------------------------------
[2026-04-24 07:45:20,883][rfdiffusion.inference.utils][INFO] - Sampled motif RMSD: 0.10
[2026-04-24 07:45:21,291][rfdiffusion.inference.model_runners][INFO] - Timestep 32, input to next step: --------------------------GGGGGGGGGGGGGGGGGGGGGGGGGGGGG-------------------------------
[2026-04-24 07:45:26,380][rfdiffusion.inference.utils][INFO] - Sampled motif RMSD: 0.10
[2026-04-24 07:45:26,805][rfdiffusion.inference.model_runners][INFO] - Timestep 31, input to next step: --------------------------GGGGGGGGGGGGGGGGGGGGGGGGGGGGG-------------------------------
[2026-04-24 07:45:31,530][rfdiffusion.inference.utils][INFO] - Sampled motif RMSD: 0.11
[2026-04-24 07:45:31,898][rfdiffusion.inference.model_runners][INFO] - Timestep 30, input to next step: --------------------------GGGGGGGGGGGGGGGGGGGGGGGGGGGGG-------------------------------
[2026-04-24 07:45:37,099][rfdiffusion.inference.utils][INFO] - Sampled motif RMSD: 0.11
[2026-04-24 07:45:37,321][rfdiffusion.inference.model_runners][INFO] - Timestep 29, input to next step: --------------------------GGGGGGGGGGGGGGGGGGGGGGGGGGGGG-------------------------------
[2026-04-24 07:45:42,719][rfdiffusion.inference.utils][INFO] - Sampled motif RMSD: 0.10
[2026-04-24 07:45:43,096][rfdiffusion.inference.model_runners][INFO] - Timestep 28, input to next step: --------------------------GGGGGGGGGGGGGGGGGGGGGGGGGGGGG-------------------------------
[2026-04-24 07:45:47,265][rfdiffusion.inference.utils][INFO] - Sampled motif RMSD: 0.10
[2026-04-24 07:45:47,478][rfdiffusion.inference.model_runners][INFO] - Timestep 27, input to next step: --------------------------GGGGGGGGGGGGGGGGGGGGGGGGGGGGG-------------------------------
[2026-04-24 07:45:51,647][rfdiffusion.inference.utils][INFO] - Sampled motif RMSD: 0.10
[2026-04-24 07:45:51,911][rfdiffusion.inference.model_runners][INFO] - Timestep 26, input to next step: --------------------------GGGGGGGGGGGGGGGGGGGGGGGGGGGGG-------------------------------
[2026-04-24 07:45:54,631][rfdiffusion.inference.utils][INFO] - Sampled motif RMSD: 0.10
[2026-04-24 07:45:54,978][rfdiffusion.inference.model_runners][INFO] - Timestep 25, input to next step: --------------------------GGGGGGGGGGGGGGGGGGGGGGGGGGGGG-------------------------------
[2026-04-24 07:45:59,645][rfdiffusion.inference.utils][INFO] - Sampled motif RMSD: 0.10
[2026-04-24 07:45:59,911][rfdiffusion.inference.model_runners][INFO] - Timestep 24, input to next step: --------------------------GGGGGGGGGGGGGGGGGGGGGGGGGGGGG-------------------------------
[2026-04-24 07:46:03,765][rfdiffusion.inference.utils][INFO] - Sampled motif RMSD: 0.09
[2026-04-24 07:46:04,072][rfdiffusion.inference.model_runners][INFO] - Timestep 23, input to next step: --------------------------GGGGGGGGGGGGGGGGGGGGGGGGGGGGG-------------------------------
[2026-04-24 07:46:06,533][rfdiffusion.inference.utils][INFO] - Sampled motif RMSD: 0.09
[2026-04-24 07:46:06,978][rfdiffusion.inference.model_runners][INFO] - Timestep 22, input to next step: --------------------------GGGGGGGGGGGGGGGGGGGGGGGGGGGGG-------------------------------
[2026-04-24 07:46:11,426][rfdiffusion.inference.utils][INFO] - Sampled motif RMSD: 0.09
[2026-04-24 07:46:11,750][rfdiffusion.inference.model_runners][INFO] - Timestep 21, input to next step: --------------------------GGGGGGGGGGGGGGGGGGGGGGGGGGGGG-------------------------------
[2026-04-24 07:46:16,959][rfdiffusion.inference.utils][INFO] - Sampled motif RMSD: 0.10
[2026-04-24 07:46:17,186][rfdiffusion.inference.model_runners][INFO] - Timestep 20, input to next step: --------------------------GGGGGGGGGGGGGGGGGGGGGGGGGGGGG-------------------------------
[2026-04-24 07:46:20,472][rfdiffusion.inference.utils][INFO] - Sampled motif RMSD: 0.10
[2026-04-24 07:46:20,686][rfdiffusion.inference.model_runners][INFO] - Timestep 19, input to next step: --------------------------GGGGGGGGGGGGGGGGGGGGGGGGGGGGG-------------------------------
[2026-04-24 07:46:24,753][rfdiffusion.inference.utils][INFO] - Sampled motif RMSD: 0.11
[2026-04-24 07:46:25,141][rfdiffusion.inference.model_runners][INFO] - Timestep 18, input to next step: --------------------------GGGGGGGGGGGGGGGGGGGGGGGGGGGGG-------------------------------
[2026-04-24 07:46:29,485][rfdiffusion.inference.utils][INFO] - Sampled motif RMSD: 0.11
[2026-04-24 07:46:29,795][rfdiffusion.inference.model_runners][INFO] - Timestep 17, input to next step: --------------------------GGGGGGGGGGGGGGGGGGGGGGGGGGGGG-------------------------------
[2026-04-24 07:46:33,965][rfdiffusion.inference.utils][INFO] - Sampled motif RMSD: 0.11
[2026-04-24 07:46:34,200][rfdiffusion.inference.model_runners][INFO] - Timestep 16, input to next step: --------------------------GGGGGGGGGGGGGGGGGGGGGGGGGGGGG-------------------------------
[2026-04-24 07:46:38,557][rfdiffusion.inference.utils][INFO] - Sampled motif RMSD: 0.11
[2026-04-24 07:46:38,799][rfdiffusion.inference.model_runners][INFO] - Timestep 15, input to next step: --------------------------GGGGGGGGGGGGGGGGGGGGGGGGGGGGG-------------------------------
[2026-04-24 07:46:42,519][rfdiffusion.inference.utils][INFO] - Sampled motif RMSD: 0.11
[2026-04-24 07:46:42,870][rfdiffusion.inference.model_runners][INFO] - Timestep 14, input to next step: --------------------------GGGGGGGGGGGGGGGGGGGGGGGGGGGGG-------------------------------
[2026-04-24 07:46:47,687][rfdiffusion.inference.utils][INFO] - Sampled motif RMSD: 0.11
[2026-04-24 07:46:47,980][rfdiffusion.inference.model_runners][INFO] - Timestep 13, input to next step: --------------------------GGGGGGGGGGGGGGGGGGGGGGGGGGGGG-------------------------------
[2026-04-24 07:46:51,686][rfdiffusion.inference.utils][INFO] - Sampled motif RMSD: 0.11
[2026-04-24 07:46:51,898][rfdiffusion.inference.model_runners][INFO] - Timestep 12, input to next step: --------------------------GGGGGGGGGGGGGGGGGGGGGGGGGGGGG-------------------------------
[2026-04-24 07:46:55,095][rfdiffusion.inference.utils][INFO] - Sampled motif RMSD: 0.11
[2026-04-24 07:46:55,347][rfdiffusion.inference.model_runners][INFO] - Timestep 11, input to next step: --------------------------GGGGGGGGGGGGGGGGGGGGGGGGGGGGG-------------------------------
[2026-04-24 07:46:59,190][rfdiffusion.inference.utils][INFO] - Sampled motif RMSD: 0.10
[2026-04-24 07:46:59,462][rfdiffusion.inference.model_runners][INFO] - Timestep 10, input to next step: --------------------------GGGGGGGGGGGGGGGGGGGGGGGGGGGGG-------------------------------
[2026-04-24 07:47:02,683][rfdiffusion.inference.utils][INFO] - Sampled motif RMSD: 0.10
[2026-04-24 07:47:02,989][rfdiffusion.inference.model_runners][INFO] - Timestep 9, input to next step: --------------------------GGGGGGGGGGGGGGGGGGGGGGGGGGGGG-------------------------------
[2026-04-24 07:47:06,508][rfdiffusion.inference.utils][INFO] - Sampled motif RMSD: 0.10
[2026-04-24 07:47:06,877][rfdiffusion.inference.model_runners][INFO] - Timestep 8, input to next step: --------------------------GGGGGGGGGGGGGGGGGGGGGGGGGGGGG-------------------------------
[2026-04-24 07:47:11,677][rfdiffusion.inference.utils][INFO] - Sampled motif RMSD: 0.10
[2026-04-24 07:47:11,869][rfdiffusion.inference.model_runners][INFO] - Timestep 7, input to next step: --------------------------GGGGGGGGGGGGGGGGGGGGGGGGGGGGG-------------------------------
[2026-04-24 07:47:15,912][rfdiffusion.inference.utils][INFO] - Sampled motif RMSD: 0.10
[2026-04-24 07:47:16,086][rfdiffusion.inference.model_runners][INFO] - Timestep 6, input to next step: --------------------------GGGGGGGGGGGGGGGGGGGGGGGGGGGGG-------------------------------
[2026-04-24 07:47:20,856][rfdiffusion.inference.utils][INFO] - Sampled motif RMSD: 0.10
[2026-04-24 07:47:21,320][rfdiffusion.inference.model_runners][INFO] - Timestep 5, input to next step: --------------------------GGGGGGGGGGGGGGGGGGGGGGGGGGGGG-------------------------------
[2026-04-24 07:47:24,827][rfdiffusion.inference.utils][INFO] - Sampled motif RMSD: 0.10
[2026-04-24 07:47:25,067][rfdiffusion.inference.model_runners][INFO] - Timestep 4, input to next step: --------------------------GGGGGGGGGGGGGGGGGGGGGGGGGGGGG-------------------------------
[2026-04-24 07:47:29,298][rfdiffusion.inference.utils][INFO] - Sampled motif RMSD: 0.10
[2026-04-24 07:47:29,631][rfdiffusion.inference.model_runners][INFO] - Timestep 3, input to next step: --------------------------GGGGGGGGGGGGGGGGGGGGGGGGGGGGG-------------------------------
[2026-04-24 07:47:33,267][rfdiffusion.inference.utils][INFO] - Sampled motif RMSD: 0.10
[2026-04-24 07:47:33,833][rfdiffusion.inference.model_runners][INFO] - Timestep 2, input to next step: --------------------------GGGGGGGGGGGGGGGGGGGGGGGGGGGGG-------------------------------
[2026-04-24 07:47:40,895][__main__][INFO] - Finished design in 3.80 minutes
