[2026-04-24 08:23:52,921][__main__][INFO] - Found GPU with device_name NVIDIA A100-SXM4-80GB. Will run RFdiffusion on NVIDIA A100-SXM4-80GB
Reading models from /lambda/nfs/manvi/Team_8_CS598GBL/RFdiffusion/rfdiffusion/inference/../../models
[2026-04-24 08:23:52,924][rfdiffusion.inference.model_runners][INFO] - Reading checkpoint from /lambda/nfs/manvi/Team_8_CS598GBL/RFdiffusion/rfdiffusion/inference/../../models/Base_ckpt.pt
This is inf_conf.ckpt_path
/lambda/nfs/manvi/Team_8_CS598GBL/RFdiffusion/rfdiffusion/inference/../../models/Base_ckpt.pt
Assembling -model, -diffuser and -preprocess configs from checkpoint
USING MODEL CONFIG: self._conf[model][n_extra_block] = 4
USING MODEL CONFIG: self._conf[model][n_main_block] = 32
USING MODEL CONFIG: self._conf[model][n_ref_block] = 4
USING MODEL CONFIG: self._conf[model][d_msa] = 256
USING MODEL CONFIG: self._conf[model][d_msa_full] = 64
USING MODEL CONFIG: self._conf[model][d_pair] = 128
USING MODEL CONFIG: self._conf[model][d_templ] = 64
USING MODEL CONFIG: self._conf[model][n_head_msa] = 8
USING MODEL CONFIG: self._conf[model][n_head_pair] = 4
USING MODEL CONFIG: self._conf[model][n_head_templ] = 4
USING MODEL CONFIG: self._conf[model][d_hidden] = 32
USING MODEL CONFIG: self._conf[model][d_hidden_templ] = 32
USING MODEL CONFIG: self._conf[model][p_drop] = 0.15
USING MODEL CONFIG: self._conf[model][SE3_param_full] = {'num_layers': 1, 'num_channels': 32, 'num_degrees': 2, 'n_heads': 4, 'div': 4, 'l0_in_features': 8, 'l0_out_features': 8, 'l1_in_features': 3, 'l1_out_features': 2, 'num_edge_features': 32}
USING MODEL CONFIG: self._conf[model][SE3_param_topk] = {'num_layers': 1, 'num_channels': 32, 'num_degrees': 2, 'n_heads': 4, 'div': 4, 'l0_in_features': 64, 'l0_out_features': 64, 'l1_in_features': 3, 'l1_out_features': 2, 'num_edge_features': 64}
USING MODEL CONFIG: self._conf[model][freeze_track_motif] = False
USING MODEL CONFIG: self._conf[model][use_motif_timestep] = True
USING MODEL CONFIG: self._conf[diffuser][T] = 50
USING MODEL CONFIG: self._conf[diffuser][b_0] = 0.01
USING MODEL CONFIG: self._conf[diffuser][b_T] = 0.07
USING MODEL CONFIG: self._conf[diffuser][schedule_type] = linear
USING MODEL CONFIG: self._conf[diffuser][so3_type] = igso3
USING MODEL CONFIG: self._conf[diffuser][crd_scale] = 0.25
USING MODEL CONFIG: self._conf[diffuser][so3_schedule_type] = linear
USING MODEL CONFIG: self._conf[diffuser][min_b] = 1.5
USING MODEL CONFIG: self._conf[diffuser][max_b] = 2.5
USING MODEL CONFIG: self._conf[diffuser][min_sigma] = 0.02
USING MODEL CONFIG: self._conf[diffuser][max_sigma] = 1.5
USING MODEL CONFIG: self._conf[preprocess][sidechain_input] = False
USING MODEL CONFIG: self._conf[preprocess][motif_sidechain_input] = True
USING MODEL CONFIG: self._conf[preprocess][d_t1d] = 22
USING MODEL CONFIG: self._conf[preprocess][d_t2d] = 44
USING MODEL CONFIG: self._conf[preprocess][prob_self_cond] = 0.5
USING MODEL CONFIG: self._conf[preprocess][str_self_cond] = True
USING MODEL CONFIG: self._conf[preprocess][predict_previous] = False
[2026-04-24 08:24:28,904][rfdiffusion.inference.model_runners][INFO] - Loading checkpoint.
[2026-04-24 08:24:36,063][rfdiffusion.diffusion][INFO] - Using cached IGSO3.
Successful diffuser __init__
[2026-04-24 08:24:36,107][__main__][INFO] - Making design /lambda/nfs/manvi/Team_8_CS598GBL/outputs/custom90_128_motif_scaffolding/fast_T20/len_099/nterm/scaffold_0
[2026-04-24 08:24:36,126][rfdiffusion.inference.model_runners][INFO] - Using contig: ['A1-21/19-33']
With this beta schedule (linear schedule, beta_0 = 0.04, beta_T = 0.28), alpha_bar_T = 0.00013696048699785024
[2026-04-24 08:24:36,236][rfdiffusion.inference.model_runners][INFO] - Sequence init: GGGGGGGGGGGGGGGGGGGGG--------------------------------
[2026-04-24 08:24:39,477][rfdiffusion.inference.utils][INFO] - Sampled motif RMSD: 0.11
[2026-04-24 08:24:39,646][rfdiffusion.inference.model_runners][INFO] - Timestep 50, input to next step: GGGGGGGGGGGGGGGGGGGGG--------------------------------
[2026-04-24 08:24:41,343][rfdiffusion.inference.utils][INFO] - Sampled motif RMSD: 0.08
[2026-04-24 08:24:41,458][rfdiffusion.inference.model_runners][INFO] - Timestep 49, input to next step: GGGGGGGGGGGGGGGGGGGGG--------------------------------
[2026-04-24 08:24:43,458][rfdiffusion.inference.utils][INFO] - Sampled motif RMSD: 0.09
[2026-04-24 08:24:43,639][rfdiffusion.inference.model_runners][INFO] - Timestep 48, input to next step: GGGGGGGGGGGGGGGGGGGGG--------------------------------
[2026-04-24 08:24:45,494][rfdiffusion.inference.utils][INFO] - Sampled motif RMSD: 0.07
[2026-04-24 08:24:45,679][rfdiffusion.inference.model_runners][INFO] - Timestep 47, input to next step: GGGGGGGGGGGGGGGGGGGGG--------------------------------
[2026-04-24 08:24:47,589][rfdiffusion.inference.utils][INFO] - Sampled motif RMSD: 0.08
[2026-04-24 08:24:47,686][rfdiffusion.inference.model_runners][INFO] - Timestep 46, input to next step: GGGGGGGGGGGGGGGGGGGGG--------------------------------
[2026-04-24 08:24:49,455][rfdiffusion.inference.utils][INFO] - Sampled motif RMSD: 0.09
[2026-04-24 08:24:49,617][rfdiffusion.inference.model_runners][INFO] - Timestep 45, input to next step: GGGGGGGGGGGGGGGGGGGGG--------------------------------
[2026-04-24 08:24:51,442][rfdiffusion.inference.utils][INFO] - Sampled motif RMSD: 0.10
[2026-04-24 08:24:51,541][rfdiffusion.inference.model_runners][INFO] - Timestep 44, input to next step: GGGGGGGGGGGGGGGGGGGGG--------------------------------
[2026-04-24 08:24:53,783][rfdiffusion.inference.utils][INFO] - Sampled motif RMSD: 0.10
[2026-04-24 08:24:53,842][rfdiffusion.inference.model_runners][INFO] - Timestep 43, input to next step: GGGGGGGGGGGGGGGGGGGGG--------------------------------
[2026-04-24 08:24:55,307][rfdiffusion.inference.utils][INFO] - Sampled motif RMSD: 0.12
[2026-04-24 08:24:55,415][rfdiffusion.inference.model_runners][INFO] - Timestep 42, input to next step: GGGGGGGGGGGGGGGGGGGGG--------------------------------
[2026-04-24 08:24:56,818][rfdiffusion.inference.utils][INFO] - Sampled motif RMSD: 0.12
[2026-04-24 08:24:57,091][rfdiffusion.inference.model_runners][INFO] - Timestep 41, input to next step: GGGGGGGGGGGGGGGGGGGGG--------------------------------
[2026-04-24 08:24:59,493][rfdiffusion.inference.utils][INFO] - Sampled motif RMSD: 0.11
[2026-04-24 08:24:59,684][rfdiffusion.inference.model_runners][INFO] - Timestep 40, input to next step: GGGGGGGGGGGGGGGGGGGGG--------------------------------
[2026-04-24 08:25:01,252][rfdiffusion.inference.utils][INFO] - Sampled motif RMSD: 0.10
[2026-04-24 08:25:01,480][rfdiffusion.inference.model_runners][INFO] - Timestep 39, input to next step: GGGGGGGGGGGGGGGGGGGGG--------------------------------
[2026-04-24 08:25:03,424][rfdiffusion.inference.utils][INFO] - Sampled motif RMSD: 0.09
[2026-04-24 08:25:03,724][rfdiffusion.inference.model_runners][INFO] - Timestep 38, input to next step: GGGGGGGGGGGGGGGGGGGGG--------------------------------
[2026-04-24 08:25:05,940][rfdiffusion.inference.utils][INFO] - Sampled motif RMSD: 0.08
[2026-04-24 08:25:06,088][rfdiffusion.inference.model_runners][INFO] - Timestep 37, input to next step: GGGGGGGGGGGGGGGGGGGGG--------------------------------
[2026-04-24 08:25:08,029][rfdiffusion.inference.utils][INFO] - Sampled motif RMSD: 0.07
[2026-04-24 08:25:08,235][rfdiffusion.inference.model_runners][INFO] - Timestep 36, input to next step: GGGGGGGGGGGGGGGGGGGGG--------------------------------
[2026-04-24 08:25:09,724][rfdiffusion.inference.utils][INFO] - Sampled motif RMSD: 0.08
[2026-04-24 08:25:09,963][rfdiffusion.inference.model_runners][INFO] - Timestep 35, input to next step: GGGGGGGGGGGGGGGGGGGGG--------------------------------
[2026-04-24 08:25:11,468][rfdiffusion.inference.utils][INFO] - Sampled motif RMSD: 0.08
[2026-04-24 08:25:11,798][rfdiffusion.inference.model_runners][INFO] - Timestep 34, input to next step: GGGGGGGGGGGGGGGGGGGGG--------------------------------
[2026-04-24 08:25:13,692][rfdiffusion.inference.utils][INFO] - Sampled motif RMSD: 0.07
[2026-04-24 08:25:13,805][rfdiffusion.inference.model_runners][INFO] - Timestep 33, input to next step: GGGGGGGGGGGGGGGGGGGGG--------------------------------
[2026-04-24 08:25:16,171][rfdiffusion.inference.utils][INFO] - Sampled motif RMSD: 0.08
[2026-04-24 08:25:16,258][rfdiffusion.inference.model_runners][INFO] - Timestep 32, input to next step: GGGGGGGGGGGGGGGGGGGGG--------------------------------
[2026-04-24 08:25:17,564][rfdiffusion.inference.utils][INFO] - Sampled motif RMSD: 0.07
[2026-04-24 08:25:17,705][rfdiffusion.inference.model_runners][INFO] - Timestep 31, input to next step: GGGGGGGGGGGGGGGGGGGGG--------------------------------
[2026-04-24 08:25:19,548][rfdiffusion.inference.utils][INFO] - Sampled motif RMSD: 0.07
[2026-04-24 08:25:19,728][rfdiffusion.inference.model_runners][INFO] - Timestep 30, input to next step: GGGGGGGGGGGGGGGGGGGGG--------------------------------
[2026-04-24 08:25:21,439][rfdiffusion.inference.utils][INFO] - Sampled motif RMSD: 0.08
[2026-04-24 08:25:21,537][rfdiffusion.inference.model_runners][INFO] - Timestep 29, input to next step: GGGGGGGGGGGGGGGGGGGGG--------------------------------
[2026-04-24 08:25:23,460][rfdiffusion.inference.utils][INFO] - Sampled motif RMSD: 0.07
[2026-04-24 08:25:23,603][rfdiffusion.inference.model_runners][INFO] - Timestep 28, input to next step: GGGGGGGGGGGGGGGGGGGGG--------------------------------
[2026-04-24 08:25:25,935][rfdiffusion.inference.utils][INFO] - Sampled motif RMSD: 0.08
[2026-04-24 08:25:26,133][rfdiffusion.inference.model_runners][INFO] - Timestep 27, input to next step: GGGGGGGGGGGGGGGGGGGGG--------------------------------
[2026-04-24 08:25:28,352][rfdiffusion.inference.utils][INFO] - Sampled motif RMSD: 0.07
[2026-04-24 08:25:28,579][rfdiffusion.inference.model_runners][INFO] - Timestep 26, input to next step: GGGGGGGGGGGGGGGGGGGGG--------------------------------
[2026-04-24 08:25:29,885][rfdiffusion.inference.utils][INFO] - Sampled motif RMSD: 0.09
[2026-04-24 08:25:30,308][rfdiffusion.inference.model_runners][INFO] - Timestep 25, input to next step: GGGGGGGGGGGGGGGGGGGGG--------------------------------
[2026-04-24 08:25:32,654][rfdiffusion.inference.utils][INFO] - Sampled motif RMSD: 0.08
[2026-04-24 08:25:32,866][rfdiffusion.inference.model_runners][INFO] - Timestep 24, input to next step: GGGGGGGGGGGGGGGGGGGGG--------------------------------
[2026-04-24 08:25:35,173][rfdiffusion.inference.utils][INFO] - Sampled motif RMSD: 0.08
[2026-04-24 08:25:35,316][rfdiffusion.inference.model_runners][INFO] - Timestep 23, input to next step: GGGGGGGGGGGGGGGGGGGGG--------------------------------
[2026-04-24 08:25:37,540][rfdiffusion.inference.utils][INFO] - Sampled motif RMSD: 0.09
[2026-04-24 08:25:37,622][rfdiffusion.inference.model_runners][INFO] - Timestep 22, input to next step: GGGGGGGGGGGGGGGGGGGGG--------------------------------
[2026-04-24 08:25:39,297][rfdiffusion.inference.utils][INFO] - Sampled motif RMSD: 0.08
[2026-04-24 08:25:39,445][rfdiffusion.inference.model_runners][INFO] - Timestep 21, input to next step: GGGGGGGGGGGGGGGGGGGGG--------------------------------
[2026-04-24 08:25:41,659][rfdiffusion.inference.utils][INFO] - Sampled motif RMSD: 0.08
[2026-04-24 08:25:41,853][rfdiffusion.inference.model_runners][INFO] - Timestep 20, input to next step: GGGGGGGGGGGGGGGGGGGGG--------------------------------
[2026-04-24 08:25:43,631][rfdiffusion.inference.utils][INFO] - Sampled motif RMSD: 0.07
[2026-04-24 08:25:43,958][rfdiffusion.inference.model_runners][INFO] - Timestep 19, input to next step: GGGGGGGGGGGGGGGGGGGGG--------------------------------
[2026-04-24 08:25:45,548][rfdiffusion.inference.utils][INFO] - Sampled motif RMSD: 0.07
[2026-04-24 08:25:45,841][rfdiffusion.inference.model_runners][INFO] - Timestep 18, input to next step: GGGGGGGGGGGGGGGGGGGGG--------------------------------
[2026-04-24 08:25:48,098][rfdiffusion.inference.utils][INFO] - Sampled motif RMSD: 0.06
[2026-04-24 08:25:48,375][rfdiffusion.inference.model_runners][INFO] - Timestep 17, input to next step: GGGGGGGGGGGGGGGGGGGGG--------------------------------
[2026-04-24 08:25:50,857][rfdiffusion.inference.utils][INFO] - Sampled motif RMSD: 0.06
[2026-04-24 08:25:50,960][rfdiffusion.inference.model_runners][INFO] - Timestep 16, input to next step: GGGGGGGGGGGGGGGGGGGGG--------------------------------
[2026-04-24 08:25:53,250][rfdiffusion.inference.utils][INFO] - Sampled motif RMSD: 0.06
[2026-04-24 08:25:53,379][rfdiffusion.inference.model_runners][INFO] - Timestep 15, input to next step: GGGGGGGGGGGGGGGGGGGGG--------------------------------
[2026-04-24 08:25:55,636][rfdiffusion.inference.utils][INFO] - Sampled motif RMSD: 0.06
[2026-04-24 08:25:55,788][rfdiffusion.inference.model_runners][INFO] - Timestep 14, input to next step: GGGGGGGGGGGGGGGGGGGGG--------------------------------
[2026-04-24 08:25:57,520][rfdiffusion.inference.utils][INFO] - Sampled motif RMSD: 0.06
[2026-04-24 08:25:57,650][rfdiffusion.inference.model_runners][INFO] - Timestep 13, input to next step: GGGGGGGGGGGGGGGGGGGGG--------------------------------
[2026-04-24 08:25:59,632][rfdiffusion.inference.utils][INFO] - Sampled motif RMSD: 0.06
[2026-04-24 08:25:59,847][rfdiffusion.inference.model_runners][INFO] - Timestep 12, input to next step: GGGGGGGGGGGGGGGGGGGGG--------------------------------
[2026-04-24 08:26:02,288][rfdiffusion.inference.utils][INFO] - Sampled motif RMSD: 0.06
[2026-04-24 08:26:02,502][rfdiffusion.inference.model_runners][INFO] - Timestep 11, input to next step: GGGGGGGGGGGGGGGGGGGGG--------------------------------
[2026-04-24 08:26:04,724][rfdiffusion.inference.utils][INFO] - Sampled motif RMSD: 0.06
[2026-04-24 08:26:05,078][rfdiffusion.inference.model_runners][INFO] - Timestep 10, input to next step: GGGGGGGGGGGGGGGGGGGGG--------------------------------
[2026-04-24 08:26:06,810][rfdiffusion.inference.utils][INFO] - Sampled motif RMSD: 0.06
[2026-04-24 08:26:07,047][rfdiffusion.inference.model_runners][INFO] - Timestep 9, input to next step: GGGGGGGGGGGGGGGGGGGGG--------------------------------
[2026-04-24 08:26:09,164][rfdiffusion.inference.utils][INFO] - Sampled motif RMSD: 0.06
[2026-04-24 08:26:09,286][rfdiffusion.inference.model_runners][INFO] - Timestep 8, input to next step: GGGGGGGGGGGGGGGGGGGGG--------------------------------
[2026-04-24 08:26:11,723][rfdiffusion.inference.utils][INFO] - Sampled motif RMSD: 0.06
[2026-04-24 08:26:12,019][rfdiffusion.inference.model_runners][INFO] - Timestep 7, input to next step: GGGGGGGGGGGGGGGGGGGGG--------------------------------
[2026-04-24 08:26:13,957][rfdiffusion.inference.utils][INFO] - Sampled motif RMSD: 0.06
[2026-04-24 08:26:14,075][rfdiffusion.inference.model_runners][INFO] - Timestep 6, input to next step: GGGGGGGGGGGGGGGGGGGGG--------------------------------
[2026-04-24 08:26:16,197][rfdiffusion.inference.utils][INFO] - Sampled motif RMSD: 0.07
[2026-04-24 08:26:16,347][rfdiffusion.inference.model_runners][INFO] - Timestep 5, input to next step: GGGGGGGGGGGGGGGGGGGGG--------------------------------
[2026-04-24 08:26:18,982][rfdiffusion.inference.utils][INFO] - Sampled motif RMSD: 0.06
[2026-04-24 08:26:19,110][rfdiffusion.inference.model_runners][INFO] - Timestep 4, input to next step: GGGGGGGGGGGGGGGGGGGGG--------------------------------
[2026-04-24 08:26:21,052][rfdiffusion.inference.utils][INFO] - Sampled motif RMSD: 0.07
[2026-04-24 08:26:21,230][rfdiffusion.inference.model_runners][INFO] - Timestep 3, input to next step: GGGGGGGGGGGGGGGGGGGGG--------------------------------
[2026-04-24 08:26:23,301][rfdiffusion.inference.utils][INFO] - Sampled motif RMSD: 0.07
[2026-04-24 08:26:23,412][rfdiffusion.inference.model_runners][INFO] - Timestep 2, input to next step: GGGGGGGGGGGGGGGGGGGGG--------------------------------
[2026-04-24 08:26:25,975][__main__][INFO] - Finished design in 1.83 minutes
[2026-04-24 08:26:25,976][__main__][INFO] - Making design /lambda/nfs/manvi/Team_8_CS598GBL/outputs/custom90_128_motif_scaffolding/fast_T20/len_099/nterm/scaffold_1
[2026-04-24 08:26:25,987][rfdiffusion.inference.model_runners][INFO] - Using contig: ['A1-21/19-33']
With this beta schedule (linear schedule, beta_0 = 0.04, beta_T = 0.28), alpha_bar_T = 0.00013696048699785024
[2026-04-24 08:26:26,112][rfdiffusion.inference.model_runners][INFO] - Sequence init: GGGGGGGGGGGGGGGGGGGGG------------------------------
[2026-04-24 08:26:29,158][rfdiffusion.inference.utils][INFO] - Sampled motif RMSD: 0.11
[2026-04-24 08:26:29,310][rfdiffusion.inference.model_runners][INFO] - Timestep 50, input to next step: GGGGGGGGGGGGGGGGGGGGG------------------------------
[2026-04-24 08:26:31,123][rfdiffusion.inference.utils][INFO] - Sampled motif RMSD: 0.09
[2026-04-24 08:26:31,309][rfdiffusion.inference.model_runners][INFO] - Timestep 49, input to next step: GGGGGGGGGGGGGGGGGGGGG------------------------------
[2026-04-24 08:26:33,102][rfdiffusion.inference.utils][INFO] - Sampled motif RMSD: 0.09
[2026-04-24 08:26:33,197][rfdiffusion.inference.model_runners][INFO] - Timestep 48, input to next step: GGGGGGGGGGGGGGGGGGGGG------------------------------
[2026-04-24 08:26:34,990][rfdiffusion.inference.utils][INFO] - Sampled motif RMSD: 0.08
[2026-04-24 08:26:35,199][rfdiffusion.inference.model_runners][INFO] - Timestep 47, input to next step: GGGGGGGGGGGGGGGGGGGGG------------------------------
[2026-04-24 08:26:36,786][rfdiffusion.inference.utils][INFO] - Sampled motif RMSD: 0.08
[2026-04-24 08:26:37,084][rfdiffusion.inference.model_runners][INFO] - Timestep 46, input to next step: GGGGGGGGGGGGGGGGGGGGG------------------------------
[2026-04-24 08:26:38,993][rfdiffusion.inference.utils][INFO] - Sampled motif RMSD: 0.07
[2026-04-24 08:26:39,220][rfdiffusion.inference.model_runners][INFO] - Timestep 45, input to next step: GGGGGGGGGGGGGGGGGGGGG------------------------------
[2026-04-24 08:26:40,991][rfdiffusion.inference.utils][INFO] - Sampled motif RMSD: 0.07
[2026-04-24 08:26:41,118][rfdiffusion.inference.model_runners][INFO] - Timestep 44, input to next step: GGGGGGGGGGGGGGGGGGGGG------------------------------
[2026-04-24 08:26:43,048][rfdiffusion.inference.utils][INFO] - Sampled motif RMSD: 0.07
[2026-04-24 08:26:43,112][rfdiffusion.inference.model_runners][INFO] - Timestep 43, input to next step: GGGGGGGGGGGGGGGGGGGGG------------------------------
[2026-04-24 08:26:45,105][rfdiffusion.inference.utils][INFO] - Sampled motif RMSD: 0.07
[2026-04-24 08:26:45,247][rfdiffusion.inference.model_runners][INFO] - Timestep 42, input to next step: GGGGGGGGGGGGGGGGGGGGG------------------------------
[2026-04-24 08:26:46,967][rfdiffusion.inference.utils][INFO] - Sampled motif RMSD: 0.07
[2026-04-24 08:26:47,109][rfdiffusion.inference.model_runners][INFO] - Timestep 41, input to next step: GGGGGGGGGGGGGGGGGGGGG------------------------------
[2026-04-24 08:26:49,098][rfdiffusion.inference.utils][INFO] - Sampled motif RMSD: 0.07
[2026-04-24 08:26:49,269][rfdiffusion.inference.model_runners][INFO] - Timestep 40, input to next step: GGGGGGGGGGGGGGGGGGGGG------------------------------
[2026-04-24 08:26:50,873][rfdiffusion.inference.utils][INFO] - Sampled motif RMSD: 0.08
[2026-04-24 08:26:51,023][rfdiffusion.inference.model_runners][INFO] - Timestep 39, input to next step: GGGGGGGGGGGGGGGGGGGGG------------------------------
[2026-04-24 08:26:52,972][rfdiffusion.inference.utils][INFO] - Sampled motif RMSD: 0.07
[2026-04-24 08:26:53,026][rfdiffusion.inference.model_runners][INFO] - Timestep 38, input to next step: GGGGGGGGGGGGGGGGGGGGG------------------------------
[2026-04-24 08:26:54,825][rfdiffusion.inference.utils][INFO] - Sampled motif RMSD: 0.07
[2026-04-24 08:26:54,920][rfdiffusion.inference.model_runners][INFO] - Timestep 37, input to next step: GGGGGGGGGGGGGGGGGGGGG------------------------------
[2026-04-24 08:26:56,104][rfdiffusion.inference.utils][INFO] - Sampled motif RMSD: 0.08
[2026-04-24 08:26:56,359][rfdiffusion.inference.model_runners][INFO] - Timestep 36, input to next step: GGGGGGGGGGGGGGGGGGGGG------------------------------
[2026-04-24 08:26:58,029][rfdiffusion.inference.utils][INFO] - Sampled motif RMSD: 0.07
[2026-04-24 08:26:58,221][rfdiffusion.inference.model_runners][INFO] - Timestep 35, input to next step: GGGGGGGGGGGGGGGGGGGGG------------------------------
[2026-04-24 08:27:00,095][rfdiffusion.inference.utils][INFO] - Sampled motif RMSD: 0.07
[2026-04-24 08:27:00,215][rfdiffusion.inference.model_runners][INFO] - Timestep 34, input to next step: GGGGGGGGGGGGGGGGGGGGG------------------------------
[2026-04-24 08:27:02,108][rfdiffusion.inference.utils][INFO] - Sampled motif RMSD: 0.07
[2026-04-24 08:27:02,173][rfdiffusion.inference.model_runners][INFO] - Timestep 33, input to next step: GGGGGGGGGGGGGGGGGGGGG------------------------------
[2026-04-24 08:27:04,233][rfdiffusion.inference.utils][INFO] - Sampled motif RMSD: 0.07
[2026-04-24 08:27:04,313][rfdiffusion.inference.model_runners][INFO] - Timestep 32, input to next step: GGGGGGGGGGGGGGGGGGGGG------------------------------
[2026-04-24 08:27:06,354][rfdiffusion.inference.utils][INFO] - Sampled motif RMSD: 0.07
[2026-04-24 08:27:06,519][rfdiffusion.inference.model_runners][INFO] - Timestep 31, input to next step: GGGGGGGGGGGGGGGGGGGGG------------------------------
[2026-04-24 08:27:08,354][rfdiffusion.inference.utils][INFO] - Sampled motif RMSD: 0.07
[2026-04-24 08:27:08,645][rfdiffusion.inference.model_runners][INFO] - Timestep 30, input to next step: GGGGGGGGGGGGGGGGGGGGG------------------------------
[2026-04-24 08:27:10,391][rfdiffusion.inference.utils][INFO] - Sampled motif RMSD: 0.08
[2026-04-24 08:27:10,645][rfdiffusion.inference.model_runners][INFO] - Timestep 29, input to next step: GGGGGGGGGGGGGGGGGGGGG------------------------------
[2026-04-24 08:27:12,413][rfdiffusion.inference.utils][INFO] - Sampled motif RMSD: 0.07
[2026-04-24 08:27:12,511][rfdiffusion.inference.model_runners][INFO] - Timestep 28, input to next step: GGGGGGGGGGGGGGGGGGGGG------------------------------
[2026-04-24 08:27:14,632][rfdiffusion.inference.utils][INFO] - Sampled motif RMSD: 0.08
[2026-04-24 08:27:14,858][rfdiffusion.inference.model_runners][INFO] - Timestep 27, input to next step: GGGGGGGGGGGGGGGGGGGGG------------------------------
[2026-04-24 08:27:16,528][rfdiffusion.inference.utils][INFO] - Sampled motif RMSD: 0.08
[2026-04-24 08:27:16,695][rfdiffusion.inference.model_runners][INFO] - Timestep 26, input to next step: GGGGGGGGGGGGGGGGGGGGG------------------------------
[2026-04-24 08:27:18,887][rfdiffusion.inference.utils][INFO] - Sampled motif RMSD: 0.08
[2026-04-24 08:27:19,078][rfdiffusion.inference.model_runners][INFO] - Timestep 25, input to next step: GGGGGGGGGGGGGGGGGGGGG------------------------------
[2026-04-24 08:27:20,938][rfdiffusion.inference.utils][INFO] - Sampled motif RMSD: 0.09
[2026-04-24 08:27:21,171][rfdiffusion.inference.model_runners][INFO] - Timestep 24, input to next step: GGGGGGGGGGGGGGGGGGGGG------------------------------
[2026-04-24 08:27:23,155][rfdiffusion.inference.utils][INFO] - Sampled motif RMSD: 0.08
[2026-04-24 08:27:23,309][rfdiffusion.inference.model_runners][INFO] - Timestep 23, input to next step: GGGGGGGGGGGGGGGGGGGGG------------------------------
[2026-04-24 08:27:25,211][rfdiffusion.inference.utils][INFO] - Sampled motif RMSD: 0.08
[2026-04-24 08:27:25,443][rfdiffusion.inference.model_runners][INFO] - Timestep 22, input to next step: GGGGGGGGGGGGGGGGGGGGG------------------------------
[2026-04-24 08:27:27,251][rfdiffusion.inference.utils][INFO] - Sampled motif RMSD: 0.08
[2026-04-24 08:27:27,400][rfdiffusion.inference.model_runners][INFO] - Timestep 21, input to next step: GGGGGGGGGGGGGGGGGGGGG------------------------------
[2026-04-24 08:27:29,301][rfdiffusion.inference.utils][INFO] - Sampled motif RMSD: 0.08
[2026-04-24 08:27:29,463][rfdiffusion.inference.model_runners][INFO] - Timestep 20, input to next step: GGGGGGGGGGGGGGGGGGGGG------------------------------
[2026-04-24 08:27:31,503][rfdiffusion.inference.utils][INFO] - Sampled motif RMSD: 0.07
[2026-04-24 08:27:31,613][rfdiffusion.inference.model_runners][INFO] - Timestep 19, input to next step: GGGGGGGGGGGGGGGGGGGGG------------------------------
[2026-04-24 08:27:33,543][rfdiffusion.inference.utils][INFO] - Sampled motif RMSD: 0.06
[2026-04-24 08:27:33,674][rfdiffusion.inference.model_runners][INFO] - Timestep 18, input to next step: GGGGGGGGGGGGGGGGGGGGG------------------------------
[2026-04-24 08:27:35,453][rfdiffusion.inference.utils][INFO] - Sampled motif RMSD: 0.08
[2026-04-24 08:27:35,653][rfdiffusion.inference.model_runners][INFO] - Timestep 17, input to next step: GGGGGGGGGGGGGGGGGGGGG------------------------------
[2026-04-24 08:27:37,173][rfdiffusion.inference.utils][INFO] - Sampled motif RMSD: 0.07
[2026-04-24 08:27:37,334][rfdiffusion.inference.model_runners][INFO] - Timestep 16, input to next step: GGGGGGGGGGGGGGGGGGGGG------------------------------
[2026-04-24 08:27:39,131][rfdiffusion.inference.utils][INFO] - Sampled motif RMSD: 0.07
[2026-04-24 08:27:39,210][rfdiffusion.inference.model_runners][INFO] - Timestep 15, input to next step: GGGGGGGGGGGGGGGGGGGGG------------------------------
[2026-04-24 08:27:41,159][rfdiffusion.inference.utils][INFO] - Sampled motif RMSD: 0.08
[2026-04-24 08:27:41,224][rfdiffusion.inference.model_runners][INFO] - Timestep 14, input to next step: GGGGGGGGGGGGGGGGGGGGG------------------------------
[2026-04-24 08:27:42,751][rfdiffusion.inference.utils][INFO] - Sampled motif RMSD: 0.08
[2026-04-24 08:27:42,816][rfdiffusion.inference.model_runners][INFO] - Timestep 13, input to next step: GGGGGGGGGGGGGGGGGGGGG------------------------------
[2026-04-24 08:27:44,658][rfdiffusion.inference.utils][INFO] - Sampled motif RMSD: 0.09
[2026-04-24 08:27:44,752][rfdiffusion.inference.model_runners][INFO] - Timestep 12, input to next step: GGGGGGGGGGGGGGGGGGGGG------------------------------
[2026-04-24 08:27:46,183][rfdiffusion.inference.utils][INFO] - Sampled motif RMSD: 0.07
[2026-04-24 08:27:46,491][rfdiffusion.inference.model_runners][INFO] - Timestep 11, input to next step: GGGGGGGGGGGGGGGGGGGGG------------------------------
[2026-04-24 08:27:48,019][rfdiffusion.inference.utils][INFO] - Sampled motif RMSD: 0.07
[2026-04-24 08:27:48,106][rfdiffusion.inference.model_runners][INFO] - Timestep 10, input to next step: GGGGGGGGGGGGGGGGGGGGG------------------------------
[2026-04-24 08:27:49,392][rfdiffusion.inference.utils][INFO] - Sampled motif RMSD: 0.07
[2026-04-24 08:27:49,457][rfdiffusion.inference.model_runners][INFO] - Timestep 9, input to next step: GGGGGGGGGGGGGGGGGGGGG------------------------------
[2026-04-24 08:27:50,882][rfdiffusion.inference.utils][INFO] - Sampled motif RMSD: 0.06
[2026-04-24 08:27:50,986][rfdiffusion.inference.model_runners][INFO] - Timestep 8, input to next step: GGGGGGGGGGGGGGGGGGGGG------------------------------
[2026-04-24 08:27:52,204][rfdiffusion.inference.utils][INFO] - Sampled motif RMSD: 0.06
[2026-04-24 08:27:52,270][rfdiffusion.inference.model_runners][INFO] - Timestep 7, input to next step: GGGGGGGGGGGGGGGGGGGGG------------------------------
[2026-04-24 08:27:53,759][rfdiffusion.inference.utils][INFO] - Sampled motif RMSD: 0.07
[2026-04-24 08:27:53,809][rfdiffusion.inference.model_runners][INFO] - Timestep 6, input to next step: GGGGGGGGGGGGGGGGGGGGG------------------------------
[2026-04-24 08:27:55,010][rfdiffusion.inference.utils][INFO] - Sampled motif RMSD: 0.08
[2026-04-24 08:27:55,136][rfdiffusion.inference.model_runners][INFO] - Timestep 5, input to next step: GGGGGGGGGGGGGGGGGGGGG------------------------------
[2026-04-24 08:27:56,536][rfdiffusion.inference.utils][INFO] - Sampled motif RMSD: 0.08
[2026-04-24 08:27:56,676][rfdiffusion.inference.model_runners][INFO] - Timestep 4, input to next step: GGGGGGGGGGGGGGGGGGGGG------------------------------
[2026-04-24 08:27:57,989][rfdiffusion.inference.utils][INFO] - Sampled motif RMSD: 0.07
[2026-04-24 08:27:58,132][rfdiffusion.inference.model_runners][INFO] - Timestep 3, input to next step: GGGGGGGGGGGGGGGGGGGGG------------------------------
[2026-04-24 08:27:59,618][rfdiffusion.inference.utils][INFO] - Sampled motif RMSD: 0.07
[2026-04-24 08:27:59,680][rfdiffusion.inference.model_runners][INFO] - Timestep 2, input to next step: GGGGGGGGGGGGGGGGGGGGG------------------------------
[2026-04-24 08:28:01,733][__main__][INFO] - Finished design in 1.60 minutes
