[2026-04-24 09:56:48,023][__main__][INFO] - Found GPU with device_name NVIDIA A100-SXM4-80GB. Will run RFdiffusion on NVIDIA A100-SXM4-80GB
Reading models from /lambda/nfs/manvi/Team_8_CS598GBL/RFdiffusion/rfdiffusion/inference/../../models
[2026-04-24 09:56:48,031][rfdiffusion.inference.model_runners][INFO] - Reading checkpoint from /lambda/nfs/manvi/Team_8_CS598GBL/RFdiffusion/rfdiffusion/inference/../../models/Base_ckpt.pt
This is inf_conf.ckpt_path
/lambda/nfs/manvi/Team_8_CS598GBL/RFdiffusion/rfdiffusion/inference/../../models/Base_ckpt.pt
Assembling -model, -diffuser and -preprocess configs from checkpoint
USING MODEL CONFIG: self._conf[model][n_extra_block] = 4
USING MODEL CONFIG: self._conf[model][n_main_block] = 32
USING MODEL CONFIG: self._conf[model][n_ref_block] = 4
USING MODEL CONFIG: self._conf[model][d_msa] = 256
USING MODEL CONFIG: self._conf[model][d_msa_full] = 64
USING MODEL CONFIG: self._conf[model][d_pair] = 128
USING MODEL CONFIG: self._conf[model][d_templ] = 64
USING MODEL CONFIG: self._conf[model][n_head_msa] = 8
USING MODEL CONFIG: self._conf[model][n_head_pair] = 4
USING MODEL CONFIG: self._conf[model][n_head_templ] = 4
USING MODEL CONFIG: self._conf[model][d_hidden] = 32
USING MODEL CONFIG: self._conf[model][d_hidden_templ] = 32
USING MODEL CONFIG: self._conf[model][p_drop] = 0.15
USING MODEL CONFIG: self._conf[model][SE3_param_full] = {'num_layers': 1, 'num_channels': 32, 'num_degrees': 2, 'n_heads': 4, 'div': 4, 'l0_in_features': 8, 'l0_out_features': 8, 'l1_in_features': 3, 'l1_out_features': 2, 'num_edge_features': 32}
USING MODEL CONFIG: self._conf[model][SE3_param_topk] = {'num_layers': 1, 'num_channels': 32, 'num_degrees': 2, 'n_heads': 4, 'div': 4, 'l0_in_features': 64, 'l0_out_features': 64, 'l1_in_features': 3, 'l1_out_features': 2, 'num_edge_features': 64}
USING MODEL CONFIG: self._conf[model][freeze_track_motif] = False
USING MODEL CONFIG: self._conf[model][use_motif_timestep] = True
USING MODEL CONFIG: self._conf[diffuser][T] = 50
USING MODEL CONFIG: self._conf[diffuser][b_0] = 0.01
USING MODEL CONFIG: self._conf[diffuser][b_T] = 0.07
USING MODEL CONFIG: self._conf[diffuser][schedule_type] = linear
USING MODEL CONFIG: self._conf[diffuser][so3_type] = igso3
USING MODEL CONFIG: self._conf[diffuser][crd_scale] = 0.25
USING MODEL CONFIG: self._conf[diffuser][so3_schedule_type] = linear
USING MODEL CONFIG: self._conf[diffuser][min_b] = 1.5
USING MODEL CONFIG: self._conf[diffuser][max_b] = 2.5
USING MODEL CONFIG: self._conf[diffuser][min_sigma] = 0.02
USING MODEL CONFIG: self._conf[diffuser][max_sigma] = 1.5
USING MODEL CONFIG: self._conf[preprocess][sidechain_input] = False
USING MODEL CONFIG: self._conf[preprocess][motif_sidechain_input] = True
USING MODEL CONFIG: self._conf[preprocess][d_t1d] = 22
USING MODEL CONFIG: self._conf[preprocess][d_t2d] = 44
USING MODEL CONFIG: self._conf[preprocess][prob_self_cond] = 0.5
USING MODEL CONFIG: self._conf[preprocess][str_self_cond] = True
USING MODEL CONFIG: self._conf[preprocess][predict_previous] = False
[2026-04-24 09:57:52,665][rfdiffusion.inference.model_runners][INFO] - Loading checkpoint.
[2026-04-24 09:58:15,200][rfdiffusion.diffusion][INFO] - Using cached IGSO3.
Successful diffuser __init__
[2026-04-24 09:58:15,254][__main__][INFO] - Making design /lambda/nfs/manvi/Team_8_CS598GBL/outputs/custom90_128_motif_scaffolding/low_noise/len_099/nterm/scaffold_0
[2026-04-24 09:58:15,265][rfdiffusion.inference.model_runners][INFO] - Using contig: ['A1-21/19-33']
With this beta schedule (linear schedule, beta_0 = 0.04, beta_T = 0.28), alpha_bar_T = 0.00013696048699785024
[2026-04-24 09:58:15,595][rfdiffusion.inference.model_runners][INFO] - Sequence init: GGGGGGGGGGGGGGGGGGGGG-------------------
[2026-04-24 09:58:26,085][rfdiffusion.inference.utils][INFO] - Sampled motif RMSD: 0.08
[2026-04-24 09:58:26,327][rfdiffusion.inference.model_runners][INFO] - Timestep 50, input to next step: GGGGGGGGGGGGGGGGGGGGG-------------------
[2026-04-24 09:58:28,841][rfdiffusion.inference.utils][INFO] - Sampled motif RMSD: 0.08
[2026-04-24 09:58:29,017][rfdiffusion.inference.model_runners][INFO] - Timestep 49, input to next step: GGGGGGGGGGGGGGGGGGGGG-------------------
[2026-04-24 09:58:31,523][rfdiffusion.inference.utils][INFO] - Sampled motif RMSD: 0.10
[2026-04-24 09:58:31,805][rfdiffusion.inference.model_runners][INFO] - Timestep 48, input to next step: GGGGGGGGGGGGGGGGGGGGG-------------------
[2026-04-24 09:58:34,687][rfdiffusion.inference.utils][INFO] - Sampled motif RMSD: 0.07
[2026-04-24 09:58:34,894][rfdiffusion.inference.model_runners][INFO] - Timestep 47, input to next step: GGGGGGGGGGGGGGGGGGGGG-------------------
[2026-04-24 09:58:38,788][rfdiffusion.inference.utils][INFO] - Sampled motif RMSD: 0.07
[2026-04-24 09:58:39,251][rfdiffusion.inference.model_runners][INFO] - Timestep 46, input to next step: GGGGGGGGGGGGGGGGGGGGG-------------------
[2026-04-24 09:58:42,969][rfdiffusion.inference.utils][INFO] - Sampled motif RMSD: 0.08
[2026-04-24 09:58:43,291][rfdiffusion.inference.model_runners][INFO] - Timestep 45, input to next step: GGGGGGGGGGGGGGGGGGGGG-------------------
[2026-04-24 09:58:47,103][rfdiffusion.inference.utils][INFO] - Sampled motif RMSD: 0.08
[2026-04-24 09:58:47,468][rfdiffusion.inference.model_runners][INFO] - Timestep 44, input to next step: GGGGGGGGGGGGGGGGGGGGG-------------------
[2026-04-24 09:58:52,806][rfdiffusion.inference.utils][INFO] - Sampled motif RMSD: 0.11
[2026-04-24 09:58:53,048][rfdiffusion.inference.model_runners][INFO] - Timestep 43, input to next step: GGGGGGGGGGGGGGGGGGGGG-------------------
[2026-04-24 09:58:57,584][rfdiffusion.inference.utils][INFO] - Sampled motif RMSD: 0.10
[2026-04-24 09:58:57,855][rfdiffusion.inference.model_runners][INFO] - Timestep 42, input to next step: GGGGGGGGGGGGGGGGGGGGG-------------------
[2026-04-24 09:59:02,816][rfdiffusion.inference.utils][INFO] - Sampled motif RMSD: 0.11
[2026-04-24 09:59:03,051][rfdiffusion.inference.model_runners][INFO] - Timestep 41, input to next step: GGGGGGGGGGGGGGGGGGGGG-------------------
[2026-04-24 09:59:08,397][rfdiffusion.inference.utils][INFO] - Sampled motif RMSD: 0.09
[2026-04-24 09:59:08,629][rfdiffusion.inference.model_runners][INFO] - Timestep 40, input to next step: GGGGGGGGGGGGGGGGGGGGG-------------------
[2026-04-24 09:59:13,385][rfdiffusion.inference.utils][INFO] - Sampled motif RMSD: 0.10
[2026-04-24 09:59:13,827][rfdiffusion.inference.model_runners][INFO] - Timestep 39, input to next step: GGGGGGGGGGGGGGGGGGGGG-------------------
[2026-04-24 09:59:19,045][rfdiffusion.inference.utils][INFO] - Sampled motif RMSD: 0.11
[2026-04-24 09:59:19,398][rfdiffusion.inference.model_runners][INFO] - Timestep 38, input to next step: GGGGGGGGGGGGGGGGGGGGG-------------------
[2026-04-24 09:59:21,890][rfdiffusion.inference.utils][INFO] - Sampled motif RMSD: 0.10
[2026-04-24 09:59:22,129][rfdiffusion.inference.model_runners][INFO] - Timestep 37, input to next step: GGGGGGGGGGGGGGGGGGGGG-------------------
[2026-04-24 09:59:26,374][rfdiffusion.inference.utils][INFO] - Sampled motif RMSD: 0.08
[2026-04-24 09:59:26,596][rfdiffusion.inference.model_runners][INFO] - Timestep 36, input to next step: GGGGGGGGGGGGGGGGGGGGG-------------------
[2026-04-24 09:59:31,004][rfdiffusion.inference.utils][INFO] - Sampled motif RMSD: 0.08
[2026-04-24 09:59:31,386][rfdiffusion.inference.model_runners][INFO] - Timestep 35, input to next step: GGGGGGGGGGGGGGGGGGGGG-------------------
[2026-04-24 09:59:37,183][rfdiffusion.inference.utils][INFO] - Sampled motif RMSD: 0.08
[2026-04-24 09:59:37,525][rfdiffusion.inference.model_runners][INFO] - Timestep 34, input to next step: GGGGGGGGGGGGGGGGGGGGG-------------------
[2026-04-24 09:59:42,413][rfdiffusion.inference.utils][INFO] - Sampled motif RMSD: 0.07
[2026-04-24 09:59:42,856][rfdiffusion.inference.model_runners][INFO] - Timestep 33, input to next step: GGGGGGGGGGGGGGGGGGGGG-------------------
[2026-04-24 09:59:48,084][rfdiffusion.inference.utils][INFO] - Sampled motif RMSD: 0.07
[2026-04-24 09:59:48,457][rfdiffusion.inference.model_runners][INFO] - Timestep 32, input to next step: GGGGGGGGGGGGGGGGGGGGG-------------------
[2026-04-24 09:59:52,754][rfdiffusion.inference.utils][INFO] - Sampled motif RMSD: 0.07
[2026-04-24 09:59:53,125][rfdiffusion.inference.model_runners][INFO] - Timestep 31, input to next step: GGGGGGGGGGGGGGGGGGGGG-------------------
[2026-04-24 09:59:58,830][rfdiffusion.inference.utils][INFO] - Sampled motif RMSD: 0.07
[2026-04-24 09:59:59,237][rfdiffusion.inference.model_runners][INFO] - Timestep 30, input to next step: GGGGGGGGGGGGGGGGGGGGG-------------------
[2026-04-24 10:00:02,932][rfdiffusion.inference.utils][INFO] - Sampled motif RMSD: 0.06
[2026-04-24 10:00:03,489][rfdiffusion.inference.model_runners][INFO] - Timestep 29, input to next step: GGGGGGGGGGGGGGGGGGGGG-------------------
[2026-04-24 10:00:07,191][rfdiffusion.inference.utils][INFO] - Sampled motif RMSD: 0.06
[2026-04-24 10:00:07,652][rfdiffusion.inference.model_runners][INFO] - Timestep 28, input to next step: GGGGGGGGGGGGGGGGGGGGG-------------------
[2026-04-24 10:00:13,673][rfdiffusion.inference.utils][INFO] - Sampled motif RMSD: 0.07
[2026-04-24 10:00:14,265][rfdiffusion.inference.model_runners][INFO] - Timestep 27, input to next step: GGGGGGGGGGGGGGGGGGGGG-------------------
[2026-04-24 10:00:19,909][rfdiffusion.inference.utils][INFO] - Sampled motif RMSD: 0.07
[2026-04-24 10:00:20,240][rfdiffusion.inference.model_runners][INFO] - Timestep 26, input to next step: GGGGGGGGGGGGGGGGGGGGG-------------------
[2026-04-24 10:00:25,032][rfdiffusion.inference.utils][INFO] - Sampled motif RMSD: 0.07
[2026-04-24 10:00:25,461][rfdiffusion.inference.model_runners][INFO] - Timestep 25, input to next step: GGGGGGGGGGGGGGGGGGGGG-------------------
[2026-04-24 10:00:29,988][rfdiffusion.inference.utils][INFO] - Sampled motif RMSD: 0.07
[2026-04-24 10:00:30,383][rfdiffusion.inference.model_runners][INFO] - Timestep 24, input to next step: GGGGGGGGGGGGGGGGGGGGG-------------------
[2026-04-24 10:00:36,037][rfdiffusion.inference.utils][INFO] - Sampled motif RMSD: 0.08
[2026-04-24 10:00:36,458][rfdiffusion.inference.model_runners][INFO] - Timestep 23, input to next step: GGGGGGGGGGGGGGGGGGGGG-------------------
[2026-04-24 10:00:42,120][rfdiffusion.inference.utils][INFO] - Sampled motif RMSD: 0.08
[2026-04-24 10:00:42,634][rfdiffusion.inference.model_runners][INFO] - Timestep 22, input to next step: GGGGGGGGGGGGGGGGGGGGG-------------------
[2026-04-24 10:00:49,581][rfdiffusion.inference.utils][INFO] - Sampled motif RMSD: 0.08
[2026-04-24 10:00:50,025][rfdiffusion.inference.model_runners][INFO] - Timestep 21, input to next step: GGGGGGGGGGGGGGGGGGGGG-------------------
[2026-04-24 10:00:54,661][rfdiffusion.inference.utils][INFO] - Sampled motif RMSD: 0.09
[2026-04-24 10:00:55,049][rfdiffusion.inference.model_runners][INFO] - Timestep 20, input to next step: GGGGGGGGGGGGGGGGGGGGG-------------------
[2026-04-24 10:01:00,123][rfdiffusion.inference.utils][INFO] - Sampled motif RMSD: 0.09
[2026-04-24 10:01:00,458][rfdiffusion.inference.model_runners][INFO] - Timestep 19, input to next step: GGGGGGGGGGGGGGGGGGGGG-------------------
[2026-04-24 10:01:05,431][rfdiffusion.inference.utils][INFO] - Sampled motif RMSD: 0.09
[2026-04-24 10:01:05,936][rfdiffusion.inference.model_runners][INFO] - Timestep 18, input to next step: GGGGGGGGGGGGGGGGGGGGG-------------------
[2026-04-24 10:01:11,995][rfdiffusion.inference.utils][INFO] - Sampled motif RMSD: 0.09
[2026-04-24 10:01:12,529][rfdiffusion.inference.model_runners][INFO] - Timestep 17, input to next step: GGGGGGGGGGGGGGGGGGGGG-------------------
[2026-04-24 10:01:17,261][rfdiffusion.inference.utils][INFO] - Sampled motif RMSD: 0.08
[2026-04-24 10:01:18,144][rfdiffusion.inference.model_runners][INFO] - Timestep 16, input to next step: GGGGGGGGGGGGGGGGGGGGG-------------------
[2026-04-24 10:01:24,572][rfdiffusion.inference.utils][INFO] - Sampled motif RMSD: 0.08
[2026-04-24 10:01:24,979][rfdiffusion.inference.model_runners][INFO] - Timestep 15, input to next step: GGGGGGGGGGGGGGGGGGGGG-------------------
[2026-04-24 10:01:29,328][rfdiffusion.inference.utils][INFO] - Sampled motif RMSD: 0.07
[2026-04-24 10:01:29,887][rfdiffusion.inference.model_runners][INFO] - Timestep 14, input to next step: GGGGGGGGGGGGGGGGGGGGG-------------------
[2026-04-24 10:01:36,150][rfdiffusion.inference.utils][INFO] - Sampled motif RMSD: 0.07
[2026-04-24 10:01:36,475][rfdiffusion.inference.model_runners][INFO] - Timestep 13, input to next step: GGGGGGGGGGGGGGGGGGGGG-------------------
[2026-04-24 10:01:41,082][rfdiffusion.inference.utils][INFO] - Sampled motif RMSD: 0.08
[2026-04-24 10:01:41,455][rfdiffusion.inference.model_runners][INFO] - Timestep 12, input to next step: GGGGGGGGGGGGGGGGGGGGG-------------------
[2026-04-24 10:01:46,885][rfdiffusion.inference.utils][INFO] - Sampled motif RMSD: 0.07
[2026-04-24 10:01:47,149][rfdiffusion.inference.model_runners][INFO] - Timestep 11, input to next step: GGGGGGGGGGGGGGGGGGGGG-------------------
[2026-04-24 10:01:51,400][rfdiffusion.inference.utils][INFO] - Sampled motif RMSD: 0.09
[2026-04-24 10:01:51,699][rfdiffusion.inference.model_runners][INFO] - Timestep 10, input to next step: GGGGGGGGGGGGGGGGGGGGG-------------------
[2026-04-24 10:01:56,116][rfdiffusion.inference.utils][INFO] - Sampled motif RMSD: 0.07
[2026-04-24 10:01:56,579][rfdiffusion.inference.model_runners][INFO] - Timestep 9, input to next step: GGGGGGGGGGGGGGGGGGGGG-------------------
[2026-04-24 10:02:00,957][rfdiffusion.inference.utils][INFO] - Sampled motif RMSD: 0.07
[2026-04-24 10:02:01,345][rfdiffusion.inference.model_runners][INFO] - Timestep 8, input to next step: GGGGGGGGGGGGGGGGGGGGG-------------------
[2026-04-24 10:02:07,669][rfdiffusion.inference.utils][INFO] - Sampled motif RMSD: 0.07
[2026-04-24 10:02:08,086][rfdiffusion.inference.model_runners][INFO] - Timestep 7, input to next step: GGGGGGGGGGGGGGGGGGGGG-------------------
[2026-04-24 10:02:13,415][rfdiffusion.inference.utils][INFO] - Sampled motif RMSD: 0.07
[2026-04-24 10:02:13,787][rfdiffusion.inference.model_runners][INFO] - Timestep 6, input to next step: GGGGGGGGGGGGGGGGGGGGG-------------------
[2026-04-24 10:02:18,178][rfdiffusion.inference.utils][INFO] - Sampled motif RMSD: 0.07
[2026-04-24 10:02:18,701][rfdiffusion.inference.model_runners][INFO] - Timestep 5, input to next step: GGGGGGGGGGGGGGGGGGGGG-------------------
[2026-04-24 10:02:24,391][rfdiffusion.inference.utils][INFO] - Sampled motif RMSD: 0.07
[2026-04-24 10:02:24,755][rfdiffusion.inference.model_runners][INFO] - Timestep 4, input to next step: GGGGGGGGGGGGGGGGGGGGG-------------------
[2026-04-24 10:02:28,479][rfdiffusion.inference.utils][INFO] - Sampled motif RMSD: 0.08
[2026-04-24 10:02:28,918][rfdiffusion.inference.model_runners][INFO] - Timestep 3, input to next step: GGGGGGGGGGGGGGGGGGGGG-------------------
[2026-04-24 10:02:33,257][rfdiffusion.inference.utils][INFO] - Sampled motif RMSD: 0.07
[2026-04-24 10:02:33,770][rfdiffusion.inference.model_runners][INFO] - Timestep 2, input to next step: GGGGGGGGGGGGGGGGGGGGG-------------------
[2026-04-24 10:02:39,718][__main__][INFO] - Finished design in 4.41 minutes
[2026-04-24 10:02:39,724][__main__][INFO] - Making design /lambda/nfs/manvi/Team_8_CS598GBL/outputs/custom90_128_motif_scaffolding/low_noise/len_099/nterm/scaffold_1
[2026-04-24 10:02:39,763][rfdiffusion.inference.model_runners][INFO] - Using contig: ['A1-21/19-33']
With this beta schedule (linear schedule, beta_0 = 0.04, beta_T = 0.28), alpha_bar_T = 0.00013696048699785024
[2026-04-24 10:02:40,307][rfdiffusion.inference.model_runners][INFO] - Sequence init: GGGGGGGGGGGGGGGGGGGGG--------------------------
[2026-04-24 10:02:47,028][rfdiffusion.inference.utils][INFO] - Sampled motif RMSD: 0.08
[2026-04-24 10:02:47,412][rfdiffusion.inference.model_runners][INFO] - Timestep 50, input to next step: GGGGGGGGGGGGGGGGGGGGG--------------------------
[2026-04-24 10:02:52,171][rfdiffusion.inference.utils][INFO] - Sampled motif RMSD: 0.08
[2026-04-24 10:02:52,438][rfdiffusion.inference.model_runners][INFO] - Timestep 49, input to next step: GGGGGGGGGGGGGGGGGGGGG--------------------------
[2026-04-24 10:02:56,932][rfdiffusion.inference.utils][INFO] - Sampled motif RMSD: 0.08
[2026-04-24 10:02:57,448][rfdiffusion.inference.model_runners][INFO] - Timestep 48, input to next step: GGGGGGGGGGGGGGGGGGGGG--------------------------
[2026-04-24 10:03:02,008][rfdiffusion.inference.utils][INFO] - Sampled motif RMSD: 0.08
[2026-04-24 10:03:02,479][rfdiffusion.inference.model_runners][INFO] - Timestep 47, input to next step: GGGGGGGGGGGGGGGGGGGGG--------------------------
[2026-04-24 10:03:06,843][rfdiffusion.inference.utils][INFO] - Sampled motif RMSD: 0.09
[2026-04-24 10:03:07,133][rfdiffusion.inference.model_runners][INFO] - Timestep 46, input to next step: GGGGGGGGGGGGGGGGGGGGG--------------------------
[2026-04-24 10:03:12,075][rfdiffusion.inference.utils][INFO] - Sampled motif RMSD: 0.07
[2026-04-24 10:03:12,276][rfdiffusion.inference.model_runners][INFO] - Timestep 45, input to next step: GGGGGGGGGGGGGGGGGGGGG--------------------------
[2026-04-24 10:03:16,109][rfdiffusion.inference.utils][INFO] - Sampled motif RMSD: 0.09
[2026-04-24 10:03:16,350][rfdiffusion.inference.model_runners][INFO] - Timestep 44, input to next step: GGGGGGGGGGGGGGGGGGGGG--------------------------
[2026-04-24 10:03:22,284][rfdiffusion.inference.utils][INFO] - Sampled motif RMSD: 0.11
[2026-04-24 10:03:22,590][rfdiffusion.inference.model_runners][INFO] - Timestep 43, input to next step: GGGGGGGGGGGGGGGGGGGGG--------------------------
[2026-04-24 10:03:27,104][rfdiffusion.inference.utils][INFO] - Sampled motif RMSD: 0.12
[2026-04-24 10:03:27,322][rfdiffusion.inference.model_runners][INFO] - Timestep 42, input to next step: GGGGGGGGGGGGGGGGGGGGG--------------------------
[2026-04-24 10:03:31,894][rfdiffusion.inference.utils][INFO] - Sampled motif RMSD: 0.12
[2026-04-24 10:03:32,101][rfdiffusion.inference.model_runners][INFO] - Timestep 41, input to next step: GGGGGGGGGGGGGGGGGGGGG--------------------------
[2026-04-24 10:03:35,224][rfdiffusion.inference.utils][INFO] - Sampled motif RMSD: 0.11
[2026-04-24 10:03:35,837][rfdiffusion.inference.model_runners][INFO] - Timestep 40, input to next step: GGGGGGGGGGGGGGGGGGGGG--------------------------
[2026-04-24 10:03:39,675][rfdiffusion.inference.utils][INFO] - Sampled motif RMSD: 0.10
[2026-04-24 10:03:40,399][rfdiffusion.inference.model_runners][INFO] - Timestep 39, input to next step: GGGGGGGGGGGGGGGGGGGGG--------------------------
[2026-04-24 10:03:45,922][rfdiffusion.inference.utils][INFO] - Sampled motif RMSD: 0.09
[2026-04-24 10:03:46,440][rfdiffusion.inference.model_runners][INFO] - Timestep 38, input to next step: GGGGGGGGGGGGGGGGGGGGG--------------------------
[2026-04-24 10:03:51,468][rfdiffusion.inference.utils][INFO] - Sampled motif RMSD: 0.09
[2026-04-24 10:03:51,868][rfdiffusion.inference.model_runners][INFO] - Timestep 37, input to next step: GGGGGGGGGGGGGGGGGGGGG--------------------------
[2026-04-24 10:03:56,548][rfdiffusion.inference.utils][INFO] - Sampled motif RMSD: 0.11
[2026-04-24 10:03:56,855][rfdiffusion.inference.model_runners][INFO] - Timestep 36, input to next step: GGGGGGGGGGGGGGGGGGGGG--------------------------
[2026-04-24 10:04:03,207][rfdiffusion.inference.utils][INFO] - Sampled motif RMSD: 0.12
[2026-04-24 10:04:03,431][rfdiffusion.inference.model_runners][INFO] - Timestep 35, input to next step: GGGGGGGGGGGGGGGGGGGGG--------------------------
[2026-04-24 10:04:07,278][rfdiffusion.inference.utils][INFO] - Sampled motif RMSD: 0.11
[2026-04-24 10:04:07,738][rfdiffusion.inference.model_runners][INFO] - Timestep 34, input to next step: GGGGGGGGGGGGGGGGGGGGG--------------------------
[2026-04-24 10:04:11,784][rfdiffusion.inference.utils][INFO] - Sampled motif RMSD: 0.09
[2026-04-24 10:04:12,107][rfdiffusion.inference.model_runners][INFO] - Timestep 33, input to next step: GGGGGGGGGGGGGGGGGGGGG--------------------------
[2026-04-24 10:04:16,213][rfdiffusion.inference.utils][INFO] - Sampled motif RMSD: 0.09
[2026-04-24 10:04:16,593][rfdiffusion.inference.model_runners][INFO] - Timestep 32, input to next step: GGGGGGGGGGGGGGGGGGGGG--------------------------
[2026-04-24 10:04:20,714][rfdiffusion.inference.utils][INFO] - Sampled motif RMSD: 0.08
[2026-04-24 10:04:21,060][rfdiffusion.inference.model_runners][INFO] - Timestep 31, input to next step: GGGGGGGGGGGGGGGGGGGGG--------------------------
[2026-04-24 10:04:24,191][rfdiffusion.inference.utils][INFO] - Sampled motif RMSD: 0.07
[2026-04-24 10:04:24,583][rfdiffusion.inference.model_runners][INFO] - Timestep 30, input to next step: GGGGGGGGGGGGGGGGGGGGG--------------------------
[2026-04-24 10:04:28,126][rfdiffusion.inference.utils][INFO] - Sampled motif RMSD: 0.06
[2026-04-24 10:04:28,326][rfdiffusion.inference.model_runners][INFO] - Timestep 29, input to next step: GGGGGGGGGGGGGGGGGGGGG--------------------------
[2026-04-24 10:04:31,199][rfdiffusion.inference.utils][INFO] - Sampled motif RMSD: 0.06
[2026-04-24 10:04:31,429][rfdiffusion.inference.model_runners][INFO] - Timestep 28, input to next step: GGGGGGGGGGGGGGGGGGGGG--------------------------
[2026-04-24 10:04:35,303][rfdiffusion.inference.utils][INFO] - Sampled motif RMSD: 0.06
[2026-04-24 10:04:35,440][rfdiffusion.inference.model_runners][INFO] - Timestep 27, input to next step: GGGGGGGGGGGGGGGGGGGGG--------------------------
[2026-04-24 10:04:38,449][rfdiffusion.inference.utils][INFO] - Sampled motif RMSD: 0.07
[2026-04-24 10:04:38,750][rfdiffusion.inference.model_runners][INFO] - Timestep 26, input to next step: GGGGGGGGGGGGGGGGGGGGG--------------------------
[2026-04-24 10:04:43,713][rfdiffusion.inference.utils][INFO] - Sampled motif RMSD: 0.08
[2026-04-24 10:04:44,146][rfdiffusion.inference.model_runners][INFO] - Timestep 25, input to next step: GGGGGGGGGGGGGGGGGGGGG--------------------------
[2026-04-24 10:04:48,250][rfdiffusion.inference.utils][INFO] - Sampled motif RMSD: 0.09
[2026-04-24 10:04:48,440][rfdiffusion.inference.model_runners][INFO] - Timestep 24, input to next step: GGGGGGGGGGGGGGGGGGGGG--------------------------
[2026-04-24 10:04:51,496][rfdiffusion.inference.utils][INFO] - Sampled motif RMSD: 0.08
[2026-04-24 10:04:51,679][rfdiffusion.inference.model_runners][INFO] - Timestep 23, input to next step: GGGGGGGGGGGGGGGGGGGGG--------------------------
[2026-04-24 10:04:55,812][rfdiffusion.inference.utils][INFO] - Sampled motif RMSD: 0.11
[2026-04-24 10:04:56,124][rfdiffusion.inference.model_runners][INFO] - Timestep 22, input to next step: GGGGGGGGGGGGGGGGGGGGG--------------------------
[2026-04-24 10:04:58,627][rfdiffusion.inference.utils][INFO] - Sampled motif RMSD: 0.11
[2026-04-24 10:04:58,911][rfdiffusion.inference.model_runners][INFO] - Timestep 21, input to next step: GGGGGGGGGGGGGGGGGGGGG--------------------------
[2026-04-24 10:05:03,457][rfdiffusion.inference.utils][INFO] - Sampled motif RMSD: 0.11
[2026-04-24 10:05:03,978][rfdiffusion.inference.model_runners][INFO] - Timestep 20, input to next step: GGGGGGGGGGGGGGGGGGGGG--------------------------
[2026-04-24 10:05:08,169][rfdiffusion.inference.utils][INFO] - Sampled motif RMSD: 0.12
[2026-04-24 10:05:08,470][rfdiffusion.inference.model_runners][INFO] - Timestep 19, input to next step: GGGGGGGGGGGGGGGGGGGGG--------------------------
[2026-04-24 10:05:13,352][rfdiffusion.inference.utils][INFO] - Sampled motif RMSD: 0.11
[2026-04-24 10:05:13,819][rfdiffusion.inference.model_runners][INFO] - Timestep 18, input to next step: GGGGGGGGGGGGGGGGGGGGG--------------------------
[2026-04-24 10:05:18,581][rfdiffusion.inference.utils][INFO] - Sampled motif RMSD: 0.10
[2026-04-24 10:05:18,905][rfdiffusion.inference.model_runners][INFO] - Timestep 17, input to next step: GGGGGGGGGGGGGGGGGGGGG--------------------------
[2026-04-24 10:05:24,428][rfdiffusion.inference.utils][INFO] - Sampled motif RMSD: 0.10
[2026-04-24 10:05:24,716][rfdiffusion.inference.model_runners][INFO] - Timestep 16, input to next step: GGGGGGGGGGGGGGGGGGGGG--------------------------
[2026-04-24 10:05:29,036][rfdiffusion.inference.utils][INFO] - Sampled motif RMSD: 0.09
[2026-04-24 10:05:29,326][rfdiffusion.inference.model_runners][INFO] - Timestep 15, input to next step: GGGGGGGGGGGGGGGGGGGGG--------------------------
[2026-04-24 10:05:34,191][rfdiffusion.inference.utils][INFO] - Sampled motif RMSD: 0.09
[2026-04-24 10:05:34,569][rfdiffusion.inference.model_runners][INFO] - Timestep 14, input to next step: GGGGGGGGGGGGGGGGGGGGG--------------------------
[2026-04-24 10:05:39,086][rfdiffusion.inference.utils][INFO] - Sampled motif RMSD: 0.09
[2026-04-24 10:05:39,301][rfdiffusion.inference.model_runners][INFO] - Timestep 13, input to next step: GGGGGGGGGGGGGGGGGGGGG--------------------------
[2026-04-24 10:05:44,822][rfdiffusion.inference.utils][INFO] - Sampled motif RMSD: 0.07
[2026-04-24 10:05:45,014][rfdiffusion.inference.model_runners][INFO] - Timestep 12, input to next step: GGGGGGGGGGGGGGGGGGGGG--------------------------
[2026-04-24 10:05:49,582][rfdiffusion.inference.utils][INFO] - Sampled motif RMSD: 0.07
[2026-04-24 10:05:49,804][rfdiffusion.inference.model_runners][INFO] - Timestep 11, input to next step: GGGGGGGGGGGGGGGGGGGGG--------------------------
[2026-04-24 10:05:53,473][rfdiffusion.inference.utils][INFO] - Sampled motif RMSD: 0.07
[2026-04-24 10:05:53,740][rfdiffusion.inference.model_runners][INFO] - Timestep 10, input to next step: GGGGGGGGGGGGGGGGGGGGG--------------------------
[2026-04-24 10:05:58,334][rfdiffusion.inference.utils][INFO] - Sampled motif RMSD: 0.08
[2026-04-24 10:05:58,498][rfdiffusion.inference.model_runners][INFO] - Timestep 9, input to next step: GGGGGGGGGGGGGGGGGGGGG--------------------------
[2026-04-24 10:06:04,203][rfdiffusion.inference.utils][INFO] - Sampled motif RMSD: 0.07
[2026-04-24 10:06:04,415][rfdiffusion.inference.model_runners][INFO] - Timestep 8, input to next step: GGGGGGGGGGGGGGGGGGGGG--------------------------
[2026-04-24 10:06:08,204][rfdiffusion.inference.utils][INFO] - Sampled motif RMSD: 0.07
[2026-04-24 10:06:08,410][rfdiffusion.inference.model_runners][INFO] - Timestep 7, input to next step: GGGGGGGGGGGGGGGGGGGGG--------------------------
[2026-04-24 10:06:12,165][rfdiffusion.inference.utils][INFO] - Sampled motif RMSD: 0.07
[2026-04-24 10:06:12,483][rfdiffusion.inference.model_runners][INFO] - Timestep 6, input to next step: GGGGGGGGGGGGGGGGGGGGG--------------------------
[2026-04-24 10:06:16,644][rfdiffusion.inference.utils][INFO] - Sampled motif RMSD: 0.06
[2026-04-24 10:06:17,204][rfdiffusion.inference.model_runners][INFO] - Timestep 5, input to next step: GGGGGGGGGGGGGGGGGGGGG--------------------------
[2026-04-24 10:06:21,755][rfdiffusion.inference.utils][INFO] - Sampled motif RMSD: 0.06
[2026-04-24 10:06:22,059][rfdiffusion.inference.model_runners][INFO] - Timestep 4, input to next step: GGGGGGGGGGGGGGGGGGGGG--------------------------
[2026-04-24 10:06:26,707][rfdiffusion.inference.utils][INFO] - Sampled motif RMSD: 0.06
[2026-04-24 10:06:27,378][rfdiffusion.inference.model_runners][INFO] - Timestep 3, input to next step: GGGGGGGGGGGGGGGGGGGGG--------------------------
[2026-04-24 10:06:32,501][rfdiffusion.inference.utils][INFO] - Sampled motif RMSD: 0.06
[2026-04-24 10:06:32,891][rfdiffusion.inference.model_runners][INFO] - Timestep 2, input to next step: GGGGGGGGGGGGGGGGGGGGG--------------------------
[2026-04-24 10:06:41,682][__main__][INFO] - Finished design in 4.03 minutes
