[2026-04-24 06:28:11,709][__main__][INFO] - Found GPU with device_name NVIDIA A100-SXM4-80GB. Will run RFdiffusion on NVIDIA A100-SXM4-80GB
Reading models from /lambda/nfs/manvi/Team_8_CS598GBL/RFdiffusion/rfdiffusion/inference/../../models
[2026-04-24 06:28:11,716][rfdiffusion.inference.model_runners][INFO] - Reading checkpoint from /lambda/nfs/manvi/Team_8_CS598GBL/RFdiffusion/rfdiffusion/inference/../../models/Base_ckpt.pt
This is inf_conf.ckpt_path
/lambda/nfs/manvi/Team_8_CS598GBL/RFdiffusion/rfdiffusion/inference/../../models/Base_ckpt.pt
Assembling -model, -diffuser and -preprocess configs from checkpoint
USING MODEL CONFIG: self._conf[model][n_extra_block] = 4
USING MODEL CONFIG: self._conf[model][n_main_block] = 32
USING MODEL CONFIG: self._conf[model][n_ref_block] = 4
USING MODEL CONFIG: self._conf[model][d_msa] = 256
USING MODEL CONFIG: self._conf[model][d_msa_full] = 64
USING MODEL CONFIG: self._conf[model][d_pair] = 128
USING MODEL CONFIG: self._conf[model][d_templ] = 64
USING MODEL CONFIG: self._conf[model][n_head_msa] = 8
USING MODEL CONFIG: self._conf[model][n_head_pair] = 4
USING MODEL CONFIG: self._conf[model][n_head_templ] = 4
USING MODEL CONFIG: self._conf[model][d_hidden] = 32
USING MODEL CONFIG: self._conf[model][d_hidden_templ] = 32
USING MODEL CONFIG: self._conf[model][p_drop] = 0.15
USING MODEL CONFIG: self._conf[model][SE3_param_full] = {'num_layers': 1, 'num_channels': 32, 'num_degrees': 2, 'n_heads': 4, 'div': 4, 'l0_in_features': 8, 'l0_out_features': 8, 'l1_in_features': 3, 'l1_out_features': 2, 'num_edge_features': 32}
USING MODEL CONFIG: self._conf[model][SE3_param_topk] = {'num_layers': 1, 'num_channels': 32, 'num_degrees': 2, 'n_heads': 4, 'div': 4, 'l0_in_features': 64, 'l0_out_features': 64, 'l1_in_features': 3, 'l1_out_features': 2, 'num_edge_features': 64}
USING MODEL CONFIG: self._conf[model][freeze_track_motif] = False
USING MODEL CONFIG: self._conf[model][use_motif_timestep] = True
USING MODEL CONFIG: self._conf[diffuser][T] = 50
USING MODEL CONFIG: self._conf[diffuser][b_0] = 0.01
USING MODEL CONFIG: self._conf[diffuser][b_T] = 0.07
USING MODEL CONFIG: self._conf[diffuser][schedule_type] = linear
USING MODEL CONFIG: self._conf[diffuser][so3_type] = igso3
USING MODEL CONFIG: self._conf[diffuser][crd_scale] = 0.25
USING MODEL CONFIG: self._conf[diffuser][so3_schedule_type] = linear
USING MODEL CONFIG: self._conf[diffuser][min_b] = 1.5
USING MODEL CONFIG: self._conf[diffuser][max_b] = 2.5
USING MODEL CONFIG: self._conf[diffuser][min_sigma] = 0.02
USING MODEL CONFIG: self._conf[diffuser][max_sigma] = 1.5
USING MODEL CONFIG: self._conf[preprocess][sidechain_input] = False
USING MODEL CONFIG: self._conf[preprocess][motif_sidechain_input] = True
USING MODEL CONFIG: self._conf[preprocess][d_t1d] = 22
USING MODEL CONFIG: self._conf[preprocess][d_t2d] = 44
USING MODEL CONFIG: self._conf[preprocess][prob_self_cond] = 0.5
USING MODEL CONFIG: self._conf[preprocess][str_self_cond] = True
USING MODEL CONFIG: self._conf[preprocess][predict_previous] = False
[2026-04-24 06:29:26,112][rfdiffusion.inference.model_runners][INFO] - Loading checkpoint.
[2026-04-24 06:29:47,157][rfdiffusion.diffusion][INFO] - Using cached IGSO3.
Successful diffuser __init__
[2026-04-24 06:29:47,230][__main__][INFO] - Making design /lambda/nfs/manvi/Team_8_CS598GBL/outputs/custom90_128_motif_scaffolding/default/len_099/nterm/scaffold_0
[2026-04-24 06:29:47,261][rfdiffusion.inference.model_runners][INFO] - Using contig: ['A1-21/19-33']
With this beta schedule (linear schedule, beta_0 = 0.04, beta_T = 0.28), alpha_bar_T = 0.00013696048699785024
[2026-04-24 06:29:47,933][rfdiffusion.inference.model_runners][INFO] - Sequence init: GGGGGGGGGGGGGGGGGGGGG---------------------
[2026-04-24 06:29:58,068][rfdiffusion.inference.utils][INFO] - Sampled motif RMSD: 0.16
[2026-04-24 06:29:58,467][rfdiffusion.inference.model_runners][INFO] - Timestep 50, input to next step: GGGGGGGGGGGGGGGGGGGGG---------------------
[2026-04-24 06:30:04,073][rfdiffusion.inference.utils][INFO] - Sampled motif RMSD: 0.12
[2026-04-24 06:30:04,510][rfdiffusion.inference.model_runners][INFO] - Timestep 49, input to next step: GGGGGGGGGGGGGGGGGGGGG---------------------
[2026-04-24 06:30:10,020][rfdiffusion.inference.utils][INFO] - Sampled motif RMSD: 0.10
[2026-04-24 06:30:10,373][rfdiffusion.inference.model_runners][INFO] - Timestep 48, input to next step: GGGGGGGGGGGGGGGGGGGGG---------------------
[2026-04-24 06:30:15,351][rfdiffusion.inference.utils][INFO] - Sampled motif RMSD: 0.09
[2026-04-24 06:30:15,702][rfdiffusion.inference.model_runners][INFO] - Timestep 47, input to next step: GGGGGGGGGGGGGGGGGGGGG---------------------
[2026-04-24 06:30:20,522][rfdiffusion.inference.utils][INFO] - Sampled motif RMSD: 0.13
[2026-04-24 06:30:20,999][rfdiffusion.inference.model_runners][INFO] - Timestep 46, input to next step: GGGGGGGGGGGGGGGGGGGGG---------------------
[2026-04-24 06:30:26,237][rfdiffusion.inference.utils][INFO] - Sampled motif RMSD: 0.10
[2026-04-24 06:30:26,711][rfdiffusion.inference.model_runners][INFO] - Timestep 45, input to next step: GGGGGGGGGGGGGGGGGGGGG---------------------
[2026-04-24 06:30:30,873][rfdiffusion.inference.utils][INFO] - Sampled motif RMSD: 0.12
[2026-04-24 06:30:31,275][rfdiffusion.inference.model_runners][INFO] - Timestep 44, input to next step: GGGGGGGGGGGGGGGGGGGGG---------------------
[2026-04-24 06:30:36,428][rfdiffusion.inference.utils][INFO] - Sampled motif RMSD: 0.12
[2026-04-24 06:30:36,738][rfdiffusion.inference.model_runners][INFO] - Timestep 43, input to next step: GGGGGGGGGGGGGGGGGGGGG---------------------
[2026-04-24 06:30:42,750][rfdiffusion.inference.utils][INFO] - Sampled motif RMSD: 0.12
[2026-04-24 06:30:43,194][rfdiffusion.inference.model_runners][INFO] - Timestep 42, input to next step: GGGGGGGGGGGGGGGGGGGGG---------------------
[2026-04-24 06:30:48,693][rfdiffusion.inference.utils][INFO] - Sampled motif RMSD: 0.12
[2026-04-24 06:30:49,168][rfdiffusion.inference.model_runners][INFO] - Timestep 41, input to next step: GGGGGGGGGGGGGGGGGGGGG---------------------
[2026-04-24 06:30:52,624][rfdiffusion.inference.utils][INFO] - Sampled motif RMSD: 0.14
[2026-04-24 06:30:53,268][rfdiffusion.inference.model_runners][INFO] - Timestep 40, input to next step: GGGGGGGGGGGGGGGGGGGGG---------------------
[2026-04-24 06:30:57,624][rfdiffusion.inference.utils][INFO] - Sampled motif RMSD: 0.13
[2026-04-24 06:30:58,076][rfdiffusion.inference.model_runners][INFO] - Timestep 39, input to next step: GGGGGGGGGGGGGGGGGGGGG---------------------
[2026-04-24 06:31:03,527][rfdiffusion.inference.utils][INFO] - Sampled motif RMSD: 0.11
[2026-04-24 06:31:03,846][rfdiffusion.inference.model_runners][INFO] - Timestep 38, input to next step: GGGGGGGGGGGGGGGGGGGGG---------------------
[2026-04-24 06:31:08,815][rfdiffusion.inference.utils][INFO] - Sampled motif RMSD: 0.09
[2026-04-24 06:31:09,260][rfdiffusion.inference.model_runners][INFO] - Timestep 37, input to next step: GGGGGGGGGGGGGGGGGGGGG---------------------
[2026-04-24 06:31:13,733][rfdiffusion.inference.utils][INFO] - Sampled motif RMSD: 0.08
[2026-04-24 06:31:14,047][rfdiffusion.inference.model_runners][INFO] - Timestep 36, input to next step: GGGGGGGGGGGGGGGGGGGGG---------------------
[2026-04-24 06:31:17,750][rfdiffusion.inference.utils][INFO] - Sampled motif RMSD: 0.09
[2026-04-24 06:31:18,155][rfdiffusion.inference.model_runners][INFO] - Timestep 35, input to next step: GGGGGGGGGGGGGGGGGGGGG---------------------
[2026-04-24 06:31:22,654][rfdiffusion.inference.utils][INFO] - Sampled motif RMSD: 0.09
[2026-04-24 06:31:22,905][rfdiffusion.inference.model_runners][INFO] - Timestep 34, input to next step: GGGGGGGGGGGGGGGGGGGGG---------------------
[2026-04-24 06:31:25,427][rfdiffusion.inference.utils][INFO] - Sampled motif RMSD: 0.09
[2026-04-24 06:31:25,873][rfdiffusion.inference.model_runners][INFO] - Timestep 33, input to next step: GGGGGGGGGGGGGGGGGGGGG---------------------
[2026-04-24 06:31:28,692][rfdiffusion.inference.utils][INFO] - Sampled motif RMSD: 0.09
[2026-04-24 06:31:29,141][rfdiffusion.inference.model_runners][INFO] - Timestep 32, input to next step: GGGGGGGGGGGGGGGGGGGGG---------------------
[2026-04-24 06:31:32,658][rfdiffusion.inference.utils][INFO] - Sampled motif RMSD: 0.09
[2026-04-24 06:31:32,750][rfdiffusion.inference.model_runners][INFO] - Timestep 31, input to next step: GGGGGGGGGGGGGGGGGGGGG---------------------
[2026-04-24 06:31:36,096][rfdiffusion.inference.utils][INFO] - Sampled motif RMSD: 0.08
[2026-04-24 06:31:36,354][rfdiffusion.inference.model_runners][INFO] - Timestep 30, input to next step: GGGGGGGGGGGGGGGGGGGGG---------------------
[2026-04-24 06:31:39,782][rfdiffusion.inference.utils][INFO] - Sampled motif RMSD: 0.08
[2026-04-24 06:31:39,988][rfdiffusion.inference.model_runners][INFO] - Timestep 29, input to next step: GGGGGGGGGGGGGGGGGGGGG---------------------
[2026-04-24 06:31:43,985][rfdiffusion.inference.utils][INFO] - Sampled motif RMSD: 0.08
[2026-04-24 06:31:44,255][rfdiffusion.inference.model_runners][INFO] - Timestep 28, input to next step: GGGGGGGGGGGGGGGGGGGGG---------------------
[2026-04-24 06:31:46,811][rfdiffusion.inference.utils][INFO] - Sampled motif RMSD: 0.09
[2026-04-24 06:31:47,083][rfdiffusion.inference.model_runners][INFO] - Timestep 27, input to next step: GGGGGGGGGGGGGGGGGGGGG---------------------
[2026-04-24 06:31:50,808][rfdiffusion.inference.utils][INFO] - Sampled motif RMSD: 0.09
[2026-04-24 06:31:51,132][rfdiffusion.inference.model_runners][INFO] - Timestep 26, input to next step: GGGGGGGGGGGGGGGGGGGGG---------------------
[2026-04-24 06:31:54,998][rfdiffusion.inference.utils][INFO] - Sampled motif RMSD: 0.09
[2026-04-24 06:31:55,276][rfdiffusion.inference.model_runners][INFO] - Timestep 25, input to next step: GGGGGGGGGGGGGGGGGGGGG---------------------
[2026-04-24 06:31:59,328][rfdiffusion.inference.utils][INFO] - Sampled motif RMSD: 0.08
[2026-04-24 06:31:59,543][rfdiffusion.inference.model_runners][INFO] - Timestep 24, input to next step: GGGGGGGGGGGGGGGGGGGGG---------------------
[2026-04-24 06:32:02,679][rfdiffusion.inference.utils][INFO] - Sampled motif RMSD: 0.08
[2026-04-24 06:32:02,890][rfdiffusion.inference.model_runners][INFO] - Timestep 23, input to next step: GGGGGGGGGGGGGGGGGGGGG---------------------
[2026-04-24 06:32:06,037][rfdiffusion.inference.utils][INFO] - Sampled motif RMSD: 0.09
[2026-04-24 06:32:06,455][rfdiffusion.inference.model_runners][INFO] - Timestep 22, input to next step: GGGGGGGGGGGGGGGGGGGGG---------------------
[2026-04-24 06:32:11,304][rfdiffusion.inference.utils][INFO] - Sampled motif RMSD: 0.08
[2026-04-24 06:32:11,593][rfdiffusion.inference.model_runners][INFO] - Timestep 21, input to next step: GGGGGGGGGGGGGGGGGGGGG---------------------
[2026-04-24 06:32:14,825][rfdiffusion.inference.utils][INFO] - Sampled motif RMSD: 0.08
[2026-04-24 06:32:15,359][rfdiffusion.inference.model_runners][INFO] - Timestep 20, input to next step: GGGGGGGGGGGGGGGGGGGGG---------------------
[2026-04-24 06:32:18,489][rfdiffusion.inference.utils][INFO] - Sampled motif RMSD: 0.07
[2026-04-24 06:32:18,954][rfdiffusion.inference.model_runners][INFO] - Timestep 19, input to next step: GGGGGGGGGGGGGGGGGGGGG---------------------
[2026-04-24 06:32:21,742][rfdiffusion.inference.utils][INFO] - Sampled motif RMSD: 0.08
[2026-04-24 06:32:22,151][rfdiffusion.inference.model_runners][INFO] - Timestep 18, input to next step: GGGGGGGGGGGGGGGGGGGGG---------------------
[2026-04-24 06:32:26,259][rfdiffusion.inference.utils][INFO] - Sampled motif RMSD: 0.07
[2026-04-24 06:32:26,541][rfdiffusion.inference.model_runners][INFO] - Timestep 17, input to next step: GGGGGGGGGGGGGGGGGGGGG---------------------
[2026-04-24 06:32:30,828][rfdiffusion.inference.utils][INFO] - Sampled motif RMSD: 0.08
[2026-04-24 06:32:31,107][rfdiffusion.inference.model_runners][INFO] - Timestep 16, input to next step: GGGGGGGGGGGGGGGGGGGGG---------------------
[2026-04-24 06:32:34,970][rfdiffusion.inference.utils][INFO] - Sampled motif RMSD: 0.07
[2026-04-24 06:32:35,216][rfdiffusion.inference.model_runners][INFO] - Timestep 15, input to next step: GGGGGGGGGGGGGGGGGGGGG---------------------
[2026-04-24 06:32:38,165][rfdiffusion.inference.utils][INFO] - Sampled motif RMSD: 0.09
[2026-04-24 06:32:38,391][rfdiffusion.inference.model_runners][INFO] - Timestep 14, input to next step: GGGGGGGGGGGGGGGGGGGGG---------------------
[2026-04-24 06:32:41,756][rfdiffusion.inference.utils][INFO] - Sampled motif RMSD: 0.09
[2026-04-24 06:32:42,130][rfdiffusion.inference.model_runners][INFO] - Timestep 13, input to next step: GGGGGGGGGGGGGGGGGGGGG---------------------
[2026-04-24 06:32:45,674][rfdiffusion.inference.utils][INFO] - Sampled motif RMSD: 0.09
[2026-04-24 06:32:45,979][rfdiffusion.inference.model_runners][INFO] - Timestep 12, input to next step: GGGGGGGGGGGGGGGGGGGGG---------------------
[2026-04-24 06:32:50,128][rfdiffusion.inference.utils][INFO] - Sampled motif RMSD: 0.10
[2026-04-24 06:32:50,322][rfdiffusion.inference.model_runners][INFO] - Timestep 11, input to next step: GGGGGGGGGGGGGGGGGGGGG---------------------
[2026-04-24 06:32:54,614][rfdiffusion.inference.utils][INFO] - Sampled motif RMSD: 0.09
[2026-04-24 06:32:54,835][rfdiffusion.inference.model_runners][INFO] - Timestep 10, input to next step: GGGGGGGGGGGGGGGGGGGGG---------------------
[2026-04-24 06:32:58,880][rfdiffusion.inference.utils][INFO] - Sampled motif RMSD: 0.10
[2026-04-24 06:32:59,133][rfdiffusion.inference.model_runners][INFO] - Timestep 9, input to next step: GGGGGGGGGGGGGGGGGGGGG---------------------
[2026-04-24 06:33:04,116][rfdiffusion.inference.utils][INFO] - Sampled motif RMSD: 0.10
[2026-04-24 06:33:04,397][rfdiffusion.inference.model_runners][INFO] - Timestep 8, input to next step: GGGGGGGGGGGGGGGGGGGGG---------------------
[2026-04-24 06:33:08,873][rfdiffusion.inference.utils][INFO] - Sampled motif RMSD: 0.09
[2026-04-24 06:33:09,212][rfdiffusion.inference.model_runners][INFO] - Timestep 7, input to next step: GGGGGGGGGGGGGGGGGGGGG---------------------
[2026-04-24 06:33:14,482][rfdiffusion.inference.utils][INFO] - Sampled motif RMSD: 0.11
[2026-04-24 06:33:14,768][rfdiffusion.inference.model_runners][INFO] - Timestep 6, input to next step: GGGGGGGGGGGGGGGGGGGGG---------------------
[2026-04-24 06:33:19,053][rfdiffusion.inference.utils][INFO] - Sampled motif RMSD: 0.10
[2026-04-24 06:33:19,362][rfdiffusion.inference.model_runners][INFO] - Timestep 5, input to next step: GGGGGGGGGGGGGGGGGGGGG---------------------
[2026-04-24 06:33:22,972][rfdiffusion.inference.utils][INFO] - Sampled motif RMSD: 0.11
[2026-04-24 06:33:23,312][rfdiffusion.inference.model_runners][INFO] - Timestep 4, input to next step: GGGGGGGGGGGGGGGGGGGGG---------------------
[2026-04-24 06:33:27,427][rfdiffusion.inference.utils][INFO] - Sampled motif RMSD: 0.10
[2026-04-24 06:33:27,840][rfdiffusion.inference.model_runners][INFO] - Timestep 3, input to next step: GGGGGGGGGGGGGGGGGGGGG---------------------
[2026-04-24 06:33:30,814][rfdiffusion.inference.utils][INFO] - Sampled motif RMSD: 0.12
[2026-04-24 06:33:31,199][rfdiffusion.inference.model_runners][INFO] - Timestep 2, input to next step: GGGGGGGGGGGGGGGGGGGGG---------------------
[2026-04-24 06:33:36,943][__main__][INFO] - Finished design in 3.83 minutes
[2026-04-24 06:33:36,943][__main__][INFO] - Making design /lambda/nfs/manvi/Team_8_CS598GBL/outputs/custom90_128_motif_scaffolding/default/len_099/nterm/scaffold_1
[2026-04-24 06:33:36,960][rfdiffusion.inference.model_runners][INFO] - Using contig: ['A1-21/19-33']
With this beta schedule (linear schedule, beta_0 = 0.04, beta_T = 0.28), alpha_bar_T = 0.00013696048699785024
[2026-04-24 06:33:37,189][rfdiffusion.inference.model_runners][INFO] - Sequence init: GGGGGGGGGGGGGGGGGGGGG---------------------------------
[2026-04-24 06:33:41,931][rfdiffusion.inference.utils][INFO] - Sampled motif RMSD: 0.12
[2026-04-24 06:33:42,442][rfdiffusion.inference.model_runners][INFO] - Timestep 50, input to next step: GGGGGGGGGGGGGGGGGGGGG---------------------------------
[2026-04-24 06:33:46,071][rfdiffusion.inference.utils][INFO] - Sampled motif RMSD: 0.11
[2026-04-24 06:33:46,322][rfdiffusion.inference.model_runners][INFO] - Timestep 49, input to next step: GGGGGGGGGGGGGGGGGGGGG---------------------------------
[2026-04-24 06:33:49,086][rfdiffusion.inference.utils][INFO] - Sampled motif RMSD: 0.11
[2026-04-24 06:33:49,718][rfdiffusion.inference.model_runners][INFO] - Timestep 48, input to next step: GGGGGGGGGGGGGGGGGGGGG---------------------------------
[2026-04-24 06:33:53,823][rfdiffusion.inference.utils][INFO] - Sampled motif RMSD: 0.14
[2026-04-24 06:33:54,174][rfdiffusion.inference.model_runners][INFO] - Timestep 47, input to next step: GGGGGGGGGGGGGGGGGGGGG---------------------------------
[2026-04-24 06:33:58,524][rfdiffusion.inference.utils][INFO] - Sampled motif RMSD: 0.10
[2026-04-24 06:33:58,743][rfdiffusion.inference.model_runners][INFO] - Timestep 46, input to next step: GGGGGGGGGGGGGGGGGGGGG---------------------------------
[2026-04-24 06:34:02,229][rfdiffusion.inference.utils][INFO] - Sampled motif RMSD: 0.10
[2026-04-24 06:34:02,561][rfdiffusion.inference.model_runners][INFO] - Timestep 45, input to next step: GGGGGGGGGGGGGGGGGGGGG---------------------------------
[2026-04-24 06:34:07,504][rfdiffusion.inference.utils][INFO] - Sampled motif RMSD: 0.11
[2026-04-24 06:34:07,948][rfdiffusion.inference.model_runners][INFO] - Timestep 44, input to next step: GGGGGGGGGGGGGGGGGGGGG---------------------------------
[2026-04-24 06:34:11,982][rfdiffusion.inference.utils][INFO] - Sampled motif RMSD: 0.11
[2026-04-24 06:34:12,278][rfdiffusion.inference.model_runners][INFO] - Timestep 43, input to next step: GGGGGGGGGGGGGGGGGGGGG---------------------------------
[2026-04-24 06:34:16,362][rfdiffusion.inference.utils][INFO] - Sampled motif RMSD: 0.11
[2026-04-24 06:34:16,698][rfdiffusion.inference.model_runners][INFO] - Timestep 42, input to next step: GGGGGGGGGGGGGGGGGGGGG---------------------------------
[2026-04-24 06:34:20,652][rfdiffusion.inference.utils][INFO] - Sampled motif RMSD: 0.10
[2026-04-24 06:34:20,876][rfdiffusion.inference.model_runners][INFO] - Timestep 41, input to next step: GGGGGGGGGGGGGGGGGGGGG---------------------------------
[2026-04-24 06:34:25,478][rfdiffusion.inference.utils][INFO] - Sampled motif RMSD: 0.12
[2026-04-24 06:34:25,699][rfdiffusion.inference.model_runners][INFO] - Timestep 40, input to next step: GGGGGGGGGGGGGGGGGGGGG---------------------------------
[2026-04-24 06:34:28,627][rfdiffusion.inference.utils][INFO] - Sampled motif RMSD: 0.13
[2026-04-24 06:34:29,033][rfdiffusion.inference.model_runners][INFO] - Timestep 39, input to next step: GGGGGGGGGGGGGGGGGGGGG---------------------------------
[2026-04-24 06:34:31,964][rfdiffusion.inference.utils][INFO] - Sampled motif RMSD: 0.14
[2026-04-24 06:34:32,243][rfdiffusion.inference.model_runners][INFO] - Timestep 38, input to next step: GGGGGGGGGGGGGGGGGGGGG---------------------------------
[2026-04-24 06:34:35,971][rfdiffusion.inference.utils][INFO] - Sampled motif RMSD: 0.14
[2026-04-24 06:34:36,311][rfdiffusion.inference.model_runners][INFO] - Timestep 37, input to next step: GGGGGGGGGGGGGGGGGGGGG---------------------------------
[2026-04-24 06:34:39,508][rfdiffusion.inference.utils][INFO] - Sampled motif RMSD: 0.14
[2026-04-24 06:34:39,816][rfdiffusion.inference.model_runners][INFO] - Timestep 36, input to next step: GGGGGGGGGGGGGGGGGGGGG---------------------------------
[2026-04-24 06:34:42,958][rfdiffusion.inference.utils][INFO] - Sampled motif RMSD: 0.15
[2026-04-24 06:34:43,208][rfdiffusion.inference.model_runners][INFO] - Timestep 35, input to next step: GGGGGGGGGGGGGGGGGGGGG---------------------------------
[2026-04-24 06:34:47,219][rfdiffusion.inference.utils][INFO] - Sampled motif RMSD: 0.16
[2026-04-24 06:34:47,597][rfdiffusion.inference.model_runners][INFO] - Timestep 34, input to next step: GGGGGGGGGGGGGGGGGGGGG---------------------------------
[2026-04-24 06:34:51,525][rfdiffusion.inference.utils][INFO] - Sampled motif RMSD: 0.17
[2026-04-24 06:34:51,983][rfdiffusion.inference.model_runners][INFO] - Timestep 33, input to next step: GGGGGGGGGGGGGGGGGGGGG---------------------------------
[2026-04-24 06:34:55,834][rfdiffusion.inference.utils][INFO] - Sampled motif RMSD: 0.20
[2026-04-24 06:34:55,994][rfdiffusion.inference.model_runners][INFO] - Timestep 32, input to next step: GGGGGGGGGGGGGGGGGGGGG---------------------------------
[2026-04-24 06:34:58,549][rfdiffusion.inference.utils][INFO] - Sampled motif RMSD: 0.17
[2026-04-24 06:34:59,020][rfdiffusion.inference.model_runners][INFO] - Timestep 31, input to next step: GGGGGGGGGGGGGGGGGGGGG---------------------------------
[2026-04-24 06:35:01,794][rfdiffusion.inference.utils][INFO] - Sampled motif RMSD: 0.17
[2026-04-24 06:35:02,182][rfdiffusion.inference.model_runners][INFO] - Timestep 30, input to next step: GGGGGGGGGGGGGGGGGGGGG---------------------------------
[2026-04-24 06:35:05,510][rfdiffusion.inference.utils][INFO] - Sampled motif RMSD: 0.17
[2026-04-24 06:35:05,837][rfdiffusion.inference.model_runners][INFO] - Timestep 29, input to next step: GGGGGGGGGGGGGGGGGGGGG---------------------------------
[2026-04-24 06:35:08,795][rfdiffusion.inference.utils][INFO] - Sampled motif RMSD: 0.19
[2026-04-24 06:35:09,181][rfdiffusion.inference.model_runners][INFO] - Timestep 28, input to next step: GGGGGGGGGGGGGGGGGGGGG---------------------------------
[2026-04-24 06:35:13,323][rfdiffusion.inference.utils][INFO] - Sampled motif RMSD: 0.19
[2026-04-24 06:35:13,722][rfdiffusion.inference.model_runners][INFO] - Timestep 27, input to next step: GGGGGGGGGGGGGGGGGGGGG---------------------------------
[2026-04-24 06:35:17,668][rfdiffusion.inference.utils][INFO] - Sampled motif RMSD: 0.18
[2026-04-24 06:35:17,958][rfdiffusion.inference.model_runners][INFO] - Timestep 26, input to next step: GGGGGGGGGGGGGGGGGGGGG---------------------------------
[2026-04-24 06:35:21,452][rfdiffusion.inference.utils][INFO] - Sampled motif RMSD: 0.18
[2026-04-24 06:35:21,721][rfdiffusion.inference.model_runners][INFO] - Timestep 25, input to next step: GGGGGGGGGGGGGGGGGGGGG---------------------------------
[2026-04-24 06:35:25,670][rfdiffusion.inference.utils][INFO] - Sampled motif RMSD: 0.18
[2026-04-24 06:35:25,972][rfdiffusion.inference.model_runners][INFO] - Timestep 24, input to next step: GGGGGGGGGGGGGGGGGGGGG---------------------------------
[2026-04-24 06:35:29,795][rfdiffusion.inference.utils][INFO] - Sampled motif RMSD: 0.18
[2026-04-24 06:35:30,088][rfdiffusion.inference.model_runners][INFO] - Timestep 23, input to next step: GGGGGGGGGGGGGGGGGGGGG---------------------------------
[2026-04-24 06:35:33,031][rfdiffusion.inference.utils][INFO] - Sampled motif RMSD: 0.17
[2026-04-24 06:35:33,152][rfdiffusion.inference.model_runners][INFO] - Timestep 22, input to next step: GGGGGGGGGGGGGGGGGGGGG---------------------------------
[2026-04-24 06:35:37,283][rfdiffusion.inference.utils][INFO] - Sampled motif RMSD: 0.17
[2026-04-24 06:35:37,614][rfdiffusion.inference.model_runners][INFO] - Timestep 21, input to next step: GGGGGGGGGGGGGGGGGGGGG---------------------------------
[2026-04-24 06:35:40,139][rfdiffusion.inference.utils][INFO] - Sampled motif RMSD: 0.17
[2026-04-24 06:35:40,416][rfdiffusion.inference.model_runners][INFO] - Timestep 20, input to next step: GGGGGGGGGGGGGGGGGGGGG---------------------------------
[2026-04-24 06:35:42,913][rfdiffusion.inference.utils][INFO] - Sampled motif RMSD: 0.17
[2026-04-24 06:35:43,141][rfdiffusion.inference.model_runners][INFO] - Timestep 19, input to next step: GGGGGGGGGGGGGGGGGGGGG---------------------------------
[2026-04-24 06:35:44,796][rfdiffusion.inference.utils][INFO] - Sampled motif RMSD: 0.17
[2026-04-24 06:35:44,953][rfdiffusion.inference.model_runners][INFO] - Timestep 18, input to next step: GGGGGGGGGGGGGGGGGGGGG---------------------------------
[2026-04-24 06:35:46,967][rfdiffusion.inference.utils][INFO] - Sampled motif RMSD: 0.17
[2026-04-24 06:35:47,186][rfdiffusion.inference.model_runners][INFO] - Timestep 17, input to next step: GGGGGGGGGGGGGGGGGGGGG---------------------------------
[2026-04-24 06:35:49,291][rfdiffusion.inference.utils][INFO] - Sampled motif RMSD: 0.18
[2026-04-24 06:35:49,598][rfdiffusion.inference.model_runners][INFO] - Timestep 16, input to next step: GGGGGGGGGGGGGGGGGGGGG---------------------------------
[2026-04-24 06:35:51,301][rfdiffusion.inference.utils][INFO] - Sampled motif RMSD: 0.16
[2026-04-24 06:35:51,514][rfdiffusion.inference.model_runners][INFO] - Timestep 15, input to next step: GGGGGGGGGGGGGGGGGGGGG---------------------------------
[2026-04-24 06:35:53,828][rfdiffusion.inference.utils][INFO] - Sampled motif RMSD: 0.16
[2026-04-24 06:35:54,022][rfdiffusion.inference.model_runners][INFO] - Timestep 14, input to next step: GGGGGGGGGGGGGGGGGGGGG---------------------------------
[2026-04-24 06:35:56,338][rfdiffusion.inference.utils][INFO] - Sampled motif RMSD: 0.16
[2026-04-24 06:35:56,595][rfdiffusion.inference.model_runners][INFO] - Timestep 13, input to next step: GGGGGGGGGGGGGGGGGGGGG---------------------------------
[2026-04-24 06:35:59,217][rfdiffusion.inference.utils][INFO] - Sampled motif RMSD: 0.17
[2026-04-24 06:35:59,337][rfdiffusion.inference.model_runners][INFO] - Timestep 12, input to next step: GGGGGGGGGGGGGGGGGGGGG---------------------------------
[2026-04-24 06:36:02,381][rfdiffusion.inference.utils][INFO] - Sampled motif RMSD: 0.15
[2026-04-24 06:36:02,499][rfdiffusion.inference.model_runners][INFO] - Timestep 11, input to next step: GGGGGGGGGGGGGGGGGGGGG---------------------------------
[2026-04-24 06:36:05,334][rfdiffusion.inference.utils][INFO] - Sampled motif RMSD: 0.15
[2026-04-24 06:36:05,525][rfdiffusion.inference.model_runners][INFO] - Timestep 10, input to next step: GGGGGGGGGGGGGGGGGGGGG---------------------------------
[2026-04-24 06:36:08,097][rfdiffusion.inference.utils][INFO] - Sampled motif RMSD: 0.16
[2026-04-24 06:36:08,440][rfdiffusion.inference.model_runners][INFO] - Timestep 9, input to next step: GGGGGGGGGGGGGGGGGGGGG---------------------------------
[2026-04-24 06:36:10,832][rfdiffusion.inference.utils][INFO] - Sampled motif RMSD: 0.16
[2026-04-24 06:36:11,049][rfdiffusion.inference.model_runners][INFO] - Timestep 8, input to next step: GGGGGGGGGGGGGGGGGGGGG---------------------------------
[2026-04-24 06:36:14,107][rfdiffusion.inference.utils][INFO] - Sampled motif RMSD: 0.16
[2026-04-24 06:36:14,373][rfdiffusion.inference.model_runners][INFO] - Timestep 7, input to next step: GGGGGGGGGGGGGGGGGGGGG---------------------------------
[2026-04-24 06:36:17,255][rfdiffusion.inference.utils][INFO] - Sampled motif RMSD: 0.17
[2026-04-24 06:36:17,510][rfdiffusion.inference.model_runners][INFO] - Timestep 6, input to next step: GGGGGGGGGGGGGGGGGGGGG---------------------------------
[2026-04-24 06:36:20,879][rfdiffusion.inference.utils][INFO] - Sampled motif RMSD: 0.18
[2026-04-24 06:36:21,183][rfdiffusion.inference.model_runners][INFO] - Timestep 5, input to next step: GGGGGGGGGGGGGGGGGGGGG---------------------------------
[2026-04-24 06:36:23,507][rfdiffusion.inference.utils][INFO] - Sampled motif RMSD: 0.17
[2026-04-24 06:36:23,725][rfdiffusion.inference.model_runners][INFO] - Timestep 4, input to next step: GGGGGGGGGGGGGGGGGGGGG---------------------------------
[2026-04-24 06:36:27,023][rfdiffusion.inference.utils][INFO] - Sampled motif RMSD: 0.15
[2026-04-24 06:36:27,183][rfdiffusion.inference.model_runners][INFO] - Timestep 3, input to next step: GGGGGGGGGGGGGGGGGGGGG---------------------------------
[2026-04-24 06:36:29,193][rfdiffusion.inference.utils][INFO] - Sampled motif RMSD: 0.14
[2026-04-24 06:36:29,412][rfdiffusion.inference.model_runners][INFO] - Timestep 2, input to next step: GGGGGGGGGGGGGGGGGGGGG---------------------------------
[2026-04-24 06:36:32,987][__main__][INFO] - Finished design in 2.93 minutes
