[2026-04-24 09:16:49,468][__main__][INFO] - Found GPU with device_name NVIDIA A100-SXM4-80GB. Will run RFdiffusion on NVIDIA A100-SXM4-80GB
Reading models from /lambda/nfs/manvi/Team_8_CS598GBL/RFdiffusion/rfdiffusion/inference/../../models
[2026-04-24 09:16:49,480][rfdiffusion.inference.model_runners][INFO] - Reading checkpoint from /lambda/nfs/manvi/Team_8_CS598GBL/RFdiffusion/rfdiffusion/inference/../../models/Base_ckpt.pt
This is inf_conf.ckpt_path
/lambda/nfs/manvi/Team_8_CS598GBL/RFdiffusion/rfdiffusion/inference/../../models/Base_ckpt.pt
Assembling -model, -diffuser and -preprocess configs from checkpoint
USING MODEL CONFIG: self._conf[model][n_extra_block] = 4
USING MODEL CONFIG: self._conf[model][n_main_block] = 32
USING MODEL CONFIG: self._conf[model][n_ref_block] = 4
USING MODEL CONFIG: self._conf[model][d_msa] = 256
USING MODEL CONFIG: self._conf[model][d_msa_full] = 64
USING MODEL CONFIG: self._conf[model][d_pair] = 128
USING MODEL CONFIG: self._conf[model][d_templ] = 64
USING MODEL CONFIG: self._conf[model][n_head_msa] = 8
USING MODEL CONFIG: self._conf[model][n_head_pair] = 4
USING MODEL CONFIG: self._conf[model][n_head_templ] = 4
USING MODEL CONFIG: self._conf[model][d_hidden] = 32
USING MODEL CONFIG: self._conf[model][d_hidden_templ] = 32
USING MODEL CONFIG: self._conf[model][p_drop] = 0.15
USING MODEL CONFIG: self._conf[model][SE3_param_full] = {'num_layers': 1, 'num_channels': 32, 'num_degrees': 2, 'n_heads': 4, 'div': 4, 'l0_in_features': 8, 'l0_out_features': 8, 'l1_in_features': 3, 'l1_out_features': 2, 'num_edge_features': 32}
USING MODEL CONFIG: self._conf[model][SE3_param_topk] = {'num_layers': 1, 'num_channels': 32, 'num_degrees': 2, 'n_heads': 4, 'div': 4, 'l0_in_features': 64, 'l0_out_features': 64, 'l1_in_features': 3, 'l1_out_features': 2, 'num_edge_features': 64}
USING MODEL CONFIG: self._conf[model][freeze_track_motif] = False
USING MODEL CONFIG: self._conf[model][use_motif_timestep] = True
USING MODEL CONFIG: self._conf[diffuser][T] = 50
USING MODEL CONFIG: self._conf[diffuser][b_0] = 0.01
USING MODEL CONFIG: self._conf[diffuser][b_T] = 0.07
USING MODEL CONFIG: self._conf[diffuser][schedule_type] = linear
USING MODEL CONFIG: self._conf[diffuser][so3_type] = igso3
USING MODEL CONFIG: self._conf[diffuser][crd_scale] = 0.25
USING MODEL CONFIG: self._conf[diffuser][so3_schedule_type] = linear
USING MODEL CONFIG: self._conf[diffuser][min_b] = 1.5
USING MODEL CONFIG: self._conf[diffuser][max_b] = 2.5
USING MODEL CONFIG: self._conf[diffuser][min_sigma] = 0.02
USING MODEL CONFIG: self._conf[diffuser][max_sigma] = 1.5
USING MODEL CONFIG: self._conf[preprocess][sidechain_input] = False
USING MODEL CONFIG: self._conf[preprocess][motif_sidechain_input] = True
USING MODEL CONFIG: self._conf[preprocess][d_t1d] = 22
USING MODEL CONFIG: self._conf[preprocess][d_t2d] = 44
USING MODEL CONFIG: self._conf[preprocess][prob_self_cond] = 0.5
USING MODEL CONFIG: self._conf[preprocess][str_self_cond] = True
USING MODEL CONFIG: self._conf[preprocess][predict_previous] = False
[2026-04-24 09:17:51,781][rfdiffusion.inference.model_runners][INFO] - Loading checkpoint.
[2026-04-24 09:18:12,385][rfdiffusion.diffusion][INFO] - Using cached IGSO3.
Successful diffuser __init__
[2026-04-24 09:18:12,432][__main__][INFO] - Making design /lambda/nfs/manvi/Team_8_CS598GBL/outputs/custom90_128_motif_scaffolding/fast_T20/len_122/balanced/scaffold_0
[2026-04-24 09:18:12,452][rfdiffusion.inference.model_runners][INFO] - Using contig: ['24-40/A26-54/24-40']
With this beta schedule (linear schedule, beta_0 = 0.04, beta_T = 0.28), alpha_bar_T = 0.00013696048699785024
[2026-04-24 09:18:12,830][rfdiffusion.inference.model_runners][INFO] - Sequence init: -------------------------------------GGGGGGGGGGGGGGGGGGGGGGGGGGGGG------------------------
[2026-04-24 09:18:19,350][rfdiffusion.inference.utils][INFO] - Sampled motif RMSD: 0.27
[2026-04-24 09:18:19,576][rfdiffusion.inference.model_runners][INFO] - Timestep 50, input to next step: -------------------------------------GGGGGGGGGGGGGGGGGGGGGGGGGGGGG------------------------
[2026-04-24 09:18:27,023][rfdiffusion.inference.utils][INFO] - Sampled motif RMSD: 0.38
[2026-04-24 09:18:27,302][rfdiffusion.inference.model_runners][INFO] - Timestep 49, input to next step: -------------------------------------GGGGGGGGGGGGGGGGGGGGGGGGGGGGG------------------------
[2026-04-24 09:18:33,098][rfdiffusion.inference.utils][INFO] - Sampled motif RMSD: 0.33
[2026-04-24 09:18:33,176][rfdiffusion.inference.model_runners][INFO] - Timestep 48, input to next step: -------------------------------------GGGGGGGGGGGGGGGGGGGGGGGGGGGGG------------------------
[2026-04-24 09:18:36,264][rfdiffusion.inference.utils][INFO] - Sampled motif RMSD: 0.29
[2026-04-24 09:18:36,441][rfdiffusion.inference.model_runners][INFO] - Timestep 47, input to next step: -------------------------------------GGGGGGGGGGGGGGGGGGGGGGGGGGGGG------------------------
[2026-04-24 09:18:41,062][rfdiffusion.inference.utils][INFO] - Sampled motif RMSD: 0.28
[2026-04-24 09:18:41,269][rfdiffusion.inference.model_runners][INFO] - Timestep 46, input to next step: -------------------------------------GGGGGGGGGGGGGGGGGGGGGGGGGGGGG------------------------
[2026-04-24 09:18:45,093][rfdiffusion.inference.utils][INFO] - Sampled motif RMSD: 0.19
[2026-04-24 09:18:45,253][rfdiffusion.inference.model_runners][INFO] - Timestep 45, input to next step: -------------------------------------GGGGGGGGGGGGGGGGGGGGGGGGGGGGG------------------------
[2026-04-24 09:18:49,801][rfdiffusion.inference.utils][INFO] - Sampled motif RMSD: 0.18
[2026-04-24 09:18:49,947][rfdiffusion.inference.model_runners][INFO] - Timestep 44, input to next step: -------------------------------------GGGGGGGGGGGGGGGGGGGGGGGGGGGGG------------------------
[2026-04-24 09:18:53,461][rfdiffusion.inference.utils][INFO] - Sampled motif RMSD: 0.19
[2026-04-24 09:18:53,659][rfdiffusion.inference.model_runners][INFO] - Timestep 43, input to next step: -------------------------------------GGGGGGGGGGGGGGGGGGGGGGGGGGGGG------------------------
[2026-04-24 09:18:57,266][rfdiffusion.inference.utils][INFO] - Sampled motif RMSD: 0.25
[2026-04-24 09:18:57,434][rfdiffusion.inference.model_runners][INFO] - Timestep 42, input to next step: -------------------------------------GGGGGGGGGGGGGGGGGGGGGGGGGGGGG------------------------
[2026-04-24 09:19:00,596][rfdiffusion.inference.utils][INFO] - Sampled motif RMSD: 0.27
[2026-04-24 09:19:00,993][rfdiffusion.inference.model_runners][INFO] - Timestep 41, input to next step: -------------------------------------GGGGGGGGGGGGGGGGGGGGGGGGGGGGG------------------------
[2026-04-24 09:19:04,313][rfdiffusion.inference.utils][INFO] - Sampled motif RMSD: 0.28
[2026-04-24 09:19:04,616][rfdiffusion.inference.model_runners][INFO] - Timestep 40, input to next step: -------------------------------------GGGGGGGGGGGGGGGGGGGGGGGGGGGGG------------------------
[2026-04-24 09:19:07,079][rfdiffusion.inference.utils][INFO] - Sampled motif RMSD: 0.27
[2026-04-24 09:19:07,236][rfdiffusion.inference.model_runners][INFO] - Timestep 39, input to next step: -------------------------------------GGGGGGGGGGGGGGGGGGGGGGGGGGGGG------------------------
[2026-04-24 09:19:10,771][rfdiffusion.inference.utils][INFO] - Sampled motif RMSD: 0.29
[2026-04-24 09:19:10,947][rfdiffusion.inference.model_runners][INFO] - Timestep 38, input to next step: -------------------------------------GGGGGGGGGGGGGGGGGGGGGGGGGGGGG------------------------
[2026-04-24 09:19:15,310][rfdiffusion.inference.utils][INFO] - Sampled motif RMSD: 0.27
[2026-04-24 09:19:15,535][rfdiffusion.inference.model_runners][INFO] - Timestep 37, input to next step: -------------------------------------GGGGGGGGGGGGGGGGGGGGGGGGGGGGG------------------------
[2026-04-24 09:19:18,403][rfdiffusion.inference.utils][INFO] - Sampled motif RMSD: 0.27
[2026-04-24 09:19:18,696][rfdiffusion.inference.model_runners][INFO] - Timestep 36, input to next step: -------------------------------------GGGGGGGGGGGGGGGGGGGGGGGGGGGGG------------------------
[2026-04-24 09:19:22,951][rfdiffusion.inference.utils][INFO] - Sampled motif RMSD: 0.31
[2026-04-24 09:19:23,274][rfdiffusion.inference.model_runners][INFO] - Timestep 35, input to next step: -------------------------------------GGGGGGGGGGGGGGGGGGGGGGGGGGGGG------------------------
[2026-04-24 09:19:28,325][rfdiffusion.inference.utils][INFO] - Sampled motif RMSD: 0.31
[2026-04-24 09:19:28,660][rfdiffusion.inference.model_runners][INFO] - Timestep 34, input to next step: -------------------------------------GGGGGGGGGGGGGGGGGGGGGGGGGGGGG------------------------
[2026-04-24 09:19:32,018][rfdiffusion.inference.utils][INFO] - Sampled motif RMSD: 0.32
[2026-04-24 09:19:32,294][rfdiffusion.inference.model_runners][INFO] - Timestep 33, input to next step: -------------------------------------GGGGGGGGGGGGGGGGGGGGGGGGGGGGG------------------------
[2026-04-24 09:19:37,187][rfdiffusion.inference.utils][INFO] - Sampled motif RMSD: 0.32
[2026-04-24 09:19:37,544][rfdiffusion.inference.model_runners][INFO] - Timestep 32, input to next step: -------------------------------------GGGGGGGGGGGGGGGGGGGGGGGGGGGGG------------------------
[2026-04-24 09:19:42,192][rfdiffusion.inference.utils][INFO] - Sampled motif RMSD: 0.33
[2026-04-24 09:19:42,373][rfdiffusion.inference.model_runners][INFO] - Timestep 31, input to next step: -------------------------------------GGGGGGGGGGGGGGGGGGGGGGGGGGGGG------------------------
[2026-04-24 09:19:46,653][rfdiffusion.inference.utils][INFO] - Sampled motif RMSD: 0.36
[2026-04-24 09:19:47,106][rfdiffusion.inference.model_runners][INFO] - Timestep 30, input to next step: -------------------------------------GGGGGGGGGGGGGGGGGGGGGGGGGGGGG------------------------
[2026-04-24 09:19:51,242][rfdiffusion.inference.utils][INFO] - Sampled motif RMSD: 0.31
[2026-04-24 09:19:51,562][rfdiffusion.inference.model_runners][INFO] - Timestep 29, input to next step: -------------------------------------GGGGGGGGGGGGGGGGGGGGGGGGGGGGG------------------------
[2026-04-24 09:19:55,378][rfdiffusion.inference.utils][INFO] - Sampled motif RMSD: 0.31
[2026-04-24 09:19:55,828][rfdiffusion.inference.model_runners][INFO] - Timestep 28, input to next step: -------------------------------------GGGGGGGGGGGGGGGGGGGGGGGGGGGGG------------------------
[2026-04-24 09:20:00,010][rfdiffusion.inference.utils][INFO] - Sampled motif RMSD: 0.30
[2026-04-24 09:20:00,298][rfdiffusion.inference.model_runners][INFO] - Timestep 27, input to next step: -------------------------------------GGGGGGGGGGGGGGGGGGGGGGGGGGGGG------------------------
[2026-04-24 09:20:04,191][rfdiffusion.inference.utils][INFO] - Sampled motif RMSD: 0.28
[2026-04-24 09:20:04,510][rfdiffusion.inference.model_runners][INFO] - Timestep 26, input to next step: -------------------------------------GGGGGGGGGGGGGGGGGGGGGGGGGGGGG------------------------
[2026-04-24 09:20:08,588][rfdiffusion.inference.utils][INFO] - Sampled motif RMSD: 0.33
[2026-04-24 09:20:08,937][rfdiffusion.inference.model_runners][INFO] - Timestep 25, input to next step: -------------------------------------GGGGGGGGGGGGGGGGGGGGGGGGGGGGG------------------------
[2026-04-24 09:20:12,598][rfdiffusion.inference.utils][INFO] - Sampled motif RMSD: 0.35
[2026-04-24 09:20:12,882][rfdiffusion.inference.model_runners][INFO] - Timestep 24, input to next step: -------------------------------------GGGGGGGGGGGGGGGGGGGGGGGGGGGGG------------------------
[2026-04-24 09:20:16,071][rfdiffusion.inference.utils][INFO] - Sampled motif RMSD: 0.38
[2026-04-24 09:20:16,418][rfdiffusion.inference.model_runners][INFO] - Timestep 23, input to next step: -------------------------------------GGGGGGGGGGGGGGGGGGGGGGGGGGGGG------------------------
[2026-04-24 09:20:20,558][rfdiffusion.inference.utils][INFO] - Sampled motif RMSD: 0.36
[2026-04-24 09:20:20,859][rfdiffusion.inference.model_runners][INFO] - Timestep 22, input to next step: -------------------------------------GGGGGGGGGGGGGGGGGGGGGGGGGGGGG------------------------
[2026-04-24 09:20:26,554][rfdiffusion.inference.utils][INFO] - Sampled motif RMSD: 0.34
[2026-04-24 09:20:26,936][rfdiffusion.inference.model_runners][INFO] - Timestep 21, input to next step: -------------------------------------GGGGGGGGGGGGGGGGGGGGGGGGGGGGG------------------------
[2026-04-24 09:20:32,012][rfdiffusion.inference.utils][INFO] - Sampled motif RMSD: 0.32
[2026-04-24 09:20:32,227][rfdiffusion.inference.model_runners][INFO] - Timestep 20, input to next step: -------------------------------------GGGGGGGGGGGGGGGGGGGGGGGGGGGGG------------------------
[2026-04-24 09:20:37,148][rfdiffusion.inference.utils][INFO] - Sampled motif RMSD: 0.28
[2026-04-24 09:20:37,467][rfdiffusion.inference.model_runners][INFO] - Timestep 19, input to next step: -------------------------------------GGGGGGGGGGGGGGGGGGGGGGGGGGGGG------------------------
[2026-04-24 09:20:41,481][rfdiffusion.inference.utils][INFO] - Sampled motif RMSD: 0.28
[2026-04-24 09:20:41,658][rfdiffusion.inference.model_runners][INFO] - Timestep 18, input to next step: -------------------------------------GGGGGGGGGGGGGGGGGGGGGGGGGGGGG------------------------
[2026-04-24 09:20:45,829][rfdiffusion.inference.utils][INFO] - Sampled motif RMSD: 0.29
[2026-04-24 09:20:46,040][rfdiffusion.inference.model_runners][INFO] - Timestep 17, input to next step: -------------------------------------GGGGGGGGGGGGGGGGGGGGGGGGGGGGG------------------------
[2026-04-24 09:20:50,152][rfdiffusion.inference.utils][INFO] - Sampled motif RMSD: 0.28
[2026-04-24 09:20:50,334][rfdiffusion.inference.model_runners][INFO] - Timestep 16, input to next step: -------------------------------------GGGGGGGGGGGGGGGGGGGGGGGGGGGGG------------------------
[2026-04-24 09:20:54,777][rfdiffusion.inference.utils][INFO] - Sampled motif RMSD: 0.28
[2026-04-24 09:20:54,915][rfdiffusion.inference.model_runners][INFO] - Timestep 15, input to next step: -------------------------------------GGGGGGGGGGGGGGGGGGGGGGGGGGGGG------------------------
[2026-04-24 09:20:58,049][rfdiffusion.inference.utils][INFO] - Sampled motif RMSD: 0.27
[2026-04-24 09:20:58,386][rfdiffusion.inference.model_runners][INFO] - Timestep 14, input to next step: -------------------------------------GGGGGGGGGGGGGGGGGGGGGGGGGGGGG------------------------
[2026-04-24 09:21:01,468][rfdiffusion.inference.utils][INFO] - Sampled motif RMSD: 0.27
[2026-04-24 09:21:01,676][rfdiffusion.inference.model_runners][INFO] - Timestep 13, input to next step: -------------------------------------GGGGGGGGGGGGGGGGGGGGGGGGGGGGG------------------------
[2026-04-24 09:21:05,935][rfdiffusion.inference.utils][INFO] - Sampled motif RMSD: 0.27
[2026-04-24 09:21:06,106][rfdiffusion.inference.model_runners][INFO] - Timestep 12, input to next step: -------------------------------------GGGGGGGGGGGGGGGGGGGGGGGGGGGGG------------------------
[2026-04-24 09:21:09,501][rfdiffusion.inference.utils][INFO] - Sampled motif RMSD: 0.28
[2026-04-24 09:21:09,700][rfdiffusion.inference.model_runners][INFO] - Timestep 11, input to next step: -------------------------------------GGGGGGGGGGGGGGGGGGGGGGGGGGGGG------------------------
[2026-04-24 09:21:14,171][rfdiffusion.inference.utils][INFO] - Sampled motif RMSD: 0.30
[2026-04-24 09:21:14,330][rfdiffusion.inference.model_runners][INFO] - Timestep 10, input to next step: -------------------------------------GGGGGGGGGGGGGGGGGGGGGGGGGGGGG------------------------
[2026-04-24 09:21:17,994][rfdiffusion.inference.utils][INFO] - Sampled motif RMSD: 0.29
[2026-04-24 09:21:18,166][rfdiffusion.inference.model_runners][INFO] - Timestep 9, input to next step: -------------------------------------GGGGGGGGGGGGGGGGGGGGGGGGGGGGG------------------------
[2026-04-24 09:21:21,733][rfdiffusion.inference.utils][INFO] - Sampled motif RMSD: 0.28
[2026-04-24 09:21:22,040][rfdiffusion.inference.model_runners][INFO] - Timestep 8, input to next step: -------------------------------------GGGGGGGGGGGGGGGGGGGGGGGGGGGGG------------------------
[2026-04-24 09:21:25,718][rfdiffusion.inference.utils][INFO] - Sampled motif RMSD: 0.29
[2026-04-24 09:21:26,062][rfdiffusion.inference.model_runners][INFO] - Timestep 7, input to next step: -------------------------------------GGGGGGGGGGGGGGGGGGGGGGGGGGGGG------------------------
[2026-04-24 09:21:29,522][rfdiffusion.inference.utils][INFO] - Sampled motif RMSD: 0.27
[2026-04-24 09:21:29,690][rfdiffusion.inference.model_runners][INFO] - Timestep 6, input to next step: -------------------------------------GGGGGGGGGGGGGGGGGGGGGGGGGGGGG------------------------
[2026-04-24 09:21:33,116][rfdiffusion.inference.utils][INFO] - Sampled motif RMSD: 0.26
[2026-04-24 09:21:33,387][rfdiffusion.inference.model_runners][INFO] - Timestep 5, input to next step: -------------------------------------GGGGGGGGGGGGGGGGGGGGGGGGGGGGG------------------------
[2026-04-24 09:21:37,285][rfdiffusion.inference.utils][INFO] - Sampled motif RMSD: 0.24
[2026-04-24 09:21:37,504][rfdiffusion.inference.model_runners][INFO] - Timestep 4, input to next step: -------------------------------------GGGGGGGGGGGGGGGGGGGGGGGGGGGGG------------------------
[2026-04-24 09:21:41,127][rfdiffusion.inference.utils][INFO] - Sampled motif RMSD: 0.24
[2026-04-24 09:21:41,294][rfdiffusion.inference.model_runners][INFO] - Timestep 3, input to next step: -------------------------------------GGGGGGGGGGGGGGGGGGGGGGGGGGGGG------------------------
[2026-04-24 09:21:44,776][rfdiffusion.inference.utils][INFO] - Sampled motif RMSD: 0.24
[2026-04-24 09:21:44,973][rfdiffusion.inference.model_runners][INFO] - Timestep 2, input to next step: -------------------------------------GGGGGGGGGGGGGGGGGGGGGGGGGGGGG------------------------
[2026-04-24 09:21:51,375][__main__][INFO] - Finished design in 3.65 minutes
[2026-04-24 09:21:51,376][__main__][INFO] - Making design /lambda/nfs/manvi/Team_8_CS598GBL/outputs/custom90_128_motif_scaffolding/fast_T20/len_122/balanced/scaffold_1
[2026-04-24 09:21:51,393][rfdiffusion.inference.model_runners][INFO] - Using contig: ['24-40/A26-54/24-40']
With this beta schedule (linear schedule, beta_0 = 0.04, beta_T = 0.28), alpha_bar_T = 0.00013696048699785024
[2026-04-24 09:21:51,927][rfdiffusion.inference.model_runners][INFO] - Sequence init: ---------------------------------------GGGGGGGGGGGGGGGGGGGGGGGGGGGGG---------------------------
[2026-04-24 09:21:55,254][rfdiffusion.inference.utils][INFO] - Sampled motif RMSD: 0.35
[2026-04-24 09:21:55,409][rfdiffusion.inference.model_runners][INFO] - Timestep 50, input to next step: ---------------------------------------GGGGGGGGGGGGGGGGGGGGGGGGGGGGG---------------------------
[2026-04-24 09:21:59,633][rfdiffusion.inference.utils][INFO] - Sampled motif RMSD: 0.28
[2026-04-24 09:22:00,032][rfdiffusion.inference.model_runners][INFO] - Timestep 49, input to next step: ---------------------------------------GGGGGGGGGGGGGGGGGGGGGGGGGGGGG---------------------------
[2026-04-24 09:22:02,606][rfdiffusion.inference.utils][INFO] - Sampled motif RMSD: 0.28
[2026-04-24 09:22:02,887][rfdiffusion.inference.model_runners][INFO] - Timestep 48, input to next step: ---------------------------------------GGGGGGGGGGGGGGGGGGGGGGGGGGGGG---------------------------
[2026-04-24 09:22:05,933][rfdiffusion.inference.utils][INFO] - Sampled motif RMSD: 0.21
[2026-04-24 09:22:06,270][rfdiffusion.inference.model_runners][INFO] - Timestep 47, input to next step: ---------------------------------------GGGGGGGGGGGGGGGGGGGGGGGGGGGGG---------------------------
[2026-04-24 09:22:09,273][rfdiffusion.inference.utils][INFO] - Sampled motif RMSD: 0.23
[2026-04-24 09:22:09,614][rfdiffusion.inference.model_runners][INFO] - Timestep 46, input to next step: ---------------------------------------GGGGGGGGGGGGGGGGGGGGGGGGGGGGG---------------------------
[2026-04-24 09:22:12,899][rfdiffusion.inference.utils][INFO] - Sampled motif RMSD: 0.26
[2026-04-24 09:22:13,072][rfdiffusion.inference.model_runners][INFO] - Timestep 45, input to next step: ---------------------------------------GGGGGGGGGGGGGGGGGGGGGGGGGGGGG---------------------------
[2026-04-24 09:22:15,914][rfdiffusion.inference.utils][INFO] - Sampled motif RMSD: 0.28
[2026-04-24 09:22:16,099][rfdiffusion.inference.model_runners][INFO] - Timestep 44, input to next step: ---------------------------------------GGGGGGGGGGGGGGGGGGGGGGGGGGGGG---------------------------
[2026-04-24 09:22:19,095][rfdiffusion.inference.utils][INFO] - Sampled motif RMSD: 0.25
[2026-04-24 09:22:19,242][rfdiffusion.inference.model_runners][INFO] - Timestep 43, input to next step: ---------------------------------------GGGGGGGGGGGGGGGGGGGGGGGGGGGGG---------------------------
[2026-04-24 09:22:22,387][rfdiffusion.inference.utils][INFO] - Sampled motif RMSD: 0.23
[2026-04-24 09:22:22,539][rfdiffusion.inference.model_runners][INFO] - Timestep 42, input to next step: ---------------------------------------GGGGGGGGGGGGGGGGGGGGGGGGGGGGG---------------------------
[2026-04-24 09:22:25,179][rfdiffusion.inference.utils][INFO] - Sampled motif RMSD: 0.21
[2026-04-24 09:22:25,415][rfdiffusion.inference.model_runners][INFO] - Timestep 41, input to next step: ---------------------------------------GGGGGGGGGGGGGGGGGGGGGGGGGGGGG---------------------------
[2026-04-24 09:22:28,144][rfdiffusion.inference.utils][INFO] - Sampled motif RMSD: 0.21
[2026-04-24 09:22:28,222][rfdiffusion.inference.model_runners][INFO] - Timestep 40, input to next step: ---------------------------------------GGGGGGGGGGGGGGGGGGGGGGGGGGGGG---------------------------
[2026-04-24 09:22:30,241][rfdiffusion.inference.utils][INFO] - Sampled motif RMSD: 0.21
[2026-04-24 09:22:30,421][rfdiffusion.inference.model_runners][INFO] - Timestep 39, input to next step: ---------------------------------------GGGGGGGGGGGGGGGGGGGGGGGGGGGGG---------------------------
[2026-04-24 09:22:33,482][rfdiffusion.inference.utils][INFO] - Sampled motif RMSD: 0.22
[2026-04-24 09:22:33,774][rfdiffusion.inference.model_runners][INFO] - Timestep 38, input to next step: ---------------------------------------GGGGGGGGGGGGGGGGGGGGGGGGGGGGG---------------------------
[2026-04-24 09:22:36,271][rfdiffusion.inference.utils][INFO] - Sampled motif RMSD: 0.24
[2026-04-24 09:22:36,519][rfdiffusion.inference.model_runners][INFO] - Timestep 37, input to next step: ---------------------------------------GGGGGGGGGGGGGGGGGGGGGGGGGGGGG---------------------------
[2026-04-24 09:22:39,854][rfdiffusion.inference.utils][INFO] - Sampled motif RMSD: 0.23
[2026-04-24 09:22:40,040][rfdiffusion.inference.model_runners][INFO] - Timestep 36, input to next step: ---------------------------------------GGGGGGGGGGGGGGGGGGGGGGGGGGGGG---------------------------
[2026-04-24 09:22:43,509][rfdiffusion.inference.utils][INFO] - Sampled motif RMSD: 0.24
[2026-04-24 09:22:43,667][rfdiffusion.inference.model_runners][INFO] - Timestep 35, input to next step: ---------------------------------------GGGGGGGGGGGGGGGGGGGGGGGGGGGGG---------------------------
[2026-04-24 09:22:47,169][rfdiffusion.inference.utils][INFO] - Sampled motif RMSD: 0.28
[2026-04-24 09:22:47,362][rfdiffusion.inference.model_runners][INFO] - Timestep 34, input to next step: ---------------------------------------GGGGGGGGGGGGGGGGGGGGGGGGGGGGG---------------------------
[2026-04-24 09:22:50,787][rfdiffusion.inference.utils][INFO] - Sampled motif RMSD: 0.28
[2026-04-24 09:22:50,990][rfdiffusion.inference.model_runners][INFO] - Timestep 33, input to next step: ---------------------------------------GGGGGGGGGGGGGGGGGGGGGGGGGGGGG---------------------------
[2026-04-24 09:22:54,670][rfdiffusion.inference.utils][INFO] - Sampled motif RMSD: 0.25
[2026-04-24 09:22:55,041][rfdiffusion.inference.model_runners][INFO] - Timestep 32, input to next step: ---------------------------------------GGGGGGGGGGGGGGGGGGGGGGGGGGGGG---------------------------
[2026-04-24 09:22:58,200][rfdiffusion.inference.utils][INFO] - Sampled motif RMSD: 0.23
[2026-04-24 09:22:58,396][rfdiffusion.inference.model_runners][INFO] - Timestep 31, input to next step: ---------------------------------------GGGGGGGGGGGGGGGGGGGGGGGGGGGGG---------------------------
[2026-04-24 09:23:01,487][rfdiffusion.inference.utils][INFO] - Sampled motif RMSD: 0.21
[2026-04-24 09:23:01,883][rfdiffusion.inference.model_runners][INFO] - Timestep 30, input to next step: ---------------------------------------GGGGGGGGGGGGGGGGGGGGGGGGGGGGG---------------------------
[2026-04-24 09:23:05,331][rfdiffusion.inference.utils][INFO] - Sampled motif RMSD: 0.22
[2026-04-24 09:23:05,533][rfdiffusion.inference.model_runners][INFO] - Timestep 29, input to next step: ---------------------------------------GGGGGGGGGGGGGGGGGGGGGGGGGGGGG---------------------------
[2026-04-24 09:23:08,613][rfdiffusion.inference.utils][INFO] - Sampled motif RMSD: 0.24
[2026-04-24 09:23:08,946][rfdiffusion.inference.model_runners][INFO] - Timestep 28, input to next step: ---------------------------------------GGGGGGGGGGGGGGGGGGGGGGGGGGGGG---------------------------
[2026-04-24 09:23:13,428][rfdiffusion.inference.utils][INFO] - Sampled motif RMSD: 0.24
[2026-04-24 09:23:13,684][rfdiffusion.inference.model_runners][INFO] - Timestep 27, input to next step: ---------------------------------------GGGGGGGGGGGGGGGGGGGGGGGGGGGGG---------------------------
[2026-04-24 09:23:17,320][rfdiffusion.inference.utils][INFO] - Sampled motif RMSD: 0.24
[2026-04-24 09:23:17,523][rfdiffusion.inference.model_runners][INFO] - Timestep 26, input to next step: ---------------------------------------GGGGGGGGGGGGGGGGGGGGGGGGGGGGG---------------------------
[2026-04-24 09:23:20,203][rfdiffusion.inference.utils][INFO] - Sampled motif RMSD: 0.22
[2026-04-24 09:23:20,610][rfdiffusion.inference.model_runners][INFO] - Timestep 25, input to next step: ---------------------------------------GGGGGGGGGGGGGGGGGGGGGGGGGGGGG---------------------------
[2026-04-24 09:23:23,873][rfdiffusion.inference.utils][INFO] - Sampled motif RMSD: 0.22
[2026-04-24 09:23:24,184][rfdiffusion.inference.model_runners][INFO] - Timestep 24, input to next step: ---------------------------------------GGGGGGGGGGGGGGGGGGGGGGGGGGGGG---------------------------
[2026-04-24 09:23:27,287][rfdiffusion.inference.utils][INFO] - Sampled motif RMSD: 0.19
[2026-04-24 09:23:27,540][rfdiffusion.inference.model_runners][INFO] - Timestep 23, input to next step: ---------------------------------------GGGGGGGGGGGGGGGGGGGGGGGGGGGGG---------------------------
[2026-04-24 09:23:31,035][rfdiffusion.inference.utils][INFO] - Sampled motif RMSD: 0.20
[2026-04-24 09:23:31,302][rfdiffusion.inference.model_runners][INFO] - Timestep 22, input to next step: ---------------------------------------GGGGGGGGGGGGGGGGGGGGGGGGGGGGG---------------------------
[2026-04-24 09:23:36,093][rfdiffusion.inference.utils][INFO] - Sampled motif RMSD: 0.19
[2026-04-24 09:23:36,449][rfdiffusion.inference.model_runners][INFO] - Timestep 21, input to next step: ---------------------------------------GGGGGGGGGGGGGGGGGGGGGGGGGGGGG---------------------------
[2026-04-24 09:23:40,538][rfdiffusion.inference.utils][INFO] - Sampled motif RMSD: 0.18
[2026-04-24 09:23:40,780][rfdiffusion.inference.model_runners][INFO] - Timestep 20, input to next step: ---------------------------------------GGGGGGGGGGGGGGGGGGGGGGGGGGGGG---------------------------
[2026-04-24 09:23:44,018][rfdiffusion.inference.utils][INFO] - Sampled motif RMSD: 0.19
[2026-04-24 09:23:44,215][rfdiffusion.inference.model_runners][INFO] - Timestep 19, input to next step: ---------------------------------------GGGGGGGGGGGGGGGGGGGGGGGGGGGGG---------------------------
[2026-04-24 09:23:48,851][rfdiffusion.inference.utils][INFO] - Sampled motif RMSD: 0.19
[2026-04-24 09:23:48,973][rfdiffusion.inference.model_runners][INFO] - Timestep 18, input to next step: ---------------------------------------GGGGGGGGGGGGGGGGGGGGGGGGGGGGG---------------------------
[2026-04-24 09:23:51,408][rfdiffusion.inference.utils][INFO] - Sampled motif RMSD: 0.20
[2026-04-24 09:23:51,676][rfdiffusion.inference.model_runners][INFO] - Timestep 17, input to next step: ---------------------------------------GGGGGGGGGGGGGGGGGGGGGGGGGGGGG---------------------------
[2026-04-24 09:23:55,223][rfdiffusion.inference.utils][INFO] - Sampled motif RMSD: 0.22
[2026-04-24 09:23:55,318][rfdiffusion.inference.model_runners][INFO] - Timestep 16, input to next step: ---------------------------------------GGGGGGGGGGGGGGGGGGGGGGGGGGGGG---------------------------
[2026-04-24 09:23:59,025][rfdiffusion.inference.utils][INFO] - Sampled motif RMSD: 0.22
[2026-04-24 09:23:59,124][rfdiffusion.inference.model_runners][INFO] - Timestep 15, input to next step: ---------------------------------------GGGGGGGGGGGGGGGGGGGGGGGGGGGGG---------------------------
[2026-04-24 09:24:03,065][rfdiffusion.inference.utils][INFO] - Sampled motif RMSD: 0.25
[2026-04-24 09:24:03,307][rfdiffusion.inference.model_runners][INFO] - Timestep 14, input to next step: ---------------------------------------GGGGGGGGGGGGGGGGGGGGGGGGGGGGG---------------------------
[2026-04-24 09:24:06,448][rfdiffusion.inference.utils][INFO] - Sampled motif RMSD: 0.23
[2026-04-24 09:24:06,633][rfdiffusion.inference.model_runners][INFO] - Timestep 13, input to next step: ---------------------------------------GGGGGGGGGGGGGGGGGGGGGGGGGGGGG---------------------------
[2026-04-24 09:24:10,212][rfdiffusion.inference.utils][INFO] - Sampled motif RMSD: 0.24
[2026-04-24 09:24:10,382][rfdiffusion.inference.model_runners][INFO] - Timestep 12, input to next step: ---------------------------------------GGGGGGGGGGGGGGGGGGGGGGGGGGGGG---------------------------
[2026-04-24 09:24:14,723][rfdiffusion.inference.utils][INFO] - Sampled motif RMSD: 0.26
[2026-04-24 09:24:15,080][rfdiffusion.inference.model_runners][INFO] - Timestep 11, input to next step: ---------------------------------------GGGGGGGGGGGGGGGGGGGGGGGGGGGGG---------------------------
[2026-04-24 09:24:19,456][rfdiffusion.inference.utils][INFO] - Sampled motif RMSD: 0.28
[2026-04-24 09:24:19,870][rfdiffusion.inference.model_runners][INFO] - Timestep 10, input to next step: ---------------------------------------GGGGGGGGGGGGGGGGGGGGGGGGGGGGG---------------------------
[2026-04-24 09:24:24,693][rfdiffusion.inference.utils][INFO] - Sampled motif RMSD: 0.28
[2026-04-24 09:24:24,958][rfdiffusion.inference.model_runners][INFO] - Timestep 9, input to next step: ---------------------------------------GGGGGGGGGGGGGGGGGGGGGGGGGGGGG---------------------------
[2026-04-24 09:24:29,236][rfdiffusion.inference.utils][INFO] - Sampled motif RMSD: 0.28
[2026-04-24 09:24:29,615][rfdiffusion.inference.model_runners][INFO] - Timestep 8, input to next step: ---------------------------------------GGGGGGGGGGGGGGGGGGGGGGGGGGGGG---------------------------
[2026-04-24 09:24:34,004][rfdiffusion.inference.utils][INFO] - Sampled motif RMSD: 0.28
[2026-04-24 09:24:34,330][rfdiffusion.inference.model_runners][INFO] - Timestep 7, input to next step: ---------------------------------------GGGGGGGGGGGGGGGGGGGGGGGGGGGGG---------------------------
[2026-04-24 09:24:40,612][rfdiffusion.inference.utils][INFO] - Sampled motif RMSD: 0.25
[2026-04-24 09:24:40,862][rfdiffusion.inference.model_runners][INFO] - Timestep 6, input to next step: ---------------------------------------GGGGGGGGGGGGGGGGGGGGGGGGGGGGG---------------------------
[2026-04-24 09:24:45,715][rfdiffusion.inference.utils][INFO] - Sampled motif RMSD: 0.24
[2026-04-24 09:24:46,101][rfdiffusion.inference.model_runners][INFO] - Timestep 5, input to next step: ---------------------------------------GGGGGGGGGGGGGGGGGGGGGGGGGGGGG---------------------------
[2026-04-24 09:24:48,949][rfdiffusion.inference.utils][INFO] - Sampled motif RMSD: 0.22
[2026-04-24 09:24:49,242][rfdiffusion.inference.model_runners][INFO] - Timestep 4, input to next step: ---------------------------------------GGGGGGGGGGGGGGGGGGGGGGGGGGGGG---------------------------
[2026-04-24 09:24:52,712][rfdiffusion.inference.utils][INFO] - Sampled motif RMSD: 0.21
[2026-04-24 09:24:53,025][rfdiffusion.inference.model_runners][INFO] - Timestep 3, input to next step: ---------------------------------------GGGGGGGGGGGGGGGGGGGGGGGGGGGGG---------------------------
[2026-04-24 09:24:56,635][rfdiffusion.inference.utils][INFO] - Sampled motif RMSD: 0.19
[2026-04-24 09:24:56,829][rfdiffusion.inference.model_runners][INFO] - Timestep 2, input to next step: ---------------------------------------GGGGGGGGGGGGGGGGGGGGGGGGGGGGG---------------------------
[2026-04-24 09:25:04,747][__main__][INFO] - Finished design in 3.22 minutes
