[2026-04-24 07:19:37,358][__main__][INFO] - Found GPU with device_name NVIDIA A100-SXM4-80GB. Will run RFdiffusion on NVIDIA A100-SXM4-80GB
Reading models from /lambda/nfs/manvi/Team_8_CS598GBL/RFdiffusion/rfdiffusion/inference/../../models
[2026-04-24 07:19:37,366][rfdiffusion.inference.model_runners][INFO] - Reading checkpoint from /lambda/nfs/manvi/Team_8_CS598GBL/RFdiffusion/rfdiffusion/inference/../../models/Base_ckpt.pt
This is inf_conf.ckpt_path
/lambda/nfs/manvi/Team_8_CS598GBL/RFdiffusion/rfdiffusion/inference/../../models/Base_ckpt.pt
Assembling -model, -diffuser and -preprocess configs from checkpoint
USING MODEL CONFIG: self._conf[model][n_extra_block] = 4
USING MODEL CONFIG: self._conf[model][n_main_block] = 32
USING MODEL CONFIG: self._conf[model][n_ref_block] = 4
USING MODEL CONFIG: self._conf[model][d_msa] = 256
USING MODEL CONFIG: self._conf[model][d_msa_full] = 64
USING MODEL CONFIG: self._conf[model][d_pair] = 128
USING MODEL CONFIG: self._conf[model][d_templ] = 64
USING MODEL CONFIG: self._conf[model][n_head_msa] = 8
USING MODEL CONFIG: self._conf[model][n_head_pair] = 4
USING MODEL CONFIG: self._conf[model][n_head_templ] = 4
USING MODEL CONFIG: self._conf[model][d_hidden] = 32
USING MODEL CONFIG: self._conf[model][d_hidden_templ] = 32
USING MODEL CONFIG: self._conf[model][p_drop] = 0.15
USING MODEL CONFIG: self._conf[model][SE3_param_full] = {'num_layers': 1, 'num_channels': 32, 'num_degrees': 2, 'n_heads': 4, 'div': 4, 'l0_in_features': 8, 'l0_out_features': 8, 'l1_in_features': 3, 'l1_out_features': 2, 'num_edge_features': 32}
USING MODEL CONFIG: self._conf[model][SE3_param_topk] = {'num_layers': 1, 'num_channels': 32, 'num_degrees': 2, 'n_heads': 4, 'div': 4, 'l0_in_features': 64, 'l0_out_features': 64, 'l1_in_features': 3, 'l1_out_features': 2, 'num_edge_features': 64}
USING MODEL CONFIG: self._conf[model][freeze_track_motif] = False
USING MODEL CONFIG: self._conf[model][use_motif_timestep] = True
USING MODEL CONFIG: self._conf[diffuser][T] = 50
USING MODEL CONFIG: self._conf[diffuser][b_0] = 0.01
USING MODEL CONFIG: self._conf[diffuser][b_T] = 0.07
USING MODEL CONFIG: self._conf[diffuser][schedule_type] = linear
USING MODEL CONFIG: self._conf[diffuser][so3_type] = igso3
USING MODEL CONFIG: self._conf[diffuser][crd_scale] = 0.25
USING MODEL CONFIG: self._conf[diffuser][so3_schedule_type] = linear
USING MODEL CONFIG: self._conf[diffuser][min_b] = 1.5
USING MODEL CONFIG: self._conf[diffuser][max_b] = 2.5
USING MODEL CONFIG: self._conf[diffuser][min_sigma] = 0.02
USING MODEL CONFIG: self._conf[diffuser][max_sigma] = 1.5
USING MODEL CONFIG: self._conf[preprocess][sidechain_input] = False
USING MODEL CONFIG: self._conf[preprocess][motif_sidechain_input] = True
USING MODEL CONFIG: self._conf[preprocess][d_t1d] = 22
USING MODEL CONFIG: self._conf[preprocess][d_t2d] = 44
USING MODEL CONFIG: self._conf[preprocess][prob_self_cond] = 0.5
USING MODEL CONFIG: self._conf[preprocess][str_self_cond] = True
USING MODEL CONFIG: self._conf[preprocess][predict_previous] = False
[2026-04-24 07:20:35,172][rfdiffusion.inference.model_runners][INFO] - Loading checkpoint.
[2026-04-24 07:20:50,740][rfdiffusion.diffusion][INFO] - Using cached IGSO3.
Successful diffuser __init__
[2026-04-24 07:20:50,774][__main__][INFO] - Making design /lambda/nfs/manvi/Team_8_CS598GBL/outputs/custom90_128_motif_scaffolding/default/len_116/nterm/scaffold_0
[2026-04-24 07:20:50,795][rfdiffusion.inference.model_runners][INFO] - Using contig: ['A1-25/23-38']
With this beta schedule (linear schedule, beta_0 = 0.04, beta_T = 0.28), alpha_bar_T = 0.00013696048699785024
[2026-04-24 07:20:51,218][rfdiffusion.inference.model_runners][INFO] - Sequence init: GGGGGGGGGGGGGGGGGGGGGGGGG-------------------------
[2026-04-24 07:20:57,398][rfdiffusion.inference.utils][INFO] - Sampled motif RMSD: 0.09
[2026-04-24 07:20:57,623][rfdiffusion.inference.model_runners][INFO] - Timestep 50, input to next step: GGGGGGGGGGGGGGGGGGGGGGGGG-------------------------
[2026-04-24 07:21:00,744][rfdiffusion.inference.utils][INFO] - Sampled motif RMSD: 0.07
[2026-04-24 07:21:00,868][rfdiffusion.inference.model_runners][INFO] - Timestep 49, input to next step: GGGGGGGGGGGGGGGGGGGGGGGGG-------------------------
[2026-04-24 07:21:04,463][rfdiffusion.inference.utils][INFO] - Sampled motif RMSD: 0.10
[2026-04-24 07:21:04,637][rfdiffusion.inference.model_runners][INFO] - Timestep 48, input to next step: GGGGGGGGGGGGGGGGGGGGGGGGG-------------------------
[2026-04-24 07:21:08,172][rfdiffusion.inference.utils][INFO] - Sampled motif RMSD: 0.10
[2026-04-24 07:21:08,375][rfdiffusion.inference.model_runners][INFO] - Timestep 47, input to next step: GGGGGGGGGGGGGGGGGGGGGGGGG-------------------------
[2026-04-24 07:21:11,324][rfdiffusion.inference.utils][INFO] - Sampled motif RMSD: 0.14
[2026-04-24 07:21:11,552][rfdiffusion.inference.model_runners][INFO] - Timestep 46, input to next step: GGGGGGGGGGGGGGGGGGGGGGGGG-------------------------
[2026-04-24 07:21:14,241][rfdiffusion.inference.utils][INFO] - Sampled motif RMSD: 0.13
[2026-04-24 07:21:14,561][rfdiffusion.inference.model_runners][INFO] - Timestep 45, input to next step: GGGGGGGGGGGGGGGGGGGGGGGGG-------------------------
[2026-04-24 07:21:16,784][rfdiffusion.inference.utils][INFO] - Sampled motif RMSD: 0.12
[2026-04-24 07:21:17,039][rfdiffusion.inference.model_runners][INFO] - Timestep 44, input to next step: GGGGGGGGGGGGGGGGGGGGGGGGG-------------------------
[2026-04-24 07:21:19,485][rfdiffusion.inference.utils][INFO] - Sampled motif RMSD: 0.10
[2026-04-24 07:21:19,696][rfdiffusion.inference.model_runners][INFO] - Timestep 43, input to next step: GGGGGGGGGGGGGGGGGGGGGGGGG-------------------------
[2026-04-24 07:21:21,504][rfdiffusion.inference.utils][INFO] - Sampled motif RMSD: 0.10
[2026-04-24 07:21:21,827][rfdiffusion.inference.model_runners][INFO] - Timestep 42, input to next step: GGGGGGGGGGGGGGGGGGGGGGGGG-------------------------
[2026-04-24 07:21:24,149][rfdiffusion.inference.utils][INFO] - Sampled motif RMSD: 0.08
[2026-04-24 07:21:24,511][rfdiffusion.inference.model_runners][INFO] - Timestep 41, input to next step: GGGGGGGGGGGGGGGGGGGGGGGGG-------------------------
[2026-04-24 07:21:26,176][rfdiffusion.inference.utils][INFO] - Sampled motif RMSD: 0.08
[2026-04-24 07:21:26,343][rfdiffusion.inference.model_runners][INFO] - Timestep 40, input to next step: GGGGGGGGGGGGGGGGGGGGGGGGG-------------------------
[2026-04-24 07:21:28,802][rfdiffusion.inference.utils][INFO] - Sampled motif RMSD: 0.09
[2026-04-24 07:21:29,033][rfdiffusion.inference.model_runners][INFO] - Timestep 39, input to next step: GGGGGGGGGGGGGGGGGGGGGGGGG-------------------------
[2026-04-24 07:21:31,811][rfdiffusion.inference.utils][INFO] - Sampled motif RMSD: 0.11
[2026-04-24 07:21:32,111][rfdiffusion.inference.model_runners][INFO] - Timestep 38, input to next step: GGGGGGGGGGGGGGGGGGGGGGGGG-------------------------
[2026-04-24 07:21:35,125][rfdiffusion.inference.utils][INFO] - Sampled motif RMSD: 0.09
[2026-04-24 07:21:35,410][rfdiffusion.inference.model_runners][INFO] - Timestep 37, input to next step: GGGGGGGGGGGGGGGGGGGGGGGGG-------------------------
[2026-04-24 07:21:38,635][rfdiffusion.inference.utils][INFO] - Sampled motif RMSD: 0.07
[2026-04-24 07:21:38,856][rfdiffusion.inference.model_runners][INFO] - Timestep 36, input to next step: GGGGGGGGGGGGGGGGGGGGGGGGG-------------------------
[2026-04-24 07:21:41,941][rfdiffusion.inference.utils][INFO] - Sampled motif RMSD: 0.08
[2026-04-24 07:21:42,237][rfdiffusion.inference.model_runners][INFO] - Timestep 35, input to next step: GGGGGGGGGGGGGGGGGGGGGGGGG-------------------------
[2026-04-24 07:21:45,116][rfdiffusion.inference.utils][INFO] - Sampled motif RMSD: 0.06
[2026-04-24 07:21:45,460][rfdiffusion.inference.model_runners][INFO] - Timestep 34, input to next step: GGGGGGGGGGGGGGGGGGGGGGGGG-------------------------
[2026-04-24 07:21:48,447][rfdiffusion.inference.utils][INFO] - Sampled motif RMSD: 0.07
[2026-04-24 07:21:48,733][rfdiffusion.inference.model_runners][INFO] - Timestep 33, input to next step: GGGGGGGGGGGGGGGGGGGGGGGGG-------------------------
[2026-04-24 07:21:53,026][rfdiffusion.inference.utils][INFO] - Sampled motif RMSD: 0.08
[2026-04-24 07:21:53,384][rfdiffusion.inference.model_runners][INFO] - Timestep 32, input to next step: GGGGGGGGGGGGGGGGGGGGGGGGG-------------------------
[2026-04-24 07:21:56,313][rfdiffusion.inference.utils][INFO] - Sampled motif RMSD: 0.09
[2026-04-24 07:21:56,528][rfdiffusion.inference.model_runners][INFO] - Timestep 31, input to next step: GGGGGGGGGGGGGGGGGGGGGGGGG-------------------------
[2026-04-24 07:22:00,166][rfdiffusion.inference.utils][INFO] - Sampled motif RMSD: 0.08
[2026-04-24 07:22:00,488][rfdiffusion.inference.model_runners][INFO] - Timestep 30, input to next step: GGGGGGGGGGGGGGGGGGGGGGGGG-------------------------
[2026-04-24 07:22:03,247][rfdiffusion.inference.utils][INFO] - Sampled motif RMSD: 0.08
[2026-04-24 07:22:03,496][rfdiffusion.inference.model_runners][INFO] - Timestep 29, input to next step: GGGGGGGGGGGGGGGGGGGGGGGGG-------------------------
[2026-04-24 07:22:06,960][rfdiffusion.inference.utils][INFO] - Sampled motif RMSD: 0.09
[2026-04-24 07:22:07,214][rfdiffusion.inference.model_runners][INFO] - Timestep 28, input to next step: GGGGGGGGGGGGGGGGGGGGGGGGG-------------------------
[2026-04-24 07:22:10,415][rfdiffusion.inference.utils][INFO] - Sampled motif RMSD: 0.08
[2026-04-24 07:22:10,711][rfdiffusion.inference.model_runners][INFO] - Timestep 27, input to next step: GGGGGGGGGGGGGGGGGGGGGGGGG-------------------------
[2026-04-24 07:22:13,398][rfdiffusion.inference.utils][INFO] - Sampled motif RMSD: 0.09
[2026-04-24 07:22:13,715][rfdiffusion.inference.model_runners][INFO] - Timestep 26, input to next step: GGGGGGGGGGGGGGGGGGGGGGGGG-------------------------
[2026-04-24 07:22:17,152][rfdiffusion.inference.utils][INFO] - Sampled motif RMSD: 0.08
[2026-04-24 07:22:17,306][rfdiffusion.inference.model_runners][INFO] - Timestep 25, input to next step: GGGGGGGGGGGGGGGGGGGGGGGGG-------------------------
[2026-04-24 07:22:19,953][rfdiffusion.inference.utils][INFO] - Sampled motif RMSD: 0.08
[2026-04-24 07:22:20,121][rfdiffusion.inference.model_runners][INFO] - Timestep 24, input to next step: GGGGGGGGGGGGGGGGGGGGGGGGG-------------------------
[2026-04-24 07:22:22,058][rfdiffusion.inference.utils][INFO] - Sampled motif RMSD: 0.08
[2026-04-24 07:22:22,212][rfdiffusion.inference.model_runners][INFO] - Timestep 23, input to next step: GGGGGGGGGGGGGGGGGGGGGGGGG-------------------------
[2026-04-24 07:22:26,010][rfdiffusion.inference.utils][INFO] - Sampled motif RMSD: 0.07
[2026-04-24 07:22:26,207][rfdiffusion.inference.model_runners][INFO] - Timestep 22, input to next step: GGGGGGGGGGGGGGGGGGGGGGGGG-------------------------
[2026-04-24 07:22:29,142][rfdiffusion.inference.utils][INFO] - Sampled motif RMSD: 0.07
[2026-04-24 07:22:29,435][rfdiffusion.inference.model_runners][INFO] - Timestep 21, input to next step: GGGGGGGGGGGGGGGGGGGGGGGGG-------------------------
[2026-04-24 07:22:32,219][rfdiffusion.inference.utils][INFO] - Sampled motif RMSD: 0.07
[2026-04-24 07:22:32,319][rfdiffusion.inference.model_runners][INFO] - Timestep 20, input to next step: GGGGGGGGGGGGGGGGGGGGGGGGG-------------------------
[2026-04-24 07:22:35,772][rfdiffusion.inference.utils][INFO] - Sampled motif RMSD: 0.07
[2026-04-24 07:22:35,938][rfdiffusion.inference.model_runners][INFO] - Timestep 19, input to next step: GGGGGGGGGGGGGGGGGGGGGGGGG-------------------------
[2026-04-24 07:22:39,039][rfdiffusion.inference.utils][INFO] - Sampled motif RMSD: 0.08
[2026-04-24 07:22:39,372][rfdiffusion.inference.model_runners][INFO] - Timestep 18, input to next step: GGGGGGGGGGGGGGGGGGGGGGGGG-------------------------
[2026-04-24 07:22:43,310][rfdiffusion.inference.utils][INFO] - Sampled motif RMSD: 0.08
[2026-04-24 07:22:43,550][rfdiffusion.inference.model_runners][INFO] - Timestep 17, input to next step: GGGGGGGGGGGGGGGGGGGGGGGGG-------------------------
[2026-04-24 07:22:46,526][rfdiffusion.inference.utils][INFO] - Sampled motif RMSD: 0.08
[2026-04-24 07:22:46,834][rfdiffusion.inference.model_runners][INFO] - Timestep 16, input to next step: GGGGGGGGGGGGGGGGGGGGGGGGG-------------------------
[2026-04-24 07:22:50,102][rfdiffusion.inference.utils][INFO] - Sampled motif RMSD: 0.09
[2026-04-24 07:22:50,329][rfdiffusion.inference.model_runners][INFO] - Timestep 15, input to next step: GGGGGGGGGGGGGGGGGGGGGGGGG-------------------------
[2026-04-24 07:22:53,093][rfdiffusion.inference.utils][INFO] - Sampled motif RMSD: 0.08
[2026-04-24 07:22:53,452][rfdiffusion.inference.model_runners][INFO] - Timestep 14, input to next step: GGGGGGGGGGGGGGGGGGGGGGGGG-------------------------
[2026-04-24 07:22:57,022][rfdiffusion.inference.utils][INFO] - Sampled motif RMSD: 0.08
[2026-04-24 07:22:57,459][rfdiffusion.inference.model_runners][INFO] - Timestep 13, input to next step: GGGGGGGGGGGGGGGGGGGGGGGGG-------------------------
[2026-04-24 07:23:00,193][rfdiffusion.inference.utils][INFO] - Sampled motif RMSD: 0.07
[2026-04-24 07:23:00,570][rfdiffusion.inference.model_runners][INFO] - Timestep 12, input to next step: GGGGGGGGGGGGGGGGGGGGGGGGG-------------------------
[2026-04-24 07:23:04,990][rfdiffusion.inference.utils][INFO] - Sampled motif RMSD: 0.07
[2026-04-24 07:23:05,403][rfdiffusion.inference.model_runners][INFO] - Timestep 11, input to next step: GGGGGGGGGGGGGGGGGGGGGGGGG-------------------------
[2026-04-24 07:23:08,360][rfdiffusion.inference.utils][INFO] - Sampled motif RMSD: 0.08
[2026-04-24 07:23:08,715][rfdiffusion.inference.model_runners][INFO] - Timestep 10, input to next step: GGGGGGGGGGGGGGGGGGGGGGGGG-------------------------
[2026-04-24 07:23:12,310][rfdiffusion.inference.utils][INFO] - Sampled motif RMSD: 0.07
[2026-04-24 07:23:12,744][rfdiffusion.inference.model_runners][INFO] - Timestep 9, input to next step: GGGGGGGGGGGGGGGGGGGGGGGGG-------------------------
[2026-04-24 07:23:15,895][rfdiffusion.inference.utils][INFO] - Sampled motif RMSD: 0.06
[2026-04-24 07:23:16,080][rfdiffusion.inference.model_runners][INFO] - Timestep 8, input to next step: GGGGGGGGGGGGGGGGGGGGGGGGG-------------------------
[2026-04-24 07:23:21,209][rfdiffusion.inference.utils][INFO] - Sampled motif RMSD: 0.06
[2026-04-24 07:23:21,572][rfdiffusion.inference.model_runners][INFO] - Timestep 7, input to next step: GGGGGGGGGGGGGGGGGGGGGGGGG-------------------------
[2026-04-24 07:23:26,205][rfdiffusion.inference.utils][INFO] - Sampled motif RMSD: 0.06
[2026-04-24 07:23:26,507][rfdiffusion.inference.model_runners][INFO] - Timestep 6, input to next step: GGGGGGGGGGGGGGGGGGGGGGGGG-------------------------
[2026-04-24 07:23:30,392][rfdiffusion.inference.utils][INFO] - Sampled motif RMSD: 0.06
[2026-04-24 07:23:30,667][rfdiffusion.inference.model_runners][INFO] - Timestep 5, input to next step: GGGGGGGGGGGGGGGGGGGGGGGGG-------------------------
[2026-04-24 07:23:34,487][rfdiffusion.inference.utils][INFO] - Sampled motif RMSD: 0.07
[2026-04-24 07:23:34,954][rfdiffusion.inference.model_runners][INFO] - Timestep 4, input to next step: GGGGGGGGGGGGGGGGGGGGGGGGG-------------------------
[2026-04-24 07:23:37,067][rfdiffusion.inference.utils][INFO] - Sampled motif RMSD: 0.07
[2026-04-24 07:23:37,643][rfdiffusion.inference.model_runners][INFO] - Timestep 3, input to next step: GGGGGGGGGGGGGGGGGGGGGGGGG-------------------------
[2026-04-24 07:23:40,144][rfdiffusion.inference.utils][INFO] - Sampled motif RMSD: 0.07
[2026-04-24 07:23:40,539][rfdiffusion.inference.model_runners][INFO] - Timestep 2, input to next step: GGGGGGGGGGGGGGGGGGGGGGGGG-------------------------
[2026-04-24 07:23:46,975][__main__][INFO] - Finished design in 2.94 minutes
[2026-04-24 07:23:46,976][__main__][INFO] - Making design /lambda/nfs/manvi/Team_8_CS598GBL/outputs/custom90_128_motif_scaffolding/default/len_116/nterm/scaffold_1
[2026-04-24 07:23:46,996][rfdiffusion.inference.model_runners][INFO] - Using contig: ['A1-25/23-38']
With this beta schedule (linear schedule, beta_0 = 0.04, beta_T = 0.28), alpha_bar_T = 0.00013696048699785024
[2026-04-24 07:23:47,341][rfdiffusion.inference.model_runners][INFO] - Sequence init: GGGGGGGGGGGGGGGGGGGGGGGGG------------------------------------
[2026-04-24 07:23:53,713][rfdiffusion.inference.utils][INFO] - Sampled motif RMSD: 0.10
[2026-04-24 07:23:54,046][rfdiffusion.inference.model_runners][INFO] - Timestep 50, input to next step: GGGGGGGGGGGGGGGGGGGGGGGGG------------------------------------
[2026-04-24 07:23:57,848][rfdiffusion.inference.utils][INFO] - Sampled motif RMSD: 0.08
[2026-04-24 07:23:58,215][rfdiffusion.inference.model_runners][INFO] - Timestep 49, input to next step: GGGGGGGGGGGGGGGGGGGGGGGGG------------------------------------
[2026-04-24 07:24:01,673][rfdiffusion.inference.utils][INFO] - Sampled motif RMSD: 0.09
[2026-04-24 07:24:01,906][rfdiffusion.inference.model_runners][INFO] - Timestep 48, input to next step: GGGGGGGGGGGGGGGGGGGGGGGGG------------------------------------
[2026-04-24 07:24:07,310][rfdiffusion.inference.utils][INFO] - Sampled motif RMSD: 0.08
[2026-04-24 07:24:07,595][rfdiffusion.inference.model_runners][INFO] - Timestep 47, input to next step: GGGGGGGGGGGGGGGGGGGGGGGGG------------------------------------
[2026-04-24 07:24:11,983][rfdiffusion.inference.utils][INFO] - Sampled motif RMSD: 0.10
[2026-04-24 07:24:12,254][rfdiffusion.inference.model_runners][INFO] - Timestep 46, input to next step: GGGGGGGGGGGGGGGGGGGGGGGGG------------------------------------
[2026-04-24 07:24:16,745][rfdiffusion.inference.utils][INFO] - Sampled motif RMSD: 0.09
[2026-04-24 07:24:17,260][rfdiffusion.inference.model_runners][INFO] - Timestep 45, input to next step: GGGGGGGGGGGGGGGGGGGGGGGGG------------------------------------
[2026-04-24 07:24:20,646][rfdiffusion.inference.utils][INFO] - Sampled motif RMSD: 0.07
[2026-04-24 07:24:21,197][rfdiffusion.inference.model_runners][INFO] - Timestep 44, input to next step: GGGGGGGGGGGGGGGGGGGGGGGGG------------------------------------
[2026-04-24 07:24:26,106][rfdiffusion.inference.utils][INFO] - Sampled motif RMSD: 0.08
[2026-04-24 07:24:26,642][rfdiffusion.inference.model_runners][INFO] - Timestep 43, input to next step: GGGGGGGGGGGGGGGGGGGGGGGGG------------------------------------
[2026-04-24 07:24:30,398][rfdiffusion.inference.utils][INFO] - Sampled motif RMSD: 0.07
[2026-04-24 07:24:30,821][rfdiffusion.inference.model_runners][INFO] - Timestep 42, input to next step: GGGGGGGGGGGGGGGGGGGGGGGGG------------------------------------
[2026-04-24 07:24:34,631][rfdiffusion.inference.utils][INFO] - Sampled motif RMSD: 0.08
[2026-04-24 07:24:34,857][rfdiffusion.inference.model_runners][INFO] - Timestep 41, input to next step: GGGGGGGGGGGGGGGGGGGGGGGGG------------------------------------
[2026-04-24 07:24:38,498][rfdiffusion.inference.utils][INFO] - Sampled motif RMSD: 0.07
[2026-04-24 07:24:38,755][rfdiffusion.inference.model_runners][INFO] - Timestep 40, input to next step: GGGGGGGGGGGGGGGGGGGGGGGGG------------------------------------
[2026-04-24 07:24:41,874][rfdiffusion.inference.utils][INFO] - Sampled motif RMSD: 0.07
[2026-04-24 07:24:42,131][rfdiffusion.inference.model_runners][INFO] - Timestep 39, input to next step: GGGGGGGGGGGGGGGGGGGGGGGGG------------------------------------
[2026-04-24 07:24:46,253][rfdiffusion.inference.utils][INFO] - Sampled motif RMSD: 0.08
[2026-04-24 07:24:46,498][rfdiffusion.inference.model_runners][INFO] - Timestep 38, input to next step: GGGGGGGGGGGGGGGGGGGGGGGGG------------------------------------
[2026-04-24 07:24:49,016][rfdiffusion.inference.utils][INFO] - Sampled motif RMSD: 0.08
[2026-04-24 07:24:49,525][rfdiffusion.inference.model_runners][INFO] - Timestep 37, input to next step: GGGGGGGGGGGGGGGGGGGGGGGGG------------------------------------
[2026-04-24 07:24:54,609][rfdiffusion.inference.utils][INFO] - Sampled motif RMSD: 0.09
[2026-04-24 07:24:54,994][rfdiffusion.inference.model_runners][INFO] - Timestep 36, input to next step: GGGGGGGGGGGGGGGGGGGGGGGGG------------------------------------
[2026-04-24 07:24:57,316][rfdiffusion.inference.utils][INFO] - Sampled motif RMSD: 0.07
[2026-04-24 07:24:57,579][rfdiffusion.inference.model_runners][INFO] - Timestep 35, input to next step: GGGGGGGGGGGGGGGGGGGGGGGGG------------------------------------
[2026-04-24 07:25:02,057][rfdiffusion.inference.utils][INFO] - Sampled motif RMSD: 0.08
[2026-04-24 07:25:02,161][rfdiffusion.inference.model_runners][INFO] - Timestep 34, input to next step: GGGGGGGGGGGGGGGGGGGGGGGGG------------------------------------
[2026-04-24 07:25:06,525][rfdiffusion.inference.utils][INFO] - Sampled motif RMSD: 0.08
[2026-04-24 07:25:06,742][rfdiffusion.inference.model_runners][INFO] - Timestep 33, input to next step: GGGGGGGGGGGGGGGGGGGGGGGGG------------------------------------
[2026-04-24 07:25:11,705][rfdiffusion.inference.utils][INFO] - Sampled motif RMSD: 0.08
[2026-04-24 07:25:11,942][rfdiffusion.inference.model_runners][INFO] - Timestep 32, input to next step: GGGGGGGGGGGGGGGGGGGGGGGGG------------------------------------
[2026-04-24 07:25:16,167][rfdiffusion.inference.utils][INFO] - Sampled motif RMSD: 0.07
[2026-04-24 07:25:16,551][rfdiffusion.inference.model_runners][INFO] - Timestep 31, input to next step: GGGGGGGGGGGGGGGGGGGGGGGGG------------------------------------
[2026-04-24 07:25:19,833][rfdiffusion.inference.utils][INFO] - Sampled motif RMSD: 0.07
[2026-04-24 07:25:20,245][rfdiffusion.inference.model_runners][INFO] - Timestep 30, input to next step: GGGGGGGGGGGGGGGGGGGGGGGGG------------------------------------
[2026-04-24 07:25:26,194][rfdiffusion.inference.utils][INFO] - Sampled motif RMSD: 0.07
[2026-04-24 07:25:26,544][rfdiffusion.inference.model_runners][INFO] - Timestep 29, input to next step: GGGGGGGGGGGGGGGGGGGGGGGGG------------------------------------
[2026-04-24 07:25:32,355][rfdiffusion.inference.utils][INFO] - Sampled motif RMSD: 0.07
[2026-04-24 07:25:32,656][rfdiffusion.inference.model_runners][INFO] - Timestep 28, input to next step: GGGGGGGGGGGGGGGGGGGGGGGGG------------------------------------
[2026-04-24 07:25:36,278][rfdiffusion.inference.utils][INFO] - Sampled motif RMSD: 0.08
[2026-04-24 07:25:36,657][rfdiffusion.inference.model_runners][INFO] - Timestep 27, input to next step: GGGGGGGGGGGGGGGGGGGGGGGGG------------------------------------
[2026-04-24 07:25:40,671][rfdiffusion.inference.utils][INFO] - Sampled motif RMSD: 0.08
[2026-04-24 07:25:40,987][rfdiffusion.inference.model_runners][INFO] - Timestep 26, input to next step: GGGGGGGGGGGGGGGGGGGGGGGGG------------------------------------
[2026-04-24 07:25:44,927][rfdiffusion.inference.utils][INFO] - Sampled motif RMSD: 0.07
[2026-04-24 07:25:45,305][rfdiffusion.inference.model_runners][INFO] - Timestep 25, input to next step: GGGGGGGGGGGGGGGGGGGGGGGGG------------------------------------
[2026-04-24 07:25:49,620][rfdiffusion.inference.utils][INFO] - Sampled motif RMSD: 0.07
[2026-04-24 07:25:49,814][rfdiffusion.inference.model_runners][INFO] - Timestep 24, input to next step: GGGGGGGGGGGGGGGGGGGGGGGGG------------------------------------
[2026-04-24 07:25:54,282][rfdiffusion.inference.utils][INFO] - Sampled motif RMSD: 0.07
[2026-04-24 07:25:54,465][rfdiffusion.inference.model_runners][INFO] - Timestep 23, input to next step: GGGGGGGGGGGGGGGGGGGGGGGGG------------------------------------
[2026-04-24 07:25:58,923][rfdiffusion.inference.utils][INFO] - Sampled motif RMSD: 0.07
[2026-04-24 07:25:59,219][rfdiffusion.inference.model_runners][INFO] - Timestep 22, input to next step: GGGGGGGGGGGGGGGGGGGGGGGGG------------------------------------
[2026-04-24 07:26:02,934][rfdiffusion.inference.utils][INFO] - Sampled motif RMSD: 0.09
[2026-04-24 07:26:03,119][rfdiffusion.inference.model_runners][INFO] - Timestep 21, input to next step: GGGGGGGGGGGGGGGGGGGGGGGGG------------------------------------
[2026-04-24 07:26:07,809][rfdiffusion.inference.utils][INFO] - Sampled motif RMSD: 0.09
[2026-04-24 07:26:07,935][rfdiffusion.inference.model_runners][INFO] - Timestep 20, input to next step: GGGGGGGGGGGGGGGGGGGGGGGGG------------------------------------
[2026-04-24 07:26:12,149][rfdiffusion.inference.utils][INFO] - Sampled motif RMSD: 0.08
[2026-04-24 07:26:12,432][rfdiffusion.inference.model_runners][INFO] - Timestep 19, input to next step: GGGGGGGGGGGGGGGGGGGGGGGGG------------------------------------
[2026-04-24 07:26:14,791][rfdiffusion.inference.utils][INFO] - Sampled motif RMSD: 0.08
[2026-04-24 07:26:15,130][rfdiffusion.inference.model_runners][INFO] - Timestep 18, input to next step: GGGGGGGGGGGGGGGGGGGGGGGGG------------------------------------
[2026-04-24 07:26:18,188][rfdiffusion.inference.utils][INFO] - Sampled motif RMSD: 0.07
[2026-04-24 07:26:18,379][rfdiffusion.inference.model_runners][INFO] - Timestep 17, input to next step: GGGGGGGGGGGGGGGGGGGGGGGGG------------------------------------
[2026-04-24 07:26:21,505][rfdiffusion.inference.utils][INFO] - Sampled motif RMSD: 0.07
[2026-04-24 07:26:21,800][rfdiffusion.inference.model_runners][INFO] - Timestep 16, input to next step: GGGGGGGGGGGGGGGGGGGGGGGGG------------------------------------
[2026-04-24 07:26:26,243][rfdiffusion.inference.utils][INFO] - Sampled motif RMSD: 0.07
[2026-04-24 07:26:26,549][rfdiffusion.inference.model_runners][INFO] - Timestep 15, input to next step: GGGGGGGGGGGGGGGGGGGGGGGGG------------------------------------
[2026-04-24 07:26:29,831][rfdiffusion.inference.utils][INFO] - Sampled motif RMSD: 0.08
[2026-04-24 07:26:30,330][rfdiffusion.inference.model_runners][INFO] - Timestep 14, input to next step: GGGGGGGGGGGGGGGGGGGGGGGGG------------------------------------
[2026-04-24 07:26:34,229][rfdiffusion.inference.utils][INFO] - Sampled motif RMSD: 0.07
[2026-04-24 07:26:34,726][rfdiffusion.inference.model_runners][INFO] - Timestep 13, input to next step: GGGGGGGGGGGGGGGGGGGGGGGGG------------------------------------
[2026-04-24 07:26:37,673][rfdiffusion.inference.utils][INFO] - Sampled motif RMSD: 0.07
[2026-04-24 07:26:38,168][rfdiffusion.inference.model_runners][INFO] - Timestep 12, input to next step: GGGGGGGGGGGGGGGGGGGGGGGGG------------------------------------
[2026-04-24 07:26:42,951][rfdiffusion.inference.utils][INFO] - Sampled motif RMSD: 0.08
[2026-04-24 07:26:43,258][rfdiffusion.inference.model_runners][INFO] - Timestep 11, input to next step: GGGGGGGGGGGGGGGGGGGGGGGGG------------------------------------
[2026-04-24 07:26:47,337][rfdiffusion.inference.utils][INFO] - Sampled motif RMSD: 0.08
[2026-04-24 07:26:47,710][rfdiffusion.inference.model_runners][INFO] - Timestep 10, input to next step: GGGGGGGGGGGGGGGGGGGGGGGGG------------------------------------
[2026-04-24 07:26:51,713][rfdiffusion.inference.utils][INFO] - Sampled motif RMSD: 0.07
[2026-04-24 07:26:52,102][rfdiffusion.inference.model_runners][INFO] - Timestep 9, input to next step: GGGGGGGGGGGGGGGGGGGGGGGGG------------------------------------
[2026-04-24 07:26:56,436][rfdiffusion.inference.utils][INFO] - Sampled motif RMSD: 0.07
[2026-04-24 07:26:56,781][rfdiffusion.inference.model_runners][INFO] - Timestep 8, input to next step: GGGGGGGGGGGGGGGGGGGGGGGGG------------------------------------
[2026-04-24 07:27:00,718][rfdiffusion.inference.utils][INFO] - Sampled motif RMSD: 0.06
[2026-04-24 07:27:00,963][rfdiffusion.inference.model_runners][INFO] - Timestep 7, input to next step: GGGGGGGGGGGGGGGGGGGGGGGGG------------------------------------
[2026-04-24 07:27:04,824][rfdiffusion.inference.utils][INFO] - Sampled motif RMSD: 0.06
[2026-04-24 07:27:05,370][rfdiffusion.inference.model_runners][INFO] - Timestep 6, input to next step: GGGGGGGGGGGGGGGGGGGGGGGGG------------------------------------
[2026-04-24 07:27:09,443][rfdiffusion.inference.utils][INFO] - Sampled motif RMSD: 0.06
[2026-04-24 07:27:09,761][rfdiffusion.inference.model_runners][INFO] - Timestep 5, input to next step: GGGGGGGGGGGGGGGGGGGGGGGGG------------------------------------
[2026-04-24 07:27:14,214][rfdiffusion.inference.utils][INFO] - Sampled motif RMSD: 0.07
[2026-04-24 07:27:14,633][rfdiffusion.inference.model_runners][INFO] - Timestep 4, input to next step: GGGGGGGGGGGGGGGGGGGGGGGGG------------------------------------
[2026-04-24 07:27:18,320][rfdiffusion.inference.utils][INFO] - Sampled motif RMSD: 0.07
[2026-04-24 07:27:18,748][rfdiffusion.inference.model_runners][INFO] - Timestep 3, input to next step: GGGGGGGGGGGGGGGGGGGGGGGGG------------------------------------
[2026-04-24 07:27:23,423][rfdiffusion.inference.utils][INFO] - Sampled motif RMSD: 0.06
[2026-04-24 07:27:23,730][rfdiffusion.inference.model_runners][INFO] - Timestep 2, input to next step: GGGGGGGGGGGGGGGGGGGGGGGGG------------------------------------
[2026-04-24 07:27:30,620][__main__][INFO] - Finished design in 3.73 minutes
