[2026-04-24 09:20:59,548][__main__][INFO] - Found GPU with device_name NVIDIA A100-SXM4-80GB. Will run RFdiffusion on NVIDIA A100-SXM4-80GB
Reading models from /lambda/nfs/manvi/Team_8_CS598GBL/RFdiffusion/rfdiffusion/inference/../../models
[2026-04-24 09:20:59,558][rfdiffusion.inference.model_runners][INFO] - Reading checkpoint from /lambda/nfs/manvi/Team_8_CS598GBL/RFdiffusion/rfdiffusion/inference/../../models/Base_ckpt.pt
This is inf_conf.ckpt_path
/lambda/nfs/manvi/Team_8_CS598GBL/RFdiffusion/rfdiffusion/inference/../../models/Base_ckpt.pt
Assembling -model, -diffuser and -preprocess configs from checkpoint
USING MODEL CONFIG: self._conf[model][n_extra_block] = 4
USING MODEL CONFIG: self._conf[model][n_main_block] = 32
USING MODEL CONFIG: self._conf[model][n_ref_block] = 4
USING MODEL CONFIG: self._conf[model][d_msa] = 256
USING MODEL CONFIG: self._conf[model][d_msa_full] = 64
USING MODEL CONFIG: self._conf[model][d_pair] = 128
USING MODEL CONFIG: self._conf[model][d_templ] = 64
USING MODEL CONFIG: self._conf[model][n_head_msa] = 8
USING MODEL CONFIG: self._conf[model][n_head_pair] = 4
USING MODEL CONFIG: self._conf[model][n_head_templ] = 4
USING MODEL CONFIG: self._conf[model][d_hidden] = 32
USING MODEL CONFIG: self._conf[model][d_hidden_templ] = 32
USING MODEL CONFIG: self._conf[model][p_drop] = 0.15
USING MODEL CONFIG: self._conf[model][SE3_param_full] = {'num_layers': 1, 'num_channels': 32, 'num_degrees': 2, 'n_heads': 4, 'div': 4, 'l0_in_features': 8, 'l0_out_features': 8, 'l1_in_features': 3, 'l1_out_features': 2, 'num_edge_features': 32}
USING MODEL CONFIG: self._conf[model][SE3_param_topk] = {'num_layers': 1, 'num_channels': 32, 'num_degrees': 2, 'n_heads': 4, 'div': 4, 'l0_in_features': 64, 'l0_out_features': 64, 'l1_in_features': 3, 'l1_out_features': 2, 'num_edge_features': 64}
USING MODEL CONFIG: self._conf[model][freeze_track_motif] = False
USING MODEL CONFIG: self._conf[model][use_motif_timestep] = True
USING MODEL CONFIG: self._conf[diffuser][T] = 50
USING MODEL CONFIG: self._conf[diffuser][b_0] = 0.01
USING MODEL CONFIG: self._conf[diffuser][b_T] = 0.07
USING MODEL CONFIG: self._conf[diffuser][schedule_type] = linear
USING MODEL CONFIG: self._conf[diffuser][so3_type] = igso3
USING MODEL CONFIG: self._conf[diffuser][crd_scale] = 0.25
USING MODEL CONFIG: self._conf[diffuser][so3_schedule_type] = linear
USING MODEL CONFIG: self._conf[diffuser][min_b] = 1.5
USING MODEL CONFIG: self._conf[diffuser][max_b] = 2.5
USING MODEL CONFIG: self._conf[diffuser][min_sigma] = 0.02
USING MODEL CONFIG: self._conf[diffuser][max_sigma] = 1.5
USING MODEL CONFIG: self._conf[preprocess][sidechain_input] = False
USING MODEL CONFIG: self._conf[preprocess][motif_sidechain_input] = True
USING MODEL CONFIG: self._conf[preprocess][d_t1d] = 22
USING MODEL CONFIG: self._conf[preprocess][d_t2d] = 44
USING MODEL CONFIG: self._conf[preprocess][prob_self_cond] = 0.5
USING MODEL CONFIG: self._conf[preprocess][str_self_cond] = True
USING MODEL CONFIG: self._conf[preprocess][predict_previous] = False
[2026-04-24 09:22:01,736][rfdiffusion.inference.model_runners][INFO] - Loading checkpoint.
[2026-04-24 09:22:16,420][rfdiffusion.diffusion][INFO] - Using cached IGSO3.
Successful diffuser __init__
[2026-04-24 09:22:16,502][__main__][INFO] - Making design /lambda/nfs/manvi/Team_8_CS598GBL/outputs/custom90_128_motif_scaffolding/fast_T20/len_125/mid/scaffold_0
[2026-04-24 09:22:16,520][rfdiffusion.inference.model_runners][INFO] - Using contig: ['25-41/A43-81/25-41']
With this beta schedule (linear schedule, beta_0 = 0.04, beta_T = 0.28), alpha_bar_T = 0.00013696048699785024
[2026-04-24 09:22:16,978][rfdiffusion.inference.model_runners][INFO] - Sequence init: ---------------------------------GGGGGGGGGGGGGGGGGGGGGGGGGGGGGGGGGGGGGGG----------------------------------
[2026-04-24 09:22:24,326][rfdiffusion.inference.utils][INFO] - Sampled motif RMSD: 0.29
[2026-04-24 09:22:24,520][rfdiffusion.inference.model_runners][INFO] - Timestep 50, input to next step: ---------------------------------GGGGGGGGGGGGGGGGGGGGGGGGGGGGGGGGGGGGGGG----------------------------------
[2026-04-24 09:22:28,798][rfdiffusion.inference.utils][INFO] - Sampled motif RMSD: 0.25
[2026-04-24 09:22:28,975][rfdiffusion.inference.model_runners][INFO] - Timestep 49, input to next step: ---------------------------------GGGGGGGGGGGGGGGGGGGGGGGGGGGGGGGGGGGGGGG----------------------------------
[2026-04-24 09:22:35,082][rfdiffusion.inference.utils][INFO] - Sampled motif RMSD: 0.24
[2026-04-24 09:22:35,178][rfdiffusion.inference.model_runners][INFO] - Timestep 48, input to next step: ---------------------------------GGGGGGGGGGGGGGGGGGGGGGGGGGGGGGGGGGGGGGG----------------------------------
[2026-04-24 09:22:41,495][rfdiffusion.inference.utils][INFO] - Sampled motif RMSD: 0.29
[2026-04-24 09:22:41,788][rfdiffusion.inference.model_runners][INFO] - Timestep 47, input to next step: ---------------------------------GGGGGGGGGGGGGGGGGGGGGGGGGGGGGGGGGGGGGGG----------------------------------
[2026-04-24 09:22:49,691][rfdiffusion.inference.utils][INFO] - Sampled motif RMSD: 0.29
[2026-04-24 09:22:49,886][rfdiffusion.inference.model_runners][INFO] - Timestep 46, input to next step: ---------------------------------GGGGGGGGGGGGGGGGGGGGGGGGGGGGGGGGGGGGGGG----------------------------------
[2026-04-24 09:22:56,659][rfdiffusion.inference.utils][INFO] - Sampled motif RMSD: 0.30
[2026-04-24 09:22:56,935][rfdiffusion.inference.model_runners][INFO] - Timestep 45, input to next step: ---------------------------------GGGGGGGGGGGGGGGGGGGGGGGGGGGGGGGGGGGGGGG----------------------------------
[2026-04-24 09:23:02,897][rfdiffusion.inference.utils][INFO] - Sampled motif RMSD: 0.28
[2026-04-24 09:23:03,172][rfdiffusion.inference.model_runners][INFO] - Timestep 44, input to next step: ---------------------------------GGGGGGGGGGGGGGGGGGGGGGGGGGGGGGGGGGGGGGG----------------------------------
[2026-04-24 09:23:06,556][rfdiffusion.inference.utils][INFO] - Sampled motif RMSD: 0.28
[2026-04-24 09:23:06,841][rfdiffusion.inference.model_runners][INFO] - Timestep 43, input to next step: ---------------------------------GGGGGGGGGGGGGGGGGGGGGGGGGGGGGGGGGGGGGGG----------------------------------
[2026-04-24 09:23:10,708][rfdiffusion.inference.utils][INFO] - Sampled motif RMSD: 0.25
[2026-04-24 09:23:11,063][rfdiffusion.inference.model_runners][INFO] - Timestep 42, input to next step: ---------------------------------GGGGGGGGGGGGGGGGGGGGGGGGGGGGGGGGGGGGGGG----------------------------------
[2026-04-24 09:23:14,897][rfdiffusion.inference.utils][INFO] - Sampled motif RMSD: 0.29
[2026-04-24 09:23:15,267][rfdiffusion.inference.model_runners][INFO] - Timestep 41, input to next step: ---------------------------------GGGGGGGGGGGGGGGGGGGGGGGGGGGGGGGGGGGGGGG----------------------------------
[2026-04-24 09:23:20,448][rfdiffusion.inference.utils][INFO] - Sampled motif RMSD: 0.28
[2026-04-24 09:23:20,631][rfdiffusion.inference.model_runners][INFO] - Timestep 40, input to next step: ---------------------------------GGGGGGGGGGGGGGGGGGGGGGGGGGGGGGGGGGGGGGG----------------------------------
[2026-04-24 09:23:23,479][rfdiffusion.inference.utils][INFO] - Sampled motif RMSD: 0.31
[2026-04-24 09:23:23,847][rfdiffusion.inference.model_runners][INFO] - Timestep 39, input to next step: ---------------------------------GGGGGGGGGGGGGGGGGGGGGGGGGGGGGGGGGGGGGGG----------------------------------
[2026-04-24 09:23:28,753][rfdiffusion.inference.utils][INFO] - Sampled motif RMSD: 0.33
[2026-04-24 09:23:29,082][rfdiffusion.inference.model_runners][INFO] - Timestep 38, input to next step: ---------------------------------GGGGGGGGGGGGGGGGGGGGGGGGGGGGGGGGGGGGGGG----------------------------------
[2026-04-24 09:23:33,044][rfdiffusion.inference.utils][INFO] - Sampled motif RMSD: 0.33
[2026-04-24 09:23:33,319][rfdiffusion.inference.model_runners][INFO] - Timestep 37, input to next step: ---------------------------------GGGGGGGGGGGGGGGGGGGGGGGGGGGGGGGGGGGGGGG----------------------------------
[2026-04-24 09:23:37,816][rfdiffusion.inference.utils][INFO] - Sampled motif RMSD: 0.31
[2026-04-24 09:23:37,976][rfdiffusion.inference.model_runners][INFO] - Timestep 36, input to next step: ---------------------------------GGGGGGGGGGGGGGGGGGGGGGGGGGGGGGGGGGGGGGG----------------------------------
[2026-04-24 09:23:41,489][rfdiffusion.inference.utils][INFO] - Sampled motif RMSD: 0.33
[2026-04-24 09:23:41,688][rfdiffusion.inference.model_runners][INFO] - Timestep 35, input to next step: ---------------------------------GGGGGGGGGGGGGGGGGGGGGGGGGGGGGGGGGGGGGGG----------------------------------
[2026-04-24 09:23:45,329][rfdiffusion.inference.utils][INFO] - Sampled motif RMSD: 0.30
[2026-04-24 09:23:45,561][rfdiffusion.inference.model_runners][INFO] - Timestep 34, input to next step: ---------------------------------GGGGGGGGGGGGGGGGGGGGGGGGGGGGGGGGGGGGGGG----------------------------------
[2026-04-24 09:23:49,142][rfdiffusion.inference.utils][INFO] - Sampled motif RMSD: 0.32
[2026-04-24 09:23:49,354][rfdiffusion.inference.model_runners][INFO] - Timestep 33, input to next step: ---------------------------------GGGGGGGGGGGGGGGGGGGGGGGGGGGGGGGGGGGGGGG----------------------------------
[2026-04-24 09:23:52,568][rfdiffusion.inference.utils][INFO] - Sampled motif RMSD: 0.29
[2026-04-24 09:23:52,664][rfdiffusion.inference.model_runners][INFO] - Timestep 32, input to next step: ---------------------------------GGGGGGGGGGGGGGGGGGGGGGGGGGGGGGGGGGGGGGG----------------------------------
[2026-04-24 09:23:55,827][rfdiffusion.inference.utils][INFO] - Sampled motif RMSD: 0.26
[2026-04-24 09:23:55,971][rfdiffusion.inference.model_runners][INFO] - Timestep 31, input to next step: ---------------------------------GGGGGGGGGGGGGGGGGGGGGGGGGGGGGGGGGGGGGGG----------------------------------
[2026-04-24 09:23:59,285][rfdiffusion.inference.utils][INFO] - Sampled motif RMSD: 0.29
[2026-04-24 09:23:59,540][rfdiffusion.inference.model_runners][INFO] - Timestep 30, input to next step: ---------------------------------GGGGGGGGGGGGGGGGGGGGGGGGGGGGGGGGGGGGGGG----------------------------------
[2026-04-24 09:24:02,400][rfdiffusion.inference.utils][INFO] - Sampled motif RMSD: 0.28
[2026-04-24 09:24:02,587][rfdiffusion.inference.model_runners][INFO] - Timestep 29, input to next step: ---------------------------------GGGGGGGGGGGGGGGGGGGGGGGGGGGGGGGGGGGGGGG----------------------------------
[2026-04-24 09:24:06,100][rfdiffusion.inference.utils][INFO] - Sampled motif RMSD: 0.26
[2026-04-24 09:24:06,310][rfdiffusion.inference.model_runners][INFO] - Timestep 28, input to next step: ---------------------------------GGGGGGGGGGGGGGGGGGGGGGGGGGGGGGGGGGGGGGG----------------------------------
[2026-04-24 09:24:09,800][rfdiffusion.inference.utils][INFO] - Sampled motif RMSD: 0.28
[2026-04-24 09:24:09,880][rfdiffusion.inference.model_runners][INFO] - Timestep 27, input to next step: ---------------------------------GGGGGGGGGGGGGGGGGGGGGGGGGGGGGGGGGGGGGGG----------------------------------
[2026-04-24 09:24:14,158][rfdiffusion.inference.utils][INFO] - Sampled motif RMSD: 0.30
[2026-04-24 09:24:14,344][rfdiffusion.inference.model_runners][INFO] - Timestep 26, input to next step: ---------------------------------GGGGGGGGGGGGGGGGGGGGGGGGGGGGGGGGGGGGGGG----------------------------------
[2026-04-24 09:24:18,788][rfdiffusion.inference.utils][INFO] - Sampled motif RMSD: 0.32
[2026-04-24 09:24:19,272][rfdiffusion.inference.model_runners][INFO] - Timestep 25, input to next step: ---------------------------------GGGGGGGGGGGGGGGGGGGGGGGGGGGGGGGGGGGGGGG----------------------------------
[2026-04-24 09:24:25,018][rfdiffusion.inference.utils][INFO] - Sampled motif RMSD: 0.24
[2026-04-24 09:24:25,489][rfdiffusion.inference.model_runners][INFO] - Timestep 24, input to next step: ---------------------------------GGGGGGGGGGGGGGGGGGGGGGGGGGGGGGGGGGGGGGG----------------------------------
[2026-04-24 09:24:29,634][rfdiffusion.inference.utils][INFO] - Sampled motif RMSD: 0.60
[2026-04-24 09:24:30,224][rfdiffusion.inference.model_runners][INFO] - Timestep 23, input to next step: ---------------------------------GGGGGGGGGGGGGGGGGGGGGGGGGGGGGGGGGGGGGGG----------------------------------
[2026-04-24 09:24:35,423][rfdiffusion.inference.utils][INFO] - Sampled motif RMSD: 0.66
[2026-04-24 09:24:35,889][rfdiffusion.inference.model_runners][INFO] - Timestep 22, input to next step: ---------------------------------GGGGGGGGGGGGGGGGGGGGGGGGGGGGGGGGGGGGGGG----------------------------------
[2026-04-24 09:24:41,634][rfdiffusion.inference.utils][INFO] - Sampled motif RMSD: 0.64
[2026-04-24 09:24:42,067][rfdiffusion.inference.model_runners][INFO] - Timestep 21, input to next step: ---------------------------------GGGGGGGGGGGGGGGGGGGGGGGGGGGGGGGGGGGGGGG----------------------------------
[2026-04-24 09:24:47,204][rfdiffusion.inference.utils][INFO] - Sampled motif RMSD: 0.70
[2026-04-24 09:24:47,376][rfdiffusion.inference.model_runners][INFO] - Timestep 20, input to next step: ---------------------------------GGGGGGGGGGGGGGGGGGGGGGGGGGGGGGGGGGGGGGG----------------------------------
[2026-04-24 09:24:51,955][rfdiffusion.inference.utils][INFO] - Sampled motif RMSD: 0.72
[2026-04-24 09:24:52,293][rfdiffusion.inference.model_runners][INFO] - Timestep 19, input to next step: ---------------------------------GGGGGGGGGGGGGGGGGGGGGGGGGGGGGGGGGGGGGGG----------------------------------
[2026-04-24 09:24:56,210][rfdiffusion.inference.utils][INFO] - Sampled motif RMSD: 0.75
[2026-04-24 09:24:56,466][rfdiffusion.inference.model_runners][INFO] - Timestep 18, input to next step: ---------------------------------GGGGGGGGGGGGGGGGGGGGGGGGGGGGGGGGGGGGGGG----------------------------------
[2026-04-24 09:25:00,753][rfdiffusion.inference.utils][INFO] - Sampled motif RMSD: 0.77
[2026-04-24 09:25:01,101][rfdiffusion.inference.model_runners][INFO] - Timestep 17, input to next step: ---------------------------------GGGGGGGGGGGGGGGGGGGGGGGGGGGGGGGGGGGGGGG----------------------------------
[2026-04-24 09:25:05,759][rfdiffusion.inference.utils][INFO] - Sampled motif RMSD: 0.75
[2026-04-24 09:25:05,815][rfdiffusion.inference.model_runners][INFO] - Timestep 16, input to next step: ---------------------------------GGGGGGGGGGGGGGGGGGGGGGGGGGGGGGGGGGGGGGG----------------------------------
[2026-04-24 09:25:09,952][rfdiffusion.inference.utils][INFO] - Sampled motif RMSD: 0.75
[2026-04-24 09:25:10,168][rfdiffusion.inference.model_runners][INFO] - Timestep 15, input to next step: ---------------------------------GGGGGGGGGGGGGGGGGGGGGGGGGGGGGGGGGGGGGGG----------------------------------
[2026-04-24 09:25:14,845][rfdiffusion.inference.utils][INFO] - Sampled motif RMSD: 0.77
[2026-04-24 09:25:15,151][rfdiffusion.inference.model_runners][INFO] - Timestep 14, input to next step: ---------------------------------GGGGGGGGGGGGGGGGGGGGGGGGGGGGGGGGGGGGGGG----------------------------------
[2026-04-24 09:25:18,185][rfdiffusion.inference.utils][INFO] - Sampled motif RMSD: 0.76
[2026-04-24 09:25:18,474][rfdiffusion.inference.model_runners][INFO] - Timestep 13, input to next step: ---------------------------------GGGGGGGGGGGGGGGGGGGGGGGGGGGGGGGGGGGGGGG----------------------------------
[2026-04-24 09:25:23,723][rfdiffusion.inference.utils][INFO] - Sampled motif RMSD: 0.77
[2026-04-24 09:25:24,009][rfdiffusion.inference.model_runners][INFO] - Timestep 12, input to next step: ---------------------------------GGGGGGGGGGGGGGGGGGGGGGGGGGGGGGGGGGGGGGG----------------------------------
[2026-04-24 09:25:27,793][rfdiffusion.inference.utils][INFO] - Sampled motif RMSD: 0.78
[2026-04-24 09:25:28,070][rfdiffusion.inference.model_runners][INFO] - Timestep 11, input to next step: ---------------------------------GGGGGGGGGGGGGGGGGGGGGGGGGGGGGGGGGGGGGGG----------------------------------
[2026-04-24 09:25:32,489][rfdiffusion.inference.utils][INFO] - Sampled motif RMSD: 0.79
[2026-04-24 09:25:32,811][rfdiffusion.inference.model_runners][INFO] - Timestep 10, input to next step: ---------------------------------GGGGGGGGGGGGGGGGGGGGGGGGGGGGGGGGGGGGGGG----------------------------------
[2026-04-24 09:25:37,740][rfdiffusion.inference.utils][INFO] - Sampled motif RMSD: 0.79
[2026-04-24 09:25:37,856][rfdiffusion.inference.model_runners][INFO] - Timestep 9, input to next step: ---------------------------------GGGGGGGGGGGGGGGGGGGGGGGGGGGGGGGGGGGGGGG----------------------------------
[2026-04-24 09:25:41,788][rfdiffusion.inference.utils][INFO] - Sampled motif RMSD: 0.79
[2026-04-24 09:25:42,037][rfdiffusion.inference.model_runners][INFO] - Timestep 8, input to next step: ---------------------------------GGGGGGGGGGGGGGGGGGGGGGGGGGGGGGGGGGGGGGG----------------------------------
[2026-04-24 09:25:46,773][rfdiffusion.inference.utils][INFO] - Sampled motif RMSD: 0.79
[2026-04-24 09:25:47,195][rfdiffusion.inference.model_runners][INFO] - Timestep 7, input to next step: ---------------------------------GGGGGGGGGGGGGGGGGGGGGGGGGGGGGGGGGGGGGGG----------------------------------
[2026-04-24 09:25:50,608][rfdiffusion.inference.utils][INFO] - Sampled motif RMSD: 0.76
[2026-04-24 09:25:50,816][rfdiffusion.inference.model_runners][INFO] - Timestep 6, input to next step: ---------------------------------GGGGGGGGGGGGGGGGGGGGGGGGGGGGGGGGGGGGGGG----------------------------------
[2026-04-24 09:25:54,873][rfdiffusion.inference.utils][INFO] - Sampled motif RMSD: 0.75
[2026-04-24 09:25:55,184][rfdiffusion.inference.model_runners][INFO] - Timestep 5, input to next step: ---------------------------------GGGGGGGGGGGGGGGGGGGGGGGGGGGGGGGGGGGGGGG----------------------------------
[2026-04-24 09:25:59,864][rfdiffusion.inference.utils][INFO] - Sampled motif RMSD: 0.74
[2026-04-24 09:26:00,128][rfdiffusion.inference.model_runners][INFO] - Timestep 4, input to next step: ---------------------------------GGGGGGGGGGGGGGGGGGGGGGGGGGGGGGGGGGGGGGG----------------------------------
[2026-04-24 09:26:04,544][rfdiffusion.inference.utils][INFO] - Sampled motif RMSD: 0.74
[2026-04-24 09:26:04,799][rfdiffusion.inference.model_runners][INFO] - Timestep 3, input to next step: ---------------------------------GGGGGGGGGGGGGGGGGGGGGGGGGGGGGGGGGGGGGGG----------------------------------
[2026-04-24 09:26:09,110][rfdiffusion.inference.utils][INFO] - Sampled motif RMSD: 0.72
[2026-04-24 09:26:09,669][rfdiffusion.inference.model_runners][INFO] - Timestep 2, input to next step: ---------------------------------GGGGGGGGGGGGGGGGGGGGGGGGGGGGGGGGGGGGGGG----------------------------------
[2026-04-24 09:26:19,535][__main__][INFO] - Finished design in 4.05 minutes
[2026-04-24 09:26:19,536][__main__][INFO] - Making design /lambda/nfs/manvi/Team_8_CS598GBL/outputs/custom90_128_motif_scaffolding/fast_T20/len_125/mid/scaffold_1
[2026-04-24 09:26:19,559][rfdiffusion.inference.model_runners][INFO] - Using contig: ['25-41/A43-81/25-41']
With this beta schedule (linear schedule, beta_0 = 0.04, beta_T = 0.28), alpha_bar_T = 0.00013696048699785024
[2026-04-24 09:26:20,316][rfdiffusion.inference.model_runners][INFO] - Sequence init: ----------------------------GGGGGGGGGGGGGGGGGGGGGGGGGGGGGGGGGGGGGGG----------------------------------
[2026-04-24 09:26:24,922][rfdiffusion.inference.utils][INFO] - Sampled motif RMSD: 0.28
[2026-04-24 09:26:25,164][rfdiffusion.inference.model_runners][INFO] - Timestep 50, input to next step: ----------------------------GGGGGGGGGGGGGGGGGGGGGGGGGGGGGGGGGGGGGGG----------------------------------
[2026-04-24 09:26:30,459][rfdiffusion.inference.utils][INFO] - Sampled motif RMSD: 0.22
[2026-04-24 09:26:30,696][rfdiffusion.inference.model_runners][INFO] - Timestep 49, input to next step: ----------------------------GGGGGGGGGGGGGGGGGGGGGGGGGGGGGGGGGGGGGGG----------------------------------
[2026-04-24 09:26:35,779][rfdiffusion.inference.utils][INFO] - Sampled motif RMSD: 0.27
[2026-04-24 09:26:36,125][rfdiffusion.inference.model_runners][INFO] - Timestep 48, input to next step: ----------------------------GGGGGGGGGGGGGGGGGGGGGGGGGGGGGGGGGGGGGGG----------------------------------
[2026-04-24 09:26:41,266][rfdiffusion.inference.utils][INFO] - Sampled motif RMSD: 0.28
[2026-04-24 09:26:41,503][rfdiffusion.inference.model_runners][INFO] - Timestep 47, input to next step: ----------------------------GGGGGGGGGGGGGGGGGGGGGGGGGGGGGGGGGGGGGGG----------------------------------
[2026-04-24 09:26:45,859][rfdiffusion.inference.utils][INFO] - Sampled motif RMSD: 0.27
[2026-04-24 09:26:46,206][rfdiffusion.inference.model_runners][INFO] - Timestep 46, input to next step: ----------------------------GGGGGGGGGGGGGGGGGGGGGGGGGGGGGGGGGGGGGGG----------------------------------
[2026-04-24 09:26:51,177][rfdiffusion.inference.utils][INFO] - Sampled motif RMSD: 0.28
[2026-04-24 09:26:51,475][rfdiffusion.inference.model_runners][INFO] - Timestep 45, input to next step: ----------------------------GGGGGGGGGGGGGGGGGGGGGGGGGGGGGGGGGGGGGGG----------------------------------
[2026-04-24 09:26:56,500][rfdiffusion.inference.utils][INFO] - Sampled motif RMSD: 0.29
[2026-04-24 09:26:56,742][rfdiffusion.inference.model_runners][INFO] - Timestep 44, input to next step: ----------------------------GGGGGGGGGGGGGGGGGGGGGGGGGGGGGGGGGGGGGGG----------------------------------
[2026-04-24 09:27:00,235][rfdiffusion.inference.utils][INFO] - Sampled motif RMSD: 0.27
[2026-04-24 09:27:00,654][rfdiffusion.inference.model_runners][INFO] - Timestep 43, input to next step: ----------------------------GGGGGGGGGGGGGGGGGGGGGGGGGGGGGGGGGGGGGGG----------------------------------
[2026-04-24 09:27:04,855][rfdiffusion.inference.utils][INFO] - Sampled motif RMSD: 0.29
[2026-04-24 09:27:05,178][rfdiffusion.inference.model_runners][INFO] - Timestep 42, input to next step: ----------------------------GGGGGGGGGGGGGGGGGGGGGGGGGGGGGGGGGGGGGGG----------------------------------
[2026-04-24 09:27:10,390][rfdiffusion.inference.utils][INFO] - Sampled motif RMSD: 0.29
[2026-04-24 09:27:10,604][rfdiffusion.inference.model_runners][INFO] - Timestep 41, input to next step: ----------------------------GGGGGGGGGGGGGGGGGGGGGGGGGGGGGGGGGGGGGGG----------------------------------
[2026-04-24 09:27:14,665][rfdiffusion.inference.utils][INFO] - Sampled motif RMSD: 0.26
[2026-04-24 09:27:15,040][rfdiffusion.inference.model_runners][INFO] - Timestep 40, input to next step: ----------------------------GGGGGGGGGGGGGGGGGGGGGGGGGGGGGGGGGGGGGGG----------------------------------
[2026-04-24 09:27:19,623][rfdiffusion.inference.utils][INFO] - Sampled motif RMSD: 0.24
[2026-04-24 09:27:19,919][rfdiffusion.inference.model_runners][INFO] - Timestep 39, input to next step: ----------------------------GGGGGGGGGGGGGGGGGGGGGGGGGGGGGGGGGGGGGGG----------------------------------
[2026-04-24 09:27:25,152][rfdiffusion.inference.utils][INFO] - Sampled motif RMSD: 0.25
[2026-04-24 09:27:25,555][rfdiffusion.inference.model_runners][INFO] - Timestep 38, input to next step: ----------------------------GGGGGGGGGGGGGGGGGGGGGGGGGGGGGGGGGGGGGGG----------------------------------
[2026-04-24 09:27:30,378][rfdiffusion.inference.utils][INFO] - Sampled motif RMSD: 0.22
[2026-04-24 09:27:30,593][rfdiffusion.inference.model_runners][INFO] - Timestep 37, input to next step: ----------------------------GGGGGGGGGGGGGGGGGGGGGGGGGGGGGGGGGGGGGGG----------------------------------
[2026-04-24 09:27:34,754][rfdiffusion.inference.utils][INFO] - Sampled motif RMSD: 0.21
[2026-04-24 09:27:34,878][rfdiffusion.inference.model_runners][INFO] - Timestep 36, input to next step: ----------------------------GGGGGGGGGGGGGGGGGGGGGGGGGGGGGGGGGGGGGGG----------------------------------
[2026-04-24 09:27:38,372][rfdiffusion.inference.utils][INFO] - Sampled motif RMSD: 0.22
[2026-04-24 09:27:38,598][rfdiffusion.inference.model_runners][INFO] - Timestep 35, input to next step: ----------------------------GGGGGGGGGGGGGGGGGGGGGGGGGGGGGGGGGGGGGGG----------------------------------
[2026-04-24 09:27:42,557][rfdiffusion.inference.utils][INFO] - Sampled motif RMSD: 0.23
[2026-04-24 09:27:42,983][rfdiffusion.inference.model_runners][INFO] - Timestep 34, input to next step: ----------------------------GGGGGGGGGGGGGGGGGGGGGGGGGGGGGGGGGGGGGGG----------------------------------
[2026-04-24 09:27:48,484][rfdiffusion.inference.utils][INFO] - Sampled motif RMSD: 0.25
[2026-04-24 09:27:48,757][rfdiffusion.inference.model_runners][INFO] - Timestep 33, input to next step: ----------------------------GGGGGGGGGGGGGGGGGGGGGGGGGGGGGGGGGGGGGGG----------------------------------
[2026-04-24 09:27:53,346][rfdiffusion.inference.utils][INFO] - Sampled motif RMSD: 0.27
[2026-04-24 09:27:53,579][rfdiffusion.inference.model_runners][INFO] - Timestep 32, input to next step: ----------------------------GGGGGGGGGGGGGGGGGGGGGGGGGGGGGGGGGGGGGGG----------------------------------
[2026-04-24 09:27:55,913][rfdiffusion.inference.utils][INFO] - Sampled motif RMSD: 0.26
[2026-04-24 09:27:56,175][rfdiffusion.inference.model_runners][INFO] - Timestep 31, input to next step: ----------------------------GGGGGGGGGGGGGGGGGGGGGGGGGGGGGGGGGGGGGGG----------------------------------
[2026-04-24 09:27:59,150][rfdiffusion.inference.utils][INFO] - Sampled motif RMSD: 0.27
[2026-04-24 09:27:59,321][rfdiffusion.inference.model_runners][INFO] - Timestep 30, input to next step: ----------------------------GGGGGGGGGGGGGGGGGGGGGGGGGGGGGGGGGGGGGGG----------------------------------
[2026-04-24 09:28:04,182][rfdiffusion.inference.utils][INFO] - Sampled motif RMSD: 0.24
[2026-04-24 09:28:04,616][rfdiffusion.inference.model_runners][INFO] - Timestep 29, input to next step: ----------------------------GGGGGGGGGGGGGGGGGGGGGGGGGGGGGGGGGGGGGGG----------------------------------
[2026-04-24 09:28:08,261][rfdiffusion.inference.utils][INFO] - Sampled motif RMSD: 0.26
[2026-04-24 09:28:08,430][rfdiffusion.inference.model_runners][INFO] - Timestep 28, input to next step: ----------------------------GGGGGGGGGGGGGGGGGGGGGGGGGGGGGGGGGGGGGGG----------------------------------
[2026-04-24 09:28:12,251][rfdiffusion.inference.utils][INFO] - Sampled motif RMSD: 0.27
[2026-04-24 09:28:12,499][rfdiffusion.inference.model_runners][INFO] - Timestep 27, input to next step: ----------------------------GGGGGGGGGGGGGGGGGGGGGGGGGGGGGGGGGGGGGGG----------------------------------
[2026-04-24 09:28:16,798][rfdiffusion.inference.utils][INFO] - Sampled motif RMSD: 0.28
[2026-04-24 09:28:16,932][rfdiffusion.inference.model_runners][INFO] - Timestep 26, input to next step: ----------------------------GGGGGGGGGGGGGGGGGGGGGGGGGGGGGGGGGGGGGGG----------------------------------
[2026-04-24 09:28:20,981][rfdiffusion.inference.utils][INFO] - Sampled motif RMSD: 0.30
[2026-04-24 09:28:21,176][rfdiffusion.inference.model_runners][INFO] - Timestep 25, input to next step: ----------------------------GGGGGGGGGGGGGGGGGGGGGGGGGGGGGGGGGGGGGGG----------------------------------
[2026-04-24 09:28:25,345][rfdiffusion.inference.utils][INFO] - Sampled motif RMSD: 0.35
[2026-04-24 09:28:25,580][rfdiffusion.inference.model_runners][INFO] - Timestep 24, input to next step: ----------------------------GGGGGGGGGGGGGGGGGGGGGGGGGGGGGGGGGGGGGGG----------------------------------
[2026-04-24 09:28:29,401][rfdiffusion.inference.utils][INFO] - Sampled motif RMSD: 0.42
[2026-04-24 09:28:29,547][rfdiffusion.inference.model_runners][INFO] - Timestep 23, input to next step: ----------------------------GGGGGGGGGGGGGGGGGGGGGGGGGGGGGGGGGGGGGGG----------------------------------
[2026-04-24 09:28:33,651][rfdiffusion.inference.utils][INFO] - Sampled motif RMSD: 0.46
[2026-04-24 09:28:33,911][rfdiffusion.inference.model_runners][INFO] - Timestep 22, input to next step: ----------------------------GGGGGGGGGGGGGGGGGGGGGGGGGGGGGGGGGGGGGGG----------------------------------
[2026-04-24 09:28:37,688][rfdiffusion.inference.utils][INFO] - Sampled motif RMSD: 0.47
[2026-04-24 09:28:37,940][rfdiffusion.inference.model_runners][INFO] - Timestep 21, input to next step: ----------------------------GGGGGGGGGGGGGGGGGGGGGGGGGGGGGGGGGGGGGGG----------------------------------
[2026-04-24 09:28:42,148][rfdiffusion.inference.utils][INFO] - Sampled motif RMSD: 0.48
[2026-04-24 09:28:42,437][rfdiffusion.inference.model_runners][INFO] - Timestep 20, input to next step: ----------------------------GGGGGGGGGGGGGGGGGGGGGGGGGGGGGGGGGGGGGGG----------------------------------
[2026-04-24 09:28:46,716][rfdiffusion.inference.utils][INFO] - Sampled motif RMSD: 0.51
[2026-04-24 09:28:47,180][rfdiffusion.inference.model_runners][INFO] - Timestep 19, input to next step: ----------------------------GGGGGGGGGGGGGGGGGGGGGGGGGGGGGGGGGGGGGGG----------------------------------
[2026-04-24 09:28:50,262][rfdiffusion.inference.utils][INFO] - Sampled motif RMSD: 0.57
[2026-04-24 09:28:50,567][rfdiffusion.inference.model_runners][INFO] - Timestep 18, input to next step: ----------------------------GGGGGGGGGGGGGGGGGGGGGGGGGGGGGGGGGGGGGGG----------------------------------
[2026-04-24 09:28:55,224][rfdiffusion.inference.utils][INFO] - Sampled motif RMSD: 0.57
[2026-04-24 09:28:55,368][rfdiffusion.inference.model_runners][INFO] - Timestep 17, input to next step: ----------------------------GGGGGGGGGGGGGGGGGGGGGGGGGGGGGGGGGGGGGGG----------------------------------
[2026-04-24 09:28:59,925][rfdiffusion.inference.utils][INFO] - Sampled motif RMSD: 0.59
[2026-04-24 09:29:00,092][rfdiffusion.inference.model_runners][INFO] - Timestep 16, input to next step: ----------------------------GGGGGGGGGGGGGGGGGGGGGGGGGGGGGGGGGGGGGGG----------------------------------
[2026-04-24 09:29:03,555][rfdiffusion.inference.utils][INFO] - Sampled motif RMSD: 0.65
[2026-04-24 09:29:03,795][rfdiffusion.inference.model_runners][INFO] - Timestep 15, input to next step: ----------------------------GGGGGGGGGGGGGGGGGGGGGGGGGGGGGGGGGGGGGGG----------------------------------
[2026-04-24 09:29:07,937][rfdiffusion.inference.utils][INFO] - Sampled motif RMSD: 0.63
[2026-04-24 09:29:08,199][rfdiffusion.inference.model_runners][INFO] - Timestep 14, input to next step: ----------------------------GGGGGGGGGGGGGGGGGGGGGGGGGGGGGGGGGGGGGGG----------------------------------
[2026-04-24 09:29:11,784][rfdiffusion.inference.utils][INFO] - Sampled motif RMSD: 0.62
[2026-04-24 09:29:11,969][rfdiffusion.inference.model_runners][INFO] - Timestep 13, input to next step: ----------------------------GGGGGGGGGGGGGGGGGGGGGGGGGGGGGGGGGGGGGGG----------------------------------
[2026-04-24 09:29:15,629][rfdiffusion.inference.utils][INFO] - Sampled motif RMSD: 0.62
[2026-04-24 09:29:15,979][rfdiffusion.inference.model_runners][INFO] - Timestep 12, input to next step: ----------------------------GGGGGGGGGGGGGGGGGGGGGGGGGGGGGGGGGGGGGGG----------------------------------
[2026-04-24 09:29:19,954][rfdiffusion.inference.utils][INFO] - Sampled motif RMSD: 0.62
[2026-04-24 09:29:20,177][rfdiffusion.inference.model_runners][INFO] - Timestep 11, input to next step: ----------------------------GGGGGGGGGGGGGGGGGGGGGGGGGGGGGGGGGGGGGGG----------------------------------
[2026-04-24 09:29:24,382][rfdiffusion.inference.utils][INFO] - Sampled motif RMSD: 0.61
[2026-04-24 09:29:24,533][rfdiffusion.inference.model_runners][INFO] - Timestep 10, input to next step: ----------------------------GGGGGGGGGGGGGGGGGGGGGGGGGGGGGGGGGGGGGGG----------------------------------
[2026-04-24 09:29:28,237][rfdiffusion.inference.utils][INFO] - Sampled motif RMSD: 0.61
[2026-04-24 09:29:28,323][rfdiffusion.inference.model_runners][INFO] - Timestep 9, input to next step: ----------------------------GGGGGGGGGGGGGGGGGGGGGGGGGGGGGGGGGGGGGGG----------------------------------
[2026-04-24 09:29:31,011][rfdiffusion.inference.utils][INFO] - Sampled motif RMSD: 0.62
[2026-04-24 09:29:31,251][rfdiffusion.inference.model_runners][INFO] - Timestep 8, input to next step: ----------------------------GGGGGGGGGGGGGGGGGGGGGGGGGGGGGGGGGGGGGGG----------------------------------
[2026-04-24 09:29:34,698][rfdiffusion.inference.utils][INFO] - Sampled motif RMSD: 0.61
[2026-04-24 09:29:34,994][rfdiffusion.inference.model_runners][INFO] - Timestep 7, input to next step: ----------------------------GGGGGGGGGGGGGGGGGGGGGGGGGGGGGGGGGGGGGGG----------------------------------
[2026-04-24 09:29:39,230][rfdiffusion.inference.utils][INFO] - Sampled motif RMSD: 0.60
[2026-04-24 09:29:39,439][rfdiffusion.inference.model_runners][INFO] - Timestep 6, input to next step: ----------------------------GGGGGGGGGGGGGGGGGGGGGGGGGGGGGGGGGGGGGGG----------------------------------
[2026-04-24 09:29:42,363][rfdiffusion.inference.utils][INFO] - Sampled motif RMSD: 0.54
[2026-04-24 09:29:42,557][rfdiffusion.inference.model_runners][INFO] - Timestep 5, input to next step: ----------------------------GGGGGGGGGGGGGGGGGGGGGGGGGGGGGGGGGGGGGGG----------------------------------
[2026-04-24 09:29:46,617][rfdiffusion.inference.utils][INFO] - Sampled motif RMSD: 0.51
[2026-04-24 09:29:46,706][rfdiffusion.inference.model_runners][INFO] - Timestep 4, input to next step: ----------------------------GGGGGGGGGGGGGGGGGGGGGGGGGGGGGGGGGGGGGGG----------------------------------
[2026-04-24 09:29:50,841][rfdiffusion.inference.utils][INFO] - Sampled motif RMSD: 0.50
[2026-04-24 09:29:50,941][rfdiffusion.inference.model_runners][INFO] - Timestep 3, input to next step: ----------------------------GGGGGGGGGGGGGGGGGGGGGGGGGGGGGGGGGGGGGGG----------------------------------
[2026-04-24 09:29:55,032][rfdiffusion.inference.utils][INFO] - Sampled motif RMSD: 0.45
[2026-04-24 09:29:55,246][rfdiffusion.inference.model_runners][INFO] - Timestep 2, input to next step: ----------------------------GGGGGGGGGGGGGGGGGGGGGGGGGGGGGGGGGGGGGGG----------------------------------
[2026-04-24 09:30:02,788][__main__][INFO] - Finished design in 3.72 minutes
