[2026-04-24 06:35:52,065][__main__][INFO] - Found GPU with device_name NVIDIA A100-SXM4-80GB. Will run RFdiffusion on NVIDIA A100-SXM4-80GB
Reading models from /lambda/nfs/manvi/Team_8_CS598GBL/RFdiffusion/rfdiffusion/inference/../../models
[2026-04-24 06:35:52,094][rfdiffusion.inference.model_runners][INFO] - Reading checkpoint from /lambda/nfs/manvi/Team_8_CS598GBL/RFdiffusion/rfdiffusion/inference/../../models/Base_ckpt.pt
This is inf_conf.ckpt_path
/lambda/nfs/manvi/Team_8_CS598GBL/RFdiffusion/rfdiffusion/inference/../../models/Base_ckpt.pt
Assembling -model, -diffuser and -preprocess configs from checkpoint
USING MODEL CONFIG: self._conf[model][n_extra_block] = 4
USING MODEL CONFIG: self._conf[model][n_main_block] = 32
USING MODEL CONFIG: self._conf[model][n_ref_block] = 4
USING MODEL CONFIG: self._conf[model][d_msa] = 256
USING MODEL CONFIG: self._conf[model][d_msa_full] = 64
USING MODEL CONFIG: self._conf[model][d_pair] = 128
USING MODEL CONFIG: self._conf[model][d_templ] = 64
USING MODEL CONFIG: self._conf[model][n_head_msa] = 8
USING MODEL CONFIG: self._conf[model][n_head_pair] = 4
USING MODEL CONFIG: self._conf[model][n_head_templ] = 4
USING MODEL CONFIG: self._conf[model][d_hidden] = 32
USING MODEL CONFIG: self._conf[model][d_hidden_templ] = 32
USING MODEL CONFIG: self._conf[model][p_drop] = 0.15
USING MODEL CONFIG: self._conf[model][SE3_param_full] = {'num_layers': 1, 'num_channels': 32, 'num_degrees': 2, 'n_heads': 4, 'div': 4, 'l0_in_features': 8, 'l0_out_features': 8, 'l1_in_features': 3, 'l1_out_features': 2, 'num_edge_features': 32}
USING MODEL CONFIG: self._conf[model][SE3_param_topk] = {'num_layers': 1, 'num_channels': 32, 'num_degrees': 2, 'n_heads': 4, 'div': 4, 'l0_in_features': 64, 'l0_out_features': 64, 'l1_in_features': 3, 'l1_out_features': 2, 'num_edge_features': 64}
USING MODEL CONFIG: self._conf[model][freeze_track_motif] = False
USING MODEL CONFIG: self._conf[model][use_motif_timestep] = True
USING MODEL CONFIG: self._conf[diffuser][T] = 50
USING MODEL CONFIG: self._conf[diffuser][b_0] = 0.01
USING MODEL CONFIG: self._conf[diffuser][b_T] = 0.07
USING MODEL CONFIG: self._conf[diffuser][schedule_type] = linear
USING MODEL CONFIG: self._conf[diffuser][so3_type] = igso3
USING MODEL CONFIG: self._conf[diffuser][crd_scale] = 0.25
USING MODEL CONFIG: self._conf[diffuser][so3_schedule_type] = linear
USING MODEL CONFIG: self._conf[diffuser][min_b] = 1.5
USING MODEL CONFIG: self._conf[diffuser][max_b] = 2.5
USING MODEL CONFIG: self._conf[diffuser][min_sigma] = 0.02
USING MODEL CONFIG: self._conf[diffuser][max_sigma] = 1.5
USING MODEL CONFIG: self._conf[preprocess][sidechain_input] = False
USING MODEL CONFIG: self._conf[preprocess][motif_sidechain_input] = True
USING MODEL CONFIG: self._conf[preprocess][d_t1d] = 22
USING MODEL CONFIG: self._conf[preprocess][d_t2d] = 44
USING MODEL CONFIG: self._conf[preprocess][prob_self_cond] = 0.5
USING MODEL CONFIG: self._conf[preprocess][str_self_cond] = True
USING MODEL CONFIG: self._conf[preprocess][predict_previous] = False
[2026-04-24 06:36:38,713][rfdiffusion.inference.model_runners][INFO] - Loading checkpoint.
[2026-04-24 06:36:46,740][rfdiffusion.diffusion][INFO] - Using cached IGSO3.
Successful diffuser __init__
[2026-04-24 06:36:46,773][__main__][INFO] - Making design /lambda/nfs/manvi/Team_8_CS598GBL/outputs/custom90_128_motif_scaffolding/default/len_101/mid/scaffold_0
[2026-04-24 06:36:46,779][rfdiffusion.inference.model_runners][INFO] - Using contig: ['20-33/A35-65/20-33']
With this beta schedule (linear schedule, beta_0 = 0.04, beta_T = 0.28), alpha_bar_T = 0.00013696048699785024
[2026-04-24 06:36:46,913][rfdiffusion.inference.model_runners][INFO] - Sequence init: ---------------------GGGGGGGGGGGGGGGGGGGGGGGGGGGGGGG----------------------------
[2026-04-24 06:36:51,939][rfdiffusion.inference.utils][INFO] - Sampled motif RMSD: 0.19
[2026-04-24 06:36:52,094][rfdiffusion.inference.model_runners][INFO] - Timestep 50, input to next step: ---------------------GGGGGGGGGGGGGGGGGGGGGGGGGGGGGGG----------------------------
[2026-04-24 06:36:55,335][rfdiffusion.inference.utils][INFO] - Sampled motif RMSD: 0.12
[2026-04-24 06:36:55,547][rfdiffusion.inference.model_runners][INFO] - Timestep 49, input to next step: ---------------------GGGGGGGGGGGGGGGGGGGGGGGGGGGGGGG----------------------------
[2026-04-24 06:36:58,571][rfdiffusion.inference.utils][INFO] - Sampled motif RMSD: 0.11
[2026-04-24 06:36:58,822][rfdiffusion.inference.model_runners][INFO] - Timestep 48, input to next step: ---------------------GGGGGGGGGGGGGGGGGGGGGGGGGGGGGGG----------------------------
[2026-04-24 06:37:02,955][rfdiffusion.inference.utils][INFO] - Sampled motif RMSD: 0.13
[2026-04-24 06:37:03,197][rfdiffusion.inference.model_runners][INFO] - Timestep 47, input to next step: ---------------------GGGGGGGGGGGGGGGGGGGGGGGGGGGGGGG----------------------------
[2026-04-24 06:37:07,704][rfdiffusion.inference.utils][INFO] - Sampled motif RMSD: 0.12
[2026-04-24 06:37:07,854][rfdiffusion.inference.model_runners][INFO] - Timestep 46, input to next step: ---------------------GGGGGGGGGGGGGGGGGGGGGGGGGGGGGGG----------------------------
[2026-04-24 06:37:12,265][rfdiffusion.inference.utils][INFO] - Sampled motif RMSD: 0.13
[2026-04-24 06:37:12,486][rfdiffusion.inference.model_runners][INFO] - Timestep 45, input to next step: ---------------------GGGGGGGGGGGGGGGGGGGGGGGGGGGGGGG----------------------------
[2026-04-24 06:37:16,387][rfdiffusion.inference.utils][INFO] - Sampled motif RMSD: 0.13
[2026-04-24 06:37:16,639][rfdiffusion.inference.model_runners][INFO] - Timestep 44, input to next step: ---------------------GGGGGGGGGGGGGGGGGGGGGGGGGGGGGGG----------------------------
[2026-04-24 06:37:22,400][rfdiffusion.inference.utils][INFO] - Sampled motif RMSD: 0.13
[2026-04-24 06:37:22,552][rfdiffusion.inference.model_runners][INFO] - Timestep 43, input to next step: ---------------------GGGGGGGGGGGGGGGGGGGGGGGGGGGGGGG----------------------------
[2026-04-24 06:37:26,854][rfdiffusion.inference.utils][INFO] - Sampled motif RMSD: 0.13
[2026-04-24 06:37:27,150][rfdiffusion.inference.model_runners][INFO] - Timestep 42, input to next step: ---------------------GGGGGGGGGGGGGGGGGGGGGGGGGGGGGGG----------------------------
[2026-04-24 06:37:31,275][rfdiffusion.inference.utils][INFO] - Sampled motif RMSD: 0.12
[2026-04-24 06:37:31,509][rfdiffusion.inference.model_runners][INFO] - Timestep 41, input to next step: ---------------------GGGGGGGGGGGGGGGGGGGGGGGGGGGGGGG----------------------------
[2026-04-24 06:37:35,153][rfdiffusion.inference.utils][INFO] - Sampled motif RMSD: 0.12
[2026-04-24 06:37:35,385][rfdiffusion.inference.model_runners][INFO] - Timestep 40, input to next step: ---------------------GGGGGGGGGGGGGGGGGGGGGGGGGGGGGGG----------------------------
[2026-04-24 06:37:38,113][rfdiffusion.inference.utils][INFO] - Sampled motif RMSD: 0.12
[2026-04-24 06:37:38,551][rfdiffusion.inference.model_runners][INFO] - Timestep 39, input to next step: ---------------------GGGGGGGGGGGGGGGGGGGGGGGGGGGGGGG----------------------------
[2026-04-24 06:37:41,738][rfdiffusion.inference.utils][INFO] - Sampled motif RMSD: 0.12
[2026-04-24 06:37:42,002][rfdiffusion.inference.model_runners][INFO] - Timestep 38, input to next step: ---------------------GGGGGGGGGGGGGGGGGGGGGGGGGGGGGGG----------------------------
[2026-04-24 06:37:45,796][rfdiffusion.inference.utils][INFO] - Sampled motif RMSD: 0.12
[2026-04-24 06:37:46,049][rfdiffusion.inference.model_runners][INFO] - Timestep 37, input to next step: ---------------------GGGGGGGGGGGGGGGGGGGGGGGGGGGGGGG----------------------------
[2026-04-24 06:37:49,116][rfdiffusion.inference.utils][INFO] - Sampled motif RMSD: 0.12
[2026-04-24 06:37:49,514][rfdiffusion.inference.model_runners][INFO] - Timestep 36, input to next step: ---------------------GGGGGGGGGGGGGGGGGGGGGGGGGGGGGGG----------------------------
[2026-04-24 06:37:53,850][rfdiffusion.inference.utils][INFO] - Sampled motif RMSD: 0.13
[2026-04-24 06:37:54,295][rfdiffusion.inference.model_runners][INFO] - Timestep 35, input to next step: ---------------------GGGGGGGGGGGGGGGGGGGGGGGGGGGGGGG----------------------------
[2026-04-24 06:37:58,504][rfdiffusion.inference.utils][INFO] - Sampled motif RMSD: 0.13
[2026-04-24 06:37:58,737][rfdiffusion.inference.model_runners][INFO] - Timestep 34, input to next step: ---------------------GGGGGGGGGGGGGGGGGGGGGGGGGGGGGGG----------------------------
[2026-04-24 06:38:03,230][rfdiffusion.inference.utils][INFO] - Sampled motif RMSD: 0.12
[2026-04-24 06:38:03,694][rfdiffusion.inference.model_runners][INFO] - Timestep 33, input to next step: ---------------------GGGGGGGGGGGGGGGGGGGGGGGGGGGGGGG----------------------------
[2026-04-24 06:38:08,489][rfdiffusion.inference.utils][INFO] - Sampled motif RMSD: 0.12
[2026-04-24 06:38:08,905][rfdiffusion.inference.model_runners][INFO] - Timestep 32, input to next step: ---------------------GGGGGGGGGGGGGGGGGGGGGGGGGGGGGGG----------------------------
[2026-04-24 06:38:12,923][rfdiffusion.inference.utils][INFO] - Sampled motif RMSD: 0.12
[2026-04-24 06:38:13,426][rfdiffusion.inference.model_runners][INFO] - Timestep 31, input to next step: ---------------------GGGGGGGGGGGGGGGGGGGGGGGGGGGGGGG----------------------------
[2026-04-24 06:38:17,268][rfdiffusion.inference.utils][INFO] - Sampled motif RMSD: 0.12
[2026-04-24 06:38:17,553][rfdiffusion.inference.model_runners][INFO] - Timestep 30, input to next step: ---------------------GGGGGGGGGGGGGGGGGGGGGGGGGGGGGGG----------------------------
[2026-04-24 06:38:22,660][rfdiffusion.inference.utils][INFO] - Sampled motif RMSD: 0.12
[2026-04-24 06:38:23,001][rfdiffusion.inference.model_runners][INFO] - Timestep 29, input to next step: ---------------------GGGGGGGGGGGGGGGGGGGGGGGGGGGGGGG----------------------------
[2026-04-24 06:38:27,674][rfdiffusion.inference.utils][INFO] - Sampled motif RMSD: 0.12
[2026-04-24 06:38:27,879][rfdiffusion.inference.model_runners][INFO] - Timestep 28, input to next step: ---------------------GGGGGGGGGGGGGGGGGGGGGGGGGGGGGGG----------------------------
[2026-04-24 06:38:34,286][rfdiffusion.inference.utils][INFO] - Sampled motif RMSD: 0.12
[2026-04-24 06:38:34,552][rfdiffusion.inference.model_runners][INFO] - Timestep 27, input to next step: ---------------------GGGGGGGGGGGGGGGGGGGGGGGGGGGGGGG----------------------------
[2026-04-24 06:38:39,601][rfdiffusion.inference.utils][INFO] - Sampled motif RMSD: 0.12
[2026-04-24 06:38:40,064][rfdiffusion.inference.model_runners][INFO] - Timestep 26, input to next step: ---------------------GGGGGGGGGGGGGGGGGGGGGGGGGGGGGGG----------------------------
[2026-04-24 06:38:43,969][rfdiffusion.inference.utils][INFO] - Sampled motif RMSD: 0.12
[2026-04-24 06:38:44,257][rfdiffusion.inference.model_runners][INFO] - Timestep 25, input to next step: ---------------------GGGGGGGGGGGGGGGGGGGGGGGGGGGGGGG----------------------------
[2026-04-24 06:38:48,915][rfdiffusion.inference.utils][INFO] - Sampled motif RMSD: 0.12
[2026-04-24 06:38:49,205][rfdiffusion.inference.model_runners][INFO] - Timestep 24, input to next step: ---------------------GGGGGGGGGGGGGGGGGGGGGGGGGGGGGGG----------------------------
[2026-04-24 06:38:51,931][rfdiffusion.inference.utils][INFO] - Sampled motif RMSD: 0.12
[2026-04-24 06:38:52,377][rfdiffusion.inference.model_runners][INFO] - Timestep 23, input to next step: ---------------------GGGGGGGGGGGGGGGGGGGGGGGGGGGGGGG----------------------------
[2026-04-24 06:38:55,938][rfdiffusion.inference.utils][INFO] - Sampled motif RMSD: 0.12
[2026-04-24 06:38:56,283][rfdiffusion.inference.model_runners][INFO] - Timestep 22, input to next step: ---------------------GGGGGGGGGGGGGGGGGGGGGGGGGGGGGGG----------------------------
[2026-04-24 06:39:01,316][rfdiffusion.inference.utils][INFO] - Sampled motif RMSD: 0.12
[2026-04-24 06:39:01,751][rfdiffusion.inference.model_runners][INFO] - Timestep 21, input to next step: ---------------------GGGGGGGGGGGGGGGGGGGGGGGGGGGGGGG----------------------------
[2026-04-24 06:39:06,790][rfdiffusion.inference.utils][INFO] - Sampled motif RMSD: 0.13
[2026-04-24 06:39:06,948][rfdiffusion.inference.model_runners][INFO] - Timestep 20, input to next step: ---------------------GGGGGGGGGGGGGGGGGGGGGGGGGGGGGGG----------------------------
[2026-04-24 06:39:11,428][rfdiffusion.inference.utils][INFO] - Sampled motif RMSD: 0.13
[2026-04-24 06:39:11,558][rfdiffusion.inference.model_runners][INFO] - Timestep 19, input to next step: ---------------------GGGGGGGGGGGGGGGGGGGGGGGGGGGGGGG----------------------------
[2026-04-24 06:39:16,340][rfdiffusion.inference.utils][INFO] - Sampled motif RMSD: 0.13
[2026-04-24 06:39:16,583][rfdiffusion.inference.model_runners][INFO] - Timestep 18, input to next step: ---------------------GGGGGGGGGGGGGGGGGGGGGGGGGGGGGGG----------------------------
[2026-04-24 06:39:21,283][rfdiffusion.inference.utils][INFO] - Sampled motif RMSD: 0.12
[2026-04-24 06:39:21,649][rfdiffusion.inference.model_runners][INFO] - Timestep 17, input to next step: ---------------------GGGGGGGGGGGGGGGGGGGGGGGGGGGGGGG----------------------------
[2026-04-24 06:39:26,500][rfdiffusion.inference.utils][INFO] - Sampled motif RMSD: 0.12
[2026-04-24 06:39:26,754][rfdiffusion.inference.model_runners][INFO] - Timestep 16, input to next step: ---------------------GGGGGGGGGGGGGGGGGGGGGGGGGGGGGGG----------------------------
[2026-04-24 06:39:31,886][rfdiffusion.inference.utils][INFO] - Sampled motif RMSD: 0.13
[2026-04-24 06:39:32,352][rfdiffusion.inference.model_runners][INFO] - Timestep 15, input to next step: ---------------------GGGGGGGGGGGGGGGGGGGGGGGGGGGGGGG----------------------------
[2026-04-24 06:39:37,467][rfdiffusion.inference.utils][INFO] - Sampled motif RMSD: 0.13
[2026-04-24 06:39:37,950][rfdiffusion.inference.model_runners][INFO] - Timestep 14, input to next step: ---------------------GGGGGGGGGGGGGGGGGGGGGGGGGGGGGGG----------------------------
[2026-04-24 06:39:42,410][rfdiffusion.inference.utils][INFO] - Sampled motif RMSD: 0.13
[2026-04-24 06:39:42,751][rfdiffusion.inference.model_runners][INFO] - Timestep 13, input to next step: ---------------------GGGGGGGGGGGGGGGGGGGGGGGGGGGGGGG----------------------------
[2026-04-24 06:39:46,280][rfdiffusion.inference.utils][INFO] - Sampled motif RMSD: 0.12
[2026-04-24 06:39:46,654][rfdiffusion.inference.model_runners][INFO] - Timestep 12, input to next step: ---------------------GGGGGGGGGGGGGGGGGGGGGGGGGGGGGGG----------------------------
[2026-04-24 06:39:50,768][rfdiffusion.inference.utils][INFO] - Sampled motif RMSD: 0.13
[2026-04-24 06:39:51,056][rfdiffusion.inference.model_runners][INFO] - Timestep 11, input to next step: ---------------------GGGGGGGGGGGGGGGGGGGGGGGGGGGGGGG----------------------------
[2026-04-24 06:39:55,006][rfdiffusion.inference.utils][INFO] - Sampled motif RMSD: 0.13
[2026-04-24 06:39:55,283][rfdiffusion.inference.model_runners][INFO] - Timestep 10, input to next step: ---------------------GGGGGGGGGGGGGGGGGGGGGGGGGGGGGGG----------------------------
[2026-04-24 06:39:59,892][rfdiffusion.inference.utils][INFO] - Sampled motif RMSD: 0.12
[2026-04-24 06:40:00,398][rfdiffusion.inference.model_runners][INFO] - Timestep 9, input to next step: ---------------------GGGGGGGGGGGGGGGGGGGGGGGGGGGGGGG----------------------------
[2026-04-24 06:40:05,636][rfdiffusion.inference.utils][INFO] - Sampled motif RMSD: 0.13
[2026-04-24 06:40:05,944][rfdiffusion.inference.model_runners][INFO] - Timestep 8, input to next step: ---------------------GGGGGGGGGGGGGGGGGGGGGGGGGGGGGGG----------------------------
[2026-04-24 06:40:12,254][rfdiffusion.inference.utils][INFO] - Sampled motif RMSD: 0.13
[2026-04-24 06:40:12,530][rfdiffusion.inference.model_runners][INFO] - Timestep 7, input to next step: ---------------------GGGGGGGGGGGGGGGGGGGGGGGGGGGGGGG----------------------------
[2026-04-24 06:40:17,342][rfdiffusion.inference.utils][INFO] - Sampled motif RMSD: 0.13
[2026-04-24 06:40:17,490][rfdiffusion.inference.model_runners][INFO] - Timestep 6, input to next step: ---------------------GGGGGGGGGGGGGGGGGGGGGGGGGGGGGGG----------------------------
[2026-04-24 06:40:21,043][rfdiffusion.inference.utils][INFO] - Sampled motif RMSD: 0.13
[2026-04-24 06:40:21,313][rfdiffusion.inference.model_runners][INFO] - Timestep 5, input to next step: ---------------------GGGGGGGGGGGGGGGGGGGGGGGGGGGGGGG----------------------------
[2026-04-24 06:40:26,705][rfdiffusion.inference.utils][INFO] - Sampled motif RMSD: 0.13
[2026-04-24 06:40:27,061][rfdiffusion.inference.model_runners][INFO] - Timestep 4, input to next step: ---------------------GGGGGGGGGGGGGGGGGGGGGGGGGGGGGGG----------------------------
[2026-04-24 06:40:31,753][rfdiffusion.inference.utils][INFO] - Sampled motif RMSD: 0.12
[2026-04-24 06:40:32,240][rfdiffusion.inference.model_runners][INFO] - Timestep 3, input to next step: ---------------------GGGGGGGGGGGGGGGGGGGGGGGGGGGGGGG----------------------------
[2026-04-24 06:40:37,796][rfdiffusion.inference.utils][INFO] - Sampled motif RMSD: 0.12
[2026-04-24 06:40:37,958][rfdiffusion.inference.model_runners][INFO] - Timestep 2, input to next step: ---------------------GGGGGGGGGGGGGGGGGGGGGGGGGGGGGGG----------------------------
[2026-04-24 06:40:46,374][__main__][INFO] - Finished design in 3.99 minutes
[2026-04-24 06:40:46,375][__main__][INFO] - Making design /lambda/nfs/manvi/Team_8_CS598GBL/outputs/custom90_128_motif_scaffolding/default/len_101/mid/scaffold_1
[2026-04-24 06:40:46,386][rfdiffusion.inference.model_runners][INFO] - Using contig: ['20-33/A35-65/20-33']
With this beta schedule (linear schedule, beta_0 = 0.04, beta_T = 0.28), alpha_bar_T = 0.00013696048699785024
[2026-04-24 06:40:46,769][rfdiffusion.inference.model_runners][INFO] - Sequence init: ----------------------GGGGGGGGGGGGGGGGGGGGGGGGGGGGGGG--------------------
[2026-04-24 06:40:53,157][rfdiffusion.inference.utils][INFO] - Sampled motif RMSD: 0.20
[2026-04-24 06:40:53,610][rfdiffusion.inference.model_runners][INFO] - Timestep 50, input to next step: ----------------------GGGGGGGGGGGGGGGGGGGGGGGGGGGGGGG--------------------
[2026-04-24 06:40:59,185][rfdiffusion.inference.utils][INFO] - Sampled motif RMSD: 0.15
[2026-04-24 06:40:59,448][rfdiffusion.inference.model_runners][INFO] - Timestep 49, input to next step: ----------------------GGGGGGGGGGGGGGGGGGGGGGGGGGGGGGG--------------------
[2026-04-24 06:41:04,184][rfdiffusion.inference.utils][INFO] - Sampled motif RMSD: 0.16
[2026-04-24 06:41:04,408][rfdiffusion.inference.model_runners][INFO] - Timestep 48, input to next step: ----------------------GGGGGGGGGGGGGGGGGGGGGGGGGGGGGGG--------------------
[2026-04-24 06:41:11,299][rfdiffusion.inference.utils][INFO] - Sampled motif RMSD: 0.15
[2026-04-24 06:41:12,004][rfdiffusion.inference.model_runners][INFO] - Timestep 47, input to next step: ----------------------GGGGGGGGGGGGGGGGGGGGGGGGGGGGGGG--------------------
[2026-04-24 06:41:14,036][rfdiffusion.inference.utils][INFO] - Sampled motif RMSD: 0.14
[2026-04-24 06:41:14,783][rfdiffusion.inference.model_runners][INFO] - Timestep 46, input to next step: ----------------------GGGGGGGGGGGGGGGGGGGGGGGGGGGGGGG--------------------
[2026-04-24 06:41:19,033][rfdiffusion.inference.utils][INFO] - Sampled motif RMSD: 0.15
[2026-04-24 06:41:19,696][rfdiffusion.inference.model_runners][INFO] - Timestep 45, input to next step: ----------------------GGGGGGGGGGGGGGGGGGGGGGGGGGGGGGG--------------------
[2026-04-24 06:41:25,318][rfdiffusion.inference.utils][INFO] - Sampled motif RMSD: 0.14
[2026-04-24 06:41:25,435][rfdiffusion.inference.model_runners][INFO] - Timestep 44, input to next step: ----------------------GGGGGGGGGGGGGGGGGGGGGGGGGGGGGGG--------------------
[2026-04-24 06:41:29,448][rfdiffusion.inference.utils][INFO] - Sampled motif RMSD: 0.13
[2026-04-24 06:41:29,751][rfdiffusion.inference.model_runners][INFO] - Timestep 43, input to next step: ----------------------GGGGGGGGGGGGGGGGGGGGGGGGGGGGGGG--------------------
[2026-04-24 06:41:33,479][rfdiffusion.inference.utils][INFO] - Sampled motif RMSD: 0.13
[2026-04-24 06:41:33,772][rfdiffusion.inference.model_runners][INFO] - Timestep 42, input to next step: ----------------------GGGGGGGGGGGGGGGGGGGGGGGGGGGGGGG--------------------
[2026-04-24 06:41:38,452][rfdiffusion.inference.utils][INFO] - Sampled motif RMSD: 0.14
[2026-04-24 06:41:38,844][rfdiffusion.inference.model_runners][INFO] - Timestep 41, input to next step: ----------------------GGGGGGGGGGGGGGGGGGGGGGGGGGGGGGG--------------------
[2026-04-24 06:41:43,613][rfdiffusion.inference.utils][INFO] - Sampled motif RMSD: 0.14
[2026-04-24 06:41:43,832][rfdiffusion.inference.model_runners][INFO] - Timestep 40, input to next step: ----------------------GGGGGGGGGGGGGGGGGGGGGGGGGGGGGGG--------------------
[2026-04-24 06:41:48,303][rfdiffusion.inference.utils][INFO] - Sampled motif RMSD: 0.12
[2026-04-24 06:41:48,549][rfdiffusion.inference.model_runners][INFO] - Timestep 39, input to next step: ----------------------GGGGGGGGGGGGGGGGGGGGGGGGGGGGGGG--------------------
[2026-04-24 06:41:52,108][rfdiffusion.inference.utils][INFO] - Sampled motif RMSD: 0.12
[2026-04-24 06:41:52,351][rfdiffusion.inference.model_runners][INFO] - Timestep 38, input to next step: ----------------------GGGGGGGGGGGGGGGGGGGGGGGGGGGGGGG--------------------
[2026-04-24 06:41:56,773][rfdiffusion.inference.utils][INFO] - Sampled motif RMSD: 0.13
[2026-04-24 06:41:56,887][rfdiffusion.inference.model_runners][INFO] - Timestep 37, input to next step: ----------------------GGGGGGGGGGGGGGGGGGGGGGGGGGGGGGG--------------------
[2026-04-24 06:42:01,879][rfdiffusion.inference.utils][INFO] - Sampled motif RMSD: 0.14
[2026-04-24 06:42:02,306][rfdiffusion.inference.model_runners][INFO] - Timestep 36, input to next step: ----------------------GGGGGGGGGGGGGGGGGGGGGGGGGGGGGGG--------------------
[2026-04-24 06:42:06,341][rfdiffusion.inference.utils][INFO] - Sampled motif RMSD: 0.12
[2026-04-24 06:42:06,677][rfdiffusion.inference.model_runners][INFO] - Timestep 35, input to next step: ----------------------GGGGGGGGGGGGGGGGGGGGGGGGGGGGGGG--------------------
[2026-04-24 06:42:11,371][rfdiffusion.inference.utils][INFO] - Sampled motif RMSD: 0.12
[2026-04-24 06:42:11,828][rfdiffusion.inference.model_runners][INFO] - Timestep 34, input to next step: ----------------------GGGGGGGGGGGGGGGGGGGGGGGGGGGGGGG--------------------
[2026-04-24 06:42:18,404][rfdiffusion.inference.utils][INFO] - Sampled motif RMSD: 0.12
[2026-04-24 06:42:18,836][rfdiffusion.inference.model_runners][INFO] - Timestep 33, input to next step: ----------------------GGGGGGGGGGGGGGGGGGGGGGGGGGGGGGG--------------------
[2026-04-24 06:42:24,225][rfdiffusion.inference.utils][INFO] - Sampled motif RMSD: 0.12
[2026-04-24 06:42:24,566][rfdiffusion.inference.model_runners][INFO] - Timestep 32, input to next step: ----------------------GGGGGGGGGGGGGGGGGGGGGGGGGGGGGGG--------------------
[2026-04-24 06:42:30,778][rfdiffusion.inference.utils][INFO] - Sampled motif RMSD: 0.12
[2026-04-24 06:42:31,149][rfdiffusion.inference.model_runners][INFO] - Timestep 31, input to next step: ----------------------GGGGGGGGGGGGGGGGGGGGGGGGGGGGGGG--------------------
[2026-04-24 06:42:36,645][rfdiffusion.inference.utils][INFO] - Sampled motif RMSD: 0.12
[2026-04-24 06:42:37,042][rfdiffusion.inference.model_runners][INFO] - Timestep 30, input to next step: ----------------------GGGGGGGGGGGGGGGGGGGGGGGGGGGGGGG--------------------
[2026-04-24 06:42:43,501][rfdiffusion.inference.utils][INFO] - Sampled motif RMSD: 0.12
[2026-04-24 06:42:43,928][rfdiffusion.inference.model_runners][INFO] - Timestep 29, input to next step: ----------------------GGGGGGGGGGGGGGGGGGGGGGGGGGGGGGG--------------------
[2026-04-24 06:42:48,993][rfdiffusion.inference.utils][INFO] - Sampled motif RMSD: 0.11
[2026-04-24 06:42:49,454][rfdiffusion.inference.model_runners][INFO] - Timestep 28, input to next step: ----------------------GGGGGGGGGGGGGGGGGGGGGGGGGGGGGGG--------------------
[2026-04-24 06:42:54,615][rfdiffusion.inference.utils][INFO] - Sampled motif RMSD: 0.11
[2026-04-24 06:42:54,875][rfdiffusion.inference.model_runners][INFO] - Timestep 27, input to next step: ----------------------GGGGGGGGGGGGGGGGGGGGGGGGGGGGGGG--------------------
[2026-04-24 06:43:00,960][rfdiffusion.inference.utils][INFO] - Sampled motif RMSD: 0.12
[2026-04-24 06:43:01,520][rfdiffusion.inference.model_runners][INFO] - Timestep 26, input to next step: ----------------------GGGGGGGGGGGGGGGGGGGGGGGGGGGGGGG--------------------
[2026-04-24 06:43:07,651][rfdiffusion.inference.utils][INFO] - Sampled motif RMSD: 0.12
[2026-04-24 06:43:08,133][rfdiffusion.inference.model_runners][INFO] - Timestep 25, input to next step: ----------------------GGGGGGGGGGGGGGGGGGGGGGGGGGGGGGG--------------------
[2026-04-24 06:43:14,174][rfdiffusion.inference.utils][INFO] - Sampled motif RMSD: 0.12
[2026-04-24 06:43:14,590][rfdiffusion.inference.model_runners][INFO] - Timestep 24, input to next step: ----------------------GGGGGGGGGGGGGGGGGGGGGGGGGGGGGGG--------------------
[2026-04-24 06:43:21,275][rfdiffusion.inference.utils][INFO] - Sampled motif RMSD: 0.12
[2026-04-24 06:43:21,674][rfdiffusion.inference.model_runners][INFO] - Timestep 23, input to next step: ----------------------GGGGGGGGGGGGGGGGGGGGGGGGGGGGGGG--------------------
[2026-04-24 06:43:26,865][rfdiffusion.inference.utils][INFO] - Sampled motif RMSD: 0.12
[2026-04-24 06:43:27,288][rfdiffusion.inference.model_runners][INFO] - Timestep 22, input to next step: ----------------------GGGGGGGGGGGGGGGGGGGGGGGGGGGGGGG--------------------
[2026-04-24 06:43:32,150][rfdiffusion.inference.utils][INFO] - Sampled motif RMSD: 0.12
[2026-04-24 06:43:32,643][rfdiffusion.inference.model_runners][INFO] - Timestep 21, input to next step: ----------------------GGGGGGGGGGGGGGGGGGGGGGGGGGGGGGG--------------------
[2026-04-24 06:43:38,234][rfdiffusion.inference.utils][INFO] - Sampled motif RMSD: 0.12
[2026-04-24 06:43:38,730][rfdiffusion.inference.model_runners][INFO] - Timestep 20, input to next step: ----------------------GGGGGGGGGGGGGGGGGGGGGGGGGGGGGGG--------------------
[2026-04-24 06:43:43,781][rfdiffusion.inference.utils][INFO] - Sampled motif RMSD: 0.12
[2026-04-24 06:43:44,006][rfdiffusion.inference.model_runners][INFO] - Timestep 19, input to next step: ----------------------GGGGGGGGGGGGGGGGGGGGGGGGGGGGGGG--------------------
[2026-04-24 06:43:49,010][rfdiffusion.inference.utils][INFO] - Sampled motif RMSD: 0.12
[2026-04-24 06:43:49,282][rfdiffusion.inference.model_runners][INFO] - Timestep 18, input to next step: ----------------------GGGGGGGGGGGGGGGGGGGGGGGGGGGGGGG--------------------
[2026-04-24 06:43:55,024][rfdiffusion.inference.utils][INFO] - Sampled motif RMSD: 0.12
[2026-04-24 06:43:55,465][rfdiffusion.inference.model_runners][INFO] - Timestep 17, input to next step: ----------------------GGGGGGGGGGGGGGGGGGGGGGGGGGGGGGG--------------------
[2026-04-24 06:44:00,293][rfdiffusion.inference.utils][INFO] - Sampled motif RMSD: 0.12
[2026-04-24 06:44:00,750][rfdiffusion.inference.model_runners][INFO] - Timestep 16, input to next step: ----------------------GGGGGGGGGGGGGGGGGGGGGGGGGGGGGGG--------------------
[2026-04-24 06:44:04,930][rfdiffusion.inference.utils][INFO] - Sampled motif RMSD: 0.12
[2026-04-24 06:44:05,392][rfdiffusion.inference.model_runners][INFO] - Timestep 15, input to next step: ----------------------GGGGGGGGGGGGGGGGGGGGGGGGGGGGGGG--------------------
[2026-04-24 06:44:11,824][rfdiffusion.inference.utils][INFO] - Sampled motif RMSD: 0.11
[2026-04-24 06:44:12,187][rfdiffusion.inference.model_runners][INFO] - Timestep 14, input to next step: ----------------------GGGGGGGGGGGGGGGGGGGGGGGGGGGGGGG--------------------
[2026-04-24 06:44:18,081][rfdiffusion.inference.utils][INFO] - Sampled motif RMSD: 0.12
[2026-04-24 06:44:18,429][rfdiffusion.inference.model_runners][INFO] - Timestep 13, input to next step: ----------------------GGGGGGGGGGGGGGGGGGGGGGGGGGGGGGG--------------------
[2026-04-24 06:44:24,481][rfdiffusion.inference.utils][INFO] - Sampled motif RMSD: 0.12
[2026-04-24 06:44:24,951][rfdiffusion.inference.model_runners][INFO] - Timestep 12, input to next step: ----------------------GGGGGGGGGGGGGGGGGGGGGGGGGGGGGGG--------------------
[2026-04-24 06:44:32,096][rfdiffusion.inference.utils][INFO] - Sampled motif RMSD: 0.12
[2026-04-24 06:44:32,534][rfdiffusion.inference.model_runners][INFO] - Timestep 11, input to next step: ----------------------GGGGGGGGGGGGGGGGGGGGGGGGGGGGGGG--------------------
[2026-04-24 06:44:36,512][rfdiffusion.inference.utils][INFO] - Sampled motif RMSD: 0.12
[2026-04-24 06:44:36,857][rfdiffusion.inference.model_runners][INFO] - Timestep 10, input to next step: ----------------------GGGGGGGGGGGGGGGGGGGGGGGGGGGGGGG--------------------
[2026-04-24 06:44:40,512][rfdiffusion.inference.utils][INFO] - Sampled motif RMSD: 0.11
[2026-04-24 06:44:40,830][rfdiffusion.inference.model_runners][INFO] - Timestep 9, input to next step: ----------------------GGGGGGGGGGGGGGGGGGGGGGGGGGGGGGG--------------------
[2026-04-24 06:44:45,503][rfdiffusion.inference.utils][INFO] - Sampled motif RMSD: 0.11
[2026-04-24 06:44:45,747][rfdiffusion.inference.model_runners][INFO] - Timestep 8, input to next step: ----------------------GGGGGGGGGGGGGGGGGGGGGGGGGGGGGGG--------------------
[2026-04-24 06:44:50,154][rfdiffusion.inference.utils][INFO] - Sampled motif RMSD: 0.12
[2026-04-24 06:44:50,477][rfdiffusion.inference.model_runners][INFO] - Timestep 7, input to next step: ----------------------GGGGGGGGGGGGGGGGGGGGGGGGGGGGGGG--------------------
[2026-04-24 06:44:53,475][rfdiffusion.inference.utils][INFO] - Sampled motif RMSD: 0.12
[2026-04-24 06:44:53,789][rfdiffusion.inference.model_runners][INFO] - Timestep 6, input to next step: ----------------------GGGGGGGGGGGGGGGGGGGGGGGGGGGGGGG--------------------
[2026-04-24 06:44:57,567][rfdiffusion.inference.utils][INFO] - Sampled motif RMSD: 0.11
[2026-04-24 06:44:57,949][rfdiffusion.inference.model_runners][INFO] - Timestep 5, input to next step: ----------------------GGGGGGGGGGGGGGGGGGGGGGGGGGGGGGG--------------------
[2026-04-24 06:45:02,065][rfdiffusion.inference.utils][INFO] - Sampled motif RMSD: 0.10
[2026-04-24 06:45:02,522][rfdiffusion.inference.model_runners][INFO] - Timestep 4, input to next step: ----------------------GGGGGGGGGGGGGGGGGGGGGGGGGGGGGGG--------------------
[2026-04-24 06:45:06,461][rfdiffusion.inference.utils][INFO] - Sampled motif RMSD: 0.11
[2026-04-24 06:45:06,946][rfdiffusion.inference.model_runners][INFO] - Timestep 3, input to next step: ----------------------GGGGGGGGGGGGGGGGGGGGGGGGGGGGGGG--------------------
[2026-04-24 06:45:11,253][rfdiffusion.inference.utils][INFO] - Sampled motif RMSD: 0.11
[2026-04-24 06:45:11,543][rfdiffusion.inference.model_runners][INFO] - Timestep 2, input to next step: ----------------------GGGGGGGGGGGGGGGGGGGGGGGGGGGGGGG--------------------
[2026-04-24 06:45:17,274][__main__][INFO] - Finished design in 4.51 minutes
