[2026-04-24 06:46:18,400][__main__][INFO] - Found GPU with device_name NVIDIA A100-SXM4-80GB. Will run RFdiffusion on NVIDIA A100-SXM4-80GB
Reading models from /lambda/nfs/manvi/Team_8_CS598GBL/RFdiffusion/rfdiffusion/inference/../../models
[2026-04-24 06:46:18,401][rfdiffusion.inference.model_runners][INFO] - Reading checkpoint from /lambda/nfs/manvi/Team_8_CS598GBL/RFdiffusion/rfdiffusion/inference/../../models/Base_ckpt.pt
This is inf_conf.ckpt_path
/lambda/nfs/manvi/Team_8_CS598GBL/RFdiffusion/rfdiffusion/inference/../../models/Base_ckpt.pt
Assembling -model, -diffuser and -preprocess configs from checkpoint
USING MODEL CONFIG: self._conf[model][n_extra_block] = 4
USING MODEL CONFIG: self._conf[model][n_main_block] = 32
USING MODEL CONFIG: self._conf[model][n_ref_block] = 4
USING MODEL CONFIG: self._conf[model][d_msa] = 256
USING MODEL CONFIG: self._conf[model][d_msa_full] = 64
USING MODEL CONFIG: self._conf[model][d_pair] = 128
USING MODEL CONFIG: self._conf[model][d_templ] = 64
USING MODEL CONFIG: self._conf[model][n_head_msa] = 8
USING MODEL CONFIG: self._conf[model][n_head_pair] = 4
USING MODEL CONFIG: self._conf[model][n_head_templ] = 4
USING MODEL CONFIG: self._conf[model][d_hidden] = 32
USING MODEL CONFIG: self._conf[model][d_hidden_templ] = 32
USING MODEL CONFIG: self._conf[model][p_drop] = 0.15
USING MODEL CONFIG: self._conf[model][SE3_param_full] = {'num_layers': 1, 'num_channels': 32, 'num_degrees': 2, 'n_heads': 4, 'div': 4, 'l0_in_features': 8, 'l0_out_features': 8, 'l1_in_features': 3, 'l1_out_features': 2, 'num_edge_features': 32}
USING MODEL CONFIG: self._conf[model][SE3_param_topk] = {'num_layers': 1, 'num_channels': 32, 'num_degrees': 2, 'n_heads': 4, 'div': 4, 'l0_in_features': 64, 'l0_out_features': 64, 'l1_in_features': 3, 'l1_out_features': 2, 'num_edge_features': 64}
USING MODEL CONFIG: self._conf[model][freeze_track_motif] = False
USING MODEL CONFIG: self._conf[model][use_motif_timestep] = True
USING MODEL CONFIG: self._conf[diffuser][T] = 50
USING MODEL CONFIG: self._conf[diffuser][b_0] = 0.01
USING MODEL CONFIG: self._conf[diffuser][b_T] = 0.07
USING MODEL CONFIG: self._conf[diffuser][schedule_type] = linear
USING MODEL CONFIG: self._conf[diffuser][so3_type] = igso3
USING MODEL CONFIG: self._conf[diffuser][crd_scale] = 0.25
USING MODEL CONFIG: self._conf[diffuser][so3_schedule_type] = linear
USING MODEL CONFIG: self._conf[diffuser][min_b] = 1.5
USING MODEL CONFIG: self._conf[diffuser][max_b] = 2.5
USING MODEL CONFIG: self._conf[diffuser][min_sigma] = 0.02
USING MODEL CONFIG: self._conf[diffuser][max_sigma] = 1.5
USING MODEL CONFIG: self._conf[preprocess][sidechain_input] = False
USING MODEL CONFIG: self._conf[preprocess][motif_sidechain_input] = True
USING MODEL CONFIG: self._conf[preprocess][d_t1d] = 22
USING MODEL CONFIG: self._conf[preprocess][d_t2d] = 44
USING MODEL CONFIG: self._conf[preprocess][prob_self_cond] = 0.5
USING MODEL CONFIG: self._conf[preprocess][str_self_cond] = True
USING MODEL CONFIG: self._conf[preprocess][predict_previous] = False
[2026-04-24 06:47:27,831][rfdiffusion.inference.model_runners][INFO] - Loading checkpoint.
[2026-04-24 06:47:56,026][rfdiffusion.diffusion][INFO] - Using cached IGSO3.
Successful diffuser __init__
[2026-04-24 06:47:56,108][__main__][INFO] - Making design /lambda/nfs/manvi/Team_8_CS598GBL/outputs/custom90_128_motif_scaffolding/default/len_105/nterm/scaffold_0
[2026-04-24 06:47:56,125][rfdiffusion.inference.model_runners][INFO] - Using contig: ['A1-23/21-35']
With this beta schedule (linear schedule, beta_0 = 0.04, beta_T = 0.28), alpha_bar_T = 0.00013696048699785024
[2026-04-24 06:47:56,581][rfdiffusion.inference.model_runners][INFO] - Sequence init: GGGGGGGGGGGGGGGGGGGGGGG--------------------------
[2026-04-24 06:48:06,887][rfdiffusion.inference.utils][INFO] - Sampled motif RMSD: 0.19
[2026-04-24 06:48:07,205][rfdiffusion.inference.model_runners][INFO] - Timestep 50, input to next step: GGGGGGGGGGGGGGGGGGGGGGG--------------------------
[2026-04-24 06:48:11,478][rfdiffusion.inference.utils][INFO] - Sampled motif RMSD: 0.20
[2026-04-24 06:48:11,977][rfdiffusion.inference.model_runners][INFO] - Timestep 49, input to next step: GGGGGGGGGGGGGGGGGGGGGGG--------------------------
[2026-04-24 06:48:18,238][rfdiffusion.inference.utils][INFO] - Sampled motif RMSD: 0.24
[2026-04-24 06:48:18,731][rfdiffusion.inference.model_runners][INFO] - Timestep 48, input to next step: GGGGGGGGGGGGGGGGGGGGGGG--------------------------
[2026-04-24 06:48:22,918][rfdiffusion.inference.utils][INFO] - Sampled motif RMSD: 0.22
[2026-04-24 06:48:23,309][rfdiffusion.inference.model_runners][INFO] - Timestep 47, input to next step: GGGGGGGGGGGGGGGGGGGGGGG--------------------------
[2026-04-24 06:48:27,174][rfdiffusion.inference.utils][INFO] - Sampled motif RMSD: 0.22
[2026-04-24 06:48:27,572][rfdiffusion.inference.model_runners][INFO] - Timestep 46, input to next step: GGGGGGGGGGGGGGGGGGGGGGG--------------------------
[2026-04-24 06:48:31,250][rfdiffusion.inference.utils][INFO] - Sampled motif RMSD: 0.19
[2026-04-24 06:48:31,888][rfdiffusion.inference.model_runners][INFO] - Timestep 45, input to next step: GGGGGGGGGGGGGGGGGGGGGGG--------------------------
[2026-04-24 06:48:36,218][rfdiffusion.inference.utils][INFO] - Sampled motif RMSD: 0.18
[2026-04-24 06:48:36,723][rfdiffusion.inference.model_runners][INFO] - Timestep 44, input to next step: GGGGGGGGGGGGGGGGGGGGGGG--------------------------
[2026-04-24 06:48:42,481][rfdiffusion.inference.utils][INFO] - Sampled motif RMSD: 0.19
[2026-04-24 06:48:43,016][rfdiffusion.inference.model_runners][INFO] - Timestep 43, input to next step: GGGGGGGGGGGGGGGGGGGGGGG--------------------------
[2026-04-24 06:48:47,102][rfdiffusion.inference.utils][INFO] - Sampled motif RMSD: 0.18
[2026-04-24 06:48:47,574][rfdiffusion.inference.model_runners][INFO] - Timestep 42, input to next step: GGGGGGGGGGGGGGGGGGGGGGG--------------------------
[2026-04-24 06:48:50,158][rfdiffusion.inference.utils][INFO] - Sampled motif RMSD: 0.18
[2026-04-24 06:48:50,436][rfdiffusion.inference.model_runners][INFO] - Timestep 41, input to next step: GGGGGGGGGGGGGGGGGGGGGGG--------------------------
[2026-04-24 06:48:56,942][rfdiffusion.inference.utils][INFO] - Sampled motif RMSD: 0.18
[2026-04-24 06:48:57,346][rfdiffusion.inference.model_runners][INFO] - Timestep 40, input to next step: GGGGGGGGGGGGGGGGGGGGGGG--------------------------
[2026-04-24 06:49:03,120][rfdiffusion.inference.utils][INFO] - Sampled motif RMSD: 0.17
[2026-04-24 06:49:03,479][rfdiffusion.inference.model_runners][INFO] - Timestep 39, input to next step: GGGGGGGGGGGGGGGGGGGGGGG--------------------------
[2026-04-24 06:49:09,286][rfdiffusion.inference.utils][INFO] - Sampled motif RMSD: 0.17
[2026-04-24 06:49:09,788][rfdiffusion.inference.model_runners][INFO] - Timestep 38, input to next step: GGGGGGGGGGGGGGGGGGGGGGG--------------------------
[2026-04-24 06:49:14,678][rfdiffusion.inference.utils][INFO] - Sampled motif RMSD: 0.17
[2026-04-24 06:49:15,151][rfdiffusion.inference.model_runners][INFO] - Timestep 37, input to next step: GGGGGGGGGGGGGGGGGGGGGGG--------------------------
[2026-04-24 06:49:19,253][rfdiffusion.inference.utils][INFO] - Sampled motif RMSD: 0.14
[2026-04-24 06:49:19,839][rfdiffusion.inference.model_runners][INFO] - Timestep 36, input to next step: GGGGGGGGGGGGGGGGGGGGGGG--------------------------
[2026-04-24 06:49:24,908][rfdiffusion.inference.utils][INFO] - Sampled motif RMSD: 0.14
[2026-04-24 06:49:25,214][rfdiffusion.inference.model_runners][INFO] - Timestep 35, input to next step: GGGGGGGGGGGGGGGGGGGGGGG--------------------------
[2026-04-24 06:49:27,681][rfdiffusion.inference.utils][INFO] - Sampled motif RMSD: 0.13
[2026-04-24 06:49:27,949][rfdiffusion.inference.model_runners][INFO] - Timestep 34, input to next step: GGGGGGGGGGGGGGGGGGGGGGG--------------------------
[2026-04-24 06:49:30,791][rfdiffusion.inference.utils][INFO] - Sampled motif RMSD: 0.13
[2026-04-24 06:49:31,216][rfdiffusion.inference.model_runners][INFO] - Timestep 33, input to next step: GGGGGGGGGGGGGGGGGGGGGGG--------------------------
[2026-04-24 06:49:35,500][rfdiffusion.inference.utils][INFO] - Sampled motif RMSD: 0.15
[2026-04-24 06:49:36,001][rfdiffusion.inference.model_runners][INFO] - Timestep 32, input to next step: GGGGGGGGGGGGGGGGGGGGGGG--------------------------
[2026-04-24 06:49:39,604][rfdiffusion.inference.utils][INFO] - Sampled motif RMSD: 0.14
[2026-04-24 06:49:39,978][rfdiffusion.inference.model_runners][INFO] - Timestep 31, input to next step: GGGGGGGGGGGGGGGGGGGGGGG--------------------------
[2026-04-24 06:49:44,103][rfdiffusion.inference.utils][INFO] - Sampled motif RMSD: 0.14
[2026-04-24 06:49:44,488][rfdiffusion.inference.model_runners][INFO] - Timestep 30, input to next step: GGGGGGGGGGGGGGGGGGGGGGG--------------------------
[2026-04-24 06:49:48,513][rfdiffusion.inference.utils][INFO] - Sampled motif RMSD: 0.14
[2026-04-24 06:49:48,878][rfdiffusion.inference.model_runners][INFO] - Timestep 29, input to next step: GGGGGGGGGGGGGGGGGGGGGGG--------------------------
[2026-04-24 06:49:52,192][rfdiffusion.inference.utils][INFO] - Sampled motif RMSD: 0.14
[2026-04-24 06:49:52,540][rfdiffusion.inference.model_runners][INFO] - Timestep 28, input to next step: GGGGGGGGGGGGGGGGGGGGGGG--------------------------
[2026-04-24 06:49:56,554][rfdiffusion.inference.utils][INFO] - Sampled motif RMSD: 0.16
[2026-04-24 06:49:56,659][rfdiffusion.inference.model_runners][INFO] - Timestep 27, input to next step: GGGGGGGGGGGGGGGGGGGGGGG--------------------------
[2026-04-24 06:50:01,291][rfdiffusion.inference.utils][INFO] - Sampled motif RMSD: 0.14
[2026-04-24 06:50:01,526][rfdiffusion.inference.model_runners][INFO] - Timestep 26, input to next step: GGGGGGGGGGGGGGGGGGGGGGG--------------------------
[2026-04-24 06:50:04,336][rfdiffusion.inference.utils][INFO] - Sampled motif RMSD: 0.15
[2026-04-24 06:50:04,608][rfdiffusion.inference.model_runners][INFO] - Timestep 25, input to next step: GGGGGGGGGGGGGGGGGGGGGGG--------------------------
[2026-04-24 06:50:09,599][rfdiffusion.inference.utils][INFO] - Sampled motif RMSD: 0.15
[2026-04-24 06:50:09,900][rfdiffusion.inference.model_runners][INFO] - Timestep 24, input to next step: GGGGGGGGGGGGGGGGGGGGGGG--------------------------
[2026-04-24 06:50:13,417][rfdiffusion.inference.utils][INFO] - Sampled motif RMSD: 0.15
[2026-04-24 06:50:13,699][rfdiffusion.inference.model_runners][INFO] - Timestep 23, input to next step: GGGGGGGGGGGGGGGGGGGGGGG--------------------------
[2026-04-24 06:50:18,192][rfdiffusion.inference.utils][INFO] - Sampled motif RMSD: 0.16
[2026-04-24 06:50:18,635][rfdiffusion.inference.model_runners][INFO] - Timestep 22, input to next step: GGGGGGGGGGGGGGGGGGGGGGG--------------------------
[2026-04-24 06:50:22,922][rfdiffusion.inference.utils][INFO] - Sampled motif RMSD: 0.16
[2026-04-24 06:50:23,210][rfdiffusion.inference.model_runners][INFO] - Timestep 21, input to next step: GGGGGGGGGGGGGGGGGGGGGGG--------------------------
[2026-04-24 06:50:26,170][rfdiffusion.inference.utils][INFO] - Sampled motif RMSD: 0.15
[2026-04-24 06:50:26,471][rfdiffusion.inference.model_runners][INFO] - Timestep 20, input to next step: GGGGGGGGGGGGGGGGGGGGGGG--------------------------
[2026-04-24 06:50:29,725][rfdiffusion.inference.utils][INFO] - Sampled motif RMSD: 0.14
[2026-04-24 06:50:30,035][rfdiffusion.inference.model_runners][INFO] - Timestep 19, input to next step: GGGGGGGGGGGGGGGGGGGGGGG--------------------------
[2026-04-24 06:50:33,856][rfdiffusion.inference.utils][INFO] - Sampled motif RMSD: 0.15
[2026-04-24 06:50:34,346][rfdiffusion.inference.model_runners][INFO] - Timestep 18, input to next step: GGGGGGGGGGGGGGGGGGGGGGG--------------------------
[2026-04-24 06:50:38,734][rfdiffusion.inference.utils][INFO] - Sampled motif RMSD: 0.14
[2026-04-24 06:50:39,163][rfdiffusion.inference.model_runners][INFO] - Timestep 17, input to next step: GGGGGGGGGGGGGGGGGGGGGGG--------------------------
[2026-04-24 06:50:43,775][rfdiffusion.inference.utils][INFO] - Sampled motif RMSD: 0.16
[2026-04-24 06:50:44,140][rfdiffusion.inference.model_runners][INFO] - Timestep 16, input to next step: GGGGGGGGGGGGGGGGGGGGGGG--------------------------
[2026-04-24 06:50:47,947][rfdiffusion.inference.utils][INFO] - Sampled motif RMSD: 0.16
[2026-04-24 06:50:48,407][rfdiffusion.inference.model_runners][INFO] - Timestep 15, input to next step: GGGGGGGGGGGGGGGGGGGGGGG--------------------------
[2026-04-24 06:50:50,966][rfdiffusion.inference.utils][INFO] - Sampled motif RMSD: 0.15
[2026-04-24 06:50:51,307][rfdiffusion.inference.model_runners][INFO] - Timestep 14, input to next step: GGGGGGGGGGGGGGGGGGGGGGG--------------------------
[2026-04-24 06:50:55,313][rfdiffusion.inference.utils][INFO] - Sampled motif RMSD: 0.15
[2026-04-24 06:50:55,622][rfdiffusion.inference.model_runners][INFO] - Timestep 13, input to next step: GGGGGGGGGGGGGGGGGGGGGGG--------------------------
[2026-04-24 06:50:59,926][rfdiffusion.inference.utils][INFO] - Sampled motif RMSD: 0.18
[2026-04-24 06:51:00,389][rfdiffusion.inference.model_runners][INFO] - Timestep 12, input to next step: GGGGGGGGGGGGGGGGGGGGGGG--------------------------
[2026-04-24 06:51:04,254][rfdiffusion.inference.utils][INFO] - Sampled motif RMSD: 0.18
[2026-04-24 06:51:04,617][rfdiffusion.inference.model_runners][INFO] - Timestep 11, input to next step: GGGGGGGGGGGGGGGGGGGGGGG--------------------------
[2026-04-24 06:51:08,266][rfdiffusion.inference.utils][INFO] - Sampled motif RMSD: 0.17
[2026-04-24 06:51:08,525][rfdiffusion.inference.model_runners][INFO] - Timestep 10, input to next step: GGGGGGGGGGGGGGGGGGGGGGG--------------------------
[2026-04-24 06:51:11,645][rfdiffusion.inference.utils][INFO] - Sampled motif RMSD: 0.18
[2026-04-24 06:51:11,808][rfdiffusion.inference.model_runners][INFO] - Timestep 9, input to next step: GGGGGGGGGGGGGGGGGGGGGGG--------------------------
[2026-04-24 06:51:15,820][rfdiffusion.inference.utils][INFO] - Sampled motif RMSD: 0.19
[2026-04-24 06:51:16,222][rfdiffusion.inference.model_runners][INFO] - Timestep 8, input to next step: GGGGGGGGGGGGGGGGGGGGGGG--------------------------
[2026-04-24 06:51:20,395][rfdiffusion.inference.utils][INFO] - Sampled motif RMSD: 0.21
[2026-04-24 06:51:20,740][rfdiffusion.inference.model_runners][INFO] - Timestep 7, input to next step: GGGGGGGGGGGGGGGGGGGGGGG--------------------------
[2026-04-24 06:51:24,439][rfdiffusion.inference.utils][INFO] - Sampled motif RMSD: 0.19
[2026-04-24 06:51:24,986][rfdiffusion.inference.model_runners][INFO] - Timestep 6, input to next step: GGGGGGGGGGGGGGGGGGGGGGG--------------------------
[2026-04-24 06:51:28,517][rfdiffusion.inference.utils][INFO] - Sampled motif RMSD: 0.20
[2026-04-24 06:51:28,879][rfdiffusion.inference.model_runners][INFO] - Timestep 5, input to next step: GGGGGGGGGGGGGGGGGGGGGGG--------------------------
[2026-04-24 06:51:32,329][rfdiffusion.inference.utils][INFO] - Sampled motif RMSD: 0.19
[2026-04-24 06:51:32,658][rfdiffusion.inference.model_runners][INFO] - Timestep 4, input to next step: GGGGGGGGGGGGGGGGGGGGGGG--------------------------
[2026-04-24 06:51:36,894][rfdiffusion.inference.utils][INFO] - Sampled motif RMSD: 0.19
[2026-04-24 06:51:37,284][rfdiffusion.inference.model_runners][INFO] - Timestep 3, input to next step: GGGGGGGGGGGGGGGGGGGGGGG--------------------------
[2026-04-24 06:51:41,706][rfdiffusion.inference.utils][INFO] - Sampled motif RMSD: 0.18
[2026-04-24 06:51:42,016][rfdiffusion.inference.model_runners][INFO] - Timestep 2, input to next step: GGGGGGGGGGGGGGGGGGGGGGG--------------------------
[2026-04-24 06:51:47,968][__main__][INFO] - Finished design in 3.86 minutes
[2026-04-24 06:51:47,975][__main__][INFO] - Making design /lambda/nfs/manvi/Team_8_CS598GBL/outputs/custom90_128_motif_scaffolding/default/len_105/nterm/scaffold_1
[2026-04-24 06:51:48,016][rfdiffusion.inference.model_runners][INFO] - Using contig: ['A1-23/21-35']
With this beta schedule (linear schedule, beta_0 = 0.04, beta_T = 0.28), alpha_bar_T = 0.00013696048699785024
[2026-04-24 06:51:48,532][rfdiffusion.inference.model_runners][INFO] - Sequence init: GGGGGGGGGGGGGGGGGGGGGGG-----------------------------------
[2026-04-24 06:51:54,226][rfdiffusion.inference.utils][INFO] - Sampled motif RMSD: 0.19
[2026-04-24 06:51:54,444][rfdiffusion.inference.model_runners][INFO] - Timestep 50, input to next step: GGGGGGGGGGGGGGGGGGGGGGG-----------------------------------
[2026-04-24 06:51:58,405][rfdiffusion.inference.utils][INFO] - Sampled motif RMSD: 0.17
[2026-04-24 06:51:58,591][rfdiffusion.inference.model_runners][INFO] - Timestep 49, input to next step: GGGGGGGGGGGGGGGGGGGGGGG-----------------------------------
[2026-04-24 06:52:03,519][rfdiffusion.inference.utils][INFO] - Sampled motif RMSD: 0.19
[2026-04-24 06:52:03,896][rfdiffusion.inference.model_runners][INFO] - Timestep 48, input to next step: GGGGGGGGGGGGGGGGGGGGGGG-----------------------------------
[2026-04-24 06:52:08,475][rfdiffusion.inference.utils][INFO] - Sampled motif RMSD: 0.16
[2026-04-24 06:52:08,865][rfdiffusion.inference.model_runners][INFO] - Timestep 47, input to next step: GGGGGGGGGGGGGGGGGGGGGGG-----------------------------------
[2026-04-24 06:52:12,830][rfdiffusion.inference.utils][INFO] - Sampled motif RMSD: 0.13
[2026-04-24 06:52:13,037][rfdiffusion.inference.model_runners][INFO] - Timestep 46, input to next step: GGGGGGGGGGGGGGGGGGGGGGG-----------------------------------
[2026-04-24 06:52:16,008][rfdiffusion.inference.utils][INFO] - Sampled motif RMSD: 0.10
[2026-04-24 06:52:16,399][rfdiffusion.inference.model_runners][INFO] - Timestep 45, input to next step: GGGGGGGGGGGGGGGGGGGGGGG-----------------------------------
[2026-04-24 06:52:21,167][rfdiffusion.inference.utils][INFO] - Sampled motif RMSD: 0.12
[2026-04-24 06:52:21,521][rfdiffusion.inference.model_runners][INFO] - Timestep 44, input to next step: GGGGGGGGGGGGGGGGGGGGGGG-----------------------------------
[2026-04-24 06:52:24,096][rfdiffusion.inference.utils][INFO] - Sampled motif RMSD: 0.15
[2026-04-24 06:52:24,420][rfdiffusion.inference.model_runners][INFO] - Timestep 43, input to next step: GGGGGGGGGGGGGGGGGGGGGGG-----------------------------------
[2026-04-24 06:52:29,115][rfdiffusion.inference.utils][INFO] - Sampled motif RMSD: 0.17
[2026-04-24 06:52:29,408][rfdiffusion.inference.model_runners][INFO] - Timestep 42, input to next step: GGGGGGGGGGGGGGGGGGGGGGG-----------------------------------
[2026-04-24 06:52:33,473][rfdiffusion.inference.utils][INFO] - Sampled motif RMSD: 0.18
[2026-04-24 06:52:33,726][rfdiffusion.inference.model_runners][INFO] - Timestep 41, input to next step: GGGGGGGGGGGGGGGGGGGGGGG-----------------------------------
[2026-04-24 06:52:37,908][rfdiffusion.inference.utils][INFO] - Sampled motif RMSD: 0.17
[2026-04-24 06:52:38,400][rfdiffusion.inference.model_runners][INFO] - Timestep 40, input to next step: GGGGGGGGGGGGGGGGGGGGGGG-----------------------------------
[2026-04-24 06:52:41,810][rfdiffusion.inference.utils][INFO] - Sampled motif RMSD: 0.15
[2026-04-24 06:52:42,089][rfdiffusion.inference.model_runners][INFO] - Timestep 39, input to next step: GGGGGGGGGGGGGGGGGGGGGGG-----------------------------------
[2026-04-24 06:52:45,931][rfdiffusion.inference.utils][INFO] - Sampled motif RMSD: 0.14
[2026-04-24 06:52:46,367][rfdiffusion.inference.model_runners][INFO] - Timestep 38, input to next step: GGGGGGGGGGGGGGGGGGGGGGG-----------------------------------
[2026-04-24 06:52:49,114][rfdiffusion.inference.utils][INFO] - Sampled motif RMSD: 0.14
[2026-04-24 06:52:49,506][rfdiffusion.inference.model_runners][INFO] - Timestep 37, input to next step: GGGGGGGGGGGGGGGGGGGGGGG-----------------------------------
[2026-04-24 06:52:53,726][rfdiffusion.inference.utils][INFO] - Sampled motif RMSD: 0.14
[2026-04-24 06:52:54,036][rfdiffusion.inference.model_runners][INFO] - Timestep 36, input to next step: GGGGGGGGGGGGGGGGGGGGGGG-----------------------------------
[2026-04-24 06:52:57,971][rfdiffusion.inference.utils][INFO] - Sampled motif RMSD: 0.14
[2026-04-24 06:52:58,249][rfdiffusion.inference.model_runners][INFO] - Timestep 35, input to next step: GGGGGGGGGGGGGGGGGGGGGGG-----------------------------------
[2026-04-24 06:53:02,065][rfdiffusion.inference.utils][INFO] - Sampled motif RMSD: 0.15
[2026-04-24 06:53:02,498][rfdiffusion.inference.model_runners][INFO] - Timestep 34, input to next step: GGGGGGGGGGGGGGGGGGGGGGG-----------------------------------
[2026-04-24 06:53:05,228][rfdiffusion.inference.utils][INFO] - Sampled motif RMSD: 0.15
[2026-04-24 06:53:05,563][rfdiffusion.inference.model_runners][INFO] - Timestep 33, input to next step: GGGGGGGGGGGGGGGGGGGGGGG-----------------------------------
[2026-04-24 06:53:08,641][rfdiffusion.inference.utils][INFO] - Sampled motif RMSD: 0.15
[2026-04-24 06:53:08,841][rfdiffusion.inference.model_runners][INFO] - Timestep 32, input to next step: GGGGGGGGGGGGGGGGGGGGGGG-----------------------------------
[2026-04-24 06:53:12,767][rfdiffusion.inference.utils][INFO] - Sampled motif RMSD: 0.17
[2026-04-24 06:53:13,104][rfdiffusion.inference.model_runners][INFO] - Timestep 31, input to next step: GGGGGGGGGGGGGGGGGGGGGGG-----------------------------------
[2026-04-24 06:53:16,713][rfdiffusion.inference.utils][INFO] - Sampled motif RMSD: 0.17
[2026-04-24 06:53:17,036][rfdiffusion.inference.model_runners][INFO] - Timestep 30, input to next step: GGGGGGGGGGGGGGGGGGGGGGG-----------------------------------
[2026-04-24 06:53:19,780][rfdiffusion.inference.utils][INFO] - Sampled motif RMSD: 0.15
[2026-04-24 06:53:20,034][rfdiffusion.inference.model_runners][INFO] - Timestep 29, input to next step: GGGGGGGGGGGGGGGGGGGGGGG-----------------------------------
[2026-04-24 06:53:22,900][rfdiffusion.inference.utils][INFO] - Sampled motif RMSD: 0.15
[2026-04-24 06:53:23,124][rfdiffusion.inference.model_runners][INFO] - Timestep 28, input to next step: GGGGGGGGGGGGGGGGGGGGGGG-----------------------------------
[2026-04-24 06:53:26,282][rfdiffusion.inference.utils][INFO] - Sampled motif RMSD: 0.12
[2026-04-24 06:53:26,534][rfdiffusion.inference.model_runners][INFO] - Timestep 27, input to next step: GGGGGGGGGGGGGGGGGGGGGGG-----------------------------------
[2026-04-24 06:53:30,007][rfdiffusion.inference.utils][INFO] - Sampled motif RMSD: 0.13
[2026-04-24 06:53:30,335][rfdiffusion.inference.model_runners][INFO] - Timestep 26, input to next step: GGGGGGGGGGGGGGGGGGGGGGG-----------------------------------
[2026-04-24 06:53:33,530][rfdiffusion.inference.utils][INFO] - Sampled motif RMSD: 0.12
[2026-04-24 06:53:33,771][rfdiffusion.inference.model_runners][INFO] - Timestep 25, input to next step: GGGGGGGGGGGGGGGGGGGGGGG-----------------------------------
[2026-04-24 06:53:36,975][rfdiffusion.inference.utils][INFO] - Sampled motif RMSD: 0.12
[2026-04-24 06:53:37,213][rfdiffusion.inference.model_runners][INFO] - Timestep 24, input to next step: GGGGGGGGGGGGGGGGGGGGGGG-----------------------------------
[2026-04-24 06:53:40,036][rfdiffusion.inference.utils][INFO] - Sampled motif RMSD: 0.12
[2026-04-24 06:53:40,187][rfdiffusion.inference.model_runners][INFO] - Timestep 23, input to next step: GGGGGGGGGGGGGGGGGGGGGGG-----------------------------------
[2026-04-24 06:53:43,631][rfdiffusion.inference.utils][INFO] - Sampled motif RMSD: 0.12
[2026-04-24 06:53:44,200][rfdiffusion.inference.model_runners][INFO] - Timestep 22, input to next step: GGGGGGGGGGGGGGGGGGGGGGG-----------------------------------
[2026-04-24 06:53:47,040][rfdiffusion.inference.utils][INFO] - Sampled motif RMSD: 0.11
[2026-04-24 06:53:47,292][rfdiffusion.inference.model_runners][INFO] - Timestep 21, input to next step: GGGGGGGGGGGGGGGGGGGGGGG-----------------------------------
[2026-04-24 06:53:50,555][rfdiffusion.inference.utils][INFO] - Sampled motif RMSD: 0.10
[2026-04-24 06:53:50,856][rfdiffusion.inference.model_runners][INFO] - Timestep 20, input to next step: GGGGGGGGGGGGGGGGGGGGGGG-----------------------------------
[2026-04-24 06:53:53,918][rfdiffusion.inference.utils][INFO] - Sampled motif RMSD: 0.09
[2026-04-24 06:53:54,325][rfdiffusion.inference.model_runners][INFO] - Timestep 19, input to next step: GGGGGGGGGGGGGGGGGGGGGGG-----------------------------------
[2026-04-24 06:53:58,030][rfdiffusion.inference.utils][INFO] - Sampled motif RMSD: 0.09
[2026-04-24 06:53:58,319][rfdiffusion.inference.model_runners][INFO] - Timestep 18, input to next step: GGGGGGGGGGGGGGGGGGGGGGG-----------------------------------
[2026-04-24 06:54:02,143][rfdiffusion.inference.utils][INFO] - Sampled motif RMSD: 0.09
[2026-04-24 06:54:02,534][rfdiffusion.inference.model_runners][INFO] - Timestep 17, input to next step: GGGGGGGGGGGGGGGGGGGGGGG-----------------------------------
[2026-04-24 06:54:05,547][rfdiffusion.inference.utils][INFO] - Sampled motif RMSD: 0.09
[2026-04-24 06:54:05,879][rfdiffusion.inference.model_runners][INFO] - Timestep 16, input to next step: GGGGGGGGGGGGGGGGGGGGGGG-----------------------------------
[2026-04-24 06:54:09,010][rfdiffusion.inference.utils][INFO] - Sampled motif RMSD: 0.09
[2026-04-24 06:54:09,349][rfdiffusion.inference.model_runners][INFO] - Timestep 15, input to next step: GGGGGGGGGGGGGGGGGGGGGGG-----------------------------------
[2026-04-24 06:54:12,805][rfdiffusion.inference.utils][INFO] - Sampled motif RMSD: 0.08
[2026-04-24 06:54:13,062][rfdiffusion.inference.model_runners][INFO] - Timestep 14, input to next step: GGGGGGGGGGGGGGGGGGGGGGG-----------------------------------
[2026-04-24 06:54:16,070][rfdiffusion.inference.utils][INFO] - Sampled motif RMSD: 0.08
[2026-04-24 06:54:16,343][rfdiffusion.inference.model_runners][INFO] - Timestep 13, input to next step: GGGGGGGGGGGGGGGGGGGGGGG-----------------------------------
[2026-04-24 06:54:19,617][rfdiffusion.inference.utils][INFO] - Sampled motif RMSD: 0.09
[2026-04-24 06:54:19,811][rfdiffusion.inference.model_runners][INFO] - Timestep 12, input to next step: GGGGGGGGGGGGGGGGGGGGGGG-----------------------------------
[2026-04-24 06:54:23,148][rfdiffusion.inference.utils][INFO] - Sampled motif RMSD: 0.09
[2026-04-24 06:54:23,312][rfdiffusion.inference.model_runners][INFO] - Timestep 11, input to next step: GGGGGGGGGGGGGGGGGGGGGGG-----------------------------------
[2026-04-24 06:54:26,527][rfdiffusion.inference.utils][INFO] - Sampled motif RMSD: 0.09
[2026-04-24 06:54:26,733][rfdiffusion.inference.model_runners][INFO] - Timestep 10, input to next step: GGGGGGGGGGGGGGGGGGGGGGG-----------------------------------
[2026-04-24 06:54:29,866][rfdiffusion.inference.utils][INFO] - Sampled motif RMSD: 0.08
[2026-04-24 06:54:29,967][rfdiffusion.inference.model_runners][INFO] - Timestep 9, input to next step: GGGGGGGGGGGGGGGGGGGGGGG-----------------------------------
[2026-04-24 06:54:32,927][rfdiffusion.inference.utils][INFO] - Sampled motif RMSD: 0.09
[2026-04-24 06:54:33,183][rfdiffusion.inference.model_runners][INFO] - Timestep 8, input to next step: GGGGGGGGGGGGGGGGGGGGGGG-----------------------------------
[2026-04-24 06:54:35,098][rfdiffusion.inference.utils][INFO] - Sampled motif RMSD: 0.09
[2026-04-24 06:54:35,459][rfdiffusion.inference.model_runners][INFO] - Timestep 7, input to next step: GGGGGGGGGGGGGGGGGGGGGGG-----------------------------------
[2026-04-24 06:54:37,359][rfdiffusion.inference.utils][INFO] - Sampled motif RMSD: 0.09
[2026-04-24 06:54:37,571][rfdiffusion.inference.model_runners][INFO] - Timestep 6, input to next step: GGGGGGGGGGGGGGGGGGGGGGG-----------------------------------
[2026-04-24 06:54:39,939][rfdiffusion.inference.utils][INFO] - Sampled motif RMSD: 0.09
[2026-04-24 06:54:40,099][rfdiffusion.inference.model_runners][INFO] - Timestep 5, input to next step: GGGGGGGGGGGGGGGGGGGGGGG-----------------------------------
[2026-04-24 06:54:42,958][rfdiffusion.inference.utils][INFO] - Sampled motif RMSD: 0.09
[2026-04-24 06:54:43,197][rfdiffusion.inference.model_runners][INFO] - Timestep 4, input to next step: GGGGGGGGGGGGGGGGGGGGGGG-----------------------------------
[2026-04-24 06:54:45,371][rfdiffusion.inference.utils][INFO] - Sampled motif RMSD: 0.09
[2026-04-24 06:54:45,623][rfdiffusion.inference.model_runners][INFO] - Timestep 3, input to next step: GGGGGGGGGGGGGGGGGGGGGGG-----------------------------------
[2026-04-24 06:54:48,720][rfdiffusion.inference.utils][INFO] - Sampled motif RMSD: 0.09
[2026-04-24 06:54:48,922][rfdiffusion.inference.model_runners][INFO] - Timestep 2, input to next step: GGGGGGGGGGGGGGGGGGGGGGG-----------------------------------
[2026-04-24 06:54:53,297][__main__][INFO] - Finished design in 3.09 minutes
