[2026-04-24 09:35:43,141][__main__][INFO] - Found GPU with device_name NVIDIA A100-SXM4-80GB. Will run RFdiffusion on NVIDIA A100-SXM4-80GB
Reading models from /lambda/nfs/manvi/Team_8_CS598GBL/RFdiffusion/rfdiffusion/inference/../../models
[2026-04-24 09:35:43,147][rfdiffusion.inference.model_runners][INFO] - Reading checkpoint from /lambda/nfs/manvi/Team_8_CS598GBL/RFdiffusion/rfdiffusion/inference/../../models/Base_ckpt.pt
This is inf_conf.ckpt_path
/lambda/nfs/manvi/Team_8_CS598GBL/RFdiffusion/rfdiffusion/inference/../../models/Base_ckpt.pt
Assembling -model, -diffuser and -preprocess configs from checkpoint
USING MODEL CONFIG: self._conf[model][n_extra_block] = 4
USING MODEL CONFIG: self._conf[model][n_main_block] = 32
USING MODEL CONFIG: self._conf[model][n_ref_block] = 4
USING MODEL CONFIG: self._conf[model][d_msa] = 256
USING MODEL CONFIG: self._conf[model][d_msa_full] = 64
USING MODEL CONFIG: self._conf[model][d_pair] = 128
USING MODEL CONFIG: self._conf[model][d_templ] = 64
USING MODEL CONFIG: self._conf[model][n_head_msa] = 8
USING MODEL CONFIG: self._conf[model][n_head_pair] = 4
USING MODEL CONFIG: self._conf[model][n_head_templ] = 4
USING MODEL CONFIG: self._conf[model][d_hidden] = 32
USING MODEL CONFIG: self._conf[model][d_hidden_templ] = 32
USING MODEL CONFIG: self._conf[model][p_drop] = 0.15
USING MODEL CONFIG: self._conf[model][SE3_param_full] = {'num_layers': 1, 'num_channels': 32, 'num_degrees': 2, 'n_heads': 4, 'div': 4, 'l0_in_features': 8, 'l0_out_features': 8, 'l1_in_features': 3, 'l1_out_features': 2, 'num_edge_features': 32}
USING MODEL CONFIG: self._conf[model][SE3_param_topk] = {'num_layers': 1, 'num_channels': 32, 'num_degrees': 2, 'n_heads': 4, 'div': 4, 'l0_in_features': 64, 'l0_out_features': 64, 'l1_in_features': 3, 'l1_out_features': 2, 'num_edge_features': 64}
USING MODEL CONFIG: self._conf[model][freeze_track_motif] = False
USING MODEL CONFIG: self._conf[model][use_motif_timestep] = True
USING MODEL CONFIG: self._conf[diffuser][T] = 50
USING MODEL CONFIG: self._conf[diffuser][b_0] = 0.01
USING MODEL CONFIG: self._conf[diffuser][b_T] = 0.07
USING MODEL CONFIG: self._conf[diffuser][schedule_type] = linear
USING MODEL CONFIG: self._conf[diffuser][so3_type] = igso3
USING MODEL CONFIG: self._conf[diffuser][crd_scale] = 0.25
USING MODEL CONFIG: self._conf[diffuser][so3_schedule_type] = linear
USING MODEL CONFIG: self._conf[diffuser][min_b] = 1.5
USING MODEL CONFIG: self._conf[diffuser][max_b] = 2.5
USING MODEL CONFIG: self._conf[diffuser][min_sigma] = 0.02
USING MODEL CONFIG: self._conf[diffuser][max_sigma] = 1.5
USING MODEL CONFIG: self._conf[preprocess][sidechain_input] = False
USING MODEL CONFIG: self._conf[preprocess][motif_sidechain_input] = True
USING MODEL CONFIG: self._conf[preprocess][d_t1d] = 22
USING MODEL CONFIG: self._conf[preprocess][d_t2d] = 44
USING MODEL CONFIG: self._conf[preprocess][prob_self_cond] = 0.5
USING MODEL CONFIG: self._conf[preprocess][str_self_cond] = True
USING MODEL CONFIG: self._conf[preprocess][predict_previous] = False
[2026-04-24 09:36:29,306][rfdiffusion.inference.model_runners][INFO] - Loading checkpoint.
[2026-04-24 09:36:35,874][rfdiffusion.diffusion][INFO] - Using cached IGSO3.
Successful diffuser __init__
[2026-04-24 09:36:35,911][__main__][INFO] - Making design /lambda/nfs/manvi/Team_8_CS598GBL/outputs/custom90_128_motif_scaffolding/low_noise/len_091/balanced/scaffold_0
[2026-04-24 09:36:35,915][rfdiffusion.inference.model_runners][INFO] - Using contig: ['18-30/A20-40/18-30']
With this beta schedule (linear schedule, beta_0 = 0.04, beta_T = 0.28), alpha_bar_T = 0.00013696048699785024
[2026-04-24 09:36:36,321][rfdiffusion.inference.model_runners][INFO] - Sequence init: ------------------------------GGGGGGGGGGGGGGGGGGGGG----------------------
[2026-04-24 09:36:41,653][rfdiffusion.inference.utils][INFO] - Sampled motif RMSD: 0.18
[2026-04-24 09:36:41,952][rfdiffusion.inference.model_runners][INFO] - Timestep 50, input to next step: ------------------------------GGGGGGGGGGGGGGGGGGGGG----------------------
[2026-04-24 09:36:46,646][rfdiffusion.inference.utils][INFO] - Sampled motif RMSD: 0.16
[2026-04-24 09:36:46,823][rfdiffusion.inference.model_runners][INFO] - Timestep 49, input to next step: ------------------------------GGGGGGGGGGGGGGGGGGGGG----------------------
[2026-04-24 09:36:51,063][rfdiffusion.inference.utils][INFO] - Sampled motif RMSD: 0.15
[2026-04-24 09:36:51,294][rfdiffusion.inference.model_runners][INFO] - Timestep 48, input to next step: ------------------------------GGGGGGGGGGGGGGGGGGGGG----------------------
[2026-04-24 09:36:56,528][rfdiffusion.inference.utils][INFO] - Sampled motif RMSD: 0.15
[2026-04-24 09:36:56,936][rfdiffusion.inference.model_runners][INFO] - Timestep 47, input to next step: ------------------------------GGGGGGGGGGGGGGGGGGGGG----------------------
[2026-04-24 09:37:02,956][rfdiffusion.inference.utils][INFO] - Sampled motif RMSD: 0.15
[2026-04-24 09:37:03,171][rfdiffusion.inference.model_runners][INFO] - Timestep 46, input to next step: ------------------------------GGGGGGGGGGGGGGGGGGGGG----------------------
[2026-04-24 09:37:09,240][rfdiffusion.inference.utils][INFO] - Sampled motif RMSD: 0.16
[2026-04-24 09:37:09,618][rfdiffusion.inference.model_runners][INFO] - Timestep 45, input to next step: ------------------------------GGGGGGGGGGGGGGGGGGGGG----------------------
[2026-04-24 09:37:12,767][rfdiffusion.inference.utils][INFO] - Sampled motif RMSD: 0.18
[2026-04-24 09:37:12,954][rfdiffusion.inference.model_runners][INFO] - Timestep 44, input to next step: ------------------------------GGGGGGGGGGGGGGGGGGGGG----------------------
[2026-04-24 09:37:15,874][rfdiffusion.inference.utils][INFO] - Sampled motif RMSD: 0.18
[2026-04-24 09:37:16,161][rfdiffusion.inference.model_runners][INFO] - Timestep 43, input to next step: ------------------------------GGGGGGGGGGGGGGGGGGGGG----------------------
[2026-04-24 09:37:19,368][rfdiffusion.inference.utils][INFO] - Sampled motif RMSD: 0.17
[2026-04-24 09:37:19,627][rfdiffusion.inference.model_runners][INFO] - Timestep 42, input to next step: ------------------------------GGGGGGGGGGGGGGGGGGGGG----------------------
[2026-04-24 09:37:23,651][rfdiffusion.inference.utils][INFO] - Sampled motif RMSD: 0.17
[2026-04-24 09:37:23,878][rfdiffusion.inference.model_runners][INFO] - Timestep 41, input to next step: ------------------------------GGGGGGGGGGGGGGGGGGGGG----------------------
[2026-04-24 09:37:26,562][rfdiffusion.inference.utils][INFO] - Sampled motif RMSD: 0.17
[2026-04-24 09:37:26,816][rfdiffusion.inference.model_runners][INFO] - Timestep 40, input to next step: ------------------------------GGGGGGGGGGGGGGGGGGGGG----------------------
[2026-04-24 09:37:30,049][rfdiffusion.inference.utils][INFO] - Sampled motif RMSD: 0.17
[2026-04-24 09:37:30,222][rfdiffusion.inference.model_runners][INFO] - Timestep 39, input to next step: ------------------------------GGGGGGGGGGGGGGGGGGGGG----------------------
[2026-04-24 09:37:34,066][rfdiffusion.inference.utils][INFO] - Sampled motif RMSD: 0.19
[2026-04-24 09:37:34,244][rfdiffusion.inference.model_runners][INFO] - Timestep 38, input to next step: ------------------------------GGGGGGGGGGGGGGGGGGGGG----------------------
[2026-04-24 09:37:37,830][rfdiffusion.inference.utils][INFO] - Sampled motif RMSD: 0.19
[2026-04-24 09:37:38,053][rfdiffusion.inference.model_runners][INFO] - Timestep 37, input to next step: ------------------------------GGGGGGGGGGGGGGGGGGGGG----------------------
[2026-04-24 09:37:42,041][rfdiffusion.inference.utils][INFO] - Sampled motif RMSD: 0.18
[2026-04-24 09:37:42,175][rfdiffusion.inference.model_runners][INFO] - Timestep 36, input to next step: ------------------------------GGGGGGGGGGGGGGGGGGGGG----------------------
[2026-04-24 09:37:45,853][rfdiffusion.inference.utils][INFO] - Sampled motif RMSD: 0.17
[2026-04-24 09:37:46,087][rfdiffusion.inference.model_runners][INFO] - Timestep 35, input to next step: ------------------------------GGGGGGGGGGGGGGGGGGGGG----------------------
[2026-04-24 09:37:50,435][rfdiffusion.inference.utils][INFO] - Sampled motif RMSD: 0.16
[2026-04-24 09:37:50,621][rfdiffusion.inference.model_runners][INFO] - Timestep 34, input to next step: ------------------------------GGGGGGGGGGGGGGGGGGGGG----------------------
[2026-04-24 09:37:54,068][rfdiffusion.inference.utils][INFO] - Sampled motif RMSD: 0.16
[2026-04-24 09:37:54,226][rfdiffusion.inference.model_runners][INFO] - Timestep 33, input to next step: ------------------------------GGGGGGGGGGGGGGGGGGGGG----------------------
[2026-04-24 09:37:58,008][rfdiffusion.inference.utils][INFO] - Sampled motif RMSD: 0.14
[2026-04-24 09:37:58,230][rfdiffusion.inference.model_runners][INFO] - Timestep 32, input to next step: ------------------------------GGGGGGGGGGGGGGGGGGGGG----------------------
[2026-04-24 09:38:02,362][rfdiffusion.inference.utils][INFO] - Sampled motif RMSD: 0.14
[2026-04-24 09:38:02,560][rfdiffusion.inference.model_runners][INFO] - Timestep 31, input to next step: ------------------------------GGGGGGGGGGGGGGGGGGGGG----------------------
[2026-04-24 09:38:05,280][rfdiffusion.inference.utils][INFO] - Sampled motif RMSD: 0.14
[2026-04-24 09:38:05,541][rfdiffusion.inference.model_runners][INFO] - Timestep 30, input to next step: ------------------------------GGGGGGGGGGGGGGGGGGGGG----------------------
[2026-04-24 09:38:09,593][rfdiffusion.inference.utils][INFO] - Sampled motif RMSD: 0.15
[2026-04-24 09:38:09,965][rfdiffusion.inference.model_runners][INFO] - Timestep 29, input to next step: ------------------------------GGGGGGGGGGGGGGGGGGGGG----------------------
[2026-04-24 09:38:13,932][rfdiffusion.inference.utils][INFO] - Sampled motif RMSD: 0.15
[2026-04-24 09:38:14,204][rfdiffusion.inference.model_runners][INFO] - Timestep 28, input to next step: ------------------------------GGGGGGGGGGGGGGGGGGGGG----------------------
[2026-04-24 09:38:18,729][rfdiffusion.inference.utils][INFO] - Sampled motif RMSD: 0.14
[2026-04-24 09:38:19,070][rfdiffusion.inference.model_runners][INFO] - Timestep 27, input to next step: ------------------------------GGGGGGGGGGGGGGGGGGGGG----------------------
[2026-04-24 09:38:22,416][rfdiffusion.inference.utils][INFO] - Sampled motif RMSD: 0.14
[2026-04-24 09:38:22,697][rfdiffusion.inference.model_runners][INFO] - Timestep 26, input to next step: ------------------------------GGGGGGGGGGGGGGGGGGGGG----------------------
[2026-04-24 09:38:26,202][rfdiffusion.inference.utils][INFO] - Sampled motif RMSD: 0.13
[2026-04-24 09:38:26,531][rfdiffusion.inference.model_runners][INFO] - Timestep 25, input to next step: ------------------------------GGGGGGGGGGGGGGGGGGGGG----------------------
[2026-04-24 09:38:30,743][rfdiffusion.inference.utils][INFO] - Sampled motif RMSD: 0.13
[2026-04-24 09:38:31,105][rfdiffusion.inference.model_runners][INFO] - Timestep 24, input to next step: ------------------------------GGGGGGGGGGGGGGGGGGGGG----------------------
[2026-04-24 09:38:35,789][rfdiffusion.inference.utils][INFO] - Sampled motif RMSD: 0.13
[2026-04-24 09:38:36,071][rfdiffusion.inference.model_runners][INFO] - Timestep 23, input to next step: ------------------------------GGGGGGGGGGGGGGGGGGGGG----------------------
[2026-04-24 09:38:39,506][rfdiffusion.inference.utils][INFO] - Sampled motif RMSD: 0.14
[2026-04-24 09:38:39,819][rfdiffusion.inference.model_runners][INFO] - Timestep 22, input to next step: ------------------------------GGGGGGGGGGGGGGGGGGGGG----------------------
[2026-04-24 09:38:44,060][rfdiffusion.inference.utils][INFO] - Sampled motif RMSD: 0.16
[2026-04-24 09:38:44,250][rfdiffusion.inference.model_runners][INFO] - Timestep 21, input to next step: ------------------------------GGGGGGGGGGGGGGGGGGGGG----------------------
[2026-04-24 09:38:48,321][rfdiffusion.inference.utils][INFO] - Sampled motif RMSD: 0.17
[2026-04-24 09:38:48,590][rfdiffusion.inference.model_runners][INFO] - Timestep 20, input to next step: ------------------------------GGGGGGGGGGGGGGGGGGGGG----------------------
[2026-04-24 09:38:53,002][rfdiffusion.inference.utils][INFO] - Sampled motif RMSD: 0.17
[2026-04-24 09:38:53,262][rfdiffusion.inference.model_runners][INFO] - Timestep 19, input to next step: ------------------------------GGGGGGGGGGGGGGGGGGGGG----------------------
[2026-04-24 09:38:56,755][rfdiffusion.inference.utils][INFO] - Sampled motif RMSD: 0.17
[2026-04-24 09:38:57,013][rfdiffusion.inference.model_runners][INFO] - Timestep 18, input to next step: ------------------------------GGGGGGGGGGGGGGGGGGGGG----------------------
[2026-04-24 09:39:00,470][rfdiffusion.inference.utils][INFO] - Sampled motif RMSD: 0.17
[2026-04-24 09:39:00,683][rfdiffusion.inference.model_runners][INFO] - Timestep 17, input to next step: ------------------------------GGGGGGGGGGGGGGGGGGGGG----------------------
[2026-04-24 09:39:03,739][rfdiffusion.inference.utils][INFO] - Sampled motif RMSD: 0.17
[2026-04-24 09:39:04,110][rfdiffusion.inference.model_runners][INFO] - Timestep 16, input to next step: ------------------------------GGGGGGGGGGGGGGGGGGGGG----------------------
[2026-04-24 09:39:08,201][rfdiffusion.inference.utils][INFO] - Sampled motif RMSD: 0.17
[2026-04-24 09:39:08,411][rfdiffusion.inference.model_runners][INFO] - Timestep 15, input to next step: ------------------------------GGGGGGGGGGGGGGGGGGGGG----------------------
[2026-04-24 09:39:11,787][rfdiffusion.inference.utils][INFO] - Sampled motif RMSD: 0.18
[2026-04-24 09:39:11,972][rfdiffusion.inference.model_runners][INFO] - Timestep 14, input to next step: ------------------------------GGGGGGGGGGGGGGGGGGGGG----------------------
[2026-04-24 09:39:15,040][rfdiffusion.inference.utils][INFO] - Sampled motif RMSD: 0.19
[2026-04-24 09:39:15,252][rfdiffusion.inference.model_runners][INFO] - Timestep 13, input to next step: ------------------------------GGGGGGGGGGGGGGGGGGGGG----------------------
[2026-04-24 09:39:18,209][rfdiffusion.inference.utils][INFO] - Sampled motif RMSD: 0.18
[2026-04-24 09:39:18,361][rfdiffusion.inference.model_runners][INFO] - Timestep 12, input to next step: ------------------------------GGGGGGGGGGGGGGGGGGGGG----------------------
[2026-04-24 09:39:21,962][rfdiffusion.inference.utils][INFO] - Sampled motif RMSD: 0.18
[2026-04-24 09:39:22,254][rfdiffusion.inference.model_runners][INFO] - Timestep 11, input to next step: ------------------------------GGGGGGGGGGGGGGGGGGGGG----------------------
[2026-04-24 09:39:25,465][rfdiffusion.inference.utils][INFO] - Sampled motif RMSD: 0.18
[2026-04-24 09:39:25,548][rfdiffusion.inference.model_runners][INFO] - Timestep 10, input to next step: ------------------------------GGGGGGGGGGGGGGGGGGGGG----------------------
[2026-04-24 09:39:28,517][rfdiffusion.inference.utils][INFO] - Sampled motif RMSD: 0.17
[2026-04-24 09:39:28,839][rfdiffusion.inference.model_runners][INFO] - Timestep 9, input to next step: ------------------------------GGGGGGGGGGGGGGGGGGGGG----------------------
[2026-04-24 09:39:31,349][rfdiffusion.inference.utils][INFO] - Sampled motif RMSD: 0.17
[2026-04-24 09:39:31,600][rfdiffusion.inference.model_runners][INFO] - Timestep 8, input to next step: ------------------------------GGGGGGGGGGGGGGGGGGGGG----------------------
[2026-04-24 09:39:35,771][rfdiffusion.inference.utils][INFO] - Sampled motif RMSD: 0.16
[2026-04-24 09:39:35,900][rfdiffusion.inference.model_runners][INFO] - Timestep 7, input to next step: ------------------------------GGGGGGGGGGGGGGGGGGGGG----------------------
[2026-04-24 09:39:39,527][rfdiffusion.inference.utils][INFO] - Sampled motif RMSD: 0.15
[2026-04-24 09:39:39,657][rfdiffusion.inference.model_runners][INFO] - Timestep 6, input to next step: ------------------------------GGGGGGGGGGGGGGGGGGGGG----------------------
[2026-04-24 09:39:42,843][rfdiffusion.inference.utils][INFO] - Sampled motif RMSD: 0.14
[2026-04-24 09:39:43,117][rfdiffusion.inference.model_runners][INFO] - Timestep 5, input to next step: ------------------------------GGGGGGGGGGGGGGGGGGGGG----------------------
[2026-04-24 09:39:46,533][rfdiffusion.inference.utils][INFO] - Sampled motif RMSD: 0.14
[2026-04-24 09:39:46,869][rfdiffusion.inference.model_runners][INFO] - Timestep 4, input to next step: ------------------------------GGGGGGGGGGGGGGGGGGGGG----------------------
[2026-04-24 09:39:50,349][rfdiffusion.inference.utils][INFO] - Sampled motif RMSD: 0.14
[2026-04-24 09:39:50,741][rfdiffusion.inference.model_runners][INFO] - Timestep 3, input to next step: ------------------------------GGGGGGGGGGGGGGGGGGGGG----------------------
[2026-04-24 09:39:53,599][rfdiffusion.inference.utils][INFO] - Sampled motif RMSD: 0.13
[2026-04-24 09:39:53,901][rfdiffusion.inference.model_runners][INFO] - Timestep 2, input to next step: ------------------------------GGGGGGGGGGGGGGGGGGGGG----------------------
[2026-04-24 09:40:00,188][__main__][INFO] - Finished design in 3.40 minutes
[2026-04-24 09:40:00,194][__main__][INFO] - Making design /lambda/nfs/manvi/Team_8_CS598GBL/outputs/custom90_128_motif_scaffolding/low_noise/len_091/balanced/scaffold_1
[2026-04-24 09:40:00,202][rfdiffusion.inference.model_runners][INFO] - Using contig: ['18-30/A20-40/18-30']
With this beta schedule (linear schedule, beta_0 = 0.04, beta_T = 0.28), alpha_bar_T = 0.00013696048699785024
[2026-04-24 09:40:00,403][rfdiffusion.inference.model_runners][INFO] - Sequence init: ------------------------------GGGGGGGGGGGGGGGGGGGGG-------------------
[2026-04-24 09:40:04,471][rfdiffusion.inference.utils][INFO] - Sampled motif RMSD: 0.17
[2026-04-24 09:40:04,607][rfdiffusion.inference.model_runners][INFO] - Timestep 50, input to next step: ------------------------------GGGGGGGGGGGGGGGGGGGGG-------------------
[2026-04-24 09:40:09,483][rfdiffusion.inference.utils][INFO] - Sampled motif RMSD: 0.17
[2026-04-24 09:40:09,707][rfdiffusion.inference.model_runners][INFO] - Timestep 49, input to next step: ------------------------------GGGGGGGGGGGGGGGGGGGGG-------------------
[2026-04-24 09:40:14,758][rfdiffusion.inference.utils][INFO] - Sampled motif RMSD: 0.17
[2026-04-24 09:40:15,070][rfdiffusion.inference.model_runners][INFO] - Timestep 48, input to next step: ------------------------------GGGGGGGGGGGGGGGGGGGGG-------------------
[2026-04-24 09:40:18,557][rfdiffusion.inference.utils][INFO] - Sampled motif RMSD: 0.14
[2026-04-24 09:40:18,923][rfdiffusion.inference.model_runners][INFO] - Timestep 47, input to next step: ------------------------------GGGGGGGGGGGGGGGGGGGGG-------------------
[2026-04-24 09:40:22,259][rfdiffusion.inference.utils][INFO] - Sampled motif RMSD: 0.15
[2026-04-24 09:40:22,642][rfdiffusion.inference.model_runners][INFO] - Timestep 46, input to next step: ------------------------------GGGGGGGGGGGGGGGGGGGGG-------------------
[2026-04-24 09:40:26,446][rfdiffusion.inference.utils][INFO] - Sampled motif RMSD: 0.16
[2026-04-24 09:40:26,626][rfdiffusion.inference.model_runners][INFO] - Timestep 45, input to next step: ------------------------------GGGGGGGGGGGGGGGGGGGGG-------------------
[2026-04-24 09:40:30,880][rfdiffusion.inference.utils][INFO] - Sampled motif RMSD: 0.17
[2026-04-24 09:40:31,286][rfdiffusion.inference.model_runners][INFO] - Timestep 44, input to next step: ------------------------------GGGGGGGGGGGGGGGGGGGGG-------------------
[2026-04-24 09:40:35,282][rfdiffusion.inference.utils][INFO] - Sampled motif RMSD: 0.19
[2026-04-24 09:40:35,581][rfdiffusion.inference.model_runners][INFO] - Timestep 43, input to next step: ------------------------------GGGGGGGGGGGGGGGGGGGGG-------------------
[2026-04-24 09:40:38,838][rfdiffusion.inference.utils][INFO] - Sampled motif RMSD: 0.19
[2026-04-24 09:40:39,287][rfdiffusion.inference.model_runners][INFO] - Timestep 42, input to next step: ------------------------------GGGGGGGGGGGGGGGGGGGGG-------------------
[2026-04-24 09:40:43,360][rfdiffusion.inference.utils][INFO] - Sampled motif RMSD: 0.18
[2026-04-24 09:40:43,671][rfdiffusion.inference.model_runners][INFO] - Timestep 41, input to next step: ------------------------------GGGGGGGGGGGGGGGGGGGGG-------------------
[2026-04-24 09:40:47,487][rfdiffusion.inference.utils][INFO] - Sampled motif RMSD: 0.20
[2026-04-24 09:40:47,655][rfdiffusion.inference.model_runners][INFO] - Timestep 40, input to next step: ------------------------------GGGGGGGGGGGGGGGGGGGGG-------------------
[2026-04-24 09:40:51,247][rfdiffusion.inference.utils][INFO] - Sampled motif RMSD: 0.19
[2026-04-24 09:40:51,417][rfdiffusion.inference.model_runners][INFO] - Timestep 39, input to next step: ------------------------------GGGGGGGGGGGGGGGGGGGGG-------------------
[2026-04-24 09:40:54,494][rfdiffusion.inference.utils][INFO] - Sampled motif RMSD: 0.18
[2026-04-24 09:40:54,950][rfdiffusion.inference.model_runners][INFO] - Timestep 38, input to next step: ------------------------------GGGGGGGGGGGGGGGGGGGGG-------------------
[2026-04-24 09:40:59,084][rfdiffusion.inference.utils][INFO] - Sampled motif RMSD: 0.18
[2026-04-24 09:40:59,444][rfdiffusion.inference.model_runners][INFO] - Timestep 37, input to next step: ------------------------------GGGGGGGGGGGGGGGGGGGGG-------------------
[2026-04-24 09:41:02,999][rfdiffusion.inference.utils][INFO] - Sampled motif RMSD: 0.17
[2026-04-24 09:41:03,268][rfdiffusion.inference.model_runners][INFO] - Timestep 36, input to next step: ------------------------------GGGGGGGGGGGGGGGGGGGGG-------------------
[2026-04-24 09:41:07,433][rfdiffusion.inference.utils][INFO] - Sampled motif RMSD: 0.19
[2026-04-24 09:41:07,822][rfdiffusion.inference.model_runners][INFO] - Timestep 35, input to next step: ------------------------------GGGGGGGGGGGGGGGGGGGGG-------------------
[2026-04-24 09:41:10,188][rfdiffusion.inference.utils][INFO] - Sampled motif RMSD: 0.19
[2026-04-24 09:41:10,303][rfdiffusion.inference.model_runners][INFO] - Timestep 34, input to next step: ------------------------------GGGGGGGGGGGGGGGGGGGGG-------------------
[2026-04-24 09:41:14,151][rfdiffusion.inference.utils][INFO] - Sampled motif RMSD: 0.19
[2026-04-24 09:41:14,354][rfdiffusion.inference.model_runners][INFO] - Timestep 33, input to next step: ------------------------------GGGGGGGGGGGGGGGGGGGGG-------------------
[2026-04-24 09:41:17,616][rfdiffusion.inference.utils][INFO] - Sampled motif RMSD: 0.20
[2026-04-24 09:41:17,837][rfdiffusion.inference.model_runners][INFO] - Timestep 32, input to next step: ------------------------------GGGGGGGGGGGGGGGGGGGGG-------------------
[2026-04-24 09:41:21,531][rfdiffusion.inference.utils][INFO] - Sampled motif RMSD: 0.18
[2026-04-24 09:41:21,838][rfdiffusion.inference.model_runners][INFO] - Timestep 31, input to next step: ------------------------------GGGGGGGGGGGGGGGGGGGGG-------------------
[2026-04-24 09:41:24,774][rfdiffusion.inference.utils][INFO] - Sampled motif RMSD: 0.17
[2026-04-24 09:41:25,142][rfdiffusion.inference.model_runners][INFO] - Timestep 30, input to next step: ------------------------------GGGGGGGGGGGGGGGGGGGGG-------------------
[2026-04-24 09:41:28,886][rfdiffusion.inference.utils][INFO] - Sampled motif RMSD: 0.17
[2026-04-24 09:41:29,381][rfdiffusion.inference.model_runners][INFO] - Timestep 29, input to next step: ------------------------------GGGGGGGGGGGGGGGGGGGGG-------------------
[2026-04-24 09:41:32,870][rfdiffusion.inference.utils][INFO] - Sampled motif RMSD: 0.19
[2026-04-24 09:41:33,121][rfdiffusion.inference.model_runners][INFO] - Timestep 28, input to next step: ------------------------------GGGGGGGGGGGGGGGGGGGGG-------------------
[2026-04-24 09:41:36,500][rfdiffusion.inference.utils][INFO] - Sampled motif RMSD: 0.20
[2026-04-24 09:41:36,910][rfdiffusion.inference.model_runners][INFO] - Timestep 27, input to next step: ------------------------------GGGGGGGGGGGGGGGGGGGGG-------------------
[2026-04-24 09:41:39,748][rfdiffusion.inference.utils][INFO] - Sampled motif RMSD: 0.20
[2026-04-24 09:41:40,141][rfdiffusion.inference.model_runners][INFO] - Timestep 26, input to next step: ------------------------------GGGGGGGGGGGGGGGGGGGGG-------------------
[2026-04-24 09:41:43,228][rfdiffusion.inference.utils][INFO] - Sampled motif RMSD: 0.21
[2026-04-24 09:41:43,368][rfdiffusion.inference.model_runners][INFO] - Timestep 25, input to next step: ------------------------------GGGGGGGGGGGGGGGGGGGGG-------------------
[2026-04-24 09:41:46,821][rfdiffusion.inference.utils][INFO] - Sampled motif RMSD: 0.22
[2026-04-24 09:41:46,958][rfdiffusion.inference.model_runners][INFO] - Timestep 24, input to next step: ------------------------------GGGGGGGGGGGGGGGGGGGGG-------------------
[2026-04-24 09:41:49,695][rfdiffusion.inference.utils][INFO] - Sampled motif RMSD: 0.22
[2026-04-24 09:41:49,934][rfdiffusion.inference.model_runners][INFO] - Timestep 23, input to next step: ------------------------------GGGGGGGGGGGGGGGGGGGGG-------------------
[2026-04-24 09:41:54,254][rfdiffusion.inference.utils][INFO] - Sampled motif RMSD: 0.22
[2026-04-24 09:41:54,417][rfdiffusion.inference.model_runners][INFO] - Timestep 22, input to next step: ------------------------------GGGGGGGGGGGGGGGGGGGGG-------------------
[2026-04-24 09:41:57,632][rfdiffusion.inference.utils][INFO] - Sampled motif RMSD: 0.20
[2026-04-24 09:41:57,736][rfdiffusion.inference.model_runners][INFO] - Timestep 21, input to next step: ------------------------------GGGGGGGGGGGGGGGGGGGGG-------------------
[2026-04-24 09:42:01,051][rfdiffusion.inference.utils][INFO] - Sampled motif RMSD: 0.22
[2026-04-24 09:42:01,219][rfdiffusion.inference.model_runners][INFO] - Timestep 20, input to next step: ------------------------------GGGGGGGGGGGGGGGGGGGGG-------------------
[2026-04-24 09:42:04,184][rfdiffusion.inference.utils][INFO] - Sampled motif RMSD: 0.22
[2026-04-24 09:42:04,459][rfdiffusion.inference.model_runners][INFO] - Timestep 19, input to next step: ------------------------------GGGGGGGGGGGGGGGGGGGGG-------------------
[2026-04-24 09:42:07,703][rfdiffusion.inference.utils][INFO] - Sampled motif RMSD: 0.23
[2026-04-24 09:42:07,881][rfdiffusion.inference.model_runners][INFO] - Timestep 18, input to next step: ------------------------------GGGGGGGGGGGGGGGGGGGGG-------------------
[2026-04-24 09:42:11,417][rfdiffusion.inference.utils][INFO] - Sampled motif RMSD: 0.22
[2026-04-24 09:42:11,721][rfdiffusion.inference.model_runners][INFO] - Timestep 17, input to next step: ------------------------------GGGGGGGGGGGGGGGGGGGGG-------------------
[2026-04-24 09:42:14,255][rfdiffusion.inference.utils][INFO] - Sampled motif RMSD: 0.21
[2026-04-24 09:42:14,574][rfdiffusion.inference.model_runners][INFO] - Timestep 16, input to next step: ------------------------------GGGGGGGGGGGGGGGGGGGGG-------------------
[2026-04-24 09:42:18,377][rfdiffusion.inference.utils][INFO] - Sampled motif RMSD: 0.21
[2026-04-24 09:42:18,605][rfdiffusion.inference.model_runners][INFO] - Timestep 15, input to next step: ------------------------------GGGGGGGGGGGGGGGGGGGGG-------------------
[2026-04-24 09:42:21,687][rfdiffusion.inference.utils][INFO] - Sampled motif RMSD: 0.21
[2026-04-24 09:42:21,940][rfdiffusion.inference.model_runners][INFO] - Timestep 14, input to next step: ------------------------------GGGGGGGGGGGGGGGGGGGGG-------------------
[2026-04-24 09:42:24,198][rfdiffusion.inference.utils][INFO] - Sampled motif RMSD: 0.21
[2026-04-24 09:42:24,437][rfdiffusion.inference.model_runners][INFO] - Timestep 13, input to next step: ------------------------------GGGGGGGGGGGGGGGGGGGGG-------------------
[2026-04-24 09:42:26,870][rfdiffusion.inference.utils][INFO] - Sampled motif RMSD: 0.21
[2026-04-24 09:42:27,072][rfdiffusion.inference.model_runners][INFO] - Timestep 12, input to next step: ------------------------------GGGGGGGGGGGGGGGGGGGGG-------------------
[2026-04-24 09:42:29,588][rfdiffusion.inference.utils][INFO] - Sampled motif RMSD: 0.19
[2026-04-24 09:42:29,735][rfdiffusion.inference.model_runners][INFO] - Timestep 11, input to next step: ------------------------------GGGGGGGGGGGGGGGGGGGGG-------------------
[2026-04-24 09:42:32,532][rfdiffusion.inference.utils][INFO] - Sampled motif RMSD: 0.20
[2026-04-24 09:42:32,778][rfdiffusion.inference.model_runners][INFO] - Timestep 10, input to next step: ------------------------------GGGGGGGGGGGGGGGGGGGGG-------------------
[2026-04-24 09:42:35,755][rfdiffusion.inference.utils][INFO] - Sampled motif RMSD: 0.20
[2026-04-24 09:42:35,928][rfdiffusion.inference.model_runners][INFO] - Timestep 9, input to next step: ------------------------------GGGGGGGGGGGGGGGGGGGGG-------------------
[2026-04-24 09:42:38,245][rfdiffusion.inference.utils][INFO] - Sampled motif RMSD: 0.19
[2026-04-24 09:42:38,555][rfdiffusion.inference.model_runners][INFO] - Timestep 8, input to next step: ------------------------------GGGGGGGGGGGGGGGGGGGGG-------------------
[2026-04-24 09:42:41,058][rfdiffusion.inference.utils][INFO] - Sampled motif RMSD: 0.19
[2026-04-24 09:42:41,131][rfdiffusion.inference.model_runners][INFO] - Timestep 7, input to next step: ------------------------------GGGGGGGGGGGGGGGGGGGGG-------------------
[2026-04-24 09:42:43,756][rfdiffusion.inference.utils][INFO] - Sampled motif RMSD: 0.19
[2026-04-24 09:42:43,879][rfdiffusion.inference.model_runners][INFO] - Timestep 6, input to next step: ------------------------------GGGGGGGGGGGGGGGGGGGGG-------------------
[2026-04-24 09:42:46,344][rfdiffusion.inference.utils][INFO] - Sampled motif RMSD: 0.19
[2026-04-24 09:42:46,521][rfdiffusion.inference.model_runners][INFO] - Timestep 5, input to next step: ------------------------------GGGGGGGGGGGGGGGGGGGGG-------------------
[2026-04-24 09:42:49,108][rfdiffusion.inference.utils][INFO] - Sampled motif RMSD: 0.18
[2026-04-24 09:42:49,315][rfdiffusion.inference.model_runners][INFO] - Timestep 4, input to next step: ------------------------------GGGGGGGGGGGGGGGGGGGGG-------------------
[2026-04-24 09:42:51,657][rfdiffusion.inference.utils][INFO] - Sampled motif RMSD: 0.18
[2026-04-24 09:42:51,891][rfdiffusion.inference.model_runners][INFO] - Timestep 3, input to next step: ------------------------------GGGGGGGGGGGGGGGGGGGGG-------------------
[2026-04-24 09:42:53,786][rfdiffusion.inference.utils][INFO] - Sampled motif RMSD: 0.17
[2026-04-24 09:42:53,969][rfdiffusion.inference.model_runners][INFO] - Timestep 2, input to next step: ------------------------------GGGGGGGGGGGGGGGGGGGGG-------------------
[2026-04-24 09:42:56,838][__main__][INFO] - Finished design in 2.94 minutes
