[2026-04-24 09:21:34,487][__main__][INFO] - Found GPU with device_name NVIDIA A100-SXM4-80GB. Will run RFdiffusion on NVIDIA A100-SXM4-80GB
Reading models from /lambda/nfs/manvi/Team_8_CS598GBL/RFdiffusion/rfdiffusion/inference/../../models
[2026-04-24 09:21:34,498][rfdiffusion.inference.model_runners][INFO] - Reading checkpoint from /lambda/nfs/manvi/Team_8_CS598GBL/RFdiffusion/rfdiffusion/inference/../../models/Base_ckpt.pt
This is inf_conf.ckpt_path
/lambda/nfs/manvi/Team_8_CS598GBL/RFdiffusion/rfdiffusion/inference/../../models/Base_ckpt.pt
Assembling -model, -diffuser and -preprocess configs from checkpoint
USING MODEL CONFIG: self._conf[model][n_extra_block] = 4
USING MODEL CONFIG: self._conf[model][n_main_block] = 32
USING MODEL CONFIG: self._conf[model][n_ref_block] = 4
USING MODEL CONFIG: self._conf[model][d_msa] = 256
USING MODEL CONFIG: self._conf[model][d_msa_full] = 64
USING MODEL CONFIG: self._conf[model][d_pair] = 128
USING MODEL CONFIG: self._conf[model][d_templ] = 64
USING MODEL CONFIG: self._conf[model][n_head_msa] = 8
USING MODEL CONFIG: self._conf[model][n_head_pair] = 4
USING MODEL CONFIG: self._conf[model][n_head_templ] = 4
USING MODEL CONFIG: self._conf[model][d_hidden] = 32
USING MODEL CONFIG: self._conf[model][d_hidden_templ] = 32
USING MODEL CONFIG: self._conf[model][p_drop] = 0.15
USING MODEL CONFIG: self._conf[model][SE3_param_full] = {'num_layers': 1, 'num_channels': 32, 'num_degrees': 2, 'n_heads': 4, 'div': 4, 'l0_in_features': 8, 'l0_out_features': 8, 'l1_in_features': 3, 'l1_out_features': 2, 'num_edge_features': 32}
USING MODEL CONFIG: self._conf[model][SE3_param_topk] = {'num_layers': 1, 'num_channels': 32, 'num_degrees': 2, 'n_heads': 4, 'div': 4, 'l0_in_features': 64, 'l0_out_features': 64, 'l1_in_features': 3, 'l1_out_features': 2, 'num_edge_features': 64}
USING MODEL CONFIG: self._conf[model][freeze_track_motif] = False
USING MODEL CONFIG: self._conf[model][use_motif_timestep] = True
USING MODEL CONFIG: self._conf[diffuser][T] = 50
USING MODEL CONFIG: self._conf[diffuser][b_0] = 0.01
USING MODEL CONFIG: self._conf[diffuser][b_T] = 0.07
USING MODEL CONFIG: self._conf[diffuser][schedule_type] = linear
USING MODEL CONFIG: self._conf[diffuser][so3_type] = igso3
USING MODEL CONFIG: self._conf[diffuser][crd_scale] = 0.25
USING MODEL CONFIG: self._conf[diffuser][so3_schedule_type] = linear
USING MODEL CONFIG: self._conf[diffuser][min_b] = 1.5
USING MODEL CONFIG: self._conf[diffuser][max_b] = 2.5
USING MODEL CONFIG: self._conf[diffuser][min_sigma] = 0.02
USING MODEL CONFIG: self._conf[diffuser][max_sigma] = 1.5
USING MODEL CONFIG: self._conf[preprocess][sidechain_input] = False
USING MODEL CONFIG: self._conf[preprocess][motif_sidechain_input] = True
USING MODEL CONFIG: self._conf[preprocess][d_t1d] = 22
USING MODEL CONFIG: self._conf[preprocess][d_t2d] = 44
USING MODEL CONFIG: self._conf[preprocess][prob_self_cond] = 0.5
USING MODEL CONFIG: self._conf[preprocess][str_self_cond] = True
USING MODEL CONFIG: self._conf[preprocess][predict_previous] = False
[2026-04-24 09:22:21,728][rfdiffusion.inference.model_runners][INFO] - Loading checkpoint.
[2026-04-24 09:22:32,425][rfdiffusion.diffusion][INFO] - Using cached IGSO3.
Successful diffuser __init__
[2026-04-24 09:22:32,476][__main__][INFO] - Making design /lambda/nfs/manvi/Team_8_CS598GBL/outputs/custom90_128_motif_scaffolding/fast_T20/len_125/short/scaffold_0
[2026-04-24 09:22:32,490][rfdiffusion.inference.model_runners][INFO] - Using contig: ['25-41/A55-70/25-41']
With this beta schedule (linear schedule, beta_0 = 0.04, beta_T = 0.28), alpha_bar_T = 0.00013696048699785024
[2026-04-24 09:22:32,843][rfdiffusion.inference.model_runners][INFO] - Sequence init: ---------------------------------GGGGGGGGGGGGGGGG-----------------------------------
[2026-04-24 09:22:38,997][rfdiffusion.inference.utils][INFO] - Sampled motif RMSD: 0.21
[2026-04-24 09:22:39,124][rfdiffusion.inference.model_runners][INFO] - Timestep 50, input to next step: ---------------------------------GGGGGGGGGGGGGGGG-----------------------------------
[2026-04-24 09:22:43,302][rfdiffusion.inference.utils][INFO] - Sampled motif RMSD: 0.18
[2026-04-24 09:22:43,588][rfdiffusion.inference.model_runners][INFO] - Timestep 49, input to next step: ---------------------------------GGGGGGGGGGGGGGGG-----------------------------------
[2026-04-24 09:22:48,062][rfdiffusion.inference.utils][INFO] - Sampled motif RMSD: 0.18
[2026-04-24 09:22:48,302][rfdiffusion.inference.model_runners][INFO] - Timestep 48, input to next step: ---------------------------------GGGGGGGGGGGGGGGG-----------------------------------
[2026-04-24 09:22:54,672][rfdiffusion.inference.utils][INFO] - Sampled motif RMSD: 0.17
[2026-04-24 09:22:55,057][rfdiffusion.inference.model_runners][INFO] - Timestep 47, input to next step: ---------------------------------GGGGGGGGGGGGGGGG-----------------------------------
[2026-04-24 09:23:01,048][rfdiffusion.inference.utils][INFO] - Sampled motif RMSD: 0.16
[2026-04-24 09:23:01,207][rfdiffusion.inference.model_runners][INFO] - Timestep 46, input to next step: ---------------------------------GGGGGGGGGGGGGGGG-----------------------------------
[2026-04-24 09:23:07,553][rfdiffusion.inference.utils][INFO] - Sampled motif RMSD: 0.15
[2026-04-24 09:23:07,768][rfdiffusion.inference.model_runners][INFO] - Timestep 45, input to next step: ---------------------------------GGGGGGGGGGGGGGGG-----------------------------------
[2026-04-24 09:23:12,646][rfdiffusion.inference.utils][INFO] - Sampled motif RMSD: 0.17
[2026-04-24 09:23:12,754][rfdiffusion.inference.model_runners][INFO] - Timestep 44, input to next step: ---------------------------------GGGGGGGGGGGGGGGG-----------------------------------
[2026-04-24 09:23:15,918][rfdiffusion.inference.utils][INFO] - Sampled motif RMSD: 0.16
[2026-04-24 09:23:16,086][rfdiffusion.inference.model_runners][INFO] - Timestep 43, input to next step: ---------------------------------GGGGGGGGGGGGGGGG-----------------------------------
[2026-04-24 09:23:19,280][rfdiffusion.inference.utils][INFO] - Sampled motif RMSD: 0.16
[2026-04-24 09:23:19,694][rfdiffusion.inference.model_runners][INFO] - Timestep 42, input to next step: ---------------------------------GGGGGGGGGGGGGGGG-----------------------------------
[2026-04-24 09:23:22,748][rfdiffusion.inference.utils][INFO] - Sampled motif RMSD: 0.16
[2026-04-24 09:23:22,893][rfdiffusion.inference.model_runners][INFO] - Timestep 41, input to next step: ---------------------------------GGGGGGGGGGGGGGGG-----------------------------------
[2026-04-24 09:23:26,038][rfdiffusion.inference.utils][INFO] - Sampled motif RMSD: 0.16
[2026-04-24 09:23:26,266][rfdiffusion.inference.model_runners][INFO] - Timestep 40, input to next step: ---------------------------------GGGGGGGGGGGGGGGG-----------------------------------
[2026-04-24 09:23:30,271][rfdiffusion.inference.utils][INFO] - Sampled motif RMSD: 0.15
[2026-04-24 09:23:30,352][rfdiffusion.inference.model_runners][INFO] - Timestep 39, input to next step: ---------------------------------GGGGGGGGGGGGGGGG-----------------------------------
[2026-04-24 09:23:32,572][rfdiffusion.inference.utils][INFO] - Sampled motif RMSD: 0.15
[2026-04-24 09:23:32,862][rfdiffusion.inference.model_runners][INFO] - Timestep 38, input to next step: ---------------------------------GGGGGGGGGGGGGGGG-----------------------------------
[2026-04-24 09:23:37,050][rfdiffusion.inference.utils][INFO] - Sampled motif RMSD: 0.16
[2026-04-24 09:23:37,215][rfdiffusion.inference.model_runners][INFO] - Timestep 37, input to next step: ---------------------------------GGGGGGGGGGGGGGGG-----------------------------------
[2026-04-24 09:23:39,500][rfdiffusion.inference.utils][INFO] - Sampled motif RMSD: 0.16
[2026-04-24 09:23:39,773][rfdiffusion.inference.model_runners][INFO] - Timestep 36, input to next step: ---------------------------------GGGGGGGGGGGGGGGG-----------------------------------
[2026-04-24 09:23:42,491][rfdiffusion.inference.utils][INFO] - Sampled motif RMSD: 0.15
[2026-04-24 09:23:42,751][rfdiffusion.inference.model_runners][INFO] - Timestep 35, input to next step: ---------------------------------GGGGGGGGGGGGGGGG-----------------------------------
[2026-04-24 09:23:46,014][rfdiffusion.inference.utils][INFO] - Sampled motif RMSD: 0.16
[2026-04-24 09:23:46,276][rfdiffusion.inference.model_runners][INFO] - Timestep 34, input to next step: ---------------------------------GGGGGGGGGGGGGGGG-----------------------------------
[2026-04-24 09:23:49,681][rfdiffusion.inference.utils][INFO] - Sampled motif RMSD: 0.16
[2026-04-24 09:23:49,842][rfdiffusion.inference.model_runners][INFO] - Timestep 33, input to next step: ---------------------------------GGGGGGGGGGGGGGGG-----------------------------------
[2026-04-24 09:23:52,880][rfdiffusion.inference.utils][INFO] - Sampled motif RMSD: 0.15
[2026-04-24 09:23:53,104][rfdiffusion.inference.model_runners][INFO] - Timestep 32, input to next step: ---------------------------------GGGGGGGGGGGGGGGG-----------------------------------
[2026-04-24 09:23:55,645][rfdiffusion.inference.utils][INFO] - Sampled motif RMSD: 0.15
[2026-04-24 09:23:55,793][rfdiffusion.inference.model_runners][INFO] - Timestep 31, input to next step: ---------------------------------GGGGGGGGGGGGGGGG-----------------------------------
[2026-04-24 09:23:59,473][rfdiffusion.inference.utils][INFO] - Sampled motif RMSD: 0.15
[2026-04-24 09:23:59,761][rfdiffusion.inference.model_runners][INFO] - Timestep 30, input to next step: ---------------------------------GGGGGGGGGGGGGGGG-----------------------------------
[2026-04-24 09:24:02,134][rfdiffusion.inference.utils][INFO] - Sampled motif RMSD: 0.17
[2026-04-24 09:24:02,297][rfdiffusion.inference.model_runners][INFO] - Timestep 29, input to next step: ---------------------------------GGGGGGGGGGGGGGGG-----------------------------------
[2026-04-24 09:24:06,053][rfdiffusion.inference.utils][INFO] - Sampled motif RMSD: 0.16
[2026-04-24 09:24:06,262][rfdiffusion.inference.model_runners][INFO] - Timestep 28, input to next step: ---------------------------------GGGGGGGGGGGGGGGG-----------------------------------
[2026-04-24 09:24:09,460][rfdiffusion.inference.utils][INFO] - Sampled motif RMSD: 0.16
[2026-04-24 09:24:09,561][rfdiffusion.inference.model_runners][INFO] - Timestep 27, input to next step: ---------------------------------GGGGGGGGGGGGGGGG-----------------------------------
[2026-04-24 09:24:12,547][rfdiffusion.inference.utils][INFO] - Sampled motif RMSD: 0.15
[2026-04-24 09:24:12,845][rfdiffusion.inference.model_runners][INFO] - Timestep 26, input to next step: ---------------------------------GGGGGGGGGGGGGGGG-----------------------------------
[2026-04-24 09:24:17,624][rfdiffusion.inference.utils][INFO] - Sampled motif RMSD: 0.16
[2026-04-24 09:24:17,742][rfdiffusion.inference.model_runners][INFO] - Timestep 25, input to next step: ---------------------------------GGGGGGGGGGGGGGGG-----------------------------------
[2026-04-24 09:24:22,571][rfdiffusion.inference.utils][INFO] - Sampled motif RMSD: 0.16
[2026-04-24 09:24:22,834][rfdiffusion.inference.model_runners][INFO] - Timestep 24, input to next step: ---------------------------------GGGGGGGGGGGGGGGG-----------------------------------
[2026-04-24 09:24:26,897][rfdiffusion.inference.utils][INFO] - Sampled motif RMSD: 0.17
[2026-04-24 09:24:27,147][rfdiffusion.inference.model_runners][INFO] - Timestep 23, input to next step: ---------------------------------GGGGGGGGGGGGGGGG-----------------------------------
[2026-04-24 09:24:32,418][rfdiffusion.inference.utils][INFO] - Sampled motif RMSD: 0.19
[2026-04-24 09:24:32,681][rfdiffusion.inference.model_runners][INFO] - Timestep 22, input to next step: ---------------------------------GGGGGGGGGGGGGGGG-----------------------------------
[2026-04-24 09:24:38,057][rfdiffusion.inference.utils][INFO] - Sampled motif RMSD: 0.21
[2026-04-24 09:24:38,286][rfdiffusion.inference.model_runners][INFO] - Timestep 21, input to next step: ---------------------------------GGGGGGGGGGGGGGGG-----------------------------------
[2026-04-24 09:24:43,321][rfdiffusion.inference.utils][INFO] - Sampled motif RMSD: 0.22
[2026-04-24 09:24:43,518][rfdiffusion.inference.model_runners][INFO] - Timestep 20, input to next step: ---------------------------------GGGGGGGGGGGGGGGG-----------------------------------
[2026-04-24 09:24:47,643][rfdiffusion.inference.utils][INFO] - Sampled motif RMSD: 0.22
[2026-04-24 09:24:47,807][rfdiffusion.inference.model_runners][INFO] - Timestep 19, input to next step: ---------------------------------GGGGGGGGGGGGGGGG-----------------------------------
[2026-04-24 09:24:51,857][rfdiffusion.inference.utils][INFO] - Sampled motif RMSD: 0.21
[2026-04-24 09:24:52,198][rfdiffusion.inference.model_runners][INFO] - Timestep 18, input to next step: ---------------------------------GGGGGGGGGGGGGGGG-----------------------------------
[2026-04-24 09:24:55,624][rfdiffusion.inference.utils][INFO] - Sampled motif RMSD: 0.20
[2026-04-24 09:24:55,799][rfdiffusion.inference.model_runners][INFO] - Timestep 17, input to next step: ---------------------------------GGGGGGGGGGGGGGGG-----------------------------------
[2026-04-24 09:24:59,453][rfdiffusion.inference.utils][INFO] - Sampled motif RMSD: 0.19
[2026-04-24 09:24:59,698][rfdiffusion.inference.model_runners][INFO] - Timestep 16, input to next step: ---------------------------------GGGGGGGGGGGGGGGG-----------------------------------
[2026-04-24 09:25:01,836][rfdiffusion.inference.utils][INFO] - Sampled motif RMSD: 0.21
[2026-04-24 09:25:02,112][rfdiffusion.inference.model_runners][INFO] - Timestep 15, input to next step: ---------------------------------GGGGGGGGGGGGGGGG-----------------------------------
[2026-04-24 09:25:06,021][rfdiffusion.inference.utils][INFO] - Sampled motif RMSD: 0.22
[2026-04-24 09:25:06,367][rfdiffusion.inference.model_runners][INFO] - Timestep 14, input to next step: ---------------------------------GGGGGGGGGGGGGGGG-----------------------------------
[2026-04-24 09:25:09,827][rfdiffusion.inference.utils][INFO] - Sampled motif RMSD: 0.24
[2026-04-24 09:25:09,929][rfdiffusion.inference.model_runners][INFO] - Timestep 13, input to next step: ---------------------------------GGGGGGGGGGGGGGGG-----------------------------------
[2026-04-24 09:25:16,524][rfdiffusion.inference.utils][INFO] - Sampled motif RMSD: 0.24
[2026-04-24 09:25:16,683][rfdiffusion.inference.model_runners][INFO] - Timestep 12, input to next step: ---------------------------------GGGGGGGGGGGGGGGG-----------------------------------
[2026-04-24 09:25:20,618][rfdiffusion.inference.utils][INFO] - Sampled motif RMSD: 0.26
[2026-04-24 09:25:21,001][rfdiffusion.inference.model_runners][INFO] - Timestep 11, input to next step: ---------------------------------GGGGGGGGGGGGGGGG-----------------------------------
[2026-04-24 09:25:24,512][rfdiffusion.inference.utils][INFO] - Sampled motif RMSD: 0.27
[2026-04-24 09:25:24,768][rfdiffusion.inference.model_runners][INFO] - Timestep 10, input to next step: ---------------------------------GGGGGGGGGGGGGGGG-----------------------------------
[2026-04-24 09:25:29,026][rfdiffusion.inference.utils][INFO] - Sampled motif RMSD: 0.28
[2026-04-24 09:25:29,227][rfdiffusion.inference.model_runners][INFO] - Timestep 9, input to next step: ---------------------------------GGGGGGGGGGGGGGGG-----------------------------------
[2026-04-24 09:25:32,132][rfdiffusion.inference.utils][INFO] - Sampled motif RMSD: 0.28
[2026-04-24 09:25:32,567][rfdiffusion.inference.model_runners][INFO] - Timestep 8, input to next step: ---------------------------------GGGGGGGGGGGGGGGG-----------------------------------
[2026-04-24 09:25:36,990][rfdiffusion.inference.utils][INFO] - Sampled motif RMSD: 0.29
[2026-04-24 09:25:37,181][rfdiffusion.inference.model_runners][INFO] - Timestep 7, input to next step: ---------------------------------GGGGGGGGGGGGGGGG-----------------------------------
[2026-04-24 09:25:41,001][rfdiffusion.inference.utils][INFO] - Sampled motif RMSD: 0.30
[2026-04-24 09:25:41,396][rfdiffusion.inference.model_runners][INFO] - Timestep 6, input to next step: ---------------------------------GGGGGGGGGGGGGGGG-----------------------------------
[2026-04-24 09:25:46,486][rfdiffusion.inference.utils][INFO] - Sampled motif RMSD: 0.30
[2026-04-24 09:25:46,848][rfdiffusion.inference.model_runners][INFO] - Timestep 5, input to next step: ---------------------------------GGGGGGGGGGGGGGGG-----------------------------------
[2026-04-24 09:25:51,890][rfdiffusion.inference.utils][INFO] - Sampled motif RMSD: 0.30
[2026-04-24 09:25:52,144][rfdiffusion.inference.model_runners][INFO] - Timestep 4, input to next step: ---------------------------------GGGGGGGGGGGGGGGG-----------------------------------
[2026-04-24 09:25:56,663][rfdiffusion.inference.utils][INFO] - Sampled motif RMSD: 0.29
[2026-04-24 09:25:57,146][rfdiffusion.inference.model_runners][INFO] - Timestep 3, input to next step: ---------------------------------GGGGGGGGGGGGGGGG-----------------------------------
[2026-04-24 09:26:00,523][rfdiffusion.inference.utils][INFO] - Sampled motif RMSD: 0.29
[2026-04-24 09:26:00,855][rfdiffusion.inference.model_runners][INFO] - Timestep 2, input to next step: ---------------------------------GGGGGGGGGGGGGGGG-----------------------------------
[2026-04-24 09:26:09,895][__main__][INFO] - Finished design in 3.62 minutes
[2026-04-24 09:26:09,902][__main__][INFO] - Making design /lambda/nfs/manvi/Team_8_CS598GBL/outputs/custom90_128_motif_scaffolding/fast_T20/len_125/short/scaffold_1
[2026-04-24 09:26:09,932][rfdiffusion.inference.model_runners][INFO] - Using contig: ['25-41/A55-70/25-41']
With this beta schedule (linear schedule, beta_0 = 0.04, beta_T = 0.28), alpha_bar_T = 0.00013696048699785024
[2026-04-24 09:26:10,769][rfdiffusion.inference.model_runners][INFO] - Sequence init: --------------------------------------GGGGGGGGGGGGGGGG----------------------------------
[2026-04-24 09:26:14,564][rfdiffusion.inference.utils][INFO] - Sampled motif RMSD: 0.24
[2026-04-24 09:26:14,976][rfdiffusion.inference.model_runners][INFO] - Timestep 50, input to next step: --------------------------------------GGGGGGGGGGGGGGGG----------------------------------
[2026-04-24 09:26:19,422][rfdiffusion.inference.utils][INFO] - Sampled motif RMSD: 0.26
[2026-04-24 09:26:19,622][rfdiffusion.inference.model_runners][INFO] - Timestep 49, input to next step: --------------------------------------GGGGGGGGGGGGGGGG----------------------------------
[2026-04-24 09:26:22,981][rfdiffusion.inference.utils][INFO] - Sampled motif RMSD: 0.27
[2026-04-24 09:26:23,385][rfdiffusion.inference.model_runners][INFO] - Timestep 48, input to next step: --------------------------------------GGGGGGGGGGGGGGGG----------------------------------
[2026-04-24 09:26:28,068][rfdiffusion.inference.utils][INFO] - Sampled motif RMSD: 0.24
[2026-04-24 09:26:28,386][rfdiffusion.inference.model_runners][INFO] - Timestep 47, input to next step: --------------------------------------GGGGGGGGGGGGGGGG----------------------------------
[2026-04-24 09:26:32,417][rfdiffusion.inference.utils][INFO] - Sampled motif RMSD: 0.25
[2026-04-24 09:26:32,780][rfdiffusion.inference.model_runners][INFO] - Timestep 46, input to next step: --------------------------------------GGGGGGGGGGGGGGGG----------------------------------
[2026-04-24 09:26:37,507][rfdiffusion.inference.utils][INFO] - Sampled motif RMSD: 0.24
[2026-04-24 09:26:37,788][rfdiffusion.inference.model_runners][INFO] - Timestep 45, input to next step: --------------------------------------GGGGGGGGGGGGGGGG----------------------------------
[2026-04-24 09:26:42,907][rfdiffusion.inference.utils][INFO] - Sampled motif RMSD: 0.20
[2026-04-24 09:26:43,101][rfdiffusion.inference.model_runners][INFO] - Timestep 44, input to next step: --------------------------------------GGGGGGGGGGGGGGGG----------------------------------
[2026-04-24 09:26:47,311][rfdiffusion.inference.utils][INFO] - Sampled motif RMSD: 0.17
[2026-04-24 09:26:47,518][rfdiffusion.inference.model_runners][INFO] - Timestep 43, input to next step: --------------------------------------GGGGGGGGGGGGGGGG----------------------------------
[2026-04-24 09:26:51,626][rfdiffusion.inference.utils][INFO] - Sampled motif RMSD: 0.19
[2026-04-24 09:26:51,847][rfdiffusion.inference.model_runners][INFO] - Timestep 42, input to next step: --------------------------------------GGGGGGGGGGGGGGGG----------------------------------
[2026-04-24 09:26:56,590][rfdiffusion.inference.utils][INFO] - Sampled motif RMSD: 0.19
[2026-04-24 09:26:56,871][rfdiffusion.inference.model_runners][INFO] - Timestep 41, input to next step: --------------------------------------GGGGGGGGGGGGGGGG----------------------------------
[2026-04-24 09:27:01,469][rfdiffusion.inference.utils][INFO] - Sampled motif RMSD: 0.17
[2026-04-24 09:27:01,887][rfdiffusion.inference.model_runners][INFO] - Timestep 40, input to next step: --------------------------------------GGGGGGGGGGGGGGGG----------------------------------
[2026-04-24 09:27:06,186][rfdiffusion.inference.utils][INFO] - Sampled motif RMSD: 0.16
[2026-04-24 09:27:06,331][rfdiffusion.inference.model_runners][INFO] - Timestep 39, input to next step: --------------------------------------GGGGGGGGGGGGGGGG----------------------------------
[2026-04-24 09:27:11,365][rfdiffusion.inference.utils][INFO] - Sampled motif RMSD: 0.16
[2026-04-24 09:27:11,501][rfdiffusion.inference.model_runners][INFO] - Timestep 38, input to next step: --------------------------------------GGGGGGGGGGGGGGGG----------------------------------
[2026-04-24 09:27:16,274][rfdiffusion.inference.utils][INFO] - Sampled motif RMSD: 0.15
[2026-04-24 09:27:16,563][rfdiffusion.inference.model_runners][INFO] - Timestep 37, input to next step: --------------------------------------GGGGGGGGGGGGGGGG----------------------------------
[2026-04-24 09:27:20,561][rfdiffusion.inference.utils][INFO] - Sampled motif RMSD: 0.16
[2026-04-24 09:27:20,998][rfdiffusion.inference.model_runners][INFO] - Timestep 36, input to next step: --------------------------------------GGGGGGGGGGGGGGGG----------------------------------
[2026-04-24 09:27:23,849][rfdiffusion.inference.utils][INFO] - Sampled motif RMSD: 0.17
[2026-04-24 09:27:24,145][rfdiffusion.inference.model_runners][INFO] - Timestep 35, input to next step: --------------------------------------GGGGGGGGGGGGGGGG----------------------------------
[2026-04-24 09:27:28,782][rfdiffusion.inference.utils][INFO] - Sampled motif RMSD: 0.16
[2026-04-24 09:27:29,228][rfdiffusion.inference.model_runners][INFO] - Timestep 34, input to next step: --------------------------------------GGGGGGGGGGGGGGGG----------------------------------
[2026-04-24 09:27:33,161][rfdiffusion.inference.utils][INFO] - Sampled motif RMSD: 0.16
[2026-04-24 09:27:33,475][rfdiffusion.inference.model_runners][INFO] - Timestep 33, input to next step: --------------------------------------GGGGGGGGGGGGGGGG----------------------------------
[2026-04-24 09:27:36,906][rfdiffusion.inference.utils][INFO] - Sampled motif RMSD: 0.17
[2026-04-24 09:27:37,230][rfdiffusion.inference.model_runners][INFO] - Timestep 32, input to next step: --------------------------------------GGGGGGGGGGGGGGGG----------------------------------
[2026-04-24 09:27:40,545][rfdiffusion.inference.utils][INFO] - Sampled motif RMSD: 0.20
[2026-04-24 09:27:40,988][rfdiffusion.inference.model_runners][INFO] - Timestep 31, input to next step: --------------------------------------GGGGGGGGGGGGGGGG----------------------------------
[2026-04-24 09:27:44,365][rfdiffusion.inference.utils][INFO] - Sampled motif RMSD: 0.22
[2026-04-24 09:27:44,732][rfdiffusion.inference.model_runners][INFO] - Timestep 30, input to next step: --------------------------------------GGGGGGGGGGGGGGGG----------------------------------
[2026-04-24 09:27:48,680][rfdiffusion.inference.utils][INFO] - Sampled motif RMSD: 0.22
[2026-04-24 09:27:48,964][rfdiffusion.inference.model_runners][INFO] - Timestep 29, input to next step: --------------------------------------GGGGGGGGGGGGGGGG----------------------------------
[2026-04-24 09:27:53,013][rfdiffusion.inference.utils][INFO] - Sampled motif RMSD: 0.23
[2026-04-24 09:27:53,258][rfdiffusion.inference.model_runners][INFO] - Timestep 28, input to next step: --------------------------------------GGGGGGGGGGGGGGGG----------------------------------
[2026-04-24 09:27:58,239][rfdiffusion.inference.utils][INFO] - Sampled motif RMSD: 0.24
[2026-04-24 09:27:58,423][rfdiffusion.inference.model_runners][INFO] - Timestep 27, input to next step: --------------------------------------GGGGGGGGGGGGGGGG----------------------------------
[2026-04-24 09:28:02,519][rfdiffusion.inference.utils][INFO] - Sampled motif RMSD: 0.23
[2026-04-24 09:28:02,665][rfdiffusion.inference.model_runners][INFO] - Timestep 26, input to next step: --------------------------------------GGGGGGGGGGGGGGGG----------------------------------
[2026-04-24 09:28:06,581][rfdiffusion.inference.utils][INFO] - Sampled motif RMSD: 0.24
[2026-04-24 09:28:06,859][rfdiffusion.inference.model_runners][INFO] - Timestep 25, input to next step: --------------------------------------GGGGGGGGGGGGGGGG----------------------------------
[2026-04-24 09:28:10,626][rfdiffusion.inference.utils][INFO] - Sampled motif RMSD: 0.25
[2026-04-24 09:28:10,730][rfdiffusion.inference.model_runners][INFO] - Timestep 24, input to next step: --------------------------------------GGGGGGGGGGGGGGGG----------------------------------
[2026-04-24 09:28:15,577][rfdiffusion.inference.utils][INFO] - Sampled motif RMSD: 0.25
[2026-04-24 09:28:15,876][rfdiffusion.inference.model_runners][INFO] - Timestep 23, input to next step: --------------------------------------GGGGGGGGGGGGGGGG----------------------------------
[2026-04-24 09:28:19,479][rfdiffusion.inference.utils][INFO] - Sampled motif RMSD: 0.24
[2026-04-24 09:28:19,751][rfdiffusion.inference.model_runners][INFO] - Timestep 22, input to next step: --------------------------------------GGGGGGGGGGGGGGGG----------------------------------
[2026-04-24 09:28:23,860][rfdiffusion.inference.utils][INFO] - Sampled motif RMSD: 0.24
[2026-04-24 09:28:24,081][rfdiffusion.inference.model_runners][INFO] - Timestep 21, input to next step: --------------------------------------GGGGGGGGGGGGGGGG----------------------------------
[2026-04-24 09:28:28,839][rfdiffusion.inference.utils][INFO] - Sampled motif RMSD: 0.26
[2026-04-24 09:28:29,006][rfdiffusion.inference.model_runners][INFO] - Timestep 20, input to next step: --------------------------------------GGGGGGGGGGGGGGGG----------------------------------
[2026-04-24 09:28:33,377][rfdiffusion.inference.utils][INFO] - Sampled motif RMSD: 0.27
[2026-04-24 09:28:33,504][rfdiffusion.inference.model_runners][INFO] - Timestep 19, input to next step: --------------------------------------GGGGGGGGGGGGGGGG----------------------------------
[2026-04-24 09:28:37,893][rfdiffusion.inference.utils][INFO] - Sampled motif RMSD: 0.27
[2026-04-24 09:28:38,120][rfdiffusion.inference.model_runners][INFO] - Timestep 18, input to next step: --------------------------------------GGGGGGGGGGGGGGGG----------------------------------
[2026-04-24 09:28:41,694][rfdiffusion.inference.utils][INFO] - Sampled motif RMSD: 0.28
[2026-04-24 09:28:41,929][rfdiffusion.inference.model_runners][INFO] - Timestep 17, input to next step: --------------------------------------GGGGGGGGGGGGGGGG----------------------------------
[2026-04-24 09:28:46,173][rfdiffusion.inference.utils][INFO] - Sampled motif RMSD: 0.29
[2026-04-24 09:28:46,423][rfdiffusion.inference.model_runners][INFO] - Timestep 16, input to next step: --------------------------------------GGGGGGGGGGGGGGGG----------------------------------
[2026-04-24 09:28:50,333][rfdiffusion.inference.utils][INFO] - Sampled motif RMSD: 0.28
[2026-04-24 09:28:50,731][rfdiffusion.inference.model_runners][INFO] - Timestep 15, input to next step: --------------------------------------GGGGGGGGGGGGGGGG----------------------------------
[2026-04-24 09:28:54,750][rfdiffusion.inference.utils][INFO] - Sampled motif RMSD: 0.29
[2026-04-24 09:28:55,142][rfdiffusion.inference.model_runners][INFO] - Timestep 14, input to next step: --------------------------------------GGGGGGGGGGGGGGGG----------------------------------
[2026-04-24 09:28:57,883][rfdiffusion.inference.utils][INFO] - Sampled motif RMSD: 0.31
[2026-04-24 09:28:58,130][rfdiffusion.inference.model_runners][INFO] - Timestep 13, input to next step: --------------------------------------GGGGGGGGGGGGGGGG----------------------------------
[2026-04-24 09:29:01,679][rfdiffusion.inference.utils][INFO] - Sampled motif RMSD: 0.31
[2026-04-24 09:29:01,976][rfdiffusion.inference.model_runners][INFO] - Timestep 12, input to next step: --------------------------------------GGGGGGGGGGGGGGGG----------------------------------
[2026-04-24 09:29:05,965][rfdiffusion.inference.utils][INFO] - Sampled motif RMSD: 0.32
[2026-04-24 09:29:06,168][rfdiffusion.inference.model_runners][INFO] - Timestep 11, input to next step: --------------------------------------GGGGGGGGGGGGGGGG----------------------------------
[2026-04-24 09:29:11,020][rfdiffusion.inference.utils][INFO] - Sampled motif RMSD: 0.33
[2026-04-24 09:29:11,285][rfdiffusion.inference.model_runners][INFO] - Timestep 10, input to next step: --------------------------------------GGGGGGGGGGGGGGGG----------------------------------
[2026-04-24 09:29:15,420][rfdiffusion.inference.utils][INFO] - Sampled motif RMSD: 0.34
[2026-04-24 09:29:15,622][rfdiffusion.inference.model_runners][INFO] - Timestep 9, input to next step: --------------------------------------GGGGGGGGGGGGGGGG----------------------------------
[2026-04-24 09:29:19,268][rfdiffusion.inference.utils][INFO] - Sampled motif RMSD: 0.34
[2026-04-24 09:29:19,574][rfdiffusion.inference.model_runners][INFO] - Timestep 8, input to next step: --------------------------------------GGGGGGGGGGGGGGGG----------------------------------
[2026-04-24 09:29:22,786][rfdiffusion.inference.utils][INFO] - Sampled motif RMSD: 0.34
[2026-04-24 09:29:22,887][rfdiffusion.inference.model_runners][INFO] - Timestep 7, input to next step: --------------------------------------GGGGGGGGGGGGGGGG----------------------------------
[2026-04-24 09:29:26,094][rfdiffusion.inference.utils][INFO] - Sampled motif RMSD: 0.34
[2026-04-24 09:29:26,420][rfdiffusion.inference.model_runners][INFO] - Timestep 6, input to next step: --------------------------------------GGGGGGGGGGGGGGGG----------------------------------
[2026-04-24 09:29:29,092][rfdiffusion.inference.utils][INFO] - Sampled motif RMSD: 0.34
[2026-04-24 09:29:29,231][rfdiffusion.inference.model_runners][INFO] - Timestep 5, input to next step: --------------------------------------GGGGGGGGGGGGGGGG----------------------------------
[2026-04-24 09:29:32,830][rfdiffusion.inference.utils][INFO] - Sampled motif RMSD: 0.35
[2026-04-24 09:29:33,126][rfdiffusion.inference.model_runners][INFO] - Timestep 4, input to next step: --------------------------------------GGGGGGGGGGGGGGGG----------------------------------
[2026-04-24 09:29:34,972][rfdiffusion.inference.utils][INFO] - Sampled motif RMSD: 0.35
[2026-04-24 09:29:35,213][rfdiffusion.inference.model_runners][INFO] - Timestep 3, input to next step: --------------------------------------GGGGGGGGGGGGGGGG----------------------------------
[2026-04-24 09:29:37,991][rfdiffusion.inference.utils][INFO] - Sampled motif RMSD: 0.34
[2026-04-24 09:29:38,167][rfdiffusion.inference.model_runners][INFO] - Timestep 2, input to next step: --------------------------------------GGGGGGGGGGGGGGGG----------------------------------
[2026-04-24 09:29:45,271][__main__][INFO] - Finished design in 3.59 minutes
