[2026-04-24 09:25:21,238][__main__][INFO] - Found GPU with device_name NVIDIA A100-SXM4-80GB. Will run RFdiffusion on NVIDIA A100-SXM4-80GB
Reading models from /lambda/nfs/manvi/Team_8_CS598GBL/RFdiffusion/rfdiffusion/inference/../../models
[2026-04-24 09:25:21,240][rfdiffusion.inference.model_runners][INFO] - Reading checkpoint from /lambda/nfs/manvi/Team_8_CS598GBL/RFdiffusion/rfdiffusion/inference/../../models/Base_ckpt.pt
This is inf_conf.ckpt_path
/lambda/nfs/manvi/Team_8_CS598GBL/RFdiffusion/rfdiffusion/inference/../../models/Base_ckpt.pt
Assembling -model, -diffuser and -preprocess configs from checkpoint
USING MODEL CONFIG: self._conf[model][n_extra_block] = 4
USING MODEL CONFIG: self._conf[model][n_main_block] = 32
USING MODEL CONFIG: self._conf[model][n_ref_block] = 4
USING MODEL CONFIG: self._conf[model][d_msa] = 256
USING MODEL CONFIG: self._conf[model][d_msa_full] = 64
USING MODEL CONFIG: self._conf[model][d_pair] = 128
USING MODEL CONFIG: self._conf[model][d_templ] = 64
USING MODEL CONFIG: self._conf[model][n_head_msa] = 8
USING MODEL CONFIG: self._conf[model][n_head_pair] = 4
USING MODEL CONFIG: self._conf[model][n_head_templ] = 4
USING MODEL CONFIG: self._conf[model][d_hidden] = 32
USING MODEL CONFIG: self._conf[model][d_hidden_templ] = 32
USING MODEL CONFIG: self._conf[model][p_drop] = 0.15
USING MODEL CONFIG: self._conf[model][SE3_param_full] = {'num_layers': 1, 'num_channels': 32, 'num_degrees': 2, 'n_heads': 4, 'div': 4, 'l0_in_features': 8, 'l0_out_features': 8, 'l1_in_features': 3, 'l1_out_features': 2, 'num_edge_features': 32}
USING MODEL CONFIG: self._conf[model][SE3_param_topk] = {'num_layers': 1, 'num_channels': 32, 'num_degrees': 2, 'n_heads': 4, 'div': 4, 'l0_in_features': 64, 'l0_out_features': 64, 'l1_in_features': 3, 'l1_out_features': 2, 'num_edge_features': 64}
USING MODEL CONFIG: self._conf[model][freeze_track_motif] = False
USING MODEL CONFIG: self._conf[model][use_motif_timestep] = True
USING MODEL CONFIG: self._conf[diffuser][T] = 50
USING MODEL CONFIG: self._conf[diffuser][b_0] = 0.01
USING MODEL CONFIG: self._conf[diffuser][b_T] = 0.07
USING MODEL CONFIG: self._conf[diffuser][schedule_type] = linear
USING MODEL CONFIG: self._conf[diffuser][so3_type] = igso3
USING MODEL CONFIG: self._conf[diffuser][crd_scale] = 0.25
USING MODEL CONFIG: self._conf[diffuser][so3_schedule_type] = linear
USING MODEL CONFIG: self._conf[diffuser][min_b] = 1.5
USING MODEL CONFIG: self._conf[diffuser][max_b] = 2.5
USING MODEL CONFIG: self._conf[diffuser][min_sigma] = 0.02
USING MODEL CONFIG: self._conf[diffuser][max_sigma] = 1.5
USING MODEL CONFIG: self._conf[preprocess][sidechain_input] = False
USING MODEL CONFIG: self._conf[preprocess][motif_sidechain_input] = True
USING MODEL CONFIG: self._conf[preprocess][d_t1d] = 22
USING MODEL CONFIG: self._conf[preprocess][d_t2d] = 44
USING MODEL CONFIG: self._conf[preprocess][prob_self_cond] = 0.5
USING MODEL CONFIG: self._conf[preprocess][str_self_cond] = True
USING MODEL CONFIG: self._conf[preprocess][predict_previous] = False
[2026-04-24 09:26:37,519][rfdiffusion.inference.model_runners][INFO] - Loading checkpoint.
[2026-04-24 09:27:02,324][rfdiffusion.diffusion][INFO] - Using cached IGSO3.
Successful diffuser __init__
[2026-04-24 09:27:02,364][__main__][INFO] - Making design /lambda/nfs/manvi/Team_8_CS598GBL/outputs/custom90_128_motif_scaffolding/fast_T20/len_127/cterm/scaffold_0
[2026-04-24 09:27:02,384][rfdiffusion.inference.model_runners][INFO] - Using contig: ['25-42/A101-127']
With this beta schedule (linear schedule, beta_0 = 0.04, beta_T = 0.28), alpha_bar_T = 0.00013696048699785024
[2026-04-24 09:27:02,850][rfdiffusion.inference.model_runners][INFO] - Sequence init: ---------------------------------GGGGGGGGGGGGGGGGGGGGGGGGGGG
[2026-04-24 09:27:10,726][rfdiffusion.inference.utils][INFO] - Sampled motif RMSD: 0.19
[2026-04-24 09:27:10,934][rfdiffusion.inference.model_runners][INFO] - Timestep 50, input to next step: ---------------------------------GGGGGGGGGGGGGGGGGGGGGGGGGGG
[2026-04-24 09:27:13,357][rfdiffusion.inference.utils][INFO] - Sampled motif RMSD: 0.14
[2026-04-24 09:27:13,693][rfdiffusion.inference.model_runners][INFO] - Timestep 49, input to next step: ---------------------------------GGGGGGGGGGGGGGGGGGGGGGGGGGG
[2026-04-24 09:27:18,125][rfdiffusion.inference.utils][INFO] - Sampled motif RMSD: 0.13
[2026-04-24 09:27:18,388][rfdiffusion.inference.model_runners][INFO] - Timestep 48, input to next step: ---------------------------------GGGGGGGGGGGGGGGGGGGGGGGGGGG
[2026-04-24 09:27:22,823][rfdiffusion.inference.utils][INFO] - Sampled motif RMSD: 0.12
[2026-04-24 09:27:22,994][rfdiffusion.inference.model_runners][INFO] - Timestep 47, input to next step: ---------------------------------GGGGGGGGGGGGGGGGGGGGGGGGGGG
[2026-04-24 09:27:27,819][rfdiffusion.inference.utils][INFO] - Sampled motif RMSD: 0.13
[2026-04-24 09:27:28,176][rfdiffusion.inference.model_runners][INFO] - Timestep 46, input to next step: ---------------------------------GGGGGGGGGGGGGGGGGGGGGGGGGGG
[2026-04-24 09:27:32,544][rfdiffusion.inference.utils][INFO] - Sampled motif RMSD: 0.14
[2026-04-24 09:27:32,882][rfdiffusion.inference.model_runners][INFO] - Timestep 45, input to next step: ---------------------------------GGGGGGGGGGGGGGGGGGGGGGGGGGG
[2026-04-24 09:27:37,021][rfdiffusion.inference.utils][INFO] - Sampled motif RMSD: 0.14
[2026-04-24 09:27:37,428][rfdiffusion.inference.model_runners][INFO] - Timestep 44, input to next step: ---------------------------------GGGGGGGGGGGGGGGGGGGGGGGGGGG
[2026-04-24 09:27:41,849][rfdiffusion.inference.utils][INFO] - Sampled motif RMSD: 0.15
[2026-04-24 09:27:42,089][rfdiffusion.inference.model_runners][INFO] - Timestep 43, input to next step: ---------------------------------GGGGGGGGGGGGGGGGGGGGGGGGGGG
[2026-04-24 09:27:46,275][rfdiffusion.inference.utils][INFO] - Sampled motif RMSD: 0.14
[2026-04-24 09:27:46,457][rfdiffusion.inference.model_runners][INFO] - Timestep 42, input to next step: ---------------------------------GGGGGGGGGGGGGGGGGGGGGGGGGGG
[2026-04-24 09:27:50,777][rfdiffusion.inference.utils][INFO] - Sampled motif RMSD: 0.15
[2026-04-24 09:27:50,941][rfdiffusion.inference.model_runners][INFO] - Timestep 41, input to next step: ---------------------------------GGGGGGGGGGGGGGGGGGGGGGGGGGG
[2026-04-24 09:27:54,200][rfdiffusion.inference.utils][INFO] - Sampled motif RMSD: 0.17
[2026-04-24 09:27:54,522][rfdiffusion.inference.model_runners][INFO] - Timestep 40, input to next step: ---------------------------------GGGGGGGGGGGGGGGGGGGGGGGGGGG
[2026-04-24 09:27:59,331][rfdiffusion.inference.utils][INFO] - Sampled motif RMSD: 0.18
[2026-04-24 09:27:59,662][rfdiffusion.inference.model_runners][INFO] - Timestep 39, input to next step: ---------------------------------GGGGGGGGGGGGGGGGGGGGGGGGGGG
[2026-04-24 09:28:03,563][rfdiffusion.inference.utils][INFO] - Sampled motif RMSD: 0.19
[2026-04-24 09:28:03,973][rfdiffusion.inference.model_runners][INFO] - Timestep 38, input to next step: ---------------------------------GGGGGGGGGGGGGGGGGGGGGGGGGGG
[2026-04-24 09:28:09,063][rfdiffusion.inference.utils][INFO] - Sampled motif RMSD: 0.21
[2026-04-24 09:28:09,407][rfdiffusion.inference.model_runners][INFO] - Timestep 37, input to next step: ---------------------------------GGGGGGGGGGGGGGGGGGGGGGGGGGG
[2026-04-24 09:28:13,653][rfdiffusion.inference.utils][INFO] - Sampled motif RMSD: 0.23
[2026-04-24 09:28:13,914][rfdiffusion.inference.model_runners][INFO] - Timestep 36, input to next step: ---------------------------------GGGGGGGGGGGGGGGGGGGGGGGGGGG
[2026-04-24 09:28:17,752][rfdiffusion.inference.utils][INFO] - Sampled motif RMSD: 0.23
[2026-04-24 09:28:18,073][rfdiffusion.inference.model_runners][INFO] - Timestep 35, input to next step: ---------------------------------GGGGGGGGGGGGGGGGGGGGGGGGGGG
[2026-04-24 09:28:21,577][rfdiffusion.inference.utils][INFO] - Sampled motif RMSD: 0.20
[2026-04-24 09:28:21,857][rfdiffusion.inference.model_runners][INFO] - Timestep 34, input to next step: ---------------------------------GGGGGGGGGGGGGGGGGGGGGGGGGGG
[2026-04-24 09:28:26,408][rfdiffusion.inference.utils][INFO] - Sampled motif RMSD: 0.17
[2026-04-24 09:28:26,679][rfdiffusion.inference.model_runners][INFO] - Timestep 33, input to next step: ---------------------------------GGGGGGGGGGGGGGGGGGGGGGGGGGG
[2026-04-24 09:28:30,892][rfdiffusion.inference.utils][INFO] - Sampled motif RMSD: 0.15
[2026-04-24 09:28:31,251][rfdiffusion.inference.model_runners][INFO] - Timestep 32, input to next step: ---------------------------------GGGGGGGGGGGGGGGGGGGGGGGGGGG
[2026-04-24 09:28:34,884][rfdiffusion.inference.utils][INFO] - Sampled motif RMSD: 0.14
[2026-04-24 09:28:35,305][rfdiffusion.inference.model_runners][INFO] - Timestep 31, input to next step: ---------------------------------GGGGGGGGGGGGGGGGGGGGGGGGGGG
[2026-04-24 09:28:38,581][rfdiffusion.inference.utils][INFO] - Sampled motif RMSD: 0.13
[2026-04-24 09:28:38,851][rfdiffusion.inference.model_runners][INFO] - Timestep 30, input to next step: ---------------------------------GGGGGGGGGGGGGGGGGGGGGGGGGGG
[2026-04-24 09:28:41,710][rfdiffusion.inference.utils][INFO] - Sampled motif RMSD: 0.14
[2026-04-24 09:28:41,978][rfdiffusion.inference.model_runners][INFO] - Timestep 29, input to next step: ---------------------------------GGGGGGGGGGGGGGGGGGGGGGGGGGG
[2026-04-24 09:28:45,899][rfdiffusion.inference.utils][INFO] - Sampled motif RMSD: 0.14
[2026-04-24 09:28:46,182][rfdiffusion.inference.model_runners][INFO] - Timestep 28, input to next step: ---------------------------------GGGGGGGGGGGGGGGGGGGGGGGGGGG
[2026-04-24 09:28:50,660][rfdiffusion.inference.utils][INFO] - Sampled motif RMSD: 0.14
[2026-04-24 09:28:50,966][rfdiffusion.inference.model_runners][INFO] - Timestep 27, input to next step: ---------------------------------GGGGGGGGGGGGGGGGGGGGGGGGGGG
[2026-04-24 09:28:54,277][rfdiffusion.inference.utils][INFO] - Sampled motif RMSD: 0.14
[2026-04-24 09:28:54,497][rfdiffusion.inference.model_runners][INFO] - Timestep 26, input to next step: ---------------------------------GGGGGGGGGGGGGGGGGGGGGGGGGGG
[2026-04-24 09:28:57,974][rfdiffusion.inference.utils][INFO] - Sampled motif RMSD: 0.14
[2026-04-24 09:28:58,249][rfdiffusion.inference.model_runners][INFO] - Timestep 25, input to next step: ---------------------------------GGGGGGGGGGGGGGGGGGGGGGGGGGG
[2026-04-24 09:29:02,010][rfdiffusion.inference.utils][INFO] - Sampled motif RMSD: 0.14
[2026-04-24 09:29:02,252][rfdiffusion.inference.model_runners][INFO] - Timestep 24, input to next step: ---------------------------------GGGGGGGGGGGGGGGGGGGGGGGGGGG
[2026-04-24 09:29:05,247][rfdiffusion.inference.utils][INFO] - Sampled motif RMSD: 0.15
[2026-04-24 09:29:05,503][rfdiffusion.inference.model_runners][INFO] - Timestep 23, input to next step: ---------------------------------GGGGGGGGGGGGGGGGGGGGGGGGGGG
[2026-04-24 09:29:08,478][rfdiffusion.inference.utils][INFO] - Sampled motif RMSD: 0.13
[2026-04-24 09:29:08,787][rfdiffusion.inference.model_runners][INFO] - Timestep 22, input to next step: ---------------------------------GGGGGGGGGGGGGGGGGGGGGGGGGGG
[2026-04-24 09:29:12,279][rfdiffusion.inference.utils][INFO] - Sampled motif RMSD: 0.12
[2026-04-24 09:29:12,447][rfdiffusion.inference.model_runners][INFO] - Timestep 21, input to next step: ---------------------------------GGGGGGGGGGGGGGGGGGGGGGGGGGG
[2026-04-24 09:29:15,975][rfdiffusion.inference.utils][INFO] - Sampled motif RMSD: 0.12
[2026-04-24 09:29:16,233][rfdiffusion.inference.model_runners][INFO] - Timestep 20, input to next step: ---------------------------------GGGGGGGGGGGGGGGGGGGGGGGGGGG
[2026-04-24 09:29:19,274][rfdiffusion.inference.utils][INFO] - Sampled motif RMSD: 0.11
[2026-04-24 09:29:19,490][rfdiffusion.inference.model_runners][INFO] - Timestep 19, input to next step: ---------------------------------GGGGGGGGGGGGGGGGGGGGGGGGGGG
[2026-04-24 09:29:22,849][rfdiffusion.inference.utils][INFO] - Sampled motif RMSD: 0.12
[2026-04-24 09:29:23,054][rfdiffusion.inference.model_runners][INFO] - Timestep 18, input to next step: ---------------------------------GGGGGGGGGGGGGGGGGGGGGGGGGGG
[2026-04-24 09:29:26,022][rfdiffusion.inference.utils][INFO] - Sampled motif RMSD: 0.11
[2026-04-24 09:29:26,330][rfdiffusion.inference.model_runners][INFO] - Timestep 17, input to next step: ---------------------------------GGGGGGGGGGGGGGGGGGGGGGGGGGG
[2026-04-24 09:29:29,313][rfdiffusion.inference.utils][INFO] - Sampled motif RMSD: 0.09
[2026-04-24 09:29:29,379][rfdiffusion.inference.model_runners][INFO] - Timestep 16, input to next step: ---------------------------------GGGGGGGGGGGGGGGGGGGGGGGGGGG
[2026-04-24 09:29:32,989][rfdiffusion.inference.utils][INFO] - Sampled motif RMSD: 0.08
[2026-04-24 09:29:33,231][rfdiffusion.inference.model_runners][INFO] - Timestep 15, input to next step: ---------------------------------GGGGGGGGGGGGGGGGGGGGGGGGGGG
[2026-04-24 09:29:35,068][rfdiffusion.inference.utils][INFO] - Sampled motif RMSD: 0.09
[2026-04-24 09:29:35,246][rfdiffusion.inference.model_runners][INFO] - Timestep 14, input to next step: ---------------------------------GGGGGGGGGGGGGGGGGGGGGGGGGGG
[2026-04-24 09:29:38,147][rfdiffusion.inference.utils][INFO] - Sampled motif RMSD: 0.10
[2026-04-24 09:29:38,317][rfdiffusion.inference.model_runners][INFO] - Timestep 13, input to next step: ---------------------------------GGGGGGGGGGGGGGGGGGGGGGGGGGG
[2026-04-24 09:29:41,558][rfdiffusion.inference.utils][INFO] - Sampled motif RMSD: 0.09
[2026-04-24 09:29:41,848][rfdiffusion.inference.model_runners][INFO] - Timestep 12, input to next step: ---------------------------------GGGGGGGGGGGGGGGGGGGGGGGGGGG
[2026-04-24 09:29:44,649][rfdiffusion.inference.utils][INFO] - Sampled motif RMSD: 0.09
[2026-04-24 09:29:44,971][rfdiffusion.inference.model_runners][INFO] - Timestep 11, input to next step: ---------------------------------GGGGGGGGGGGGGGGGGGGGGGGGGGG
[2026-04-24 09:29:48,072][rfdiffusion.inference.utils][INFO] - Sampled motif RMSD: 0.10
[2026-04-24 09:29:48,395][rfdiffusion.inference.model_runners][INFO] - Timestep 10, input to next step: ---------------------------------GGGGGGGGGGGGGGGGGGGGGGGGGGG
[2026-04-24 09:29:52,510][rfdiffusion.inference.utils][INFO] - Sampled motif RMSD: 0.10
[2026-04-24 09:29:53,016][rfdiffusion.inference.model_runners][INFO] - Timestep 9, input to next step: ---------------------------------GGGGGGGGGGGGGGGGGGGGGGGGGGG
[2026-04-24 09:29:57,154][rfdiffusion.inference.utils][INFO] - Sampled motif RMSD: 0.10
[2026-04-24 09:29:57,495][rfdiffusion.inference.model_runners][INFO] - Timestep 8, input to next step: ---------------------------------GGGGGGGGGGGGGGGGGGGGGGGGGGG
[2026-04-24 09:30:00,985][rfdiffusion.inference.utils][INFO] - Sampled motif RMSD: 0.10
[2026-04-24 09:30:01,318][rfdiffusion.inference.model_runners][INFO] - Timestep 7, input to next step: ---------------------------------GGGGGGGGGGGGGGGGGGGGGGGGGGG
[2026-04-24 09:30:05,044][rfdiffusion.inference.utils][INFO] - Sampled motif RMSD: 0.10
[2026-04-24 09:30:05,218][rfdiffusion.inference.model_runners][INFO] - Timestep 6, input to next step: ---------------------------------GGGGGGGGGGGGGGGGGGGGGGGGGGG
[2026-04-24 09:30:08,334][rfdiffusion.inference.utils][INFO] - Sampled motif RMSD: 0.10
[2026-04-24 09:30:08,410][rfdiffusion.inference.model_runners][INFO] - Timestep 5, input to next step: ---------------------------------GGGGGGGGGGGGGGGGGGGGGGGGGGG
[2026-04-24 09:30:11,523][rfdiffusion.inference.utils][INFO] - Sampled motif RMSD: 0.10
[2026-04-24 09:30:11,634][rfdiffusion.inference.model_runners][INFO] - Timestep 4, input to next step: ---------------------------------GGGGGGGGGGGGGGGGGGGGGGGGGGG
[2026-04-24 09:30:13,796][rfdiffusion.inference.utils][INFO] - Sampled motif RMSD: 0.11
[2026-04-24 09:30:13,952][rfdiffusion.inference.model_runners][INFO] - Timestep 3, input to next step: ---------------------------------GGGGGGGGGGGGGGGGGGGGGGGGGGG
[2026-04-24 09:30:15,918][rfdiffusion.inference.utils][INFO] - Sampled motif RMSD: 0.11
[2026-04-24 09:30:16,106][rfdiffusion.inference.model_runners][INFO] - Timestep 2, input to next step: ---------------------------------GGGGGGGGGGGGGGGGGGGGGGGGGGG
[2026-04-24 09:30:20,940][__main__][INFO] - Finished design in 3.31 minutes
[2026-04-24 09:30:20,941][__main__][INFO] - Making design /lambda/nfs/manvi/Team_8_CS598GBL/outputs/custom90_128_motif_scaffolding/fast_T20/len_127/cterm/scaffold_1
[2026-04-24 09:30:20,952][rfdiffusion.inference.model_runners][INFO] - Using contig: ['25-42/A101-127']
With this beta schedule (linear schedule, beta_0 = 0.04, beta_T = 0.28), alpha_bar_T = 0.00013696048699785024
[2026-04-24 09:30:21,078][rfdiffusion.inference.model_runners][INFO] - Sequence init: -------------------------------GGGGGGGGGGGGGGGGGGGGGGGGGGG
[2026-04-24 09:30:24,870][rfdiffusion.inference.utils][INFO] - Sampled motif RMSD: 0.19
[2026-04-24 09:30:25,037][rfdiffusion.inference.model_runners][INFO] - Timestep 50, input to next step: -------------------------------GGGGGGGGGGGGGGGGGGGGGGGGGGG
[2026-04-24 09:30:28,514][rfdiffusion.inference.utils][INFO] - Sampled motif RMSD: 0.16
[2026-04-24 09:30:28,699][rfdiffusion.inference.model_runners][INFO] - Timestep 49, input to next step: -------------------------------GGGGGGGGGGGGGGGGGGGGGGGGGGG
[2026-04-24 09:30:31,008][rfdiffusion.inference.utils][INFO] - Sampled motif RMSD: 0.15
[2026-04-24 09:30:31,320][rfdiffusion.inference.model_runners][INFO] - Timestep 48, input to next step: -------------------------------GGGGGGGGGGGGGGGGGGGGGGGGGGG
[2026-04-24 09:30:34,230][rfdiffusion.inference.utils][INFO] - Sampled motif RMSD: 0.14
[2026-04-24 09:30:34,526][rfdiffusion.inference.model_runners][INFO] - Timestep 47, input to next step: -------------------------------GGGGGGGGGGGGGGGGGGGGGGGGGGG
[2026-04-24 09:30:37,806][rfdiffusion.inference.utils][INFO] - Sampled motif RMSD: 0.12
[2026-04-24 09:30:38,082][rfdiffusion.inference.model_runners][INFO] - Timestep 46, input to next step: -------------------------------GGGGGGGGGGGGGGGGGGGGGGGGGGG
[2026-04-24 09:30:42,914][rfdiffusion.inference.utils][INFO] - Sampled motif RMSD: 0.12
[2026-04-24 09:30:43,080][rfdiffusion.inference.model_runners][INFO] - Timestep 45, input to next step: -------------------------------GGGGGGGGGGGGGGGGGGGGGGGGGGG
[2026-04-24 09:30:47,350][rfdiffusion.inference.utils][INFO] - Sampled motif RMSD: 0.14
[2026-04-24 09:30:47,588][rfdiffusion.inference.model_runners][INFO] - Timestep 44, input to next step: -------------------------------GGGGGGGGGGGGGGGGGGGGGGGGGGG
[2026-04-24 09:30:51,749][rfdiffusion.inference.utils][INFO] - Sampled motif RMSD: 0.13
[2026-04-24 09:30:52,006][rfdiffusion.inference.model_runners][INFO] - Timestep 43, input to next step: -------------------------------GGGGGGGGGGGGGGGGGGGGGGGGGGG
[2026-04-24 09:30:55,290][rfdiffusion.inference.utils][INFO] - Sampled motif RMSD: 0.13
[2026-04-24 09:30:55,508][rfdiffusion.inference.model_runners][INFO] - Timestep 42, input to next step: -------------------------------GGGGGGGGGGGGGGGGGGGGGGGGGGG
[2026-04-24 09:30:58,614][rfdiffusion.inference.utils][INFO] - Sampled motif RMSD: 0.12
[2026-04-24 09:30:58,806][rfdiffusion.inference.model_runners][INFO] - Timestep 41, input to next step: -------------------------------GGGGGGGGGGGGGGGGGGGGGGGGGGG
[2026-04-24 09:31:02,572][rfdiffusion.inference.utils][INFO] - Sampled motif RMSD: 0.14
[2026-04-24 09:31:02,716][rfdiffusion.inference.model_runners][INFO] - Timestep 40, input to next step: -------------------------------GGGGGGGGGGGGGGGGGGGGGGGGGGG
[2026-04-24 09:31:05,680][rfdiffusion.inference.utils][INFO] - Sampled motif RMSD: 0.13
[2026-04-24 09:31:05,828][rfdiffusion.inference.model_runners][INFO] - Timestep 39, input to next step: -------------------------------GGGGGGGGGGGGGGGGGGGGGGGGGGG
[2026-04-24 09:31:08,789][rfdiffusion.inference.utils][INFO] - Sampled motif RMSD: 0.12
[2026-04-24 09:31:08,986][rfdiffusion.inference.model_runners][INFO] - Timestep 38, input to next step: -------------------------------GGGGGGGGGGGGGGGGGGGGGGGGGGG
[2026-04-24 09:31:11,835][rfdiffusion.inference.utils][INFO] - Sampled motif RMSD: 0.13
[2026-04-24 09:31:12,084][rfdiffusion.inference.model_runners][INFO] - Timestep 37, input to next step: -------------------------------GGGGGGGGGGGGGGGGGGGGGGGGGGG
[2026-04-24 09:31:15,362][rfdiffusion.inference.utils][INFO] - Sampled motif RMSD: 0.13
[2026-04-24 09:31:15,493][rfdiffusion.inference.model_runners][INFO] - Timestep 36, input to next step: -------------------------------GGGGGGGGGGGGGGGGGGGGGGGGGGG
[2026-04-24 09:31:18,788][rfdiffusion.inference.utils][INFO] - Sampled motif RMSD: 0.12
[2026-04-24 09:31:19,139][rfdiffusion.inference.model_runners][INFO] - Timestep 35, input to next step: -------------------------------GGGGGGGGGGGGGGGGGGGGGGGGGGG
[2026-04-24 09:31:22,432][rfdiffusion.inference.utils][INFO] - Sampled motif RMSD: 0.12
[2026-04-24 09:31:22,794][rfdiffusion.inference.model_runners][INFO] - Timestep 34, input to next step: -------------------------------GGGGGGGGGGGGGGGGGGGGGGGGGGG
[2026-04-24 09:31:27,280][rfdiffusion.inference.utils][INFO] - Sampled motif RMSD: 0.12
[2026-04-24 09:31:27,718][rfdiffusion.inference.model_runners][INFO] - Timestep 33, input to next step: -------------------------------GGGGGGGGGGGGGGGGGGGGGGGGGGG
[2026-04-24 09:31:32,626][rfdiffusion.inference.utils][INFO] - Sampled motif RMSD: 0.11
[2026-04-24 09:31:32,875][rfdiffusion.inference.model_runners][INFO] - Timestep 32, input to next step: -------------------------------GGGGGGGGGGGGGGGGGGGGGGGGGGG
[2026-04-24 09:31:37,120][rfdiffusion.inference.utils][INFO] - Sampled motif RMSD: 0.11
[2026-04-24 09:31:37,346][rfdiffusion.inference.model_runners][INFO] - Timestep 31, input to next step: -------------------------------GGGGGGGGGGGGGGGGGGGGGGGGGGG
[2026-04-24 09:31:41,677][rfdiffusion.inference.utils][INFO] - Sampled motif RMSD: 0.11
[2026-04-24 09:31:41,935][rfdiffusion.inference.model_runners][INFO] - Timestep 30, input to next step: -------------------------------GGGGGGGGGGGGGGGGGGGGGGGGGGG
[2026-04-24 09:31:43,790][rfdiffusion.inference.utils][INFO] - Sampled motif RMSD: 0.11
[2026-04-24 09:31:44,354][rfdiffusion.inference.model_runners][INFO] - Timestep 29, input to next step: -------------------------------GGGGGGGGGGGGGGGGGGGGGGGGGGG
[2026-04-24 09:31:48,579][rfdiffusion.inference.utils][INFO] - Sampled motif RMSD: 0.11
[2026-04-24 09:31:48,864][rfdiffusion.inference.model_runners][INFO] - Timestep 28, input to next step: -------------------------------GGGGGGGGGGGGGGGGGGGGGGGGGGG
[2026-04-24 09:31:53,424][rfdiffusion.inference.utils][INFO] - Sampled motif RMSD: 0.11
[2026-04-24 09:31:53,844][rfdiffusion.inference.model_runners][INFO] - Timestep 27, input to next step: -------------------------------GGGGGGGGGGGGGGGGGGGGGGGGGGG
[2026-04-24 09:31:57,525][rfdiffusion.inference.utils][INFO] - Sampled motif RMSD: 0.11
[2026-04-24 09:31:57,908][rfdiffusion.inference.model_runners][INFO] - Timestep 26, input to next step: -------------------------------GGGGGGGGGGGGGGGGGGGGGGGGGGG
[2026-04-24 09:32:01,692][rfdiffusion.inference.utils][INFO] - Sampled motif RMSD: 0.11
[2026-04-24 09:32:01,975][rfdiffusion.inference.model_runners][INFO] - Timestep 25, input to next step: -------------------------------GGGGGGGGGGGGGGGGGGGGGGGGGGG
[2026-04-24 09:32:06,457][rfdiffusion.inference.utils][INFO] - Sampled motif RMSD: 0.10
[2026-04-24 09:32:06,610][rfdiffusion.inference.model_runners][INFO] - Timestep 24, input to next step: -------------------------------GGGGGGGGGGGGGGGGGGGGGGGGGGG
[2026-04-24 09:32:08,763][rfdiffusion.inference.utils][INFO] - Sampled motif RMSD: 0.10
[2026-04-24 09:32:09,107][rfdiffusion.inference.model_runners][INFO] - Timestep 23, input to next step: -------------------------------GGGGGGGGGGGGGGGGGGGGGGGGGGG
[2026-04-24 09:32:11,154][rfdiffusion.inference.utils][INFO] - Sampled motif RMSD: 0.09
[2026-04-24 09:32:11,414][rfdiffusion.inference.model_runners][INFO] - Timestep 22, input to next step: -------------------------------GGGGGGGGGGGGGGGGGGGGGGGGGGG
[2026-04-24 09:32:13,912][rfdiffusion.inference.utils][INFO] - Sampled motif RMSD: 0.10
[2026-04-24 09:32:14,082][rfdiffusion.inference.model_runners][INFO] - Timestep 21, input to next step: -------------------------------GGGGGGGGGGGGGGGGGGGGGGGGGGG
[2026-04-24 09:32:16,221][rfdiffusion.inference.utils][INFO] - Sampled motif RMSD: 0.10
[2026-04-24 09:32:16,465][rfdiffusion.inference.model_runners][INFO] - Timestep 20, input to next step: -------------------------------GGGGGGGGGGGGGGGGGGGGGGGGGGG
[2026-04-24 09:32:18,687][rfdiffusion.inference.utils][INFO] - Sampled motif RMSD: 0.10
[2026-04-24 09:32:18,933][rfdiffusion.inference.model_runners][INFO] - Timestep 19, input to next step: -------------------------------GGGGGGGGGGGGGGGGGGGGGGGGGGG
[2026-04-24 09:32:21,072][rfdiffusion.inference.utils][INFO] - Sampled motif RMSD: 0.09
[2026-04-24 09:32:21,241][rfdiffusion.inference.model_runners][INFO] - Timestep 18, input to next step: -------------------------------GGGGGGGGGGGGGGGGGGGGGGGGGGG
[2026-04-24 09:32:24,167][rfdiffusion.inference.utils][INFO] - Sampled motif RMSD: 0.09
[2026-04-24 09:32:24,389][rfdiffusion.inference.model_runners][INFO] - Timestep 17, input to next step: -------------------------------GGGGGGGGGGGGGGGGGGGGGGGGGGG
[2026-04-24 09:32:26,459][rfdiffusion.inference.utils][INFO] - Sampled motif RMSD: 0.10
[2026-04-24 09:32:26,593][rfdiffusion.inference.model_runners][INFO] - Timestep 16, input to next step: -------------------------------GGGGGGGGGGGGGGGGGGGGGGGGGGG
[2026-04-24 09:32:28,521][rfdiffusion.inference.utils][INFO] - Sampled motif RMSD: 0.10
[2026-04-24 09:32:28,667][rfdiffusion.inference.model_runners][INFO] - Timestep 15, input to next step: -------------------------------GGGGGGGGGGGGGGGGGGGGGGGGGGG
[2026-04-24 09:32:30,677][rfdiffusion.inference.utils][INFO] - Sampled motif RMSD: 0.11
[2026-04-24 09:32:30,804][rfdiffusion.inference.model_runners][INFO] - Timestep 14, input to next step: -------------------------------GGGGGGGGGGGGGGGGGGGGGGGGGGG
[2026-04-24 09:32:33,175][rfdiffusion.inference.utils][INFO] - Sampled motif RMSD: 0.11
[2026-04-24 09:32:33,342][rfdiffusion.inference.model_runners][INFO] - Timestep 13, input to next step: -------------------------------GGGGGGGGGGGGGGGGGGGGGGGGGGG
[2026-04-24 09:32:35,263][rfdiffusion.inference.utils][INFO] - Sampled motif RMSD: 0.10
[2026-04-24 09:32:35,544][rfdiffusion.inference.model_runners][INFO] - Timestep 12, input to next step: -------------------------------GGGGGGGGGGGGGGGGGGGGGGGGGGG
[2026-04-24 09:32:37,428][rfdiffusion.inference.utils][INFO] - Sampled motif RMSD: 0.10
[2026-04-24 09:32:37,668][rfdiffusion.inference.model_runners][INFO] - Timestep 11, input to next step: -------------------------------GGGGGGGGGGGGGGGGGGGGGGGGGGG
[2026-04-24 09:32:39,607][rfdiffusion.inference.utils][INFO] - Sampled motif RMSD: 0.09
[2026-04-24 09:32:39,802][rfdiffusion.inference.model_runners][INFO] - Timestep 10, input to next step: -------------------------------GGGGGGGGGGGGGGGGGGGGGGGGGGG
[2026-04-24 09:32:41,875][rfdiffusion.inference.utils][INFO] - Sampled motif RMSD: 0.10
[2026-04-24 09:32:41,978][rfdiffusion.inference.model_runners][INFO] - Timestep 9, input to next step: -------------------------------GGGGGGGGGGGGGGGGGGGGGGGGGGG
[2026-04-24 09:32:43,777][rfdiffusion.inference.utils][INFO] - Sampled motif RMSD: 0.09
[2026-04-24 09:32:44,044][rfdiffusion.inference.model_runners][INFO] - Timestep 8, input to next step: -------------------------------GGGGGGGGGGGGGGGGGGGGGGGGGGG
[2026-04-24 09:32:46,186][rfdiffusion.inference.utils][INFO] - Sampled motif RMSD: 0.08
[2026-04-24 09:32:46,362][rfdiffusion.inference.model_runners][INFO] - Timestep 7, input to next step: -------------------------------GGGGGGGGGGGGGGGGGGGGGGGGGGG
[2026-04-24 09:32:48,385][rfdiffusion.inference.utils][INFO] - Sampled motif RMSD: 0.08
[2026-04-24 09:32:48,651][rfdiffusion.inference.model_runners][INFO] - Timestep 6, input to next step: -------------------------------GGGGGGGGGGGGGGGGGGGGGGGGGGG
[2026-04-24 09:32:50,495][rfdiffusion.inference.utils][INFO] - Sampled motif RMSD: 0.09
[2026-04-24 09:32:50,773][rfdiffusion.inference.model_runners][INFO] - Timestep 5, input to next step: -------------------------------GGGGGGGGGGGGGGGGGGGGGGGGGGG
[2026-04-24 09:32:52,494][rfdiffusion.inference.utils][INFO] - Sampled motif RMSD: 0.09
[2026-04-24 09:32:52,693][rfdiffusion.inference.model_runners][INFO] - Timestep 4, input to next step: -------------------------------GGGGGGGGGGGGGGGGGGGGGGGGGGG
[2026-04-24 09:32:54,532][rfdiffusion.inference.utils][INFO] - Sampled motif RMSD: 0.10
[2026-04-24 09:32:54,797][rfdiffusion.inference.model_runners][INFO] - Timestep 3, input to next step: -------------------------------GGGGGGGGGGGGGGGGGGGGGGGGGGG
[2026-04-24 09:32:56,529][rfdiffusion.inference.utils][INFO] - Sampled motif RMSD: 0.10
[2026-04-24 09:32:56,612][rfdiffusion.inference.model_runners][INFO] - Timestep 2, input to next step: -------------------------------GGGGGGGGGGGGGGGGGGGGGGGGGGG
[2026-04-24 09:32:59,473][__main__][INFO] - Finished design in 2.64 minutes
