[2026-04-24 07:30:56,269][__main__][INFO] - Found GPU with device_name NVIDIA A100-SXM4-80GB. Will run RFdiffusion on NVIDIA A100-SXM4-80GB
Reading models from /lambda/nfs/manvi/Team_8_CS598GBL/RFdiffusion/rfdiffusion/inference/../../models
[2026-04-24 07:30:56,277][rfdiffusion.inference.model_runners][INFO] - Reading checkpoint from /lambda/nfs/manvi/Team_8_CS598GBL/RFdiffusion/rfdiffusion/inference/../../models/Base_ckpt.pt
This is inf_conf.ckpt_path
/lambda/nfs/manvi/Team_8_CS598GBL/RFdiffusion/rfdiffusion/inference/../../models/Base_ckpt.pt
Assembling -model, -diffuser and -preprocess configs from checkpoint
USING MODEL CONFIG: self._conf[model][n_extra_block] = 4
USING MODEL CONFIG: self._conf[model][n_main_block] = 32
USING MODEL CONFIG: self._conf[model][n_ref_block] = 4
USING MODEL CONFIG: self._conf[model][d_msa] = 256
USING MODEL CONFIG: self._conf[model][d_msa_full] = 64
USING MODEL CONFIG: self._conf[model][d_pair] = 128
USING MODEL CONFIG: self._conf[model][d_templ] = 64
USING MODEL CONFIG: self._conf[model][n_head_msa] = 8
USING MODEL CONFIG: self._conf[model][n_head_pair] = 4
USING MODEL CONFIG: self._conf[model][n_head_templ] = 4
USING MODEL CONFIG: self._conf[model][d_hidden] = 32
USING MODEL CONFIG: self._conf[model][d_hidden_templ] = 32
USING MODEL CONFIG: self._conf[model][p_drop] = 0.15
USING MODEL CONFIG: self._conf[model][SE3_param_full] = {'num_layers': 1, 'num_channels': 32, 'num_degrees': 2, 'n_heads': 4, 'div': 4, 'l0_in_features': 8, 'l0_out_features': 8, 'l1_in_features': 3, 'l1_out_features': 2, 'num_edge_features': 32}
USING MODEL CONFIG: self._conf[model][SE3_param_topk] = {'num_layers': 1, 'num_channels': 32, 'num_degrees': 2, 'n_heads': 4, 'div': 4, 'l0_in_features': 64, 'l0_out_features': 64, 'l1_in_features': 3, 'l1_out_features': 2, 'num_edge_features': 64}
USING MODEL CONFIG: self._conf[model][freeze_track_motif] = False
USING MODEL CONFIG: self._conf[model][use_motif_timestep] = True
USING MODEL CONFIG: self._conf[diffuser][T] = 50
USING MODEL CONFIG: self._conf[diffuser][b_0] = 0.01
USING MODEL CONFIG: self._conf[diffuser][b_T] = 0.07
USING MODEL CONFIG: self._conf[diffuser][schedule_type] = linear
USING MODEL CONFIG: self._conf[diffuser][so3_type] = igso3
USING MODEL CONFIG: self._conf[diffuser][crd_scale] = 0.25
USING MODEL CONFIG: self._conf[diffuser][so3_schedule_type] = linear
USING MODEL CONFIG: self._conf[diffuser][min_b] = 1.5
USING MODEL CONFIG: self._conf[diffuser][max_b] = 2.5
USING MODEL CONFIG: self._conf[diffuser][min_sigma] = 0.02
USING MODEL CONFIG: self._conf[diffuser][max_sigma] = 1.5
USING MODEL CONFIG: self._conf[preprocess][sidechain_input] = False
USING MODEL CONFIG: self._conf[preprocess][motif_sidechain_input] = True
USING MODEL CONFIG: self._conf[preprocess][d_t1d] = 22
USING MODEL CONFIG: self._conf[preprocess][d_t2d] = 44
USING MODEL CONFIG: self._conf[preprocess][prob_self_cond] = 0.5
USING MODEL CONFIG: self._conf[preprocess][str_self_cond] = True
USING MODEL CONFIG: self._conf[preprocess][predict_previous] = False
[2026-04-24 07:31:59,871][rfdiffusion.inference.model_runners][INFO] - Loading checkpoint.
[2026-04-24 07:32:17,848][rfdiffusion.diffusion][INFO] - Using cached IGSO3.
Successful diffuser __init__
[2026-04-24 07:32:17,917][__main__][INFO] - Making design /lambda/nfs/manvi/Team_8_CS598GBL/outputs/custom90_128_motif_scaffolding/default/len_121/balanced/scaffold_0
[2026-04-24 07:32:17,974][rfdiffusion.inference.model_runners][INFO] - Using contig: ['24-40/A26-54/24-40']
With this beta schedule (linear schedule, beta_0 = 0.04, beta_T = 0.28), alpha_bar_T = 0.00013696048699785024
[2026-04-24 07:32:18,859][rfdiffusion.inference.model_runners][INFO] - Sequence init: ------------------------GGGGGGGGGGGGGGGGGGGGGGGGGGGGG----------------------------------------
[2026-04-24 07:32:31,054][rfdiffusion.inference.utils][INFO] - Sampled motif RMSD: 0.52
[2026-04-24 07:32:31,222][rfdiffusion.inference.model_runners][INFO] - Timestep 50, input to next step: ------------------------GGGGGGGGGGGGGGGGGGGGGGGGGGGGG----------------------------------------
[2026-04-24 07:32:39,634][rfdiffusion.inference.utils][INFO] - Sampled motif RMSD: 0.41
[2026-04-24 07:32:39,809][rfdiffusion.inference.model_runners][INFO] - Timestep 49, input to next step: ------------------------GGGGGGGGGGGGGGGGGGGGGGGGGGGGG----------------------------------------
[2026-04-24 07:32:47,425][rfdiffusion.inference.utils][INFO] - Sampled motif RMSD: 0.42
[2026-04-24 07:32:47,688][rfdiffusion.inference.model_runners][INFO] - Timestep 48, input to next step: ------------------------GGGGGGGGGGGGGGGGGGGGGGGGGGGGG----------------------------------------
[2026-04-24 07:32:53,940][rfdiffusion.inference.utils][INFO] - Sampled motif RMSD: 0.43
[2026-04-24 07:32:54,288][rfdiffusion.inference.model_runners][INFO] - Timestep 47, input to next step: ------------------------GGGGGGGGGGGGGGGGGGGGGGGGGGGGG----------------------------------------
[2026-04-24 07:33:02,583][rfdiffusion.inference.utils][INFO] - Sampled motif RMSD: 0.46
[2026-04-24 07:33:02,882][rfdiffusion.inference.model_runners][INFO] - Timestep 46, input to next step: ------------------------GGGGGGGGGGGGGGGGGGGGGGGGGGGGG----------------------------------------
[2026-04-24 07:33:08,188][rfdiffusion.inference.utils][INFO] - Sampled motif RMSD: 0.47
[2026-04-24 07:33:08,534][rfdiffusion.inference.model_runners][INFO] - Timestep 45, input to next step: ------------------------GGGGGGGGGGGGGGGGGGGGGGGGGGGGG----------------------------------------
[2026-04-24 07:33:16,561][rfdiffusion.inference.utils][INFO] - Sampled motif RMSD: 0.45
[2026-04-24 07:33:16,856][rfdiffusion.inference.model_runners][INFO] - Timestep 44, input to next step: ------------------------GGGGGGGGGGGGGGGGGGGGGGGGGGGGG----------------------------------------
[2026-04-24 07:33:24,762][rfdiffusion.inference.utils][INFO] - Sampled motif RMSD: 0.42
[2026-04-24 07:33:25,098][rfdiffusion.inference.model_runners][INFO] - Timestep 43, input to next step: ------------------------GGGGGGGGGGGGGGGGGGGGGGGGGGGGG----------------------------------------
[2026-04-24 07:33:30,274][rfdiffusion.inference.utils][INFO] - Sampled motif RMSD: 0.42
[2026-04-24 07:33:30,531][rfdiffusion.inference.model_runners][INFO] - Timestep 42, input to next step: ------------------------GGGGGGGGGGGGGGGGGGGGGGGGGGGGG----------------------------------------
[2026-04-24 07:33:34,656][rfdiffusion.inference.utils][INFO] - Sampled motif RMSD: 0.42
[2026-04-24 07:33:34,958][rfdiffusion.inference.model_runners][INFO] - Timestep 41, input to next step: ------------------------GGGGGGGGGGGGGGGGGGGGGGGGGGGGG----------------------------------------
[2026-04-24 07:33:40,442][rfdiffusion.inference.utils][INFO] - Sampled motif RMSD: 0.38
[2026-04-24 07:33:40,809][rfdiffusion.inference.model_runners][INFO] - Timestep 40, input to next step: ------------------------GGGGGGGGGGGGGGGGGGGGGGGGGGGGG----------------------------------------
[2026-04-24 07:33:46,798][rfdiffusion.inference.utils][INFO] - Sampled motif RMSD: 0.38
[2026-04-24 07:33:47,081][rfdiffusion.inference.model_runners][INFO] - Timestep 39, input to next step: ------------------------GGGGGGGGGGGGGGGGGGGGGGGGGGGGG----------------------------------------
[2026-04-24 07:33:50,283][rfdiffusion.inference.utils][INFO] - Sampled motif RMSD: 0.37
[2026-04-24 07:33:50,513][rfdiffusion.inference.model_runners][INFO] - Timestep 38, input to next step: ------------------------GGGGGGGGGGGGGGGGGGGGGGGGGGGGG----------------------------------------
[2026-04-24 07:33:55,038][rfdiffusion.inference.utils][INFO] - Sampled motif RMSD: 0.36
[2026-04-24 07:33:55,348][rfdiffusion.inference.model_runners][INFO] - Timestep 37, input to next step: ------------------------GGGGGGGGGGGGGGGGGGGGGGGGGGGGG----------------------------------------
[2026-04-24 07:33:59,157][rfdiffusion.inference.utils][INFO] - Sampled motif RMSD: 0.38
[2026-04-24 07:33:59,413][rfdiffusion.inference.model_runners][INFO] - Timestep 36, input to next step: ------------------------GGGGGGGGGGGGGGGGGGGGGGGGGGGGG----------------------------------------
[2026-04-24 07:34:04,644][rfdiffusion.inference.utils][INFO] - Sampled motif RMSD: 0.38
[2026-04-24 07:34:05,230][rfdiffusion.inference.model_runners][INFO] - Timestep 35, input to next step: ------------------------GGGGGGGGGGGGGGGGGGGGGGGGGGGGG----------------------------------------
[2026-04-24 07:34:09,396][rfdiffusion.inference.utils][INFO] - Sampled motif RMSD: 0.39
[2026-04-24 07:34:09,732][rfdiffusion.inference.model_runners][INFO] - Timestep 34, input to next step: ------------------------GGGGGGGGGGGGGGGGGGGGGGGGGGGGG----------------------------------------
[2026-04-24 07:34:14,514][rfdiffusion.inference.utils][INFO] - Sampled motif RMSD: 0.39
[2026-04-24 07:34:14,792][rfdiffusion.inference.model_runners][INFO] - Timestep 33, input to next step: ------------------------GGGGGGGGGGGGGGGGGGGGGGGGGGGGG----------------------------------------
[2026-04-24 07:34:19,965][rfdiffusion.inference.utils][INFO] - Sampled motif RMSD: 0.40
[2026-04-24 07:34:20,289][rfdiffusion.inference.model_runners][INFO] - Timestep 32, input to next step: ------------------------GGGGGGGGGGGGGGGGGGGGGGGGGGGGG----------------------------------------
[2026-04-24 07:34:24,024][rfdiffusion.inference.utils][INFO] - Sampled motif RMSD: 0.39
[2026-04-24 07:34:24,247][rfdiffusion.inference.model_runners][INFO] - Timestep 31, input to next step: ------------------------GGGGGGGGGGGGGGGGGGGGGGGGGGGGG----------------------------------------
[2026-04-24 07:34:29,663][rfdiffusion.inference.utils][INFO] - Sampled motif RMSD: 0.41
[2026-04-24 07:34:29,992][rfdiffusion.inference.model_runners][INFO] - Timestep 30, input to next step: ------------------------GGGGGGGGGGGGGGGGGGGGGGGGGGGGG----------------------------------------
[2026-04-24 07:34:34,581][rfdiffusion.inference.utils][INFO] - Sampled motif RMSD: 0.40
[2026-04-24 07:34:34,985][rfdiffusion.inference.model_runners][INFO] - Timestep 29, input to next step: ------------------------GGGGGGGGGGGGGGGGGGGGGGGGGGGGG----------------------------------------
[2026-04-24 07:34:38,752][rfdiffusion.inference.utils][INFO] - Sampled motif RMSD: 0.42
[2026-04-24 07:34:39,046][rfdiffusion.inference.model_runners][INFO] - Timestep 28, input to next step: ------------------------GGGGGGGGGGGGGGGGGGGGGGGGGGGGG----------------------------------------
[2026-04-24 07:34:44,391][rfdiffusion.inference.utils][INFO] - Sampled motif RMSD: 0.44
[2026-04-24 07:34:44,603][rfdiffusion.inference.model_runners][INFO] - Timestep 27, input to next step: ------------------------GGGGGGGGGGGGGGGGGGGGGGGGGGGGG----------------------------------------
[2026-04-24 07:34:50,310][rfdiffusion.inference.utils][INFO] - Sampled motif RMSD: 0.45
[2026-04-24 07:34:50,612][rfdiffusion.inference.model_runners][INFO] - Timestep 26, input to next step: ------------------------GGGGGGGGGGGGGGGGGGGGGGGGGGGGG----------------------------------------
[2026-04-24 07:34:55,888][rfdiffusion.inference.utils][INFO] - Sampled motif RMSD: 0.45
[2026-04-24 07:34:56,242][rfdiffusion.inference.model_runners][INFO] - Timestep 25, input to next step: ------------------------GGGGGGGGGGGGGGGGGGGGGGGGGGGGG----------------------------------------
[2026-04-24 07:35:01,854][rfdiffusion.inference.utils][INFO] - Sampled motif RMSD: 0.44
[2026-04-24 07:35:02,185][rfdiffusion.inference.model_runners][INFO] - Timestep 24, input to next step: ------------------------GGGGGGGGGGGGGGGGGGGGGGGGGGGGG----------------------------------------
[2026-04-24 07:35:06,320][rfdiffusion.inference.utils][INFO] - Sampled motif RMSD: 0.47
[2026-04-24 07:35:06,779][rfdiffusion.inference.model_runners][INFO] - Timestep 23, input to next step: ------------------------GGGGGGGGGGGGGGGGGGGGGGGGGGGGG----------------------------------------
[2026-04-24 07:35:10,146][rfdiffusion.inference.utils][INFO] - Sampled motif RMSD: 0.46
[2026-04-24 07:35:10,347][rfdiffusion.inference.model_runners][INFO] - Timestep 22, input to next step: ------------------------GGGGGGGGGGGGGGGGGGGGGGGGGGGGG----------------------------------------
[2026-04-24 07:35:14,802][rfdiffusion.inference.utils][INFO] - Sampled motif RMSD: 0.45
[2026-04-24 07:35:15,161][rfdiffusion.inference.model_runners][INFO] - Timestep 21, input to next step: ------------------------GGGGGGGGGGGGGGGGGGGGGGGGGGGGG----------------------------------------
[2026-04-24 07:35:19,476][rfdiffusion.inference.utils][INFO] - Sampled motif RMSD: 0.47
[2026-04-24 07:35:19,815][rfdiffusion.inference.model_runners][INFO] - Timestep 20, input to next step: ------------------------GGGGGGGGGGGGGGGGGGGGGGGGGGGGG----------------------------------------
[2026-04-24 07:35:24,021][rfdiffusion.inference.utils][INFO] - Sampled motif RMSD: 0.48
[2026-04-24 07:35:24,400][rfdiffusion.inference.model_runners][INFO] - Timestep 19, input to next step: ------------------------GGGGGGGGGGGGGGGGGGGGGGGGGGGGG----------------------------------------
[2026-04-24 07:35:27,720][rfdiffusion.inference.utils][INFO] - Sampled motif RMSD: 0.48
[2026-04-24 07:35:27,997][rfdiffusion.inference.model_runners][INFO] - Timestep 18, input to next step: ------------------------GGGGGGGGGGGGGGGGGGGGGGGGGGGGG----------------------------------------
[2026-04-24 07:35:32,324][rfdiffusion.inference.utils][INFO] - Sampled motif RMSD: 0.49
[2026-04-24 07:35:32,735][rfdiffusion.inference.model_runners][INFO] - Timestep 17, input to next step: ------------------------GGGGGGGGGGGGGGGGGGGGGGGGGGGGG----------------------------------------
[2026-04-24 07:35:38,019][rfdiffusion.inference.utils][INFO] - Sampled motif RMSD: 0.51
[2026-04-24 07:35:38,530][rfdiffusion.inference.model_runners][INFO] - Timestep 16, input to next step: ------------------------GGGGGGGGGGGGGGGGGGGGGGGGGGGGG----------------------------------------
[2026-04-24 07:35:43,257][rfdiffusion.inference.utils][INFO] - Sampled motif RMSD: 0.50
[2026-04-24 07:35:43,465][rfdiffusion.inference.model_runners][INFO] - Timestep 15, input to next step: ------------------------GGGGGGGGGGGGGGGGGGGGGGGGGGGGG----------------------------------------
[2026-04-24 07:35:47,928][rfdiffusion.inference.utils][INFO] - Sampled motif RMSD: 0.49
[2026-04-24 07:35:48,291][rfdiffusion.inference.model_runners][INFO] - Timestep 14, input to next step: ------------------------GGGGGGGGGGGGGGGGGGGGGGGGGGGGG----------------------------------------
[2026-04-24 07:35:52,102][rfdiffusion.inference.utils][INFO] - Sampled motif RMSD: 0.49
[2026-04-24 07:35:52,320][rfdiffusion.inference.model_runners][INFO] - Timestep 13, input to next step: ------------------------GGGGGGGGGGGGGGGGGGGGGGGGGGGGG----------------------------------------
[2026-04-24 07:35:56,062][rfdiffusion.inference.utils][INFO] - Sampled motif RMSD: 0.49
[2026-04-24 07:35:56,364][rfdiffusion.inference.model_runners][INFO] - Timestep 12, input to next step: ------------------------GGGGGGGGGGGGGGGGGGGGGGGGGGGGG----------------------------------------
[2026-04-24 07:35:59,051][rfdiffusion.inference.utils][INFO] - Sampled motif RMSD: 0.49
[2026-04-24 07:35:59,303][rfdiffusion.inference.model_runners][INFO] - Timestep 11, input to next step: ------------------------GGGGGGGGGGGGGGGGGGGGGGGGGGGGG----------------------------------------
[2026-04-24 07:36:03,406][rfdiffusion.inference.utils][INFO] - Sampled motif RMSD: 0.49
[2026-04-24 07:36:03,797][rfdiffusion.inference.model_runners][INFO] - Timestep 10, input to next step: ------------------------GGGGGGGGGGGGGGGGGGGGGGGGGGGGG----------------------------------------
[2026-04-24 07:36:07,523][rfdiffusion.inference.utils][INFO] - Sampled motif RMSD: 0.49
[2026-04-24 07:36:07,943][rfdiffusion.inference.model_runners][INFO] - Timestep 9, input to next step: ------------------------GGGGGGGGGGGGGGGGGGGGGGGGGGGGG----------------------------------------
[2026-04-24 07:36:12,810][rfdiffusion.inference.utils][INFO] - Sampled motif RMSD: 0.50
[2026-04-24 07:36:13,094][rfdiffusion.inference.model_runners][INFO] - Timestep 8, input to next step: ------------------------GGGGGGGGGGGGGGGGGGGGGGGGGGGGG----------------------------------------
[2026-04-24 07:36:17,185][rfdiffusion.inference.utils][INFO] - Sampled motif RMSD: 0.49
[2026-04-24 07:36:17,431][rfdiffusion.inference.model_runners][INFO] - Timestep 7, input to next step: ------------------------GGGGGGGGGGGGGGGGGGGGGGGGGGGGG----------------------------------------
[2026-04-24 07:36:22,995][rfdiffusion.inference.utils][INFO] - Sampled motif RMSD: 0.49
[2026-04-24 07:36:23,249][rfdiffusion.inference.model_runners][INFO] - Timestep 6, input to next step: ------------------------GGGGGGGGGGGGGGGGGGGGGGGGGGGGG----------------------------------------
[2026-04-24 07:36:27,869][rfdiffusion.inference.utils][INFO] - Sampled motif RMSD: 0.49
[2026-04-24 07:36:28,235][rfdiffusion.inference.model_runners][INFO] - Timestep 5, input to next step: ------------------------GGGGGGGGGGGGGGGGGGGGGGGGGGGGG----------------------------------------
[2026-04-24 07:36:31,668][rfdiffusion.inference.utils][INFO] - Sampled motif RMSD: 0.49
[2026-04-24 07:36:31,931][rfdiffusion.inference.model_runners][INFO] - Timestep 4, input to next step: ------------------------GGGGGGGGGGGGGGGGGGGGGGGGGGGGG----------------------------------------
[2026-04-24 07:36:36,304][rfdiffusion.inference.utils][INFO] - Sampled motif RMSD: 0.49
[2026-04-24 07:36:36,581][rfdiffusion.inference.model_runners][INFO] - Timestep 3, input to next step: ------------------------GGGGGGGGGGGGGGGGGGGGGGGGGGGGG----------------------------------------
[2026-04-24 07:36:39,524][rfdiffusion.inference.utils][INFO] - Sampled motif RMSD: 0.47
[2026-04-24 07:36:39,928][rfdiffusion.inference.model_runners][INFO] - Timestep 2, input to next step: ------------------------GGGGGGGGGGGGGGGGGGGGGGGGGGGGG----------------------------------------
[2026-04-24 07:36:49,027][__main__][INFO] - Finished design in 4.52 minutes
[2026-04-24 07:36:49,028][__main__][INFO] - Making design /lambda/nfs/manvi/Team_8_CS598GBL/outputs/custom90_128_motif_scaffolding/default/len_121/balanced/scaffold_1
[2026-04-24 07:36:49,054][rfdiffusion.inference.model_runners][INFO] - Using contig: ['24-40/A26-54/24-40']
With this beta schedule (linear schedule, beta_0 = 0.04, beta_T = 0.28), alpha_bar_T = 0.00013696048699785024
[2026-04-24 07:36:49,594][rfdiffusion.inference.model_runners][INFO] - Sequence init: -----------------------------GGGGGGGGGGGGGGGGGGGGGGGGGGGGG------------------------------
[2026-04-24 07:36:53,519][rfdiffusion.inference.utils][INFO] - Sampled motif RMSD: 0.58
[2026-04-24 07:36:53,931][rfdiffusion.inference.model_runners][INFO] - Timestep 50, input to next step: -----------------------------GGGGGGGGGGGGGGGGGGGGGGGGGGGGG------------------------------
[2026-04-24 07:36:56,826][rfdiffusion.inference.utils][INFO] - Sampled motif RMSD: 0.48
[2026-04-24 07:36:57,133][rfdiffusion.inference.model_runners][INFO] - Timestep 49, input to next step: -----------------------------GGGGGGGGGGGGGGGGGGGGGGGGGGGGG------------------------------
[2026-04-24 07:37:00,973][rfdiffusion.inference.utils][INFO] - Sampled motif RMSD: 0.43
[2026-04-24 07:37:01,480][rfdiffusion.inference.model_runners][INFO] - Timestep 48, input to next step: -----------------------------GGGGGGGGGGGGGGGGGGGGGGGGGGGGG------------------------------
[2026-04-24 07:37:06,683][rfdiffusion.inference.utils][INFO] - Sampled motif RMSD: 0.43
[2026-04-24 07:37:07,126][rfdiffusion.inference.model_runners][INFO] - Timestep 47, input to next step: -----------------------------GGGGGGGGGGGGGGGGGGGGGGGGGGGGG------------------------------
[2026-04-24 07:37:12,030][rfdiffusion.inference.utils][INFO] - Sampled motif RMSD: 0.50
[2026-04-24 07:37:12,358][rfdiffusion.inference.model_runners][INFO] - Timestep 46, input to next step: -----------------------------GGGGGGGGGGGGGGGGGGGGGGGGGGGGG------------------------------
[2026-04-24 07:37:17,440][rfdiffusion.inference.utils][INFO] - Sampled motif RMSD: 0.53
[2026-04-24 07:37:17,621][rfdiffusion.inference.model_runners][INFO] - Timestep 45, input to next step: -----------------------------GGGGGGGGGGGGGGGGGGGGGGGGGGGGG------------------------------
[2026-04-24 07:37:21,169][rfdiffusion.inference.utils][INFO] - Sampled motif RMSD: 0.54
[2026-04-24 07:37:21,554][rfdiffusion.inference.model_runners][INFO] - Timestep 44, input to next step: -----------------------------GGGGGGGGGGGGGGGGGGGGGGGGGGGGG------------------------------
[2026-04-24 07:37:25,569][rfdiffusion.inference.utils][INFO] - Sampled motif RMSD: 0.50
[2026-04-24 07:37:25,877][rfdiffusion.inference.model_runners][INFO] - Timestep 43, input to next step: -----------------------------GGGGGGGGGGGGGGGGGGGGGGGGGGGGG------------------------------
[2026-04-24 07:37:29,238][rfdiffusion.inference.utils][INFO] - Sampled motif RMSD: 0.50
[2026-04-24 07:37:29,505][rfdiffusion.inference.model_runners][INFO] - Timestep 42, input to next step: -----------------------------GGGGGGGGGGGGGGGGGGGGGGGGGGGGG------------------------------
[2026-04-24 07:37:33,151][rfdiffusion.inference.utils][INFO] - Sampled motif RMSD: 0.45
[2026-04-24 07:37:33,379][rfdiffusion.inference.model_runners][INFO] - Timestep 41, input to next step: -----------------------------GGGGGGGGGGGGGGGGGGGGGGGGGGGGG------------------------------
[2026-04-24 07:37:37,496][rfdiffusion.inference.utils][INFO] - Sampled motif RMSD: 0.44
[2026-04-24 07:37:37,705][rfdiffusion.inference.model_runners][INFO] - Timestep 40, input to next step: -----------------------------GGGGGGGGGGGGGGGGGGGGGGGGGGGGG------------------------------
[2026-04-24 07:37:41,436][rfdiffusion.inference.utils][INFO] - Sampled motif RMSD: 0.47
[2026-04-24 07:37:41,696][rfdiffusion.inference.model_runners][INFO] - Timestep 39, input to next step: -----------------------------GGGGGGGGGGGGGGGGGGGGGGGGGGGGG------------------------------
[2026-04-24 07:37:46,189][rfdiffusion.inference.utils][INFO] - Sampled motif RMSD: 0.50
[2026-04-24 07:37:46,467][rfdiffusion.inference.model_runners][INFO] - Timestep 38, input to next step: -----------------------------GGGGGGGGGGGGGGGGGGGGGGGGGGGGG------------------------------
[2026-04-24 07:37:50,388][rfdiffusion.inference.utils][INFO] - Sampled motif RMSD: 0.45
[2026-04-24 07:37:50,484][rfdiffusion.inference.model_runners][INFO] - Timestep 37, input to next step: -----------------------------GGGGGGGGGGGGGGGGGGGGGGGGGGGGG------------------------------
[2026-04-24 07:37:53,730][rfdiffusion.inference.utils][INFO] - Sampled motif RMSD: 0.42
[2026-04-24 07:37:53,933][rfdiffusion.inference.model_runners][INFO] - Timestep 36, input to next step: -----------------------------GGGGGGGGGGGGGGGGGGGGGGGGGGGGG------------------------------
[2026-04-24 07:37:57,991][rfdiffusion.inference.utils][INFO] - Sampled motif RMSD: 0.40
[2026-04-24 07:37:58,220][rfdiffusion.inference.model_runners][INFO] - Timestep 35, input to next step: -----------------------------GGGGGGGGGGGGGGGGGGGGGGGGGGGGG------------------------------
[2026-04-24 07:38:02,662][rfdiffusion.inference.utils][INFO] - Sampled motif RMSD: 0.37
[2026-04-24 07:38:02,804][rfdiffusion.inference.model_runners][INFO] - Timestep 34, input to next step: -----------------------------GGGGGGGGGGGGGGGGGGGGGGGGGGGGG------------------------------
[2026-04-24 07:38:06,232][rfdiffusion.inference.utils][INFO] - Sampled motif RMSD: 0.39
[2026-04-24 07:38:06,526][rfdiffusion.inference.model_runners][INFO] - Timestep 33, input to next step: -----------------------------GGGGGGGGGGGGGGGGGGGGGGGGGGGGG------------------------------
[2026-04-24 07:38:09,802][rfdiffusion.inference.utils][INFO] - Sampled motif RMSD: 0.37
[2026-04-24 07:38:10,125][rfdiffusion.inference.model_runners][INFO] - Timestep 32, input to next step: -----------------------------GGGGGGGGGGGGGGGGGGGGGGGGGGGGG------------------------------
[2026-04-24 07:38:13,769][rfdiffusion.inference.utils][INFO] - Sampled motif RMSD: 0.36
[2026-04-24 07:38:13,965][rfdiffusion.inference.model_runners][INFO] - Timestep 31, input to next step: -----------------------------GGGGGGGGGGGGGGGGGGGGGGGGGGGGG------------------------------
[2026-04-24 07:38:17,952][rfdiffusion.inference.utils][INFO] - Sampled motif RMSD: 0.34
[2026-04-24 07:38:18,098][rfdiffusion.inference.model_runners][INFO] - Timestep 30, input to next step: -----------------------------GGGGGGGGGGGGGGGGGGGGGGGGGGGGG------------------------------
[2026-04-24 07:38:21,907][rfdiffusion.inference.utils][INFO] - Sampled motif RMSD: 0.34
[2026-04-24 07:38:22,130][rfdiffusion.inference.model_runners][INFO] - Timestep 29, input to next step: -----------------------------GGGGGGGGGGGGGGGGGGGGGGGGGGGGG------------------------------
[2026-04-24 07:38:26,335][rfdiffusion.inference.utils][INFO] - Sampled motif RMSD: 0.35
[2026-04-24 07:38:26,734][rfdiffusion.inference.model_runners][INFO] - Timestep 28, input to next step: -----------------------------GGGGGGGGGGGGGGGGGGGGGGGGGGGGG------------------------------
[2026-04-24 07:38:30,442][rfdiffusion.inference.utils][INFO] - Sampled motif RMSD: 0.34
[2026-04-24 07:38:30,854][rfdiffusion.inference.model_runners][INFO] - Timestep 27, input to next step: -----------------------------GGGGGGGGGGGGGGGGGGGGGGGGGGGGG------------------------------
[2026-04-24 07:38:34,600][rfdiffusion.inference.utils][INFO] - Sampled motif RMSD: 0.34
[2026-04-24 07:38:34,993][rfdiffusion.inference.model_runners][INFO] - Timestep 26, input to next step: -----------------------------GGGGGGGGGGGGGGGGGGGGGGGGGGGGG------------------------------
[2026-04-24 07:38:37,749][rfdiffusion.inference.utils][INFO] - Sampled motif RMSD: 0.32
[2026-04-24 07:38:37,994][rfdiffusion.inference.model_runners][INFO] - Timestep 25, input to next step: -----------------------------GGGGGGGGGGGGGGGGGGGGGGGGGGGGG------------------------------
[2026-04-24 07:38:41,504][rfdiffusion.inference.utils][INFO] - Sampled motif RMSD: 0.32
[2026-04-24 07:38:41,723][rfdiffusion.inference.model_runners][INFO] - Timestep 24, input to next step: -----------------------------GGGGGGGGGGGGGGGGGGGGGGGGGGGGG------------------------------
[2026-04-24 07:38:45,166][rfdiffusion.inference.utils][INFO] - Sampled motif RMSD: 0.29
[2026-04-24 07:38:45,413][rfdiffusion.inference.model_runners][INFO] - Timestep 23, input to next step: -----------------------------GGGGGGGGGGGGGGGGGGGGGGGGGGGGG------------------------------
[2026-04-24 07:38:49,385][rfdiffusion.inference.utils][INFO] - Sampled motif RMSD: 0.32
[2026-04-24 07:38:49,679][rfdiffusion.inference.model_runners][INFO] - Timestep 22, input to next step: -----------------------------GGGGGGGGGGGGGGGGGGGGGGGGGGGGG------------------------------
[2026-04-24 07:38:52,923][rfdiffusion.inference.utils][INFO] - Sampled motif RMSD: 0.33
[2026-04-24 07:38:53,274][rfdiffusion.inference.model_runners][INFO] - Timestep 21, input to next step: -----------------------------GGGGGGGGGGGGGGGGGGGGGGGGGGGGG------------------------------
[2026-04-24 07:38:57,954][rfdiffusion.inference.utils][INFO] - Sampled motif RMSD: 0.33
[2026-04-24 07:38:58,169][rfdiffusion.inference.model_runners][INFO] - Timestep 20, input to next step: -----------------------------GGGGGGGGGGGGGGGGGGGGGGGGGGGGG------------------------------
[2026-04-24 07:39:01,838][rfdiffusion.inference.utils][INFO] - Sampled motif RMSD: 0.32
[2026-04-24 07:39:02,227][rfdiffusion.inference.model_runners][INFO] - Timestep 19, input to next step: -----------------------------GGGGGGGGGGGGGGGGGGGGGGGGGGGGG------------------------------
[2026-04-24 07:39:05,998][rfdiffusion.inference.utils][INFO] - Sampled motif RMSD: 0.32
[2026-04-24 07:39:06,288][rfdiffusion.inference.model_runners][INFO] - Timestep 18, input to next step: -----------------------------GGGGGGGGGGGGGGGGGGGGGGGGGGGGG------------------------------
[2026-04-24 07:39:10,175][rfdiffusion.inference.utils][INFO] - Sampled motif RMSD: 0.31
[2026-04-24 07:39:10,486][rfdiffusion.inference.model_runners][INFO] - Timestep 17, input to next step: -----------------------------GGGGGGGGGGGGGGGGGGGGGGGGGGGGG------------------------------
[2026-04-24 07:39:14,391][rfdiffusion.inference.utils][INFO] - Sampled motif RMSD: 0.32
[2026-04-24 07:39:14,527][rfdiffusion.inference.model_runners][INFO] - Timestep 16, input to next step: -----------------------------GGGGGGGGGGGGGGGGGGGGGGGGGGGGG------------------------------
[2026-04-24 07:39:18,767][rfdiffusion.inference.utils][INFO] - Sampled motif RMSD: 0.31
[2026-04-24 07:39:18,997][rfdiffusion.inference.model_runners][INFO] - Timestep 15, input to next step: -----------------------------GGGGGGGGGGGGGGGGGGGGGGGGGGGGG------------------------------
[2026-04-24 07:39:23,061][rfdiffusion.inference.utils][INFO] - Sampled motif RMSD: 0.32
[2026-04-24 07:39:23,214][rfdiffusion.inference.model_runners][INFO] - Timestep 14, input to next step: -----------------------------GGGGGGGGGGGGGGGGGGGGGGGGGGGGG------------------------------
[2026-04-24 07:39:25,866][rfdiffusion.inference.utils][INFO] - Sampled motif RMSD: 0.32
[2026-04-24 07:39:26,201][rfdiffusion.inference.model_runners][INFO] - Timestep 13, input to next step: -----------------------------GGGGGGGGGGGGGGGGGGGGGGGGGGGGG------------------------------
[2026-04-24 07:39:30,054][rfdiffusion.inference.utils][INFO] - Sampled motif RMSD: 0.32
[2026-04-24 07:39:30,378][rfdiffusion.inference.model_runners][INFO] - Timestep 12, input to next step: -----------------------------GGGGGGGGGGGGGGGGGGGGGGGGGGGGG------------------------------
[2026-04-24 07:39:33,710][rfdiffusion.inference.utils][INFO] - Sampled motif RMSD: 0.33
[2026-04-24 07:39:33,992][rfdiffusion.inference.model_runners][INFO] - Timestep 11, input to next step: -----------------------------GGGGGGGGGGGGGGGGGGGGGGGGGGGGG------------------------------
[2026-04-24 07:39:36,585][rfdiffusion.inference.utils][INFO] - Sampled motif RMSD: 0.33
[2026-04-24 07:39:36,719][rfdiffusion.inference.model_runners][INFO] - Timestep 10, input to next step: -----------------------------GGGGGGGGGGGGGGGGGGGGGGGGGGGGG------------------------------
[2026-04-24 07:39:40,247][rfdiffusion.inference.utils][INFO] - Sampled motif RMSD: 0.32
[2026-04-24 07:39:40,598][rfdiffusion.inference.model_runners][INFO] - Timestep 9, input to next step: -----------------------------GGGGGGGGGGGGGGGGGGGGGGGGGGGGG------------------------------
[2026-04-24 07:39:43,269][rfdiffusion.inference.utils][INFO] - Sampled motif RMSD: 0.32
[2026-04-24 07:39:43,621][rfdiffusion.inference.model_runners][INFO] - Timestep 8, input to next step: -----------------------------GGGGGGGGGGGGGGGGGGGGGGGGGGGGG------------------------------
[2026-04-24 07:39:46,621][rfdiffusion.inference.utils][INFO] - Sampled motif RMSD: 0.31
[2026-04-24 07:39:46,903][rfdiffusion.inference.model_runners][INFO] - Timestep 7, input to next step: -----------------------------GGGGGGGGGGGGGGGGGGGGGGGGGGGGG------------------------------
[2026-04-24 07:39:50,041][rfdiffusion.inference.utils][INFO] - Sampled motif RMSD: 0.30
[2026-04-24 07:39:50,272][rfdiffusion.inference.model_runners][INFO] - Timestep 6, input to next step: -----------------------------GGGGGGGGGGGGGGGGGGGGGGGGGGGGG------------------------------
[2026-04-24 07:39:53,829][rfdiffusion.inference.utils][INFO] - Sampled motif RMSD: 0.30
[2026-04-24 07:39:54,062][rfdiffusion.inference.model_runners][INFO] - Timestep 5, input to next step: -----------------------------GGGGGGGGGGGGGGGGGGGGGGGGGGGGG------------------------------
[2026-04-24 07:39:56,923][rfdiffusion.inference.utils][INFO] - Sampled motif RMSD: 0.31
[2026-04-24 07:39:57,203][rfdiffusion.inference.model_runners][INFO] - Timestep 4, input to next step: -----------------------------GGGGGGGGGGGGGGGGGGGGGGGGGGGGG------------------------------
[2026-04-24 07:40:00,519][rfdiffusion.inference.utils][INFO] - Sampled motif RMSD: 0.29
[2026-04-24 07:40:00,692][rfdiffusion.inference.model_runners][INFO] - Timestep 3, input to next step: -----------------------------GGGGGGGGGGGGGGGGGGGGGGGGGGGGG------------------------------
[2026-04-24 07:40:04,461][rfdiffusion.inference.utils][INFO] - Sampled motif RMSD: 0.30
[2026-04-24 07:40:04,675][rfdiffusion.inference.model_runners][INFO] - Timestep 2, input to next step: -----------------------------GGGGGGGGGGGGGGGGGGGGGGGGGGGGG------------------------------
[2026-04-24 07:40:13,249][__main__][INFO] - Finished design in 3.40 minutes
