[2026-04-24 09:07:05,920][__main__][INFO] - Found GPU with device_name NVIDIA A100-SXM4-80GB. Will run RFdiffusion on NVIDIA A100-SXM4-80GB
Reading models from /lambda/nfs/manvi/Team_8_CS598GBL/RFdiffusion/rfdiffusion/inference/../../models
[2026-04-24 09:07:05,937][rfdiffusion.inference.model_runners][INFO] - Reading checkpoint from /lambda/nfs/manvi/Team_8_CS598GBL/RFdiffusion/rfdiffusion/inference/../../models/Base_ckpt.pt
This is inf_conf.ckpt_path
/lambda/nfs/manvi/Team_8_CS598GBL/RFdiffusion/rfdiffusion/inference/../../models/Base_ckpt.pt
Assembling -model, -diffuser and -preprocess configs from checkpoint
USING MODEL CONFIG: self._conf[model][n_extra_block] = 4
USING MODEL CONFIG: self._conf[model][n_main_block] = 32
USING MODEL CONFIG: self._conf[model][n_ref_block] = 4
USING MODEL CONFIG: self._conf[model][d_msa] = 256
USING MODEL CONFIG: self._conf[model][d_msa_full] = 64
USING MODEL CONFIG: self._conf[model][d_pair] = 128
USING MODEL CONFIG: self._conf[model][d_templ] = 64
USING MODEL CONFIG: self._conf[model][n_head_msa] = 8
USING MODEL CONFIG: self._conf[model][n_head_pair] = 4
USING MODEL CONFIG: self._conf[model][n_head_templ] = 4
USING MODEL CONFIG: self._conf[model][d_hidden] = 32
USING MODEL CONFIG: self._conf[model][d_hidden_templ] = 32
USING MODEL CONFIG: self._conf[model][p_drop] = 0.15
USING MODEL CONFIG: self._conf[model][SE3_param_full] = {'num_layers': 1, 'num_channels': 32, 'num_degrees': 2, 'n_heads': 4, 'div': 4, 'l0_in_features': 8, 'l0_out_features': 8, 'l1_in_features': 3, 'l1_out_features': 2, 'num_edge_features': 32}
USING MODEL CONFIG: self._conf[model][SE3_param_topk] = {'num_layers': 1, 'num_channels': 32, 'num_degrees': 2, 'n_heads': 4, 'div': 4, 'l0_in_features': 64, 'l0_out_features': 64, 'l1_in_features': 3, 'l1_out_features': 2, 'num_edge_features': 64}
USING MODEL CONFIG: self._conf[model][freeze_track_motif] = False
USING MODEL CONFIG: self._conf[model][use_motif_timestep] = True
USING MODEL CONFIG: self._conf[diffuser][T] = 50
USING MODEL CONFIG: self._conf[diffuser][b_0] = 0.01
USING MODEL CONFIG: self._conf[diffuser][b_T] = 0.07
USING MODEL CONFIG: self._conf[diffuser][schedule_type] = linear
USING MODEL CONFIG: self._conf[diffuser][so3_type] = igso3
USING MODEL CONFIG: self._conf[diffuser][crd_scale] = 0.25
USING MODEL CONFIG: self._conf[diffuser][so3_schedule_type] = linear
USING MODEL CONFIG: self._conf[diffuser][min_b] = 1.5
USING MODEL CONFIG: self._conf[diffuser][max_b] = 2.5
USING MODEL CONFIG: self._conf[diffuser][min_sigma] = 0.02
USING MODEL CONFIG: self._conf[diffuser][max_sigma] = 1.5
USING MODEL CONFIG: self._conf[preprocess][sidechain_input] = False
USING MODEL CONFIG: self._conf[preprocess][motif_sidechain_input] = True
USING MODEL CONFIG: self._conf[preprocess][d_t1d] = 22
USING MODEL CONFIG: self._conf[preprocess][d_t2d] = 44
USING MODEL CONFIG: self._conf[preprocess][prob_self_cond] = 0.5
USING MODEL CONFIG: self._conf[preprocess][str_self_cond] = True
USING MODEL CONFIG: self._conf[preprocess][predict_previous] = False
[2026-04-24 09:08:07,692][rfdiffusion.inference.model_runners][INFO] - Loading checkpoint.
[2026-04-24 09:08:22,254][rfdiffusion.diffusion][INFO] - Using cached IGSO3.
Successful diffuser __init__
[2026-04-24 09:08:22,322][__main__][INFO] - Making design /lambda/nfs/manvi/Team_8_CS598GBL/outputs/custom90_128_motif_scaffolding/fast_T20/len_118/mid/scaffold_0
[2026-04-24 09:08:22,344][rfdiffusion.inference.model_runners][INFO] - Using contig: ['23-39/A41-76/23-39']
With this beta schedule (linear schedule, beta_0 = 0.04, beta_T = 0.28), alpha_bar_T = 0.00013696048699785024
[2026-04-24 09:08:22,681][rfdiffusion.inference.model_runners][INFO] - Sequence init: -----------------------------GGGGGGGGGGGGGGGGGGGGGGGGGGGGGGGGGGGG--------------------------------
[2026-04-24 09:08:30,243][rfdiffusion.inference.utils][INFO] - Sampled motif RMSD: 0.30
[2026-04-24 09:08:30,379][rfdiffusion.inference.model_runners][INFO] - Timestep 50, input to next step: -----------------------------GGGGGGGGGGGGGGGGGGGGGGGGGGGGGGGGGGGG--------------------------------
[2026-04-24 09:08:35,388][rfdiffusion.inference.utils][INFO] - Sampled motif RMSD: 0.24
[2026-04-24 09:08:35,624][rfdiffusion.inference.model_runners][INFO] - Timestep 49, input to next step: -----------------------------GGGGGGGGGGGGGGGGGGGGGGGGGGGGGGGGGGGG--------------------------------
[2026-04-24 09:08:40,251][rfdiffusion.inference.utils][INFO] - Sampled motif RMSD: 0.26
[2026-04-24 09:08:40,507][rfdiffusion.inference.model_runners][INFO] - Timestep 48, input to next step: -----------------------------GGGGGGGGGGGGGGGGGGGGGGGGGGGGGGGGGGGG--------------------------------
[2026-04-24 09:08:46,194][rfdiffusion.inference.utils][INFO] - Sampled motif RMSD: 0.30
[2026-04-24 09:08:46,438][rfdiffusion.inference.model_runners][INFO] - Timestep 47, input to next step: -----------------------------GGGGGGGGGGGGGGGGGGGGGGGGGGGGGGGGGGGG--------------------------------
[2026-04-24 09:08:53,780][rfdiffusion.inference.utils][INFO] - Sampled motif RMSD: 0.31
[2026-04-24 09:08:54,067][rfdiffusion.inference.model_runners][INFO] - Timestep 46, input to next step: -----------------------------GGGGGGGGGGGGGGGGGGGGGGGGGGGGGGGGGGGG--------------------------------
[2026-04-24 09:08:59,457][rfdiffusion.inference.utils][INFO] - Sampled motif RMSD: 0.32
[2026-04-24 09:08:59,623][rfdiffusion.inference.model_runners][INFO] - Timestep 45, input to next step: -----------------------------GGGGGGGGGGGGGGGGGGGGGGGGGGGGGGGGGGGG--------------------------------
[2026-04-24 09:09:03,052][rfdiffusion.inference.utils][INFO] - Sampled motif RMSD: 0.34
[2026-04-24 09:09:03,219][rfdiffusion.inference.model_runners][INFO] - Timestep 44, input to next step: -----------------------------GGGGGGGGGGGGGGGGGGGGGGGGGGGGGGGGGGGG--------------------------------
[2026-04-24 09:09:06,586][rfdiffusion.inference.utils][INFO] - Sampled motif RMSD: 0.34
[2026-04-24 09:09:06,737][rfdiffusion.inference.model_runners][INFO] - Timestep 43, input to next step: -----------------------------GGGGGGGGGGGGGGGGGGGGGGGGGGGGGGGGGGGG--------------------------------
[2026-04-24 09:09:10,975][rfdiffusion.inference.utils][INFO] - Sampled motif RMSD: 0.36
[2026-04-24 09:09:11,106][rfdiffusion.inference.model_runners][INFO] - Timestep 42, input to next step: -----------------------------GGGGGGGGGGGGGGGGGGGGGGGGGGGGGGGGGGGG--------------------------------
[2026-04-24 09:09:14,750][rfdiffusion.inference.utils][INFO] - Sampled motif RMSD: 0.36
[2026-04-24 09:09:14,991][rfdiffusion.inference.model_runners][INFO] - Timestep 41, input to next step: -----------------------------GGGGGGGGGGGGGGGGGGGGGGGGGGGGGGGGGGGG--------------------------------
[2026-04-24 09:09:19,536][rfdiffusion.inference.utils][INFO] - Sampled motif RMSD: 0.34
[2026-04-24 09:09:19,889][rfdiffusion.inference.model_runners][INFO] - Timestep 40, input to next step: -----------------------------GGGGGGGGGGGGGGGGGGGGGGGGGGGGGGGGGGGG--------------------------------
[2026-04-24 09:09:23,836][rfdiffusion.inference.utils][INFO] - Sampled motif RMSD: 0.34
[2026-04-24 09:09:24,255][rfdiffusion.inference.model_runners][INFO] - Timestep 39, input to next step: -----------------------------GGGGGGGGGGGGGGGGGGGGGGGGGGGGGGGGGGGG--------------------------------
[2026-04-24 09:09:27,550][rfdiffusion.inference.utils][INFO] - Sampled motif RMSD: 0.35
[2026-04-24 09:09:27,858][rfdiffusion.inference.model_runners][INFO] - Timestep 38, input to next step: -----------------------------GGGGGGGGGGGGGGGGGGGGGGGGGGGGGGGGGGGG--------------------------------
[2026-04-24 09:09:31,856][rfdiffusion.inference.utils][INFO] - Sampled motif RMSD: 0.36
[2026-04-24 09:09:32,066][rfdiffusion.inference.model_runners][INFO] - Timestep 37, input to next step: -----------------------------GGGGGGGGGGGGGGGGGGGGGGGGGGGGGGGGGGGG--------------------------------
[2026-04-24 09:09:37,395][rfdiffusion.inference.utils][INFO] - Sampled motif RMSD: 0.37
[2026-04-24 09:09:37,664][rfdiffusion.inference.model_runners][INFO] - Timestep 36, input to next step: -----------------------------GGGGGGGGGGGGGGGGGGGGGGGGGGGGGGGGGGGG--------------------------------
[2026-04-24 09:09:40,286][rfdiffusion.inference.utils][INFO] - Sampled motif RMSD: 0.37
[2026-04-24 09:09:40,489][rfdiffusion.inference.model_runners][INFO] - Timestep 35, input to next step: -----------------------------GGGGGGGGGGGGGGGGGGGGGGGGGGGGGGGGGGGG--------------------------------
[2026-04-24 09:09:45,009][rfdiffusion.inference.utils][INFO] - Sampled motif RMSD: 0.38
[2026-04-24 09:09:45,343][rfdiffusion.inference.model_runners][INFO] - Timestep 34, input to next step: -----------------------------GGGGGGGGGGGGGGGGGGGGGGGGGGGGGGGGGGGG--------------------------------
[2026-04-24 09:09:48,117][rfdiffusion.inference.utils][INFO] - Sampled motif RMSD: 0.34
[2026-04-24 09:09:48,443][rfdiffusion.inference.model_runners][INFO] - Timestep 33, input to next step: -----------------------------GGGGGGGGGGGGGGGGGGGGGGGGGGGGGGGGGGGG--------------------------------
[2026-04-24 09:09:53,687][rfdiffusion.inference.utils][INFO] - Sampled motif RMSD: 0.35
[2026-04-24 09:09:53,938][rfdiffusion.inference.model_runners][INFO] - Timestep 32, input to next step: -----------------------------GGGGGGGGGGGGGGGGGGGGGGGGGGGGGGGGGGGG--------------------------------
[2026-04-24 09:09:57,926][rfdiffusion.inference.utils][INFO] - Sampled motif RMSD: 0.37
[2026-04-24 09:09:58,294][rfdiffusion.inference.model_runners][INFO] - Timestep 31, input to next step: -----------------------------GGGGGGGGGGGGGGGGGGGGGGGGGGGGGGGGGGGG--------------------------------
[2026-04-24 09:10:02,070][rfdiffusion.inference.utils][INFO] - Sampled motif RMSD: 0.38
[2026-04-24 09:10:02,390][rfdiffusion.inference.model_runners][INFO] - Timestep 30, input to next step: -----------------------------GGGGGGGGGGGGGGGGGGGGGGGGGGGGGGGGGGGG--------------------------------
[2026-04-24 09:10:05,942][rfdiffusion.inference.utils][INFO] - Sampled motif RMSD: 0.39
[2026-04-24 09:10:06,092][rfdiffusion.inference.model_runners][INFO] - Timestep 29, input to next step: -----------------------------GGGGGGGGGGGGGGGGGGGGGGGGGGGGGGGGGGGG--------------------------------
[2026-04-24 09:10:10,100][rfdiffusion.inference.utils][INFO] - Sampled motif RMSD: 0.37
[2026-04-24 09:10:10,307][rfdiffusion.inference.model_runners][INFO] - Timestep 28, input to next step: -----------------------------GGGGGGGGGGGGGGGGGGGGGGGGGGGGGGGGGGGG--------------------------------
[2026-04-24 09:10:16,009][rfdiffusion.inference.utils][INFO] - Sampled motif RMSD: 0.38
[2026-04-24 09:10:16,241][rfdiffusion.inference.model_runners][INFO] - Timestep 27, input to next step: -----------------------------GGGGGGGGGGGGGGGGGGGGGGGGGGGGGGGGGGGG--------------------------------
[2026-04-24 09:10:21,158][rfdiffusion.inference.utils][INFO] - Sampled motif RMSD: 0.42
[2026-04-24 09:10:21,574][rfdiffusion.inference.model_runners][INFO] - Timestep 26, input to next step: -----------------------------GGGGGGGGGGGGGGGGGGGGGGGGGGGGGGGGGGGG--------------------------------
[2026-04-24 09:10:26,286][rfdiffusion.inference.utils][INFO] - Sampled motif RMSD: 0.43
[2026-04-24 09:10:26,493][rfdiffusion.inference.model_runners][INFO] - Timestep 25, input to next step: -----------------------------GGGGGGGGGGGGGGGGGGGGGGGGGGGGGGGGGGGG--------------------------------
[2026-04-24 09:10:30,455][rfdiffusion.inference.utils][INFO] - Sampled motif RMSD: 0.42
[2026-04-24 09:10:30,782][rfdiffusion.inference.model_runners][INFO] - Timestep 24, input to next step: -----------------------------GGGGGGGGGGGGGGGGGGGGGGGGGGGGGGGGGGGG--------------------------------
[2026-04-24 09:10:35,717][rfdiffusion.inference.utils][INFO] - Sampled motif RMSD: 0.44
[2026-04-24 09:10:36,179][rfdiffusion.inference.model_runners][INFO] - Timestep 23, input to next step: -----------------------------GGGGGGGGGGGGGGGGGGGGGGGGGGGGGGGGGGGG--------------------------------
[2026-04-24 09:10:40,135][rfdiffusion.inference.utils][INFO] - Sampled motif RMSD: 0.44
[2026-04-24 09:10:40,480][rfdiffusion.inference.model_runners][INFO] - Timestep 22, input to next step: -----------------------------GGGGGGGGGGGGGGGGGGGGGGGGGGGGGGGGGGGG--------------------------------
[2026-04-24 09:10:44,383][rfdiffusion.inference.utils][INFO] - Sampled motif RMSD: 0.43
[2026-04-24 09:10:44,640][rfdiffusion.inference.model_runners][INFO] - Timestep 21, input to next step: -----------------------------GGGGGGGGGGGGGGGGGGGGGGGGGGGGGGGGGGGG--------------------------------
[2026-04-24 09:10:49,270][rfdiffusion.inference.utils][INFO] - Sampled motif RMSD: 0.45
[2026-04-24 09:10:49,535][rfdiffusion.inference.model_runners][INFO] - Timestep 20, input to next step: -----------------------------GGGGGGGGGGGGGGGGGGGGGGGGGGGGGGGGGGGG--------------------------------
[2026-04-24 09:10:53,168][rfdiffusion.inference.utils][INFO] - Sampled motif RMSD: 0.46
[2026-04-24 09:10:53,490][rfdiffusion.inference.model_runners][INFO] - Timestep 19, input to next step: -----------------------------GGGGGGGGGGGGGGGGGGGGGGGGGGGGGGGGGGGG--------------------------------
[2026-04-24 09:10:59,231][rfdiffusion.inference.utils][INFO] - Sampled motif RMSD: 0.50
[2026-04-24 09:10:59,541][rfdiffusion.inference.model_runners][INFO] - Timestep 18, input to next step: -----------------------------GGGGGGGGGGGGGGGGGGGGGGGGGGGGGGGGGGGG--------------------------------
[2026-04-24 09:11:04,316][rfdiffusion.inference.utils][INFO] - Sampled motif RMSD: 0.50
[2026-04-24 09:11:04,508][rfdiffusion.inference.model_runners][INFO] - Timestep 17, input to next step: -----------------------------GGGGGGGGGGGGGGGGGGGGGGGGGGGGGGGGGGGG--------------------------------
[2026-04-24 09:11:08,653][rfdiffusion.inference.utils][INFO] - Sampled motif RMSD: 0.50
[2026-04-24 09:11:08,817][rfdiffusion.inference.model_runners][INFO] - Timestep 16, input to next step: -----------------------------GGGGGGGGGGGGGGGGGGGGGGGGGGGGGGGGGGGG--------------------------------
[2026-04-24 09:11:13,961][rfdiffusion.inference.utils][INFO] - Sampled motif RMSD: 0.51
[2026-04-24 09:11:14,097][rfdiffusion.inference.model_runners][INFO] - Timestep 15, input to next step: -----------------------------GGGGGGGGGGGGGGGGGGGGGGGGGGGGGGGGGGGG--------------------------------
[2026-04-24 09:11:18,880][rfdiffusion.inference.utils][INFO] - Sampled motif RMSD: 0.51
[2026-04-24 09:11:19,284][rfdiffusion.inference.model_runners][INFO] - Timestep 14, input to next step: -----------------------------GGGGGGGGGGGGGGGGGGGGGGGGGGGGGGGGGGGG--------------------------------
[2026-04-24 09:11:23,351][rfdiffusion.inference.utils][INFO] - Sampled motif RMSD: 0.48
[2026-04-24 09:11:23,428][rfdiffusion.inference.model_runners][INFO] - Timestep 13, input to next step: -----------------------------GGGGGGGGGGGGGGGGGGGGGGGGGGGGGGGGGGGG--------------------------------
[2026-04-24 09:11:28,240][rfdiffusion.inference.utils][INFO] - Sampled motif RMSD: 0.48
[2026-04-24 09:11:28,485][rfdiffusion.inference.model_runners][INFO] - Timestep 12, input to next step: -----------------------------GGGGGGGGGGGGGGGGGGGGGGGGGGGGGGGGGGGG--------------------------------
[2026-04-24 09:11:32,858][rfdiffusion.inference.utils][INFO] - Sampled motif RMSD: 0.45
[2026-04-24 09:11:33,135][rfdiffusion.inference.model_runners][INFO] - Timestep 11, input to next step: -----------------------------GGGGGGGGGGGGGGGGGGGGGGGGGGGGGGGGGGGG--------------------------------
[2026-04-24 09:11:37,843][rfdiffusion.inference.utils][INFO] - Sampled motif RMSD: 0.44
[2026-04-24 09:11:38,167][rfdiffusion.inference.model_runners][INFO] - Timestep 10, input to next step: -----------------------------GGGGGGGGGGGGGGGGGGGGGGGGGGGGGGGGGGGG--------------------------------
[2026-04-24 09:11:42,296][rfdiffusion.inference.utils][INFO] - Sampled motif RMSD: 0.41
[2026-04-24 09:11:42,518][rfdiffusion.inference.model_runners][INFO] - Timestep 9, input to next step: -----------------------------GGGGGGGGGGGGGGGGGGGGGGGGGGGGGGGGGGGG--------------------------------
[2026-04-24 09:11:46,765][rfdiffusion.inference.utils][INFO] - Sampled motif RMSD: 0.42
[2026-04-24 09:11:46,996][rfdiffusion.inference.model_runners][INFO] - Timestep 8, input to next step: -----------------------------GGGGGGGGGGGGGGGGGGGGGGGGGGGGGGGGGGGG--------------------------------
[2026-04-24 09:11:50,991][rfdiffusion.inference.utils][INFO] - Sampled motif RMSD: 0.40
[2026-04-24 09:11:51,218][rfdiffusion.inference.model_runners][INFO] - Timestep 7, input to next step: -----------------------------GGGGGGGGGGGGGGGGGGGGGGGGGGGGGGGGGGGG--------------------------------
[2026-04-24 09:11:55,538][rfdiffusion.inference.utils][INFO] - Sampled motif RMSD: 0.36
[2026-04-24 09:11:55,690][rfdiffusion.inference.model_runners][INFO] - Timestep 6, input to next step: -----------------------------GGGGGGGGGGGGGGGGGGGGGGGGGGGGGGGGGGGG--------------------------------
[2026-04-24 09:11:59,791][rfdiffusion.inference.utils][INFO] - Sampled motif RMSD: 0.33
[2026-04-24 09:12:00,325][rfdiffusion.inference.model_runners][INFO] - Timestep 5, input to next step: -----------------------------GGGGGGGGGGGGGGGGGGGGGGGGGGGGGGGGGGGG--------------------------------
[2026-04-24 09:12:04,754][rfdiffusion.inference.utils][INFO] - Sampled motif RMSD: 0.31
[2026-04-24 09:12:05,119][rfdiffusion.inference.model_runners][INFO] - Timestep 4, input to next step: -----------------------------GGGGGGGGGGGGGGGGGGGGGGGGGGGGGGGGGGGG--------------------------------
[2026-04-24 09:12:09,061][rfdiffusion.inference.utils][INFO] - Sampled motif RMSD: 0.29
[2026-04-24 09:12:09,456][rfdiffusion.inference.model_runners][INFO] - Timestep 3, input to next step: -----------------------------GGGGGGGGGGGGGGGGGGGGGGGGGGGGGGGGGGGG--------------------------------
[2026-04-24 09:12:13,545][rfdiffusion.inference.utils][INFO] - Sampled motif RMSD: 0.28
[2026-04-24 09:12:13,784][rfdiffusion.inference.model_runners][INFO] - Timestep 2, input to next step: -----------------------------GGGGGGGGGGGGGGGGGGGGGGGGGGGGGGGGGGGG--------------------------------
[2026-04-24 09:12:20,696][__main__][INFO] - Finished design in 3.97 minutes
