[2026-04-24 08:55:16,669][__main__][INFO] - Found GPU with device_name NVIDIA A100-SXM4-80GB. Will run RFdiffusion on NVIDIA A100-SXM4-80GB
Reading models from /lambda/nfs/manvi/Team_8_CS598GBL/RFdiffusion/rfdiffusion/inference/../../models
[2026-04-24 08:55:16,672][rfdiffusion.inference.model_runners][INFO] - Reading checkpoint from /lambda/nfs/manvi/Team_8_CS598GBL/RFdiffusion/rfdiffusion/inference/../../models/Base_ckpt.pt
This is inf_conf.ckpt_path
/lambda/nfs/manvi/Team_8_CS598GBL/RFdiffusion/rfdiffusion/inference/../../models/Base_ckpt.pt
Assembling -model, -diffuser and -preprocess configs from checkpoint
USING MODEL CONFIG: self._conf[model][n_extra_block] = 4
USING MODEL CONFIG: self._conf[model][n_main_block] = 32
USING MODEL CONFIG: self._conf[model][n_ref_block] = 4
USING MODEL CONFIG: self._conf[model][d_msa] = 256
USING MODEL CONFIG: self._conf[model][d_msa_full] = 64
USING MODEL CONFIG: self._conf[model][d_pair] = 128
USING MODEL CONFIG: self._conf[model][d_templ] = 64
USING MODEL CONFIG: self._conf[model][n_head_msa] = 8
USING MODEL CONFIG: self._conf[model][n_head_pair] = 4
USING MODEL CONFIG: self._conf[model][n_head_templ] = 4
USING MODEL CONFIG: self._conf[model][d_hidden] = 32
USING MODEL CONFIG: self._conf[model][d_hidden_templ] = 32
USING MODEL CONFIG: self._conf[model][p_drop] = 0.15
USING MODEL CONFIG: self._conf[model][SE3_param_full] = {'num_layers': 1, 'num_channels': 32, 'num_degrees': 2, 'n_heads': 4, 'div': 4, 'l0_in_features': 8, 'l0_out_features': 8, 'l1_in_features': 3, 'l1_out_features': 2, 'num_edge_features': 32}
USING MODEL CONFIG: self._conf[model][SE3_param_topk] = {'num_layers': 1, 'num_channels': 32, 'num_degrees': 2, 'n_heads': 4, 'div': 4, 'l0_in_features': 64, 'l0_out_features': 64, 'l1_in_features': 3, 'l1_out_features': 2, 'num_edge_features': 64}
USING MODEL CONFIG: self._conf[model][freeze_track_motif] = False
USING MODEL CONFIG: self._conf[model][use_motif_timestep] = True
USING MODEL CONFIG: self._conf[diffuser][T] = 50
USING MODEL CONFIG: self._conf[diffuser][b_0] = 0.01
USING MODEL CONFIG: self._conf[diffuser][b_T] = 0.07
USING MODEL CONFIG: self._conf[diffuser][schedule_type] = linear
USING MODEL CONFIG: self._conf[diffuser][so3_type] = igso3
USING MODEL CONFIG: self._conf[diffuser][crd_scale] = 0.25
USING MODEL CONFIG: self._conf[diffuser][so3_schedule_type] = linear
USING MODEL CONFIG: self._conf[diffuser][min_b] = 1.5
USING MODEL CONFIG: self._conf[diffuser][max_b] = 2.5
USING MODEL CONFIG: self._conf[diffuser][min_sigma] = 0.02
USING MODEL CONFIG: self._conf[diffuser][max_sigma] = 1.5
USING MODEL CONFIG: self._conf[preprocess][sidechain_input] = False
USING MODEL CONFIG: self._conf[preprocess][motif_sidechain_input] = True
USING MODEL CONFIG: self._conf[preprocess][d_t1d] = 22
USING MODEL CONFIG: self._conf[preprocess][d_t2d] = 44
USING MODEL CONFIG: self._conf[preprocess][prob_self_cond] = 0.5
USING MODEL CONFIG: self._conf[preprocess][str_self_cond] = True
USING MODEL CONFIG: self._conf[preprocess][predict_previous] = False
[2026-04-24 08:56:19,363][rfdiffusion.inference.model_runners][INFO] - Loading checkpoint.
[2026-04-24 08:56:36,524][rfdiffusion.diffusion][INFO] - Using cached IGSO3.
Successful diffuser __init__
[2026-04-24 08:56:36,558][__main__][INFO] - Making design /lambda/nfs/manvi/Team_8_CS598GBL/outputs/custom90_128_motif_scaffolding/fast_T20/len_111/balanced/scaffold_0
[2026-04-24 08:56:36,606][rfdiffusion.inference.model_runners][INFO] - Using contig: ['22-37/A24-49/22-37']
With this beta schedule (linear schedule, beta_0 = 0.04, beta_T = 0.28), alpha_bar_T = 0.00013696048699785024
[2026-04-24 08:56:37,341][rfdiffusion.inference.model_runners][INFO] - Sequence init: -------------------------------------GGGGGGGGGGGGGGGGGGGGGGGGGG-----------------------------------
[2026-04-24 08:56:46,528][rfdiffusion.inference.utils][INFO] - Sampled motif RMSD: 0.39
[2026-04-24 08:56:46,813][rfdiffusion.inference.model_runners][INFO] - Timestep 50, input to next step: -------------------------------------GGGGGGGGGGGGGGGGGGGGGGGGGG-----------------------------------
[2026-04-24 08:56:53,924][rfdiffusion.inference.utils][INFO] - Sampled motif RMSD: 0.31
[2026-04-24 08:56:54,102][rfdiffusion.inference.model_runners][INFO] - Timestep 49, input to next step: -------------------------------------GGGGGGGGGGGGGGGGGGGGGGGGGG-----------------------------------
[2026-04-24 08:56:59,887][rfdiffusion.inference.utils][INFO] - Sampled motif RMSD: 0.31
[2026-04-24 08:57:00,123][rfdiffusion.inference.model_runners][INFO] - Timestep 48, input to next step: -------------------------------------GGGGGGGGGGGGGGGGGGGGGGGGGG-----------------------------------
[2026-04-24 08:57:04,865][rfdiffusion.inference.utils][INFO] - Sampled motif RMSD: 0.31
[2026-04-24 08:57:05,029][rfdiffusion.inference.model_runners][INFO] - Timestep 47, input to next step: -------------------------------------GGGGGGGGGGGGGGGGGGGGGGGGGG-----------------------------------
[2026-04-24 08:57:08,898][rfdiffusion.inference.utils][INFO] - Sampled motif RMSD: 0.32
[2026-04-24 08:57:09,002][rfdiffusion.inference.model_runners][INFO] - Timestep 46, input to next step: -------------------------------------GGGGGGGGGGGGGGGGGGGGGGGGGG-----------------------------------
[2026-04-24 08:57:12,018][rfdiffusion.inference.utils][INFO] - Sampled motif RMSD: 0.32
[2026-04-24 08:57:12,245][rfdiffusion.inference.model_runners][INFO] - Timestep 45, input to next step: -------------------------------------GGGGGGGGGGGGGGGGGGGGGGGGGG-----------------------------------
[2026-04-24 08:57:15,327][rfdiffusion.inference.utils][INFO] - Sampled motif RMSD: 0.30
[2026-04-24 08:57:15,599][rfdiffusion.inference.model_runners][INFO] - Timestep 44, input to next step: -------------------------------------GGGGGGGGGGGGGGGGGGGGGGGGGG-----------------------------------
[2026-04-24 08:57:18,949][rfdiffusion.inference.utils][INFO] - Sampled motif RMSD: 0.32
[2026-04-24 08:57:19,018][rfdiffusion.inference.model_runners][INFO] - Timestep 43, input to next step: -------------------------------------GGGGGGGGGGGGGGGGGGGGGGGGGG-----------------------------------
[2026-04-24 08:57:21,502][rfdiffusion.inference.utils][INFO] - Sampled motif RMSD: 0.31
[2026-04-24 08:57:21,600][rfdiffusion.inference.model_runners][INFO] - Timestep 42, input to next step: -------------------------------------GGGGGGGGGGGGGGGGGGGGGGGGGG-----------------------------------
[2026-04-24 08:57:24,160][rfdiffusion.inference.utils][INFO] - Sampled motif RMSD: 0.29
[2026-04-24 08:57:24,337][rfdiffusion.inference.model_runners][INFO] - Timestep 41, input to next step: -------------------------------------GGGGGGGGGGGGGGGGGGGGGGGGGG-----------------------------------
[2026-04-24 08:57:27,689][rfdiffusion.inference.utils][INFO] - Sampled motif RMSD: 0.29
[2026-04-24 08:57:27,806][rfdiffusion.inference.model_runners][INFO] - Timestep 40, input to next step: -------------------------------------GGGGGGGGGGGGGGGGGGGGGGGGGG-----------------------------------
[2026-04-24 08:57:31,011][rfdiffusion.inference.utils][INFO] - Sampled motif RMSD: 0.28
[2026-04-24 08:57:31,167][rfdiffusion.inference.model_runners][INFO] - Timestep 39, input to next step: -------------------------------------GGGGGGGGGGGGGGGGGGGGGGGGGG-----------------------------------
[2026-04-24 08:57:34,851][rfdiffusion.inference.utils][INFO] - Sampled motif RMSD: 0.28
[2026-04-24 08:57:35,293][rfdiffusion.inference.model_runners][INFO] - Timestep 38, input to next step: -------------------------------------GGGGGGGGGGGGGGGGGGGGGGGGGG-----------------------------------
[2026-04-24 08:57:38,756][rfdiffusion.inference.utils][INFO] - Sampled motif RMSD: 0.28
[2026-04-24 08:57:39,006][rfdiffusion.inference.model_runners][INFO] - Timestep 37, input to next step: -------------------------------------GGGGGGGGGGGGGGGGGGGGGGGGGG-----------------------------------
[2026-04-24 08:57:41,619][rfdiffusion.inference.utils][INFO] - Sampled motif RMSD: 0.27
[2026-04-24 08:57:41,859][rfdiffusion.inference.model_runners][INFO] - Timestep 36, input to next step: -------------------------------------GGGGGGGGGGGGGGGGGGGGGGGGGG-----------------------------------
[2026-04-24 08:57:44,986][rfdiffusion.inference.utils][INFO] - Sampled motif RMSD: 0.28
[2026-04-24 08:57:45,169][rfdiffusion.inference.model_runners][INFO] - Timestep 35, input to next step: -------------------------------------GGGGGGGGGGGGGGGGGGGGGGGGGG-----------------------------------
[2026-04-24 08:57:47,701][rfdiffusion.inference.utils][INFO] - Sampled motif RMSD: 0.29
[2026-04-24 08:57:47,905][rfdiffusion.inference.model_runners][INFO] - Timestep 34, input to next step: -------------------------------------GGGGGGGGGGGGGGGGGGGGGGGGGG-----------------------------------
[2026-04-24 08:57:50,764][rfdiffusion.inference.utils][INFO] - Sampled motif RMSD: 0.31
[2026-04-24 08:57:50,987][rfdiffusion.inference.model_runners][INFO] - Timestep 33, input to next step: -------------------------------------GGGGGGGGGGGGGGGGGGGGGGGGGG-----------------------------------
[2026-04-24 08:57:53,465][rfdiffusion.inference.utils][INFO] - Sampled motif RMSD: 0.33
[2026-04-24 08:57:53,690][rfdiffusion.inference.model_runners][INFO] - Timestep 32, input to next step: -------------------------------------GGGGGGGGGGGGGGGGGGGGGGGGGG-----------------------------------
[2026-04-24 08:57:56,706][rfdiffusion.inference.utils][INFO] - Sampled motif RMSD: 0.33
[2026-04-24 08:57:56,924][rfdiffusion.inference.model_runners][INFO] - Timestep 31, input to next step: -------------------------------------GGGGGGGGGGGGGGGGGGGGGGGGGG-----------------------------------
[2026-04-24 08:57:59,192][rfdiffusion.inference.utils][INFO] - Sampled motif RMSD: 0.31
[2026-04-24 08:57:59,383][rfdiffusion.inference.model_runners][INFO] - Timestep 30, input to next step: -------------------------------------GGGGGGGGGGGGGGGGGGGGGGGGGG-----------------------------------
[2026-04-24 08:58:01,844][rfdiffusion.inference.utils][INFO] - Sampled motif RMSD: 0.33
[2026-04-24 08:58:02,028][rfdiffusion.inference.model_runners][INFO] - Timestep 29, input to next step: -------------------------------------GGGGGGGGGGGGGGGGGGGGGGGGGG-----------------------------------
[2026-04-24 08:58:04,480][rfdiffusion.inference.utils][INFO] - Sampled motif RMSD: 0.34
[2026-04-24 08:58:04,631][rfdiffusion.inference.model_runners][INFO] - Timestep 28, input to next step: -------------------------------------GGGGGGGGGGGGGGGGGGGGGGGGGG-----------------------------------
[2026-04-24 08:58:08,129][rfdiffusion.inference.utils][INFO] - Sampled motif RMSD: 0.35
[2026-04-24 08:58:08,344][rfdiffusion.inference.model_runners][INFO] - Timestep 27, input to next step: -------------------------------------GGGGGGGGGGGGGGGGGGGGGGGGGG-----------------------------------
[2026-04-24 08:58:10,941][rfdiffusion.inference.utils][INFO] - Sampled motif RMSD: 0.37
[2026-04-24 08:58:11,091][rfdiffusion.inference.model_runners][INFO] - Timestep 26, input to next step: -------------------------------------GGGGGGGGGGGGGGGGGGGGGGGGGG-----------------------------------
[2026-04-24 08:58:14,229][rfdiffusion.inference.utils][INFO] - Sampled motif RMSD: 0.38
[2026-04-24 08:58:14,393][rfdiffusion.inference.model_runners][INFO] - Timestep 25, input to next step: -------------------------------------GGGGGGGGGGGGGGGGGGGGGGGGGG-----------------------------------
[2026-04-24 08:58:18,230][rfdiffusion.inference.utils][INFO] - Sampled motif RMSD: 0.40
[2026-04-24 08:58:18,471][rfdiffusion.inference.model_runners][INFO] - Timestep 24, input to next step: -------------------------------------GGGGGGGGGGGGGGGGGGGGGGGGGG-----------------------------------
[2026-04-24 08:58:21,426][rfdiffusion.inference.utils][INFO] - Sampled motif RMSD: 0.42
[2026-04-24 08:58:21,523][rfdiffusion.inference.model_runners][INFO] - Timestep 23, input to next step: -------------------------------------GGGGGGGGGGGGGGGGGGGGGGGGGG-----------------------------------
[2026-04-24 08:58:25,618][rfdiffusion.inference.utils][INFO] - Sampled motif RMSD: 0.43
[2026-04-24 08:58:25,959][rfdiffusion.inference.model_runners][INFO] - Timestep 22, input to next step: -------------------------------------GGGGGGGGGGGGGGGGGGGGGGGGGG-----------------------------------
[2026-04-24 08:58:30,115][rfdiffusion.inference.utils][INFO] - Sampled motif RMSD: 0.44
[2026-04-24 08:58:30,527][rfdiffusion.inference.model_runners][INFO] - Timestep 21, input to next step: -------------------------------------GGGGGGGGGGGGGGGGGGGGGGGGGG-----------------------------------
[2026-04-24 08:58:33,475][rfdiffusion.inference.utils][INFO] - Sampled motif RMSD: 0.44
[2026-04-24 08:58:33,683][rfdiffusion.inference.model_runners][INFO] - Timestep 20, input to next step: -------------------------------------GGGGGGGGGGGGGGGGGGGGGGGGGG-----------------------------------
[2026-04-24 08:58:37,173][rfdiffusion.inference.utils][INFO] - Sampled motif RMSD: 0.45
[2026-04-24 08:58:37,430][rfdiffusion.inference.model_runners][INFO] - Timestep 19, input to next step: -------------------------------------GGGGGGGGGGGGGGGGGGGGGGGGGG-----------------------------------
[2026-04-24 08:58:41,281][rfdiffusion.inference.utils][INFO] - Sampled motif RMSD: 0.45
[2026-04-24 08:58:41,539][rfdiffusion.inference.model_runners][INFO] - Timestep 18, input to next step: -------------------------------------GGGGGGGGGGGGGGGGGGGGGGGGGG-----------------------------------
[2026-04-24 08:58:45,464][rfdiffusion.inference.utils][INFO] - Sampled motif RMSD: 0.47
[2026-04-24 08:58:45,679][rfdiffusion.inference.model_runners][INFO] - Timestep 17, input to next step: -------------------------------------GGGGGGGGGGGGGGGGGGGGGGGGGG-----------------------------------
[2026-04-24 08:58:49,299][rfdiffusion.inference.utils][INFO] - Sampled motif RMSD: 0.46
[2026-04-24 08:58:49,460][rfdiffusion.inference.model_runners][INFO] - Timestep 16, input to next step: -------------------------------------GGGGGGGGGGGGGGGGGGGGGGGGGG-----------------------------------
[2026-04-24 08:58:53,235][rfdiffusion.inference.utils][INFO] - Sampled motif RMSD: 0.46
[2026-04-24 08:58:53,402][rfdiffusion.inference.model_runners][INFO] - Timestep 15, input to next step: -------------------------------------GGGGGGGGGGGGGGGGGGGGGGGGGG-----------------------------------
[2026-04-24 08:58:56,837][rfdiffusion.inference.utils][INFO] - Sampled motif RMSD: 0.47
[2026-04-24 08:58:57,077][rfdiffusion.inference.model_runners][INFO] - Timestep 14, input to next step: -------------------------------------GGGGGGGGGGGGGGGGGGGGGGGGGG-----------------------------------
[2026-04-24 08:59:00,179][rfdiffusion.inference.utils][INFO] - Sampled motif RMSD: 0.48
[2026-04-24 08:59:00,470][rfdiffusion.inference.model_runners][INFO] - Timestep 13, input to next step: -------------------------------------GGGGGGGGGGGGGGGGGGGGGGGGGG-----------------------------------
[2026-04-24 08:59:05,010][rfdiffusion.inference.utils][INFO] - Sampled motif RMSD: 0.46
[2026-04-24 08:59:05,400][rfdiffusion.inference.model_runners][INFO] - Timestep 12, input to next step: -------------------------------------GGGGGGGGGGGGGGGGGGGGGGGGGG-----------------------------------
[2026-04-24 08:59:09,023][rfdiffusion.inference.utils][INFO] - Sampled motif RMSD: 0.47
[2026-04-24 08:59:09,185][rfdiffusion.inference.model_runners][INFO] - Timestep 11, input to next step: -------------------------------------GGGGGGGGGGGGGGGGGGGGGGGGGG-----------------------------------
[2026-04-24 08:59:13,079][rfdiffusion.inference.utils][INFO] - Sampled motif RMSD: 0.48
[2026-04-24 08:59:13,521][rfdiffusion.inference.model_runners][INFO] - Timestep 10, input to next step: -------------------------------------GGGGGGGGGGGGGGGGGGGGGGGGGG-----------------------------------
[2026-04-24 08:59:16,576][rfdiffusion.inference.utils][INFO] - Sampled motif RMSD: 0.48
[2026-04-24 08:59:16,807][rfdiffusion.inference.model_runners][INFO] - Timestep 9, input to next step: -------------------------------------GGGGGGGGGGGGGGGGGGGGGGGGGG-----------------------------------
[2026-04-24 08:59:20,091][rfdiffusion.inference.utils][INFO] - Sampled motif RMSD: 0.49
[2026-04-24 08:59:20,366][rfdiffusion.inference.model_runners][INFO] - Timestep 8, input to next step: -------------------------------------GGGGGGGGGGGGGGGGGGGGGGGGGG-----------------------------------
[2026-04-24 08:59:25,071][rfdiffusion.inference.utils][INFO] - Sampled motif RMSD: 0.48
[2026-04-24 08:59:25,348][rfdiffusion.inference.model_runners][INFO] - Timestep 7, input to next step: -------------------------------------GGGGGGGGGGGGGGGGGGGGGGGGGG-----------------------------------
[2026-04-24 08:59:29,288][rfdiffusion.inference.utils][INFO] - Sampled motif RMSD: 0.48
[2026-04-24 08:59:29,487][rfdiffusion.inference.model_runners][INFO] - Timestep 6, input to next step: -------------------------------------GGGGGGGGGGGGGGGGGGGGGGGGGG-----------------------------------
[2026-04-24 08:59:33,706][rfdiffusion.inference.utils][INFO] - Sampled motif RMSD: 0.47
[2026-04-24 08:59:33,883][rfdiffusion.inference.model_runners][INFO] - Timestep 5, input to next step: -------------------------------------GGGGGGGGGGGGGGGGGGGGGGGGGG-----------------------------------
[2026-04-24 08:59:37,119][rfdiffusion.inference.utils][INFO] - Sampled motif RMSD: 0.46
[2026-04-24 08:59:37,277][rfdiffusion.inference.model_runners][INFO] - Timestep 4, input to next step: -------------------------------------GGGGGGGGGGGGGGGGGGGGGGGGGG-----------------------------------
[2026-04-24 08:59:41,748][rfdiffusion.inference.utils][INFO] - Sampled motif RMSD: 0.44
[2026-04-24 08:59:42,057][rfdiffusion.inference.model_runners][INFO] - Timestep 3, input to next step: -------------------------------------GGGGGGGGGGGGGGGGGGGGGGGGGG-----------------------------------
[2026-04-24 08:59:45,793][rfdiffusion.inference.utils][INFO] - Sampled motif RMSD: 0.42
[2026-04-24 08:59:46,218][rfdiffusion.inference.model_runners][INFO] - Timestep 2, input to next step: -------------------------------------GGGGGGGGGGGGGGGGGGGGGGGGGG-----------------------------------
[2026-04-24 08:59:53,777][__main__][INFO] - Finished design in 3.29 minutes
[2026-04-24 08:59:53,781][__main__][INFO] - Making design /lambda/nfs/manvi/Team_8_CS598GBL/outputs/custom90_128_motif_scaffolding/fast_T20/len_111/balanced/scaffold_1
[2026-04-24 08:59:53,800][rfdiffusion.inference.model_runners][INFO] - Using contig: ['22-37/A24-49/22-37']
With this beta schedule (linear schedule, beta_0 = 0.04, beta_T = 0.28), alpha_bar_T = 0.00013696048699785024
[2026-04-24 08:59:54,152][rfdiffusion.inference.model_runners][INFO] - Sequence init: ----------------------------------GGGGGGGGGGGGGGGGGGGGGGGGGG-------------------------------
[2026-04-24 08:59:57,808][rfdiffusion.inference.utils][INFO] - Sampled motif RMSD: 0.36
[2026-04-24 08:59:58,073][rfdiffusion.inference.model_runners][INFO] - Timestep 50, input to next step: ----------------------------------GGGGGGGGGGGGGGGGGGGGGGGGGG-------------------------------
[2026-04-24 09:00:03,023][rfdiffusion.inference.utils][INFO] - Sampled motif RMSD: 0.28
[2026-04-24 09:00:03,307][rfdiffusion.inference.model_runners][INFO] - Timestep 49, input to next step: ----------------------------------GGGGGGGGGGGGGGGGGGGGGGGGGG-------------------------------
[2026-04-24 09:00:07,510][rfdiffusion.inference.utils][INFO] - Sampled motif RMSD: 0.29
[2026-04-24 09:00:07,696][rfdiffusion.inference.model_runners][INFO] - Timestep 48, input to next step: ----------------------------------GGGGGGGGGGGGGGGGGGGGGGGGGG-------------------------------
[2026-04-24 09:00:12,701][rfdiffusion.inference.utils][INFO] - Sampled motif RMSD: 0.32
[2026-04-24 09:00:13,126][rfdiffusion.inference.model_runners][INFO] - Timestep 47, input to next step: ----------------------------------GGGGGGGGGGGGGGGGGGGGGGGGGG-------------------------------
[2026-04-24 09:00:17,810][rfdiffusion.inference.utils][INFO] - Sampled motif RMSD: 0.30
[2026-04-24 09:00:18,114][rfdiffusion.inference.model_runners][INFO] - Timestep 46, input to next step: ----------------------------------GGGGGGGGGGGGGGGGGGGGGGGGGG-------------------------------
[2026-04-24 09:00:22,004][rfdiffusion.inference.utils][INFO] - Sampled motif RMSD: 0.31
[2026-04-24 09:00:22,489][rfdiffusion.inference.model_runners][INFO] - Timestep 45, input to next step: ----------------------------------GGGGGGGGGGGGGGGGGGGGGGGGGG-------------------------------
[2026-04-24 09:00:27,936][rfdiffusion.inference.utils][INFO] - Sampled motif RMSD: 0.31
[2026-04-24 09:00:28,203][rfdiffusion.inference.model_runners][INFO] - Timestep 44, input to next step: ----------------------------------GGGGGGGGGGGGGGGGGGGGGGGGGG-------------------------------
[2026-04-24 09:00:31,452][rfdiffusion.inference.utils][INFO] - Sampled motif RMSD: 0.30
[2026-04-24 09:00:31,762][rfdiffusion.inference.model_runners][INFO] - Timestep 43, input to next step: ----------------------------------GGGGGGGGGGGGGGGGGGGGGGGGGG-------------------------------
[2026-04-24 09:00:36,199][rfdiffusion.inference.utils][INFO] - Sampled motif RMSD: 0.30
[2026-04-24 09:00:36,481][rfdiffusion.inference.model_runners][INFO] - Timestep 42, input to next step: ----------------------------------GGGGGGGGGGGGGGGGGGGGGGGGGG-------------------------------
[2026-04-24 09:00:43,148][rfdiffusion.inference.utils][INFO] - Sampled motif RMSD: 0.30
[2026-04-24 09:00:43,654][rfdiffusion.inference.model_runners][INFO] - Timestep 41, input to next step: ----------------------------------GGGGGGGGGGGGGGGGGGGGGGGGGG-------------------------------
[2026-04-24 09:00:48,829][rfdiffusion.inference.utils][INFO] - Sampled motif RMSD: 0.30
[2026-04-24 09:00:49,080][rfdiffusion.inference.model_runners][INFO] - Timestep 40, input to next step: ----------------------------------GGGGGGGGGGGGGGGGGGGGGGGGGG-------------------------------
[2026-04-24 09:00:54,188][rfdiffusion.inference.utils][INFO] - Sampled motif RMSD: 0.31
[2026-04-24 09:00:54,553][rfdiffusion.inference.model_runners][INFO] - Timestep 39, input to next step: ----------------------------------GGGGGGGGGGGGGGGGGGGGGGGGGG-------------------------------
[2026-04-24 09:00:58,008][rfdiffusion.inference.utils][INFO] - Sampled motif RMSD: 0.30
[2026-04-24 09:00:58,185][rfdiffusion.inference.model_runners][INFO] - Timestep 38, input to next step: ----------------------------------GGGGGGGGGGGGGGGGGGGGGGGGGG-------------------------------
[2026-04-24 09:01:02,679][rfdiffusion.inference.utils][INFO] - Sampled motif RMSD: 0.30
[2026-04-24 09:01:02,765][rfdiffusion.inference.model_runners][INFO] - Timestep 37, input to next step: ----------------------------------GGGGGGGGGGGGGGGGGGGGGGGGGG-------------------------------
[2026-04-24 09:01:07,754][rfdiffusion.inference.utils][INFO] - Sampled motif RMSD: 0.27
[2026-04-24 09:01:08,200][rfdiffusion.inference.model_runners][INFO] - Timestep 36, input to next step: ----------------------------------GGGGGGGGGGGGGGGGGGGGGGGGGG-------------------------------
[2026-04-24 09:01:13,818][rfdiffusion.inference.utils][INFO] - Sampled motif RMSD: 0.30
[2026-04-24 09:01:14,234][rfdiffusion.inference.model_runners][INFO] - Timestep 35, input to next step: ----------------------------------GGGGGGGGGGGGGGGGGGGGGGGGGG-------------------------------
[2026-04-24 09:01:17,234][rfdiffusion.inference.utils][INFO] - Sampled motif RMSD: 0.34
[2026-04-24 09:01:17,550][rfdiffusion.inference.model_runners][INFO] - Timestep 34, input to next step: ----------------------------------GGGGGGGGGGGGGGGGGGGGGGGGGG-------------------------------
[2026-04-24 09:01:21,467][rfdiffusion.inference.utils][INFO] - Sampled motif RMSD: 0.35
[2026-04-24 09:01:21,715][rfdiffusion.inference.model_runners][INFO] - Timestep 33, input to next step: ----------------------------------GGGGGGGGGGGGGGGGGGGGGGGGGG-------------------------------
[2026-04-24 09:01:25,106][rfdiffusion.inference.utils][INFO] - Sampled motif RMSD: 0.32
[2026-04-24 09:01:25,337][rfdiffusion.inference.model_runners][INFO] - Timestep 32, input to next step: ----------------------------------GGGGGGGGGGGGGGGGGGGGGGGGGG-------------------------------
[2026-04-24 09:01:28,849][rfdiffusion.inference.utils][INFO] - Sampled motif RMSD: 0.30
[2026-04-24 09:01:29,147][rfdiffusion.inference.model_runners][INFO] - Timestep 31, input to next step: ----------------------------------GGGGGGGGGGGGGGGGGGGGGGGGGG-------------------------------
[2026-04-24 09:01:33,969][rfdiffusion.inference.utils][INFO] - Sampled motif RMSD: 0.30
[2026-04-24 09:01:34,196][rfdiffusion.inference.model_runners][INFO] - Timestep 30, input to next step: ----------------------------------GGGGGGGGGGGGGGGGGGGGGGGGGG-------------------------------
[2026-04-24 09:01:38,332][rfdiffusion.inference.utils][INFO] - Sampled motif RMSD: 0.30
[2026-04-24 09:01:38,597][rfdiffusion.inference.model_runners][INFO] - Timestep 29, input to next step: ----------------------------------GGGGGGGGGGGGGGGGGGGGGGGGGG-------------------------------
[2026-04-24 09:01:42,806][rfdiffusion.inference.utils][INFO] - Sampled motif RMSD: 0.29
[2026-04-24 09:01:42,958][rfdiffusion.inference.model_runners][INFO] - Timestep 28, input to next step: ----------------------------------GGGGGGGGGGGGGGGGGGGGGGGGGG-------------------------------
[2026-04-24 09:01:47,145][rfdiffusion.inference.utils][INFO] - Sampled motif RMSD: 0.27
[2026-04-24 09:01:47,366][rfdiffusion.inference.model_runners][INFO] - Timestep 27, input to next step: ----------------------------------GGGGGGGGGGGGGGGGGGGGGGGGGG-------------------------------
[2026-04-24 09:01:52,258][rfdiffusion.inference.utils][INFO] - Sampled motif RMSD: 0.29
[2026-04-24 09:01:52,521][rfdiffusion.inference.model_runners][INFO] - Timestep 26, input to next step: ----------------------------------GGGGGGGGGGGGGGGGGGGGGGGGGG-------------------------------
[2026-04-24 09:01:57,235][rfdiffusion.inference.utils][INFO] - Sampled motif RMSD: 0.29
[2026-04-24 09:01:57,287][rfdiffusion.inference.model_runners][INFO] - Timestep 25, input to next step: ----------------------------------GGGGGGGGGGGGGGGGGGGGGGGGGG-------------------------------
[2026-04-24 09:02:01,938][rfdiffusion.inference.utils][INFO] - Sampled motif RMSD: 0.29
[2026-04-24 09:02:02,069][rfdiffusion.inference.model_runners][INFO] - Timestep 24, input to next step: ----------------------------------GGGGGGGGGGGGGGGGGGGGGGGGGG-------------------------------
[2026-04-24 09:02:05,365][rfdiffusion.inference.utils][INFO] - Sampled motif RMSD: 0.28
[2026-04-24 09:02:05,460][rfdiffusion.inference.model_runners][INFO] - Timestep 23, input to next step: ----------------------------------GGGGGGGGGGGGGGGGGGGGGGGGGG-------------------------------
[2026-04-24 09:02:09,451][rfdiffusion.inference.utils][INFO] - Sampled motif RMSD: 0.28
[2026-04-24 09:02:09,590][rfdiffusion.inference.model_runners][INFO] - Timestep 22, input to next step: ----------------------------------GGGGGGGGGGGGGGGGGGGGGGGGGG-------------------------------
[2026-04-24 09:02:13,513][rfdiffusion.inference.utils][INFO] - Sampled motif RMSD: 0.29
[2026-04-24 09:02:13,633][rfdiffusion.inference.model_runners][INFO] - Timestep 21, input to next step: ----------------------------------GGGGGGGGGGGGGGGGGGGGGGGGGG-------------------------------
[2026-04-24 09:02:17,672][rfdiffusion.inference.utils][INFO] - Sampled motif RMSD: 0.34
[2026-04-24 09:02:17,936][rfdiffusion.inference.model_runners][INFO] - Timestep 20, input to next step: ----------------------------------GGGGGGGGGGGGGGGGGGGGGGGGGG-------------------------------
[2026-04-24 09:02:21,855][rfdiffusion.inference.utils][INFO] - Sampled motif RMSD: 0.35
[2026-04-24 09:02:22,018][rfdiffusion.inference.model_runners][INFO] - Timestep 19, input to next step: ----------------------------------GGGGGGGGGGGGGGGGGGGGGGGGGG-------------------------------
[2026-04-24 09:02:25,661][rfdiffusion.inference.utils][INFO] - Sampled motif RMSD: 0.34
[2026-04-24 09:02:25,943][rfdiffusion.inference.model_runners][INFO] - Timestep 18, input to next step: ----------------------------------GGGGGGGGGGGGGGGGGGGGGGGGGG-------------------------------
[2026-04-24 09:02:29,559][rfdiffusion.inference.utils][INFO] - Sampled motif RMSD: 0.37
[2026-04-24 09:02:29,806][rfdiffusion.inference.model_runners][INFO] - Timestep 17, input to next step: ----------------------------------GGGGGGGGGGGGGGGGGGGGGGGGGG-------------------------------
[2026-04-24 09:02:33,493][rfdiffusion.inference.utils][INFO] - Sampled motif RMSD: 0.41
[2026-04-24 09:02:33,748][rfdiffusion.inference.model_runners][INFO] - Timestep 16, input to next step: ----------------------------------GGGGGGGGGGGGGGGGGGGGGGGGGG-------------------------------
[2026-04-24 09:02:37,292][rfdiffusion.inference.utils][INFO] - Sampled motif RMSD: 0.42
[2026-04-24 09:02:37,592][rfdiffusion.inference.model_runners][INFO] - Timestep 15, input to next step: ----------------------------------GGGGGGGGGGGGGGGGGGGGGGGGGG-------------------------------
[2026-04-24 09:02:40,929][rfdiffusion.inference.utils][INFO] - Sampled motif RMSD: 0.42
[2026-04-24 09:02:41,261][rfdiffusion.inference.model_runners][INFO] - Timestep 14, input to next step: ----------------------------------GGGGGGGGGGGGGGGGGGGGGGGGGG-------------------------------
[2026-04-24 09:02:45,111][rfdiffusion.inference.utils][INFO] - Sampled motif RMSD: 0.42
[2026-04-24 09:02:45,253][rfdiffusion.inference.model_runners][INFO] - Timestep 13, input to next step: ----------------------------------GGGGGGGGGGGGGGGGGGGGGGGGGG-------------------------------
[2026-04-24 09:02:49,178][rfdiffusion.inference.utils][INFO] - Sampled motif RMSD: 0.42
[2026-04-24 09:02:49,409][rfdiffusion.inference.model_runners][INFO] - Timestep 12, input to next step: ----------------------------------GGGGGGGGGGGGGGGGGGGGGGGGGG-------------------------------
[2026-04-24 09:02:52,384][rfdiffusion.inference.utils][INFO] - Sampled motif RMSD: 0.42
[2026-04-24 09:02:52,512][rfdiffusion.inference.model_runners][INFO] - Timestep 11, input to next step: ----------------------------------GGGGGGGGGGGGGGGGGGGGGGGGGG-------------------------------
[2026-04-24 09:02:56,460][rfdiffusion.inference.utils][INFO] - Sampled motif RMSD: 0.41
[2026-04-24 09:02:56,708][rfdiffusion.inference.model_runners][INFO] - Timestep 10, input to next step: ----------------------------------GGGGGGGGGGGGGGGGGGGGGGGGGG-------------------------------
[2026-04-24 09:03:00,389][rfdiffusion.inference.utils][INFO] - Sampled motif RMSD: 0.40
[2026-04-24 09:03:00,577][rfdiffusion.inference.model_runners][INFO] - Timestep 9, input to next step: ----------------------------------GGGGGGGGGGGGGGGGGGGGGGGGGG-------------------------------
[2026-04-24 09:03:04,522][rfdiffusion.inference.utils][INFO] - Sampled motif RMSD: 0.40
[2026-04-24 09:03:04,902][rfdiffusion.inference.model_runners][INFO] - Timestep 8, input to next step: ----------------------------------GGGGGGGGGGGGGGGGGGGGGGGGGG-------------------------------
[2026-04-24 09:03:08,559][rfdiffusion.inference.utils][INFO] - Sampled motif RMSD: 0.40
[2026-04-24 09:03:08,988][rfdiffusion.inference.model_runners][INFO] - Timestep 7, input to next step: ----------------------------------GGGGGGGGGGGGGGGGGGGGGGGGGG-------------------------------
[2026-04-24 09:03:13,191][rfdiffusion.inference.utils][INFO] - Sampled motif RMSD: 0.38
[2026-04-24 09:03:13,553][rfdiffusion.inference.model_runners][INFO] - Timestep 6, input to next step: ----------------------------------GGGGGGGGGGGGGGGGGGGGGGGGGG-------------------------------
[2026-04-24 09:03:17,992][rfdiffusion.inference.utils][INFO] - Sampled motif RMSD: 0.38
[2026-04-24 09:03:18,399][rfdiffusion.inference.model_runners][INFO] - Timestep 5, input to next step: ----------------------------------GGGGGGGGGGGGGGGGGGGGGGGGGG-------------------------------
[2026-04-24 09:03:22,159][rfdiffusion.inference.utils][INFO] - Sampled motif RMSD: 0.38
[2026-04-24 09:03:22,508][rfdiffusion.inference.model_runners][INFO] - Timestep 4, input to next step: ----------------------------------GGGGGGGGGGGGGGGGGGGGGGGGGG-------------------------------
[2026-04-24 09:03:26,144][rfdiffusion.inference.utils][INFO] - Sampled motif RMSD: 0.38
[2026-04-24 09:03:26,380][rfdiffusion.inference.model_runners][INFO] - Timestep 3, input to next step: ----------------------------------GGGGGGGGGGGGGGGGGGGGGGGGGG-------------------------------
[2026-04-24 09:03:29,351][rfdiffusion.inference.utils][INFO] - Sampled motif RMSD: 0.39
[2026-04-24 09:03:29,638][rfdiffusion.inference.model_runners][INFO] - Timestep 2, input to next step: ----------------------------------GGGGGGGGGGGGGGGGGGGGGGGGGG-------------------------------
[2026-04-24 09:03:34,241][__main__][INFO] - Finished design in 3.67 minutes
