[2026-04-24 07:16:35,553][__main__][INFO] - Found GPU with device_name NVIDIA A100-SXM4-80GB. Will run RFdiffusion on NVIDIA A100-SXM4-80GB
Reading models from /lambda/nfs/manvi/Team_8_CS598GBL/RFdiffusion/rfdiffusion/inference/../../models
[2026-04-24 07:16:35,558][rfdiffusion.inference.model_runners][INFO] - Reading checkpoint from /lambda/nfs/manvi/Team_8_CS598GBL/RFdiffusion/rfdiffusion/inference/../../models/Base_ckpt.pt
This is inf_conf.ckpt_path
/lambda/nfs/manvi/Team_8_CS598GBL/RFdiffusion/rfdiffusion/inference/../../models/Base_ckpt.pt
Assembling -model, -diffuser and -preprocess configs from checkpoint
USING MODEL CONFIG: self._conf[model][n_extra_block] = 4
USING MODEL CONFIG: self._conf[model][n_main_block] = 32
USING MODEL CONFIG: self._conf[model][n_ref_block] = 4
USING MODEL CONFIG: self._conf[model][d_msa] = 256
USING MODEL CONFIG: self._conf[model][d_msa_full] = 64
USING MODEL CONFIG: self._conf[model][d_pair] = 128
USING MODEL CONFIG: self._conf[model][d_templ] = 64
USING MODEL CONFIG: self._conf[model][n_head_msa] = 8
USING MODEL CONFIG: self._conf[model][n_head_pair] = 4
USING MODEL CONFIG: self._conf[model][n_head_templ] = 4
USING MODEL CONFIG: self._conf[model][d_hidden] = 32
USING MODEL CONFIG: self._conf[model][d_hidden_templ] = 32
USING MODEL CONFIG: self._conf[model][p_drop] = 0.15
USING MODEL CONFIG: self._conf[model][SE3_param_full] = {'num_layers': 1, 'num_channels': 32, 'num_degrees': 2, 'n_heads': 4, 'div': 4, 'l0_in_features': 8, 'l0_out_features': 8, 'l1_in_features': 3, 'l1_out_features': 2, 'num_edge_features': 32}
USING MODEL CONFIG: self._conf[model][SE3_param_topk] = {'num_layers': 1, 'num_channels': 32, 'num_degrees': 2, 'n_heads': 4, 'div': 4, 'l0_in_features': 64, 'l0_out_features': 64, 'l1_in_features': 3, 'l1_out_features': 2, 'num_edge_features': 64}
USING MODEL CONFIG: self._conf[model][freeze_track_motif] = False
USING MODEL CONFIG: self._conf[model][use_motif_timestep] = True
USING MODEL CONFIG: self._conf[diffuser][T] = 50
USING MODEL CONFIG: self._conf[diffuser][b_0] = 0.01
USING MODEL CONFIG: self._conf[diffuser][b_T] = 0.07
USING MODEL CONFIG: self._conf[diffuser][schedule_type] = linear
USING MODEL CONFIG: self._conf[diffuser][so3_type] = igso3
USING MODEL CONFIG: self._conf[diffuser][crd_scale] = 0.25
USING MODEL CONFIG: self._conf[diffuser][so3_schedule_type] = linear
USING MODEL CONFIG: self._conf[diffuser][min_b] = 1.5
USING MODEL CONFIG: self._conf[diffuser][max_b] = 2.5
USING MODEL CONFIG: self._conf[diffuser][min_sigma] = 0.02
USING MODEL CONFIG: self._conf[diffuser][max_sigma] = 1.5
USING MODEL CONFIG: self._conf[preprocess][sidechain_input] = False
USING MODEL CONFIG: self._conf[preprocess][motif_sidechain_input] = True
USING MODEL CONFIG: self._conf[preprocess][d_t1d] = 22
USING MODEL CONFIG: self._conf[preprocess][d_t2d] = 44
USING MODEL CONFIG: self._conf[preprocess][prob_self_cond] = 0.5
USING MODEL CONFIG: self._conf[preprocess][str_self_cond] = True
USING MODEL CONFIG: self._conf[preprocess][predict_previous] = False
[2026-04-24 07:17:40,599][rfdiffusion.inference.model_runners][INFO] - Loading checkpoint.
[2026-04-24 07:18:03,116][rfdiffusion.diffusion][INFO] - Using cached IGSO3.
Successful diffuser __init__
[2026-04-24 07:18:03,180][__main__][INFO] - Making design /lambda/nfs/manvi/Team_8_CS598GBL/outputs/custom90_128_motif_scaffolding/default/len_115/cterm/scaffold_0
[2026-04-24 07:18:03,216][rfdiffusion.inference.model_runners][INFO] - Using contig: ['23-38/A91-115']
With this beta schedule (linear schedule, beta_0 = 0.04, beta_T = 0.28), alpha_bar_T = 0.00013696048699785024
[2026-04-24 07:18:03,549][rfdiffusion.inference.model_runners][INFO] - Sequence init: -----------------------------GGGGGGGGGGGGGGGGGGGGGGGGG
[2026-04-24 07:18:11,767][rfdiffusion.inference.utils][INFO] - Sampled motif RMSD: 0.17
[2026-04-24 07:18:12,086][rfdiffusion.inference.model_runners][INFO] - Timestep 50, input to next step: -----------------------------GGGGGGGGGGGGGGGGGGGGGGGGG
[2026-04-24 07:18:16,390][rfdiffusion.inference.utils][INFO] - Sampled motif RMSD: 0.11
[2026-04-24 07:18:16,749][rfdiffusion.inference.model_runners][INFO] - Timestep 49, input to next step: -----------------------------GGGGGGGGGGGGGGGGGGGGGGGGG
[2026-04-24 07:18:21,445][rfdiffusion.inference.utils][INFO] - Sampled motif RMSD: 0.11
[2026-04-24 07:18:21,757][rfdiffusion.inference.model_runners][INFO] - Timestep 48, input to next step: -----------------------------GGGGGGGGGGGGGGGGGGGGGGGGG
[2026-04-24 07:18:26,102][rfdiffusion.inference.utils][INFO] - Sampled motif RMSD: 0.12
[2026-04-24 07:18:26,465][rfdiffusion.inference.model_runners][INFO] - Timestep 47, input to next step: -----------------------------GGGGGGGGGGGGGGGGGGGGGGGGG
[2026-04-24 07:18:30,223][rfdiffusion.inference.utils][INFO] - Sampled motif RMSD: 0.13
[2026-04-24 07:18:30,494][rfdiffusion.inference.model_runners][INFO] - Timestep 46, input to next step: -----------------------------GGGGGGGGGGGGGGGGGGGGGGGGG
[2026-04-24 07:18:34,645][rfdiffusion.inference.utils][INFO] - Sampled motif RMSD: 0.11
[2026-04-24 07:18:35,051][rfdiffusion.inference.model_runners][INFO] - Timestep 45, input to next step: -----------------------------GGGGGGGGGGGGGGGGGGGGGGGGG
[2026-04-24 07:18:37,316][rfdiffusion.inference.utils][INFO] - Sampled motif RMSD: 0.12
[2026-04-24 07:18:37,760][rfdiffusion.inference.model_runners][INFO] - Timestep 44, input to next step: -----------------------------GGGGGGGGGGGGGGGGGGGGGGGGG
[2026-04-24 07:18:41,752][rfdiffusion.inference.utils][INFO] - Sampled motif RMSD: 0.12
[2026-04-24 07:18:42,048][rfdiffusion.inference.model_runners][INFO] - Timestep 43, input to next step: -----------------------------GGGGGGGGGGGGGGGGGGGGGGGGG
[2026-04-24 07:18:46,197][rfdiffusion.inference.utils][INFO] - Sampled motif RMSD: 0.15
[2026-04-24 07:18:46,703][rfdiffusion.inference.model_runners][INFO] - Timestep 42, input to next step: -----------------------------GGGGGGGGGGGGGGGGGGGGGGGGG
[2026-04-24 07:18:50,778][rfdiffusion.inference.utils][INFO] - Sampled motif RMSD: 0.13
[2026-04-24 07:18:51,194][rfdiffusion.inference.model_runners][INFO] - Timestep 41, input to next step: -----------------------------GGGGGGGGGGGGGGGGGGGGGGGGG
[2026-04-24 07:18:55,354][rfdiffusion.inference.utils][INFO] - Sampled motif RMSD: 0.12
[2026-04-24 07:18:55,837][rfdiffusion.inference.model_runners][INFO] - Timestep 40, input to next step: -----------------------------GGGGGGGGGGGGGGGGGGGGGGGGG
[2026-04-24 07:18:59,921][rfdiffusion.inference.utils][INFO] - Sampled motif RMSD: 0.11
[2026-04-24 07:19:00,280][rfdiffusion.inference.model_runners][INFO] - Timestep 39, input to next step: -----------------------------GGGGGGGGGGGGGGGGGGGGGGGGG
[2026-04-24 07:19:03,958][rfdiffusion.inference.utils][INFO] - Sampled motif RMSD: 0.10
[2026-04-24 07:19:04,165][rfdiffusion.inference.model_runners][INFO] - Timestep 38, input to next step: -----------------------------GGGGGGGGGGGGGGGGGGGGGGGGG
[2026-04-24 07:19:07,179][rfdiffusion.inference.utils][INFO] - Sampled motif RMSD: 0.11
[2026-04-24 07:19:07,401][rfdiffusion.inference.model_runners][INFO] - Timestep 37, input to next step: -----------------------------GGGGGGGGGGGGGGGGGGGGGGGGG
[2026-04-24 07:19:10,443][rfdiffusion.inference.utils][INFO] - Sampled motif RMSD: 0.12
[2026-04-24 07:19:11,033][rfdiffusion.inference.model_runners][INFO] - Timestep 36, input to next step: -----------------------------GGGGGGGGGGGGGGGGGGGGGGGGG
[2026-04-24 07:19:14,335][rfdiffusion.inference.utils][INFO] - Sampled motif RMSD: 0.12
[2026-04-24 07:19:14,670][rfdiffusion.inference.model_runners][INFO] - Timestep 35, input to next step: -----------------------------GGGGGGGGGGGGGGGGGGGGGGGGG
[2026-04-24 07:19:19,068][rfdiffusion.inference.utils][INFO] - Sampled motif RMSD: 0.11
[2026-04-24 07:19:19,268][rfdiffusion.inference.model_runners][INFO] - Timestep 34, input to next step: -----------------------------GGGGGGGGGGGGGGGGGGGGGGGGG
[2026-04-24 07:19:22,337][rfdiffusion.inference.utils][INFO] - Sampled motif RMSD: 0.11
[2026-04-24 07:19:22,645][rfdiffusion.inference.model_runners][INFO] - Timestep 33, input to next step: -----------------------------GGGGGGGGGGGGGGGGGGGGGGGGG
[2026-04-24 07:19:25,723][rfdiffusion.inference.utils][INFO] - Sampled motif RMSD: 0.10
[2026-04-24 07:19:25,998][rfdiffusion.inference.model_runners][INFO] - Timestep 32, input to next step: -----------------------------GGGGGGGGGGGGGGGGGGGGGGGGG
[2026-04-24 07:19:29,367][rfdiffusion.inference.utils][INFO] - Sampled motif RMSD: 0.10
[2026-04-24 07:19:29,715][rfdiffusion.inference.model_runners][INFO] - Timestep 31, input to next step: -----------------------------GGGGGGGGGGGGGGGGGGGGGGGGG
[2026-04-24 07:19:31,635][rfdiffusion.inference.utils][INFO] - Sampled motif RMSD: 0.10
[2026-04-24 07:19:31,993][rfdiffusion.inference.model_runners][INFO] - Timestep 30, input to next step: -----------------------------GGGGGGGGGGGGGGGGGGGGGGGGG
[2026-04-24 07:19:34,828][rfdiffusion.inference.utils][INFO] - Sampled motif RMSD: 0.11
[2026-04-24 07:19:35,230][rfdiffusion.inference.model_runners][INFO] - Timestep 29, input to next step: -----------------------------GGGGGGGGGGGGGGGGGGGGGGGGG
[2026-04-24 07:19:38,931][rfdiffusion.inference.utils][INFO] - Sampled motif RMSD: 0.12
[2026-04-24 07:19:39,418][rfdiffusion.inference.model_runners][INFO] - Timestep 28, input to next step: -----------------------------GGGGGGGGGGGGGGGGGGGGGGGGG
[2026-04-24 07:19:43,647][rfdiffusion.inference.utils][INFO] - Sampled motif RMSD: 0.12
[2026-04-24 07:19:44,022][rfdiffusion.inference.model_runners][INFO] - Timestep 27, input to next step: -----------------------------GGGGGGGGGGGGGGGGGGGGGGGGG
[2026-04-24 07:19:48,021][rfdiffusion.inference.utils][INFO] - Sampled motif RMSD: 0.10
[2026-04-24 07:19:48,254][rfdiffusion.inference.model_runners][INFO] - Timestep 26, input to next step: -----------------------------GGGGGGGGGGGGGGGGGGGGGGGGG
[2026-04-24 07:19:50,681][rfdiffusion.inference.utils][INFO] - Sampled motif RMSD: 0.12
[2026-04-24 07:19:51,126][rfdiffusion.inference.model_runners][INFO] - Timestep 25, input to next step: -----------------------------GGGGGGGGGGGGGGGGGGGGGGGGG
[2026-04-24 07:19:55,782][rfdiffusion.inference.utils][INFO] - Sampled motif RMSD: 0.12
[2026-04-24 07:19:56,100][rfdiffusion.inference.model_runners][INFO] - Timestep 24, input to next step: -----------------------------GGGGGGGGGGGGGGGGGGGGGGGGG
[2026-04-24 07:19:59,742][rfdiffusion.inference.utils][INFO] - Sampled motif RMSD: 0.11
[2026-04-24 07:20:00,009][rfdiffusion.inference.model_runners][INFO] - Timestep 23, input to next step: -----------------------------GGGGGGGGGGGGGGGGGGGGGGGGG
[2026-04-24 07:20:04,169][rfdiffusion.inference.utils][INFO] - Sampled motif RMSD: 0.11
[2026-04-24 07:20:04,335][rfdiffusion.inference.model_runners][INFO] - Timestep 22, input to next step: -----------------------------GGGGGGGGGGGGGGGGGGGGGGGGG
[2026-04-24 07:20:07,960][rfdiffusion.inference.utils][INFO] - Sampled motif RMSD: 0.11
[2026-04-24 07:20:08,242][rfdiffusion.inference.model_runners][INFO] - Timestep 21, input to next step: -----------------------------GGGGGGGGGGGGGGGGGGGGGGGGG
[2026-04-24 07:20:11,243][rfdiffusion.inference.utils][INFO] - Sampled motif RMSD: 0.12
[2026-04-24 07:20:11,506][rfdiffusion.inference.model_runners][INFO] - Timestep 20, input to next step: -----------------------------GGGGGGGGGGGGGGGGGGGGGGGGG
[2026-04-24 07:20:15,141][rfdiffusion.inference.utils][INFO] - Sampled motif RMSD: 0.12
[2026-04-24 07:20:15,440][rfdiffusion.inference.model_runners][INFO] - Timestep 19, input to next step: -----------------------------GGGGGGGGGGGGGGGGGGGGGGGGG
[2026-04-24 07:20:17,842][rfdiffusion.inference.utils][INFO] - Sampled motif RMSD: 0.12
[2026-04-24 07:20:18,304][rfdiffusion.inference.model_runners][INFO] - Timestep 18, input to next step: -----------------------------GGGGGGGGGGGGGGGGGGGGGGGGG
[2026-04-24 07:20:22,050][rfdiffusion.inference.utils][INFO] - Sampled motif RMSD: 0.11
[2026-04-24 07:20:22,351][rfdiffusion.inference.model_runners][INFO] - Timestep 17, input to next step: -----------------------------GGGGGGGGGGGGGGGGGGGGGGGGG
[2026-04-24 07:20:24,881][rfdiffusion.inference.utils][INFO] - Sampled motif RMSD: 0.11
[2026-04-24 07:20:25,193][rfdiffusion.inference.model_runners][INFO] - Timestep 16, input to next step: -----------------------------GGGGGGGGGGGGGGGGGGGGGGGGG
[2026-04-24 07:20:27,865][rfdiffusion.inference.utils][INFO] - Sampled motif RMSD: 0.10
[2026-04-24 07:20:28,037][rfdiffusion.inference.model_runners][INFO] - Timestep 15, input to next step: -----------------------------GGGGGGGGGGGGGGGGGGGGGGGGG
[2026-04-24 07:20:31,107][rfdiffusion.inference.utils][INFO] - Sampled motif RMSD: 0.11
[2026-04-24 07:20:31,367][rfdiffusion.inference.model_runners][INFO] - Timestep 14, input to next step: -----------------------------GGGGGGGGGGGGGGGGGGGGGGGGG
[2026-04-24 07:20:33,469][rfdiffusion.inference.utils][INFO] - Sampled motif RMSD: 0.10
[2026-04-24 07:20:33,679][rfdiffusion.inference.model_runners][INFO] - Timestep 13, input to next step: -----------------------------GGGGGGGGGGGGGGGGGGGGGGGGG
[2026-04-24 07:20:36,085][rfdiffusion.inference.utils][INFO] - Sampled motif RMSD: 0.10
[2026-04-24 07:20:36,286][rfdiffusion.inference.model_runners][INFO] - Timestep 12, input to next step: -----------------------------GGGGGGGGGGGGGGGGGGGGGGGGG
[2026-04-24 07:20:38,828][rfdiffusion.inference.utils][INFO] - Sampled motif RMSD: 0.11
[2026-04-24 07:20:39,123][rfdiffusion.inference.model_runners][INFO] - Timestep 11, input to next step: -----------------------------GGGGGGGGGGGGGGGGGGGGGGGGG
[2026-04-24 07:20:42,228][rfdiffusion.inference.utils][INFO] - Sampled motif RMSD: 0.11
[2026-04-24 07:20:42,733][rfdiffusion.inference.model_runners][INFO] - Timestep 10, input to next step: -----------------------------GGGGGGGGGGGGGGGGGGGGGGGGG
[2026-04-24 07:20:45,663][rfdiffusion.inference.utils][INFO] - Sampled motif RMSD: 0.11
[2026-04-24 07:20:46,001][rfdiffusion.inference.model_runners][INFO] - Timestep 9, input to next step: -----------------------------GGGGGGGGGGGGGGGGGGGGGGGGG
[2026-04-24 07:20:48,694][rfdiffusion.inference.utils][INFO] - Sampled motif RMSD: 0.11
[2026-04-24 07:20:49,010][rfdiffusion.inference.model_runners][INFO] - Timestep 8, input to next step: -----------------------------GGGGGGGGGGGGGGGGGGGGGGGGG
[2026-04-24 07:20:50,885][rfdiffusion.inference.utils][INFO] - Sampled motif RMSD: 0.10
[2026-04-24 07:20:51,476][rfdiffusion.inference.model_runners][INFO] - Timestep 7, input to next step: -----------------------------GGGGGGGGGGGGGGGGGGGGGGGGG
[2026-04-24 07:20:54,357][rfdiffusion.inference.utils][INFO] - Sampled motif RMSD: 0.12
[2026-04-24 07:20:54,532][rfdiffusion.inference.model_runners][INFO] - Timestep 6, input to next step: -----------------------------GGGGGGGGGGGGGGGGGGGGGGGGG
[2026-04-24 07:20:56,766][rfdiffusion.inference.utils][INFO] - Sampled motif RMSD: 0.11
[2026-04-24 07:20:56,974][rfdiffusion.inference.model_runners][INFO] - Timestep 5, input to next step: -----------------------------GGGGGGGGGGGGGGGGGGGGGGGGG
[2026-04-24 07:20:59,791][rfdiffusion.inference.utils][INFO] - Sampled motif RMSD: 0.09
[2026-04-24 07:21:00,117][rfdiffusion.inference.model_runners][INFO] - Timestep 4, input to next step: -----------------------------GGGGGGGGGGGGGGGGGGGGGGGGG
[2026-04-24 07:21:02,958][rfdiffusion.inference.utils][INFO] - Sampled motif RMSD: 0.09
[2026-04-24 07:21:03,278][rfdiffusion.inference.model_runners][INFO] - Timestep 3, input to next step: -----------------------------GGGGGGGGGGGGGGGGGGGGGGGGG
[2026-04-24 07:21:06,099][rfdiffusion.inference.utils][INFO] - Sampled motif RMSD: 0.10
[2026-04-24 07:21:06,488][rfdiffusion.inference.model_runners][INFO] - Timestep 2, input to next step: -----------------------------GGGGGGGGGGGGGGGGGGGGGGGGG
[2026-04-24 07:21:11,965][__main__][INFO] - Finished design in 3.15 minutes
[2026-04-24 07:21:11,966][__main__][INFO] - Making design /lambda/nfs/manvi/Team_8_CS598GBL/outputs/custom90_128_motif_scaffolding/default/len_115/cterm/scaffold_1
[2026-04-24 07:21:11,988][rfdiffusion.inference.model_runners][INFO] - Using contig: ['23-38/A91-115']
With this beta schedule (linear schedule, beta_0 = 0.04, beta_T = 0.28), alpha_bar_T = 0.00013696048699785024
[2026-04-24 07:21:12,293][rfdiffusion.inference.model_runners][INFO] - Sequence init: --------------------------------GGGGGGGGGGGGGGGGGGGGGGGGG
[2026-04-24 07:21:16,591][rfdiffusion.inference.utils][INFO] - Sampled motif RMSD: 0.15
[2026-04-24 07:21:16,796][rfdiffusion.inference.model_runners][INFO] - Timestep 50, input to next step: --------------------------------GGGGGGGGGGGGGGGGGGGGGGGGG
[2026-04-24 07:21:19,646][rfdiffusion.inference.utils][INFO] - Sampled motif RMSD: 0.12
[2026-04-24 07:21:19,796][rfdiffusion.inference.model_runners][INFO] - Timestep 49, input to next step: --------------------------------GGGGGGGGGGGGGGGGGGGGGGGGG
[2026-04-24 07:21:21,749][rfdiffusion.inference.utils][INFO] - Sampled motif RMSD: 0.11
[2026-04-24 07:21:22,031][rfdiffusion.inference.model_runners][INFO] - Timestep 48, input to next step: --------------------------------GGGGGGGGGGGGGGGGGGGGGGGGG
[2026-04-24 07:21:24,448][rfdiffusion.inference.utils][INFO] - Sampled motif RMSD: 0.12
[2026-04-24 07:21:24,724][rfdiffusion.inference.model_runners][INFO] - Timestep 47, input to next step: --------------------------------GGGGGGGGGGGGGGGGGGGGGGGGG
[2026-04-24 07:21:26,327][rfdiffusion.inference.utils][INFO] - Sampled motif RMSD: 0.12
[2026-04-24 07:21:26,520][rfdiffusion.inference.model_runners][INFO] - Timestep 46, input to next step: --------------------------------GGGGGGGGGGGGGGGGGGGGGGGGG
[2026-04-24 07:21:28,807][rfdiffusion.inference.utils][INFO] - Sampled motif RMSD: 0.11
[2026-04-24 07:21:29,047][rfdiffusion.inference.model_runners][INFO] - Timestep 45, input to next step: --------------------------------GGGGGGGGGGGGGGGGGGGGGGGGG
[2026-04-24 07:21:31,385][rfdiffusion.inference.utils][INFO] - Sampled motif RMSD: 0.11
[2026-04-24 07:21:31,530][rfdiffusion.inference.model_runners][INFO] - Timestep 44, input to next step: --------------------------------GGGGGGGGGGGGGGGGGGGGGGGGG
[2026-04-24 07:21:34,418][rfdiffusion.inference.utils][INFO] - Sampled motif RMSD: 0.10
[2026-04-24 07:21:34,709][rfdiffusion.inference.model_runners][INFO] - Timestep 43, input to next step: --------------------------------GGGGGGGGGGGGGGGGGGGGGGGGG
[2026-04-24 07:21:37,160][rfdiffusion.inference.utils][INFO] - Sampled motif RMSD: 0.11
[2026-04-24 07:21:37,348][rfdiffusion.inference.model_runners][INFO] - Timestep 42, input to next step: --------------------------------GGGGGGGGGGGGGGGGGGGGGGGGG
[2026-04-24 07:21:40,792][rfdiffusion.inference.utils][INFO] - Sampled motif RMSD: 0.12
[2026-04-24 07:21:41,094][rfdiffusion.inference.model_runners][INFO] - Timestep 41, input to next step: --------------------------------GGGGGGGGGGGGGGGGGGGGGGGGG
[2026-04-24 07:21:45,316][rfdiffusion.inference.utils][INFO] - Sampled motif RMSD: 0.12
[2026-04-24 07:21:45,667][rfdiffusion.inference.model_runners][INFO] - Timestep 40, input to next step: --------------------------------GGGGGGGGGGGGGGGGGGGGGGGGG
[2026-04-24 07:21:48,472][rfdiffusion.inference.utils][INFO] - Sampled motif RMSD: 0.11
[2026-04-24 07:21:48,786][rfdiffusion.inference.model_runners][INFO] - Timestep 39, input to next step: --------------------------------GGGGGGGGGGGGGGGGGGGGGGGGG
[2026-04-24 07:21:52,509][rfdiffusion.inference.utils][INFO] - Sampled motif RMSD: 0.11
[2026-04-24 07:21:52,819][rfdiffusion.inference.model_runners][INFO] - Timestep 38, input to next step: --------------------------------GGGGGGGGGGGGGGGGGGGGGGGGG
[2026-04-24 07:21:57,134][rfdiffusion.inference.utils][INFO] - Sampled motif RMSD: 0.11
[2026-04-24 07:21:57,320][rfdiffusion.inference.model_runners][INFO] - Timestep 37, input to next step: --------------------------------GGGGGGGGGGGGGGGGGGGGGGGGG
[2026-04-24 07:22:00,915][rfdiffusion.inference.utils][INFO] - Sampled motif RMSD: 0.12
[2026-04-24 07:22:01,242][rfdiffusion.inference.model_runners][INFO] - Timestep 36, input to next step: --------------------------------GGGGGGGGGGGGGGGGGGGGGGGGG
[2026-04-24 07:22:03,357][rfdiffusion.inference.utils][INFO] - Sampled motif RMSD: 0.11
[2026-04-24 07:22:03,584][rfdiffusion.inference.model_runners][INFO] - Timestep 35, input to next step: --------------------------------GGGGGGGGGGGGGGGGGGGGGGGGG
[2026-04-24 07:22:06,888][rfdiffusion.inference.utils][INFO] - Sampled motif RMSD: 0.10
[2026-04-24 07:22:07,212][rfdiffusion.inference.model_runners][INFO] - Timestep 34, input to next step: --------------------------------GGGGGGGGGGGGGGGGGGGGGGGGG
[2026-04-24 07:22:09,690][rfdiffusion.inference.utils][INFO] - Sampled motif RMSD: 0.11
[2026-04-24 07:22:09,870][rfdiffusion.inference.model_runners][INFO] - Timestep 33, input to next step: --------------------------------GGGGGGGGGGGGGGGGGGGGGGGGG
[2026-04-24 07:22:12,723][rfdiffusion.inference.utils][INFO] - Sampled motif RMSD: 0.12
[2026-04-24 07:22:12,916][rfdiffusion.inference.model_runners][INFO] - Timestep 32, input to next step: --------------------------------GGGGGGGGGGGGGGGGGGGGGGGGG
[2026-04-24 07:22:16,379][rfdiffusion.inference.utils][INFO] - Sampled motif RMSD: 0.12
[2026-04-24 07:22:16,483][rfdiffusion.inference.model_runners][INFO] - Timestep 31, input to next step: --------------------------------GGGGGGGGGGGGGGGGGGGGGGGGG
[2026-04-24 07:22:19,735][rfdiffusion.inference.utils][INFO] - Sampled motif RMSD: 0.12
[2026-04-24 07:22:19,923][rfdiffusion.inference.model_runners][INFO] - Timestep 30, input to next step: --------------------------------GGGGGGGGGGGGGGGGGGGGGGGGG
[2026-04-24 07:22:22,241][rfdiffusion.inference.utils][INFO] - Sampled motif RMSD: 0.12
[2026-04-24 07:22:22,538][rfdiffusion.inference.model_runners][INFO] - Timestep 29, input to next step: --------------------------------GGGGGGGGGGGGGGGGGGGGGGGGG
[2026-04-24 07:22:26,304][rfdiffusion.inference.utils][INFO] - Sampled motif RMSD: 0.11
[2026-04-24 07:22:26,498][rfdiffusion.inference.model_runners][INFO] - Timestep 28, input to next step: --------------------------------GGGGGGGGGGGGGGGGGGGGGGGGG
[2026-04-24 07:22:29,345][rfdiffusion.inference.utils][INFO] - Sampled motif RMSD: 0.11
[2026-04-24 07:22:29,597][rfdiffusion.inference.model_runners][INFO] - Timestep 27, input to next step: --------------------------------GGGGGGGGGGGGGGGGGGGGGGGGG
[2026-04-24 07:22:33,596][rfdiffusion.inference.utils][INFO] - Sampled motif RMSD: 0.11
[2026-04-24 07:22:33,934][rfdiffusion.inference.model_runners][INFO] - Timestep 26, input to next step: --------------------------------GGGGGGGGGGGGGGGGGGGGGGGGG
[2026-04-24 07:22:36,547][rfdiffusion.inference.utils][INFO] - Sampled motif RMSD: 0.11
[2026-04-24 07:22:36,936][rfdiffusion.inference.model_runners][INFO] - Timestep 25, input to next step: --------------------------------GGGGGGGGGGGGGGGGGGGGGGGGG
[2026-04-24 07:22:39,451][rfdiffusion.inference.utils][INFO] - Sampled motif RMSD: 0.11
[2026-04-24 07:22:39,765][rfdiffusion.inference.model_runners][INFO] - Timestep 24, input to next step: --------------------------------GGGGGGGGGGGGGGGGGGGGGGGGG
[2026-04-24 07:22:43,528][rfdiffusion.inference.utils][INFO] - Sampled motif RMSD: 0.11
[2026-04-24 07:22:43,917][rfdiffusion.inference.model_runners][INFO] - Timestep 23, input to next step: --------------------------------GGGGGGGGGGGGGGGGGGGGGGGGG
[2026-04-24 07:22:47,375][rfdiffusion.inference.utils][INFO] - Sampled motif RMSD: 0.11
[2026-04-24 07:22:47,844][rfdiffusion.inference.model_runners][INFO] - Timestep 22, input to next step: --------------------------------GGGGGGGGGGGGGGGGGGGGGGGGG
[2026-04-24 07:22:51,958][rfdiffusion.inference.utils][INFO] - Sampled motif RMSD: 0.10
[2026-04-24 07:22:52,205][rfdiffusion.inference.model_runners][INFO] - Timestep 21, input to next step: --------------------------------GGGGGGGGGGGGGGGGGGGGGGGGG
[2026-04-24 07:22:55,551][rfdiffusion.inference.utils][INFO] - Sampled motif RMSD: 0.10
[2026-04-24 07:22:55,793][rfdiffusion.inference.model_runners][INFO] - Timestep 20, input to next step: --------------------------------GGGGGGGGGGGGGGGGGGGGGGGGG
[2026-04-24 07:22:59,795][rfdiffusion.inference.utils][INFO] - Sampled motif RMSD: 0.11
[2026-04-24 07:22:59,978][rfdiffusion.inference.model_runners][INFO] - Timestep 19, input to next step: --------------------------------GGGGGGGGGGGGGGGGGGGGGGGGG
[2026-04-24 07:23:04,475][rfdiffusion.inference.utils][INFO] - Sampled motif RMSD: 0.11
[2026-04-24 07:23:04,954][rfdiffusion.inference.model_runners][INFO] - Timestep 18, input to next step: --------------------------------GGGGGGGGGGGGGGGGGGGGGGGGG
[2026-04-24 07:23:07,820][rfdiffusion.inference.utils][INFO] - Sampled motif RMSD: 0.11
[2026-04-24 07:23:07,987][rfdiffusion.inference.model_runners][INFO] - Timestep 17, input to next step: --------------------------------GGGGGGGGGGGGGGGGGGGGGGGGG
[2026-04-24 07:23:11,921][rfdiffusion.inference.utils][INFO] - Sampled motif RMSD: 0.11
[2026-04-24 07:23:12,259][rfdiffusion.inference.model_runners][INFO] - Timestep 16, input to next step: --------------------------------GGGGGGGGGGGGGGGGGGGGGGGGG
[2026-04-24 07:23:16,520][rfdiffusion.inference.utils][INFO] - Sampled motif RMSD: 0.10
[2026-04-24 07:23:16,876][rfdiffusion.inference.model_runners][INFO] - Timestep 15, input to next step: --------------------------------GGGGGGGGGGGGGGGGGGGGGGGGG
[2026-04-24 07:23:20,281][rfdiffusion.inference.utils][INFO] - Sampled motif RMSD: 0.10
[2026-04-24 07:23:20,603][rfdiffusion.inference.model_runners][INFO] - Timestep 14, input to next step: --------------------------------GGGGGGGGGGGGGGGGGGGGGGGGG
[2026-04-24 07:23:24,349][rfdiffusion.inference.utils][INFO] - Sampled motif RMSD: 0.10
[2026-04-24 07:23:24,705][rfdiffusion.inference.model_runners][INFO] - Timestep 13, input to next step: --------------------------------GGGGGGGGGGGGGGGGGGGGGGGGG
[2026-04-24 07:23:28,306][rfdiffusion.inference.utils][INFO] - Sampled motif RMSD: 0.10
[2026-04-24 07:23:28,665][rfdiffusion.inference.model_runners][INFO] - Timestep 12, input to next step: --------------------------------GGGGGGGGGGGGGGGGGGGGGGGGG
[2026-04-24 07:23:32,298][rfdiffusion.inference.utils][INFO] - Sampled motif RMSD: 0.10
[2026-04-24 07:23:32,648][rfdiffusion.inference.model_runners][INFO] - Timestep 11, input to next step: --------------------------------GGGGGGGGGGGGGGGGGGGGGGGGG
[2026-04-24 07:23:36,489][rfdiffusion.inference.utils][INFO] - Sampled motif RMSD: 0.10
[2026-04-24 07:23:36,692][rfdiffusion.inference.model_runners][INFO] - Timestep 10, input to next step: --------------------------------GGGGGGGGGGGGGGGGGGGGGGGGG
[2026-04-24 07:23:40,347][rfdiffusion.inference.utils][INFO] - Sampled motif RMSD: 0.10
[2026-04-24 07:23:40,582][rfdiffusion.inference.model_runners][INFO] - Timestep 9, input to next step: --------------------------------GGGGGGGGGGGGGGGGGGGGGGGGG
[2026-04-24 07:23:44,231][rfdiffusion.inference.utils][INFO] - Sampled motif RMSD: 0.11
[2026-04-24 07:23:44,562][rfdiffusion.inference.model_runners][INFO] - Timestep 8, input to next step: --------------------------------GGGGGGGGGGGGGGGGGGGGGGGGG
[2026-04-24 07:23:46,564][rfdiffusion.inference.utils][INFO] - Sampled motif RMSD: 0.11
[2026-04-24 07:23:46,781][rfdiffusion.inference.model_runners][INFO] - Timestep 7, input to next step: --------------------------------GGGGGGGGGGGGGGGGGGGGGGGGG
[2026-04-24 07:23:49,497][rfdiffusion.inference.utils][INFO] - Sampled motif RMSD: 0.11
[2026-04-24 07:23:49,742][rfdiffusion.inference.model_runners][INFO] - Timestep 6, input to next step: --------------------------------GGGGGGGGGGGGGGGGGGGGGGGGG
[2026-04-24 07:23:52,339][rfdiffusion.inference.utils][INFO] - Sampled motif RMSD: 0.11
[2026-04-24 07:23:52,679][rfdiffusion.inference.model_runners][INFO] - Timestep 5, input to next step: --------------------------------GGGGGGGGGGGGGGGGGGGGGGGGG
[2026-04-24 07:23:57,128][rfdiffusion.inference.utils][INFO] - Sampled motif RMSD: 0.11
[2026-04-24 07:23:57,423][rfdiffusion.inference.model_runners][INFO] - Timestep 4, input to next step: --------------------------------GGGGGGGGGGGGGGGGGGGGGGGGG
[2026-04-24 07:24:00,992][rfdiffusion.inference.utils][INFO] - Sampled motif RMSD: 0.12
[2026-04-24 07:24:01,357][rfdiffusion.inference.model_runners][INFO] - Timestep 3, input to next step: --------------------------------GGGGGGGGGGGGGGGGGGGGGGGGG
[2026-04-24 07:24:06,082][rfdiffusion.inference.utils][INFO] - Sampled motif RMSD: 0.10
[2026-04-24 07:24:06,472][rfdiffusion.inference.model_runners][INFO] - Timestep 2, input to next step: --------------------------------GGGGGGGGGGGGGGGGGGGGGGGGG
[2026-04-24 07:24:14,408][__main__][INFO] - Finished design in 3.04 minutes
