[2026-04-24 09:49:38,117][__main__][INFO] - Found GPU with device_name NVIDIA A100-SXM4-80GB. Will run RFdiffusion on NVIDIA A100-SXM4-80GB
Reading models from /lambda/nfs/manvi/Team_8_CS598GBL/RFdiffusion/rfdiffusion/inference/../../models
[2026-04-24 09:49:38,124][rfdiffusion.inference.model_runners][INFO] - Reading checkpoint from /lambda/nfs/manvi/Team_8_CS598GBL/RFdiffusion/rfdiffusion/inference/../../models/Base_ckpt.pt
This is inf_conf.ckpt_path
/lambda/nfs/manvi/Team_8_CS598GBL/RFdiffusion/rfdiffusion/inference/../../models/Base_ckpt.pt
Assembling -model, -diffuser and -preprocess configs from checkpoint
USING MODEL CONFIG: self._conf[model][n_extra_block] = 4
USING MODEL CONFIG: self._conf[model][n_main_block] = 32
USING MODEL CONFIG: self._conf[model][n_ref_block] = 4
USING MODEL CONFIG: self._conf[model][d_msa] = 256
USING MODEL CONFIG: self._conf[model][d_msa_full] = 64
USING MODEL CONFIG: self._conf[model][d_pair] = 128
USING MODEL CONFIG: self._conf[model][d_templ] = 64
USING MODEL CONFIG: self._conf[model][n_head_msa] = 8
USING MODEL CONFIG: self._conf[model][n_head_pair] = 4
USING MODEL CONFIG: self._conf[model][n_head_templ] = 4
USING MODEL CONFIG: self._conf[model][d_hidden] = 32
USING MODEL CONFIG: self._conf[model][d_hidden_templ] = 32
USING MODEL CONFIG: self._conf[model][p_drop] = 0.15
USING MODEL CONFIG: self._conf[model][SE3_param_full] = {'num_layers': 1, 'num_channels': 32, 'num_degrees': 2, 'n_heads': 4, 'div': 4, 'l0_in_features': 8, 'l0_out_features': 8, 'l1_in_features': 3, 'l1_out_features': 2, 'num_edge_features': 32}
USING MODEL CONFIG: self._conf[model][SE3_param_topk] = {'num_layers': 1, 'num_channels': 32, 'num_degrees': 2, 'n_heads': 4, 'div': 4, 'l0_in_features': 64, 'l0_out_features': 64, 'l1_in_features': 3, 'l1_out_features': 2, 'num_edge_features': 64}
USING MODEL CONFIG: self._conf[model][freeze_track_motif] = False
USING MODEL CONFIG: self._conf[model][use_motif_timestep] = True
USING MODEL CONFIG: self._conf[diffuser][T] = 50
USING MODEL CONFIG: self._conf[diffuser][b_0] = 0.01
USING MODEL CONFIG: self._conf[diffuser][b_T] = 0.07
USING MODEL CONFIG: self._conf[diffuser][schedule_type] = linear
USING MODEL CONFIG: self._conf[diffuser][so3_type] = igso3
USING MODEL CONFIG: self._conf[diffuser][crd_scale] = 0.25
USING MODEL CONFIG: self._conf[diffuser][so3_schedule_type] = linear
USING MODEL CONFIG: self._conf[diffuser][min_b] = 1.5
USING MODEL CONFIG: self._conf[diffuser][max_b] = 2.5
USING MODEL CONFIG: self._conf[diffuser][min_sigma] = 0.02
USING MODEL CONFIG: self._conf[diffuser][max_sigma] = 1.5
USING MODEL CONFIG: self._conf[preprocess][sidechain_input] = False
USING MODEL CONFIG: self._conf[preprocess][motif_sidechain_input] = True
USING MODEL CONFIG: self._conf[preprocess][d_t1d] = 22
USING MODEL CONFIG: self._conf[preprocess][d_t2d] = 44
USING MODEL CONFIG: self._conf[preprocess][prob_self_cond] = 0.5
USING MODEL CONFIG: self._conf[preprocess][str_self_cond] = True
USING MODEL CONFIG: self._conf[preprocess][predict_previous] = False
[2026-04-24 09:51:02,201][rfdiffusion.inference.model_runners][INFO] - Loading checkpoint.
[2026-04-24 09:51:19,057][rfdiffusion.diffusion][INFO] - Using cached IGSO3.
Successful diffuser __init__
[2026-04-24 09:51:19,106][__main__][INFO] - Making design /lambda/nfs/manvi/Team_8_CS598GBL/outputs/custom90_128_motif_scaffolding/low_noise/len_095/short/scaffold_0
[2026-04-24 09:51:19,124][rfdiffusion.inference.model_runners][INFO] - Using contig: ['19-31/A41-53/19-31']
With this beta schedule (linear schedule, beta_0 = 0.04, beta_T = 0.28), alpha_bar_T = 0.00013696048699785024
[2026-04-24 09:51:19,462][rfdiffusion.inference.model_runners][INFO] - Sequence init: ---------------------------GGGGGGGGGGGGG----------------------
[2026-04-24 09:51:27,150][rfdiffusion.inference.utils][INFO] - Sampled motif RMSD: 0.26
[2026-04-24 09:51:27,603][rfdiffusion.inference.model_runners][INFO] - Timestep 50, input to next step: ---------------------------GGGGGGGGGGGGG----------------------
[2026-04-24 09:51:30,972][rfdiffusion.inference.utils][INFO] - Sampled motif RMSD: 0.20
[2026-04-24 09:51:31,212][rfdiffusion.inference.model_runners][INFO] - Timestep 49, input to next step: ---------------------------GGGGGGGGGGGGG----------------------
[2026-04-24 09:51:32,825][rfdiffusion.inference.utils][INFO] - Sampled motif RMSD: 0.17
[2026-04-24 09:51:33,542][rfdiffusion.inference.model_runners][INFO] - Timestep 48, input to next step: ---------------------------GGGGGGGGGGGGG----------------------
[2026-04-24 09:51:39,901][rfdiffusion.inference.utils][INFO] - Sampled motif RMSD: 0.18
[2026-04-24 09:51:40,450][rfdiffusion.inference.model_runners][INFO] - Timestep 47, input to next step: ---------------------------GGGGGGGGGGGGG----------------------
[2026-04-24 09:51:46,215][rfdiffusion.inference.utils][INFO] - Sampled motif RMSD: 0.18
[2026-04-24 09:51:46,614][rfdiffusion.inference.model_runners][INFO] - Timestep 46, input to next step: ---------------------------GGGGGGGGGGGGG----------------------
[2026-04-24 09:51:52,831][rfdiffusion.inference.utils][INFO] - Sampled motif RMSD: 0.18
[2026-04-24 09:51:53,177][rfdiffusion.inference.model_runners][INFO] - Timestep 45, input to next step: ---------------------------GGGGGGGGGGGGG----------------------
[2026-04-24 09:51:59,081][rfdiffusion.inference.utils][INFO] - Sampled motif RMSD: 0.19
[2026-04-24 09:51:59,519][rfdiffusion.inference.model_runners][INFO] - Timestep 44, input to next step: ---------------------------GGGGGGGGGGGGG----------------------
[2026-04-24 09:52:07,225][rfdiffusion.inference.utils][INFO] - Sampled motif RMSD: 0.19
[2026-04-24 09:52:07,566][rfdiffusion.inference.model_runners][INFO] - Timestep 43, input to next step: ---------------------------GGGGGGGGGGGGG----------------------
[2026-04-24 09:52:13,743][rfdiffusion.inference.utils][INFO] - Sampled motif RMSD: 0.18
[2026-04-24 09:52:14,204][rfdiffusion.inference.model_runners][INFO] - Timestep 42, input to next step: ---------------------------GGGGGGGGGGGGG----------------------
[2026-04-24 09:52:19,838][rfdiffusion.inference.utils][INFO] - Sampled motif RMSD: 0.18
[2026-04-24 09:52:20,189][rfdiffusion.inference.model_runners][INFO] - Timestep 41, input to next step: ---------------------------GGGGGGGGGGGGG----------------------
[2026-04-24 09:52:26,359][rfdiffusion.inference.utils][INFO] - Sampled motif RMSD: 0.18
[2026-04-24 09:52:26,813][rfdiffusion.inference.model_runners][INFO] - Timestep 40, input to next step: ---------------------------GGGGGGGGGGGGG----------------------
[2026-04-24 09:52:32,469][rfdiffusion.inference.utils][INFO] - Sampled motif RMSD: 0.18
[2026-04-24 09:52:32,827][rfdiffusion.inference.model_runners][INFO] - Timestep 39, input to next step: ---------------------------GGGGGGGGGGGGG----------------------
[2026-04-24 09:52:40,128][rfdiffusion.inference.utils][INFO] - Sampled motif RMSD: 0.16
[2026-04-24 09:52:40,493][rfdiffusion.inference.model_runners][INFO] - Timestep 38, input to next step: ---------------------------GGGGGGGGGGGGG----------------------
[2026-04-24 09:52:48,243][rfdiffusion.inference.utils][INFO] - Sampled motif RMSD: 0.17
[2026-04-24 09:52:48,602][rfdiffusion.inference.model_runners][INFO] - Timestep 37, input to next step: ---------------------------GGGGGGGGGGGGG----------------------
[2026-04-24 09:52:53,391][rfdiffusion.inference.utils][INFO] - Sampled motif RMSD: 0.16
[2026-04-24 09:52:53,930][rfdiffusion.inference.model_runners][INFO] - Timestep 36, input to next step: ---------------------------GGGGGGGGGGGGG----------------------
[2026-04-24 09:53:01,270][rfdiffusion.inference.utils][INFO] - Sampled motif RMSD: 0.15
[2026-04-24 09:53:01,797][rfdiffusion.inference.model_runners][INFO] - Timestep 35, input to next step: ---------------------------GGGGGGGGGGGGG----------------------
[2026-04-24 09:53:08,534][rfdiffusion.inference.utils][INFO] - Sampled motif RMSD: 0.15
[2026-04-24 09:53:08,856][rfdiffusion.inference.model_runners][INFO] - Timestep 34, input to next step: ---------------------------GGGGGGGGGGGGG----------------------
[2026-04-24 09:53:14,324][rfdiffusion.inference.utils][INFO] - Sampled motif RMSD: 0.14
[2026-04-24 09:53:14,972][rfdiffusion.inference.model_runners][INFO] - Timestep 33, input to next step: ---------------------------GGGGGGGGGGGGG----------------------
[2026-04-24 09:53:20,491][rfdiffusion.inference.utils][INFO] - Sampled motif RMSD: 0.14
[2026-04-24 09:53:20,983][rfdiffusion.inference.model_runners][INFO] - Timestep 32, input to next step: ---------------------------GGGGGGGGGGGGG----------------------
[2026-04-24 09:53:26,574][rfdiffusion.inference.utils][INFO] - Sampled motif RMSD: 0.15
[2026-04-24 09:53:26,972][rfdiffusion.inference.model_runners][INFO] - Timestep 31, input to next step: ---------------------------GGGGGGGGGGGGG----------------------
[2026-04-24 09:53:34,117][rfdiffusion.inference.utils][INFO] - Sampled motif RMSD: 0.15
[2026-04-24 09:53:34,579][rfdiffusion.inference.model_runners][INFO] - Timestep 30, input to next step: ---------------------------GGGGGGGGGGGGG----------------------
[2026-04-24 09:53:40,689][rfdiffusion.inference.utils][INFO] - Sampled motif RMSD: 0.14
[2026-04-24 09:53:41,256][rfdiffusion.inference.model_runners][INFO] - Timestep 29, input to next step: ---------------------------GGGGGGGGGGGGG----------------------
[2026-04-24 09:53:50,472][rfdiffusion.inference.utils][INFO] - Sampled motif RMSD: 0.14
[2026-04-24 09:53:50,868][rfdiffusion.inference.model_runners][INFO] - Timestep 28, input to next step: ---------------------------GGGGGGGGGGGGG----------------------
[2026-04-24 09:53:58,981][rfdiffusion.inference.utils][INFO] - Sampled motif RMSD: 0.13
[2026-04-24 09:53:59,379][rfdiffusion.inference.model_runners][INFO] - Timestep 27, input to next step: ---------------------------GGGGGGGGGGGGG----------------------
[2026-04-24 09:54:05,382][rfdiffusion.inference.utils][INFO] - Sampled motif RMSD: 0.13
[2026-04-24 09:54:05,798][rfdiffusion.inference.model_runners][INFO] - Timestep 26, input to next step: ---------------------------GGGGGGGGGGGGG----------------------
[2026-04-24 09:54:14,861][rfdiffusion.inference.utils][INFO] - Sampled motif RMSD: 0.12
[2026-04-24 09:54:15,584][rfdiffusion.inference.model_runners][INFO] - Timestep 25, input to next step: ---------------------------GGGGGGGGGGGGG----------------------
[2026-04-24 09:54:20,340][rfdiffusion.inference.utils][INFO] - Sampled motif RMSD: 0.12
[2026-04-24 09:54:20,890][rfdiffusion.inference.model_runners][INFO] - Timestep 24, input to next step: ---------------------------GGGGGGGGGGGGG----------------------
[2026-04-24 09:54:26,347][rfdiffusion.inference.utils][INFO] - Sampled motif RMSD: 0.12
[2026-04-24 09:54:26,950][rfdiffusion.inference.model_runners][INFO] - Timestep 23, input to next step: ---------------------------GGGGGGGGGGGGG----------------------
[2026-04-24 09:54:34,592][rfdiffusion.inference.utils][INFO] - Sampled motif RMSD: 0.11
[2026-04-24 09:54:35,267][rfdiffusion.inference.model_runners][INFO] - Timestep 22, input to next step: ---------------------------GGGGGGGGGGGGG----------------------
[2026-04-24 09:54:43,118][rfdiffusion.inference.utils][INFO] - Sampled motif RMSD: 0.11
[2026-04-24 09:54:43,931][rfdiffusion.inference.model_runners][INFO] - Timestep 21, input to next step: ---------------------------GGGGGGGGGGGGG----------------------
[2026-04-24 09:54:52,430][rfdiffusion.inference.utils][INFO] - Sampled motif RMSD: 0.11
[2026-04-24 09:54:53,269][rfdiffusion.inference.model_runners][INFO] - Timestep 20, input to next step: ---------------------------GGGGGGGGGGGGG----------------------
[2026-04-24 09:55:00,765][rfdiffusion.inference.utils][INFO] - Sampled motif RMSD: 0.11
[2026-04-24 09:55:01,214][rfdiffusion.inference.model_runners][INFO] - Timestep 19, input to next step: ---------------------------GGGGGGGGGGGGG----------------------
[2026-04-24 09:55:07,509][rfdiffusion.inference.utils][INFO] - Sampled motif RMSD: 0.12
[2026-04-24 09:55:07,766][rfdiffusion.inference.model_runners][INFO] - Timestep 18, input to next step: ---------------------------GGGGGGGGGGGGG----------------------
[2026-04-24 09:55:15,005][rfdiffusion.inference.utils][INFO] - Sampled motif RMSD: 0.12
[2026-04-24 09:55:15,358][rfdiffusion.inference.model_runners][INFO] - Timestep 17, input to next step: ---------------------------GGGGGGGGGGGGG----------------------
[2026-04-24 09:55:21,400][rfdiffusion.inference.utils][INFO] - Sampled motif RMSD: 0.11
[2026-04-24 09:55:21,753][rfdiffusion.inference.model_runners][INFO] - Timestep 16, input to next step: ---------------------------GGGGGGGGGGGGG----------------------
[2026-04-24 09:55:26,519][rfdiffusion.inference.utils][INFO] - Sampled motif RMSD: 0.11
[2026-04-24 09:55:27,183][rfdiffusion.inference.model_runners][INFO] - Timestep 15, input to next step: ---------------------------GGGGGGGGGGGGG----------------------
[2026-04-24 09:55:34,145][rfdiffusion.inference.utils][INFO] - Sampled motif RMSD: 0.11
[2026-04-24 09:55:34,618][rfdiffusion.inference.model_runners][INFO] - Timestep 14, input to next step: ---------------------------GGGGGGGGGGGGG----------------------
[2026-04-24 09:55:41,225][rfdiffusion.inference.utils][INFO] - Sampled motif RMSD: 0.12
[2026-04-24 09:55:41,480][rfdiffusion.inference.model_runners][INFO] - Timestep 13, input to next step: ---------------------------GGGGGGGGGGGGG----------------------
[2026-04-24 09:55:49,058][rfdiffusion.inference.utils][INFO] - Sampled motif RMSD: 0.11
[2026-04-24 09:55:49,542][rfdiffusion.inference.model_runners][INFO] - Timestep 12, input to next step: ---------------------------GGGGGGGGGGGGG----------------------
[2026-04-24 09:55:54,816][rfdiffusion.inference.utils][INFO] - Sampled motif RMSD: 0.12
[2026-04-24 09:55:55,677][rfdiffusion.inference.model_runners][INFO] - Timestep 11, input to next step: ---------------------------GGGGGGGGGGGGG----------------------
[2026-04-24 09:56:04,508][rfdiffusion.inference.utils][INFO] - Sampled motif RMSD: 0.12
[2026-04-24 09:56:05,066][rfdiffusion.inference.model_runners][INFO] - Timestep 10, input to next step: ---------------------------GGGGGGGGGGGGG----------------------
[2026-04-24 09:56:10,974][rfdiffusion.inference.utils][INFO] - Sampled motif RMSD: 0.11
[2026-04-24 09:56:11,570][rfdiffusion.inference.model_runners][INFO] - Timestep 9, input to next step: ---------------------------GGGGGGGGGGGGG----------------------
[2026-04-24 09:56:16,758][rfdiffusion.inference.utils][INFO] - Sampled motif RMSD: 0.11
[2026-04-24 09:56:17,623][rfdiffusion.inference.model_runners][INFO] - Timestep 8, input to next step: ---------------------------GGGGGGGGGGGGG----------------------
[2026-04-24 09:56:21,531][rfdiffusion.inference.utils][INFO] - Sampled motif RMSD: 0.12
[2026-04-24 09:56:22,123][rfdiffusion.inference.model_runners][INFO] - Timestep 7, input to next step: ---------------------------GGGGGGGGGGGGG----------------------
[2026-04-24 09:56:27,440][rfdiffusion.inference.utils][INFO] - Sampled motif RMSD: 0.12
[2026-04-24 09:56:27,633][rfdiffusion.inference.model_runners][INFO] - Timestep 6, input to next step: ---------------------------GGGGGGGGGGGGG----------------------
[2026-04-24 09:56:33,831][rfdiffusion.inference.utils][INFO] - Sampled motif RMSD: 0.12
[2026-04-24 09:56:34,415][rfdiffusion.inference.model_runners][INFO] - Timestep 5, input to next step: ---------------------------GGGGGGGGGGGGG----------------------
[2026-04-24 09:56:41,221][rfdiffusion.inference.utils][INFO] - Sampled motif RMSD: 0.13
[2026-04-24 09:56:41,688][rfdiffusion.inference.model_runners][INFO] - Timestep 4, input to next step: ---------------------------GGGGGGGGGGGGG----------------------
[2026-04-24 09:56:48,929][rfdiffusion.inference.utils][INFO] - Sampled motif RMSD: 0.14
[2026-04-24 09:56:49,494][rfdiffusion.inference.model_runners][INFO] - Timestep 3, input to next step: ---------------------------GGGGGGGGGGGGG----------------------
[2026-04-24 09:56:56,627][rfdiffusion.inference.utils][INFO] - Sampled motif RMSD: 0.13
[2026-04-24 09:56:57,061][rfdiffusion.inference.model_runners][INFO] - Timestep 2, input to next step: ---------------------------GGGGGGGGGGGGG----------------------
[2026-04-24 09:57:03,151][__main__][INFO] - Finished design in 5.73 minutes
-------------------GGGGGGGGGGGGG-----------------------------
[2026-04-24 09:54:11,671][rfdiffusion.inference.utils][INFO] - Sampled motif RMSD: 0.12
[2026-04-24 09:54:12,214][rfdiffusion.inference.model_runners][INFO] - Timestep 2, input to next step: ----------------------------GGGGGGGGGGGGG-----------------------------
[2026-04-24 09:54:25,730][__main__][INFO] - Finished design in 4.80 minutes
[2026-04-24 09:54:25,734][__main__][INFO] - Making design /lambda/nfs/manvi/Team_8_CS598GBL/outputs/custom90_128_motif_scaffolding/low_noise/len_095/short/scaffold_1
[2026-04-24 09:54:25,742][rfdiffusion.inference.model_runners][INFO] - Using contig: ['19-31/A41-53/19-31']
With this beta schedule (linear schedule, beta_0 = 0.04, beta_T = 0.28), alpha_bar_T = 0.00013696048699785024
[2026-04-24 09:54:26,009][rfdiffusion.inference.model_runners][INFO] - Sequence init: ------------------------------GGGGGGGGGGGGG--------------------------
[2026-04-24 09:54:33,639][rfdiffusion.inference.utils][INFO] - Sampled motif RMSD: 0.26
[2026-04-24 09:54:34,071][rfdiffusion.inference.model_runners][INFO] - Timestep 50, input to next step: ------------------------------GGGGGGGGGGGGG--------------------------
[2026-04-24 09:54:40,914][rfdiffusion.inference.utils][INFO] - Sampled motif RMSD: 0.23
[2026-04-24 09:54:41,172][rfdiffusion.inference.model_runners][INFO] - Timestep 49, input to next step: ------------------------------GGGGGGGGGGGGG--------------------------
[2026-04-24 09:54:48,744][rfdiffusion.inference.utils][INFO] - Sampled motif RMSD: 0.20
[2026-04-24 09:54:49,197][rfdiffusion.inference.model_runners][INFO] - Timestep 48, input to next step: ------------------------------GGGGGGGGGGGGG--------------------------
[2026-04-24 09:54:55,473][rfdiffusion.inference.utils][INFO] - Sampled motif RMSD: 0.18
[2026-04-24 09:54:55,691][rfdiffusion.inference.model_runners][INFO] - Timestep 47, input to next step: ------------------------------GGGGGGGGGGGGG--------------------------
[2026-04-24 09:55:03,478][rfdiffusion.inference.utils][INFO] - Sampled motif RMSD: 0.17
[2026-04-24 09:55:04,122][rfdiffusion.inference.model_runners][INFO] - Timestep 46, input to next step: ------------------------------GGGGGGGGGGGGG--------------------------
[2026-04-24 09:55:10,793][rfdiffusion.inference.utils][INFO] - Sampled motif RMSD: 0.16
[2026-04-24 09:55:11,260][rfdiffusion.inference.model_runners][INFO] - Timestep 45, input to next step: ------------------------------GGGGGGGGGGGGG--------------------------
[2026-04-24 09:55:17,474][rfdiffusion.inference.utils][INFO] - Sampled motif RMSD: 0.17
[2026-04-24 09:55:17,968][rfdiffusion.inference.model_runners][INFO] - Timestep 44, input to next step: ------------------------------GGGGGGGGGGGGG--------------------------
[2026-04-24 09:55:23,612][rfdiffusion.inference.utils][INFO] - Sampled motif RMSD: 0.17
[2026-04-24 09:55:24,078][rfdiffusion.inference.model_runners][INFO] - Timestep 43, input to next step: ------------------------------GGGGGGGGGGGGG--------------------------
[2026-04-24 09:55:29,941][rfdiffusion.inference.utils][INFO] - Sampled motif RMSD: 0.17
[2026-04-24 09:55:30,383][rfdiffusion.inference.model_runners][INFO] - Timestep 42, input to next step: ------------------------------GGGGGGGGGGGGG--------------------------
[2026-04-24 09:55:37,215][rfdiffusion.inference.utils][INFO] - Sampled motif RMSD: 0.19
[2026-04-24 09:55:37,396][rfdiffusion.inference.model_runners][INFO] - Timestep 41, input to next step: ------------------------------GGGGGGGGGGGGG--------------------------
[2026-04-24 09:55:43,901][rfdiffusion.inference.utils][INFO] - Sampled motif RMSD: 0.18
[2026-04-24 09:55:44,328][rfdiffusion.inference.model_runners][INFO] - Timestep 40, input to next step: ------------------------------GGGGGGGGGGGGG--------------------------
[2026-04-24 09:55:50,817][rfdiffusion.inference.utils][INFO] - Sampled motif RMSD: 0.17
[2026-04-24 09:55:51,174][rfdiffusion.inference.model_runners][INFO] - Timestep 39, input to next step: ------------------------------GGGGGGGGGGGGG--------------------------
[2026-04-24 09:55:57,759][rfdiffusion.inference.utils][INFO] - Sampled motif RMSD: 0.16
[2026-04-24 09:55:58,226][rfdiffusion.inference.model_runners][INFO] - Timestep 38, input to next step: ------------------------------GGGGGGGGGGGGG--------------------------
[2026-04-24 09:56:06,485][rfdiffusion.inference.utils][INFO] - Sampled motif RMSD: 0.17
[2026-04-24 09:56:06,928][rfdiffusion.inference.model_runners][INFO] - Timestep 37, input to next step: ------------------------------GGGGGGGGGGGGG--------------------------
[2026-04-24 09:56:13,868][rfdiffusion.inference.utils][INFO] - Sampled motif RMSD: 0.16
[2026-04-24 09:56:14,097][rfdiffusion.inference.model_runners][INFO] - Timestep 36, input to next step: ------------------------------GGGGGGGGGGGGG--------------------------
[2026-04-24 09:56:21,953][rfdiffusion.inference.utils][INFO] - Sampled motif RMSD: 0.16
[2026-04-24 09:56:22,831][rfdiffusion.inference.model_runners][INFO] - Timestep 35, input to next step: ------------------------------GGGGGGGGGGGGG--------------------------
[2026-04-24 09:56:32,134][rfdiffusion.inference.utils][INFO] - Sampled motif RMSD: 0.15
[2026-04-24 09:56:32,554][rfdiffusion.inference.model_runners][INFO] - Timestep 34, input to next step: ------------------------------GGGGGGGGGGGGG--------------------------
[2026-04-24 09:56:37,781][rfdiffusion.inference.utils][INFO] - Sampled motif RMSD: 0.15
[2026-04-24 09:56:38,343][rfdiffusion.inference.model_runners][INFO] - Timestep 33, input to next step: ------------------------------GGGGGGGGGGGGG--------------------------
[2026-04-24 09:56:42,550][rfdiffusion.inference.utils][INFO] - Sampled motif RMSD: 0.17
[2026-04-24 09:56:43,450][rfdiffusion.inference.model_runners][INFO] - Timestep 32, input to next step: ------------------------------GGGGGGGGGGGGG--------------------------
[2026-04-24 09:56:50,113][rfdiffusion.inference.utils][INFO] - Sampled motif RMSD: 0.15
[2026-04-24 09:56:50,494][rfdiffusion.inference.model_runners][INFO] - Timestep 31, input to next step: ------------------------------GGGGGGGGGGGGG--------------------------
[2026-04-24 09:56:56,184][rfdiffusion.inference.utils][INFO] - Sampled motif RMSD: 0.16
[2026-04-24 09:56:56,659][rfdiffusion.inference.model_runners][INFO] - Timestep 30, input to next step: ------------------------------GGGGGGGGGGGGG--------------------------
[2026-04-24 09:57:02,771][rfdiffusion.inference.utils][INFO] - Sampled motif RMSD: 0.15
[2026-04-24 09:57:02,932][rfdiffusion.inference.model_runners][INFO] - Timestep 29, input to next step: ------------------------------GGGGGGGGGGGGG--------------------------
[2026-04-24 09:57:06,244][rfdiffusion.inference.utils][INFO] - Sampled motif RMSD: 0.15
[2026-04-24 09:57:06,780][rfdiffusion.inference.model_runners][INFO] - Timestep 28, input to next step: ------------------------------GGGGGGGGGGGGG--------------------------
[2026-04-24 09:57:10,238][rfdiffusion.inference.utils][INFO] - Sampled motif RMSD: 0.16
[2026-04-24 09:57:10,801][rfdiffusion.inference.model_runners][INFO] - Timestep 27, input to next step: ------------------------------GGGGGGGGGGGGG--------------------------
[2026-04-24 09:57:13,433][rfdiffusion.inference.utils][INFO] - Sampled motif RMSD: 0.15
[2026-04-24 09:57:13,666][rfdiffusion.inference.model_runners][INFO] - Timestep 26, input to next step: ------------------------------GGGGGGGGGGGGG--------------------------
[2026-04-24 09:57:18,084][rfdiffusion.inference.utils][INFO] - Sampled motif RMSD: 0.15
[2026-04-24 09:57:18,535][rfdiffusion.inference.model_runners][INFO] - Timestep 25, input to next step: ------------------------------GGGGGGGGGGGGG--------------------------
[2026-04-24 09:57:22,260][rfdiffusion.inference.utils][INFO] - Sampled motif RMSD: 0.14
[2026-04-24 09:57:22,454][rfdiffusion.inference.model_runners][INFO] - Timestep 24, input to next step: ------------------------------GGGGGGGGGGGGG--------------------------
[2026-04-24 09:57:26,663][rfdiffusion.inference.utils][INFO] - Sampled motif RMSD: 0.13
[2026-04-24 09:57:26,984][rfdiffusion.inference.model_runners][INFO] - Timestep 23, input to next step: ------------------------------GGGGGGGGGGGGG--------------------------
[2026-04-24 09:57:32,197][rfdiffusion.inference.utils][INFO] - Sampled motif RMSD: 0.15
[2026-04-24 09:57:32,569][rfdiffusion.inference.model_runners][INFO] - Timestep 22, input to next step: ------------------------------GGGGGGGGGGGGG--------------------------
[2026-04-24 09:57:36,192][rfdiffusion.inference.utils][INFO] - Sampled motif RMSD: 0.14
[2026-04-24 09:57:36,418][rfdiffusion.inference.model_runners][INFO] - Timestep 21, input to next step: ------------------------------GGGGGGGGGGGGG--------------------------
[2026-04-24 09:57:40,537][rfdiffusion.inference.utils][INFO] - Sampled motif RMSD: 0.12
[2026-04-24 09:57:40,830][rfdiffusion.inference.model_runners][INFO] - Timestep 20, input to next step: ------------------------------GGGGGGGGGGGGG--------------------------
[2026-04-24 09:57:43,769][rfdiffusion.inference.utils][INFO] - Sampled motif RMSD: 0.12
[2026-04-24 09:57:44,028][rfdiffusion.inference.model_runners][INFO] - Timestep 19, input to next step: ------------------------------GGGGGGGGGGGGG--------------------------
[2026-04-24 09:57:47,277][rfdiffusion.inference.utils][INFO] - Sampled motif RMSD: 0.12
[2026-04-24 09:57:47,437][rfdiffusion.inference.model_runners][INFO] - Timestep 18, input to next step: ------------------------------GGGGGGGGGGGGG--------------------------
[2026-04-24 09:57:51,465][rfdiffusion.inference.utils][INFO] - Sampled motif RMSD: 0.13
[2026-04-24 09:57:51,842][rfdiffusion.inference.model_runners][INFO] - Timestep 17, input to next step: ------------------------------GGGGGGGGGGGGG--------------------------
[2026-04-24 09:57:55,659][rfdiffusion.inference.utils][INFO] - Sampled motif RMSD: 0.12
[2026-04-24 09:57:55,844][rfdiffusion.inference.model_runners][INFO] - Timestep 16, input to next step: ------------------------------GGGGGGGGGGGGG--------------------------
[2026-04-24 09:57:59,358][rfdiffusion.inference.utils][INFO] - Sampled motif RMSD: 0.12
[2026-04-24 09:57:59,582][rfdiffusion.inference.model_runners][INFO] - Timestep 15, input to next step: ------------------------------GGGGGGGGGGGGG--------------------------
[2026-04-24 09:58:03,035][rfdiffusion.inference.utils][INFO] - Sampled motif RMSD: 0.12
[2026-04-24 09:58:03,308][rfdiffusion.inference.model_runners][INFO] - Timestep 14, input to next step: ------------------------------GGGGGGGGGGGGG--------------------------
[2026-04-24 09:58:08,163][rfdiffusion.inference.utils][INFO] - Sampled motif RMSD: 0.11
[2026-04-24 09:58:08,416][rfdiffusion.inference.model_runners][INFO] - Timestep 13, input to next step: ------------------------------GGGGGGGGGGGGG--------------------------
[2026-04-24 09:58:12,404][rfdiffusion.inference.utils][INFO] - Sampled motif RMSD: 0.12
[2026-04-24 09:58:12,802][rfdiffusion.inference.model_runners][INFO] - Timestep 12, input to next step: ------------------------------GGGGGGGGGGGGG--------------------------
[2026-04-24 09:58:16,921][rfdiffusion.inference.utils][INFO] - Sampled motif RMSD: 0.12
[2026-04-24 09:58:17,214][rfdiffusion.inference.model_runners][INFO] - Timestep 11, input to next step: ------------------------------GGGGGGGGGGGGG--------------------------
[2026-04-24 09:58:20,847][rfdiffusion.inference.utils][INFO] - Sampled motif RMSD: 0.12
[2026-04-24 09:58:21,251][rfdiffusion.inference.model_runners][INFO] - Timestep 10, input to next step: ------------------------------GGGGGGGGGGGGG--------------------------
[2026-04-24 09:58:25,294][rfdiffusion.inference.utils][INFO] - Sampled motif RMSD: 0.12
[2026-04-24 09:58:25,500][rfdiffusion.inference.model_runners][INFO] - Timestep 9, input to next step: ------------------------------GGGGGGGGGGGGG--------------------------
[2026-04-24 09:58:28,751][rfdiffusion.inference.utils][INFO] - Sampled motif RMSD: 0.13
[2026-04-24 09:58:28,926][rfdiffusion.inference.model_runners][INFO] - Timestep 8, input to next step: ------------------------------GGGGGGGGGGGGG--------------------------
[2026-04-24 09:58:32,720][rfdiffusion.inference.utils][INFO] - Sampled motif RMSD: 0.12
[2026-04-24 09:58:32,877][rfdiffusion.inference.model_runners][INFO] - Timestep 7, input to next step: ------------------------------GGGGGGGGGGGGG--------------------------
[2026-04-24 09:58:36,496][rfdiffusion.inference.utils][INFO] - Sampled motif RMSD: 0.11
[2026-04-24 09:58:36,645][rfdiffusion.inference.model_runners][INFO] - Timestep 6, input to next step: ------------------------------GGGGGGGGGGGGG--------------------------
[2026-04-24 09:58:40,837][rfdiffusion.inference.utils][INFO] - Sampled motif RMSD: 0.12
[2026-04-24 09:58:41,062][rfdiffusion.inference.model_runners][INFO] - Timestep 5, input to next step: ------------------------------GGGGGGGGGGGGG--------------------------
[2026-04-24 09:58:44,395][rfdiffusion.inference.utils][INFO] - Sampled motif RMSD: 0.12
[2026-04-24 09:58:44,749][rfdiffusion.inference.model_runners][INFO] - Timestep 4, input to next step: ------------------------------GGGGGGGGGGGGG--------------------------
[2026-04-24 09:58:47,797][rfdiffusion.inference.utils][INFO] - Sampled motif RMSD: 0.12
[2026-04-24 09:58:48,092][rfdiffusion.inference.model_runners][INFO] - Timestep 3, input to next step: ------------------------------GGGGGGGGGGGGG--------------------------
[2026-04-24 09:58:52,657][rfdiffusion.inference.utils][INFO] - Sampled motif RMSD: 0.13
[2026-04-24 09:58:53,112][rfdiffusion.inference.model_runners][INFO] - Timestep 2, input to next step: ------------------------------GGGGGGGGGGGGG--------------------------
[2026-04-24 09:59:00,427][__main__][INFO] - Finished design in 4.58 minutes
