[2026-04-24 07:01:11,728][__main__][INFO] - Found GPU with device_name NVIDIA A100-SXM4-80GB. Will run RFdiffusion on NVIDIA A100-SXM4-80GB
Reading models from /lambda/nfs/manvi/Team_8_CS598GBL/RFdiffusion/rfdiffusion/inference/../../models
[2026-04-24 07:01:11,736][rfdiffusion.inference.model_runners][INFO] - Reading checkpoint from /lambda/nfs/manvi/Team_8_CS598GBL/RFdiffusion/rfdiffusion/inference/../../models/Base_ckpt.pt
This is inf_conf.ckpt_path
/lambda/nfs/manvi/Team_8_CS598GBL/RFdiffusion/rfdiffusion/inference/../../models/Base_ckpt.pt
Assembling -model, -diffuser and -preprocess configs from checkpoint
USING MODEL CONFIG: self._conf[model][n_extra_block] = 4
USING MODEL CONFIG: self._conf[model][n_main_block] = 32
USING MODEL CONFIG: self._conf[model][n_ref_block] = 4
USING MODEL CONFIG: self._conf[model][d_msa] = 256
USING MODEL CONFIG: self._conf[model][d_msa_full] = 64
USING MODEL CONFIG: self._conf[model][d_pair] = 128
USING MODEL CONFIG: self._conf[model][d_templ] = 64
USING MODEL CONFIG: self._conf[model][n_head_msa] = 8
USING MODEL CONFIG: self._conf[model][n_head_pair] = 4
USING MODEL CONFIG: self._conf[model][n_head_templ] = 4
USING MODEL CONFIG: self._conf[model][d_hidden] = 32
USING MODEL CONFIG: self._conf[model][d_hidden_templ] = 32
USING MODEL CONFIG: self._conf[model][p_drop] = 0.15
USING MODEL CONFIG: self._conf[model][SE3_param_full] = {'num_layers': 1, 'num_channels': 32, 'num_degrees': 2, 'n_heads': 4, 'div': 4, 'l0_in_features': 8, 'l0_out_features': 8, 'l1_in_features': 3, 'l1_out_features': 2, 'num_edge_features': 32}
USING MODEL CONFIG: self._conf[model][SE3_param_topk] = {'num_layers': 1, 'num_channels': 32, 'num_degrees': 2, 'n_heads': 4, 'div': 4, 'l0_in_features': 64, 'l0_out_features': 64, 'l1_in_features': 3, 'l1_out_features': 2, 'num_edge_features': 64}
USING MODEL CONFIG: self._conf[model][freeze_track_motif] = False
USING MODEL CONFIG: self._conf[model][use_motif_timestep] = True
USING MODEL CONFIG: self._conf[diffuser][T] = 50
USING MODEL CONFIG: self._conf[diffuser][b_0] = 0.01
USING MODEL CONFIG: self._conf[diffuser][b_T] = 0.07
USING MODEL CONFIG: self._conf[diffuser][schedule_type] = linear
USING MODEL CONFIG: self._conf[diffuser][so3_type] = igso3
USING MODEL CONFIG: self._conf[diffuser][crd_scale] = 0.25
USING MODEL CONFIG: self._conf[diffuser][so3_schedule_type] = linear
USING MODEL CONFIG: self._conf[diffuser][min_b] = 1.5
USING MODEL CONFIG: self._conf[diffuser][max_b] = 2.5
USING MODEL CONFIG: self._conf[diffuser][min_sigma] = 0.02
USING MODEL CONFIG: self._conf[diffuser][max_sigma] = 1.5
USING MODEL CONFIG: self._conf[preprocess][sidechain_input] = False
USING MODEL CONFIG: self._conf[preprocess][motif_sidechain_input] = True
USING MODEL CONFIG: self._conf[preprocess][d_t1d] = 22
USING MODEL CONFIG: self._conf[preprocess][d_t2d] = 44
USING MODEL CONFIG: self._conf[preprocess][prob_self_cond] = 0.5
USING MODEL CONFIG: self._conf[preprocess][str_self_cond] = True
USING MODEL CONFIG: self._conf[preprocess][predict_previous] = False
[2026-04-24 07:02:14,353][rfdiffusion.inference.model_runners][INFO] - Loading checkpoint.
[2026-04-24 07:02:32,748][rfdiffusion.diffusion][INFO] - Using cached IGSO3.
Successful diffuser __init__
[2026-04-24 07:02:32,781][__main__][INFO] - Making design /lambda/nfs/manvi/Team_8_CS598GBL/outputs/custom90_128_motif_scaffolding/default/len_109/short/scaffold_0
[2026-04-24 07:02:32,793][rfdiffusion.inference.model_runners][INFO] - Using contig: ['21-36/A47-61/21-36']
With this beta schedule (linear schedule, beta_0 = 0.04, beta_T = 0.28), alpha_bar_T = 0.00013696048699785024
[2026-04-24 07:02:33,063][rfdiffusion.inference.model_runners][INFO] - Sequence init: ---------------------GGGGGGGGGGGGGGG-----------------------------------
[2026-04-24 07:02:42,270][rfdiffusion.inference.utils][INFO] - Sampled motif RMSD: 0.33
[2026-04-24 07:02:42,579][rfdiffusion.inference.model_runners][INFO] - Timestep 50, input to next step: ---------------------GGGGGGGGGGGGGGG-----------------------------------
[2026-04-24 07:02:47,001][rfdiffusion.inference.utils][INFO] - Sampled motif RMSD: 0.30
[2026-04-24 07:02:47,163][rfdiffusion.inference.model_runners][INFO] - Timestep 49, input to next step: ---------------------GGGGGGGGGGGGGGG-----------------------------------
[2026-04-24 07:02:52,093][rfdiffusion.inference.utils][INFO] - Sampled motif RMSD: 0.29
[2026-04-24 07:02:52,353][rfdiffusion.inference.model_runners][INFO] - Timestep 48, input to next step: ---------------------GGGGGGGGGGGGGGG-----------------------------------
[2026-04-24 07:02:55,908][rfdiffusion.inference.utils][INFO] - Sampled motif RMSD: 0.28
[2026-04-24 07:02:56,297][rfdiffusion.inference.model_runners][INFO] - Timestep 47, input to next step: ---------------------GGGGGGGGGGGGGGG-----------------------------------
[2026-04-24 07:03:00,892][rfdiffusion.inference.utils][INFO] - Sampled motif RMSD: 0.29
[2026-04-24 07:03:00,972][rfdiffusion.inference.model_runners][INFO] - Timestep 46, input to next step: ---------------------GGGGGGGGGGGGGGG-----------------------------------
[2026-04-24 07:03:05,225][rfdiffusion.inference.utils][INFO] - Sampled motif RMSD: 0.28
[2026-04-24 07:03:05,594][rfdiffusion.inference.model_runners][INFO] - Timestep 45, input to next step: ---------------------GGGGGGGGGGGGGGG-----------------------------------
[2026-04-24 07:03:09,926][rfdiffusion.inference.utils][INFO] - Sampled motif RMSD: 0.30
[2026-04-24 07:03:10,090][rfdiffusion.inference.model_runners][INFO] - Timestep 44, input to next step: ---------------------GGGGGGGGGGGGGGG-----------------------------------
[2026-04-24 07:03:14,677][rfdiffusion.inference.utils][INFO] - Sampled motif RMSD: 0.32
[2026-04-24 07:03:15,051][rfdiffusion.inference.model_runners][INFO] - Timestep 43, input to next step: ---------------------GGGGGGGGGGGGGGG-----------------------------------
[2026-04-24 07:03:18,384][rfdiffusion.inference.utils][INFO] - Sampled motif RMSD: 0.32
[2026-04-24 07:03:18,705][rfdiffusion.inference.model_runners][INFO] - Timestep 42, input to next step: ---------------------GGGGGGGGGGGGGGG-----------------------------------
[2026-04-24 07:03:21,722][rfdiffusion.inference.utils][INFO] - Sampled motif RMSD: 0.33
[2026-04-24 07:03:21,909][rfdiffusion.inference.model_runners][INFO] - Timestep 41, input to next step: ---------------------GGGGGGGGGGGGGGG-----------------------------------
[2026-04-24 07:03:24,608][rfdiffusion.inference.utils][INFO] - Sampled motif RMSD: 0.31
[2026-04-24 07:03:24,936][rfdiffusion.inference.model_runners][INFO] - Timestep 40, input to next step: ---------------------GGGGGGGGGGGGGGG-----------------------------------
[2026-04-24 07:03:28,125][rfdiffusion.inference.utils][INFO] - Sampled motif RMSD: 0.32
[2026-04-24 07:03:28,419][rfdiffusion.inference.model_runners][INFO] - Timestep 39, input to next step: ---------------------GGGGGGGGGGGGGGG-----------------------------------
[2026-04-24 07:03:31,472][rfdiffusion.inference.utils][INFO] - Sampled motif RMSD: 0.31
[2026-04-24 07:03:31,649][rfdiffusion.inference.model_runners][INFO] - Timestep 38, input to next step: ---------------------GGGGGGGGGGGGGGG-----------------------------------
[2026-04-24 07:03:34,582][rfdiffusion.inference.utils][INFO] - Sampled motif RMSD: 0.30
[2026-04-24 07:03:34,752][rfdiffusion.inference.model_runners][INFO] - Timestep 37, input to next step: ---------------------GGGGGGGGGGGGGGG-----------------------------------
[2026-04-24 07:03:37,968][rfdiffusion.inference.utils][INFO] - Sampled motif RMSD: 0.31
[2026-04-24 07:03:38,156][rfdiffusion.inference.model_runners][INFO] - Timestep 36, input to next step: ---------------------GGGGGGGGGGGGGGG-----------------------------------
[2026-04-24 07:03:41,983][rfdiffusion.inference.utils][INFO] - Sampled motif RMSD: 0.29
[2026-04-24 07:03:42,300][rfdiffusion.inference.model_runners][INFO] - Timestep 35, input to next step: ---------------------GGGGGGGGGGGGGGG-----------------------------------
[2026-04-24 07:03:45,611][rfdiffusion.inference.utils][INFO] - Sampled motif RMSD: 0.29
[2026-04-24 07:03:45,958][rfdiffusion.inference.model_runners][INFO] - Timestep 34, input to next step: ---------------------GGGGGGGGGGGGGGG-----------------------------------
[2026-04-24 07:03:48,910][rfdiffusion.inference.utils][INFO] - Sampled motif RMSD: 0.30
[2026-04-24 07:03:49,353][rfdiffusion.inference.model_runners][INFO] - Timestep 33, input to next step: ---------------------GGGGGGGGGGGGGGG-----------------------------------
[2026-04-24 07:03:52,504][rfdiffusion.inference.utils][INFO] - Sampled motif RMSD: 0.32
[2026-04-24 07:03:52,800][rfdiffusion.inference.model_runners][INFO] - Timestep 32, input to next step: ---------------------GGGGGGGGGGGGGGG-----------------------------------
[2026-04-24 07:03:55,929][rfdiffusion.inference.utils][INFO] - Sampled motif RMSD: 0.31
[2026-04-24 07:03:56,197][rfdiffusion.inference.model_runners][INFO] - Timestep 31, input to next step: ---------------------GGGGGGGGGGGGGGG-----------------------------------
[2026-04-24 07:03:59,289][rfdiffusion.inference.utils][INFO] - Sampled motif RMSD: 0.31
[2026-04-24 07:03:59,555][rfdiffusion.inference.model_runners][INFO] - Timestep 30, input to next step: ---------------------GGGGGGGGGGGGGGG-----------------------------------
[2026-04-24 07:04:01,864][rfdiffusion.inference.utils][INFO] - Sampled motif RMSD: 0.32
[2026-04-24 07:04:02,029][rfdiffusion.inference.model_runners][INFO] - Timestep 29, input to next step: ---------------------GGGGGGGGGGGGGGG-----------------------------------
[2026-04-24 07:04:04,918][rfdiffusion.inference.utils][INFO] - Sampled motif RMSD: 0.33
[2026-04-24 07:04:05,109][rfdiffusion.inference.model_runners][INFO] - Timestep 28, input to next step: ---------------------GGGGGGGGGGGGGGG-----------------------------------
[2026-04-24 07:04:07,639][rfdiffusion.inference.utils][INFO] - Sampled motif RMSD: 0.33
[2026-04-24 07:04:07,773][rfdiffusion.inference.model_runners][INFO] - Timestep 27, input to next step: ---------------------GGGGGGGGGGGGGGG-----------------------------------
[2026-04-24 07:04:10,691][rfdiffusion.inference.utils][INFO] - Sampled motif RMSD: 0.34
[2026-04-24 07:04:10,776][rfdiffusion.inference.model_runners][INFO] - Timestep 26, input to next step: ---------------------GGGGGGGGGGGGGGG-----------------------------------
[2026-04-24 07:04:13,747][rfdiffusion.inference.utils][INFO] - Sampled motif RMSD: 0.34
[2026-04-24 07:04:13,815][rfdiffusion.inference.model_runners][INFO] - Timestep 25, input to next step: ---------------------GGGGGGGGGGGGGGG-----------------------------------
[2026-04-24 07:04:16,466][rfdiffusion.inference.utils][INFO] - Sampled motif RMSD: 0.33
[2026-04-24 07:04:16,618][rfdiffusion.inference.model_runners][INFO] - Timestep 24, input to next step: ---------------------GGGGGGGGGGGGGGG-----------------------------------
[2026-04-24 07:04:19,052][rfdiffusion.inference.utils][INFO] - Sampled motif RMSD: 0.32
[2026-04-24 07:04:19,243][rfdiffusion.inference.model_runners][INFO] - Timestep 23, input to next step: ---------------------GGGGGGGGGGGGGGG-----------------------------------
[2026-04-24 07:04:22,144][rfdiffusion.inference.utils][INFO] - Sampled motif RMSD: 0.31
[2026-04-24 07:04:22,383][rfdiffusion.inference.model_runners][INFO] - Timestep 22, input to next step: ---------------------GGGGGGGGGGGGGGG-----------------------------------
[2026-04-24 07:04:26,071][rfdiffusion.inference.utils][INFO] - Sampled motif RMSD: 0.30
[2026-04-24 07:04:26,226][rfdiffusion.inference.model_runners][INFO] - Timestep 21, input to next step: ---------------------GGGGGGGGGGGGGGG-----------------------------------
[2026-04-24 07:04:29,966][rfdiffusion.inference.utils][INFO] - Sampled motif RMSD: 0.30
[2026-04-24 07:04:30,260][rfdiffusion.inference.model_runners][INFO] - Timestep 20, input to next step: ---------------------GGGGGGGGGGGGGGG-----------------------------------
[2026-04-24 07:04:34,843][rfdiffusion.inference.utils][INFO] - Sampled motif RMSD: 0.28
[2026-04-24 07:04:35,079][rfdiffusion.inference.model_runners][INFO] - Timestep 19, input to next step: ---------------------GGGGGGGGGGGGGGG-----------------------------------
[2026-04-24 07:04:40,226][rfdiffusion.inference.utils][INFO] - Sampled motif RMSD: 0.27
[2026-04-24 07:04:40,484][rfdiffusion.inference.model_runners][INFO] - Timestep 18, input to next step: ---------------------GGGGGGGGGGGGGGG-----------------------------------
[2026-04-24 07:04:44,097][rfdiffusion.inference.utils][INFO] - Sampled motif RMSD: 0.28
[2026-04-24 07:04:44,389][rfdiffusion.inference.model_runners][INFO] - Timestep 17, input to next step: ---------------------GGGGGGGGGGGGGGG-----------------------------------
[2026-04-24 07:04:49,073][rfdiffusion.inference.utils][INFO] - Sampled motif RMSD: 0.28
[2026-04-24 07:04:49,466][rfdiffusion.inference.model_runners][INFO] - Timestep 16, input to next step: ---------------------GGGGGGGGGGGGGGG-----------------------------------
[2026-04-24 07:04:52,095][rfdiffusion.inference.utils][INFO] - Sampled motif RMSD: 0.28
[2026-04-24 07:04:52,259][rfdiffusion.inference.model_runners][INFO] - Timestep 15, input to next step: ---------------------GGGGGGGGGGGGGGG-----------------------------------
[2026-04-24 07:04:56,929][rfdiffusion.inference.utils][INFO] - Sampled motif RMSD: 0.27
[2026-04-24 07:04:57,234][rfdiffusion.inference.model_runners][INFO] - Timestep 14, input to next step: ---------------------GGGGGGGGGGGGGGG-----------------------------------
[2026-04-24 07:05:00,237][rfdiffusion.inference.utils][INFO] - Sampled motif RMSD: 0.27
[2026-04-24 07:05:00,584][rfdiffusion.inference.model_runners][INFO] - Timestep 13, input to next step: ---------------------GGGGGGGGGGGGGGG-----------------------------------
[2026-04-24 07:05:04,118][rfdiffusion.inference.utils][INFO] - Sampled motif RMSD: 0.27
[2026-04-24 07:05:04,383][rfdiffusion.inference.model_runners][INFO] - Timestep 12, input to next step: ---------------------GGGGGGGGGGGGGGG-----------------------------------
[2026-04-24 07:05:06,741][rfdiffusion.inference.utils][INFO] - Sampled motif RMSD: 0.27
[2026-04-24 07:05:07,048][rfdiffusion.inference.model_runners][INFO] - Timestep 11, input to next step: ---------------------GGGGGGGGGGGGGGG-----------------------------------
[2026-04-24 07:05:10,607][rfdiffusion.inference.utils][INFO] - Sampled motif RMSD: 0.27
[2026-04-24 07:05:10,900][rfdiffusion.inference.model_runners][INFO] - Timestep 10, input to next step: ---------------------GGGGGGGGGGGGGGG-----------------------------------
[2026-04-24 07:05:13,613][rfdiffusion.inference.utils][INFO] - Sampled motif RMSD: 0.27
[2026-04-24 07:05:13,786][rfdiffusion.inference.model_runners][INFO] - Timestep 9, input to next step: ---------------------GGGGGGGGGGGGGGG-----------------------------------
[2026-04-24 07:05:17,862][rfdiffusion.inference.utils][INFO] - Sampled motif RMSD: 0.26
[2026-04-24 07:05:18,090][rfdiffusion.inference.model_runners][INFO] - Timestep 8, input to next step: ---------------------GGGGGGGGGGGGGGG-----------------------------------
[2026-04-24 07:05:21,959][rfdiffusion.inference.utils][INFO] - Sampled motif RMSD: 0.25
[2026-04-24 07:05:22,172][rfdiffusion.inference.model_runners][INFO] - Timestep 7, input to next step: ---------------------GGGGGGGGGGGGGGG-----------------------------------
[2026-04-24 07:05:26,007][rfdiffusion.inference.utils][INFO] - Sampled motif RMSD: 0.23
[2026-04-24 07:05:26,371][rfdiffusion.inference.model_runners][INFO] - Timestep 6, input to next step: ---------------------GGGGGGGGGGGGGGG-----------------------------------
[2026-04-24 07:05:29,353][rfdiffusion.inference.utils][INFO] - Sampled motif RMSD: 0.22
[2026-04-24 07:05:29,773][rfdiffusion.inference.model_runners][INFO] - Timestep 5, input to next step: ---------------------GGGGGGGGGGGGGGG-----------------------------------
[2026-04-24 07:05:33,528][rfdiffusion.inference.utils][INFO] - Sampled motif RMSD: 0.22
[2026-04-24 07:05:33,922][rfdiffusion.inference.model_runners][INFO] - Timestep 4, input to next step: ---------------------GGGGGGGGGGGGGGG-----------------------------------
[2026-04-24 07:05:38,589][rfdiffusion.inference.utils][INFO] - Sampled motif RMSD: 0.21
[2026-04-24 07:05:38,996][rfdiffusion.inference.model_runners][INFO] - Timestep 3, input to next step: ---------------------GGGGGGGGGGGGGGG-----------------------------------
[2026-04-24 07:05:42,632][rfdiffusion.inference.utils][INFO] - Sampled motif RMSD: 0.21
[2026-04-24 07:05:42,792][rfdiffusion.inference.model_runners][INFO] - Timestep 2, input to next step: ---------------------GGGGGGGGGGGGGGG-----------------------------------
[2026-04-24 07:05:50,094][__main__][INFO] - Finished design in 3.29 minutes
[2026-04-24 07:05:50,095][__main__][INFO] - Making design /lambda/nfs/manvi/Team_8_CS598GBL/outputs/custom90_128_motif_scaffolding/default/len_109/short/scaffold_1
[2026-04-24 07:05:50,137][rfdiffusion.inference.model_runners][INFO] - Using contig: ['21-36/A47-61/21-36']
With this beta schedule (linear schedule, beta_0 = 0.04, beta_T = 0.28), alpha_bar_T = 0.00013696048699785024
[2026-04-24 07:05:50,758][rfdiffusion.inference.model_runners][INFO] - Sequence init: ----------------------------------GGGGGGGGGGGGGGG------------------------
[2026-04-24 07:05:54,836][rfdiffusion.inference.utils][INFO] - Sampled motif RMSD: 0.34
[2026-04-24 07:05:55,132][rfdiffusion.inference.model_runners][INFO] - Timestep 50, input to next step: ----------------------------------GGGGGGGGGGGGGGG------------------------
[2026-04-24 07:06:00,190][rfdiffusion.inference.utils][INFO] - Sampled motif RMSD: 0.32
[2026-04-24 07:06:00,446][rfdiffusion.inference.model_runners][INFO] - Timestep 49, input to next step: ----------------------------------GGGGGGGGGGGGGGG------------------------
[2026-04-24 07:06:04,841][rfdiffusion.inference.utils][INFO] - Sampled motif RMSD: 0.31
[2026-04-24 07:06:05,321][rfdiffusion.inference.model_runners][INFO] - Timestep 48, input to next step: ----------------------------------GGGGGGGGGGGGGGG------------------------
[2026-04-24 07:06:10,321][rfdiffusion.inference.utils][INFO] - Sampled motif RMSD: 0.31
[2026-04-24 07:06:10,885][rfdiffusion.inference.model_runners][INFO] - Timestep 47, input to next step: ----------------------------------GGGGGGGGGGGGGGG------------------------
[2026-04-24 07:06:14,888][rfdiffusion.inference.utils][INFO] - Sampled motif RMSD: 0.29
[2026-04-24 07:06:15,249][rfdiffusion.inference.model_runners][INFO] - Timestep 46, input to next step: ----------------------------------GGGGGGGGGGGGGGG------------------------
[2026-04-24 07:06:19,802][rfdiffusion.inference.utils][INFO] - Sampled motif RMSD: 0.28
[2026-04-24 07:06:20,179][rfdiffusion.inference.model_runners][INFO] - Timestep 45, input to next step: ----------------------------------GGGGGGGGGGGGGGG------------------------
[2026-04-24 07:06:24,034][rfdiffusion.inference.utils][INFO] - Sampled motif RMSD: 0.28
[2026-04-24 07:06:24,409][rfdiffusion.inference.model_runners][INFO] - Timestep 44, input to next step: ----------------------------------GGGGGGGGGGGGGGG------------------------
[2026-04-24 07:06:29,287][rfdiffusion.inference.utils][INFO] - Sampled motif RMSD: 0.28
[2026-04-24 07:06:29,700][rfdiffusion.inference.model_runners][INFO] - Timestep 43, input to next step: ----------------------------------GGGGGGGGGGGGGGG------------------------
[2026-04-24 07:06:32,891][rfdiffusion.inference.utils][INFO] - Sampled motif RMSD: 0.30
[2026-04-24 07:06:33,194][rfdiffusion.inference.model_runners][INFO] - Timestep 42, input to next step: ----------------------------------GGGGGGGGGGGGGGG------------------------
[2026-04-24 07:06:37,885][rfdiffusion.inference.utils][INFO] - Sampled motif RMSD: 0.31
[2026-04-24 07:06:38,146][rfdiffusion.inference.model_runners][INFO] - Timestep 41, input to next step: ----------------------------------GGGGGGGGGGGGGGG------------------------
[2026-04-24 07:06:42,292][rfdiffusion.inference.utils][INFO] - Sampled motif RMSD: 0.30
[2026-04-24 07:06:42,540][rfdiffusion.inference.model_runners][INFO] - Timestep 40, input to next step: ----------------------------------GGGGGGGGGGGGGGG------------------------
[2026-04-24 07:06:47,232][rfdiffusion.inference.utils][INFO] - Sampled motif RMSD: 0.30
[2026-04-24 07:06:47,506][rfdiffusion.inference.model_runners][INFO] - Timestep 39, input to next step: ----------------------------------GGGGGGGGGGGGGGG------------------------
[2026-04-24 07:06:52,181][rfdiffusion.inference.utils][INFO] - Sampled motif RMSD: 0.30
[2026-04-24 07:06:52,514][rfdiffusion.inference.model_runners][INFO] - Timestep 38, input to next step: ----------------------------------GGGGGGGGGGGGGGG------------------------
[2026-04-24 07:06:56,697][rfdiffusion.inference.utils][INFO] - Sampled motif RMSD: 0.31
[2026-04-24 07:06:57,118][rfdiffusion.inference.model_runners][INFO] - Timestep 37, input to next step: ----------------------------------GGGGGGGGGGGGGGG------------------------
[2026-04-24 07:07:01,569][rfdiffusion.inference.utils][INFO] - Sampled motif RMSD: 0.29
[2026-04-24 07:07:01,917][rfdiffusion.inference.model_runners][INFO] - Timestep 36, input to next step: ----------------------------------GGGGGGGGGGGGGGG------------------------
[2026-04-24 07:07:06,071][rfdiffusion.inference.utils][INFO] - Sampled motif RMSD: 0.28
[2026-04-24 07:07:06,308][rfdiffusion.inference.model_runners][INFO] - Timestep 35, input to next step: ----------------------------------GGGGGGGGGGGGGGG------------------------
[2026-04-24 07:07:11,347][rfdiffusion.inference.utils][INFO] - Sampled motif RMSD: 0.27
[2026-04-24 07:07:11,676][rfdiffusion.inference.model_runners][INFO] - Timestep 34, input to next step: ----------------------------------GGGGGGGGGGGGGGG------------------------
[2026-04-24 07:07:15,278][rfdiffusion.inference.utils][INFO] - Sampled motif RMSD: 0.26
[2026-04-24 07:07:15,617][rfdiffusion.inference.model_runners][INFO] - Timestep 33, input to next step: ----------------------------------GGGGGGGGGGGGGGG------------------------
[2026-04-24 07:07:18,887][rfdiffusion.inference.utils][INFO] - Sampled motif RMSD: 0.25
[2026-04-24 07:07:19,279][rfdiffusion.inference.model_runners][INFO] - Timestep 32, input to next step: ----------------------------------GGGGGGGGGGGGGGG------------------------
[2026-04-24 07:07:22,044][rfdiffusion.inference.utils][INFO] - Sampled motif RMSD: 0.24
[2026-04-24 07:07:22,260][rfdiffusion.inference.model_runners][INFO] - Timestep 31, input to next step: ----------------------------------GGGGGGGGGGGGGGG------------------------
[2026-04-24 07:07:25,844][rfdiffusion.inference.utils][INFO] - Sampled motif RMSD: 0.21
[2026-04-24 07:07:26,298][rfdiffusion.inference.model_runners][INFO] - Timestep 30, input to next step: ----------------------------------GGGGGGGGGGGGGGG------------------------
[2026-04-24 07:07:30,218][rfdiffusion.inference.utils][INFO] - Sampled motif RMSD: 0.20
[2026-04-24 07:07:30,514][rfdiffusion.inference.model_runners][INFO] - Timestep 29, input to next step: ----------------------------------GGGGGGGGGGGGGGG------------------------
[2026-04-24 07:07:34,006][rfdiffusion.inference.utils][INFO] - Sampled motif RMSD: 0.21
[2026-04-24 07:07:34,475][rfdiffusion.inference.model_runners][INFO] - Timestep 28, input to next step: ----------------------------------GGGGGGGGGGGGGGG------------------------
[2026-04-24 07:07:39,729][rfdiffusion.inference.utils][INFO] - Sampled motif RMSD: 0.20
[2026-04-24 07:07:40,133][rfdiffusion.inference.model_runners][INFO] - Timestep 27, input to next step: ----------------------------------GGGGGGGGGGGGGGG------------------------
[2026-04-24 07:07:43,555][rfdiffusion.inference.utils][INFO] - Sampled motif RMSD: 0.20
[2026-04-24 07:07:44,064][rfdiffusion.inference.model_runners][INFO] - Timestep 26, input to next step: ----------------------------------GGGGGGGGGGGGGGG------------------------
[2026-04-24 07:07:47,228][rfdiffusion.inference.utils][INFO] - Sampled motif RMSD: 0.20
[2026-04-24 07:07:47,584][rfdiffusion.inference.model_runners][INFO] - Timestep 25, input to next step: ----------------------------------GGGGGGGGGGGGGGG------------------------
[2026-04-24 07:07:51,885][rfdiffusion.inference.utils][INFO] - Sampled motif RMSD: 0.19
[2026-04-24 07:07:52,254][rfdiffusion.inference.model_runners][INFO] - Timestep 24, input to next step: ----------------------------------GGGGGGGGGGGGGGG------------------------
[2026-04-24 07:07:55,868][rfdiffusion.inference.utils][INFO] - Sampled motif RMSD: 0.20
[2026-04-24 07:07:56,321][rfdiffusion.inference.model_runners][INFO] - Timestep 23, input to next step: ----------------------------------GGGGGGGGGGGGGGG------------------------
[2026-04-24 07:08:01,444][rfdiffusion.inference.utils][INFO] - Sampled motif RMSD: 0.17
[2026-04-24 07:08:01,832][rfdiffusion.inference.model_runners][INFO] - Timestep 22, input to next step: ----------------------------------GGGGGGGGGGGGGGG------------------------
[2026-04-24 07:08:05,967][rfdiffusion.inference.utils][INFO] - Sampled motif RMSD: 0.16
[2026-04-24 07:08:06,306][rfdiffusion.inference.model_runners][INFO] - Timestep 21, input to next step: ----------------------------------GGGGGGGGGGGGGGG------------------------
[2026-04-24 07:08:10,016][rfdiffusion.inference.utils][INFO] - Sampled motif RMSD: 0.16
[2026-04-24 07:08:10,238][rfdiffusion.inference.model_runners][INFO] - Timestep 20, input to next step: ----------------------------------GGGGGGGGGGGGGGG------------------------
[2026-04-24 07:08:15,268][rfdiffusion.inference.utils][INFO] - Sampled motif RMSD: 0.17
[2026-04-24 07:08:15,576][rfdiffusion.inference.model_runners][INFO] - Timestep 19, input to next step: ----------------------------------GGGGGGGGGGGGGGG------------------------
[2026-04-24 07:08:18,881][rfdiffusion.inference.utils][INFO] - Sampled motif RMSD: 0.18
[2026-04-24 07:08:19,141][rfdiffusion.inference.model_runners][INFO] - Timestep 18, input to next step: ----------------------------------GGGGGGGGGGGGGGG------------------------
[2026-04-24 07:08:23,548][rfdiffusion.inference.utils][INFO] - Sampled motif RMSD: 0.17
[2026-04-24 07:08:23,832][rfdiffusion.inference.model_runners][INFO] - Timestep 17, input to next step: ----------------------------------GGGGGGGGGGGGGGG------------------------
[2026-04-24 07:08:27,949][rfdiffusion.inference.utils][INFO] - Sampled motif RMSD: 0.17
[2026-04-24 07:08:28,397][rfdiffusion.inference.model_runners][INFO] - Timestep 16, input to next step: ----------------------------------GGGGGGGGGGGGGGG------------------------
[2026-04-24 07:08:33,314][rfdiffusion.inference.utils][INFO] - Sampled motif RMSD: 0.19
[2026-04-24 07:08:33,489][rfdiffusion.inference.model_runners][INFO] - Timestep 15, input to next step: ----------------------------------GGGGGGGGGGGGGGG------------------------
[2026-04-24 07:08:38,390][rfdiffusion.inference.utils][INFO] - Sampled motif RMSD: 0.21
[2026-04-24 07:08:38,537][rfdiffusion.inference.model_runners][INFO] - Timestep 14, input to next step: ----------------------------------GGGGGGGGGGGGGGG------------------------
[2026-04-24 07:08:42,849][rfdiffusion.inference.utils][INFO] - Sampled motif RMSD: 0.21
[2026-04-24 07:08:43,191][rfdiffusion.inference.model_runners][INFO] - Timestep 13, input to next step: ----------------------------------GGGGGGGGGGGGGGG------------------------
[2026-04-24 07:08:48,260][rfdiffusion.inference.utils][INFO] - Sampled motif RMSD: 0.19
[2026-04-24 07:08:48,727][rfdiffusion.inference.model_runners][INFO] - Timestep 12, input to next step: ----------------------------------GGGGGGGGGGGGGGG------------------------
[2026-04-24 07:08:52,390][rfdiffusion.inference.utils][INFO] - Sampled motif RMSD: 0.18
[2026-04-24 07:08:52,732][rfdiffusion.inference.model_runners][INFO] - Timestep 11, input to next step: ----------------------------------GGGGGGGGGGGGGGG------------------------
[2026-04-24 07:08:55,173][rfdiffusion.inference.utils][INFO] - Sampled motif RMSD: 0.18
[2026-04-24 07:08:55,382][rfdiffusion.inference.model_runners][INFO] - Timestep 10, input to next step: ----------------------------------GGGGGGGGGGGGGGG------------------------
[2026-04-24 07:08:59,852][rfdiffusion.inference.utils][INFO] - Sampled motif RMSD: 0.18
[2026-04-24 07:09:00,169][rfdiffusion.inference.model_runners][INFO] - Timestep 9, input to next step: ----------------------------------GGGGGGGGGGGGGGG------------------------
[2026-04-24 07:09:04,904][rfdiffusion.inference.utils][INFO] - Sampled motif RMSD: 0.18
[2026-04-24 07:09:05,103][rfdiffusion.inference.model_runners][INFO] - Timestep 8, input to next step: ----------------------------------GGGGGGGGGGGGGGG------------------------
[2026-04-24 07:09:09,379][rfdiffusion.inference.utils][INFO] - Sampled motif RMSD: 0.18
[2026-04-24 07:09:09,714][rfdiffusion.inference.model_runners][INFO] - Timestep 7, input to next step: ----------------------------------GGGGGGGGGGGGGGG------------------------
[2026-04-24 07:09:13,312][rfdiffusion.inference.utils][INFO] - Sampled motif RMSD: 0.16
[2026-04-24 07:09:13,615][rfdiffusion.inference.model_runners][INFO] - Timestep 6, input to next step: ----------------------------------GGGGGGGGGGGGGGG------------------------
[2026-04-24 07:09:16,632][rfdiffusion.inference.utils][INFO] - Sampled motif RMSD: 0.17
[2026-04-24 07:09:16,976][rfdiffusion.inference.model_runners][INFO] - Timestep 5, input to next step: ----------------------------------GGGGGGGGGGGGGGG------------------------
[2026-04-24 07:09:20,134][rfdiffusion.inference.utils][INFO] - Sampled motif RMSD: 0.16
[2026-04-24 07:09:20,455][rfdiffusion.inference.model_runners][INFO] - Timestep 4, input to next step: ----------------------------------GGGGGGGGGGGGGGG------------------------
[2026-04-24 07:09:24,116][rfdiffusion.inference.utils][INFO] - Sampled motif RMSD: 0.16
[2026-04-24 07:09:24,309][rfdiffusion.inference.model_runners][INFO] - Timestep 3, input to next step: ----------------------------------GGGGGGGGGGGGGGG------------------------
[2026-04-24 07:09:27,295][rfdiffusion.inference.utils][INFO] - Sampled motif RMSD: 0.15
[2026-04-24 07:09:27,774][rfdiffusion.inference.model_runners][INFO] - Timestep 2, input to next step: ----------------------------------GGGGGGGGGGGGGGG------------------------
[2026-04-24 07:09:34,420][__main__][INFO] - Finished design in 3.74 minutes
