[2026-04-24 10:48:23,724][__main__][INFO] - Found GPU with device_name NVIDIA A100-SXM4-80GB. Will run RFdiffusion on NVIDIA A100-SXM4-80GB
Reading models from /lambda/nfs/manvi/Team_8_CS598GBL/RFdiffusion/rfdiffusion/inference/../../models
[2026-04-24 10:48:23,735][rfdiffusion.inference.model_runners][INFO] - Reading checkpoint from /lambda/nfs/manvi/Team_8_CS598GBL/RFdiffusion/rfdiffusion/inference/../../models/Base_ckpt.pt
This is inf_conf.ckpt_path
/lambda/nfs/manvi/Team_8_CS598GBL/RFdiffusion/rfdiffusion/inference/../../models/Base_ckpt.pt
Assembling -model, -diffuser and -preprocess configs from checkpoint
USING MODEL CONFIG: self._conf[model][n_extra_block] = 4
USING MODEL CONFIG: self._conf[model][n_main_block] = 32
USING MODEL CONFIG: self._conf[model][n_ref_block] = 4
USING MODEL CONFIG: self._conf[model][d_msa] = 256
USING MODEL CONFIG: self._conf[model][d_msa_full] = 64
USING MODEL CONFIG: self._conf[model][d_pair] = 128
USING MODEL CONFIG: self._conf[model][d_templ] = 64
USING MODEL CONFIG: self._conf[model][n_head_msa] = 8
USING MODEL CONFIG: self._conf[model][n_head_pair] = 4
USING MODEL CONFIG: self._conf[model][n_head_templ] = 4
USING MODEL CONFIG: self._conf[model][d_hidden] = 32
USING MODEL CONFIG: self._conf[model][d_hidden_templ] = 32
USING MODEL CONFIG: self._conf[model][p_drop] = 0.15
USING MODEL CONFIG: self._conf[model][SE3_param_full] = {'num_layers': 1, 'num_channels': 32, 'num_degrees': 2, 'n_heads': 4, 'div': 4, 'l0_in_features': 8, 'l0_out_features': 8, 'l1_in_features': 3, 'l1_out_features': 2, 'num_edge_features': 32}
USING MODEL CONFIG: self._conf[model][SE3_param_topk] = {'num_layers': 1, 'num_channels': 32, 'num_degrees': 2, 'n_heads': 4, 'div': 4, 'l0_in_features': 64, 'l0_out_features': 64, 'l1_in_features': 3, 'l1_out_features': 2, 'num_edge_features': 64}
USING MODEL CONFIG: self._conf[model][freeze_track_motif] = False
USING MODEL CONFIG: self._conf[model][use_motif_timestep] = True
USING MODEL CONFIG: self._conf[diffuser][T] = 50
USING MODEL CONFIG: self._conf[diffuser][b_0] = 0.01
USING MODEL CONFIG: self._conf[diffuser][b_T] = 0.07
USING MODEL CONFIG: self._conf[diffuser][schedule_type] = linear
USING MODEL CONFIG: self._conf[diffuser][so3_type] = igso3
USING MODEL CONFIG: self._conf[diffuser][crd_scale] = 0.25
USING MODEL CONFIG: self._conf[diffuser][so3_schedule_type] = linear
USING MODEL CONFIG: self._conf[diffuser][min_b] = 1.5
USING MODEL CONFIG: self._conf[diffuser][max_b] = 2.5
USING MODEL CONFIG: self._conf[diffuser][min_sigma] = 0.02
USING MODEL CONFIG: self._conf[diffuser][max_sigma] = 1.5
USING MODEL CONFIG: self._conf[preprocess][sidechain_input] = False
USING MODEL CONFIG: self._conf[preprocess][motif_sidechain_input] = True
USING MODEL CONFIG: self._conf[preprocess][d_t1d] = 22
USING MODEL CONFIG: self._conf[preprocess][d_t2d] = 44
USING MODEL CONFIG: self._conf[preprocess][prob_self_cond] = 0.5
USING MODEL CONFIG: self._conf[preprocess][str_self_cond] = True
USING MODEL CONFIG: self._conf[preprocess][predict_previous] = False
[2026-04-24 10:49:42,405][rfdiffusion.inference.model_runners][INFO] - Loading checkpoint.
[2026-04-24 10:50:09,912][rfdiffusion.diffusion][INFO] - Using cached IGSO3.
Successful diffuser __init__
[2026-04-24 10:50:10,055][__main__][INFO] - Making design /lambda/nfs/manvi/Team_8_CS598GBL/outputs/custom90_128_motif_scaffolding/low_noise/len_125/short/scaffold_0
[2026-04-24 10:50:10,103][rfdiffusion.inference.model_runners][INFO] - Using contig: ['25-41/A55-70/25-41']
With this beta schedule (linear schedule, beta_0 = 0.04, beta_T = 0.28), alpha_bar_T = 0.00013696048699785024
[2026-04-24 10:50:10,963][rfdiffusion.inference.model_runners][INFO] - Sequence init: ------------------------------------GGGGGGGGGGGGGGGG--------------------------
[2026-04-24 10:50:27,250][rfdiffusion.inference.utils][INFO] - Sampled motif RMSD: 0.17
[2026-04-24 10:50:27,649][rfdiffusion.inference.model_runners][INFO] - Timestep 50, input to next step: ------------------------------------GGGGGGGGGGGGGGGG--------------------------
[2026-04-24 10:50:35,135][rfdiffusion.inference.utils][INFO] - Sampled motif RMSD: 0.13
[2026-04-24 10:50:35,656][rfdiffusion.inference.model_runners][INFO] - Timestep 49, input to next step: ------------------------------------GGGGGGGGGGGGGGGG--------------------------
[2026-04-24 10:50:46,648][rfdiffusion.inference.utils][INFO] - Sampled motif RMSD: 0.15
[2026-04-24 10:50:47,042][rfdiffusion.inference.model_runners][INFO] - Timestep 48, input to next step: ------------------------------------GGGGGGGGGGGGGGGG--------------------------
[2026-04-24 10:50:56,880][rfdiffusion.inference.utils][INFO] - Sampled motif RMSD: 0.16
[2026-04-24 10:50:57,713][rfdiffusion.inference.model_runners][INFO] - Timestep 47, input to next step: ------------------------------------GGGGGGGGGGGGGGGG--------------------------
[2026-04-24 10:51:11,029][rfdiffusion.inference.utils][INFO] - Sampled motif RMSD: 0.16
[2026-04-24 10:51:11,606][rfdiffusion.inference.model_runners][INFO] - Timestep 46, input to next step: ------------------------------------GGGGGGGGGGGGGGGG--------------------------
[2026-04-24 10:51:18,516][rfdiffusion.inference.utils][INFO] - Sampled motif RMSD: 0.13
[2026-04-24 10:51:19,018][rfdiffusion.inference.model_runners][INFO] - Timestep 45, input to next step: ------------------------------------GGGGGGGGGGGGGGGG--------------------------
[2026-04-24 10:51:24,584][rfdiffusion.inference.utils][INFO] - Sampled motif RMSD: 0.11
[2026-04-24 10:51:25,003][rfdiffusion.inference.model_runners][INFO] - Timestep 44, input to next step: ------------------------------------GGGGGGGGGGGGGGGG--------------------------
[2026-04-24 10:51:34,975][rfdiffusion.inference.utils][INFO] - Sampled motif RMSD: 0.10
[2026-04-24 10:51:35,307][rfdiffusion.inference.model_runners][INFO] - Timestep 43, input to next step: ------------------------------------GGGGGGGGGGGGGGGG--------------------------
[2026-04-24 10:51:41,397][rfdiffusion.inference.utils][INFO] - Sampled motif RMSD: 0.09
[2026-04-24 10:51:41,969][rfdiffusion.inference.model_runners][INFO] - Timestep 42, input to next step: ------------------------------------GGGGGGGGGGGGGGGG--------------------------
[2026-04-24 10:51:46,828][rfdiffusion.inference.utils][INFO] - Sampled motif RMSD: 0.09
[2026-04-24 10:51:47,252][rfdiffusion.inference.model_runners][INFO] - Timestep 41, input to next step: ------------------------------------GGGGGGGGGGGGGGGG--------------------------
[2026-04-24 10:51:53,276][rfdiffusion.inference.utils][INFO] - Sampled motif RMSD: 0.09
[2026-04-24 10:51:53,791][rfdiffusion.inference.model_runners][INFO] - Timestep 40, input to next step: ------------------------------------GGGGGGGGGGGGGGGG--------------------------
[2026-04-24 10:52:01,531][rfdiffusion.inference.utils][INFO] - Sampled motif RMSD: 0.09
[2026-04-24 10:52:01,847][rfdiffusion.inference.model_runners][INFO] - Timestep 39, input to next step: ------------------------------------GGGGGGGGGGGGGGGG--------------------------
[2026-04-24 10:52:10,625][rfdiffusion.inference.utils][INFO] - Sampled motif RMSD: 0.09
[2026-04-24 10:52:11,077][rfdiffusion.inference.model_runners][INFO] - Timestep 38, input to next step: ------------------------------------GGGGGGGGGGGGGGGG--------------------------
[2026-04-24 10:52:18,872][rfdiffusion.inference.utils][INFO] - Sampled motif RMSD: 0.10
[2026-04-24 10:52:19,234][rfdiffusion.inference.model_runners][INFO] - Timestep 37, input to next step: ------------------------------------GGGGGGGGGGGGGGGG--------------------------
[2026-04-24 10:52:25,802][rfdiffusion.inference.utils][INFO] - Sampled motif RMSD: 0.09
[2026-04-24 10:52:26,187][rfdiffusion.inference.model_runners][INFO] - Timestep 36, input to next step: ------------------------------------GGGGGGGGGGGGGGGG--------------------------
[2026-04-24 10:52:32,930][rfdiffusion.inference.utils][INFO] - Sampled motif RMSD: 0.11
[2026-04-24 10:52:33,361][rfdiffusion.inference.model_runners][INFO] - Timestep 35, input to next step: ------------------------------------GGGGGGGGGGGGGGGG--------------------------
[2026-04-24 10:52:40,836][rfdiffusion.inference.utils][INFO] - Sampled motif RMSD: 0.11
[2026-04-24 10:52:41,190][rfdiffusion.inference.model_runners][INFO] - Timestep 34, input to next step: ------------------------------------GGGGGGGGGGGGGGGG--------------------------
[2026-04-24 10:52:48,308][rfdiffusion.inference.utils][INFO] - Sampled motif RMSD: 0.11
[2026-04-24 10:52:48,850][rfdiffusion.inference.model_runners][INFO] - Timestep 33, input to next step: ------------------------------------GGGGGGGGGGGGGGGG--------------------------
[2026-04-24 10:52:56,190][rfdiffusion.inference.utils][INFO] - Sampled motif RMSD: 0.13
[2026-04-24 10:52:56,693][rfdiffusion.inference.model_runners][INFO] - Timestep 32, input to next step: ------------------------------------GGGGGGGGGGGGGGGG--------------------------
[2026-04-24 10:53:03,347][rfdiffusion.inference.utils][INFO] - Sampled motif RMSD: 0.12
[2026-04-24 10:53:03,783][rfdiffusion.inference.model_runners][INFO] - Timestep 31, input to next step: ------------------------------------GGGGGGGGGGGGGGGG--------------------------
[2026-04-24 10:53:10,505][rfdiffusion.inference.utils][INFO] - Sampled motif RMSD: 0.10
[2026-04-24 10:53:11,000][rfdiffusion.inference.model_runners][INFO] - Timestep 30, input to next step: ------------------------------------GGGGGGGGGGGGGGGG--------------------------
[2026-04-24 10:53:17,724][rfdiffusion.inference.utils][INFO] - Sampled motif RMSD: 0.10
[2026-04-24 10:53:18,061][rfdiffusion.inference.model_runners][INFO] - Timestep 29, input to next step: ------------------------------------GGGGGGGGGGGGGGGG--------------------------
[2026-04-24 10:53:23,988][rfdiffusion.inference.utils][INFO] - Sampled motif RMSD: 0.10
[2026-04-24 10:53:24,297][rfdiffusion.inference.model_runners][INFO] - Timestep 28, input to next step: ------------------------------------GGGGGGGGGGGGGGGG--------------------------
[2026-04-24 10:53:29,118][rfdiffusion.inference.utils][INFO] - Sampled motif RMSD: 0.10
[2026-04-24 10:53:29,397][rfdiffusion.inference.model_runners][INFO] - Timestep 27, input to next step: ------------------------------------GGGGGGGGGGGGGGGG--------------------------
[2026-04-24 10:53:33,575][rfdiffusion.inference.utils][INFO] - Sampled motif RMSD: 0.09
[2026-04-24 10:53:33,879][rfdiffusion.inference.model_runners][INFO] - Timestep 26, input to next step: ------------------------------------GGGGGGGGGGGGGGGG--------------------------
[2026-04-24 10:53:39,723][rfdiffusion.inference.utils][INFO] - Sampled motif RMSD: 0.09
[2026-04-24 10:53:40,045][rfdiffusion.inference.model_runners][INFO] - Timestep 25, input to next step: ------------------------------------GGGGGGGGGGGGGGGG--------------------------
[2026-04-24 10:53:44,340][rfdiffusion.inference.utils][INFO] - Sampled motif RMSD: 0.10
[2026-04-24 10:53:44,634][rfdiffusion.inference.model_runners][INFO] - Timestep 24, input to next step: ------------------------------------GGGGGGGGGGGGGGGG--------------------------
[2026-04-24 10:53:49,859][rfdiffusion.inference.utils][INFO] - Sampled motif RMSD: 0.10
[2026-04-24 10:53:50,057][rfdiffusion.inference.model_runners][INFO] - Timestep 23, input to next step: ------------------------------------GGGGGGGGGGGGGGGG--------------------------
[2026-04-24 10:53:55,038][rfdiffusion.inference.utils][INFO] - Sampled motif RMSD: 0.10
[2026-04-24 10:53:55,433][rfdiffusion.inference.model_runners][INFO] - Timestep 22, input to next step: ------------------------------------GGGGGGGGGGGGGGGG--------------------------
[2026-04-24 10:54:01,727][rfdiffusion.inference.utils][INFO] - Sampled motif RMSD: 0.10
[2026-04-24 10:54:02,169][rfdiffusion.inference.model_runners][INFO] - Timestep 21, input to next step: ------------------------------------GGGGGGGGGGGGGGGG--------------------------
[2026-04-24 10:54:07,725][rfdiffusion.inference.utils][INFO] - Sampled motif RMSD: 0.11
[2026-04-24 10:54:08,180][rfdiffusion.inference.model_runners][INFO] - Timestep 20, input to next step: ------------------------------------GGGGGGGGGGGGGGGG--------------------------
[2026-04-24 10:54:13,522][rfdiffusion.inference.utils][INFO] - Sampled motif RMSD: 0.11
[2026-04-24 10:54:13,701][rfdiffusion.inference.model_runners][INFO] - Timestep 19, input to next step: ------------------------------------GGGGGGGGGGGGGGGG--------------------------
[2026-04-24 10:54:18,851][rfdiffusion.inference.utils][INFO] - Sampled motif RMSD: 0.10
[2026-04-24 10:54:19,414][rfdiffusion.inference.model_runners][INFO] - Timestep 18, input to next step: ------------------------------------GGGGGGGGGGGGGGGG--------------------------
[2026-04-24 10:54:24,051][rfdiffusion.inference.utils][INFO] - Sampled motif RMSD: 0.10
[2026-04-24 10:54:24,262][rfdiffusion.inference.model_runners][INFO] - Timestep 17, input to next step: ------------------------------------GGGGGGGGGGGGGGGG--------------------------
[2026-04-24 10:54:30,606][rfdiffusion.inference.utils][INFO] - Sampled motif RMSD: 0.10
[2026-04-24 10:54:30,956][rfdiffusion.inference.model_runners][INFO] - Timestep 16, input to next step: ------------------------------------GGGGGGGGGGGGGGGG--------------------------
[2026-04-24 10:54:36,281][rfdiffusion.inference.utils][INFO] - Sampled motif RMSD: 0.10
[2026-04-24 10:54:36,591][rfdiffusion.inference.model_runners][INFO] - Timestep 15, input to next step: ------------------------------------GGGGGGGGGGGGGGGG--------------------------
[2026-04-24 10:54:43,179][rfdiffusion.inference.utils][INFO] - Sampled motif RMSD: 0.11
[2026-04-24 10:54:43,957][rfdiffusion.inference.model_runners][INFO] - Timestep 14, input to next step: ------------------------------------GGGGGGGGGGGGGGGG--------------------------
[2026-04-24 10:54:51,591][rfdiffusion.inference.utils][INFO] - Sampled motif RMSD: 0.11
[2026-04-24 10:54:52,008][rfdiffusion.inference.model_runners][INFO] - Timestep 13, input to next step: ------------------------------------GGGGGGGGGGGGGGGG--------------------------
[2026-04-24 10:54:58,975][rfdiffusion.inference.utils][INFO] - Sampled motif RMSD: 0.12
[2026-04-24 10:54:59,451][rfdiffusion.inference.model_runners][INFO] - Timestep 12, input to next step: ------------------------------------GGGGGGGGGGGGGGGG--------------------------
[2026-04-24 10:55:04,656][rfdiffusion.inference.utils][INFO] - Sampled motif RMSD: 0.11
[2026-04-24 10:55:05,103][rfdiffusion.inference.model_runners][INFO] - Timestep 11, input to next step: ------------------------------------GGGGGGGGGGGGGGGG--------------------------
[2026-04-24 10:55:08,836][rfdiffusion.inference.utils][INFO] - Sampled motif RMSD: 0.12
[2026-04-24 10:55:09,219][rfdiffusion.inference.model_runners][INFO] - Timestep 10, input to next step: ------------------------------------GGGGGGGGGGGGGGGG--------------------------
[2026-04-24 10:55:13,455][rfdiffusion.inference.utils][INFO] - Sampled motif RMSD: 0.11
[2026-04-24 10:55:13,728][rfdiffusion.inference.model_runners][INFO] - Timestep 9, input to next step: ------------------------------------GGGGGGGGGGGGGGGG--------------------------
[2026-04-24 10:55:17,876][rfdiffusion.inference.utils][INFO] - Sampled motif RMSD: 0.12
[2026-04-24 10:55:18,140][rfdiffusion.inference.model_runners][INFO] - Timestep 8, input to next step: ------------------------------------GGGGGGGGGGGGGGGG--------------------------
[2026-04-24 10:55:22,299][rfdiffusion.inference.utils][INFO] - Sampled motif RMSD: 0.11
[2026-04-24 10:55:22,476][rfdiffusion.inference.model_runners][INFO] - Timestep 7, input to next step: ------------------------------------GGGGGGGGGGGGGGGG--------------------------
[2026-04-24 10:55:25,804][rfdiffusion.inference.utils][INFO] - Sampled motif RMSD: 0.10
[2026-04-24 10:55:25,922][rfdiffusion.inference.model_runners][INFO] - Timestep 6, input to next step: ------------------------------------GGGGGGGGGGGGGGGG--------------------------
[2026-04-24 10:55:30,504][rfdiffusion.inference.utils][INFO] - Sampled motif RMSD: 0.08
[2026-04-24 10:55:30,835][rfdiffusion.inference.model_runners][INFO] - Timestep 5, input to next step: ------------------------------------GGGGGGGGGGGGGGGG--------------------------
[2026-04-24 10:55:35,921][rfdiffusion.inference.utils][INFO] - Sampled motif RMSD: 0.08
[2026-04-24 10:55:36,066][rfdiffusion.inference.model_runners][INFO] - Timestep 4, input to next step: ------------------------------------GGGGGGGGGGGGGGGG--------------------------
[2026-04-24 10:55:40,688][rfdiffusion.inference.utils][INFO] - Sampled motif RMSD: 0.09
[2026-04-24 10:55:40,919][rfdiffusion.inference.model_runners][INFO] - Timestep 3, input to next step: ------------------------------------GGGGGGGGGGGGGGGG--------------------------
[2026-04-24 10:55:43,795][rfdiffusion.inference.utils][INFO] - Sampled motif RMSD: 0.09
[2026-04-24 10:55:44,038][rfdiffusion.inference.model_runners][INFO] - Timestep 2, input to next step: ------------------------------------GGGGGGGGGGGGGGGG--------------------------
[2026-04-24 10:55:49,173][__main__][INFO] - Finished design in 5.65 minutes
